 Network rinha-nginx-2024q1  Creating
 Network rinha-nginx-2024q1  Created
 Container gldmelo-py-fastapi-db-1  Creating
 Container gldmelo-py-fastapi-db-1  Created
 Container gldmelo-py-fastapi-api01-1  Creating
 Container gldmelo-py-fastapi-api02-1  Creating
 Container gldmelo-py-fastapi-api02-1  Created
 Container gldmelo-py-fastapi-api01-1  Created
 Container gldmelo-py-fastapi-nginx-1  Creating
 Container gldmelo-py-fastapi-nginx-1  Created
Attaching to api01-1, api02-1, db-1, nginx-1
db-1     | The files belonging to this database system will be owned by user "postgres".
db-1     | This user must also own the server process.
db-1     | 
db-1     | The database cluster will be initialized with locale "en_US.utf8".
db-1     | The default database encoding has accordingly been set to "UTF8".
db-1     | The default text search configuration will be set to "english".
db-1     | 
db-1     | Data page checksums are disabled.
db-1     | 
db-1     | fixing permissions on existing directory /var/lib/postgresql/data ... ok
db-1     | creating subdirectories ... ok
db-1     | selecting dynamic shared memory implementation ... posix
db-1     | selecting default max_connections ... 100
db-1     | selecting default shared_buffers ... 128MB
db-1     | selecting default time zone ... Etc/UTC
db-1     | creating configuration files ... ok
db-1     | running bootstrap script ... ok
db-1     | performing post-bootstrap initialization ... ok
db-1     | initdb: warning: enabling "trust" authentication for local connections
db-1     | initdb: hint: You can change this by editing pg_hba.conf or using the option -A, or --auth-local and --auth-host, the next time you run initdb.
db-1     | syncing data to disk ... ok
db-1     | 
db-1     | 
db-1     | Success. You can now start the database server using:
db-1     | 
db-1     |     pg_ctl -D /var/lib/postgresql/data -l logfile start
db-1     | 
db-1     | waiting for server to start....2024-02-21 21:02:43.720 GMT [55] LOG:  starting PostgreSQL 16.2 (Debian 16.2-1.pgdg120+2) on x86_64-pc-linux-gnu, compiled by gcc (Debian 12.2.0-14) 12.2.0, 64-bit
db-1     | 2024-02-21 21:02:43.720 GMT [55] LOG:  listening on Unix socket "/var/run/postgresql/.s.PGSQL.5432"
db-1     | 2024-02-21 21:02:43.721 GMT [58] LOG:  database system was shut down at 2024-02-21 21:02:42 GMT
db-1     | 2024-02-21 21:02:43.724 GMT [55] LOG:  database system is ready to accept connections
db-1     |  done
db-1     | server started
db-1     | CREATE DATABASE
db-1     | 
db-1     | 
db-1     | /usr/local/bin/docker-entrypoint.sh: running /docker-entrypoint-initdb.d/init.sql
db-1     | CREATE TABLE
db-1     | CREATE TABLE
db-1     | DO
db-1     | CREATE FUNCTION
db-1     | CREATE FUNCTION
db-1     | CREATE INDEX
db-1     | 
db-1     | 
db-1     | waiting for server to shut down...2024-02-21 21:02:43.945 GMT [55] LOG:  received fast shutdown request
db-1     | .2024-02-21 21:02:43.945 GMT [55] LOG:  aborting any active transactions
db-1     | 2024-02-21 21:02:43.947 GMT [55] LOG:  background worker "logical replication launcher" (PID 61) exited with exit code 1
db-1     | 2024-02-21 21:02:43.947 GMT [56] LOG:  shutting down
db-1     | 2024-02-21 21:02:43.947 GMT [56] LOG:  checkpoint starting: shutdown immediate
db-1     | 2024-02-21 21:02:43.952 GMT [56] LOG:  checkpoint complete: wrote 937 buffers (5.7%); 0 WAL file(s) added, 0 removed, 0 recycled; write=0.005 s, sync=0.001 s, total=0.006 s; sync files=0, longest=0.000 s, average=0.000 s; distance=4297 kB, estimate=4297 kB; lsn=0/191CDF0, redo lsn=0/191CDF0
db-1     | 2024-02-21 21:02:43.957 GMT [55] LOG:  database system is shut down
db-1     |  done
db-1     | server stopped
db-1     | 
db-1     | PostgreSQL init process complete; ready for start up.
db-1     | 
db-1     | 2024-02-21 21:02:44.060 GMT [1] LOG:  starting PostgreSQL 16.2 (Debian 16.2-1.pgdg120+2) on x86_64-pc-linux-gnu, compiled by gcc (Debian 12.2.0-14) 12.2.0, 64-bit
db-1     | 2024-02-21 21:02:44.060 GMT [1] LOG:  listening on IPv4 address "0.0.0.0", port 5432
db-1     | 2024-02-21 21:02:44.060 GMT [1] LOG:  listening on IPv6 address "::", port 5432
db-1     | 2024-02-21 21:02:44.061 GMT [1] LOG:  listening on Unix socket "/var/run/postgresql/.s.PGSQL.5432"
db-1     | 2024-02-21 21:02:44.062 GMT [73] LOG:  database system was shut down at 2024-02-21 21:02:43 GMT
db-1     | 2024-02-21 21:02:44.065 GMT [1] LOG:  database system is ready to accept connections
nginx-1  | /docker-entrypoint.sh: /docker-entrypoint.d/ is not empty, will attempt to perform configuration
nginx-1  | /docker-entrypoint.sh: Looking for shell scripts in /docker-entrypoint.d/
nginx-1  | /docker-entrypoint.sh: Launching /docker-entrypoint.d/10-listen-on-ipv6-by-default.sh
nginx-1  | 10-listen-on-ipv6-by-default.sh: info: Getting the checksum of /etc/nginx/conf.d/default.conf
nginx-1  | 10-listen-on-ipv6-by-default.sh: info: Enabled listen on IPv6 in /etc/nginx/conf.d/default.conf
nginx-1  | /docker-entrypoint.sh: Sourcing /docker-entrypoint.d/15-local-resolvers.envsh
nginx-1  | /docker-entrypoint.sh: Launching /docker-entrypoint.d/20-envsubst-on-templates.sh
nginx-1  | /docker-entrypoint.sh: Launching /docker-entrypoint.d/30-tune-worker-processes.sh
nginx-1  | /docker-entrypoint.sh: Configuration complete; ready for start up
nginx-1  | 2024/02/21 21:02:47 [error] 29#29: *1 connect() failed (111: Connection refused) while connecting to upstream, client: 172.20.0.1, server: , request: "GET /clientes/1/extrato HTTP/1.1", upstream: "http://172.20.0.3:8000/clientes/1/extrato", host: "localhost:9999"
nginx-1  | 2024/02/21 21:02:47 [error] 29#29: *1 connect() failed (111: Connection refused) while connecting to upstream, client: 172.20.0.1, server: , request: "GET /clientes/1/extrato HTTP/1.1", upstream: "http://172.20.0.4:8000/clientes/1/extrato", host: "localhost:9999"
api01-1  | INFO:     Started server process [1]
api01-1  | INFO:     Waiting for application startup.
api02-1  | INFO:     Started server process [1]
api02-1  | INFO:     Waiting for application startup.
api01-1  | INFO:     Application startup complete.
api01-1  | INFO:     Uvicorn running on http://0.0.0.0:8000 (Press CTRL+C to quit)
api02-1  | INFO:     Application startup complete.
api02-1  | INFO:     Uvicorn running on http://0.0.0.0:8000 (Press CTRL+C to quit)
nginx-1  | 2024/02/21 21:02:49 [error] 29#29: *4 no live upstreams while connecting to upstream, client: 172.20.0.1, server: , request: "GET /clientes/1/extrato HTTP/1.1", upstream: "http://api/clientes/1/extrato", host: "localhost:9999"
nginx-1  | 2024/02/21 21:02:51 [error] 29#29: *5 no live upstreams while connecting to upstream, client: 172.20.0.1, server: , request: "GET /clientes/1/extrato HTTP/1.1", upstream: "http://api/clientes/1/extrato", host: "localhost:9999"
nginx-1  | 2024/02/21 21:02:53 [error] 29#29: *6 no live upstreams while connecting to upstream, client: 172.20.0.1, server: , request: "GET /clientes/1/extrato HTTP/1.1", upstream: "http://api/clientes/1/extrato", host: "localhost:9999"
nginx-1  | 2024/02/21 21:02:55 [error] 29#29: *7 no live upstreams while connecting to upstream, client: 172.20.0.1, server: , request: "GET /clientes/1/extrato HTTP/1.1", upstream: "http://api/clientes/1/extrato", host: "localhost:9999"
nginx-1  | 2024/02/21 21:02:57 [error] 29#29: *8 no live upstreams while connecting to upstream, client: 172.20.0.1, server: , request: "GET /clientes/1/extrato HTTP/1.1", upstream: "http://api/clientes/1/extrato", host: "localhost:9999"
api02-1  | INFO:     172.20.0.5:52754 - "GET /clientes/1/extrato HTTP/1.0" 200 OK
api02-1  | INFO:     172.20.0.5:52758 - "GET /clientes/1/extrato HTTP/1.0" 200 OK
api02-1  | INFO:     172.20.0.5:52762 - "POST /clientes/1/transacoes HTTP/1.0" 200 OK
api02-1  | INFO:     172.20.0.5:52764 - "POST /clientes/1/transacoes HTTP/1.0" 200 OK
api02-1  | INFO:     172.20.0.5:52770 - "POST /clientes/1/transacoes HTTP/1.0" 200 OK
api02-1  | INFO:     172.20.0.5:52768 - "POST /clientes/1/transacoes HTTP/1.0" 200 OK
api02-1  | INFO:     172.20.0.5:52784 - "POST /clientes/1/transacoes HTTP/1.0" 200 OK
api02-1  | INFO:     172.20.0.5:52798 - "POST /clientes/1/transacoes HTTP/1.0" 200 OK
api02-1  | INFO:     172.20.0.5:52822 - "POST /clientes/1/transacoes HTTP/1.0" 200 OK
api02-1  | INFO:     172.20.0.5:52846 - "POST /clientes/1/transacoes HTTP/1.0" 200 OK
api01-1  | INFO:     172.20.0.5:41116 - "POST /clientes/1/transacoes HTTP/1.0" 200 OK
api02-1  | INFO:     172.20.0.5:52782 - "POST /clientes/1/transacoes HTTP/1.0" 200 OK
api02-1  | INFO:     172.20.0.5:52834 - "POST /clientes/1/transacoes HTTP/1.0" 200 OK
api02-1  | INFO:     172.20.0.5:52812 - "POST /clientes/1/transacoes HTTP/1.0" 200 OK
api02-1  | INFO:     172.20.0.5:52862 - "POST /clientes/1/transacoes HTTP/1.0" 200 OK
api01-1  | INFO:     172.20.0.5:41128 - "POST /clientes/1/transacoes HTTP/1.0" 200 OK
api02-1  | INFO:     172.20.0.5:52858 - "POST /clientes/1/transacoes HTTP/1.0" 200 OK
api02-1  | INFO:     172.20.0.5:52872 - "POST /clientes/1/transacoes HTTP/1.0" 200 OK
api02-1  | INFO:     172.20.0.5:52876 - "POST /clientes/1/transacoes HTTP/1.0" 200 OK
api01-1  | INFO:     172.20.0.5:41140 - "POST /clientes/1/transacoes HTTP/1.0" 200 OK
api02-1  | INFO:     172.20.0.5:52880 - "POST /clientes/1/transacoes HTTP/1.0" 200 OK
api02-1  | INFO:     172.20.0.5:52868 - "POST /clientes/1/transacoes HTTP/1.0" 200 OK
api01-1  | INFO:     172.20.0.5:41150 - "POST /clientes/1/transacoes HTTP/1.0" 200 OK
api01-1  | INFO:     172.20.0.5:41176 - "POST /clientes/1/transacoes HTTP/1.0" 200 OK
api02-1  | INFO:     172.20.0.5:52888 - "POST /clientes/1/transacoes HTTP/1.0" 200 OK
api01-1  | INFO:     172.20.0.5:41160 - "POST /clientes/1/transacoes HTTP/1.0" 200 OK
api01-1  | INFO:     172.20.0.5:41130 - "POST /clientes/1/transacoes HTTP/1.0" 200 OK
api01-1  | INFO:     172.20.0.5:41186 - "GET /clientes/1/extrato HTTP/1.0" 200 OK
api02-1  | INFO:     172.20.0.5:52934 - "POST /clientes/1/transacoes HTTP/1.0" 200 OK
api02-1  | INFO:     172.20.0.5:52996 - "POST /clientes/1/transacoes HTTP/1.0" 200 OK
api02-1  | INFO:     172.20.0.5:52916 - "POST /clientes/1/transacoes HTTP/1.0" 200 OK
api01-1  | INFO:     172.20.0.5:41226 - "POST /clientes/1/transacoes HTTP/1.0" 200 OK
api01-1  | INFO:     172.20.0.5:41206 - "POST /clientes/1/transacoes HTTP/1.0" 200 OK
api01-1  | INFO:     172.20.0.5:41190 - "POST /clientes/1/transacoes HTTP/1.0" 200 OK
api01-1  | INFO:     172.20.0.5:41238 - "POST /clientes/1/transacoes HTTP/1.0" 200 OK
api02-1  | INFO:     172.20.0.5:52944 - "POST /clientes/1/transacoes HTTP/1.0" 200 OK
api02-1  | INFO:     172.20.0.5:52954 - "POST /clientes/1/transacoes HTTP/1.0" 200 OK
api02-1  | INFO:     172.20.0.5:52970 - "POST /clientes/1/transacoes HTTP/1.0" 200 OK
api02-1  | INFO:     172.20.0.5:52962 - "POST /clientes/1/transacoes HTTP/1.0" 200 OK
api02-1  | INFO:     172.20.0.5:53008 - "POST /clientes/1/transacoes HTTP/1.0" 200 OK
api02-1  | INFO:     172.20.0.5:52998 - "POST /clientes/1/transacoes HTTP/1.0" 200 OK
api01-1  | INFO:     172.20.0.5:41262 - "POST /clientes/1/transacoes HTTP/1.0" 200 OK
api01-1  | INFO:     172.20.0.5:41282 - "POST /clientes/1/transacoes HTTP/1.0" 200 OK
api01-1  | INFO:     172.20.0.5:41296 - "POST /clientes/1/transacoes HTTP/1.0" 200 OK
api01-1  | INFO:     172.20.0.5:41250 - "POST /clientes/1/transacoes HTTP/1.0" 200 OK
api01-1  | INFO:     172.20.0.5:41270 - "POST /clientes/1/transacoes HTTP/1.0" 200 OK
api01-1  | INFO:     172.20.0.5:41240 - "POST /clientes/1/transacoes HTTP/1.0" 200 OK
api01-1  | INFO:     172.20.0.5:41220 - "POST /clientes/1/transacoes HTTP/1.0" 200 OK
api01-1  | INFO:     172.20.0.5:41210 - "POST /clientes/1/transacoes HTTP/1.0" 200 OK
api02-1  | INFO:     172.20.0.5:52942 - "POST /clientes/1/transacoes HTTP/1.0" 200 OK
api02-1  | INFO:     172.20.0.5:52922 - "POST /clientes/1/transacoes HTTP/1.0" 200 OK
api02-1  | INFO:     172.20.0.5:52904 - "POST /clientes/1/transacoes HTTP/1.0" 200 OK
api02-1  | INFO:     172.20.0.5:52986 - "POST /clientes/1/transacoes HTTP/1.0" 200 OK
api01-1  | INFO:     172.20.0.5:41308 - "GET /clientes/1/extrato HTTP/1.0" 200 OK
api02-1  | INFO:     172.20.0.5:53020 - "GET /clientes/6/extrato HTTP/1.0" 404 Not Found
api01-1  | INFO:     172.20.0.5:41324 - "GET /clientes/2/extrato HTTP/1.0" 200 OK
api02-1  | INFO:     172.20.0.5:53034 - "GET /clientes/3/extrato HTTP/1.0" 200 OK
api02-1  | INFO:     172.20.0.5:53022 - "GET /clientes/1/extrato HTTP/1.0" 200 OK
api01-1  | INFO:     172.20.0.5:41340 - "GET /clientes/4/extrato HTTP/1.0" 200 OK
api01-1  | INFO:     172.20.0.5:41344 - "GET /clientes/5/extrato HTTP/1.0" 200 OK
api01-1  | INFO:     172.20.0.5:41346 - "POST /clientes/3/transacoes HTTP/1.0" 200 OK
api02-1  | INFO:     172.20.0.5:53042 - "POST /clientes/5/transacoes HTTP/1.0" 200 OK
api01-1  | INFO:     172.20.0.5:41362 - "POST /clientes/2/transacoes HTTP/1.0" 200 OK
api02-1  | INFO:     172.20.0.5:53046 - "POST /clientes/1/transacoes HTTP/1.0" 200 OK
api02-1  | INFO:     172.20.0.5:53048 - "POST /clientes/4/transacoes HTTP/1.0" 200 OK
api02-1  | INFO:     172.20.0.5:53056 - "POST /clientes/1/transacoes HTTP/1.0" 200 OK
api02-1  | INFO:     172.20.0.5:53064 - "POST /clientes/3/transacoes HTTP/1.0" 200 OK
api01-1  | INFO:     172.20.0.5:41370 - "POST /clientes/4/transacoes HTTP/1.0" 200 OK
api01-1  | INFO:     172.20.0.5:41384 - "POST /clientes/5/transacoes HTTP/1.0" 200 OK
api01-1  | INFO:     172.20.0.5:41400 - "POST /clientes/2/transacoes HTTP/1.0" 200 OK
api02-1  | INFO:     172.20.0.5:53070 - "GET /clientes/4/extrato HTTP/1.0" 200 OK
api02-1  | INFO:     172.20.0.5:53086 - "GET /clientes/1/extrato HTTP/1.0" 200 OK
api02-1  | INFO:     172.20.0.5:53092 - "GET /clientes/2/extrato HTTP/1.0" 200 OK
api01-1  | INFO:     172.20.0.5:41406 - "GET /clientes/5/extrato HTTP/1.0" 200 OK
api01-1  | INFO:     172.20.0.5:41404 - "GET /clientes/3/extrato HTTP/1.0" 200 OK
api02-1  | INFO:     172.20.0.5:53094 - "POST /clientes/3/transacoes HTTP/1.0" 200 OK
api02-1  | INFO:     172.20.0.5:53106 - "POST /clientes/1/transacoes HTTP/1.0" 200 OK
api01-1  | INFO:     172.20.0.5:41410 - "POST /clientes/5/transacoes HTTP/1.0" 200 OK
api01-1  | INFO:     172.20.0.5:41414 - "POST /clientes/4/transacoes HTTP/1.0" 200 OK
api01-1  | INFO:     172.20.0.5:41428 - "POST /clientes/2/transacoes HTTP/1.0" 200 OK
api02-1  | INFO:     172.20.0.5:53126 - "GET /clientes/5/extrato HTTP/1.0" 200 OK
api02-1  | INFO:     172.20.0.5:53110 - "GET /clientes/1/extrato HTTP/1.0" 200 OK
api02-1  | INFO:     172.20.0.5:53148 - "GET /clientes/5/extrato HTTP/1.0" 200 OK
api02-1  | INFO:     172.20.0.5:53136 - "GET /clientes/3/extrato HTTP/1.0" 200 OK
api02-1  | INFO:     172.20.0.5:53152 - "GET /clientes/4/extrato HTTP/1.0" 200 OK
api01-1  | INFO:     172.20.0.5:41430 - "GET /clientes/3/extrato HTTP/1.0" 200 OK
api01-1  | INFO:     172.20.0.5:41436 - "GET /clientes/3/extrato HTTP/1.0" 200 OK
api01-1  | INFO:     172.20.0.5:41450 - "GET /clientes/3/extrato HTTP/1.0" 200 OK
api01-1  | INFO:     172.20.0.5:41458 - "GET /clientes/5/extrato HTTP/1.0" 200 OK
api01-1  | INFO:     172.20.0.5:41468 - "GET /clientes/2/extrato HTTP/1.0" 200 OK
api01-1  | INFO:     172.20.0.5:41480 - "GET /clientes/4/extrato HTTP/1.0" 200 OK
api01-1  | INFO:     172.20.0.5:41494 - "GET /clientes/5/extrato HTTP/1.0" 200 OK
api01-1  | INFO:     172.20.0.5:41498 - "GET /clientes/2/extrato HTTP/1.0" 200 OK
api01-1  | INFO:     172.20.0.5:41514 - "GET /clientes/2/extrato HTTP/1.0" 200 OK
api02-1  | INFO:     172.20.0.5:53158 - "GET /clientes/4/extrato HTTP/1.0" 200 OK
api02-1  | INFO:     172.20.0.5:53156 - "GET /clientes/4/extrato HTTP/1.0" 200 OK
api02-1  | INFO:     172.20.0.5:53166 - "GET /clientes/2/extrato HTTP/1.0" 200 OK
api01-1  | INFO:     172.20.0.5:41516 - "GET /clientes/1/extrato HTTP/1.0" 200 OK
api02-1  | INFO:     172.20.0.5:53176 - "GET /clientes/1/extrato HTTP/1.0" 200 OK
api02-1  | INFO:     172.20.0.5:53190 - "GET /clientes/1/extrato HTTP/1.0" 200 OK
api02-1  | INFO:     172.20.0.5:53198 - "POST /clientes/5/transacoes HTTP/1.0" 422 Unprocessable Entity
api01-1  | INFO:     172.20.0.5:41528 - "POST /clientes/4/transacoes HTTP/1.0" 422 Unprocessable Entity
api02-1  | INFO:     172.20.0.5:53200 - "POST /clientes/3/transacoes HTTP/1.0" 422 Unprocessable Entity
api02-1  | INFO:     172.20.0.5:53210 - "POST /clientes/5/transacoes HTTP/1.0" 422 Unprocessable Entity
api01-1  | INFO:     172.20.0.5:41536 - "POST /clientes/3/transacoes HTTP/1.0" 422 Unprocessable Entity
api01-1  | INFO:     172.20.0.5:41542 - "POST /clientes/4/transacoes HTTP/1.0" 422 Unprocessable Entity
api02-1  | INFO:     172.20.0.5:53220 - "POST /clientes/5/transacoes HTTP/1.0" 422 Unprocessable Entity
api01-1  | INFO:     172.20.0.5:41552 - "POST /clientes/4/transacoes HTTP/1.0" 422 Unprocessable Entity
api02-1  | INFO:     172.20.0.5:53228 - "POST /clientes/5/transacoes HTTP/1.0" 422 Unprocessable Entity
api01-1  | INFO:     172.20.0.5:41554 - "POST /clientes/1/transacoes HTTP/1.0" 422 Unprocessable Entity
api02-1  | INFO:     172.20.0.5:53232 - "POST /clientes/4/transacoes HTTP/1.0" 422 Unprocessable Entity
api01-1  | INFO:     172.20.0.5:41570 - "POST /clientes/3/transacoes HTTP/1.0" 422 Unprocessable Entity
api01-1  | INFO:     172.20.0.5:41578 - "POST /clientes/4/transacoes HTTP/1.0" 422 Unprocessable Entity
api02-1  | INFO:     172.20.0.5:53248 - "POST /clientes/5/transacoes HTTP/1.0" 422 Unprocessable Entity
api02-1  | INFO:     172.20.0.5:53258 - "POST /clientes/2/transacoes HTTP/1.0" 422 Unprocessable Entity
api02-1  | INFO:     172.20.0.5:53272 - "POST /clientes/1/transacoes HTTP/1.0" 422 Unprocessable Entity
api01-1  | INFO:     172.20.0.5:41582 - "POST /clientes/3/transacoes HTTP/1.0" 422 Unprocessable Entity
api02-1  | INFO:     172.20.0.5:34534 - "POST /clientes/3/transacoes HTTP/1.0" 422 Unprocessable Entity
api01-1  | INFO:     172.20.0.5:41584 - "POST /clientes/2/transacoes HTTP/1.0" 422 Unprocessable Entity
api01-1  | INFO:     172.20.0.5:41012 - "POST /clientes/1/transacoes HTTP/1.0" 422 Unprocessable Entity
api01-1  | INFO:     172.20.0.5:41024 - "POST /clientes/1/transacoes HTTP/1.0" 422 Unprocessable Entity
api02-1  | INFO:     172.20.0.5:34546 - "POST /clientes/2/transacoes HTTP/1.0" 422 Unprocessable Entity
api02-1  | INFO:     172.20.0.5:34554 - "POST /clientes/2/transacoes HTTP/1.0" 422 Unprocessable Entity
api01-1  | INFO:     172.20.0.5:41036 - "POST /clientes/1/transacoes HTTP/1.0" 422 Unprocessable Entity
api02-1  | INFO:     172.20.0.5:34562 - "POST /clientes/2/transacoes HTTP/1.0" 422 Unprocessable Entity
api01-1  | INFO:     172.20.0.5:41042 - "GET /clientes/2/extrato HTTP/1.0" 200 OK
api02-1  | INFO:     172.20.0.5:34566 - "POST /clientes/3/transacoes HTTP/1.0" 200 OK
api01-1  | INFO:     172.20.0.5:41046 - "POST /clientes/1/transacoes HTTP/1.0" 200 OK
api02-1  | INFO:     172.20.0.5:34574 - "POST /clientes/1/transacoes HTTP/1.0" 200 OK
api01-1  | INFO:     172.20.0.5:41048 - "GET /clientes/1/extrato HTTP/1.0" 200 OK
api02-1  | INFO:     172.20.0.5:34582 - "POST /clientes/4/transacoes HTTP/1.0" 200 OK
api01-1  | INFO:     172.20.0.5:41050 - "POST /clientes/2/transacoes HTTP/1.0" 200 OK
api02-1  | INFO:     172.20.0.5:34598 - "POST /clientes/1/transacoes HTTP/1.0" 200 OK
api01-1  | INFO:     172.20.0.5:41060 - "POST /clientes/2/transacoes HTTP/1.0" 200 OK
api02-1  | INFO:     172.20.0.5:34604 - "POST /clientes/4/transacoes HTTP/1.0" 200 OK
api01-1  | INFO:     172.20.0.5:41074 - "GET /clientes/1/extrato HTTP/1.0" 200 OK
api02-1  | INFO:     172.20.0.5:34608 - "POST /clientes/3/transacoes HTTP/1.0" 200 OK
api01-1  | INFO:     172.20.0.5:41084 - "POST /clientes/1/transacoes HTTP/1.0" 200 OK
api02-1  | INFO:     172.20.0.5:34622 - "POST /clientes/4/transacoes HTTP/1.0" 200 OK
api01-1  | INFO:     172.20.0.5:41092 - "POST /clientes/1/transacoes HTTP/1.0" 200 OK
api02-1  | INFO:     172.20.0.5:34624 - "POST /clientes/2/transacoes HTTP/1.0" 200 OK
api01-1  | INFO:     172.20.0.5:41102 - "POST /clientes/5/transacoes HTTP/1.0" 200 OK
api02-1  | INFO:     172.20.0.5:34630 - "POST /clientes/3/transacoes HTTP/1.0" 200 OK
api01-1  | INFO:     172.20.0.5:41110 - "POST /clientes/3/transacoes HTTP/1.0" 200 OK
api02-1  | INFO:     172.20.0.5:34634 - "POST /clientes/1/transacoes HTTP/1.0" 200 OK
api01-1  | INFO:     172.20.0.5:41126 - "POST /clientes/2/transacoes HTTP/1.0" 200 OK
api01-1  | INFO:     172.20.0.5:41132 - "POST /clientes/4/transacoes HTTP/1.0" 200 OK
api02-1  | INFO:     172.20.0.5:34638 - "POST /clientes/5/transacoes HTTP/1.0" 200 OK
api02-1  | INFO:     172.20.0.5:34646 - "GET /clientes/1/extrato HTTP/1.0" 200 OK
api01-1  | INFO:     172.20.0.5:41136 - "POST /clientes/5/transacoes HTTP/1.0" 200 OK
api02-1  | INFO:     172.20.0.5:34662 - "POST /clientes/4/transacoes HTTP/1.0" 200 OK
api01-1  | INFO:     172.20.0.5:41138 - "POST /clientes/1/transacoes HTTP/1.0" 200 OK
api02-1  | INFO:     172.20.0.5:34664 - "POST /clientes/4/transacoes HTTP/1.0" 200 OK
api01-1  | INFO:     172.20.0.5:41142 - "POST /clientes/1/transacoes HTTP/1.0" 200 OK
api02-1  | INFO:     172.20.0.5:34666 - "POST /clientes/2/transacoes HTTP/1.0" 200 OK
api01-1  | INFO:     172.20.0.5:41144 - "POST /clientes/4/transacoes HTTP/1.0" 200 OK
api02-1  | INFO:     172.20.0.5:34678 - "POST /clientes/2/transacoes HTTP/1.0" 200 OK
api01-1  | INFO:     172.20.0.5:41148 - "POST /clientes/5/transacoes HTTP/1.0" 200 OK
api01-1  | INFO:     172.20.0.5:41156 - "POST /clientes/4/transacoes HTTP/1.0" 200 OK
api02-1  | INFO:     172.20.0.5:34680 - "GET /clientes/5/extrato HTTP/1.0" 200 OK
api02-1  | INFO:     172.20.0.5:34684 - "POST /clientes/3/transacoes HTTP/1.0" 200 OK
api01-1  | INFO:     172.20.0.5:41164 - "POST /clientes/5/transacoes HTTP/1.0" 200 OK
api02-1  | INFO:     172.20.0.5:34688 - "POST /clientes/5/transacoes HTTP/1.0" 200 OK
api01-1  | INFO:     172.20.0.5:41172 - "POST /clientes/5/transacoes HTTP/1.0" 200 OK
api02-1  | INFO:     172.20.0.5:34698 - "POST /clientes/5/transacoes HTTP/1.0" 200 OK
api01-1  | INFO:     172.20.0.5:41184 - "POST /clientes/2/transacoes HTTP/1.0" 200 OK
api02-1  | INFO:     172.20.0.5:34714 - "POST /clientes/2/transacoes HTTP/1.0" 200 OK
api01-1  | INFO:     172.20.0.5:41194 - "POST /clientes/5/transacoes HTTP/1.0" 200 OK
api02-1  | INFO:     172.20.0.5:34720 - "POST /clientes/1/transacoes HTTP/1.0" 200 OK
api01-1  | INFO:     172.20.0.5:41208 - "POST /clientes/2/transacoes HTTP/1.0" 200 OK
api02-1  | INFO:     172.20.0.5:34736 - "POST /clientes/1/transacoes HTTP/1.0" 200 OK
api01-1  | INFO:     172.20.0.5:41218 - "POST /clientes/3/transacoes HTTP/1.0" 200 OK
api02-1  | INFO:     172.20.0.5:34750 - "POST /clientes/5/transacoes HTTP/1.0" 200 OK
api01-1  | INFO:     172.20.0.5:41224 - "POST /clientes/5/transacoes HTTP/1.0" 200 OK
api02-1  | INFO:     172.20.0.5:34754 - "POST /clientes/4/transacoes HTTP/1.0" 200 OK
api01-1  | INFO:     172.20.0.5:41240 - "GET /clientes/2/extrato HTTP/1.0" 200 OK
api02-1  | INFO:     172.20.0.5:34758 - "POST /clientes/1/transacoes HTTP/1.0" 200 OK
api01-1  | INFO:     172.20.0.5:41254 - "POST /clientes/1/transacoes HTTP/1.0" 200 OK
api02-1  | INFO:     172.20.0.5:34770 - "POST /clientes/4/transacoes HTTP/1.0" 200 OK
api01-1  | INFO:     172.20.0.5:41260 - "POST /clientes/3/transacoes HTTP/1.0" 200 OK
api02-1  | INFO:     172.20.0.5:34782 - "POST /clientes/2/transacoes HTTP/1.0" 200 OK
api01-1  | INFO:     172.20.0.5:41274 - "POST /clientes/3/transacoes HTTP/1.0" 200 OK
api02-1  | INFO:     172.20.0.5:34796 - "POST /clientes/2/transacoes HTTP/1.0" 200 OK
api02-1  | INFO:     172.20.0.5:34806 - "POST /clientes/3/transacoes HTTP/1.0" 200 OK
api01-1  | INFO:     172.20.0.5:41280 - "GET /clientes/2/extrato HTTP/1.0" 200 OK
api01-1  | INFO:     172.20.0.5:41284 - "POST /clientes/2/transacoes HTTP/1.0" 200 OK
api02-1  | INFO:     172.20.0.5:34820 - "POST /clientes/3/transacoes HTTP/1.0" 200 OK
api01-1  | INFO:     172.20.0.5:41292 - "POST /clientes/1/transacoes HTTP/1.0" 200 OK
api02-1  | INFO:     172.20.0.5:34828 - "POST /clientes/4/transacoes HTTP/1.0" 200 OK
api01-1  | INFO:     172.20.0.5:41294 - "POST /clientes/5/transacoes HTTP/1.0" 200 OK
api02-1  | INFO:     172.20.0.5:34840 - "POST /clientes/4/transacoes HTTP/1.0" 200 OK
api01-1  | INFO:     172.20.0.5:41306 - "POST /clientes/2/transacoes HTTP/1.0" 200 OK
api01-1  | INFO:     172.20.0.5:41322 - "POST /clientes/5/transacoes HTTP/1.0" 200 OK
api02-1  | INFO:     172.20.0.5:34844 - "POST /clientes/1/transacoes HTTP/1.0" 200 OK
api02-1  | INFO:     172.20.0.5:34856 - "GET /clientes/1/extrato HTTP/1.0" 200 OK
api01-1  | INFO:     172.20.0.5:41332 - "POST /clientes/3/transacoes HTTP/1.0" 200 OK
api02-1  | INFO:     172.20.0.5:34864 - "POST /clientes/3/transacoes HTTP/1.0" 200 OK
api01-1  | INFO:     172.20.0.5:41334 - "POST /clientes/5/transacoes HTTP/1.0" 200 OK
api02-1  | INFO:     172.20.0.5:34872 - "POST /clientes/2/transacoes HTTP/1.0" 200 OK
api01-1  | INFO:     172.20.0.5:41350 - "POST /clientes/2/transacoes HTTP/1.0" 200 OK
api02-1  | INFO:     172.20.0.5:34878 - "POST /clientes/4/transacoes HTTP/1.0" 200 OK
api01-1  | INFO:     172.20.0.5:41364 - "POST /clientes/1/transacoes HTTP/1.0" 200 OK
api02-1  | INFO:     172.20.0.5:34894 - "POST /clientes/4/transacoes HTTP/1.0" 200 OK
api01-1  | INFO:     172.20.0.5:41372 - "POST /clientes/5/transacoes HTTP/1.0" 200 OK
api02-1  | INFO:     172.20.0.5:34896 - "POST /clientes/1/transacoes HTTP/1.0" 200 OK
api01-1  | INFO:     172.20.0.5:41374 - "POST /clientes/2/transacoes HTTP/1.0" 200 OK
api02-1  | INFO:     172.20.0.5:34900 - "POST /clientes/4/transacoes HTTP/1.0" 200 OK
api01-1  | INFO:     172.20.0.5:41384 - "POST /clientes/3/transacoes HTTP/1.0" 200 OK
api02-1  | INFO:     172.20.0.5:34912 - "POST /clientes/3/transacoes HTTP/1.0" 200 OK
api01-1  | INFO:     172.20.0.5:41388 - "POST /clientes/4/transacoes HTTP/1.0" 200 OK
api02-1  | INFO:     172.20.0.5:34928 - "POST /clientes/4/transacoes HTTP/1.0" 200 OK
api01-1  | INFO:     172.20.0.5:41400 - "POST /clientes/1/transacoes HTTP/1.0" 200 OK
api02-1  | INFO:     172.20.0.5:34934 - "POST /clientes/1/transacoes HTTP/1.0" 200 OK
api01-1  | INFO:     172.20.0.5:41432 - "GET /clientes/2/extrato HTTP/1.0" 200 OK
api01-1  | INFO:     172.20.0.5:41412 - "POST /clientes/2/transacoes HTTP/1.0" 200 OK
api02-1  | INFO:     172.20.0.5:34950 - "POST /clientes/4/transacoes HTTP/1.0" 200 OK
api02-1  | INFO:     172.20.0.5:34962 - "POST /clientes/3/transacoes HTTP/1.0" 200 OK
api01-1  | INFO:     172.20.0.5:41438 - "POST /clientes/3/transacoes HTTP/1.0" 200 OK
api02-1  | INFO:     172.20.0.5:34976 - "POST /clientes/2/transacoes HTTP/1.0" 200 OK
api01-1  | INFO:     172.20.0.5:41452 - "POST /clientes/4/transacoes HTTP/1.0" 200 OK
api02-1  | INFO:     172.20.0.5:34990 - "POST /clientes/3/transacoes HTTP/1.0" 200 OK
api01-1  | INFO:     172.20.0.5:41454 - "POST /clientes/2/transacoes HTTP/1.0" 200 OK
api02-1  | INFO:     172.20.0.5:35002 - "POST /clientes/5/transacoes HTTP/1.0" 200 OK
api01-1  | INFO:     172.20.0.5:41464 - "POST /clientes/2/transacoes HTTP/1.0" 200 OK
api02-1  | INFO:     172.20.0.5:35004 - "POST /clientes/3/transacoes HTTP/1.0" 200 OK
api01-1  | INFO:     172.20.0.5:41472 - "POST /clientes/1/transacoes HTTP/1.0" 200 OK
api02-1  | INFO:     172.20.0.5:35018 - "POST /clientes/5/transacoes HTTP/1.0" 200 OK
api01-1  | INFO:     172.20.0.5:41484 - "GET /clientes/2/extrato HTTP/1.0" 200 OK
api02-1  | INFO:     172.20.0.5:35034 - "POST /clientes/4/transacoes HTTP/1.0" 200 OK
api01-1  | INFO:     172.20.0.5:41500 - "POST /clientes/4/transacoes HTTP/1.0" 200 OK
api02-1  | INFO:     172.20.0.5:35038 - "POST /clientes/5/transacoes HTTP/1.0" 200 OK
api01-1  | INFO:     172.20.0.5:41502 - "POST /clientes/1/transacoes HTTP/1.0" 200 OK
api02-1  | INFO:     172.20.0.5:35050 - "POST /clientes/5/transacoes HTTP/1.0" 200 OK
api01-1  | INFO:     172.20.0.5:41510 - "POST /clientes/1/transacoes HTTP/1.0" 200 OK
api02-1  | INFO:     172.20.0.5:35056 - "POST /clientes/5/transacoes HTTP/1.0" 200 OK
api01-1  | INFO:     172.20.0.5:41524 - "POST /clientes/4/transacoes HTTP/1.0" 200 OK
api02-1  | INFO:     172.20.0.5:35060 - "POST /clientes/2/transacoes HTTP/1.0" 200 OK
api01-1  | INFO:     172.20.0.5:41538 - "POST /clientes/3/transacoes HTTP/1.0" 200 OK
api02-1  | INFO:     172.20.0.5:35064 - "POST /clientes/5/transacoes HTTP/1.0" 200 OK
api01-1  | INFO:     172.20.0.5:41546 - "POST /clientes/1/transacoes HTTP/1.0" 200 OK
api02-1  | INFO:     172.20.0.5:35072 - "GET /clientes/1/extrato HTTP/1.0" 200 OK
api01-1  | INFO:     172.20.0.5:41560 - "POST /clientes/2/transacoes HTTP/1.0" 200 OK
api02-1  | INFO:     172.20.0.5:35082 - "POST /clientes/2/transacoes HTTP/1.0" 200 OK
api01-1  | INFO:     172.20.0.5:41568 - "POST /clientes/3/transacoes HTTP/1.0" 200 OK
api02-1  | INFO:     172.20.0.5:35090 - "POST /clientes/4/transacoes HTTP/1.0" 200 OK
api02-1  | INFO:     172.20.0.5:35096 - "POST /clientes/5/transacoes HTTP/1.0" 200 OK
api01-1  | INFO:     172.20.0.5:41574 - "POST /clientes/5/transacoes HTTP/1.0" 200 OK
api01-1  | INFO:     172.20.0.5:41586 - "POST /clientes/4/transacoes HTTP/1.0" 200 OK
api01-1  | INFO:     172.20.0.5:41596 - "POST /clientes/2/transacoes HTTP/1.0" 200 OK
api02-1  | INFO:     172.20.0.5:35102 - "POST /clientes/5/transacoes HTTP/1.0" 200 OK
api02-1  | INFO:     172.20.0.5:35112 - "POST /clientes/1/transacoes HTTP/1.0" 200 OK
api02-1  | INFO:     172.20.0.5:35118 - "POST /clientes/2/transacoes HTTP/1.0" 200 OK
api01-1  | INFO:     172.20.0.5:41604 - "POST /clientes/1/transacoes HTTP/1.0" 200 OK
api01-1  | INFO:     172.20.0.5:41606 - "GET /clientes/1/extrato HTTP/1.0" 200 OK
api02-1  | INFO:     172.20.0.5:35134 - "POST /clientes/4/transacoes HTTP/1.0" 200 OK
api02-1  | INFO:     172.20.0.5:35148 - "POST /clientes/1/transacoes HTTP/1.0" 200 OK
api01-1  | INFO:     172.20.0.5:41612 - "POST /clientes/3/transacoes HTTP/1.0" 200 OK
api01-1  | INFO:     172.20.0.5:41622 - "POST /clientes/3/transacoes HTTP/1.0" 200 OK
api02-1  | INFO:     172.20.0.5:35158 - "POST /clientes/5/transacoes HTTP/1.0" 200 OK
api01-1  | INFO:     172.20.0.5:41630 - "POST /clientes/3/transacoes HTTP/1.0" 200 OK
api02-1  | INFO:     172.20.0.5:35162 - "POST /clientes/3/transacoes HTTP/1.0" 200 OK
api01-1  | INFO:     172.20.0.5:41642 - "POST /clientes/5/transacoes HTTP/1.0" 200 OK
api02-1  | INFO:     172.20.0.5:35170 - "POST /clientes/1/transacoes HTTP/1.0" 200 OK
api01-1  | INFO:     172.20.0.5:41650 - "POST /clientes/2/transacoes HTTP/1.0" 200 OK
api01-1  | INFO:     172.20.0.5:41666 - "POST /clientes/1/transacoes HTTP/1.0" 200 OK
api02-1  | INFO:     172.20.0.5:35182 - "POST /clientes/2/transacoes HTTP/1.0" 200 OK
api02-1  | INFO:     172.20.0.5:35198 - "GET /clientes/2/extrato HTTP/1.0" 200 OK
api01-1  | INFO:     172.20.0.5:41680 - "POST /clientes/1/transacoes HTTP/1.0" 200 OK
api02-1  | INFO:     172.20.0.5:36144 - "POST /clientes/5/transacoes HTTP/1.0" 200 OK
api01-1  | INFO:     172.20.0.5:43788 - "POST /clientes/5/transacoes HTTP/1.0" 200 OK
api02-1  | INFO:     172.20.0.5:36146 - "POST /clientes/3/transacoes HTTP/1.0" 200 OK
api01-1  | INFO:     172.20.0.5:43800 - "POST /clientes/5/transacoes HTTP/1.0" 200 OK
api02-1  | INFO:     172.20.0.5:36150 - "POST /clientes/5/transacoes HTTP/1.0" 200 OK
api01-1  | INFO:     172.20.0.5:43812 - "POST /clientes/2/transacoes HTTP/1.0" 200 OK
api02-1  | INFO:     172.20.0.5:36160 - "POST /clientes/2/transacoes HTTP/1.0" 200 OK
api01-1  | INFO:     172.20.0.5:43820 - "POST /clientes/5/transacoes HTTP/1.0" 200 OK
api02-1  | INFO:     172.20.0.5:36166 - "POST /clientes/2/transacoes HTTP/1.0" 200 OK
api01-1  | INFO:     172.20.0.5:43826 - "POST /clientes/2/transacoes HTTP/1.0" 200 OK
api02-1  | INFO:     172.20.0.5:36180 - "POST /clientes/5/transacoes HTTP/1.0" 200 OK
api01-1  | INFO:     172.20.0.5:43832 - "POST /clientes/1/transacoes HTTP/1.0" 200 OK
api02-1  | INFO:     172.20.0.5:36184 - "POST /clientes/3/transacoes HTTP/1.0" 200 OK
api01-1  | INFO:     172.20.0.5:43840 - "POST /clientes/1/transacoes HTTP/1.0" 200 OK
api02-1  | INFO:     172.20.0.5:36190 - "POST /clientes/5/transacoes HTTP/1.0" 200 OK
api01-1  | INFO:     172.20.0.5:43844 - "POST /clientes/5/transacoes HTTP/1.0" 200 OK
api02-1  | INFO:     172.20.0.5:36194 - "POST /clientes/5/transacoes HTTP/1.0" 200 OK
api01-1  | INFO:     172.20.0.5:43858 - "POST /clientes/1/transacoes HTTP/1.0" 200 OK
api02-1  | INFO:     172.20.0.5:36210 - "POST /clientes/4/transacoes HTTP/1.0" 200 OK
api01-1  | INFO:     172.20.0.5:43862 - "POST /clientes/4/transacoes HTTP/1.0" 200 OK
api02-1  | INFO:     172.20.0.5:36218 - "POST /clientes/5/transacoes HTTP/1.0" 200 OK
api01-1  | INFO:     172.20.0.5:43864 - "POST /clientes/1/transacoes HTTP/1.0" 200 OK
api02-1  | INFO:     172.20.0.5:36226 - "POST /clientes/4/transacoes HTTP/1.0" 200 OK
api01-1  | INFO:     172.20.0.5:43872 - "POST /clientes/2/transacoes HTTP/1.0" 200 OK
api02-1  | INFO:     172.20.0.5:36242 - "POST /clientes/5/transacoes HTTP/1.0" 200 OK
api01-1  | INFO:     172.20.0.5:43884 - "POST /clientes/3/transacoes HTTP/1.0" 200 OK
api01-1  | INFO:     172.20.0.5:43896 - "GET /clientes/1/extrato HTTP/1.0" 200 OK
api02-1  | INFO:     172.20.0.5:36256 - "POST /clientes/4/transacoes HTTP/1.0" 200 OK
api02-1  | INFO:     172.20.0.5:36268 - "POST /clientes/5/transacoes HTTP/1.0" 200 OK
api01-1  | INFO:     172.20.0.5:43902 - "POST /clientes/4/transacoes HTTP/1.0" 200 OK
api01-1  | INFO:     172.20.0.5:43918 - "POST /clientes/4/transacoes HTTP/1.0" 200 OK
api02-1  | INFO:     172.20.0.5:36270 - "POST /clientes/5/transacoes HTTP/1.0" 200 OK
api02-1  | INFO:     172.20.0.5:36282 - "POST /clientes/2/transacoes HTTP/1.0" 200 OK
api02-1  | INFO:     172.20.0.5:36288 - "POST /clientes/1/transacoes HTTP/1.0" 200 OK
api01-1  | INFO:     172.20.0.5:43930 - "POST /clientes/3/transacoes HTTP/1.0" 200 OK
api01-1  | INFO:     172.20.0.5:43938 - "POST /clientes/2/transacoes HTTP/1.0" 200 OK
api01-1  | INFO:     172.20.0.5:43948 - "POST /clientes/4/transacoes HTTP/1.0" 200 OK
api02-1  | INFO:     172.20.0.5:36298 - "POST /clientes/1/transacoes HTTP/1.0" 200 OK
api02-1  | INFO:     172.20.0.5:36302 - "POST /clientes/1/transacoes HTTP/1.0" 200 OK
api02-1  | INFO:     172.20.0.5:36314 - "POST /clientes/1/transacoes HTTP/1.0" 200 OK
api01-1  | INFO:     172.20.0.5:43964 - "POST /clientes/1/transacoes HTTP/1.0" 200 OK
api01-1  | INFO:     172.20.0.5:43970 - "POST /clientes/4/transacoes HTTP/1.0" 200 OK
api02-1  | INFO:     172.20.0.5:36322 - "POST /clientes/2/transacoes HTTP/1.0" 200 OK
api01-1  | INFO:     172.20.0.5:43972 - "POST /clientes/3/transacoes HTTP/1.0" 200 OK
api02-1  | INFO:     172.20.0.5:36334 - "GET /clientes/5/extrato HTTP/1.0" 200 OK
api01-1  | INFO:     172.20.0.5:43980 - "POST /clientes/1/transacoes HTTP/1.0" 200 OK
api01-1  | INFO:     172.20.0.5:43984 - "POST /clientes/4/transacoes HTTP/1.0" 200 OK
api02-1  | INFO:     172.20.0.5:36344 - "POST /clientes/1/transacoes HTTP/1.0" 200 OK
api02-1  | INFO:     172.20.0.5:36360 - "POST /clientes/5/transacoes HTTP/1.0" 200 OK
api02-1  | INFO:     172.20.0.5:36362 - "POST /clientes/5/transacoes HTTP/1.0" 200 OK
api01-1  | INFO:     172.20.0.5:43992 - "POST /clientes/5/transacoes HTTP/1.0" 200 OK
api01-1  | INFO:     172.20.0.5:44006 - "POST /clientes/5/transacoes HTTP/1.0" 200 OK
api01-1  | INFO:     172.20.0.5:44008 - "POST /clientes/3/transacoes HTTP/1.0" 200 OK
api02-1  | INFO:     172.20.0.5:36370 - "POST /clientes/2/transacoes HTTP/1.0" 200 OK
api02-1  | INFO:     172.20.0.5:36374 - "POST /clientes/4/transacoes HTTP/1.0" 200 OK
api02-1  | INFO:     172.20.0.5:36376 - "POST /clientes/2/transacoes HTTP/1.0" 200 OK
api01-1  | INFO:     172.20.0.5:44016 - "POST /clientes/3/transacoes HTTP/1.0" 200 OK
api01-1  | INFO:     172.20.0.5:44022 - "POST /clientes/1/transacoes HTTP/1.0" 200 OK
api01-1  | INFO:     172.20.0.5:44028 - "POST /clientes/4/transacoes HTTP/1.0" 200 OK
api02-1  | INFO:     172.20.0.5:36386 - "GET /clientes/5/extrato HTTP/1.0" 200 OK
api02-1  | INFO:     172.20.0.5:36394 - "POST /clientes/3/transacoes HTTP/1.0" 200 OK
api01-1  | INFO:     172.20.0.5:44044 - "POST /clientes/1/transacoes HTTP/1.0" 200 OK
api02-1  | INFO:     172.20.0.5:36398 - "POST /clientes/1/transacoes HTTP/1.0" 200 OK
api01-1  | INFO:     172.20.0.5:44060 - "POST /clientes/1/transacoes HTTP/1.0" 200 OK
api02-1  | INFO:     172.20.0.5:36406 - "POST /clientes/5/transacoes HTTP/1.0" 200 OK
api01-1  | INFO:     172.20.0.5:44062 - "POST /clientes/4/transacoes HTTP/1.0" 200 OK
api02-1  | INFO:     172.20.0.5:36422 - "POST /clientes/1/transacoes HTTP/1.0" 200 OK
api01-1  | INFO:     172.20.0.5:44070 - "POST /clientes/4/transacoes HTTP/1.0" 200 OK
api02-1  | INFO:     172.20.0.5:36430 - "POST /clientes/5/transacoes HTTP/1.0" 200 OK
api01-1  | INFO:     172.20.0.5:44074 - "POST /clientes/4/transacoes HTTP/1.0" 200 OK
api02-1  | INFO:     172.20.0.5:36436 - "POST /clientes/1/transacoes HTTP/1.0" 200 OK
api01-1  | INFO:     172.20.0.5:44082 - "POST /clientes/4/transacoes HTTP/1.0" 200 OK
api02-1  | INFO:     172.20.0.5:36440 - "POST /clientes/5/transacoes HTTP/1.0" 200 OK
api01-1  | INFO:     172.20.0.5:44086 - "POST /clientes/5/transacoes HTTP/1.0" 200 OK
api02-1  | INFO:     172.20.0.5:36452 - "POST /clientes/5/transacoes HTTP/1.0" 200 OK
api01-1  | INFO:     172.20.0.5:44088 - "POST /clientes/2/transacoes HTTP/1.0" 200 OK
api01-1  | INFO:     172.20.0.5:44104 - "POST /clientes/3/transacoes HTTP/1.0" 200 OK
api02-1  | INFO:     172.20.0.5:36482 - "POST /clientes/5/transacoes HTTP/1.0" 200 OK
api02-1  | INFO:     172.20.0.5:36468 - "GET /clientes/1/extrato HTTP/1.0" 200 OK
api01-1  | INFO:     172.20.0.5:44112 - "POST /clientes/5/transacoes HTTP/1.0" 200 OK
api02-1  | INFO:     172.20.0.5:36492 - "POST /clientes/3/transacoes HTTP/1.0" 200 OK
api01-1  | INFO:     172.20.0.5:44126 - "POST /clientes/2/transacoes HTTP/1.0" 200 OK
api02-1  | INFO:     172.20.0.5:36498 - "POST /clientes/5/transacoes HTTP/1.0" 200 OK
api01-1  | INFO:     172.20.0.5:44132 - "POST /clientes/4/transacoes HTTP/1.0" 200 OK
api02-1  | INFO:     172.20.0.5:36504 - "POST /clientes/1/transacoes HTTP/1.0" 200 OK
api01-1  | INFO:     172.20.0.5:44138 - "POST /clientes/2/transacoes HTTP/1.0" 200 OK
api02-1  | INFO:     172.20.0.5:36512 - "POST /clientes/1/transacoes HTTP/1.0" 200 OK
api01-1  | INFO:     172.20.0.5:44150 - "POST /clientes/2/transacoes HTTP/1.0" 422 Unprocessable Entity
api02-1  | INFO:     172.20.0.5:36524 - "POST /clientes/3/transacoes HTTP/1.0" 200 OK
api01-1  | INFO:     172.20.0.5:44152 - "POST /clientes/3/transacoes HTTP/1.0" 200 OK
api02-1  | INFO:     172.20.0.5:36534 - "POST /clientes/5/transacoes HTTP/1.0" 200 OK
api01-1  | INFO:     172.20.0.5:44158 - "POST /clientes/4/transacoes HTTP/1.0" 200 OK
api02-1  | INFO:     172.20.0.5:36536 - "POST /clientes/1/transacoes HTTP/1.0" 200 OK
api01-1  | INFO:     172.20.0.5:44170 - "POST /clientes/1/transacoes HTTP/1.0" 200 OK
api01-1  | INFO:     172.20.0.5:44182 - "GET /clientes/4/extrato HTTP/1.0" 200 OK
api02-1  | INFO:     172.20.0.5:36548 - "POST /clientes/1/transacoes HTTP/1.0" 200 OK
api02-1  | INFO:     172.20.0.5:36552 - "POST /clientes/5/transacoes HTTP/1.0" 200 OK
api01-1  | INFO:     172.20.0.5:44188 - "POST /clientes/1/transacoes HTTP/1.0" 200 OK
api02-1  | INFO:     172.20.0.5:36562 - "POST /clientes/4/transacoes HTTP/1.0" 200 OK
api01-1  | INFO:     172.20.0.5:44200 - "POST /clientes/1/transacoes HTTP/1.0" 200 OK
api02-1  | INFO:     172.20.0.5:36576 - "POST /clientes/5/transacoes HTTP/1.0" 200 OK
api01-1  | INFO:     172.20.0.5:44202 - "POST /clientes/5/transacoes HTTP/1.0" 200 OK
api02-1  | INFO:     172.20.0.5:36584 - "POST /clientes/3/transacoes HTTP/1.0" 200 OK
api01-1  | INFO:     172.20.0.5:44214 - "POST /clientes/1/transacoes HTTP/1.0" 200 OK
api02-1  | INFO:     172.20.0.5:36594 - "POST /clientes/5/transacoes HTTP/1.0" 200 OK
api01-1  | INFO:     172.20.0.5:44220 - "POST /clientes/2/transacoes HTTP/1.0" 422 Unprocessable Entity
api02-1  | INFO:     172.20.0.5:36600 - "POST /clientes/3/transacoes HTTP/1.0" 200 OK
api01-1  | INFO:     172.20.0.5:44236 - "POST /clientes/2/transacoes HTTP/1.0" 200 OK
api02-1  | INFO:     172.20.0.5:36602 - "POST /clientes/1/transacoes HTTP/1.0" 200 OK
api01-1  | INFO:     172.20.0.5:44240 - "POST /clientes/1/transacoes HTTP/1.0" 200 OK
api02-1  | INFO:     172.20.0.5:36608 - "POST /clientes/1/transacoes HTTP/1.0" 200 OK
api01-1  | INFO:     172.20.0.5:44248 - "POST /clientes/5/transacoes HTTP/1.0" 200 OK
api02-1  | INFO:     172.20.0.5:36620 - "POST /clientes/1/transacoes HTTP/1.0" 200 OK
api02-1  | INFO:     172.20.0.5:36622 - "GET /clientes/5/extrato HTTP/1.0" 200 OK
api01-1  | INFO:     172.20.0.5:44252 - "POST /clientes/2/transacoes HTTP/1.0" 200 OK
api01-1  | INFO:     172.20.0.5:44256 - "POST /clientes/4/transacoes HTTP/1.0" 200 OK
api02-1  | INFO:     172.20.0.5:36628 - "POST /clientes/5/transacoes HTTP/1.0" 200 OK
api01-1  | INFO:     172.20.0.5:44264 - "POST /clientes/3/transacoes HTTP/1.0" 200 OK
api02-1  | INFO:     172.20.0.5:36630 - "POST /clientes/1/transacoes HTTP/1.0" 200 OK
api01-1  | INFO:     172.20.0.5:44270 - "POST /clientes/1/transacoes HTTP/1.0" 200 OK
api02-1  | INFO:     172.20.0.5:36638 - "POST /clientes/1/transacoes HTTP/1.0" 200 OK
api01-1  | INFO:     172.20.0.5:44282 - "POST /clientes/2/transacoes HTTP/1.0" 422 Unprocessable Entity
api02-1  | INFO:     172.20.0.5:36652 - "POST /clientes/1/transacoes HTTP/1.0" 200 OK
api01-1  | INFO:     172.20.0.5:44296 - "POST /clientes/2/transacoes HTTP/1.0" 200 OK
api02-1  | INFO:     172.20.0.5:36666 - "POST /clientes/4/transacoes HTTP/1.0" 200 OK
api01-1  | INFO:     172.20.0.5:44304 - "POST /clientes/2/transacoes HTTP/1.0" 200 OK
api02-1  | INFO:     172.20.0.5:36668 - "POST /clientes/1/transacoes HTTP/1.0" 200 OK
api01-1  | INFO:     172.20.0.5:44316 - "POST /clientes/1/transacoes HTTP/1.0" 200 OK
api02-1  | INFO:     172.20.0.5:36672 - "POST /clientes/2/transacoes HTTP/1.0" 200 OK
api01-1  | INFO:     172.20.0.5:44318 - "POST /clientes/4/transacoes HTTP/1.0" 200 OK
api02-1  | INFO:     172.20.0.5:36682 - "POST /clientes/4/transacoes HTTP/1.0" 200 OK
api01-1  | INFO:     172.20.0.5:44326 - "POST /clientes/5/transacoes HTTP/1.0" 200 OK
api01-1  | INFO:     172.20.0.5:44342 - "GET /clientes/3/extrato HTTP/1.0" 200 OK
api02-1  | INFO:     172.20.0.5:36696 - "POST /clientes/4/transacoes HTTP/1.0" 200 OK
