 Network rinha-nginx-2024q1  Creating
 Network rinha-nginx-2024q1  Created
 Container rschio-db-1  Creating
 Container rschio-db-1  Created
 Container rschio-api02-1  Creating
 Container rschio-api01-1  Creating
 Container rschio-api01-1  Created
 Container rschio-api02-1  Created
 Container rschio-nginx-1  Creating
 Container rschio-nginx-1  Created
Attaching to api01-1, api02-1, db-1, nginx-1
db-1     | The files belonging to this database system will be owned by user "postgres".
db-1     | This user must also own the server process.
db-1     | 
db-1     | The database cluster will be initialized with locale "en_US.utf8".
db-1     | The default database encoding has accordingly been set to "UTF8".
db-1     | The default text search configuration will be set to "english".
db-1     | 
db-1     | Data page checksums are disabled.
db-1     | 
db-1     | fixing permissions on existing directory /var/lib/postgresql/data ... ok
db-1     | creating subdirectories ... ok
db-1     | selecting dynamic shared memory implementation ... posix
db-1     | selecting default max_connections ... 100
db-1     | selecting default shared_buffers ... 128MB
db-1     | selecting default time zone ... Etc/UTC
db-1     | creating configuration files ... ok
db-1     | running bootstrap script ... ok
api01-1  | {"time":"2024-02-19T16:36:29.566900498Z","level":"INFO","source":{"function":"main.run","file":"github.com/rschio/rinha/cmd/rinha/main.go","line":81},"msg":"starting service","service":"Rinha","version":"v0.0.0","trace_id":"00000000000000000000000000000000"}
api01-1  | {"time":"2024-02-19T16:36:29.56736983Z","level":"INFO","source":{"function":"main.run","file":"github.com/rschio/rinha/cmd/rinha/main.go","line":88},"msg":"startup","service":"Rinha","config":"--build=v0.0.0\n--desc=\n--env=DEV\n--web-port=8080\n--web-shutdown-timeout=20s\n--db-user=postgres\n--db-password=xxxxxx\n--db-host=db:5432\n--db-name=postgres\n--db-disable-tls=true\n--otel-endpoint=otel-collector:4317\n--otel-service-name=Rinha\n--otel-trace-sample-fraction=0\n--otel-enable-trace=false","trace_id":"00000000000000000000000000000000"}
api01-1  | {"time":"2024-02-19T16:36:29.56745084Z","level":"INFO","source":{"function":"main.run","file":"github.com/rschio/rinha/cmd/rinha/main.go","line":112},"msg":"startup","service":"Rinha","status":"initializing database support","host":"db:5432","trace_id":"00000000000000000000000000000000"}
api02-1  | {"time":"2024-02-19T16:36:29.625329638Z","level":"INFO","source":{"function":"main.run","file":"github.com/rschio/rinha/cmd/rinha/main.go","line":81},"msg":"starting service","service":"Rinha","version":"v0.0.0","trace_id":"00000000000000000000000000000000"}
api02-1  | {"time":"2024-02-19T16:36:29.625408907Z","level":"INFO","source":{"function":"main.run","file":"github.com/rschio/rinha/cmd/rinha/main.go","line":88},"msg":"startup","service":"Rinha","config":"--build=v0.0.0\n--desc=\n--env=DEV\n--web-port=8080\n--web-shutdown-timeout=20s\n--db-user=postgres\n--db-password=xxxxxx\n--db-host=db:5432\n--db-name=postgres\n--db-disable-tls=true\n--otel-endpoint=otel-collector:4317\n--otel-service-name=Rinha\n--otel-trace-sample-fraction=0\n--otel-enable-trace=false","trace_id":"00000000000000000000000000000000"}
api02-1  | {"time":"2024-02-19T16:36:29.625475735Z","level":"INFO","source":{"function":"main.run","file":"github.com/rschio/rinha/cmd/rinha/main.go","line":112},"msg":"startup","service":"Rinha","status":"initializing database support","host":"db:5432","trace_id":"00000000000000000000000000000000"}
nginx-1  | /docker-entrypoint.sh: /docker-entrypoint.d/ is not empty, will attempt to perform configuration
nginx-1  | /docker-entrypoint.sh: Looking for shell scripts in /docker-entrypoint.d/
nginx-1  | /docker-entrypoint.sh: Launching /docker-entrypoint.d/10-listen-on-ipv6-by-default.sh
nginx-1  | 10-listen-on-ipv6-by-default.sh: info: Getting the checksum of /etc/nginx/conf.d/default.conf
nginx-1  | 10-listen-on-ipv6-by-default.sh: info: Enabled listen on IPv6 in /etc/nginx/conf.d/default.conf
nginx-1  | /docker-entrypoint.sh: Sourcing /docker-entrypoint.d/15-local-resolvers.envsh
nginx-1  | /docker-entrypoint.sh: Launching /docker-entrypoint.d/20-envsubst-on-templates.sh
nginx-1  | /docker-entrypoint.sh: Launching /docker-entrypoint.d/30-tune-worker-processes.sh
nginx-1  | /docker-entrypoint.sh: Configuration complete; ready for start up
db-1     | performing post-bootstrap initialization ... ok
db-1     | syncing data to disk ... ok
db-1     | 
db-1     | 
db-1     | Success. You can now start the database server using:
db-1     | 
db-1     |     pg_ctl -D /var/lib/postgresql/data -l logfile start
db-1     | 
db-1     | initdb: warning: enabling "trust" authentication for local connections
db-1     | initdb: hint: You can change this by editing pg_hba.conf or using the option -A, or --auth-local and --auth-host, the next time you run initdb.
db-1     | waiting for server to start....2024-02-19 16:36:31.814 UTC [48] LOG:  starting PostgreSQL 16.2 (Debian 16.2-1.pgdg120+2) on x86_64-pc-linux-gnu, compiled by gcc (Debian 12.2.0-14) 12.2.0, 64-bit
db-1     | 2024-02-19 16:36:31.818 UTC [48] LOG:  listening on Unix socket "/var/run/postgresql/.s.PGSQL.5432"
db-1     | 2024-02-19 16:36:31.827 UTC [51] LOG:  database system was shut down at 2024-02-19 16:36:30 UTC
db-1     | 2024-02-19 16:36:31.832 UTC [48] LOG:  database system is ready to accept connections
db-1     |  done
db-1     | server started
db-1     | 
db-1     | /usr/local/bin/docker-entrypoint.sh: running /docker-entrypoint-initdb.d/script.sql
db-1     | CREATE TABLE
db-1     | CREATE TABLE
db-1     | CREATE INDEX
db-1     | INSERT 0 5
db-1     | 
db-1     | 
db-1     | waiting for server to shut down...2024-02-19 16:36:31.978 UTC [48] LOG:  received fast shutdown request
db-1     | .2024-02-19 16:36:31.980 UTC [48] LOG:  aborting any active transactions
db-1     | 2024-02-19 16:36:32.016 UTC [48] LOG:  background worker "logical replication launcher" (PID 54) exited with exit code 1
db-1     | 2024-02-19 16:36:32.016 UTC [49] LOG:  shutting down
db-1     | 2024-02-19 16:36:32.020 UTC [49] LOG:  checkpoint starting: shutdown immediate
db-1     | 2024-02-19 16:36:32.109 UTC [49] LOG:  checkpoint complete: wrote 57 buffers (0.3%); 0 WAL file(s) added, 0 removed, 0 recycled; write=0.009 s, sync=0.068 s, total=0.094 s; sync files=44, longest=0.063 s, average=0.002 s; distance=195 kB, estimate=195 kB; lsn=0/151B908, redo lsn=0/151B908
db-1     | 2024-02-19 16:36:32.112 UTC [48] LOG:  database system is shut down
db-1     |  done
db-1     | server stopped
db-1     | 
db-1     | PostgreSQL init process complete; ready for start up.
db-1     | 
db-1     | 2024-02-19 16:36:32.203 UTC [1] LOG:  starting PostgreSQL 16.2 (Debian 16.2-1.pgdg120+2) on x86_64-pc-linux-gnu, compiled by gcc (Debian 12.2.0-14) 12.2.0, 64-bit
db-1     | 2024-02-19 16:36:32.203 UTC [1] LOG:  listening on IPv4 address "0.0.0.0", port 5432
db-1     | 2024-02-19 16:36:32.203 UTC [1] LOG:  listening on IPv6 address "::", port 5432
db-1     | 2024-02-19 16:36:32.208 UTC [1] LOG:  listening on Unix socket "/var/run/postgresql/.s.PGSQL.5432"
db-1     | 2024-02-19 16:36:32.215 UTC [64] LOG:  database system was shut down at 2024-02-19 16:36:32 UTC
db-1     | 2024-02-19 16:36:32.222 UTC [1] LOG:  database system is ready to accept connections
api01-1  | {"time":"2024-02-19T16:36:32.383301494Z","level":"INFO","source":{"function":"main.run","file":"github.com/rschio/rinha/cmd/rinha/main.go","line":139},"msg":"startup","service":"Rinha","status":"initializing RINHA API support","trace_id":"00000000000000000000000000000000"}
api01-1  | {"time":"2024-02-19T16:36:32.383483367Z","level":"INFO","source":{"function":"main.run.func2","file":"github.com/rschio/rinha/cmd/rinha/main.go","line":156},"msg":"startup","service":"Rinha","status":"api router started","host":":8080","trace_id":"00000000000000000000000000000000"}
api02-1  | {"time":"2024-02-19T16:36:32.43938093Z","level":"INFO","source":{"function":"main.run","file":"github.com/rschio/rinha/cmd/rinha/main.go","line":139},"msg":"startup","service":"Rinha","status":"initializing RINHA API support","trace_id":"00000000000000000000000000000000"}
api02-1  | {"time":"2024-02-19T16:36:32.439541505Z","level":"INFO","source":{"function":"main.run.func2","file":"github.com/rschio/rinha/cmd/rinha/main.go","line":156},"msg":"startup","service":"Rinha","status":"api router started","host":":8080","trace_id":"00000000000000000000000000000000"}
api01-1  | {"time":"2024-02-19T16:36:33.015678724Z","level":"INFO","source":{"function":"github.com/rschio/rinha/internal/core/client/store/clientdb.(*Store).QueryByID","file":"github.com/rschio/rinha/internal/core/client/store/clientdb/clientdb.go","line":59},"msg":"db.NamedQueryStruct","service":"Rinha","query":"SELECT c.id, c.credit_limit, c.balance FROM clients AS c WHERE c.id = 1 FOR UPDATE","trace_id":"b9fdf75fa303e3000381fab0feca6a0b"}
api01-1  | {"time":"2024-02-19T16:36:33.016798916Z","level":"INFO","source":{"function":"github.com/rschio/rinha/internal/core/client/store/clientdb.(*Store).QueryTransactions","file":"github.com/rschio/rinha/internal/core/client/store/clientdb/clientdb.go","line":92},"msg":"db.NamedQuerySlice","service":"Rinha","query":"SELECT * FROM transactions t WHERE t.client_id = 1 ORDER BY date_created DESC OFFSET 0 ROWS FETCH NEXT 10 ROWS ONLY","trace_id":"b9fdf75fa303e3000381fab0feca6a0b"}
api02-1  | {"time":"2024-02-19T16:36:33.026382698Z","level":"INFO","source":{"function":"github.com/rschio/rinha/internal/core/client/store/clientdb.(*Store).QueryByID","file":"github.com/rschio/rinha/internal/core/client/store/clientdb/clientdb.go","line":59},"msg":"db.NamedQueryStruct","service":"Rinha","query":"SELECT c.id, c.credit_limit, c.balance FROM clients AS c WHERE c.id = 1 FOR UPDATE","trace_id":"2625af74adc993887ed43a2166b312f4"}
api02-1  | {"time":"2024-02-19T16:36:33.027258348Z","level":"INFO","source":{"function":"github.com/rschio/rinha/internal/core/client/store/clientdb.(*Store).QueryTransactions","file":"github.com/rschio/rinha/internal/core/client/store/clientdb/clientdb.go","line":92},"msg":"db.NamedQuerySlice","service":"Rinha","query":"SELECT * FROM transactions t WHERE t.client_id = 1 ORDER BY date_created DESC OFFSET 0 ROWS FETCH NEXT 10 ROWS ONLY","trace_id":"2625af74adc993887ed43a2166b312f4"}
api01-1  | {"time":"2024-02-19T16:36:38.372688267Z","level":"INFO","source":{"function":"github.com/rschio/rinha/internal/core/client/store/clientdb.(*Store).QueryByID","file":"github.com/rschio/rinha/internal/core/client/store/clientdb/clientdb.go","line":59},"msg":"db.NamedQueryStruct","service":"Rinha","query":"SELECT c.id, c.credit_limit, c.balance FROM clients AS c WHERE c.id = 1 FOR UPDATE","trace_id":"6e8fe8728e93dd092673392c3956fcdf"}
api01-1  | {"time":"2024-02-19T16:36:38.374130894Z","level":"INFO","source":{"function":"github.com/rschio/rinha/internal/core/client/store/clientdb.(*Store).AddTransaction","file":"github.com/rschio/rinha/internal/core/client/store/clientdb/clientdb.go","line":147},"msg":"db.namedExec","service":"Rinha","query":"INSERT INTO transactions( id, client_id, value, type, description, date_created) VALUES ( d36de2b3-5c5c-42e9-864f-926c67b394a4, 1, -1, 'd', 'validacao', 2024-02-19 16:36:38.372164 +0000 UTC);","trace_id":"6e8fe8728e93dd092673392c3956fcdf"}
api01-1  | {"time":"2024-02-19T16:36:38.377545715Z","level":"INFO","source":{"function":"github.com/rschio/rinha/internal/core/client/store/clientdb.(*Store).UpdateClientBalance","file":"github.com/rschio/rinha/internal/core/client/store/clientdb/clientdb.go","line":122},"msg":"db.NamedQueryStruct","service":"Rinha","query":"UPDATE clients SET balance = -1, date_updated = 2024-02-19 16:36:38.372164 +0000 UTC WHERE id = 1 RETURNING id, credit_limit, balance","trace_id":"6e8fe8728e93dd092673392c3956fcdf"}
api02-1  | {"time":"2024-02-19T16:36:38.376981656Z","level":"INFO","source":{"function":"github.com/rschio/rinha/internal/core/client/store/clientdb.(*Store).QueryByID","file":"github.com/rschio/rinha/internal/core/client/store/clientdb/clientdb.go","line":59},"msg":"db.NamedQueryStruct","service":"Rinha","query":"SELECT c.id, c.credit_limit, c.balance FROM clients AS c WHERE c.id = 1 FOR UPDATE","trace_id":"98d354e4d0e3714e1ba7ed5fa4603af2"}
api02-1  | {"time":"2024-02-19T16:36:38.381401299Z","level":"INFO","source":{"function":"github.com/rschio/rinha/internal/core/client/store/clientdb.(*Store).AddTransaction","file":"github.com/rschio/rinha/internal/core/client/store/clientdb/clientdb.go","line":147},"msg":"db.namedExec","service":"Rinha","query":"INSERT INTO transactions( id, client_id, value, type, description, date_created) VALUES ( 109d60b7-2d1e-45ac-852a-5500047c495a, 1, -1, 'd', 'validacao', 2024-02-19 16:36:38.374364 +0000 UTC);","trace_id":"98d354e4d0e3714e1ba7ed5fa4603af2"}
api01-1  | {"time":"2024-02-19T16:36:38.386368661Z","level":"INFO","source":{"function":"github.com/rschio/rinha/internal/core/client/store/clientdb.(*Store).QueryByID","file":"github.com/rschio/rinha/internal/core/client/store/clientdb/clientdb.go","line":59},"msg":"db.NamedQueryStruct","service":"Rinha","query":"SELECT c.id, c.credit_limit, c.balance FROM clients AS c WHERE c.id = 1 FOR UPDATE","trace_id":"be270d4d1e200601935257f5410e9daf"}
api02-1  | {"time":"2024-02-19T16:36:38.384839512Z","level":"INFO","source":{"function":"github.com/rschio/rinha/internal/core/client/store/clientdb.(*Store).UpdateClientBalance","file":"github.com/rschio/rinha/internal/core/client/store/clientdb/clientdb.go","line":122},"msg":"db.NamedQueryStruct","service":"Rinha","query":"UPDATE clients SET balance = -2, date_updated = 2024-02-19 16:36:38.374364 +0000 UTC WHERE id = 1 RETURNING id, credit_limit, balance","trace_id":"98d354e4d0e3714e1ba7ed5fa4603af2"}
api02-1  | {"time":"2024-02-19T16:36:38.387231531Z","level":"INFO","source":{"function":"github.com/rschio/rinha/internal/core/client/store/clientdb.(*Store).QueryByID","file":"github.com/rschio/rinha/internal/core/client/store/clientdb/clientdb.go","line":59},"msg":"db.NamedQueryStruct","service":"Rinha","query":"SELECT c.id, c.credit_limit, c.balance FROM clients AS c WHERE c.id = 1 FOR UPDATE","trace_id":"97402c2ef7bdca47fede91bb85d6283b"}
api02-1  | {"time":"2024-02-19T16:36:38.387542114Z","level":"INFO","source":{"function":"github.com/rschio/rinha/internal/core/client/store/clientdb.(*Store).AddTransaction","file":"github.com/rschio/rinha/internal/core/client/store/clientdb/clientdb.go","line":147},"msg":"db.namedExec","service":"Rinha","query":"INSERT INTO transactions( id, client_id, value, type, description, date_created) VALUES ( 8e84874c-10e0-4b31-95b4-7c469b65fede, 1, -1, 'd', 'validacao', 2024-02-19 16:36:38.383258 +0000 UTC);","trace_id":"97402c2ef7bdca47fede91bb85d6283b"}
api02-1  | {"time":"2024-02-19T16:36:38.387852904Z","level":"INFO","source":{"function":"github.com/rschio/rinha/internal/core/client/store/clientdb.(*Store).UpdateClientBalance","file":"github.com/rschio/rinha/internal/core/client/store/clientdb/clientdb.go","line":122},"msg":"db.NamedQueryStruct","service":"Rinha","query":"UPDATE clients SET balance = -3, date_updated = 2024-02-19 16:36:38.383258 +0000 UTC WHERE id = 1 RETURNING id, credit_limit, balance","trace_id":"97402c2ef7bdca47fede91bb85d6283b"}
api01-1  | {"time":"2024-02-19T16:36:38.390130542Z","level":"INFO","source":{"function":"github.com/rschio/rinha/internal/core/client/store/clientdb.(*Store).QueryByID","file":"github.com/rschio/rinha/internal/core/client/store/clientdb/clientdb.go","line":59},"msg":"db.NamedQueryStruct","service":"Rinha","query":"SELECT c.id, c.credit_limit, c.balance FROM clients AS c WHERE c.id = 1 FOR UPDATE","trace_id":"69da49970fe531bf0ca20ded3e1bb132"}
api01-1  | {"time":"2024-02-19T16:36:38.391956827Z","level":"INFO","source":{"function":"github.com/rschio/rinha/internal/core/client/store/clientdb.(*Store).QueryByID","file":"github.com/rschio/rinha/internal/core/client/store/clientdb/clientdb.go","line":59},"msg":"db.NamedQueryStruct","service":"Rinha","query":"SELECT c.id, c.credit_limit, c.balance FROM clients AS c WHERE c.id = 1 FOR UPDATE","trace_id":"99ec5420de0f52729e52fabc96f27dd9"}
api01-1  | {"time":"2024-02-19T16:36:38.393737616Z","level":"INFO","source":{"function":"github.com/rschio/rinha/internal/core/client/store/clientdb.(*Store).QueryByID","file":"github.com/rschio/rinha/internal/core/client/store/clientdb/clientdb.go","line":59},"msg":"db.NamedQueryStruct","service":"Rinha","query":"SELECT c.id, c.credit_limit, c.balance FROM clients AS c WHERE c.id = 1 FOR UPDATE","trace_id":"89803e8dc3078cc1adbf508935604548"}
api01-1  | {"time":"2024-02-19T16:36:38.40200791Z","level":"INFO","source":{"function":"github.com/rschio/rinha/internal/core/client/store/clientdb.(*Store).AddTransaction","file":"github.com/rschio/rinha/internal/core/client/store/clientdb/clientdb.go","line":147},"msg":"db.namedExec","service":"Rinha","query":"INSERT INTO transactions( id, client_id, value, type, description, date_created) VALUES ( 1e31823a-6a93-4151-8138-b2f4c495aa4e, 1, -1, 'd', 'validacao', 2024-02-19 16:36:38.381861 +0000 UTC);","trace_id":"be270d4d1e200601935257f5410e9daf"}
api01-1  | {"time":"2024-02-19T16:36:38.402614518Z","level":"INFO","source":{"function":"github.com/rschio/rinha/internal/core/client/store/clientdb.(*Store).UpdateClientBalance","file":"github.com/rschio/rinha/internal/core/client/store/clientdb/clientdb.go","line":122},"msg":"db.NamedQueryStruct","service":"Rinha","query":"UPDATE clients SET balance = -4, date_updated = 2024-02-19 16:36:38.381861 +0000 UTC WHERE id = 1 RETURNING id, credit_limit, balance","trace_id":"be270d4d1e200601935257f5410e9daf"}
api02-1  | {"time":"2024-02-19T16:36:38.405739518Z","level":"INFO","source":{"function":"github.com/rschio/rinha/internal/core/client/store/clientdb.(*Store).QueryByID","file":"github.com/rschio/rinha/internal/core/client/store/clientdb/clientdb.go","line":59},"msg":"db.NamedQueryStruct","service":"Rinha","query":"SELECT c.id, c.credit_limit, c.balance FROM clients AS c WHERE c.id = 1 FOR UPDATE","trace_id":"bb12598f7d3d1d0c762673be579697e7"}
api02-1  | {"time":"2024-02-19T16:36:38.407329227Z","level":"INFO","source":{"function":"github.com/rschio/rinha/internal/core/client/store/clientdb.(*Store).QueryByID","file":"github.com/rschio/rinha/internal/core/client/store/clientdb/clientdb.go","line":59},"msg":"db.NamedQueryStruct","service":"Rinha","query":"SELECT c.id, c.credit_limit, c.balance FROM clients AS c WHERE c.id = 1 FOR UPDATE","trace_id":"9ecd6dc0d98c2974d274b05d8d67c3a3"}
api02-1  | {"time":"2024-02-19T16:36:38.407353127Z","level":"INFO","source":{"function":"github.com/rschio/rinha/internal/core/client/store/clientdb.(*Store).QueryByID","file":"github.com/rschio/rinha/internal/core/client/store/clientdb/clientdb.go","line":59},"msg":"db.NamedQueryStruct","service":"Rinha","query":"SELECT c.id, c.credit_limit, c.balance FROM clients AS c WHERE c.id = 1 FOR UPDATE","trace_id":"b508625f0dca301f2deb1b3b6173a7de"}
api01-1  | {"time":"2024-02-19T16:36:38.407797277Z","level":"INFO","source":{"function":"github.com/rschio/rinha/internal/core/client/store/clientdb.(*Store).QueryByID","file":"github.com/rschio/rinha/internal/core/client/store/clientdb/clientdb.go","line":59},"msg":"db.NamedQueryStruct","service":"Rinha","query":"SELECT c.id, c.credit_limit, c.balance FROM clients AS c WHERE c.id = 1 FOR UPDATE","trace_id":"6f965d9ee620b0b0e4e395dec89e6763"}
api01-1  | {"time":"2024-02-19T16:36:38.408096717Z","level":"INFO","source":{"function":"github.com/rschio/rinha/internal/core/client/store/clientdb.(*Store).AddTransaction","file":"github.com/rschio/rinha/internal/core/client/store/clientdb/clientdb.go","line":147},"msg":"db.namedExec","service":"Rinha","query":"INSERT INTO transactions( id, client_id, value, type, description, date_created) VALUES ( 3c330421-021d-476d-b3da-6c8681ae8555, 1, -1, 'd', 'validacao', 2024-02-19 16:36:38.383021 +0000 UTC);","trace_id":"6f965d9ee620b0b0e4e395dec89e6763"}
api01-1  | {"time":"2024-02-19T16:36:38.408467818Z","level":"INFO","source":{"function":"github.com/rschio/rinha/internal/core/client/store/clientdb.(*Store).UpdateClientBalance","file":"github.com/rschio/rinha/internal/core/client/store/clientdb/clientdb.go","line":122},"msg":"db.NamedQueryStruct","service":"Rinha","query":"UPDATE clients SET balance = -5, date_updated = 2024-02-19 16:36:38.383021 +0000 UTC WHERE id = 1 RETURNING id, credit_limit, balance","trace_id":"6f965d9ee620b0b0e4e395dec89e6763"}
api02-1  | {"time":"2024-02-19T16:36:38.411009833Z","level":"INFO","source":{"function":"github.com/rschio/rinha/internal/core/client/store/clientdb.(*Store).AddTransaction","file":"github.com/rschio/rinha/internal/core/client/store/clientdb/clientdb.go","line":147},"msg":"db.namedExec","service":"Rinha","query":"INSERT INTO transactions( id, client_id, value, type, description, date_created) VALUES ( 528c47f0-d53f-47f5-bb87-ea856aa6f596, 1, -1, 'd', 'validacao', 2024-02-19 16:36:38.384085 +0000 UTC);","trace_id":"bb12598f7d3d1d0c762673be579697e7"}
api02-1  | {"time":"2024-02-19T16:36:38.41142118Z","level":"INFO","source":{"function":"github.com/rschio/rinha/internal/core/client/store/clientdb.(*Store).UpdateClientBalance","file":"github.com/rschio/rinha/internal/core/client/store/clientdb/clientdb.go","line":122},"msg":"db.NamedQueryStruct","service":"Rinha","query":"UPDATE clients SET balance = -6, date_updated = 2024-02-19 16:36:38.384085 +0000 UTC WHERE id = 1 RETURNING id, credit_limit, balance","trace_id":"bb12598f7d3d1d0c762673be579697e7"}
api02-1  | {"time":"2024-02-19T16:36:38.414358021Z","level":"INFO","source":{"function":"github.com/rschio/rinha/internal/core/client/store/clientdb.(*Store).QueryByID","file":"github.com/rschio/rinha/internal/core/client/store/clientdb/clientdb.go","line":59},"msg":"db.NamedQueryStruct","service":"Rinha","query":"SELECT c.id, c.credit_limit, c.balance FROM clients AS c WHERE c.id = 1 FOR UPDATE","trace_id":"7dc292ab49c1370189ae2c7a679bfa19"}
api01-1  | {"time":"2024-02-19T16:36:38.412971666Z","level":"INFO","source":{"function":"github.com/rschio/rinha/internal/core/client/store/clientdb.(*Store).QueryByID","file":"github.com/rschio/rinha/internal/core/client/store/clientdb/clientdb.go","line":59},"msg":"db.NamedQueryStruct","service":"Rinha","query":"SELECT c.id, c.credit_limit, c.balance FROM clients AS c WHERE c.id = 1 FOR UPDATE","trace_id":"88d7615aea75a040ea9ae5523e30ce99"}
api02-1  | {"time":"2024-02-19T16:36:38.415495825Z","level":"INFO","source":{"function":"github.com/rschio/rinha/internal/core/client/store/clientdb.(*Store).QueryByID","file":"github.com/rschio/rinha/internal/core/client/store/clientdb/clientdb.go","line":59},"msg":"db.NamedQueryStruct","service":"Rinha","query":"SELECT c.id, c.credit_limit, c.balance FROM clients AS c WHERE c.id = 1 FOR UPDATE","trace_id":"fc8c149e60c6d85d24403a1340b84dc0"}
api01-1  | {"time":"2024-02-19T16:36:38.41716131Z","level":"INFO","source":{"function":"github.com/rschio/rinha/internal/core/client/store/clientdb.(*Store).AddTransaction","file":"github.com/rschio/rinha/internal/core/client/store/clientdb/clientdb.go","line":147},"msg":"db.namedExec","service":"Rinha","query":"INSERT INTO transactions( id, client_id, value, type, description, date_created) VALUES ( 7c32c4c0-896e-4ce3-bd4e-7be08d130310, 1, -1, 'd', 'validacao', 2024-02-19 16:36:38.386328 +0000 UTC);","trace_id":"88d7615aea75a040ea9ae5523e30ce99"}
api01-1  | {"time":"2024-02-19T16:36:38.41753577Z","level":"INFO","source":{"function":"github.com/rschio/rinha/internal/core/client/store/clientdb.(*Store).UpdateClientBalance","file":"github.com/rschio/rinha/internal/core/client/store/clientdb/clientdb.go","line":122},"msg":"db.NamedQueryStruct","service":"Rinha","query":"UPDATE clients SET balance = -7, date_updated = 2024-02-19 16:36:38.386328 +0000 UTC WHERE id = 1 RETURNING id, credit_limit, balance","trace_id":"88d7615aea75a040ea9ae5523e30ce99"}
api01-1  | {"time":"2024-02-19T16:36:38.419403995Z","level":"INFO","source":{"function":"github.com/rschio/rinha/internal/core/client/store/clientdb.(*Store).QueryByID","file":"github.com/rschio/rinha/internal/core/client/store/clientdb/clientdb.go","line":59},"msg":"db.NamedQueryStruct","service":"Rinha","query":"SELECT c.id, c.credit_limit, c.balance FROM clients AS c WHERE c.id = 1 FOR UPDATE","trace_id":"f5d9ffd231ec22512d6308dcff10c0fc"}
api01-1  | {"time":"2024-02-19T16:36:38.419717638Z","level":"INFO","source":{"function":"github.com/rschio/rinha/internal/core/client/store/clientdb.(*Store).AddTransaction","file":"github.com/rschio/rinha/internal/core/client/store/clientdb/clientdb.go","line":147},"msg":"db.namedExec","service":"Rinha","query":"INSERT INTO transactions( id, client_id, value, type, description, date_created) VALUES ( 4f789699-6cca-4c41-8c98-4f36aea03eb1, 1, -1, 'd', 'validacao', 2024-02-19 16:36:38.399181 +0000 UTC);","trace_id":"f5d9ffd231ec22512d6308dcff10c0fc"}
api01-1  | {"time":"2024-02-19T16:36:38.420045997Z","level":"INFO","source":{"function":"github.com/rschio/rinha/internal/core/client/store/clientdb.(*Store).UpdateClientBalance","file":"github.com/rschio/rinha/internal/core/client/store/clientdb/clientdb.go","line":122},"msg":"db.NamedQueryStruct","service":"Rinha","query":"UPDATE clients SET balance = -8, date_updated = 2024-02-19 16:36:38.399181 +0000 UTC WHERE id = 1 RETURNING id, credit_limit, balance","trace_id":"f5d9ffd231ec22512d6308dcff10c0fc"}
api02-1  | {"time":"2024-02-19T16:36:38.422332586Z","level":"INFO","source":{"function":"github.com/rschio/rinha/internal/core/client/store/clientdb.(*Store).AddTransaction","file":"github.com/rschio/rinha/internal/core/client/store/clientdb/clientdb.go","line":147},"msg":"db.namedExec","service":"Rinha","query":"INSERT INTO transactions( id, client_id, value, type, description, date_created) VALUES ( 46dab3fe-5ba9-4237-a1f0-59ff81329c96, 1, -1, 'd', 'validacao', 2024-02-19 16:36:38.39705 +0000 UTC);","trace_id":"fc8c149e60c6d85d24403a1340b84dc0"}
api01-1  | {"time":"2024-02-19T16:36:38.42351315Z","level":"INFO","source":{"function":"github.com/rschio/rinha/internal/core/client/store/clientdb.(*Store).QueryByID","file":"github.com/rschio/rinha/internal/core/client/store/clientdb/clientdb.go","line":59},"msg":"db.NamedQueryStruct","service":"Rinha","query":"SELECT c.id, c.credit_limit, c.balance FROM clients AS c WHERE c.id = 1 FOR UPDATE","trace_id":"ba468b3dddfa21fa08ddea36d0dcec96"}
api02-1  | {"time":"2024-02-19T16:36:38.42279977Z","level":"INFO","source":{"function":"github.com/rschio/rinha/internal/core/client/store/clientdb.(*Store).UpdateClientBalance","file":"github.com/rschio/rinha/internal/core/client/store/clientdb/clientdb.go","line":122},"msg":"db.NamedQueryStruct","service":"Rinha","query":"UPDATE clients SET balance = -9, date_updated = 2024-02-19 16:36:38.39705 +0000 UTC WHERE id = 1 RETURNING id, credit_limit, balance","trace_id":"fc8c149e60c6d85d24403a1340b84dc0"}
api02-1  | {"time":"2024-02-19T16:36:38.425368346Z","level":"INFO","source":{"function":"github.com/rschio/rinha/internal/core/client/store/clientdb.(*Store).QueryByID","file":"github.com/rschio/rinha/internal/core/client/store/clientdb/clientdb.go","line":59},"msg":"db.NamedQueryStruct","service":"Rinha","query":"SELECT c.id, c.credit_limit, c.balance FROM clients AS c WHERE c.id = 1 FOR UPDATE","trace_id":"963961f44f00acafc8a0154fd83001d1"}
api02-1  | {"time":"2024-02-19T16:36:38.425787106Z","level":"INFO","source":{"function":"github.com/rschio/rinha/internal/core/client/store/clientdb.(*Store).AddTransaction","file":"github.com/rschio/rinha/internal/core/client/store/clientdb/clientdb.go","line":147},"msg":"db.namedExec","service":"Rinha","query":"INSERT INTO transactions( id, client_id, value, type, description, date_created) VALUES ( ada6250e-49a6-4b2a-b9c7-6a7f141ba0bb, 1, -1, 'd', 'validacao', 2024-02-19 16:36:38.397123 +0000 UTC);","trace_id":"963961f44f00acafc8a0154fd83001d1"}
api02-1  | {"time":"2024-02-19T16:36:38.426190961Z","level":"INFO","source":{"function":"github.com/rschio/rinha/internal/core/client/store/clientdb.(*Store).UpdateClientBalance","file":"github.com/rschio/rinha/internal/core/client/store/clientdb/clientdb.go","line":122},"msg":"db.NamedQueryStruct","service":"Rinha","query":"UPDATE clients SET balance = -10, date_updated = 2024-02-19 16:36:38.397123 +0000 UTC WHERE id = 1 RETURNING id, credit_limit, balance","trace_id":"963961f44f00acafc8a0154fd83001d1"}
api02-1  | {"time":"2024-02-19T16:36:38.428966939Z","level":"INFO","source":{"function":"github.com/rschio/rinha/internal/core/client/store/clientdb.(*Store).QueryByID","file":"github.com/rschio/rinha/internal/core/client/store/clientdb/clientdb.go","line":59},"msg":"db.NamedQueryStruct","service":"Rinha","query":"SELECT c.id, c.credit_limit, c.balance FROM clients AS c WHERE c.id = 1 FOR UPDATE","trace_id":"1757405a07552191f4a964a3cde5fbc0"}
api01-1  | {"time":"2024-02-19T16:36:38.429332269Z","level":"INFO","source":{"function":"github.com/rschio/rinha/internal/core/client/store/clientdb.(*Store).AddTransaction","file":"github.com/rschio/rinha/internal/core/client/store/clientdb/clientdb.go","line":147},"msg":"db.namedExec","service":"Rinha","query":"INSERT INTO transactions( id, client_id, value, type, description, date_created) VALUES ( 17641a8a-ed04-4bdd-a77b-ff2cf2271053, 1, -1, 'd', 'validacao', 2024-02-19 16:36:38.399398 +0000 UTC);","trace_id":"ba468b3dddfa21fa08ddea36d0dcec96"}
api01-1  | {"time":"2024-02-19T16:36:38.429816123Z","level":"INFO","source":{"function":"github.com/rschio/rinha/internal/core/client/store/clientdb.(*Store).UpdateClientBalance","file":"github.com/rschio/rinha/internal/core/client/store/clientdb/clientdb.go","line":122},"msg":"db.NamedQueryStruct","service":"Rinha","query":"UPDATE clients SET balance = -11, date_updated = 2024-02-19 16:36:38.399398 +0000 UTC WHERE id = 1 RETURNING id, credit_limit, balance","trace_id":"ba468b3dddfa21fa08ddea36d0dcec96"}
api02-1  | {"time":"2024-02-19T16:36:38.432194738Z","level":"INFO","source":{"function":"github.com/rschio/rinha/internal/core/client/store/clientdb.(*Store).AddTransaction","file":"github.com/rschio/rinha/internal/core/client/store/clientdb/clientdb.go","line":147},"msg":"db.namedExec","service":"Rinha","query":"INSERT INTO transactions( id, client_id, value, type, description, date_created) VALUES ( be52d93f-67d5-401f-a519-0ab11e2c63ca, 1, -1, 'd', 'validacao', 2024-02-19 16:36:38.397169 +0000 UTC);","trace_id":"1757405a07552191f4a964a3cde5fbc0"}
api02-1  | {"time":"2024-02-19T16:36:38.432665436Z","level":"INFO","source":{"function":"github.com/rschio/rinha/internal/core/client/store/clientdb.(*Store).UpdateClientBalance","file":"github.com/rschio/rinha/internal/core/client/store/clientdb/clientdb.go","line":122},"msg":"db.NamedQueryStruct","service":"Rinha","query":"UPDATE clients SET balance = -12, date_updated = 2024-02-19 16:36:38.397169 +0000 UTC WHERE id = 1 RETURNING id, credit_limit, balance","trace_id":"1757405a07552191f4a964a3cde5fbc0"}
api01-1  | {"time":"2024-02-19T16:36:38.433250699Z","level":"INFO","source":{"function":"github.com/rschio/rinha/internal/core/client/store/clientdb.(*Store).QueryByID","file":"github.com/rschio/rinha/internal/core/client/store/clientdb/clientdb.go","line":59},"msg":"db.NamedQueryStruct","service":"Rinha","query":"SELECT c.id, c.credit_limit, c.balance FROM clients AS c WHERE c.id = 1 FOR UPDATE","trace_id":"2b12f2ce9a86aa5edf19733763a8d062"}
api01-1  | {"time":"2024-02-19T16:36:38.434959138Z","level":"INFO","source":{"function":"github.com/rschio/rinha/internal/core/client/store/clientdb.(*Store).AddTransaction","file":"github.com/rschio/rinha/internal/core/client/store/clientdb/clientdb.go","line":147},"msg":"db.namedExec","service":"Rinha","query":"INSERT INTO transactions( id, client_id, value, type, description, date_created) VALUES ( 43c2dfc6-91b4-4426-921b-4cd8edaa3470, 1, -1, 'd', 'validacao', 2024-02-19 16:36:38.399863 +0000 UTC);","trace_id":"2b12f2ce9a86aa5edf19733763a8d062"}
api02-1  | {"time":"2024-02-19T16:36:38.436248699Z","level":"INFO","source":{"function":"github.com/rschio/rinha/internal/core/client/store/clientdb.(*Store).QueryByID","file":"github.com/rschio/rinha/internal/core/client/store/clientdb/clientdb.go","line":59},"msg":"db.NamedQueryStruct","service":"Rinha","query":"SELECT c.id, c.credit_limit, c.balance FROM clients AS c WHERE c.id = 1 FOR UPDATE","trace_id":"1b3874f6f547506a247bdc3aa77cb3c7"}
api01-1  | {"time":"2024-02-19T16:36:38.435168748Z","level":"INFO","source":{"function":"github.com/rschio/rinha/internal/core/client/store/clientdb.(*Store).UpdateClientBalance","file":"github.com/rschio/rinha/internal/core/client/store/clientdb/clientdb.go","line":122},"msg":"db.NamedQueryStruct","service":"Rinha","query":"UPDATE clients SET balance = -13, date_updated = 2024-02-19 16:36:38.399863 +0000 UTC WHERE id = 1 RETURNING id, credit_limit, balance","trace_id":"2b12f2ce9a86aa5edf19733763a8d062"}
api01-1  | {"time":"2024-02-19T16:36:38.437091189Z","level":"INFO","source":{"function":"github.com/rschio/rinha/internal/core/client/store/clientdb.(*Store).AddTransaction","file":"github.com/rschio/rinha/internal/core/client/store/clientdb/clientdb.go","line":147},"msg":"db.namedExec","service":"Rinha","query":"INSERT INTO transactions( id, client_id, value, type, description, date_created) VALUES ( ce7e80a9-3b76-4aaf-b255-4f7ab3bbc66c, 1, -1, 'd', 'validacao', 2024-02-19 16:36:38.381956 +0000 UTC);","trace_id":"69da49970fe531bf0ca20ded3e1bb132"}
api01-1  | {"time":"2024-02-19T16:36:38.437541842Z","level":"INFO","source":{"function":"github.com/rschio/rinha/internal/core/client/store/clientdb.(*Store).QueryByID","file":"github.com/rschio/rinha/internal/core/client/store/clientdb/clientdb.go","line":59},"msg":"db.NamedQueryStruct","service":"Rinha","query":"SELECT c.id, c.credit_limit, c.balance FROM clients AS c WHERE c.id = 1 FOR UPDATE","trace_id":"3af484d4aed31d9d8e0e47c1a0e82603"}
api01-1  | {"time":"2024-02-19T16:36:38.438170519Z","level":"INFO","source":{"function":"github.com/rschio/rinha/internal/core/client/store/clientdb.(*Store).UpdateClientBalance","file":"github.com/rschio/rinha/internal/core/client/store/clientdb/clientdb.go","line":122},"msg":"db.NamedQueryStruct","service":"Rinha","query":"UPDATE clients SET balance = -14, date_updated = 2024-02-19 16:36:38.381956 +0000 UTC WHERE id = 1 RETURNING id, credit_limit, balance","trace_id":"69da49970fe531bf0ca20ded3e1bb132"}
api02-1  | {"time":"2024-02-19T16:36:38.441787476Z","level":"INFO","source":{"function":"github.com/rschio/rinha/internal/core/client/store/clientdb.(*Store).AddTransaction","file":"github.com/rschio/rinha/internal/core/client/store/clientdb/clientdb.go","line":147},"msg":"db.namedExec","service":"Rinha","query":"INSERT INTO transactions( id, client_id, value, type, description, date_created) VALUES ( 43022f44-8c91-4829-a421-1f596b5d30d9, 1, -1, 'd', 'validacao', 2024-02-19 16:36:38.401587 +0000 UTC);","trace_id":"1b3874f6f547506a247bdc3aa77cb3c7"}
api01-1  | {"time":"2024-02-19T16:36:38.442453891Z","level":"INFO","source":{"function":"github.com/rschio/rinha/internal/core/client/store/clientdb.(*Store).QueryByID","file":"github.com/rschio/rinha/internal/core/client/store/clientdb/clientdb.go","line":59},"msg":"db.NamedQueryStruct","service":"Rinha","query":"SELECT c.id, c.credit_limit, c.balance FROM clients AS c WHERE c.id = 1 FOR UPDATE","trace_id":"bb6f1685d8dbe966106dfd1192eaae93"}
api02-1  | {"time":"2024-02-19T16:36:38.442022405Z","level":"INFO","source":{"function":"github.com/rschio/rinha/internal/core/client/store/clientdb.(*Store).UpdateClientBalance","file":"github.com/rschio/rinha/internal/core/client/store/clientdb/clientdb.go","line":122},"msg":"db.NamedQueryStruct","service":"Rinha","query":"UPDATE clients SET balance = -15, date_updated = 2024-02-19 16:36:38.401587 +0000 UTC WHERE id = 1 RETURNING id, credit_limit, balance","trace_id":"1b3874f6f547506a247bdc3aa77cb3c7"}
api02-1  | {"time":"2024-02-19T16:36:38.444088381Z","level":"INFO","source":{"function":"github.com/rschio/rinha/internal/core/client/store/clientdb.(*Store).QueryByID","file":"github.com/rschio/rinha/internal/core/client/store/clientdb/clientdb.go","line":59},"msg":"db.NamedQueryStruct","service":"Rinha","query":"SELECT c.id, c.credit_limit, c.balance FROM clients AS c WHERE c.id = 1 FOR UPDATE","trace_id":"0553b6583c87ddf3077a31200380186b"}
api01-1  | {"time":"2024-02-19T16:36:38.444174798Z","level":"INFO","source":{"function":"github.com/rschio/rinha/internal/core/client/store/clientdb.(*Store).AddTransaction","file":"github.com/rschio/rinha/internal/core/client/store/clientdb/clientdb.go","line":147},"msg":"db.namedExec","service":"Rinha","query":"INSERT INTO transactions( id, client_id, value, type, description, date_created) VALUES ( f35240c2-3edc-42f4-997f-411b231246d3, 1, -1, 'd', 'validacao', 2024-02-19 16:36:38.375392 +0000 UTC);","trace_id":"99ec5420de0f52729e52fabc96f27dd9"}
api01-1  | {"time":"2024-02-19T16:36:38.445131771Z","level":"INFO","source":{"function":"github.com/rschio/rinha/internal/core/client/store/clientdb.(*Store).UpdateClientBalance","file":"github.com/rschio/rinha/internal/core/client/store/clientdb/clientdb.go","line":122},"msg":"db.NamedQueryStruct","service":"Rinha","query":"UPDATE clients SET balance = -16, date_updated = 2024-02-19 16:36:38.375392 +0000 UTC WHERE id = 1 RETURNING id, credit_limit, balance","trace_id":"99ec5420de0f52729e52fabc96f27dd9"}
api02-1  | {"time":"2024-02-19T16:36:38.447877227Z","level":"INFO","source":{"function":"github.com/rschio/rinha/internal/core/client/store/clientdb.(*Store).AddTransaction","file":"github.com/rschio/rinha/internal/core/client/store/clientdb/clientdb.go","line":147},"msg":"db.namedExec","service":"Rinha","query":"INSERT INTO transactions( id, client_id, value, type, description, date_created) VALUES ( 630aad9e-8e8c-4936-ae3b-23041da0ce54, 1, -1, 'd', 'validacao', 2024-02-19 16:36:38.38007 +0000 UTC);","trace_id":"9ecd6dc0d98c2974d274b05d8d67c3a3"}
api01-1  | {"time":"2024-02-19T16:36:38.448165708Z","level":"INFO","source":{"function":"github.com/rschio/rinha/internal/core/client/store/clientdb.(*Store).QueryByID","file":"github.com/rschio/rinha/internal/core/client/store/clientdb/clientdb.go","line":59},"msg":"db.NamedQueryStruct","service":"Rinha","query":"SELECT c.id, c.credit_limit, c.balance FROM clients AS c WHERE c.id = 1 FOR UPDATE","trace_id":"fba6a380690b219c13695453a98bd320"}
api02-1  | {"time":"2024-02-19T16:36:38.448919734Z","level":"INFO","source":{"function":"github.com/rschio/rinha/internal/core/client/store/clientdb.(*Store).UpdateClientBalance","file":"github.com/rschio/rinha/internal/core/client/store/clientdb/clientdb.go","line":122},"msg":"db.NamedQueryStruct","service":"Rinha","query":"UPDATE clients SET balance = -17, date_updated = 2024-02-19 16:36:38.38007 +0000 UTC WHERE id = 1 RETURNING id, credit_limit, balance","trace_id":"9ecd6dc0d98c2974d274b05d8d67c3a3"}
api02-1  | {"time":"2024-02-19T16:36:38.45106903Z","level":"INFO","source":{"function":"github.com/rschio/rinha/internal/core/client/store/clientdb.(*Store).QueryByID","file":"github.com/rschio/rinha/internal/core/client/store/clientdb/clientdb.go","line":59},"msg":"db.NamedQueryStruct","service":"Rinha","query":"SELECT c.id, c.credit_limit, c.balance FROM clients AS c WHERE c.id = 1 FOR UPDATE","trace_id":"461df9b18c9e74c0a1ecfea5248cc522"}
api01-1  | {"time":"2024-02-19T16:36:38.452028663Z","level":"INFO","source":{"function":"github.com/rschio/rinha/internal/core/client/store/clientdb.(*Store).AddTransaction","file":"github.com/rschio/rinha/internal/core/client/store/clientdb/clientdb.go","line":147},"msg":"db.namedExec","service":"Rinha","query":"INSERT INTO transactions( id, client_id, value, type, description, date_created) VALUES ( db60d64e-3777-4899-a345-19e13106340a, 1, -1, 'd', 'validacao', 2024-02-19 16:36:38.400489 +0000 UTC);","trace_id":"bb6f1685d8dbe966106dfd1192eaae93"}
api01-1  | {"time":"2024-02-19T16:36:38.452528233Z","level":"INFO","source":{"function":"github.com/rschio/rinha/internal/core/client/store/clientdb.(*Store).UpdateClientBalance","file":"github.com/rschio/rinha/internal/core/client/store/clientdb/clientdb.go","line":122},"msg":"db.NamedQueryStruct","service":"Rinha","query":"UPDATE clients SET balance = -18, date_updated = 2024-02-19 16:36:38.400489 +0000 UTC WHERE id = 1 RETURNING id, credit_limit, balance","trace_id":"bb6f1685d8dbe966106dfd1192eaae93"}
api01-1  | {"time":"2024-02-19T16:36:38.455194387Z","level":"INFO","source":{"function":"github.com/rschio/rinha/internal/core/client/store/clientdb.(*Store).AddTransaction","file":"github.com/rschio/rinha/internal/core/client/store/clientdb/clientdb.go","line":147},"msg":"db.namedExec","service":"Rinha","query":"INSERT INTO transactions( id, client_id, value, type, description, date_created) VALUES ( a0aed456-1a9c-4a4d-a668-c83b14df0b1c, 1, -1, 'd', 'validacao', 2024-02-19 16:36:38.402533 +0000 UTC);","trace_id":"fba6a380690b219c13695453a98bd320"}
api01-1  | {"time":"2024-02-19T16:36:38.456367639Z","level":"INFO","source":{"function":"github.com/rschio/rinha/internal/core/client/store/clientdb.(*Store).UpdateClientBalance","file":"github.com/rschio/rinha/internal/core/client/store/clientdb/clientdb.go","line":122},"msg":"db.NamedQueryStruct","service":"Rinha","query":"UPDATE clients SET balance = -19, date_updated = 2024-02-19 16:36:38.402533 +0000 UTC WHERE id = 1 RETURNING id, credit_limit, balance","trace_id":"fba6a380690b219c13695453a98bd320"}
api01-1  | {"time":"2024-02-19T16:36:38.459972014Z","level":"INFO","source":{"function":"github.com/rschio/rinha/internal/core/client/store/clientdb.(*Store).AddTransaction","file":"github.com/rschio/rinha/internal/core/client/store/clientdb/clientdb.go","line":147},"msg":"db.namedExec","service":"Rinha","query":"INSERT INTO transactions( id, client_id, value, type, description, date_created) VALUES ( e0b85481-972f-410d-9503-d6c0e5f6e6ce, 1, -1, 'd', 'validacao', 2024-02-19 16:36:38.399927 +0000 UTC);","trace_id":"3af484d4aed31d9d8e0e47c1a0e82603"}
api01-1  | {"time":"2024-02-19T16:36:38.460351161Z","level":"INFO","source":{"function":"github.com/rschio/rinha/internal/core/client/store/clientdb.(*Store).UpdateClientBalance","file":"github.com/rschio/rinha/internal/core/client/store/clientdb/clientdb.go","line":122},"msg":"db.NamedQueryStruct","service":"Rinha","query":"UPDATE clients SET balance = -20, date_updated = 2024-02-19 16:36:38.399927 +0000 UTC WHERE id = 1 RETURNING id, credit_limit, balance","trace_id":"3af484d4aed31d9d8e0e47c1a0e82603"}
api02-1  | {"time":"2024-02-19T16:36:38.463040014Z","level":"INFO","source":{"function":"github.com/rschio/rinha/internal/core/client/store/clientdb.(*Store).AddTransaction","file":"github.com/rschio/rinha/internal/core/client/store/clientdb/clientdb.go","line":147},"msg":"db.namedExec","service":"Rinha","query":"INSERT INTO transactions( id, client_id, value, type, description, date_created) VALUES ( f91b73f7-2b76-4161-93fc-7ceab83cb147, 1, -1, 'd', 'validacao', 2024-02-19 16:36:38.40164 +0000 UTC);","trace_id":"0553b6583c87ddf3077a31200380186b"}
api02-1  | {"time":"2024-02-19T16:36:38.463394723Z","level":"INFO","source":{"function":"github.com/rschio/rinha/internal/core/client/store/clientdb.(*Store).UpdateClientBalance","file":"github.com/rschio/rinha/internal/core/client/store/clientdb/clientdb.go","line":122},"msg":"db.NamedQueryStruct","service":"Rinha","query":"UPDATE clients SET balance = -21, date_updated = 2024-02-19 16:36:38.40164 +0000 UTC WHERE id = 1 RETURNING id, credit_limit, balance","trace_id":"0553b6583c87ddf3077a31200380186b"}
api02-1  | {"time":"2024-02-19T16:36:38.466744033Z","level":"INFO","source":{"function":"github.com/rschio/rinha/internal/core/client/store/clientdb.(*Store).AddTransaction","file":"github.com/rschio/rinha/internal/core/client/store/clientdb/clientdb.go","line":147},"msg":"db.namedExec","service":"Rinha","query":"INSERT INTO transactions( id, client_id, value, type, description, date_created) VALUES ( 3c523a51-9f73-4ead-927d-759e7a88368c, 1, -1, 'd', 'validacao', 2024-02-19 16:36:38.381093 +0000 UTC);","trace_id":"b508625f0dca301f2deb1b3b6173a7de"}
api02-1  | {"time":"2024-02-19T16:36:38.468347693Z","level":"INFO","source":{"function":"github.com/rschio/rinha/internal/core/client/store/clientdb.(*Store).UpdateClientBalance","file":"github.com/rschio/rinha/internal/core/client/store/clientdb/clientdb.go","line":122},"msg":"db.NamedQueryStruct","service":"Rinha","query":"UPDATE clients SET balance = -22, date_updated = 2024-02-19 16:36:38.381093 +0000 UTC WHERE id = 1 RETURNING id, credit_limit, balance","trace_id":"b508625f0dca301f2deb1b3b6173a7de"}
api02-1  | {"time":"2024-02-19T16:36:38.470335722Z","level":"INFO","source":{"function":"github.com/rschio/rinha/internal/core/client/store/clientdb.(*Store).AddTransaction","file":"github.com/rschio/rinha/internal/core/client/store/clientdb/clientdb.go","line":147},"msg":"db.namedExec","service":"Rinha","query":"INSERT INTO transactions( id, client_id, value, type, description, date_created) VALUES ( c9fa9433-a050-46a9-9c5e-6fd80f5a1bef, 1, -1, 'd', 'validacao', 2024-02-19 16:36:38.383023 +0000 UTC);","trace_id":"7dc292ab49c1370189ae2c7a679bfa19"}
api02-1  | {"time":"2024-02-19T16:36:38.4713016Z","level":"INFO","source":{"function":"github.com/rschio/rinha/internal/core/client/store/clientdb.(*Store).UpdateClientBalance","file":"github.com/rschio/rinha/internal/core/client/store/clientdb/clientdb.go","line":122},"msg":"db.NamedQueryStruct","service":"Rinha","query":"UPDATE clients SET balance = -23, date_updated = 2024-02-19 16:36:38.383023 +0000 UTC WHERE id = 1 RETURNING id, credit_limit, balance","trace_id":"7dc292ab49c1370189ae2c7a679bfa19"}
api01-1  | {"time":"2024-02-19T16:36:38.473382845Z","level":"INFO","source":{"function":"github.com/rschio/rinha/internal/core/client/store/clientdb.(*Store).AddTransaction","file":"github.com/rschio/rinha/internal/core/client/store/clientdb/clientdb.go","line":147},"msg":"db.namedExec","service":"Rinha","query":"INSERT INTO transactions( id, client_id, value, type, description, date_created) VALUES ( f66b0532-37aa-4ca7-83ef-76e3c90b1f74, 1, -1, 'd', 'validacao', 2024-02-19 16:36:38.382862 +0000 UTC);","trace_id":"89803e8dc3078cc1adbf508935604548"}
api01-1  | {"time":"2024-02-19T16:36:38.474161063Z","level":"INFO","source":{"function":"github.com/rschio/rinha/internal/core/client/store/clientdb.(*Store).UpdateClientBalance","file":"github.com/rschio/rinha/internal/core/client/store/clientdb/clientdb.go","line":122},"msg":"db.NamedQueryStruct","service":"Rinha","query":"UPDATE clients SET balance = -24, date_updated = 2024-02-19 16:36:38.382862 +0000 UTC WHERE id = 1 RETURNING id, credit_limit, balance","trace_id":"89803e8dc3078cc1adbf508935604548"}
api02-1  | {"time":"2024-02-19T16:36:38.476349912Z","level":"INFO","source":{"function":"github.com/rschio/rinha/internal/core/client/store/clientdb.(*Store).AddTransaction","file":"github.com/rschio/rinha/internal/core/client/store/clientdb/clientdb.go","line":147},"msg":"db.namedExec","service":"Rinha","query":"INSERT INTO transactions( id, client_id, value, type, description, date_created) VALUES ( 1502e991-76d5-4cd6-82f5-083d91877138, 1, -1, 'd', 'validacao', 2024-02-19 16:36:38.401725 +0000 UTC);","trace_id":"461df9b18c9e74c0a1ecfea5248cc522"}
api02-1  | {"time":"2024-02-19T16:36:38.476660355Z","level":"INFO","source":{"function":"github.com/rschio/rinha/internal/core/client/store/clientdb.(*Store).UpdateClientBalance","file":"github.com/rschio/rinha/internal/core/client/store/clientdb/clientdb.go","line":122},"msg":"db.NamedQueryStruct","service":"Rinha","query":"UPDATE clients SET balance = -25, date_updated = 2024-02-19 16:36:38.401725 +0000 UTC WHERE id = 1 RETURNING id, credit_limit, balance","trace_id":"461df9b18c9e74c0a1ecfea5248cc522"}
api02-1  | {"time":"2024-02-19T16:36:39.355504097Z","level":"INFO","source":{"function":"github.com/rschio/rinha/internal/core/client/store/clientdb.(*Store).QueryByID","file":"github.com/rschio/rinha/internal/core/client/store/clientdb/clientdb.go","line":59},"msg":"db.NamedQueryStruct","service":"Rinha","query":"SELECT c.id, c.credit_limit, c.balance FROM clients AS c WHERE c.id = 1 FOR UPDATE","trace_id":"ca22e8382d3752324a33ea45ac1b46df"}
api02-1  | {"time":"2024-02-19T16:36:39.35581713Z","level":"INFO","source":{"function":"github.com/rschio/rinha/internal/core/client/store/clientdb.(*Store).QueryTransactions","file":"github.com/rschio/rinha/internal/core/client/store/clientdb/clientdb.go","line":92},"msg":"db.NamedQuerySlice","service":"Rinha","query":"SELECT * FROM transactions t WHERE t.client_id = 1 ORDER BY date_created DESC OFFSET 0 ROWS FETCH NEXT 10 ROWS ONLY","trace_id":"ca22e8382d3752324a33ea45ac1b46df"}
api01-1  | {"time":"2024-02-19T16:36:40.360557965Z","level":"INFO","source":{"function":"github.com/rschio/rinha/internal/core/client/store/clientdb.(*Store).QueryByID","file":"github.com/rschio/rinha/internal/core/client/store/clientdb/clientdb.go","line":59},"msg":"db.NamedQueryStruct","service":"Rinha","query":"SELECT c.id, c.credit_limit, c.balance FROM clients AS c WHERE c.id = 1 FOR UPDATE","trace_id":"dd571018546d2ea64e9a60e40b83c2a7"}
