 Network rinha-nginx-2024q1  Creating
 Network rinha-nginx-2024q1  Created
 Container thiper01-fastapi-db-1  Creating
 Container thiper01-fastapi-db-1  Created
 Container thiper01-fastapi-api01-1  Creating
 Container thiper01-fastapi-api02-1  Creating
 Container thiper01-fastapi-api02-1  Created
 Container thiper01-fastapi-api01-1  Created
 Container thiper01-fastapi-nginx-1  Creating
 Container thiper01-fastapi-nginx-1  Created
Attaching to api01-1, api02-1, db-1, nginx-1
db-1     | The files belonging to this database system will be owned by user "postgres".
db-1     | This user must also own the server process.
db-1     | 
db-1     | The database cluster will be initialized with locale "en_US.utf8".
db-1     | The default database encoding has accordingly been set to "UTF8".
db-1     | The default text search configuration will be set to "english".
db-1     | 
db-1     | Data page checksums are disabled.
db-1     | 
db-1     | fixing permissions on existing directory /var/lib/postgresql/data ... ok
db-1     | creating subdirectories ... ok
db-1     | selecting dynamic shared memory implementation ... posix
db-1     | selecting default max_connections ... 100
db-1     | selecting default shared_buffers ... 128MB
db-1     | selecting default time zone ... Etc/UTC
db-1     | creating configuration files ... ok
nginx-1  | /docker-entrypoint.sh: /docker-entrypoint.d/ is not empty, will attempt to perform configuration
nginx-1  | /docker-entrypoint.sh: Looking for shell scripts in /docker-entrypoint.d/
nginx-1  | /docker-entrypoint.sh: Launching /docker-entrypoint.d/10-listen-on-ipv6-by-default.sh
nginx-1  | 10-listen-on-ipv6-by-default.sh: info: Getting the checksum of /etc/nginx/conf.d/default.conf
nginx-1  | 10-listen-on-ipv6-by-default.sh: info: Enabled listen on IPv6 in /etc/nginx/conf.d/default.conf
nginx-1  | /docker-entrypoint.sh: Sourcing /docker-entrypoint.d/15-local-resolvers.envsh
nginx-1  | /docker-entrypoint.sh: Launching /docker-entrypoint.d/20-envsubst-on-templates.sh
nginx-1  | /docker-entrypoint.sh: Launching /docker-entrypoint.d/30-tune-worker-processes.sh
nginx-1  | /docker-entrypoint.sh: Configuration complete; ready for start up
db-1     | running bootstrap script ... ok
api01-1  | /usr/local/lib/python3.12/site-packages/pydantic/_internal/_config.py:322: UserWarning: Valid config keys have changed in V2:
api01-1  | * 'orm_mode' has been renamed to 'from_attributes'
api01-1  |   warnings.warn(message, UserWarning)
api01-1  | INFO:     Started server process [8]
api01-1  | INFO:     Waiting for application startup.
api01-1  | INFO:     Application startup complete.
api01-1  | INFO:     Uvicorn running on http://0.0.0.0:3000 (Press CTRL+C to quit)
api02-1  | /usr/local/lib/python3.12/site-packages/pydantic/_internal/_config.py:322: UserWarning: Valid config keys have changed in V2:
api02-1  | * 'orm_mode' has been renamed to 'from_attributes'
api02-1  |   warnings.warn(message, UserWarning)
api02-1  | INFO:     Started server process [7]
api02-1  | INFO:     Waiting for application startup.
api02-1  | INFO:     Application startup complete.
api02-1  | INFO:     Uvicorn running on http://0.0.0.0:3000 (Press CTRL+C to quit)
db-1     | performing post-bootstrap initialization ... ok
db-1     | syncing data to disk ... ok
db-1     | 
db-1     | 
db-1     | Success. You can now start the database server using:
db-1     | 
db-1     |     pg_ctl -D /var/lib/postgresql/data -l logfile start
db-1     | 
db-1     | initdb: warning: enabling "trust" authentication for local connections
db-1     | initdb: hint: You can change this by editing pg_hba.conf or using the option -A, or --auth-local and --auth-host, the next time you run initdb.
db-1     | waiting for server to start....2024-02-29 15:57:07.230 UTC [48] LOG:  starting PostgreSQL 16.2 (Debian 16.2-1.pgdg120+2) on x86_64-pc-linux-gnu, compiled by gcc (Debian 12.2.0-14) 12.2.0, 64-bit
db-1     | 2024-02-29 15:57:07.231 UTC [48] LOG:  listening on Unix socket "/var/run/postgresql/.s.PGSQL.5432"
db-1     | 2024-02-29 15:57:07.232 UTC [51] LOG:  database system was shut down at 2024-02-29 15:57:06 UTC
db-1     | 2024-02-29 15:57:07.315 UTC [48] LOG:  database system is ready to accept connections
db-1     |  done
db-1     | server started
api01-1  | INFO:     172.28.0.5:51462 - "GET /clientes/1/extrato HTTP/1.0" 404 Not Found
db-1     | CREATE DATABASE
db-1     | 
db-1     | 
db-1     | /usr/local/bin/docker-entrypoint.sh: running /docker-entrypoint-initdb.d/init.sql
db-1     | CREATE TABLE
db-1     | CREATE TABLE
db-1     | CREATE TABLE
db-1     | DO
db-1     | 
db-1     | 
db-1     | waiting for server to shut down...2024-02-29 15:57:07.916 UTC [48] LOG:  received fast shutdown request
db-1     | .2024-02-29 15:57:07.916 UTC [48] LOG:  aborting any active transactions
db-1     | 2024-02-29 15:57:07.918 UTC [48] LOG:  background worker "logical replication launcher" (PID 54) exited with exit code 1
db-1     | 2024-02-29 15:57:07.919 UTC [49] LOG:  shutting down
db-1     | 2024-02-29 15:57:07.919 UTC [49] LOG:  checkpoint starting: shutdown immediate
db-1     | 2024-02-29 15:57:07.924 UTC [49] LOG:  checkpoint complete: wrote 946 buffers (5.8%); 0 WAL file(s) added, 0 removed, 0 recycled; write=0.006 s, sync=0.001 s, total=0.006 s; sync files=0, longest=0.000 s, average=0.000 s; distance=4311 kB, estimate=4311 kB; lsn=0/1920628, redo lsn=0/1920628
db-1     | 2024-02-29 15:57:07.928 UTC [48] LOG:  database system is shut down
db-1     |  done
db-1     | server stopped
db-1     | 
db-1     | PostgreSQL init process complete; ready for start up.
db-1     | 
db-1     | 2024-02-29 15:57:08.031 UTC [1] LOG:  starting PostgreSQL 16.2 (Debian 16.2-1.pgdg120+2) on x86_64-pc-linux-gnu, compiled by gcc (Debian 12.2.0-14) 12.2.0, 64-bit
db-1     | 2024-02-29 15:57:08.031 UTC [1] LOG:  listening on IPv4 address "0.0.0.0", port 5432
db-1     | 2024-02-29 15:57:08.031 UTC [1] LOG:  listening on IPv6 address "::", port 5432
db-1     | 2024-02-29 15:57:08.032 UTC [1] LOG:  listening on Unix socket "/var/run/postgresql/.s.PGSQL.5432"
db-1     | 2024-02-29 15:57:08.115 UTC [66] LOG:  database system was shut down at 2024-02-29 15:57:07 UTC
db-1     | 2024-02-29 15:57:08.119 UTC [1] LOG:  database system is ready to accept connections
api02-1  | INFO:     172.28.0.5:35446 - "GET /clientes/1/extrato HTTP/1.0" 200 OK
api01-1  | INFO:     172.28.0.5:45186 - "GET /clientes/1/extrato HTTP/1.0" 200 OK
api01-1  | INFO:     172.28.0.5:45192 - "POST /clientes/1/transacoes HTTP/1.0" 200 OK
api02-1  | INFO:     172.28.0.5:35456 - "POST /clientes/1/transacoes HTTP/1.0" 200 OK
api02-1  | INFO:     172.28.0.5:35510 - "POST /clientes/1/transacoes HTTP/1.0" 200 OK
api01-1  | INFO:     172.28.0.5:45200 - "POST /clientes/1/transacoes HTTP/1.0" 200 OK
api01-1  | INFO:     172.28.0.5:45256 - "POST /clientes/1/transacoes HTTP/1.0" 200 OK
api01-1  | INFO:     172.28.0.5:45240 - "POST /clientes/1/transacoes HTTP/1.0" 200 OK
api01-1  | INFO:     172.28.0.5:45208 - "POST /clientes/1/transacoes HTTP/1.0" 200 OK
api01-1  | INFO:     172.28.0.5:45230 - "POST /clientes/1/transacoes HTTP/1.0" 200 OK
api02-1  | INFO:     172.28.0.5:35464 - "POST /clientes/1/transacoes HTTP/1.0" 200 OK
api02-1  | INFO:     172.28.0.5:35466 - "POST /clientes/1/transacoes HTTP/1.0" 200 OK
api02-1  | INFO:     172.28.0.5:35498 - "POST /clientes/1/transacoes HTTP/1.0" 200 OK
api01-1  | INFO:     172.28.0.5:45260 - "POST /clientes/1/transacoes HTTP/1.0" 200 OK
api02-1  | INFO:     172.28.0.5:35486 - "POST /clientes/1/transacoes HTTP/1.0" 200 OK
api02-1  | INFO:     172.28.0.5:35474 - "POST /clientes/1/transacoes HTTP/1.0" 200 OK
api02-1  | INFO:     172.28.0.5:35526 - "POST /clientes/1/transacoes HTTP/1.0" 200 OK
api01-1  | INFO:     172.28.0.5:45222 - "POST /clientes/1/transacoes HTTP/1.0" 200 OK
api02-1  | INFO:     172.28.0.5:35530 - "POST /clientes/1/transacoes HTTP/1.0" 200 OK
api02-1  | INFO:     172.28.0.5:35548 - "POST /clientes/1/transacoes HTTP/1.0" 200 OK
api02-1  | INFO:     172.28.0.5:35546 - "POST /clientes/1/transacoes HTTP/1.0" 200 OK
api01-1  | INFO:     172.28.0.5:45276 - "POST /clientes/1/transacoes HTTP/1.0" 200 OK
api01-1  | INFO:     172.28.0.5:45264 - "POST /clientes/1/transacoes HTTP/1.0" 200 OK
api02-1  | INFO:     172.28.0.5:35492 - "POST /clientes/1/transacoes HTTP/1.0" 200 OK
api01-1  | INFO:     172.28.0.5:45284 - "POST /clientes/1/transacoes HTTP/1.0" 200 OK
api02-1  | INFO:     172.28.0.5:35536 - "POST /clientes/1/transacoes HTTP/1.0" 200 OK
api01-1  | INFO:     172.28.0.5:45242 - "POST /clientes/1/transacoes HTTP/1.0" 200 OK
api01-1  | INFO:     172.28.0.5:45300 - "GET /clientes/1/extrato HTTP/1.0" 200 OK
api02-1  | INFO:     172.28.0.5:35562 - "POST /clientes/1/transacoes HTTP/1.0" 200 OK
api02-1  | INFO:     172.28.0.5:35570 - "POST /clientes/1/transacoes HTTP/1.0" 200 OK
api01-1  | INFO:     172.28.0.5:45316 - "POST /clientes/1/transacoes HTTP/1.0" 200 OK
api01-1  | INFO:     172.28.0.5:45340 - "POST /clientes/1/transacoes HTTP/1.0" 200 OK
api01-1  | INFO:     172.28.0.5:45348 - "POST /clientes/1/transacoes HTTP/1.0" 200 OK
api02-1  | INFO:     172.28.0.5:35576 - "POST /clientes/1/transacoes HTTP/1.0" 200 OK
api01-1  | INFO:     172.28.0.5:45356 - "POST /clientes/1/transacoes HTTP/1.0" 200 OK
api02-1  | INFO:     172.28.0.5:35578 - "POST /clientes/1/transacoes HTTP/1.0" 200 OK
api01-1  | INFO:     172.28.0.5:45330 - "POST /clientes/1/transacoes HTTP/1.0" 200 OK
api01-1  | INFO:     172.28.0.5:45320 - "POST /clientes/1/transacoes HTTP/1.0" 200 OK
api02-1  | INFO:     172.28.0.5:35658 - "POST /clientes/1/transacoes HTTP/1.0" 200 OK
api02-1  | INFO:     172.28.0.5:35640 - "POST /clientes/1/transacoes HTTP/1.0" 200 OK
api02-1  | INFO:     172.28.0.5:35588 - "POST /clientes/1/transacoes HTTP/1.0" 200 OK
api01-1  | INFO:     172.28.0.5:45368 - "POST /clientes/1/transacoes HTTP/1.0" 200 OK
api02-1  | INFO:     172.28.0.5:35594 - "POST /clientes/1/transacoes HTTP/1.0" 200 OK
api02-1  | INFO:     172.28.0.5:35620 - "POST /clientes/1/transacoes HTTP/1.0" 200 OK
api01-1  | INFO:     172.28.0.5:45400 - "POST /clientes/1/transacoes HTTP/1.0" 200 OK
api01-1  | INFO:     172.28.0.5:45394 - "POST /clientes/1/transacoes HTTP/1.0" 200 OK
api02-1  | INFO:     172.28.0.5:35622 - "POST /clientes/1/transacoes HTTP/1.0" 200 OK
api01-1  | INFO:     172.28.0.5:45380 - "POST /clientes/1/transacoes HTTP/1.0" 200 OK
api02-1  | INFO:     172.28.0.5:35606 - "POST /clientes/1/transacoes HTTP/1.0" 200 OK
api01-1  | INFO:     172.28.0.5:45398 - "POST /clientes/1/transacoes HTTP/1.0" 200 OK
api02-1  | INFO:     172.28.0.5:35636 - "POST /clientes/1/transacoes HTTP/1.0" 200 OK
api02-1  | INFO:     172.28.0.5:35644 - "POST /clientes/1/transacoes HTTP/1.0" 200 OK
api01-1  | INFO:     172.28.0.5:45352 - "POST /clientes/1/transacoes HTTP/1.0" 200 OK
api01-1  | INFO:     172.28.0.5:45406 - "GET /clientes/1/extrato HTTP/1.0" 200 OK
api02-1  | INFO:     172.28.0.5:35670 - "GET /clientes/6/extrato HTTP/1.0" 404 Not Found
api02-1  | INFO:     172.28.0.5:35690 - "GET /clientes/2/extrato HTTP/1.0" 200 OK
api02-1  | INFO:     172.28.0.5:35686 - "GET /clientes/5/extrato HTTP/1.0" 200 OK
api01-1  | INFO:     172.28.0.5:45412 - "GET /clientes/1/extrato HTTP/1.0" 200 OK
api01-1  | INFO:     172.28.0.5:45432 - "GET /clientes/4/extrato HTTP/1.0" 200 OK
api01-1  | INFO:     172.28.0.5:45426 - "GET /clientes/3/extrato HTTP/1.0" 200 OK
api01-1  | INFO:     172.28.0.5:45446 - "POST /clientes/5/transacoes HTTP/1.0" 200 OK
api01-1  | INFO:     172.28.0.5:45458 - "POST /clientes/3/transacoes HTTP/1.0" 200 OK
api02-1  | INFO:     172.28.0.5:35694 - "POST /clientes/2/transacoes HTTP/1.0" 200 OK
api02-1  | INFO:     172.28.0.5:35706 - "POST /clientes/4/transacoes HTTP/1.0" 200 OK
api02-1  | INFO:     172.28.0.5:35702 - "POST /clientes/1/transacoes HTTP/1.0" 200 OK
api02-1  | INFO:     172.28.0.5:35712 - "POST /clientes/3/transacoes HTTP/1.0" 200 OK
api01-1  | INFO:     172.28.0.5:45462 - "POST /clientes/5/transacoes HTTP/1.0" 200 OK
api01-1  | INFO:     172.28.0.5:45468 - "POST /clientes/2/transacoes HTTP/1.0" 200 OK
api02-1  | INFO:     172.28.0.5:35724 - "POST /clientes/4/transacoes HTTP/1.0" 200 OK
api01-1  | INFO:     172.28.0.5:45478 - "POST /clientes/1/transacoes HTTP/1.0" 200 OK
api02-1  | INFO:     172.28.0.5:35734 - "GET /clientes/3/extrato HTTP/1.0" 200 OK
api01-1  | INFO:     172.28.0.5:45490 - "GET /clientes/2/extrato HTTP/1.0" 200 OK
api02-1  | INFO:     172.28.0.5:35740 - "GET /clientes/5/extrato HTTP/1.0" 200 OK
api02-1  | INFO:     172.28.0.5:35756 - "GET /clientes/4/extrato HTTP/1.0" 200 OK
api01-1  | INFO:     172.28.0.5:45502 - "GET /clientes/1/extrato HTTP/1.0" 200 OK
api02-1  | INFO:     172.28.0.5:35762 - "POST /clientes/2/transacoes HTTP/1.0" 200 OK
api01-1  | INFO:     172.28.0.5:45530 - "POST /clientes/5/transacoes HTTP/1.0" 200 OK
api02-1  | INFO:     172.28.0.5:35768 - "POST /clientes/4/transacoes HTTP/1.0" 200 OK
api01-1  | INFO:     172.28.0.5:45514 - "POST /clientes/3/transacoes HTTP/1.0" 200 OK
api01-1  | INFO:     172.28.0.5:45536 - "POST /clientes/1/transacoes HTTP/1.0" 200 OK
api01-1  | INFO:     172.28.0.5:45626 - "GET /clientes/2/extrato HTTP/1.0" 200 OK
api01-1  | INFO:     172.28.0.5:45548 - "GET /clientes/4/extrato HTTP/1.0" 200 OK
api01-1  | INFO:     172.28.0.5:45594 - "GET /clientes/5/extrato HTTP/1.0" 200 OK
api01-1  | INFO:     172.28.0.5:45564 - "GET /clientes/5/extrato HTTP/1.0" 200 OK
api02-1  | INFO:     172.28.0.5:35840 - "GET /clientes/3/extrato HTTP/1.0" 200 OK
api02-1  | INFO:     172.28.0.5:35808 - "GET /clientes/4/extrato HTTP/1.0" 200 OK
api01-1  | INFO:     172.28.0.5:45580 - "GET /clientes/4/extrato HTTP/1.0" 200 OK
api02-1  | INFO:     172.28.0.5:35826 - "GET /clientes/5/extrato HTTP/1.0" 200 OK
api02-1  | INFO:     172.28.0.5:35848 - "GET /clientes/3/extrato HTTP/1.0" 200 OK
api02-1  | INFO:     172.28.0.5:35796 - "GET /clientes/3/extrato HTTP/1.0" 200 OK
api01-1  | INFO:     172.28.0.5:45638 - "GET /clientes/1/extrato HTTP/1.0" 200 OK
api01-1  | INFO:     172.28.0.5:45606 - "GET /clientes/3/extrato HTTP/1.0" 200 OK
api02-1  | INFO:     172.28.0.5:35890 - "POST /clientes/3/transacoes HTTP/1.0" 422 Unprocessable Entity
api01-1  | INFO:     172.28.0.5:45644 - "POST /clientes/3/transacoes HTTP/1.0" 422 Unprocessable Entity
api02-1  | INFO:     172.28.0.5:35902 - "POST /clientes/3/transacoes HTTP/1.0" 422 Unprocessable Entity
api01-1  | INFO:     172.28.0.5:45656 - "POST /clientes/3/transacoes HTTP/1.0" 422 Unprocessable Entity
api02-1  | INFO:     172.28.0.5:35910 - "POST /clientes/3/transacoes HTTP/1.0" 422 Unprocessable Entity
api01-1  | INFO:     172.28.0.5:45642 - "GET /clientes/2/extrato HTTP/1.0" 200 OK
api02-1  | INFO:     172.28.0.5:35862 - "GET /clientes/1/extrato HTTP/1.0" 200 OK
api01-1  | INFO:     172.28.0.5:45618 - "GET /clientes/2/extrato HTTP/1.0" 200 OK
api01-1  | INFO:     172.28.0.5:45596 - "GET /clientes/4/extrato HTTP/1.0" 200 OK
api01-1  | INFO:     172.28.0.5:45658 - "POST /clientes/4/transacoes HTTP/1.0" 422 Unprocessable Entity
api02-1  | INFO:     172.28.0.5:35916 - "POST /clientes/4/transacoes HTTP/1.0" 422 Unprocessable Entity
api02-1  | INFO:     172.28.0.5:35782 - "GET /clientes/1/extrato HTTP/1.0" 200 OK
api01-1  | INFO:     172.28.0.5:45664 - "POST /clientes/4/transacoes HTTP/1.0" 422 Unprocessable Entity
api02-1  | INFO:     172.28.0.5:35932 - "POST /clientes/4/transacoes HTTP/1.0" 422 Unprocessable Entity
api01-1  | INFO:     172.28.0.5:45676 - "POST /clientes/4/transacoes HTTP/1.0" 422 Unprocessable Entity
api02-1  | INFO:     172.28.0.5:35874 - "GET /clientes/1/extrato HTTP/1.0" 200 OK
api02-1  | INFO:     172.28.0.5:35884 - "GET /clientes/2/extrato HTTP/1.0" 200 OK
api02-1  | INFO:     172.28.0.5:35946 - "POST /clientes/1/transacoes HTTP/1.0" 422 Unprocessable Entity
api02-1  | INFO:     172.28.0.5:35816 - "GET /clientes/5/extrato HTTP/1.0" 200 OK
api01-1  | INFO:     172.28.0.5:45678 - "POST /clientes/2/transacoes HTTP/1.0" 422 Unprocessable Entity
api02-1  | INFO:     172.28.0.5:35962 - "POST /clientes/1/transacoes HTTP/1.0" 422 Unprocessable Entity
api01-1  | INFO:     172.28.0.5:45694 - "POST /clientes/2/transacoes HTTP/1.0" 422 Unprocessable Entity
api02-1  | INFO:     172.28.0.5:35968 - "POST /clientes/5/transacoes HTTP/1.0" 422 Unprocessable Entity
api02-1  | INFO:     172.28.0.5:35978 - "POST /clientes/2/transacoes HTTP/1.0" 422 Unprocessable Entity
api01-1  | INFO:     172.28.0.5:45698 - "POST /clientes/1/transacoes HTTP/1.0" 422 Unprocessable Entity
api01-1  | INFO:     172.28.0.5:45712 - "POST /clientes/5/transacoes HTTP/1.0" 422 Unprocessable Entity
api02-1  | INFO:     172.28.0.5:35990 - "POST /clientes/2/transacoes HTTP/1.0" 422 Unprocessable Entity
api01-1  | INFO:     172.28.0.5:45726 - "POST /clientes/1/transacoes HTTP/1.0" 422 Unprocessable Entity
api02-1  | INFO:     172.28.0.5:35998 - "POST /clientes/5/transacoes HTTP/1.0" 422 Unprocessable Entity
api02-1  | INFO:     172.28.0.5:36000 - "POST /clientes/5/transacoes HTTP/1.0" 422 Unprocessable Entity
api01-1  | INFO:     172.28.0.5:45738 - "POST /clientes/1/transacoes HTTP/1.0" 422 Unprocessable Entity
api01-1  | INFO:     172.28.0.5:45736 - "POST /clientes/2/transacoes HTTP/1.0" 422 Unprocessable Entity
api02-1  | INFO:     172.28.0.5:36008 - "POST /clientes/5/transacoes HTTP/1.0" 422 Unprocessable Entity
api02-1  | INFO:     172.28.0.5:36018 - "POST /clientes/5/transacoes HTTP/1.0" 200 OK
api01-1  | INFO:     172.28.0.5:45740 - "GET /clientes/1/extrato HTTP/1.0" 200 OK
api01-1  | INFO:     172.28.0.5:45744 - "POST /clientes/2/transacoes HTTP/1.0" 200 OK
api01-1  | INFO:     172.28.0.5:60160 - "GET /clientes/3/extrato HTTP/1.0" 200 OK
api02-1  | INFO:     172.28.0.5:44932 - "POST /clientes/2/transacoes HTTP/1.0" 200 OK
api02-1  | INFO:     172.28.0.5:44930 - "POST /clientes/5/transacoes HTTP/1.0" 200 OK
api01-1  | INFO:     172.28.0.5:60176 - "POST /clientes/5/transacoes HTTP/1.0" 200 OK
api01-1  | INFO:     172.28.0.5:60192 - "POST /clientes/1/transacoes HTTP/1.0" 200 OK
api02-1  | INFO:     172.28.0.5:44934 - "POST /clientes/4/transacoes HTTP/1.0" 200 OK
api02-1  | INFO:     172.28.0.5:44938 - "POST /clientes/4/transacoes HTTP/1.0" 200 OK
api02-1  | INFO:     172.28.0.5:44944 - "GET /clientes/2/extrato HTTP/1.0" 200 OK
api01-1  | INFO:     172.28.0.5:60202 - "POST /clientes/1/transacoes HTTP/1.0" 200 OK
api01-1  | INFO:     172.28.0.5:60200 - "POST /clientes/5/transacoes HTTP/1.0" 200 OK
api02-1  | INFO:     172.28.0.5:44960 - "POST /clientes/1/transacoes HTTP/1.0" 200 OK
api01-1  | INFO:     172.28.0.5:60218 - "POST /clientes/4/transacoes HTTP/1.0" 200 OK
api02-1  | INFO:     172.28.0.5:44970 - "POST /clientes/2/transacoes HTTP/1.0" 200 OK
api01-1  | INFO:     172.28.0.5:60220 - "POST /clientes/5/transacoes HTTP/1.0" 200 OK
api02-1  | INFO:     172.28.0.5:44980 - "POST /clientes/1/transacoes HTTP/1.0" 200 OK
api01-1  | INFO:     172.28.0.5:60232 - "POST /clientes/5/transacoes HTTP/1.0" 200 OK
api02-1  | INFO:     172.28.0.5:44996 - "POST /clientes/4/transacoes HTTP/1.0" 200 OK
api01-1  | INFO:     172.28.0.5:60242 - "POST /clientes/2/transacoes HTTP/1.0" 200 OK
api01-1  | INFO:     172.28.0.5:60256 - "POST /clientes/5/transacoes HTTP/1.0" 200 OK
api02-1  | INFO:     172.28.0.5:45002 - "POST /clientes/3/transacoes HTTP/1.0" 200 OK
api02-1  | INFO:     172.28.0.5:45006 - "GET /clientes/4/extrato HTTP/1.0" 200 OK
api01-1  | INFO:     172.28.0.5:60268 - "POST /clientes/3/transacoes HTTP/1.0" 200 OK
api02-1  | INFO:     172.28.0.5:45010 - "POST /clientes/3/transacoes HTTP/1.0" 200 OK
api01-1  | INFO:     172.28.0.5:60276 - "POST /clientes/4/transacoes HTTP/1.0" 200 OK
api02-1  | INFO:     172.28.0.5:45026 - "POST /clientes/5/transacoes HTTP/1.0" 200 OK
api01-1  | INFO:     172.28.0.5:60284 - "POST /clientes/1/transacoes HTTP/1.0" 200 OK
api02-1  | INFO:     172.28.0.5:45028 - "POST /clientes/3/transacoes HTTP/1.0" 200 OK
api01-1  | INFO:     172.28.0.5:60298 - "POST /clientes/5/transacoes HTTP/1.0" 200 OK
api02-1  | INFO:     172.28.0.5:45038 - "POST /clientes/4/transacoes HTTP/1.0" 200 OK
api01-1  | INFO:     172.28.0.5:60310 - "POST /clientes/1/transacoes HTTP/1.0" 200 OK
api01-1  | INFO:     172.28.0.5:60312 - "GET /clientes/1/extrato HTTP/1.0" 200 OK
api02-1  | INFO:     172.28.0.5:45046 - "POST /clientes/1/transacoes HTTP/1.0" 200 OK
api02-1  | INFO:     172.28.0.5:45040 - "POST /clientes/4/transacoes HTTP/1.0" 200 OK
api01-1  | INFO:     172.28.0.5:60320 - "POST /clientes/5/transacoes HTTP/1.0" 200 OK
api02-1  | INFO:     172.28.0.5:45048 - "POST /clientes/5/transacoes HTTP/1.0" 200 OK
api01-1  | INFO:     172.28.0.5:60334 - "POST /clientes/2/transacoes HTTP/1.0" 200 OK
api02-1  | INFO:     172.28.0.5:45062 - "POST /clientes/4/transacoes HTTP/1.0" 200 OK
api01-1  | INFO:     172.28.0.5:60348 - "POST /clientes/5/transacoes HTTP/1.0" 200 OK
api02-1  | INFO:     172.28.0.5:45064 - "POST /clientes/3/transacoes HTTP/1.0" 200 OK
api01-1  | INFO:     172.28.0.5:60362 - "POST /clientes/2/transacoes HTTP/1.0" 200 OK
api02-1  | INFO:     172.28.0.5:45070 - "POST /clientes/3/transacoes HTTP/1.0" 200 OK
api01-1  | INFO:     172.28.0.5:60368 - "POST /clientes/5/transacoes HTTP/1.0" 200 OK
api02-1  | INFO:     172.28.0.5:45078 - "POST /clientes/5/transacoes HTTP/1.0" 200 OK
api01-1  | INFO:     172.28.0.5:60370 - "POST /clientes/1/transacoes HTTP/1.0" 200 OK
api02-1  | INFO:     172.28.0.5:45090 - "POST /clientes/5/transacoes HTTP/1.0" 200 OK
api01-1  | INFO:     172.28.0.5:60378 - "GET /clientes/3/extrato HTTP/1.0" 200 OK
api02-1  | INFO:     172.28.0.5:45096 - "POST /clientes/3/transacoes HTTP/1.0" 200 OK
api01-1  | INFO:     172.28.0.5:60380 - "POST /clientes/3/transacoes HTTP/1.0" 200 OK
api02-1  | INFO:     172.28.0.5:45108 - "POST /clientes/5/transacoes HTTP/1.0" 200 OK
api01-1  | INFO:     172.28.0.5:60384 - "POST /clientes/5/transacoes HTTP/1.0" 200 OK
api02-1  | INFO:     172.28.0.5:45116 - "POST /clientes/4/transacoes HTTP/1.0" 200 OK
api01-1  | INFO:     172.28.0.5:60396 - "POST /clientes/4/transacoes HTTP/1.0" 200 OK
api02-1  | INFO:     172.28.0.5:45130 - "POST /clientes/5/transacoes HTTP/1.0" 200 OK
api01-1  | INFO:     172.28.0.5:60402 - "POST /clientes/2/transacoes HTTP/1.0" 200 OK
api02-1  | INFO:     172.28.0.5:45132 - "POST /clientes/3/transacoes HTTP/1.0" 200 OK
api01-1  | INFO:     172.28.0.5:60412 - "GET /clientes/3/extrato HTTP/1.0" 200 OK
api02-1  | INFO:     172.28.0.5:45136 - "POST /clientes/5/transacoes HTTP/1.0" 200 OK
api01-1  | INFO:     172.28.0.5:60424 - "POST /clientes/2/transacoes HTTP/1.0" 200 OK
api02-1  | INFO:     172.28.0.5:45146 - "POST /clientes/3/transacoes HTTP/1.0" 200 OK
api01-1  | INFO:     172.28.0.5:60430 - "POST /clientes/4/transacoes HTTP/1.0" 200 OK
api02-1  | INFO:     172.28.0.5:45162 - "POST /clientes/4/transacoes HTTP/1.0" 200 OK
api01-1  | INFO:     172.28.0.5:60442 - "POST /clientes/1/transacoes HTTP/1.0" 200 OK
api02-1  | INFO:     172.28.0.5:45166 - "POST /clientes/2/transacoes HTTP/1.0" 200 OK
api01-1  | INFO:     172.28.0.5:60448 - "POST /clientes/3/transacoes HTTP/1.0" 200 OK
api01-1  | INFO:     172.28.0.5:60456 - "POST /clientes/3/transacoes HTTP/1.0" 200 OK
api02-1  | INFO:     172.28.0.5:45178 - "GET /clientes/3/extrato HTTP/1.0" 200 OK
api02-1  | INFO:     172.28.0.5:45172 - "POST /clientes/1/transacoes HTTP/1.0" 200 OK
api01-1  | INFO:     172.28.0.5:60462 - "POST /clientes/4/transacoes HTTP/1.0" 200 OK
api02-1  | INFO:     172.28.0.5:45184 - "POST /clientes/2/transacoes HTTP/1.0" 200 OK
api01-1  | INFO:     172.28.0.5:60466 - "POST /clientes/3/transacoes HTTP/1.0" 200 OK
api02-1  | INFO:     172.28.0.5:45194 - "POST /clientes/1/transacoes HTTP/1.0" 200 OK
api01-1  | INFO:     172.28.0.5:60476 - "POST /clientes/5/transacoes HTTP/1.0" 200 OK
api02-1  | INFO:     172.28.0.5:45206 - "POST /clientes/4/transacoes HTTP/1.0" 200 OK
api01-1  | INFO:     172.28.0.5:60484 - "POST /clientes/1/transacoes HTTP/1.0" 200 OK
api02-1  | INFO:     172.28.0.5:45208 - "POST /clientes/4/transacoes HTTP/1.0" 200 OK
api01-1  | INFO:     172.28.0.5:60490 - "POST /clientes/4/transacoes HTTP/1.0" 200 OK
api02-1  | INFO:     172.28.0.5:45222 - "POST /clientes/1/transacoes HTTP/1.0" 200 OK
api01-1  | INFO:     172.28.0.5:60494 - "POST /clientes/1/transacoes HTTP/1.0" 200 OK
api02-1  | INFO:     172.28.0.5:45236 - "POST /clientes/4/transacoes HTTP/1.0" 200 OK
api01-1  | INFO:     172.28.0.5:60496 - "POST /clientes/3/transacoes HTTP/1.0" 200 OK
api02-1  | INFO:     172.28.0.5:45246 - "POST /clientes/5/transacoes HTTP/1.0" 200 OK
api01-1  | INFO:     172.28.0.5:60508 - "POST /clientes/1/transacoes HTTP/1.0" 200 OK
api02-1  | INFO:     172.28.0.5:45254 - "POST /clientes/4/transacoes HTTP/1.0" 200 OK
api01-1  | INFO:     172.28.0.5:60510 - "POST /clientes/3/transacoes HTTP/1.0" 200 OK
api02-1  | INFO:     172.28.0.5:45262 - "POST /clientes/4/transacoes HTTP/1.0" 200 OK
api02-1  | INFO:     172.28.0.5:45268 - "GET /clientes/1/extrato HTTP/1.0" 200 OK
api01-1  | INFO:     172.28.0.5:60516 - "POST /clientes/4/transacoes HTTP/1.0" 200 OK
api01-1  | INFO:     172.28.0.5:60520 - "POST /clientes/1/transacoes HTTP/1.0" 200 OK
api02-1  | INFO:     172.28.0.5:45274 - "POST /clientes/2/transacoes HTTP/1.0" 200 OK
api01-1  | INFO:     172.28.0.5:60534 - "POST /clientes/1/transacoes HTTP/1.0" 200 OK
api02-1  | INFO:     172.28.0.5:45280 - "POST /clientes/3/transacoes HTTP/1.0" 200 OK
api01-1  | INFO:     172.28.0.5:60548 - "POST /clientes/1/transacoes HTTP/1.0" 200 OK
api02-1  | INFO:     172.28.0.5:45294 - "POST /clientes/4/transacoes HTTP/1.0" 200 OK
api01-1  | INFO:     172.28.0.5:60554 - "POST /clientes/4/transacoes HTTP/1.0" 200 OK
api02-1  | INFO:     172.28.0.5:45302 - "POST /clientes/5/transacoes HTTP/1.0" 200 OK
api01-1  | INFO:     172.28.0.5:60570 - "POST /clientes/2/transacoes HTTP/1.0" 200 OK
api02-1  | INFO:     172.28.0.5:45312 - "POST /clientes/2/transacoes HTTP/1.0" 200 OK
api01-1  | INFO:     172.28.0.5:60586 - "POST /clientes/2/transacoes HTTP/1.0" 200 OK
api02-1  | INFO:     172.28.0.5:45314 - "GET /clientes/5/extrato HTTP/1.0" 200 OK
api01-1  | INFO:     172.28.0.5:60596 - "POST /clientes/4/transacoes HTTP/1.0" 200 OK
api02-1  | INFO:     172.28.0.5:45316 - "POST /clientes/1/transacoes HTTP/1.0" 200 OK
api01-1  | INFO:     172.28.0.5:60610 - "POST /clientes/3/transacoes HTTP/1.0" 200 OK
api02-1  | INFO:     172.28.0.5:45326 - "POST /clientes/2/transacoes HTTP/1.0" 200 OK
api01-1  | INFO:     172.28.0.5:60626 - "POST /clientes/3/transacoes HTTP/1.0" 200 OK
api02-1  | INFO:     172.28.0.5:45336 - "POST /clientes/2/transacoes HTTP/1.0" 200 OK
api01-1  | INFO:     172.28.0.5:60628 - "POST /clientes/5/transacoes HTTP/1.0" 200 OK
api02-1  | INFO:     172.28.0.5:45344 - "POST /clientes/1/transacoes HTTP/1.0" 200 OK
api01-1  | INFO:     172.28.0.5:60640 - "POST /clientes/2/transacoes HTTP/1.0" 200 OK
api02-1  | INFO:     172.28.0.5:45358 - "POST /clientes/1/transacoes HTTP/1.0" 200 OK
api01-1  | INFO:     172.28.0.5:60650 - "POST /clientes/3/transacoes HTTP/1.0" 200 OK
api01-1  | INFO:     172.28.0.5:60658 - "POST /clientes/3/transacoes HTTP/1.0" 200 OK
api02-1  | INFO:     172.28.0.5:45368 - "GET /clientes/2/extrato HTTP/1.0" 200 OK
api02-1  | INFO:     172.28.0.5:45364 - "POST /clientes/1/transacoes HTTP/1.0" 200 OK
api01-1  | INFO:     172.28.0.5:60674 - "POST /clientes/3/transacoes HTTP/1.0" 200 OK
api01-1  | INFO:     172.28.0.5:60684 - "POST /clientes/4/transacoes HTTP/1.0" 200 OK
api02-1  | INFO:     172.28.0.5:45374 - "POST /clientes/1/transacoes HTTP/1.0" 200 OK
api02-1  | INFO:     172.28.0.5:45380 - "POST /clientes/2/transacoes HTTP/1.0" 200 OK
api02-1  | INFO:     172.28.0.5:45392 - "POST /clientes/3/transacoes HTTP/1.0" 200 OK
api01-1  | INFO:     172.28.0.5:60696 - "POST /clientes/3/transacoes HTTP/1.0" 200 OK
api01-1  | INFO:     172.28.0.5:60706 - "POST /clientes/1/transacoes HTTP/1.0" 200 OK
api01-1  | INFO:     172.28.0.5:60714 - "POST /clientes/2/transacoes HTTP/1.0" 200 OK
api02-1  | INFO:     172.28.0.5:45404 - "POST /clientes/5/transacoes HTTP/1.0" 200 OK
api02-1  | INFO:     172.28.0.5:45412 - "POST /clientes/1/transacoes HTTP/1.0" 200 OK
api02-1  | INFO:     172.28.0.5:45416 - "POST /clientes/5/transacoes HTTP/1.0" 200 OK
api01-1  | INFO:     172.28.0.5:60732 - "GET /clientes/2/extrato HTTP/1.0" 200 OK
api01-1  | INFO:     172.28.0.5:60730 - "POST /clientes/2/transacoes HTTP/1.0" 200 OK
api02-1  | INFO:     172.28.0.5:45430 - "POST /clientes/3/transacoes HTTP/1.0" 200 OK
api02-1  | INFO:     172.28.0.5:45446 - "POST /clientes/1/transacoes HTTP/1.0" 200 OK
api01-1  | INFO:     172.28.0.5:60738 - "POST /clientes/4/transacoes HTTP/1.0" 200 OK
api01-1  | INFO:     172.28.0.5:60740 - "POST /clientes/3/transacoes HTTP/1.0" 200 OK
api02-1  | INFO:     172.28.0.5:45460 - "POST /clientes/5/transacoes HTTP/1.0" 200 OK
api01-1  | INFO:     172.28.0.5:60750 - "POST /clientes/5/transacoes HTTP/1.0" 200 OK
api02-1  | INFO:     172.28.0.5:45474 - "POST /clientes/5/transacoes HTTP/1.0" 200 OK
api01-1  | INFO:     172.28.0.5:60758 - "POST /clientes/3/transacoes HTTP/1.0" 200 OK
api02-1  | INFO:     172.28.0.5:45480 - "POST /clientes/4/transacoes HTTP/1.0" 200 OK
api01-1  | INFO:     172.28.0.5:60766 - "POST /clientes/4/transacoes HTTP/1.0" 200 OK
api01-1  | INFO:     172.28.0.5:60782 - "POST /clientes/2/transacoes HTTP/1.0" 200 OK
api02-1  | INFO:     172.28.0.5:45504 - "GET /clientes/1/extrato HTTP/1.0" 200 OK
api02-1  | INFO:     172.28.0.5:45492 - "POST /clientes/3/transacoes HTTP/1.0" 200 OK
api01-1  | INFO:     172.28.0.5:60792 - "POST /clientes/1/transacoes HTTP/1.0" 200 OK
api02-1  | INFO:     172.28.0.5:45506 - "POST /clientes/5/transacoes HTTP/1.0" 200 OK
api01-1  | INFO:     172.28.0.5:60806 - "POST /clientes/3/transacoes HTTP/1.0" 200 OK
api02-1  | INFO:     172.28.0.5:45516 - "POST /clientes/1/transacoes HTTP/1.0" 200 OK
api01-1  | INFO:     172.28.0.5:60816 - "POST /clientes/5/transacoes HTTP/1.0" 200 OK
api02-1  | INFO:     172.28.0.5:45532 - "POST /clientes/5/transacoes HTTP/1.0" 200 OK
api01-1  | INFO:     172.28.0.5:60826 - "POST /clientes/4/transacoes HTTP/1.0" 200 OK
api02-1  | INFO:     172.28.0.5:45544 - "POST /clientes/3/transacoes HTTP/1.0" 200 OK
api01-1  | INFO:     172.28.0.5:60828 - "POST /clientes/4/transacoes HTTP/1.0" 200 OK
api02-1  | INFO:     172.28.0.5:45552 - "POST /clientes/3/transacoes HTTP/1.0" 200 OK
api01-1  | INFO:     172.28.0.5:60838 - "POST /clientes/3/transacoes HTTP/1.0" 200 OK
api02-1  | INFO:     172.28.0.5:45564 - "POST /clientes/4/transacoes HTTP/1.0" 200 OK
api02-1  | INFO:     172.28.0.5:45580 - "POST /clientes/1/transacoes HTTP/1.0" 200 OK
api01-1  | INFO:     172.28.0.5:60848 - "POST /clientes/3/transacoes HTTP/1.0" 200 OK
api01-1  | INFO:     172.28.0.5:60856 - "POST /clientes/3/transacoes HTTP/1.0" 200 OK
api02-1  | INFO:     172.28.0.5:45588 - "POST /clientes/2/transacoes HTTP/1.0" 200 OK
api01-1  | INFO:     172.28.0.5:60862 - "POST /clientes/5/transacoes HTTP/1.0" 200 OK
api02-1  | INFO:     172.28.0.5:45594 - "POST /clientes/4/transacoes HTTP/1.0" 200 OK
api01-1  | INFO:     172.28.0.5:60870 - "POST /clientes/4/transacoes HTTP/1.0" 200 OK
api02-1  | INFO:     172.28.0.5:45610 - "POST /clientes/4/transacoes HTTP/1.0" 200 OK
api01-1  | INFO:     172.28.0.5:60882 - "POST /clientes/4/transacoes HTTP/1.0" 200 OK
api02-1  | INFO:     172.28.0.5:45624 - "POST /clientes/1/transacoes HTTP/1.0" 200 OK
api01-1  | INFO:     172.28.0.5:60888 - "POST /clientes/5/transacoes HTTP/1.0" 200 OK
api02-1  | INFO:     172.28.0.5:45632 - "POST /clientes/4/transacoes HTTP/1.0" 200 OK
api01-1  | INFO:     172.28.0.5:60900 - "POST /clientes/5/transacoes HTTP/1.0" 200 OK
api02-1  | INFO:     172.28.0.5:45640 - "POST /clientes/2/transacoes HTTP/1.0" 200 OK
api01-1  | INFO:     172.28.0.5:60906 - "POST /clientes/2/transacoes HTTP/1.0" 200 OK
api01-1  | INFO:     172.28.0.5:60908 - "POST /clientes/4/transacoes HTTP/1.0" 200 OK
api02-1  | INFO:     172.28.0.5:45648 - "GET /clientes/5/extrato HTTP/1.0" 200 OK
api02-1  | INFO:     172.28.0.5:45650 - "POST /clientes/2/transacoes HTTP/1.0" 200 OK
api01-1  | INFO:     172.28.0.5:60918 - "POST /clientes/4/transacoes HTTP/1.0" 200 OK
api01-1  | INFO:     172.28.0.5:60922 - "POST /clientes/4/transacoes HTTP/1.0" 200 OK
api02-1  | INFO:     172.28.0.5:45652 - "POST /clientes/3/transacoes HTTP/1.0" 200 OK
api02-1  | INFO:     172.28.0.5:40108 - "POST /clientes/3/transacoes HTTP/1.0" 200 OK
api02-1  | INFO:     172.28.0.5:40124 - "POST /clientes/2/transacoes HTTP/1.0" 200 OK
api01-1  | INFO:     172.28.0.5:46678 - "POST /clientes/2/transacoes HTTP/1.0" 200 OK
api01-1  | INFO:     172.28.0.5:46682 - "POST /clientes/3/transacoes HTTP/1.0" 200 OK
api01-1  | INFO:     172.28.0.5:46688 - "POST /clientes/3/transacoes HTTP/1.0" 200 OK
api02-1  | INFO:     172.28.0.5:40128 - "POST /clientes/2/transacoes HTTP/1.0" 200 OK
api02-1  | INFO:     172.28.0.5:40138 - "POST /clientes/4/transacoes HTTP/1.0" 200 OK
api02-1  | INFO:     172.28.0.5:40140 - "POST /clientes/3/transacoes HTTP/1.0" 200 OK
api01-1  | INFO:     172.28.0.5:46702 - "POST /clientes/5/transacoes HTTP/1.0" 200 OK
api01-1  | INFO:     172.28.0.5:46712 - "POST /clientes/5/transacoes HTTP/1.0" 200 OK
api01-1  | INFO:     172.28.0.5:46720 - "POST /clientes/4/transacoes HTTP/1.0" 200 OK
api02-1  | INFO:     172.28.0.5:40156 - "GET /clientes/4/extrato HTTP/1.0" 200 OK
api02-1  | INFO:     172.28.0.5:40152 - "POST /clientes/5/transacoes HTTP/1.0" 200 OK
api01-1  | INFO:     172.28.0.5:46730 - "POST /clientes/1/transacoes HTTP/1.0" 200 OK
api01-1  | INFO:     172.28.0.5:46742 - "POST /clientes/1/transacoes HTTP/1.0" 200 OK
api02-1  | INFO:     172.28.0.5:40160 - "POST /clientes/1/transacoes HTTP/1.0" 200 OK
api02-1  | INFO:     172.28.0.5:40168 - "POST /clientes/4/transacoes HTTP/1.0" 200 OK
api02-1  | INFO:     172.28.0.5:40170 - "POST /clientes/4/transacoes HTTP/1.0" 200 OK
api01-1  | INFO:     172.28.0.5:46748 - "POST /clientes/5/transacoes HTTP/1.0" 200 OK
api01-1  | INFO:     172.28.0.5:46764 - "POST /clientes/1/transacoes HTTP/1.0" 200 OK
api01-1  | INFO:     172.28.0.5:46778 - "POST /clientes/5/transacoes HTTP/1.0" 200 OK
api02-1  | INFO:     172.28.0.5:40176 - "POST /clientes/2/transacoes HTTP/1.0" 200 OK
api02-1  | INFO:     172.28.0.5:40188 - "POST /clientes/1/transacoes HTTP/1.0" 200 OK
api02-1  | INFO:     172.28.0.5:40202 - "POST /clientes/4/transacoes HTTP/1.0" 200 OK
api01-1  | INFO:     172.28.0.5:46794 - "POST /clientes/5/transacoes HTTP/1.0" 200 OK
api01-1  | INFO:     172.28.0.5:46808 - "POST /clientes/5/transacoes HTTP/1.0" 200 OK
api01-1  | INFO:     172.28.0.5:46824 - "GET /clientes/5/extrato HTTP/1.0" 200 OK
api02-1  | INFO:     172.28.0.5:40214 - "POST /clientes/1/transacoes HTTP/1.0" 200 OK
api02-1  | INFO:     172.28.0.5:40216 - "POST /clientes/4/transacoes HTTP/1.0" 200 OK
api01-1  | INFO:     172.28.0.5:46834 - "POST /clientes/1/transacoes HTTP/1.0" 200 OK
api02-1  | INFO:     172.28.0.5:40230 - "POST /clientes/4/transacoes HTTP/1.0" 200 OK
api01-1  | INFO:     172.28.0.5:46848 - "POST /clientes/3/transacoes HTTP/1.0" 200 OK
api02-1  | INFO:     172.28.0.5:40234 - "POST /clientes/4/transacoes HTTP/1.0" 200 OK
api01-1  | INFO:     172.28.0.5:46862 - "POST /clientes/4/transacoes HTTP/1.0" 200 OK
api02-1  | INFO:     172.28.0.5:40236 - "POST /clientes/3/transacoes HTTP/1.0" 200 OK
api01-1  | INFO:     172.28.0.5:46866 - "POST /clientes/5/transacoes HTTP/1.0" 200 OK
api02-1  | INFO:     172.28.0.5:40250 - "POST /clientes/2/transacoes HTTP/1.0" 200 OK
api01-1  | INFO:     172.28.0.5:46872 - "POST /clientes/4/transacoes HTTP/1.0" 200 OK
api02-1  | INFO:     172.28.0.5:40252 - "POST /clientes/5/transacoes HTTP/1.0" 200 OK
api01-1  | INFO:     172.28.0.5:46886 - "POST /clientes/4/transacoes HTTP/1.0" 200 OK
api02-1  | INFO:     172.28.0.5:40264 - "POST /clientes/4/transacoes HTTP/1.0" 200 OK
api01-1  | INFO:     172.28.0.5:46894 - "POST /clientes/5/transacoes HTTP/1.0" 200 OK
api02-1  | INFO:     172.28.0.5:40280 - "POST /clientes/4/transacoes HTTP/1.0" 200 OK
api01-1  | INFO:     172.28.0.5:46904 - "POST /clientes/5/transacoes HTTP/1.0" 200 OK
api01-1  | INFO:     172.28.0.5:46906 - "POST /clientes/4/transacoes HTTP/1.0" 200 OK
api02-1  | INFO:     172.28.0.5:40288 - "GET /clientes/5/extrato HTTP/1.0" 200 OK
api02-1  | INFO:     172.28.0.5:40304 - "POST /clientes/3/transacoes HTTP/1.0" 200 OK
api01-1  | INFO:     172.28.0.5:46922 - "POST /clientes/5/transacoes HTTP/1.0" 200 OK
api02-1  | INFO:     172.28.0.5:40306 - "POST /clientes/4/transacoes HTTP/1.0" 200 OK
api01-1  | INFO:     172.28.0.5:46928 - "POST /clientes/1/transacoes HTTP/1.0" 200 OK
api02-1  | INFO:     172.28.0.5:40312 - "POST /clientes/3/transacoes HTTP/1.0" 200 OK
api01-1  | INFO:     172.28.0.5:46930 - "POST /clientes/5/transacoes HTTP/1.0" 200 OK
api02-1  | INFO:     172.28.0.5:40324 - "POST /clientes/2/transacoes HTTP/1.0" 200 OK
api01-1  | INFO:     172.28.0.5:46940 - "POST /clientes/1/transacoes HTTP/1.0" 200 OK
api02-1  | INFO:     172.28.0.5:40334 - "POST /clientes/1/transacoes HTTP/1.0" 200 OK
api01-1  | INFO:     172.28.0.5:46946 - "POST /clientes/4/transacoes HTTP/1.0" 200 OK
api02-1  | INFO:     172.28.0.5:40340 - "POST /clientes/5/transacoes HTTP/1.0" 200 OK
api01-1  | INFO:     172.28.0.5:46950 - "POST /clientes/1/transacoes HTTP/1.0" 200 OK
api02-1  | INFO:     172.28.0.5:40356 - "POST /clientes/5/transacoes HTTP/1.0" 200 OK
api01-1  | INFO:     172.28.0.5:46952 - "POST /clientes/3/transacoes HTTP/1.0" 200 OK
api02-1  | INFO:     172.28.0.5:40362 - "POST /clientes/2/transacoes HTTP/1.0" 200 OK
api01-1  | INFO:     172.28.0.5:46958 - "POST /clientes/2/transacoes HTTP/1.0" 200 OK
api01-1  | INFO:     172.28.0.5:46964 - "GET /clientes/1/extrato HTTP/1.0" 200 OK
api02-1  | INFO:     172.28.0.5:40378 - "POST /clientes/4/transacoes HTTP/1.0" 200 OK
api02-1  | INFO:     172.28.0.5:40388 - "POST /clientes/4/transacoes HTTP/1.0" 200 OK
api01-1  | INFO:     172.28.0.5:46976 - "POST /clientes/3/transacoes HTTP/1.0" 200 OK
api02-1  | INFO:     172.28.0.5:40404 - "POST /clientes/4/transacoes HTTP/1.0" 200 OK
api01-1  | INFO:     172.28.0.5:46978 - "POST /clientes/5/transacoes HTTP/1.0" 200 OK
api02-1  | INFO:     172.28.0.5:40406 - "POST /clientes/5/transacoes HTTP/1.0" 200 OK
api01-1  | INFO:     172.28.0.5:46994 - "POST /clientes/3/transacoes HTTP/1.0" 200 OK
api02-1  | INFO:     172.28.0.5:40418 - "POST /clientes/2/transacoes HTTP/1.0" 200 OK
api01-1  | INFO:     172.28.0.5:47008 - "POST /clientes/1/transacoes HTTP/1.0" 200 OK
api01-1  | INFO:     172.28.0.5:47022 - "POST /clientes/1/transacoes HTTP/1.0" 200 OK
api02-1  | INFO:     172.28.0.5:40420 - "POST /clientes/3/transacoes HTTP/1.0" 200 OK
api02-1  | INFO:     172.28.0.5:40426 - "POST /clientes/5/transacoes HTTP/1.0" 200 OK
api02-1  | INFO:     172.28.0.5:40432 - "POST /clientes/3/transacoes HTTP/1.0" 200 OK
api01-1  | INFO:     172.28.0.5:47028 - "POST /clientes/2/transacoes HTTP/1.0" 200 OK
api01-1  | INFO:     172.28.0.5:47030 - "POST /clientes/5/transacoes HTTP/1.0" 200 OK
api02-1  | INFO:     172.28.0.5:40436 - "POST /clientes/5/transacoes HTTP/1.0" 200 OK
api01-1  | INFO:     172.28.0.5:47040 - "POST /clientes/2/transacoes HTTP/1.0" 200 OK
api02-1  | INFO:     172.28.0.5:40448 - "POST /clientes/3/transacoes HTTP/1.0" 200 OK
api02-1  | INFO:     172.28.0.5:40452 - "GET /clientes/2/extrato HTTP/1.0" 200 OK
api01-1  | INFO:     172.28.0.5:47058 - "POST /clientes/5/transacoes HTTP/1.0" 200 OK
api01-1  | INFO:     172.28.0.5:47054 - "POST /clientes/1/transacoes HTTP/1.0" 200 OK
api02-1  | INFO:     172.28.0.5:40462 - "POST /clientes/3/transacoes HTTP/1.0" 200 OK
api02-1  | INFO:     172.28.0.5:40466 - "POST /clientes/4/transacoes HTTP/1.0" 200 OK
api01-1  | INFO:     172.28.0.5:47072 - "POST /clientes/1/transacoes HTTP/1.0" 200 OK
api01-1  | INFO:     172.28.0.5:47080 - "POST /clientes/2/transacoes HTTP/1.0" 200 OK
api02-1  | INFO:     172.28.0.5:40482 - "POST /clientes/5/transacoes HTTP/1.0" 200 OK
api01-1  | INFO:     172.28.0.5:47092 - "POST /clientes/5/transacoes HTTP/1.0" 200 OK
api02-1  | INFO:     172.28.0.5:40498 - "POST /clientes/3/transacoes HTTP/1.0" 200 OK
api01-1  | INFO:     172.28.0.5:47096 - "POST /clientes/4/transacoes HTTP/1.0" 200 OK
api02-1  | INFO:     172.28.0.5:40508 - "POST /clientes/4/transacoes HTTP/1.0" 200 OK
api01-1  | INFO:     172.28.0.5:47108 - "POST /clientes/2/transacoes HTTP/1.0" 200 OK
api01-1  | INFO:     172.28.0.5:47112 - "POST /clientes/3/transacoes HTTP/1.0" 200 OK
api02-1  | INFO:     172.28.0.5:40518 - "POST /clientes/2/transacoes HTTP/1.0" 200 OK
api02-1  | INFO:     172.28.0.5:40526 - "POST /clientes/1/transacoes HTTP/1.0" 200 OK
api02-1  | INFO:     172.28.0.5:40534 - "POST /clientes/1/transacoes HTTP/1.0" 200 OK
api01-1  | INFO:     172.28.0.5:47120 - "POST /clientes/1/transacoes HTTP/1.0" 200 OK
api01-1  | INFO:     172.28.0.5:47136 - "POST /clientes/2/transacoes HTTP/1.0" 200 OK
api01-1  | INFO:     172.28.0.5:47138 - "GET /clientes/2/extrato HTTP/1.0" 200 OK
api02-1  | INFO:     172.28.0.5:40544 - "POST /clientes/4/transacoes HTTP/1.0" 200 OK
api02-1  | INFO:     172.28.0.5:40548 - "POST /clientes/3/transacoes HTTP/1.0" 200 OK
api01-1  | INFO:     172.28.0.5:47144 - "POST /clientes/2/transacoes HTTP/1.0" 200 OK
