 Network rinha-nginx-2024q1  Creating
 Network rinha-nginx-2024q1  Created
 Container matheuslao-db-1  Creating
 Container matheuslao-db-1  Created
 Container matheuslao-api01-1  Creating
 Container matheuslao-api02-1  Creating
 Container matheuslao-api02-1  Created
 Container matheuslao-api01-1  Created
 Container matheuslao-nginx-1  Creating
 Container matheuslao-nginx-1  Created
Attaching to api01-1, api02-1, db-1, nginx-1
db-1     | The files belonging to this database system will be owned by user "postgres".
db-1     | This user must also own the server process.
db-1     | 
db-1     | The database cluster will be initialized with locale "en_US.utf8".
db-1     | The default database encoding has accordingly been set to "UTF8".
db-1     | The default text search configuration will be set to "english".
db-1     | 
db-1     | Data page checksums are disabled.
db-1     | 
db-1     | fixing permissions on existing directory /var/lib/postgresql/data ... ok
db-1     | creating subdirectories ... ok
db-1     | selecting dynamic shared memory implementation ... posix
db-1     | selecting default max_connections ... 100
db-1     | selecting default shared_buffers ... 128MB
db-1     | selecting default time zone ... Etc/UTC
db-1     | creating configuration files ... ok
db-1     | running bootstrap script ... ok
nginx-1  | /docker-entrypoint.sh: /docker-entrypoint.d/ is not empty, will attempt to perform configuration
nginx-1  | /docker-entrypoint.sh: Looking for shell scripts in /docker-entrypoint.d/
nginx-1  | /docker-entrypoint.sh: Launching /docker-entrypoint.d/10-listen-on-ipv6-by-default.sh
nginx-1  | 10-listen-on-ipv6-by-default.sh: info: Getting the checksum of /etc/nginx/conf.d/default.conf
nginx-1  | 10-listen-on-ipv6-by-default.sh: info: Enabled listen on IPv6 in /etc/nginx/conf.d/default.conf
nginx-1  | /docker-entrypoint.sh: Sourcing /docker-entrypoint.d/15-local-resolvers.envsh
nginx-1  | /docker-entrypoint.sh: Launching /docker-entrypoint.d/20-envsubst-on-templates.sh
nginx-1  | /docker-entrypoint.sh: Launching /docker-entrypoint.d/30-tune-worker-processes.sh
nginx-1  | /docker-entrypoint.sh: Configuration complete; ready for start up
db-1     | performing post-bootstrap initialization ... ok
db-1     | syncing data to disk ... ok
db-1     | 
db-1     | 
db-1     | Success. You can now start the database server using:
db-1     | 
db-1     |     pg_ctl -D /var/lib/postgresql/data -l logfile start
db-1     | 
db-1     | initdb: warning: enabling "trust" authentication for local connections
db-1     | initdb: hint: You can change this by editing pg_hba.conf or using the option -A, or --auth-local and --auth-host, the next time you run initdb.
db-1     | waiting for server to start....2024-02-16 12:35:36.471 UTC [48] LOG:  starting PostgreSQL 16.2 (Debian 16.2-1.pgdg120+2) on x86_64-pc-linux-gnu, compiled by gcc (Debian 12.2.0-14) 12.2.0, 64-bit
db-1     | 2024-02-16 12:35:36.471 UTC [48] LOG:  listening on Unix socket "/var/run/postgresql/.s.PGSQL.5432"
db-1     | 2024-02-16 12:35:36.473 UTC [51] LOG:  database system was shut down at 2024-02-16 12:35:35 UTC
db-1     | 2024-02-16 12:35:36.515 UTC [48] LOG:  database system is ready to accept connections
db-1     |  done
db-1     | server started
db-1     | CREATE DATABASE
db-1     | 
db-1     | 
db-1     | /usr/local/bin/docker-entrypoint.sh: running /docker-entrypoint-initdb.d/init.sql
db-1     | CREATE TABLE
db-1     | CREATE INDEX
db-1     | CREATE TABLE
db-1     | CREATE INDEX
db-1     | INSERT 0 1
db-1     | INSERT 0 1
db-1     | INSERT 0 1
db-1     | INSERT 0 1
db-1     | INSERT 0 1
db-1     | 
db-1     | 
db-1     | waiting for server to shut down...2024-02-16 12:35:36.746 UTC [48] LOG:  received fast shutdown request
db-1     | .2024-02-16 12:35:36.746 UTC [48] LOG:  aborting any active transactions
db-1     | 2024-02-16 12:35:36.817 UTC [48] LOG:  background worker "logical replication launcher" (PID 54) exited with exit code 1
db-1     | 2024-02-16 12:35:36.817 UTC [49] LOG:  shutting down
db-1     | 2024-02-16 12:35:36.817 UTC [49] LOG:  checkpoint starting: shutdown immediate
db-1     | 2024-02-16 12:35:36.823 UTC [49] LOG:  checkpoint complete: wrote 935 buffers (11.4%); 0 WAL file(s) added, 0 removed, 0 recycled; write=0.006 s, sync=0.001 s, total=0.006 s; sync files=0, longest=0.000 s, average=0.000 s; distance=4290 kB, estimate=4290 kB; lsn=0/191B330, redo lsn=0/191B330
db-1     | 2024-02-16 12:35:36.827 UTC [48] LOG:  database system is shut down
db-1     |  done
db-1     | server stopped
db-1     | 
db-1     | PostgreSQL init process complete; ready for start up.
db-1     | 
db-1     | 2024-02-16 12:35:36.860 UTC [1] LOG:  starting PostgreSQL 16.2 (Debian 16.2-1.pgdg120+2) on x86_64-pc-linux-gnu, compiled by gcc (Debian 12.2.0-14) 12.2.0, 64-bit
db-1     | 2024-02-16 12:35:36.861 UTC [1] LOG:  listening on IPv4 address "0.0.0.0", port 5432
db-1     | 2024-02-16 12:35:36.861 UTC [1] LOG:  listening on IPv6 address "::", port 5432
db-1     | 2024-02-16 12:35:36.861 UTC [1] LOG:  listening on Unix socket "/var/run/postgresql/.s.PGSQL.5432"
db-1     | 2024-02-16 12:35:36.862 UTC [66] LOG:  database system was shut down at 2024-02-16 12:35:36 UTC
db-1     | 2024-02-16 12:35:36.865 UTC [1] LOG:  database system is ready to accept connections
nginx-1  | 2024/02/16 12:35:37 [error] 29#29: *1 connect() failed (111: Connection refused) while connecting to upstream, client: 192.168.240.1, server: , request: "GET /clientes/1/extrato HTTP/1.1", upstream: "http://192.168.240.4:8080/clientes/1/extrato", host: "localhost:9999"
nginx-1  | 2024/02/16 12:35:37 [error] 29#29: *1 connect() failed (111: Connection refused) while connecting to upstream, client: 192.168.240.1, server: , request: "GET /clientes/1/extrato HTTP/1.1", upstream: "http://192.168.240.3:8080/clientes/1/extrato", host: "localhost:9999"
api01-1  | INFO:     Started server process [1]
api01-1  | INFO:     Waiting for application startup.
api02-1  | INFO:     Started server process [1]
api02-1  | INFO:     Waiting for application startup.
api02-1  | INFO:     Application startup complete.
api01-1  | INFO:     Application startup complete.
api02-1  | INFO:     Uvicorn running on http://0.0.0.0:8080 (Press CTRL+C to quit)
api01-1  | INFO:     Uvicorn running on http://0.0.0.0:8080 (Press CTRL+C to quit)
nginx-1  | 2024/02/16 12:35:39 [error] 29#29: *4 no live upstreams while connecting to upstream, client: 192.168.240.1, server: , request: "GET /clientes/1/extrato HTTP/1.1", upstream: "http://api/clientes/1/extrato", host: "localhost:9999"
nginx-1  | 2024/02/16 12:35:41 [error] 29#29: *5 no live upstreams while connecting to upstream, client: 192.168.240.1, server: , request: "GET /clientes/1/extrato HTTP/1.1", upstream: "http://api/clientes/1/extrato", host: "localhost:9999"
nginx-1  | 2024/02/16 12:35:43 [error] 29#29: *6 no live upstreams while connecting to upstream, client: 192.168.240.1, server: , request: "GET /clientes/1/extrato HTTP/1.1", upstream: "http://api/clientes/1/extrato", host: "localhost:9999"
nginx-1  | 2024/02/16 12:35:45 [error] 29#29: *7 no live upstreams while connecting to upstream, client: 192.168.240.1, server: , request: "GET /clientes/1/extrato HTTP/1.1", upstream: "http://api/clientes/1/extrato", host: "localhost:9999"
nginx-1  | 2024/02/16 12:35:47 [error] 29#29: *8 no live upstreams while connecting to upstream, client: 192.168.240.1, server: , request: "GET /clientes/1/extrato HTTP/1.1", upstream: "http://api/clientes/1/extrato", host: "localhost:9999"
api02-1  | INFO:     192.168.240.5:53502 - "GET /clientes/1/extrato HTTP/1.0" 200 OK
api02-1  | INFO:     192.168.240.5:53514 - "GET /clientes/1/extrato HTTP/1.0" 200 OK
api02-1  | INFO:     192.168.240.5:53540 - "POST /clientes/1/transacoes HTTP/1.0" 200 OK
api02-1  | INFO:     192.168.240.5:53566 - "POST /clientes/1/transacoes HTTP/1.0" 200 OK
api02-1  | INFO:     192.168.240.5:53554 - "POST /clientes/1/transacoes HTTP/1.0" 200 OK
api02-1  | INFO:     192.168.240.5:53524 - "POST /clientes/1/transacoes HTTP/1.0" 200 OK
api02-1  | INFO:     192.168.240.5:53544 - "POST /clientes/1/transacoes HTTP/1.0" 200 OK
api02-1  | INFO:     192.168.240.5:53560 - "POST /clientes/1/transacoes HTTP/1.0" 200 OK
api02-1  | INFO:     192.168.240.5:53546 - "POST /clientes/1/transacoes HTTP/1.0" 200 OK
api02-1  | INFO:     192.168.240.5:53574 - "POST /clientes/1/transacoes HTTP/1.0" 200 OK
api02-1  | INFO:     192.168.240.5:53588 - "POST /clientes/1/transacoes HTTP/1.0" 200 OK
api02-1  | INFO:     192.168.240.5:53576 - "POST /clientes/1/transacoes HTTP/1.0" 200 OK
api02-1  | INFO:     192.168.240.5:53578 - "POST /clientes/1/transacoes HTTP/1.0" 200 OK
api02-1  | INFO:     192.168.240.5:53582 - "POST /clientes/1/transacoes HTTP/1.0" 200 OK
api01-1  | INFO:     192.168.240.5:51644 - "POST /clientes/1/transacoes HTTP/1.0" 200 OK
api01-1  | INFO:     192.168.240.5:51634 - "POST /clientes/1/transacoes HTTP/1.0" 200 OK
api01-1  | INFO:     192.168.240.5:51648 - "POST /clientes/1/transacoes HTTP/1.0" 200 OK
api01-1  | INFO:     192.168.240.5:51630 - "POST /clientes/1/transacoes HTTP/1.0" 200 OK
api01-1  | INFO:     192.168.240.5:51628 - "POST /clientes/1/transacoes HTTP/1.0" 200 OK
api01-1  | INFO:     192.168.240.5:51658 - "POST /clientes/1/transacoes HTTP/1.0" 200 OK
api01-1  | INFO:     192.168.240.5:51686 - "POST /clientes/1/transacoes HTTP/1.0" 200 OK
api01-1  | INFO:     192.168.240.5:51688 - "POST /clientes/1/transacoes HTTP/1.0" 200 OK
api01-1  | INFO:     192.168.240.5:51672 - "POST /clientes/1/transacoes HTTP/1.0" 200 OK
api01-1  | INFO:     192.168.240.5:51718 - "POST /clientes/1/transacoes HTTP/1.0" 200 OK
api01-1  | INFO:     192.168.240.5:51732 - "POST /clientes/1/transacoes HTTP/1.0" 200 OK
api01-1  | INFO:     192.168.240.5:51694 - "POST /clientes/1/transacoes HTTP/1.0" 200 OK
api01-1  | INFO:     192.168.240.5:51704 - "POST /clientes/1/transacoes HTTP/1.0" 200 OK
api01-1  | INFO:     192.168.240.5:51746 - "GET /clientes/1/extrato HTTP/1.0" 200 OK
api01-1  | INFO:     192.168.240.5:51762 - "POST /clientes/1/transacoes HTTP/1.0" 200 OK
api02-1  | INFO:     192.168.240.5:53590 - "POST /clientes/1/transacoes HTTP/1.0" 200 OK
api01-1  | INFO:     192.168.240.5:51768 - "POST /clientes/1/transacoes HTTP/1.0" 200 OK
api02-1  | INFO:     192.168.240.5:53596 - "POST /clientes/1/transacoes HTTP/1.0" 200 OK
api01-1  | INFO:     192.168.240.5:51794 - "POST /clientes/1/transacoes HTTP/1.0" 200 OK
api01-1  | INFO:     192.168.240.5:51786 - "POST /clientes/1/transacoes HTTP/1.0" 200 OK
api01-1  | INFO:     192.168.240.5:51774 - "POST /clientes/1/transacoes HTTP/1.0" 200 OK
api01-1  | INFO:     192.168.240.5:51800 - "POST /clientes/1/transacoes HTTP/1.0" 200 OK
api01-1  | INFO:     192.168.240.5:51814 - "POST /clientes/1/transacoes HTTP/1.0" 200 OK
api01-1  | INFO:     192.168.240.5:51830 - "POST /clientes/1/transacoes HTTP/1.0" 200 OK
api01-1  | INFO:     192.168.240.5:51828 - "POST /clientes/1/transacoes HTTP/1.0" 200 OK
api01-1  | INFO:     192.168.240.5:51808 - "POST /clientes/1/transacoes HTTP/1.0" 200 OK
api01-1  | INFO:     192.168.240.5:51818 - "POST /clientes/1/transacoes HTTP/1.0" 200 OK
api01-1  | INFO:     192.168.240.5:51804 - "POST /clientes/1/transacoes HTTP/1.0" 200 OK
api02-1  | INFO:     192.168.240.5:53638 - "POST /clientes/1/transacoes HTTP/1.0" 200 OK
api02-1  | INFO:     192.168.240.5:53652 - "POST /clientes/1/transacoes HTTP/1.0" 200 OK
api02-1  | INFO:     192.168.240.5:53626 - "POST /clientes/1/transacoes HTTP/1.0" 200 OK
api02-1  | INFO:     192.168.240.5:53610 - "POST /clientes/1/transacoes HTTP/1.0" 200 OK
api02-1  | INFO:     192.168.240.5:53658 - "POST /clientes/1/transacoes HTTP/1.0" 200 OK
api02-1  | INFO:     192.168.240.5:53634 - "POST /clientes/1/transacoes HTTP/1.0" 200 OK
api02-1  | INFO:     192.168.240.5:53660 - "POST /clientes/1/transacoes HTTP/1.0" 200 OK
api02-1  | INFO:     192.168.240.5:53664 - "POST /clientes/1/transacoes HTTP/1.0" 200 OK
api02-1  | INFO:     192.168.240.5:53696 - "POST /clientes/1/transacoes HTTP/1.0" 200 OK
api02-1  | INFO:     192.168.240.5:53686 - "POST /clientes/1/transacoes HTTP/1.0" 200 OK
api02-1  | INFO:     192.168.240.5:53674 - "POST /clientes/1/transacoes HTTP/1.0" 200 OK
api02-1  | INFO:     192.168.240.5:53702 - "GET /clientes/1/extrato HTTP/1.0" 200 OK
api01-1  | INFO:     192.168.240.5:51832 - "GET /clientes/6/extrato HTTP/1.0" 404 Not Found
api02-1  | INFO:     192.168.240.5:53718 - "GET /clientes/4/extrato HTTP/1.0" 200 OK
api02-1  | INFO:     192.168.240.5:53706 - "GET /clientes/1/extrato HTTP/1.0" 200 OK
api01-1  | INFO:     192.168.240.5:51834 - "GET /clientes/3/extrato HTTP/1.0" 200 OK
api01-1  | INFO:     192.168.240.5:51836 - "GET /clientes/5/extrato HTTP/1.0" 200 OK
api01-1  | INFO:     192.168.240.5:51848 - "GET /clientes/2/extrato HTTP/1.0" 200 OK
api02-1  | INFO:     192.168.240.5:58300 - "POST /clientes/4/transacoes HTTP/1.0" 200 OK
api01-1  | INFO:     192.168.240.5:41002 - "POST /clientes/1/transacoes HTTP/1.0" 200 OK
api01-1  | INFO:     192.168.240.5:41004 - "POST /clientes/3/transacoes HTTP/1.0" 200 OK
api01-1  | INFO:     192.168.240.5:41018 - "POST /clientes/1/transacoes HTTP/1.0" 200 OK
api01-1  | INFO:     192.168.240.5:41022 - "POST /clientes/4/transacoes HTTP/1.0" 200 OK
api02-1  | INFO:     192.168.240.5:58314 - "POST /clientes/2/transacoes HTTP/1.0" 200 OK
api02-1  | INFO:     192.168.240.5:58322 - "POST /clientes/5/transacoes HTTP/1.0" 200 OK
api02-1  | INFO:     192.168.240.5:58334 - "POST /clientes/3/transacoes HTTP/1.0" 200 OK
api02-1  | INFO:     192.168.240.5:58352 - "GET /clientes/4/extrato HTTP/1.0" 200 OK
api02-1  | INFO:     192.168.240.5:58350 - "GET /clientes/1/extrato HTTP/1.0" 200 OK
api01-1  | INFO:     192.168.240.5:41036 - "POST /clientes/2/transacoes HTTP/1.0" 200 OK
api01-1  | INFO:     192.168.240.5:41052 - "POST /clientes/5/transacoes HTTP/1.0" 200 OK
api01-1  | INFO:     192.168.240.5:41062 - "GET /clientes/3/extrato HTTP/1.0" 200 OK
api01-1  | INFO:     192.168.240.5:41064 - "POST /clientes/1/transacoes HTTP/1.0" 422 Unprocessable Entity
api01-1  | INFO:     192.168.240.5:41068 - "POST /clientes/3/transacoes HTTP/1.0" 422 Unprocessable Entity
api02-1  | INFO:     192.168.240.5:58354 - "POST /clientes/4/transacoes HTTP/1.0" 422 Unprocessable Entity
api02-1  | INFO:     192.168.240.5:58362 - "GET /clientes/2/extrato HTTP/1.0" 200 OK
api01-1  | INFO:     192.168.240.5:41076 - "POST /clientes/3/transacoes HTTP/1.0" 422 Unprocessable Entity
api01-1  | INFO:     192.168.240.5:41086 - "POST /clientes/3/transacoes HTTP/1.0" 422 Unprocessable Entity
api02-1  | INFO:     192.168.240.5:58364 - "GET /clientes/5/extrato HTTP/1.0" 200 OK
api01-1  | INFO:     192.168.240.5:41100 - "POST /clientes/3/transacoes HTTP/1.0" 422 Unprocessable Entity
api02-1  | INFO:     192.168.240.5:58376 - "POST /clientes/1/transacoes HTTP/1.0" 422 Unprocessable Entity
api02-1  | INFO:     192.168.240.5:58386 - "POST /clientes/2/transacoes HTTP/1.0" 422 Unprocessable Entity
api02-1  | INFO:     192.168.240.5:58382 - "POST /clientes/4/transacoes HTTP/1.0" 422 Unprocessable Entity
api02-1  | INFO:     192.168.240.5:58400 - "POST /clientes/2/transacoes HTTP/1.0" 422 Unprocessable Entity
api02-1  | INFO:     192.168.240.5:58412 - "POST /clientes/1/transacoes HTTP/1.0" 422 Unprocessable Entity
api02-1  | INFO:     192.168.240.5:58414 - "POST /clientes/2/transacoes HTTP/1.0" 422 Unprocessable Entity
api02-1  | INFO:     192.168.240.5:58416 - "POST /clientes/2/transacoes HTTP/1.0" 422 Unprocessable Entity
api01-1  | INFO:     192.168.240.5:41108 - "POST /clientes/3/transacoes HTTP/1.0" 422 Unprocessable Entity
api01-1  | INFO:     192.168.240.5:41106 - "POST /clientes/5/transacoes HTTP/1.0" 422 Unprocessable Entity
api01-1  | INFO:     192.168.240.5:41116 - "POST /clientes/1/transacoes HTTP/1.0" 422 Unprocessable Entity
api01-1  | INFO:     192.168.240.5:41114 - "POST /clientes/4/transacoes HTTP/1.0" 422 Unprocessable Entity
api01-1  | INFO:     192.168.240.5:41132 - "POST /clientes/2/transacoes HTTP/1.0" 422 Unprocessable Entity
api02-1  | INFO:     192.168.240.5:58420 - "POST /clientes/5/transacoes HTTP/1.0" 422 Unprocessable Entity
api02-1  | INFO:     192.168.240.5:58430 - "POST /clientes/4/transacoes HTTP/1.0" 422 Unprocessable Entity
api01-1  | INFO:     192.168.240.5:41148 - "POST /clientes/1/transacoes HTTP/1.0" 422 Unprocessable Entity
api01-1  | INFO:     192.168.240.5:41150 - "POST /clientes/5/transacoes HTTP/1.0" 422 Unprocessable Entity
api02-1  | INFO:     192.168.240.5:58432 - "POST /clientes/4/transacoes HTTP/1.0" 422 Unprocessable Entity
api02-1  | INFO:     192.168.240.5:58446 - "POST /clientes/5/transacoes HTTP/1.0" 422 Unprocessable Entity
api01-1  | INFO:     192.168.240.5:41166 - "POST /clientes/5/transacoes HTTP/1.0" 422 Unprocessable Entity
api02-1  | INFO:     192.168.240.5:58448 - "GET /clientes/4/extrato HTTP/1.0" 200 OK
api01-1  | INFO:     192.168.240.5:41172 - "POST /clientes/2/transacoes HTTP/1.0" 200 OK
api02-1  | INFO:     192.168.240.5:58452 - "POST /clientes/1/transacoes HTTP/1.0" 200 OK
api02-1  | INFO:     192.168.240.5:58460 - "POST /clientes/1/transacoes HTTP/1.0" 200 OK
api01-1  | INFO:     192.168.240.5:41184 - "GET /clientes/2/extrato HTTP/1.0" 200 OK
api01-1  | INFO:     192.168.240.5:41190 - "POST /clientes/2/transacoes HTTP/1.0" 200 OK
api02-1  | INFO:     192.168.240.5:58476 - "POST /clientes/2/transacoes HTTP/1.0" 200 OK
api01-1  | INFO:     192.168.240.5:41216 - "POST /clientes/2/transacoes HTTP/1.0" 200 OK
api01-1  | INFO:     192.168.240.5:41200 - "POST /clientes/2/transacoes HTTP/1.0" 200 OK
api02-1  | INFO:     192.168.240.5:58492 - "POST /clientes/5/transacoes HTTP/1.0" 200 OK
api01-1  | INFO:     192.168.240.5:41220 - "POST /clientes/4/transacoes HTTP/1.0" 200 OK
api02-1  | INFO:     192.168.240.5:58496 - "POST /clientes/1/transacoes HTTP/1.0" 200 OK
api02-1  | INFO:     192.168.240.5:58508 - "GET /clientes/2/extrato HTTP/1.0" 200 OK
api01-1  | INFO:     192.168.240.5:41232 - "POST /clientes/4/transacoes HTTP/1.0" 200 OK
api02-1  | INFO:     192.168.240.5:58510 - "POST /clientes/1/transacoes HTTP/1.0" 200 OK
api01-1  | INFO:     192.168.240.5:41238 - "POST /clientes/5/transacoes HTTP/1.0" 200 OK
api01-1  | INFO:     192.168.240.5:41254 - "POST /clientes/4/transacoes HTTP/1.0" 200 OK
api02-1  | INFO:     192.168.240.5:58514 - "POST /clientes/1/transacoes HTTP/1.0" 200 OK
api02-1  | INFO:     192.168.240.5:58518 - "POST /clientes/3/transacoes HTTP/1.0" 200 OK
api01-1  | INFO:     192.168.240.5:41270 - "POST /clientes/1/transacoes HTTP/1.0" 200 OK
api02-1  | INFO:     192.168.240.5:58522 - "POST /clientes/1/transacoes HTTP/1.0" 200 OK
api02-1  | INFO:     192.168.240.5:58534 - "GET /clientes/3/extrato HTTP/1.0" 200 OK
api01-1  | INFO:     192.168.240.5:41276 - "POST /clientes/5/transacoes HTTP/1.0" 200 OK
api01-1  | INFO:     192.168.240.5:41278 - "POST /clientes/2/transacoes HTTP/1.0" 200 OK
api02-1  | INFO:     192.168.240.5:58548 - "POST /clientes/5/transacoes HTTP/1.0" 200 OK
api01-1  | INFO:     192.168.240.5:41280 - "POST /clientes/1/transacoes HTTP/1.0" 200 OK
api02-1  | INFO:     192.168.240.5:58560 - "POST /clientes/3/transacoes HTTP/1.0" 200 OK
api01-1  | INFO:     192.168.240.5:41292 - "POST /clientes/4/transacoes HTTP/1.0" 200 OK
api02-1  | INFO:     192.168.240.5:58572 - "POST /clientes/4/transacoes HTTP/1.0" 200 OK
api01-1  | INFO:     192.168.240.5:41296 - "POST /clientes/5/transacoes HTTP/1.0" 200 OK
api02-1  | INFO:     192.168.240.5:58588 - "POST /clientes/5/transacoes HTTP/1.0" 200 OK
api01-1  | INFO:     192.168.240.5:41300 - "POST /clientes/1/transacoes HTTP/1.0" 200 OK
api02-1  | INFO:     192.168.240.5:58592 - "POST /clientes/1/transacoes HTTP/1.0" 200 OK
api02-1  | INFO:     192.168.240.5:58600 - "POST /clientes/1/transacoes HTTP/1.0" 200 OK
api01-1  | INFO:     192.168.240.5:41314 - "GET /clientes/5/extrato HTTP/1.0" 200 OK
api01-1  | INFO:     192.168.240.5:41318 - "POST /clientes/4/transacoes HTTP/1.0" 200 OK
api01-1  | INFO:     192.168.240.5:41332 - "POST /clientes/5/transacoes HTTP/1.0" 200 OK
api02-1  | INFO:     192.168.240.5:58616 - "POST /clientes/4/transacoes HTTP/1.0" 200 OK
api01-1  | INFO:     192.168.240.5:41346 - "POST /clientes/5/transacoes HTTP/1.0" 200 OK
api02-1  | INFO:     192.168.240.5:58626 - "POST /clientes/1/transacoes HTTP/1.0" 200 OK
api01-1  | INFO:     192.168.240.5:41356 - "POST /clientes/1/transacoes HTTP/1.0" 200 OK
api02-1  | INFO:     192.168.240.5:58630 - "POST /clientes/5/transacoes HTTP/1.0" 200 OK
api01-1  | INFO:     192.168.240.5:41368 - "POST /clientes/1/transacoes HTTP/1.0" 200 OK
api02-1  | INFO:     192.168.240.5:58646 - "POST /clientes/5/transacoes HTTP/1.0" 200 OK
api01-1  | INFO:     192.168.240.5:41370 - "POST /clientes/5/transacoes HTTP/1.0" 200 OK
api02-1  | INFO:     192.168.240.5:58656 - "POST /clientes/2/transacoes HTTP/1.0" 200 OK
api01-1  | INFO:     192.168.240.5:41378 - "POST /clientes/2/transacoes HTTP/1.0" 200 OK
api02-1  | INFO:     192.168.240.5:58668 - "POST /clientes/2/transacoes HTTP/1.0" 200 OK
api02-1  | INFO:     192.168.240.5:58680 - "GET /clientes/5/extrato HTTP/1.0" 200 OK
api01-1  | INFO:     192.168.240.5:41396 - "POST /clientes/2/transacoes HTTP/1.0" 200 OK
api01-1  | INFO:     192.168.240.5:41380 - "POST /clientes/1/transacoes HTTP/1.0" 200 OK
api02-1  | INFO:     192.168.240.5:58690 - "POST /clientes/1/transacoes HTTP/1.0" 200 OK
api01-1  | INFO:     192.168.240.5:41398 - "POST /clientes/2/transacoes HTTP/1.0" 200 OK
api02-1  | INFO:     192.168.240.5:58698 - "POST /clientes/3/transacoes HTTP/1.0" 200 OK
api01-1  | INFO:     192.168.240.5:41406 - "POST /clientes/4/transacoes HTTP/1.0" 200 OK
api02-1  | INFO:     192.168.240.5:58702 - "POST /clientes/1/transacoes HTTP/1.0" 200 OK
api01-1  | INFO:     192.168.240.5:41410 - "POST /clientes/5/transacoes HTTP/1.0" 200 OK
api02-1  | INFO:     192.168.240.5:58714 - "POST /clientes/1/transacoes HTTP/1.0" 200 OK
api01-1  | INFO:     192.168.240.5:41418 - "GET /clientes/5/extrato HTTP/1.0" 200 OK
api02-1  | INFO:     192.168.240.5:58718 - "POST /clientes/2/transacoes HTTP/1.0" 200 OK
api01-1  | INFO:     192.168.240.5:41424 - "POST /clientes/2/transacoes HTTP/1.0" 200 OK
api02-1  | INFO:     192.168.240.5:58730 - "POST /clientes/5/transacoes HTTP/1.0" 200 OK
api01-1  | INFO:     192.168.240.5:41436 - "POST /clientes/1/transacoes HTTP/1.0" 200 OK
api02-1  | INFO:     192.168.240.5:58742 - "POST /clientes/4/transacoes HTTP/1.0" 200 OK
api01-1  | INFO:     192.168.240.5:41440 - "POST /clientes/5/transacoes HTTP/1.0" 200 OK
api02-1  | INFO:     192.168.240.5:58744 - "POST /clientes/4/transacoes HTTP/1.0" 200 OK
api01-1  | INFO:     192.168.240.5:41448 - "POST /clientes/5/transacoes HTTP/1.0" 200 OK
api02-1  | INFO:     192.168.240.5:58758 - "GET /clientes/4/extrato HTTP/1.0" 200 OK
api01-1  | INFO:     192.168.240.5:41464 - "POST /clientes/5/transacoes HTTP/1.0" 200 OK
api01-1  | INFO:     192.168.240.5:41470 - "POST /clientes/4/transacoes HTTP/1.0" 200 OK
api02-1  | INFO:     192.168.240.5:58760 - "POST /clientes/3/transacoes HTTP/1.0" 200 OK
api01-1  | INFO:     192.168.240.5:41480 - "POST /clientes/3/transacoes HTTP/1.0" 200 OK
api02-1  | INFO:     192.168.240.5:58770 - "POST /clientes/2/transacoes HTTP/1.0" 200 OK
api01-1  | INFO:     192.168.240.5:41484 - "POST /clientes/2/transacoes HTTP/1.0" 200 OK
api02-1  | INFO:     192.168.240.5:58786 - "POST /clientes/5/transacoes HTTP/1.0" 200 OK
api01-1  | INFO:     192.168.240.5:41500 - "POST /clientes/1/transacoes HTTP/1.0" 200 OK
api02-1  | INFO:     192.168.240.5:58794 - "POST /clientes/4/transacoes HTTP/1.0" 200 OK
api01-1  | INFO:     192.168.240.5:41512 - "POST /clientes/5/transacoes HTTP/1.0" 200 OK
api02-1  | INFO:     192.168.240.5:58808 - "POST /clientes/2/transacoes HTTP/1.0" 200 OK
api01-1  | INFO:     192.168.240.5:41518 - "POST /clientes/1/transacoes HTTP/1.0" 200 OK
api02-1  | INFO:     192.168.240.5:58812 - "POST /clientes/2/transacoes HTTP/1.0" 200 OK
api01-1  | INFO:     192.168.240.5:41524 - "POST /clientes/3/transacoes HTTP/1.0" 200 OK
api02-1  | INFO:     192.168.240.5:58828 - "POST /clientes/1/transacoes HTTP/1.0" 200 OK
api01-1  | INFO:     192.168.240.5:41536 - "POST /clientes/2/transacoes HTTP/1.0" 200 OK
api02-1  | INFO:     192.168.240.5:58836 - "POST /clientes/2/transacoes HTTP/1.0" 200 OK
api01-1  | INFO:     192.168.240.5:41544 - "POST /clientes/3/transacoes HTTP/1.0" 200 OK
api02-1  | INFO:     192.168.240.5:58846 - "POST /clientes/2/transacoes HTTP/1.0" 200 OK
api01-1  | INFO:     192.168.240.5:41554 - "POST /clientes/2/transacoes HTTP/1.0" 200 OK
api01-1  | INFO:     192.168.240.5:41566 - "POST /clientes/1/transacoes HTTP/1.0" 200 OK
api02-1  | INFO:     192.168.240.5:58854 - "GET /clientes/2/extrato HTTP/1.0" 200 OK
api02-1  | INFO:     192.168.240.5:58858 - "POST /clientes/4/transacoes HTTP/1.0" 200 OK
api01-1  | INFO:     192.168.240.5:41582 - "POST /clientes/1/transacoes HTTP/1.0" 200 OK
api02-1  | INFO:     192.168.240.5:58874 - "POST /clientes/4/transacoes HTTP/1.0" 200 OK
api01-1  | INFO:     192.168.240.5:41586 - "POST /clientes/4/transacoes HTTP/1.0" 200 OK
api02-1  | INFO:     192.168.240.5:58890 - "POST /clientes/2/transacoes HTTP/1.0" 200 OK
api01-1  | INFO:     192.168.240.5:41592 - "POST /clientes/4/transacoes HTTP/1.0" 200 OK
api02-1  | INFO:     192.168.240.5:58894 - "POST /clientes/2/transacoes HTTP/1.0" 200 OK
api01-1  | INFO:     192.168.240.5:41596 - "POST /clientes/2/transacoes HTTP/1.0" 200 OK
api02-1  | INFO:     192.168.240.5:58902 - "POST /clientes/2/transacoes HTTP/1.0" 200 OK
api01-1  | INFO:     192.168.240.5:41604 - "POST /clientes/4/transacoes HTTP/1.0" 200 OK
api02-1  | INFO:     192.168.240.5:58910 - "POST /clientes/4/transacoes HTTP/1.0" 200 OK
api01-1  | INFO:     192.168.240.5:41618 - "GET /clientes/1/extrato HTTP/1.0" 200 OK
api02-1  | INFO:     192.168.240.5:58918 - "POST /clientes/2/transacoes HTTP/1.0" 200 OK
api01-1  | INFO:     192.168.240.5:41624 - "POST /clientes/5/transacoes HTTP/1.0" 200 OK
api02-1  | INFO:     192.168.240.5:58934 - "POST /clientes/2/transacoes HTTP/1.0" 200 OK
api01-1  | INFO:     192.168.240.5:41630 - "POST /clientes/4/transacoes HTTP/1.0" 200 OK
api02-1  | INFO:     192.168.240.5:58942 - "POST /clientes/3/transacoes HTTP/1.0" 200 OK
api01-1  | INFO:     192.168.240.5:41644 - "POST /clientes/1/transacoes HTTP/1.0" 200 OK
api02-1  | INFO:     192.168.240.5:58946 - "POST /clientes/1/transacoes HTTP/1.0" 200 OK
api01-1  | INFO:     192.168.240.5:41654 - "POST /clientes/4/transacoes HTTP/1.0" 200 OK
api02-1  | INFO:     192.168.240.5:58950 - "POST /clientes/1/transacoes HTTP/1.0" 200 OK
api01-1  | INFO:     192.168.240.5:41666 - "POST /clientes/3/transacoes HTTP/1.0" 200 OK
api02-1  | INFO:     192.168.240.5:58962 - "POST /clientes/4/transacoes HTTP/1.0" 200 OK
api02-1  | INFO:     192.168.240.5:58966 - "POST /clientes/3/transacoes HTTP/1.0" 200 OK
api01-1  | INFO:     192.168.240.5:41678 - "GET /clientes/4/extrato HTTP/1.0" 200 OK
api01-1  | INFO:     192.168.240.5:41682 - "POST /clientes/2/transacoes HTTP/1.0" 200 OK
api02-1  | INFO:     192.168.240.5:58976 - "POST /clientes/5/transacoes HTTP/1.0" 200 OK
api02-1  | INFO:     192.168.240.5:58984 - "POST /clientes/2/transacoes HTTP/1.0" 200 OK
api01-1  | INFO:     192.168.240.5:41698 - "POST /clientes/2/transacoes HTTP/1.0" 200 OK
api01-1  | INFO:     192.168.240.5:41704 - "POST /clientes/2/transacoes HTTP/1.0" 200 OK
api02-1  | INFO:     192.168.240.5:59000 - "POST /clientes/3/transacoes HTTP/1.0" 200 OK
api02-1  | INFO:     192.168.240.5:59012 - "POST /clientes/5/transacoes HTTP/1.0" 200 OK
api01-1  | INFO:     192.168.240.5:41714 - "POST /clientes/1/transacoes HTTP/1.0" 200 OK
api01-1  | INFO:     192.168.240.5:41720 - "POST /clientes/1/transacoes HTTP/1.0" 200 OK
api02-1  | INFO:     192.168.240.5:59022 - "POST /clientes/2/transacoes HTTP/1.0" 200 OK
api02-1  | INFO:     192.168.240.5:59028 - "POST /clientes/1/transacoes HTTP/1.0" 200 OK
api02-1  | INFO:     192.168.240.5:59030 - "POST /clientes/5/transacoes HTTP/1.0" 200 OK
api01-1  | INFO:     192.168.240.5:41728 - "POST /clientes/2/transacoes HTTP/1.0" 200 OK
api01-1  | INFO:     192.168.240.5:41724 - "GET /clientes/5/extrato HTTP/1.0" 200 OK
api02-1  | INFO:     192.168.240.5:59044 - "POST /clientes/5/transacoes HTTP/1.0" 200 OK
api01-1  | INFO:     192.168.240.5:41732 - "POST /clientes/4/transacoes HTTP/1.0" 200 OK
api02-1  | INFO:     192.168.240.5:59048 - "POST /clientes/1/transacoes HTTP/1.0" 200 OK
api01-1  | INFO:     192.168.240.5:41734 - "POST /clientes/5/transacoes HTTP/1.0" 200 OK
api02-1  | INFO:     192.168.240.5:59064 - "POST /clientes/2/transacoes HTTP/1.0" 200 OK
api01-1  | INFO:     192.168.240.5:41736 - "POST /clientes/4/transacoes HTTP/1.0" 200 OK
api01-1  | INFO:     192.168.240.5:41746 - "POST /clientes/2/transacoes HTTP/1.0" 200 OK
api02-1  | INFO:     192.168.240.5:59084 - "POST /clientes/3/transacoes HTTP/1.0" 200 OK
api02-1  | INFO:     192.168.240.5:59078 - "POST /clientes/2/transacoes HTTP/1.0" 200 OK
api01-1  | INFO:     192.168.240.5:41754 - "POST /clientes/3/transacoes HTTP/1.0" 200 OK
api02-1  | INFO:     192.168.240.5:59090 - "GET /clientes/5/extrato HTTP/1.0" 200 OK
api01-1  | INFO:     192.168.240.5:41768 - "POST /clientes/2/transacoes HTTP/1.0" 200 OK
api01-1  | INFO:     192.168.240.5:41772 - "POST /clientes/2/transacoes HTTP/1.0" 200 OK
api02-1  | INFO:     192.168.240.5:39436 - "POST /clientes/3/transacoes HTTP/1.0" 200 OK
api01-1  | INFO:     192.168.240.5:42350 - "POST /clientes/1/transacoes HTTP/1.0" 200 OK
api02-1  | INFO:     192.168.240.5:39452 - "POST /clientes/1/transacoes HTTP/1.0" 200 OK
api01-1  | INFO:     192.168.240.5:42360 - "POST /clientes/2/transacoes HTTP/1.0" 200 OK
api02-1  | INFO:     192.168.240.5:39460 - "POST /clientes/2/transacoes HTTP/1.0" 200 OK
api01-1  | INFO:     192.168.240.5:42370 - "POST /clientes/1/transacoes HTTP/1.0" 200 OK
api02-1  | INFO:     192.168.240.5:39466 - "POST /clientes/4/transacoes HTTP/1.0" 200 OK
api01-1  | INFO:     192.168.240.5:42372 - "POST /clientes/5/transacoes HTTP/1.0" 200 OK
api02-1  | INFO:     192.168.240.5:39470 - "POST /clientes/5/transacoes HTTP/1.0" 200 OK
api01-1  | INFO:     192.168.240.5:42374 - "POST /clientes/5/transacoes HTTP/1.0" 200 OK
api02-1  | INFO:     192.168.240.5:39472 - "POST /clientes/2/transacoes HTTP/1.0" 200 OK
api01-1  | INFO:     192.168.240.5:42390 - "POST /clientes/2/transacoes HTTP/1.0" 200 OK
api02-1  | INFO:     192.168.240.5:39482 - "POST /clientes/1/transacoes HTTP/1.0" 200 OK
api01-1  | INFO:     192.168.240.5:42394 - "POST /clientes/3/transacoes HTTP/1.0" 200 OK
api02-1  | INFO:     192.168.240.5:39498 - "POST /clientes/4/transacoes HTTP/1.0" 200 OK
api01-1  | INFO:     192.168.240.5:42404 - "POST /clientes/4/transacoes HTTP/1.0" 200 OK
api02-1  | INFO:     192.168.240.5:39508 - "POST /clientes/2/transacoes HTTP/1.0" 200 OK
api01-1  | INFO:     192.168.240.5:42414 - "POST /clientes/2/transacoes HTTP/1.0" 200 OK
api02-1  | INFO:     192.168.240.5:39524 - "POST /clientes/1/transacoes HTTP/1.0" 200 OK
api01-1  | INFO:     192.168.240.5:42416 - "POST /clientes/4/transacoes HTTP/1.0" 200 OK
api02-1  | INFO:     192.168.240.5:39538 - "POST /clientes/1/transacoes HTTP/1.0" 200 OK
api01-1  | INFO:     192.168.240.5:42426 - "POST /clientes/2/transacoes HTTP/1.0" 200 OK
api02-1  | INFO:     192.168.240.5:39542 - "POST /clientes/1/transacoes HTTP/1.0" 200 OK
api01-1  | INFO:     192.168.240.5:42440 - "POST /clientes/5/transacoes HTTP/1.0" 200 OK
api02-1  | INFO:     192.168.240.5:39544 - "POST /clientes/2/transacoes HTTP/1.0" 200 OK
api01-1  | INFO:     192.168.240.5:42446 - "POST /clientes/5/transacoes HTTP/1.0" 200 OK
api02-1  | INFO:     192.168.240.5:39554 - "POST /clientes/5/transacoes HTTP/1.0" 200 OK
api02-1  | INFO:     192.168.240.5:39562 - "GET /clientes/1/extrato HTTP/1.0" 200 OK
api01-1  | INFO:     192.168.240.5:42448 - "POST /clientes/4/transacoes HTTP/1.0" 200 OK
api01-1  | INFO:     192.168.240.5:42458 - "POST /clientes/5/transacoes HTTP/1.0" 200 OK
api02-1  | INFO:     192.168.240.5:39568 - "POST /clientes/2/transacoes HTTP/1.0" 200 OK
api01-1  | INFO:     192.168.240.5:42468 - "POST /clientes/3/transacoes HTTP/1.0" 200 OK
api02-1  | INFO:     192.168.240.5:39584 - "POST /clientes/2/transacoes HTTP/1.0" 200 OK
api01-1  | INFO:     192.168.240.5:42474 - "POST /clientes/5/transacoes HTTP/1.0" 200 OK
api02-1  | INFO:     192.168.240.5:39598 - "POST /clientes/4/transacoes HTTP/1.0" 200 OK
api01-1  | INFO:     192.168.240.5:42486 - "POST /clientes/1/transacoes HTTP/1.0" 200 OK
api02-1  | INFO:     192.168.240.5:39612 - "POST /clientes/1/transacoes HTTP/1.0" 200 OK
api01-1  | INFO:     192.168.240.5:42500 - "POST /clientes/2/transacoes HTTP/1.0" 200 OK
api02-1  | INFO:     192.168.240.5:39620 - "POST /clientes/3/transacoes HTTP/1.0" 200 OK
api01-1  | INFO:     192.168.240.5:42516 - "POST /clientes/1/transacoes HTTP/1.0" 200 OK
api02-1  | INFO:     192.168.240.5:39622 - "POST /clientes/3/transacoes HTTP/1.0" 200 OK
api01-1  | INFO:     192.168.240.5:42532 - "POST /clientes/4/transacoes HTTP/1.0" 200 OK
api02-1  | INFO:     192.168.240.5:39628 - "POST /clientes/2/transacoes HTTP/1.0" 200 OK
api02-1  | INFO:     192.168.240.5:39638 - "GET /clientes/5/extrato HTTP/1.0" 200 OK
api01-1  | INFO:     192.168.240.5:42546 - "POST /clientes/1/transacoes HTTP/1.0" 200 OK
api01-1  | INFO:     192.168.240.5:42538 - "POST /clientes/1/transacoes HTTP/1.0" 200 OK
api02-1  | INFO:     192.168.240.5:39646 - "POST /clientes/3/transacoes HTTP/1.0" 200 OK
api01-1  | INFO:     192.168.240.5:42558 - "POST /clientes/5/transacoes HTTP/1.0" 200 OK
api02-1  | INFO:     192.168.240.5:39648 - "POST /clientes/3/transacoes HTTP/1.0" 200 OK
api01-1  | INFO:     192.168.240.5:42570 - "POST /clientes/4/transacoes HTTP/1.0" 200 OK
api02-1  | INFO:     192.168.240.5:39650 - "POST /clientes/3/transacoes HTTP/1.0" 200 OK
api01-1  | INFO:     192.168.240.5:42578 - "POST /clientes/2/transacoes HTTP/1.0" 200 OK
api02-1  | INFO:     192.168.240.5:39662 - "POST /clientes/5/transacoes HTTP/1.0" 200 OK
api02-1  | INFO:     192.168.240.5:39664 - "POST /clientes/5/transacoes HTTP/1.0" 200 OK
api01-1  | INFO:     192.168.240.5:42592 - "POST /clientes/2/transacoes HTTP/1.0" 200 OK
api01-1  | INFO:     192.168.240.5:42604 - "POST /clientes/3/transacoes HTTP/1.0" 200 OK
api02-1  | INFO:     192.168.240.5:39666 - "POST /clientes/3/transacoes HTTP/1.0" 200 OK
api01-1  | INFO:     192.168.240.5:42618 - "POST /clientes/1/transacoes HTTP/1.0" 200 OK
api02-1  | INFO:     192.168.240.5:39680 - "POST /clientes/2/transacoes HTTP/1.0" 200 OK
api01-1  | INFO:     192.168.240.5:42634 - "POST /clientes/2/transacoes HTTP/1.0" 200 OK
api02-1  | INFO:     192.168.240.5:39688 - "POST /clientes/5/transacoes HTTP/1.0" 200 OK
api02-1  | INFO:     192.168.240.5:39686 - "GET /clientes/2/extrato HTTP/1.0" 200 OK
api01-1  | INFO:     192.168.240.5:42650 - "POST /clientes/5/transacoes HTTP/1.0" 200 OK
api02-1  | INFO:     192.168.240.5:39694 - "POST /clientes/5/transacoes HTTP/1.0" 200 OK
api01-1  | INFO:     192.168.240.5:42664 - "POST /clientes/3/transacoes HTTP/1.0" 200 OK
api02-1  | INFO:     192.168.240.5:39708 - "POST /clientes/5/transacoes HTTP/1.0" 200 OK
api01-1  | INFO:     192.168.240.5:42674 - "POST /clientes/4/transacoes HTTP/1.0" 200 OK
api02-1  | INFO:     192.168.240.5:39720 - "POST /clientes/3/transacoes HTTP/1.0" 200 OK
api01-1  | INFO:     192.168.240.5:42682 - "POST /clientes/1/transacoes HTTP/1.0" 200 OK
api02-1  | INFO:     192.168.240.5:39734 - "POST /clientes/2/transacoes HTTP/1.0" 200 OK
api01-1  | INFO:     192.168.240.5:42694 - "POST /clientes/4/transacoes HTTP/1.0" 200 OK
api02-1  | INFO:     192.168.240.5:39748 - "POST /clientes/2/transacoes HTTP/1.0" 200 OK
api01-1  | INFO:     192.168.240.5:42704 - "POST /clientes/3/transacoes HTTP/1.0" 200 OK
api02-1  | INFO:     192.168.240.5:39762 - "POST /clientes/1/transacoes HTTP/1.0" 200 OK
api01-1  | INFO:     192.168.240.5:42716 - "POST /clientes/3/transacoes HTTP/1.0" 200 OK
api02-1  | INFO:     192.168.240.5:39772 - "POST /clientes/1/transacoes HTTP/1.0" 200 OK
api01-1  | INFO:     192.168.240.5:42726 - "POST /clientes/4/transacoes HTTP/1.0" 200 OK
api02-1  | INFO:     192.168.240.5:39774 - "GET /clientes/2/extrato HTTP/1.0" 200 OK
api01-1  | INFO:     192.168.240.5:42742 - "POST /clientes/1/transacoes HTTP/1.0" 200 OK
api01-1  | INFO:     192.168.240.5:42738 - "POST /clientes/2/transacoes HTTP/1.0" 200 OK
api02-1  | INFO:     192.168.240.5:39788 - "POST /clientes/1/transacoes HTTP/1.0" 200 OK
api01-1  | INFO:     192.168.240.5:42744 - "POST /clientes/2/transacoes HTTP/1.0" 200 OK
api02-1  | INFO:     192.168.240.5:39796 - "POST /clientes/4/transacoes HTTP/1.0" 200 OK
api01-1  | INFO:     192.168.240.5:42750 - "POST /clientes/5/transacoes HTTP/1.0" 200 OK
api02-1  | INFO:     192.168.240.5:39806 - "POST /clientes/4/transacoes HTTP/1.0" 200 OK
api01-1  | INFO:     192.168.240.5:42764 - "POST /clientes/5/transacoes HTTP/1.0" 200 OK
api02-1  | INFO:     192.168.240.5:39818 - "POST /clientes/1/transacoes HTTP/1.0" 200 OK
api01-1  | INFO:     192.168.240.5:42770 - "POST /clientes/1/transacoes HTTP/1.0" 200 OK
api02-1  | INFO:     192.168.240.5:39820 - "POST /clientes/2/transacoes HTTP/1.0" 200 OK
api01-1  | INFO:     192.168.240.5:42784 - "POST /clientes/4/transacoes HTTP/1.0" 200 OK
api02-1  | INFO:     192.168.240.5:39826 - "POST /clientes/4/transacoes HTTP/1.0" 200 OK
api01-1  | INFO:     192.168.240.5:42790 - "POST /clientes/3/transacoes HTTP/1.0" 200 OK
api02-1  | INFO:     192.168.240.5:39834 - "POST /clientes/4/transacoes HTTP/1.0" 200 OK
api01-1  | INFO:     192.168.240.5:42798 - "POST /clientes/1/transacoes HTTP/1.0" 200 OK
api02-1  | INFO:     192.168.240.5:39842 - "POST /clientes/4/transacoes HTTP/1.0" 200 OK
api02-1  | INFO:     192.168.240.5:39858 - "POST /clientes/4/transacoes HTTP/1.0" 200 OK
api01-1  | INFO:     192.168.240.5:42802 - "GET /clientes/2/extrato HTTP/1.0" 200 OK
api01-1  | INFO:     192.168.240.5:42806 - "POST /clientes/5/transacoes HTTP/1.0" 200 OK
api02-1  | INFO:     192.168.240.5:39866 - "POST /clientes/3/transacoes HTTP/1.0" 200 OK
api01-1  | INFO:     192.168.240.5:42808 - "POST /clientes/5/transacoes HTTP/1.0" 200 OK
api02-1  | INFO:     192.168.240.5:39868 - "POST /clientes/3/transacoes HTTP/1.0" 200 OK
api02-1  | INFO:     192.168.240.5:39880 - "POST /clientes/1/transacoes HTTP/1.0" 200 OK
api02-1  | INFO:     192.168.240.5:39886 - "POST /clientes/2/transacoes HTTP/1.0" 200 OK
api01-1  | INFO:     192.168.240.5:42816 - "POST /clientes/4/transacoes HTTP/1.0" 200 OK
api01-1  | INFO:     192.168.240.5:42820 - "POST /clientes/1/transacoes HTTP/1.0" 200 OK
api02-1  | INFO:     192.168.240.5:39892 - "POST /clientes/1/transacoes HTTP/1.0" 200 OK
api01-1  | INFO:     192.168.240.5:42832 - "POST /clientes/3/transacoes HTTP/1.0" 200 OK
api02-1  | INFO:     192.168.240.5:39906 - "POST /clientes/1/transacoes HTTP/1.0" 200 OK
api01-1  | INFO:     192.168.240.5:42858 - "POST /clientes/3/transacoes HTTP/1.0" 200 OK
api01-1  | INFO:     192.168.240.5:42846 - "POST /clientes/5/transacoes HTTP/1.0" 200 OK
api02-1  | INFO:     192.168.240.5:39922 - "POST /clientes/5/transacoes HTTP/1.0" 200 OK
api02-1  | INFO:     192.168.240.5:39926 - "POST /clientes/2/transacoes HTTP/1.0" 200 OK
api01-1  | INFO:     192.168.240.5:42864 - "POST /clientes/1/transacoes HTTP/1.0" 200 OK
api02-1  | INFO:     192.168.240.5:39934 - "POST /clientes/3/transacoes HTTP/1.0" 200 OK
api02-1  | INFO:     192.168.240.5:39938 - "POST /clientes/4/transacoes HTTP/1.0" 200 OK
api01-1  | INFO:     192.168.240.5:42874 - "GET /clientes/4/extrato HTTP/1.0" 200 OK
api01-1  | INFO:     192.168.240.5:42868 - "POST /clientes/5/transacoes HTTP/1.0" 200 OK
api01-1  | INFO:     192.168.240.5:42878 - "POST /clientes/3/transacoes HTTP/1.0" 200 OK
api01-1  | INFO:     192.168.240.5:42882 - "POST /clientes/5/transacoes HTTP/1.0" 200 OK
api02-1  | INFO:     192.168.240.5:39954 - "POST /clientes/3/transacoes HTTP/1.0" 200 OK
api02-1  | INFO:     192.168.240.5:39962 - "POST /clientes/5/transacoes HTTP/1.0" 200 OK
api02-1  | INFO:     192.168.240.5:39976 - "POST /clientes/2/transacoes HTTP/1.0" 422 Unprocessable Entity
api01-1  | INFO:     192.168.240.5:42892 - "POST /clientes/2/transacoes HTTP/1.0" 200 OK
api01-1  | INFO:     192.168.240.5:42906 - "POST /clientes/5/transacoes HTTP/1.0" 200 OK
api02-1  | INFO:     192.168.240.5:39980 - "POST /clientes/4/transacoes HTTP/1.0" 200 OK
api01-1  | INFO:     192.168.240.5:42922 - "POST /clientes/4/transacoes HTTP/1.0" 200 OK
api02-1  | INFO:     192.168.240.5:39988 - "POST /clientes/1/transacoes HTTP/1.0" 200 OK
api02-1  | INFO:     192.168.240.5:39990 - "POST /clientes/4/transacoes HTTP/1.0" 200 OK
api01-1  | INFO:     192.168.240.5:42936 - "POST /clientes/3/transacoes HTTP/1.0" 200 OK
api01-1  | INFO:     192.168.240.5:42940 - "POST /clientes/1/transacoes HTTP/1.0" 200 OK
api02-1  | INFO:     192.168.240.5:40000 - "POST /clientes/5/transacoes HTTP/1.0" 200 OK
api02-1  | INFO:     192.168.240.5:39998 - "POST /clientes/4/transacoes HTTP/1.0" 200 OK
api01-1  | INFO:     192.168.240.5:42954 - "POST /clientes/1/transacoes HTTP/1.0" 200 OK
api01-1  | INFO:     192.168.240.5:42970 - "POST /clientes/1/transacoes HTTP/1.0" 200 OK
api02-1  | INFO:     192.168.240.5:40040 - "GET /clientes/3/extrato HTTP/1.0" 200 OK
api02-1  | INFO:     192.168.240.5:40024 - "POST /clientes/1/transacoes HTTP/1.0" 200 OK
api01-1  | INFO:     192.168.240.5:42984 - "POST /clientes/5/transacoes HTTP/1.0" 200 OK
api02-1  | INFO:     192.168.240.5:40046 - "POST /clientes/2/transacoes HTTP/1.0" 200 OK
api01-1  | INFO:     192.168.240.5:42992 - "POST /clientes/1/transacoes HTTP/1.0" 200 OK
api02-1  | INFO:     192.168.240.5:40054 - "POST /clientes/3/transacoes HTTP/1.0" 200 OK
api01-1  | INFO:     192.168.240.5:43004 - "POST /clientes/1/transacoes HTTP/1.0" 200 OK
api02-1  | INFO:     192.168.240.5:40060 - "POST /clientes/2/transacoes HTTP/1.0" 200 OK
api01-1  | INFO:     192.168.240.5:43006 - "POST /clientes/3/transacoes HTTP/1.0" 200 OK
api02-1  | INFO:     192.168.240.5:40062 - "POST /clientes/5/transacoes HTTP/1.0" 200 OK
api01-1  | INFO:     192.168.240.5:43010 - "POST /clientes/1/transacoes HTTP/1.0" 200 OK
api02-1  | INFO:     192.168.240.5:40072 - "POST /clientes/2/transacoes HTTP/1.0" 200 OK
api01-1  | INFO:     192.168.240.5:43024 - "POST /clientes/2/transacoes HTTP/1.0" 200 OK
api02-1  | INFO:     192.168.240.5:40076 - "POST /clientes/4/transacoes HTTP/1.0" 200 OK
api01-1  | INFO:     192.168.240.5:43028 - "POST /clientes/5/transacoes HTTP/1.0" 200 OK
api02-1  | INFO:     192.168.240.5:40090 - "POST /clientes/5/transacoes HTTP/1.0" 200 OK
api01-1  | INFO:     192.168.240.5:43038 - "POST /clientes/1/transacoes HTTP/1.0" 200 OK
api02-1  | INFO:     192.168.240.5:40096 - "POST /clientes/5/transacoes HTTP/1.0" 200 OK
api01-1  | INFO:     192.168.240.5:43042 - "POST /clientes/5/transacoes HTTP/1.0" 200 OK
api02-1  | INFO:     192.168.240.5:40110 - "POST /clientes/4/transacoes HTTP/1.0" 200 OK
api02-1  | INFO:     192.168.240.5:40116 - "GET /clientes/2/extrato HTTP/1.0" 200 OK
api01-1  | INFO:     192.168.240.5:43052 - "POST /clientes/4/transacoes HTTP/1.0" 200 OK
api01-1  | INFO:     192.168.240.5:43062 - "POST /clientes/1/transacoes HTTP/1.0" 200 OK
