 Network rinha-nginx-2024q1  Creating
 Network rinha-nginx-2024q1  Created
 Container matheuslao-db-1  Creating
 Container matheuslao-db-1  Created
 Container matheuslao-api01-1  Creating
 Container matheuslao-api02-1  Creating
 Container matheuslao-api01-1  Created
 Container matheuslao-api02-1  Created
 Container matheuslao-nginx-1  Creating
 Container matheuslao-nginx-1  Created
Attaching to api01-1, api02-1, db-1, nginx-1
db-1     | The files belonging to this database system will be owned by user "postgres".
db-1     | This user must also own the server process.
db-1     | 
db-1     | The database cluster will be initialized with locale "en_US.utf8".
db-1     | The default database encoding has accordingly been set to "UTF8".
db-1     | The default text search configuration will be set to "english".
db-1     | 
db-1     | Data page checksums are disabled.
db-1     | 
db-1     | fixing permissions on existing directory /var/lib/postgresql/data ... ok
db-1     | creating subdirectories ... ok
db-1     | selecting dynamic shared memory implementation ... posix
db-1     | selecting default max_connections ... 100
db-1     | selecting default shared_buffers ... 128MB
db-1     | selecting default time zone ... Etc/UTC
db-1     | creating configuration files ... ok
db-1     | running bootstrap script ... ok
nginx-1  | /docker-entrypoint.sh: /docker-entrypoint.d/ is not empty, will attempt to perform configuration
nginx-1  | /docker-entrypoint.sh: Looking for shell scripts in /docker-entrypoint.d/
nginx-1  | /docker-entrypoint.sh: Launching /docker-entrypoint.d/10-listen-on-ipv6-by-default.sh
nginx-1  | 10-listen-on-ipv6-by-default.sh: info: Getting the checksum of /etc/nginx/conf.d/default.conf
nginx-1  | 10-listen-on-ipv6-by-default.sh: info: Enabled listen on IPv6 in /etc/nginx/conf.d/default.conf
nginx-1  | /docker-entrypoint.sh: Sourcing /docker-entrypoint.d/15-local-resolvers.envsh
nginx-1  | /docker-entrypoint.sh: Launching /docker-entrypoint.d/20-envsubst-on-templates.sh
nginx-1  | /docker-entrypoint.sh: Launching /docker-entrypoint.d/30-tune-worker-processes.sh
nginx-1  | /docker-entrypoint.sh: Configuration complete; ready for start up
db-1     | performing post-bootstrap initialization ... ok
db-1     | syncing data to disk ... ok
db-1     | 
db-1     | 
db-1     | Success. You can now start the database server using:
db-1     | 
db-1     |     pg_ctl -D /var/lib/postgresql/data -l logfile start
db-1     | 
db-1     | initdb: warning: enabling "trust" authentication for local connections
db-1     | initdb: hint: You can change this by editing pg_hba.conf or using the option -A, or --auth-local and --auth-host, the next time you run initdb.
db-1     | waiting for server to start....2024-02-14 19:53:41.192 UTC [48] LOG:  starting PostgreSQL 16.2 (Debian 16.2-1.pgdg120+2) on x86_64-pc-linux-gnu, compiled by gcc (Debian 12.2.0-14) 12.2.0, 64-bit
db-1     | 2024-02-14 19:53:41.193 UTC [48] LOG:  listening on Unix socket "/var/run/postgresql/.s.PGSQL.5432"
db-1     | 2024-02-14 19:53:41.195 UTC [51] LOG:  database system was shut down at 2024-02-14 19:53:40 UTC
db-1     | 2024-02-14 19:53:41.200 UTC [48] LOG:  database system is ready to accept connections
nginx-1  | 2024/02/14 19:53:41 [error] 31#31: *1 connect() failed (111: Connection refused) while connecting to upstream, client: 192.168.96.1, server: , request: "GET /clientes/1/extrato HTTP/1.1", upstream: "http://192.168.96.3:8080/clientes/1/extrato", host: "localhost:9999"
nginx-1  | 2024/02/14 19:53:41 [error] 31#31: *1 connect() failed (111: Connection refused) while connecting to upstream, client: 192.168.96.1, server: , request: "GET /clientes/1/extrato HTTP/1.1", upstream: "http://192.168.96.4:8080/clientes/1/extrato", host: "localhost:9999"
db-1     |  done
db-1     | server started
db-1     | CREATE DATABASE
db-1     | 
db-1     | 
db-1     | /usr/local/bin/docker-entrypoint.sh: running /docker-entrypoint-initdb.d/init.sql
db-1     | CREATE TABLE
db-1     | CREATE INDEX
db-1     | CREATE TABLE
db-1     | CREATE INDEX
db-1     | INSERT 0 1
db-1     | INSERT 0 1
db-1     | INSERT 0 1
db-1     | INSERT 0 1
db-1     | INSERT 0 1
db-1     | 
db-1     | 
db-1     | 2024-02-14 19:53:41.686 UTC [48] LOG:  received fast shutdown request
db-1     | waiting for server to shut down...2024-02-14 19:53:41.686 UTC [48] LOG:  aborting any active transactions
db-1     | .2024-02-14 19:53:41.689 UTC [48] LOG:  background worker "logical replication launcher" (PID 54) exited with exit code 1
db-1     | 2024-02-14 19:53:41.690 UTC [49] LOG:  shutting down
db-1     | 2024-02-14 19:53:41.690 UTC [49] LOG:  checkpoint starting: shutdown immediate
db-1     | 2024-02-14 19:53:41.771 UTC [49] LOG:  checkpoint complete: wrote 935 buffers (11.4%); 0 WAL file(s) added, 0 removed, 0 recycled; write=0.081 s, sync=0.001 s, total=0.081 s; sync files=0, longest=0.000 s, average=0.000 s; distance=4290 kB, estimate=4290 kB; lsn=0/191B330, redo lsn=0/191B330
db-1     | 2024-02-14 19:53:41.779 UTC [48] LOG:  database system is shut down
db-1     |  done
db-1     | server stopped
db-1     | 
db-1     | PostgreSQL init process complete; ready for start up.
db-1     | 
db-1     | 2024-02-14 19:53:41.867 UTC [1] LOG:  starting PostgreSQL 16.2 (Debian 16.2-1.pgdg120+2) on x86_64-pc-linux-gnu, compiled by gcc (Debian 12.2.0-14) 12.2.0, 64-bit
db-1     | 2024-02-14 19:53:41.867 UTC [1] LOG:  listening on IPv4 address "0.0.0.0", port 5432
db-1     | 2024-02-14 19:53:41.867 UTC [1] LOG:  listening on IPv6 address "::", port 5432
db-1     | 2024-02-14 19:53:41.867 UTC [1] LOG:  listening on Unix socket "/var/run/postgresql/.s.PGSQL.5432"
db-1     | 2024-02-14 19:53:41.870 UTC [66] LOG:  database system was shut down at 2024-02-14 19:53:41 UTC
db-1     | 2024-02-14 19:53:41.875 UTC [1] LOG:  database system is ready to accept connections
api01-1  | INFO:     Started server process [1]
api01-1  | INFO:     Waiting for application startup.
api01-1  | INFO:     Application startup complete.
api01-1  | INFO:     Uvicorn running on http://0.0.0.0:8080 (Press CTRL+C to quit)
api02-1  | INFO:     Started server process [1]
api02-1  | INFO:     Waiting for application startup.
api02-1  | INFO:     Application startup complete.
api02-1  | INFO:     Uvicorn running on http://0.0.0.0:8080 (Press CTRL+C to quit)
nginx-1  | 2024/02/14 19:53:43 [error] 31#31: *4 no live upstreams while connecting to upstream, client: 192.168.96.1, server: , request: "GET /clientes/1/extrato HTTP/1.1", upstream: "http://api/clientes/1/extrato", host: "localhost:9999"
nginx-1  | 2024/02/14 19:53:45 [error] 31#31: *5 no live upstreams while connecting to upstream, client: 192.168.96.1, server: , request: "GET /clientes/1/extrato HTTP/1.1", upstream: "http://api/clientes/1/extrato", host: "localhost:9999"
nginx-1  | 2024/02/14 19:53:47 [error] 31#31: *6 no live upstreams while connecting to upstream, client: 192.168.96.1, server: , request: "GET /clientes/1/extrato HTTP/1.1", upstream: "http://api/clientes/1/extrato", host: "localhost:9999"
nginx-1  | 2024/02/14 19:53:49 [error] 31#31: *7 no live upstreams while connecting to upstream, client: 192.168.96.1, server: , request: "GET /clientes/1/extrato HTTP/1.1", upstream: "http://api/clientes/1/extrato", host: "localhost:9999"
nginx-1  | 2024/02/14 19:53:51 [error] 31#31: *8 no live upstreams while connecting to upstream, client: 192.168.96.1, server: , request: "GET /clientes/1/extrato HTTP/1.1", upstream: "http://api/clientes/1/extrato", host: "localhost:9999"
api02-1  | INFO:     192.168.96.5:41470 - "GET /clientes/1/extrato HTTP/1.0" 200 OK
api02-1  | INFO:     192.168.96.5:41486 - "GET /clientes/1/extrato HTTP/1.0" 200 OK
api02-1  | INFO:     192.168.96.5:50610 - "POST /clientes/1/transacoes HTTP/1.0" 200 OK
api01-1  | INFO:     192.168.96.5:56106 - "POST /clientes/1/transacoes HTTP/1.0" 200 OK
api01-1  | INFO:     192.168.96.5:56122 - "POST /clientes/1/transacoes HTTP/1.0" 200 OK
api01-1  | INFO:     192.168.96.5:56114 - "POST /clientes/1/transacoes HTTP/1.0" 200 OK
api01-1  | INFO:     192.168.96.5:56158 - "POST /clientes/1/transacoes HTTP/1.0" 200 OK
api01-1  | INFO:     192.168.96.5:56110 - "POST /clientes/1/transacoes HTTP/1.0" 200 OK
api01-1  | INFO:     192.168.96.5:56138 - "POST /clientes/1/transacoes HTTP/1.0" 200 OK
api01-1  | INFO:     192.168.96.5:56168 - "POST /clientes/1/transacoes HTTP/1.0" 200 OK
api01-1  | INFO:     192.168.96.5:56146 - "POST /clientes/1/transacoes HTTP/1.0" 200 OK
api01-1  | INFO:     192.168.96.5:56186 - "POST /clientes/1/transacoes HTTP/1.0" 200 OK
api01-1  | INFO:     192.168.96.5:56198 - "POST /clientes/1/transacoes HTTP/1.0" 200 OK
api01-1  | INFO:     192.168.96.5:56178 - "POST /clientes/1/transacoes HTTP/1.0" 200 OK
api02-1  | INFO:     192.168.96.5:50652 - "POST /clientes/1/transacoes HTTP/1.0" 200 OK
api02-1  | INFO:     192.168.96.5:50688 - "POST /clientes/1/transacoes HTTP/1.0" 200 OK
api02-1  | INFO:     192.168.96.5:50672 - "POST /clientes/1/transacoes HTTP/1.0" 200 OK
api02-1  | INFO:     192.168.96.5:50622 - "POST /clientes/1/transacoes HTTP/1.0" 200 OK
api02-1  | INFO:     192.168.96.5:50618 - "POST /clientes/1/transacoes HTTP/1.0" 200 OK
api02-1  | INFO:     192.168.96.5:50636 - "POST /clientes/1/transacoes HTTP/1.0" 200 OK
api02-1  | INFO:     192.168.96.5:50668 - "POST /clientes/1/transacoes HTTP/1.0" 200 OK
api02-1  | INFO:     192.168.96.5:50692 - "POST /clientes/1/transacoes HTTP/1.0" 200 OK
api02-1  | INFO:     192.168.96.5:50624 - "POST /clientes/1/transacoes HTTP/1.0" 200 OK
api02-1  | INFO:     192.168.96.5:50696 - "POST /clientes/1/transacoes HTTP/1.0" 200 OK
api02-1  | INFO:     192.168.96.5:50706 - "POST /clientes/1/transacoes HTTP/1.0" 200 OK
api02-1  | INFO:     192.168.96.5:50720 - "POST /clientes/1/transacoes HTTP/1.0" 200 OK
api02-1  | INFO:     192.168.96.5:50702 - "POST /clientes/1/transacoes HTTP/1.0" 200 OK
api02-1  | INFO:     192.168.96.5:50722 - "GET /clientes/1/extrato HTTP/1.0" 200 OK
api01-1  | INFO:     192.168.96.5:56214 - "POST /clientes/1/transacoes HTTP/1.0" 200 OK
api01-1  | INFO:     192.168.96.5:56238 - "POST /clientes/1/transacoes HTTP/1.0" 200 OK
api01-1  | INFO:     192.168.96.5:56266 - "POST /clientes/1/transacoes HTTP/1.0" 200 OK
api01-1  | INFO:     192.168.96.5:56246 - "POST /clientes/1/transacoes HTTP/1.0" 200 OK
api01-1  | INFO:     192.168.96.5:56224 - "POST /clientes/1/transacoes HTTP/1.0" 200 OK
api01-1  | INFO:     192.168.96.5:56280 - "POST /clientes/1/transacoes HTTP/1.0" 200 OK
api01-1  | INFO:     192.168.96.5:56260 - "POST /clientes/1/transacoes HTTP/1.0" 200 OK
api01-1  | INFO:     192.168.96.5:56292 - "POST /clientes/1/transacoes HTTP/1.0" 200 OK
api01-1  | INFO:     192.168.96.5:56300 - "POST /clientes/1/transacoes HTTP/1.0" 200 OK
api01-1  | INFO:     192.168.96.5:56310 - "POST /clientes/1/transacoes HTTP/1.0" 200 OK
api01-1  | INFO:     192.168.96.5:56330 - "POST /clientes/1/transacoes HTTP/1.0" 200 OK
api01-1  | INFO:     192.168.96.5:56346 - "POST /clientes/1/transacoes HTTP/1.0" 200 OK
api01-1  | INFO:     192.168.96.5:56324 - "POST /clientes/1/transacoes HTTP/1.0" 200 OK
api02-1  | INFO:     192.168.96.5:50818 - "POST /clientes/1/transacoes HTTP/1.0" 200 OK
api02-1  | INFO:     192.168.96.5:50740 - "POST /clientes/1/transacoes HTTP/1.0" 200 OK
api02-1  | INFO:     192.168.96.5:50808 - "POST /clientes/1/transacoes HTTP/1.0" 200 OK
api02-1  | INFO:     192.168.96.5:50776 - "POST /clientes/1/transacoes HTTP/1.0" 200 OK
api02-1  | INFO:     192.168.96.5:50764 - "POST /clientes/1/transacoes HTTP/1.0" 200 OK
api02-1  | INFO:     192.168.96.5:50772 - "POST /clientes/1/transacoes HTTP/1.0" 200 OK
api02-1  | INFO:     192.168.96.5:50754 - "POST /clientes/1/transacoes HTTP/1.0" 200 OK
api02-1  | INFO:     192.168.96.5:50796 - "POST /clientes/1/transacoes HTTP/1.0" 200 OK
api02-1  | INFO:     192.168.96.5:50792 - "POST /clientes/1/transacoes HTTP/1.0" 200 OK
api02-1  | INFO:     192.168.96.5:50828 - "POST /clientes/1/transacoes HTTP/1.0" 200 OK
api02-1  | INFO:     192.168.96.5:50778 - "POST /clientes/1/transacoes HTTP/1.0" 200 OK
api02-1  | INFO:     192.168.96.5:50730 - "POST /clientes/1/transacoes HTTP/1.0" 200 OK
api02-1  | INFO:     192.168.96.5:50842 - "GET /clientes/1/extrato HTTP/1.0" 200 OK
api01-1  | INFO:     192.168.96.5:36234 - "GET /clientes/6/extrato HTTP/1.0" 404 Not Found
api02-1  | INFO:     192.168.96.5:37608 - "GET /clientes/5/extrato HTTP/1.0" 200 OK
api01-1  | INFO:     192.168.96.5:36244 - "GET /clientes/2/extrato HTTP/1.0" 200 OK
api02-1  | INFO:     192.168.96.5:37614 - "GET /clientes/3/extrato HTTP/1.0" 200 OK
api02-1  | INFO:     192.168.96.5:37616 - "GET /clientes/1/extrato HTTP/1.0" 200 OK
api01-1  | INFO:     192.168.96.5:36256 - "GET /clientes/4/extrato HTTP/1.0" 200 OK
api01-1  | INFO:     192.168.96.5:36272 - "POST /clientes/2/transacoes HTTP/1.0" 200 OK
api01-1  | INFO:     192.168.96.5:36264 - "POST /clientes/5/transacoes HTTP/1.0" 200 OK
api02-1  | INFO:     192.168.96.5:37624 - "POST /clientes/3/transacoes HTTP/1.0" 200 OK
api02-1  | INFO:     192.168.96.5:37638 - "POST /clientes/1/transacoes HTTP/1.0" 200 OK
api02-1  | INFO:     192.168.96.5:37654 - "POST /clientes/5/transacoes HTTP/1.0" 200 OK
api01-1  | INFO:     192.168.96.5:36282 - "POST /clientes/4/transacoes HTTP/1.0" 200 OK
api01-1  | INFO:     192.168.96.5:36292 - "POST /clientes/3/transacoes HTTP/1.0" 200 OK
api02-1  | INFO:     192.168.96.5:37662 - "POST /clientes/2/transacoes HTTP/1.0" 200 OK
api02-1  | INFO:     192.168.96.5:37672 - "GET /clientes/5/extrato HTTP/1.0" 200 OK
api02-1  | INFO:     192.168.96.5:37686 - "GET /clientes/2/extrato HTTP/1.0" 200 OK
api01-1  | INFO:     192.168.96.5:36306 - "POST /clientes/1/transacoes HTTP/1.0" 200 OK
api02-1  | INFO:     192.168.96.5:37698 - "GET /clientes/1/extrato HTTP/1.0" 200 OK
api01-1  | INFO:     192.168.96.5:36322 - "POST /clientes/4/transacoes HTTP/1.0" 200 OK
api01-1  | INFO:     192.168.96.5:36334 - "GET /clientes/3/extrato HTTP/1.0" 200 OK
api01-1  | INFO:     192.168.96.5:36342 - "POST /clientes/2/transacoes HTTP/1.0" 422 Unprocessable Entity
api01-1  | INFO:     192.168.96.5:36340 - "POST /clientes/5/transacoes HTTP/1.0" 422 Unprocessable Entity
api01-1  | INFO:     192.168.96.5:36348 - "POST /clientes/1/transacoes HTTP/1.0" 422 Unprocessable Entity
api01-1  | INFO:     192.168.96.5:36358 - "POST /clientes/2/transacoes HTTP/1.0" 422 Unprocessable Entity
api01-1  | INFO:     192.168.96.5:36370 - "POST /clientes/1/transacoes HTTP/1.0" 422 Unprocessable Entity
api02-1  | INFO:     192.168.96.5:37702 - "GET /clientes/4/extrato HTTP/1.0" 200 OK
api02-1  | INFO:     192.168.96.5:37704 - "POST /clientes/3/transacoes HTTP/1.0" 422 Unprocessable Entity
api02-1  | INFO:     192.168.96.5:37720 - "POST /clientes/5/transacoes HTTP/1.0" 422 Unprocessable Entity
api02-1  | INFO:     192.168.96.5:37726 - "POST /clientes/2/transacoes HTTP/1.0" 422 Unprocessable Entity
api01-1  | INFO:     192.168.96.5:36386 - "POST /clientes/4/transacoes HTTP/1.0" 422 Unprocessable Entity
api01-1  | INFO:     192.168.96.5:36388 - "POST /clientes/3/transacoes HTTP/1.0" 422 Unprocessable Entity
api02-1  | INFO:     192.168.96.5:37740 - "POST /clientes/1/transacoes HTTP/1.0" 422 Unprocessable Entity
api01-1  | INFO:     192.168.96.5:36400 - "POST /clientes/5/transacoes HTTP/1.0" 422 Unprocessable Entity
api02-1  | INFO:     192.168.96.5:37746 - "POST /clientes/4/transacoes HTTP/1.0" 422 Unprocessable Entity
api02-1  | INFO:     192.168.96.5:37756 - "POST /clientes/2/transacoes HTTP/1.0" 422 Unprocessable Entity
api01-1  | INFO:     192.168.96.5:36412 - "POST /clientes/3/transacoes HTTP/1.0" 422 Unprocessable Entity
api01-1  | INFO:     192.168.96.5:36420 - "POST /clientes/5/transacoes HTTP/1.0" 422 Unprocessable Entity
api02-1  | INFO:     192.168.96.5:37772 - "POST /clientes/1/transacoes HTTP/1.0" 422 Unprocessable Entity
api01-1  | INFO:     192.168.96.5:36428 - "POST /clientes/3/transacoes HTTP/1.0" 422 Unprocessable Entity
api02-1  | INFO:     192.168.96.5:37776 - "POST /clientes/4/transacoes HTTP/1.0" 422 Unprocessable Entity
api02-1  | INFO:     192.168.96.5:37788 - "POST /clientes/2/transacoes HTTP/1.0" 422 Unprocessable Entity
api02-1  | INFO:     192.168.96.5:37804 - "POST /clientes/1/transacoes HTTP/1.0" 422 Unprocessable Entity
api02-1  | INFO:     192.168.96.5:37802 - "POST /clientes/3/transacoes HTTP/1.0" 422 Unprocessable Entity
api01-1  | INFO:     192.168.96.5:36440 - "POST /clientes/4/transacoes HTTP/1.0" 422 Unprocessable Entity
api01-1  | INFO:     192.168.96.5:36438 - "POST /clientes/5/transacoes HTTP/1.0" 422 Unprocessable Entity
api02-1  | INFO:     192.168.96.5:37822 - "POST /clientes/4/transacoes HTTP/1.0" 422 Unprocessable Entity
api01-1  | INFO:     192.168.96.5:36446 - "GET /clientes/5/extrato HTTP/1.0" 200 OK
api02-1  | INFO:     192.168.96.5:37826 - "POST /clientes/3/transacoes HTTP/1.0" 200 OK
api01-1  | INFO:     192.168.96.5:36454 - "POST /clientes/1/transacoes HTTP/1.0" 200 OK
api01-1  | INFO:     192.168.96.5:36456 - "POST /clientes/5/transacoes HTTP/1.0" 200 OK
api02-1  | INFO:     192.168.96.5:37840 - "POST /clientes/3/transacoes HTTP/1.0" 200 OK
api02-1  | INFO:     192.168.96.5:37852 - "GET /clientes/3/extrato HTTP/1.0" 200 OK
api01-1  | INFO:     192.168.96.5:36460 - "POST /clientes/3/transacoes HTTP/1.0" 200 OK
api02-1  | INFO:     192.168.96.5:37868 - "POST /clientes/3/transacoes HTTP/1.0" 200 OK
api01-1  | INFO:     192.168.96.5:36468 - "POST /clientes/1/transacoes HTTP/1.0" 200 OK
api02-1  | INFO:     192.168.96.5:37880 - "POST /clientes/1/transacoes HTTP/1.0" 200 OK
api01-1  | INFO:     192.168.96.5:36470 - "POST /clientes/1/transacoes HTTP/1.0" 200 OK
api02-1  | INFO:     192.168.96.5:37892 - "POST /clientes/2/transacoes HTTP/1.0" 200 OK
api02-1  | INFO:     192.168.96.5:37902 - "GET /clientes/3/extrato HTTP/1.0" 200 OK
api01-1  | INFO:     192.168.96.5:36478 - "POST /clientes/4/transacoes HTTP/1.0" 200 OK
api02-1  | INFO:     192.168.96.5:37904 - "POST /clientes/4/transacoes HTTP/1.0" 200 OK
api01-1  | INFO:     192.168.96.5:36480 - "POST /clientes/2/transacoes HTTP/1.0" 200 OK
api01-1  | INFO:     192.168.96.5:36496 - "POST /clientes/1/transacoes HTTP/1.0" 200 OK
api02-1  | INFO:     192.168.96.5:37914 - "POST /clientes/2/transacoes HTTP/1.0" 200 OK
api02-1  | INFO:     192.168.96.5:37920 - "POST /clientes/2/transacoes HTTP/1.0" 200 OK
api01-1  | INFO:     192.168.96.5:36506 - "POST /clientes/1/transacoes HTTP/1.0" 200 OK
api02-1  | INFO:     192.168.96.5:37922 - "POST /clientes/4/transacoes HTTP/1.0" 200 OK
api02-1  | INFO:     192.168.96.5:37928 - "POST /clientes/4/transacoes HTTP/1.0" 200 OK
api01-1  | INFO:     192.168.96.5:36516 - "GET /clientes/3/extrato HTTP/1.0" 200 OK
api01-1  | INFO:     192.168.96.5:36518 - "POST /clientes/3/transacoes HTTP/1.0" 200 OK
api02-1  | INFO:     192.168.96.5:37940 - "POST /clientes/5/transacoes HTTP/1.0" 200 OK
api01-1  | INFO:     192.168.96.5:36534 - "POST /clientes/3/transacoes HTTP/1.0" 200 OK
api02-1  | INFO:     192.168.96.5:37954 - "POST /clientes/1/transacoes HTTP/1.0" 200 OK
api01-1  | INFO:     192.168.96.5:36540 - "POST /clientes/5/transacoes HTTP/1.0" 200 OK
api02-1  | INFO:     192.168.96.5:37962 - "POST /clientes/1/transacoes HTTP/1.0" 200 OK
api01-1  | INFO:     192.168.96.5:36556 - "POST /clientes/5/transacoes HTTP/1.0" 200 OK
api02-1  | INFO:     192.168.96.5:37978 - "POST /clientes/3/transacoes HTTP/1.0" 200 OK
api01-1  | INFO:     192.168.96.5:36558 - "POST /clientes/3/transacoes HTTP/1.0" 200 OK
api02-1  | INFO:     192.168.96.5:37988 - "POST /clientes/1/transacoes HTTP/1.0" 200 OK
api01-1  | INFO:     192.168.96.5:36564 - "GET /clientes/4/extrato HTTP/1.0" 200 OK
api02-1  | INFO:     192.168.96.5:38000 - "POST /clientes/5/transacoes HTTP/1.0" 200 OK
api01-1  | INFO:     192.168.96.5:36568 - "POST /clientes/5/transacoes HTTP/1.0" 200 OK
api02-1  | INFO:     192.168.96.5:38016 - "POST /clientes/2/transacoes HTTP/1.0" 200 OK
api01-1  | INFO:     192.168.96.5:36574 - "POST /clientes/2/transacoes HTTP/1.0" 200 OK
api02-1  | INFO:     192.168.96.5:38026 - "POST /clientes/2/transacoes HTTP/1.0" 200 OK
api01-1  | INFO:     192.168.96.5:36582 - "POST /clientes/2/transacoes HTTP/1.0" 200 OK
api02-1  | INFO:     192.168.96.5:38038 - "POST /clientes/5/transacoes HTTP/1.0" 200 OK
api01-1  | INFO:     192.168.96.5:36596 - "POST /clientes/5/transacoes HTTP/1.0" 200 OK
api02-1  | INFO:     192.168.96.5:38042 - "POST /clientes/4/transacoes HTTP/1.0" 200 OK
api01-1  | INFO:     192.168.96.5:36606 - "POST /clientes/1/transacoes HTTP/1.0" 200 OK
api02-1  | INFO:     192.168.96.5:38054 - "POST /clientes/3/transacoes HTTP/1.0" 200 OK
api01-1  | INFO:     192.168.96.5:36610 - "POST /clientes/4/transacoes HTTP/1.0" 200 OK
api02-1  | INFO:     192.168.96.5:38066 - "POST /clientes/3/transacoes HTTP/1.0" 200 OK
api01-1  | INFO:     192.168.96.5:36620 - "POST /clientes/5/transacoes HTTP/1.0" 200 OK
api01-1  | INFO:     192.168.96.5:36628 - "GET /clientes/5/extrato HTTP/1.0" 200 OK
api02-1  | INFO:     192.168.96.5:38076 - "POST /clientes/4/transacoes HTTP/1.0" 200 OK
api02-1  | INFO:     192.168.96.5:38082 - "POST /clientes/4/transacoes HTTP/1.0" 200 OK
api01-1  | INFO:     192.168.96.5:36630 - "POST /clientes/1/transacoes HTTP/1.0" 200 OK
api02-1  | INFO:     192.168.96.5:38088 - "POST /clientes/2/transacoes HTTP/1.0" 200 OK
api01-1  | INFO:     192.168.96.5:36632 - "POST /clientes/1/transacoes HTTP/1.0" 200 OK
api02-1  | INFO:     192.168.96.5:38092 - "POST /clientes/3/transacoes HTTP/1.0" 200 OK
api01-1  | INFO:     192.168.96.5:36646 - "POST /clientes/5/transacoes HTTP/1.0" 200 OK
api02-1  | INFO:     192.168.96.5:38102 - "POST /clientes/5/transacoes HTTP/1.0" 200 OK
api01-1  | INFO:     192.168.96.5:36650 - "POST /clientes/1/transacoes HTTP/1.0" 200 OK
api02-1  | INFO:     192.168.96.5:38112 - "GET /clientes/1/extrato HTTP/1.0" 200 OK
api01-1  | INFO:     192.168.96.5:36654 - "POST /clientes/2/transacoes HTTP/1.0" 200 OK
api02-1  | INFO:     192.168.96.5:38120 - "POST /clientes/3/transacoes HTTP/1.0" 200 OK
api01-1  | INFO:     192.168.96.5:36666 - "POST /clientes/2/transacoes HTTP/1.0" 200 OK
api02-1  | INFO:     192.168.96.5:38128 - "POST /clientes/5/transacoes HTTP/1.0" 200 OK
api01-1  | INFO:     192.168.96.5:36680 - "POST /clientes/1/transacoes HTTP/1.0" 200 OK
api02-1  | INFO:     192.168.96.5:38142 - "POST /clientes/5/transacoes HTTP/1.0" 200 OK
api01-1  | INFO:     192.168.96.5:36692 - "POST /clientes/3/transacoes HTTP/1.0" 200 OK
api02-1  | INFO:     192.168.96.5:38156 - "POST /clientes/3/transacoes HTTP/1.0" 200 OK
api02-1  | INFO:     192.168.96.5:38170 - "POST /clientes/4/transacoes HTTP/1.0" 200 OK
api01-1  | INFO:     192.168.96.5:36700 - "POST /clientes/2/transacoes HTTP/1.0" 200 OK
api01-1  | INFO:     192.168.96.5:36706 - "GET /clientes/3/extrato HTTP/1.0" 200 OK
api02-1  | INFO:     192.168.96.5:38182 - "POST /clientes/4/transacoes HTTP/1.0" 200 OK
api01-1  | INFO:     192.168.96.5:36722 - "POST /clientes/1/transacoes HTTP/1.0" 200 OK
api02-1  | INFO:     192.168.96.5:38184 - "POST /clientes/3/transacoes HTTP/1.0" 200 OK
api01-1  | INFO:     192.168.96.5:36736 - "POST /clientes/2/transacoes HTTP/1.0" 200 OK
api02-1  | INFO:     192.168.96.5:38200 - "POST /clientes/1/transacoes HTTP/1.0" 200 OK
api01-1  | INFO:     192.168.96.5:36750 - "POST /clientes/4/transacoes HTTP/1.0" 200 OK
api02-1  | INFO:     192.168.96.5:38208 - "POST /clientes/2/transacoes HTTP/1.0" 200 OK
api01-1  | INFO:     192.168.96.5:36752 - "POST /clientes/5/transacoes HTTP/1.0" 200 OK
api02-1  | INFO:     192.168.96.5:38224 - "POST /clientes/2/transacoes HTTP/1.0" 200 OK
api01-1  | INFO:     192.168.96.5:36766 - "POST /clientes/4/transacoes HTTP/1.0" 200 OK
api02-1  | INFO:     192.168.96.5:38234 - "POST /clientes/1/transacoes HTTP/1.0" 200 OK
api01-1  | INFO:     192.168.96.5:36776 - "POST /clientes/5/transacoes HTTP/1.0" 200 OK
api02-1  | INFO:     192.168.96.5:38236 - "POST /clientes/2/transacoes HTTP/1.0" 200 OK
api01-1  | INFO:     192.168.96.5:36778 - "POST /clientes/1/transacoes HTTP/1.0" 200 OK
api02-1  | INFO:     192.168.96.5:38244 - "POST /clientes/4/transacoes HTTP/1.0" 200 OK
api01-1  | INFO:     192.168.96.5:36782 - "POST /clientes/5/transacoes HTTP/1.0" 200 OK
api02-1  | INFO:     192.168.96.5:38250 - "POST /clientes/4/transacoes HTTP/1.0" 200 OK
api01-1  | INFO:     192.168.96.5:36792 - "POST /clientes/4/transacoes HTTP/1.0" 200 OK
api01-1  | INFO:     192.168.96.5:36808 - "GET /clientes/4/extrato HTTP/1.0" 200 OK
api02-1  | INFO:     192.168.96.5:38256 - "POST /clientes/3/transacoes HTTP/1.0" 200 OK
api02-1  | INFO:     192.168.96.5:38264 - "POST /clientes/5/transacoes HTTP/1.0" 200 OK
api01-1  | INFO:     192.168.96.5:36812 - "POST /clientes/5/transacoes HTTP/1.0" 200 OK
api02-1  | INFO:     192.168.96.5:38268 - "POST /clientes/4/transacoes HTTP/1.0" 200 OK
api01-1  | INFO:     192.168.96.5:36822 - "POST /clientes/2/transacoes HTTP/1.0" 200 OK
api02-1  | INFO:     192.168.96.5:38274 - "POST /clientes/3/transacoes HTTP/1.0" 200 OK
api01-1  | INFO:     192.168.96.5:36832 - "POST /clientes/3/transacoes HTTP/1.0" 200 OK
api02-1  | INFO:     192.168.96.5:38286 - "POST /clientes/5/transacoes HTTP/1.0" 200 OK
api01-1  | INFO:     192.168.96.5:36838 - "POST /clientes/4/transacoes HTTP/1.0" 200 OK
api02-1  | INFO:     192.168.96.5:38288 - "POST /clientes/4/transacoes HTTP/1.0" 200 OK
api01-1  | INFO:     192.168.96.5:36842 - "POST /clientes/1/transacoes HTTP/1.0" 200 OK
api02-1  | INFO:     192.168.96.5:38304 - "POST /clientes/3/transacoes HTTP/1.0" 200 OK
api01-1  | INFO:     192.168.96.5:36856 - "GET /clientes/5/extrato HTTP/1.0" 200 OK
api02-1  | INFO:     192.168.96.5:38308 - "POST /clientes/1/transacoes HTTP/1.0" 200 OK
api01-1  | INFO:     192.168.96.5:36864 - "POST /clientes/1/transacoes HTTP/1.0" 200 OK
api02-1  | INFO:     192.168.96.5:38318 - "POST /clientes/3/transacoes HTTP/1.0" 200 OK
api01-1  | INFO:     192.168.96.5:36870 - "POST /clientes/4/transacoes HTTP/1.0" 200 OK
api02-1  | INFO:     192.168.96.5:38324 - "POST /clientes/5/transacoes HTTP/1.0" 200 OK
api01-1  | INFO:     192.168.96.5:36872 - "POST /clientes/1/transacoes HTTP/1.0" 200 OK
api02-1  | INFO:     192.168.96.5:38334 - "POST /clientes/2/transacoes HTTP/1.0" 200 OK
api01-1  | INFO:     192.168.96.5:36876 - "POST /clientes/1/transacoes HTTP/1.0" 200 OK
api02-1  | INFO:     192.168.96.5:38350 - "POST /clientes/2/transacoes HTTP/1.0" 200 OK
api01-1  | INFO:     192.168.96.5:36886 - "POST /clientes/1/transacoes HTTP/1.0" 200 OK
api02-1  | INFO:     192.168.96.5:38356 - "POST /clientes/1/transacoes HTTP/1.0" 200 OK
api02-1  | INFO:     192.168.96.5:38368 - "POST /clientes/4/transacoes HTTP/1.0" 200 OK
api01-1  | INFO:     192.168.96.5:36894 - "POST /clientes/1/transacoes HTTP/1.0" 200 OK
api01-1  | INFO:     192.168.96.5:36892 - "GET /clientes/4/extrato HTTP/1.0" 200 OK
api01-1  | INFO:     192.168.96.5:36898 - "POST /clientes/2/transacoes HTTP/1.0" 200 OK
api01-1  | INFO:     192.168.96.5:36910 - "POST /clientes/5/transacoes HTTP/1.0" 200 OK
api02-1  | INFO:     192.168.96.5:38372 - "POST /clientes/4/transacoes HTTP/1.0" 200 OK
api02-1  | INFO:     192.168.96.5:38378 - "POST /clientes/1/transacoes HTTP/1.0" 200 OK
api02-1  | INFO:     192.168.96.5:38394 - "POST /clientes/2/transacoes HTTP/1.0" 200 OK
api01-1  | INFO:     192.168.96.5:36926 - "POST /clientes/4/transacoes HTTP/1.0" 200 OK
api01-1  | INFO:     192.168.96.5:36934 - "POST /clientes/3/transacoes HTTP/1.0" 200 OK
api01-1  | INFO:     192.168.96.5:36940 - "POST /clientes/3/transacoes HTTP/1.0" 200 OK
api02-1  | INFO:     192.168.96.5:38406 - "POST /clientes/3/transacoes HTTP/1.0" 200 OK
api01-1  | INFO:     192.168.96.5:36942 - "POST /clientes/5/transacoes HTTP/1.0" 200 OK
api01-1  | INFO:     192.168.96.5:36946 - "POST /clientes/2/transacoes HTTP/1.0" 200 OK
api02-1  | INFO:     192.168.96.5:38414 - "GET /clientes/4/extrato HTTP/1.0" 200 OK
api02-1  | INFO:     192.168.96.5:38416 - "POST /clientes/1/transacoes HTTP/1.0" 200 OK
api02-1  | INFO:     192.168.96.5:38422 - "POST /clientes/1/transacoes HTTP/1.0" 200 OK
api01-1  | INFO:     192.168.96.5:36956 - "POST /clientes/2/transacoes HTTP/1.0" 200 OK
api01-1  | INFO:     192.168.96.5:36972 - "POST /clientes/4/transacoes HTTP/1.0" 200 OK
api02-1  | INFO:     192.168.96.5:38434 - "POST /clientes/1/transacoes HTTP/1.0" 200 OK
api02-1  | INFO:     192.168.96.5:38444 - "POST /clientes/3/transacoes HTTP/1.0" 200 OK
api01-1  | INFO:     192.168.96.5:36974 - "POST /clientes/1/transacoes HTTP/1.0" 200 OK
api01-1  | INFO:     192.168.96.5:49882 - "POST /clientes/2/transacoes HTTP/1.0" 200 OK
api02-1  | INFO:     192.168.96.5:39362 - "POST /clientes/5/transacoes HTTP/1.0" 200 OK
api01-1  | INFO:     192.168.96.5:49898 - "POST /clientes/3/transacoes HTTP/1.0" 200 OK
api02-1  | INFO:     192.168.96.5:39368 - "POST /clientes/1/transacoes HTTP/1.0" 200 OK
api02-1  | INFO:     192.168.96.5:39380 - "POST /clientes/5/transacoes HTTP/1.0" 200 OK
api01-1  | INFO:     192.168.96.5:49908 - "GET /clientes/4/extrato HTTP/1.0" 200 OK
api01-1  | INFO:     192.168.96.5:49912 - "POST /clientes/1/transacoes HTTP/1.0" 200 OK
api02-1  | INFO:     192.168.96.5:39396 - "POST /clientes/2/transacoes HTTP/1.0" 200 OK
api01-1  | INFO:     192.168.96.5:49926 - "POST /clientes/3/transacoes HTTP/1.0" 200 OK
api02-1  | INFO:     192.168.96.5:39398 - "POST /clientes/2/transacoes HTTP/1.0" 200 OK
api01-1  | INFO:     192.168.96.5:49936 - "POST /clientes/5/transacoes HTTP/1.0" 200 OK
api02-1  | INFO:     192.168.96.5:39408 - "POST /clientes/3/transacoes HTTP/1.0" 200 OK
api01-1  | INFO:     192.168.96.5:49938 - "POST /clientes/4/transacoes HTTP/1.0" 200 OK
api02-1  | INFO:     192.168.96.5:39422 - "POST /clientes/3/transacoes HTTP/1.0" 200 OK
api01-1  | INFO:     192.168.96.5:49954 - "POST /clientes/4/transacoes HTTP/1.0" 200 OK
api02-1  | INFO:     192.168.96.5:39436 - "POST /clientes/1/transacoes HTTP/1.0" 200 OK
api01-1  | INFO:     192.168.96.5:49966 - "POST /clientes/4/transacoes HTTP/1.0" 200 OK
api02-1  | INFO:     192.168.96.5:39442 - "POST /clientes/1/transacoes HTTP/1.0" 200 OK
api01-1  | INFO:     192.168.96.5:49968 - "POST /clientes/3/transacoes HTTP/1.0" 200 OK
api02-1  | INFO:     192.168.96.5:39452 - "POST /clientes/3/transacoes HTTP/1.0" 200 OK
api01-1  | INFO:     192.168.96.5:49978 - "POST /clientes/2/transacoes HTTP/1.0" 200 OK
api02-1  | INFO:     192.168.96.5:39454 - "POST /clientes/3/transacoes HTTP/1.0" 200 OK
api01-1  | INFO:     192.168.96.5:49980 - "POST /clientes/2/transacoes HTTP/1.0" 200 OK
api02-1  | INFO:     192.168.96.5:39468 - "POST /clientes/5/transacoes HTTP/1.0" 200 OK
api01-1  | INFO:     192.168.96.5:49992 - "POST /clientes/3/transacoes HTTP/1.0" 200 OK
api02-1  | INFO:     192.168.96.5:39478 - "POST /clientes/2/transacoes HTTP/1.0" 200 OK
api01-1  | INFO:     192.168.96.5:49996 - "POST /clientes/2/transacoes HTTP/1.0" 200 OK
api02-1  | INFO:     192.168.96.5:39492 - "POST /clientes/1/transacoes HTTP/1.0" 200 OK
api01-1  | INFO:     192.168.96.5:50004 - "POST /clientes/4/transacoes HTTP/1.0" 200 OK
api02-1  | INFO:     192.168.96.5:39496 - "POST /clientes/4/transacoes HTTP/1.0" 200 OK
api01-1  | INFO:     192.168.96.5:50016 - "POST /clientes/3/transacoes HTTP/1.0" 200 OK
api02-1  | INFO:     192.168.96.5:39498 - "POST /clientes/5/transacoes HTTP/1.0" 200 OK
api01-1  | INFO:     192.168.96.5:50026 - "POST /clientes/4/transacoes HTTP/1.0" 200 OK
api02-1  | INFO:     192.168.96.5:39512 - "POST /clientes/4/transacoes HTTP/1.0" 200 OK
api02-1  | INFO:     192.168.96.5:39522 - "GET /clientes/2/extrato HTTP/1.0" 200 OK
api01-1  | INFO:     192.168.96.5:50034 - "POST /clientes/4/transacoes HTTP/1.0" 200 OK
api01-1  | INFO:     192.168.96.5:50038 - "POST /clientes/2/transacoes HTTP/1.0" 422 Unprocessable Entity
api02-1  | INFO:     192.168.96.5:39524 - "POST /clientes/5/transacoes HTTP/1.0" 200 OK
api01-1  | INFO:     192.168.96.5:50054 - "POST /clientes/5/transacoes HTTP/1.0" 200 OK
api02-1  | INFO:     192.168.96.5:39538 - "POST /clientes/5/transacoes HTTP/1.0" 200 OK
api01-1  | INFO:     192.168.96.5:50062 - "POST /clientes/4/transacoes HTTP/1.0" 200 OK
api02-1  | INFO:     192.168.96.5:39540 - "POST /clientes/2/transacoes HTTP/1.0" 200 OK
api02-1  | INFO:     192.168.96.5:39542 - "POST /clientes/4/transacoes HTTP/1.0" 200 OK
api01-1  | INFO:     192.168.96.5:50072 - "POST /clientes/1/transacoes HTTP/1.0" 200 OK
api02-1  | INFO:     192.168.96.5:39550 - "POST /clientes/3/transacoes HTTP/1.0" 200 OK
api01-1  | INFO:     192.168.96.5:50086 - "POST /clientes/2/transacoes HTTP/1.0" 200 OK
api02-1  | INFO:     192.168.96.5:39552 - "POST /clientes/2/transacoes HTTP/1.0" 200 OK
api01-1  | INFO:     192.168.96.5:50100 - "POST /clientes/3/transacoes HTTP/1.0" 200 OK
api02-1  | INFO:     192.168.96.5:39558 - "POST /clientes/1/transacoes HTTP/1.0" 200 OK
api01-1  | INFO:     192.168.96.5:50114 - "POST /clientes/5/transacoes HTTP/1.0" 200 OK
api02-1  | INFO:     192.168.96.5:39562 - "GET /clientes/3/extrato HTTP/1.0" 200 OK
api01-1  | INFO:     192.168.96.5:50128 - "POST /clientes/1/transacoes HTTP/1.0" 200 OK
api02-1  | INFO:     192.168.96.5:39576 - "POST /clientes/4/transacoes HTTP/1.0" 200 OK
api01-1  | INFO:     192.168.96.5:50140 - "POST /clientes/3/transacoes HTTP/1.0" 200 OK
api02-1  | INFO:     192.168.96.5:39586 - "POST /clientes/1/transacoes HTTP/1.0" 200 OK
api01-1  | INFO:     192.168.96.5:50152 - "POST /clientes/3/transacoes HTTP/1.0" 200 OK
api01-1  | INFO:     192.168.96.5:50162 - "POST /clientes/1/transacoes HTTP/1.0" 200 OK
api01-1  | INFO:     192.168.96.5:50176 - "POST /clientes/5/transacoes HTTP/1.0" 200 OK
api02-1  | INFO:     192.168.96.5:39596 - "POST /clientes/3/transacoes HTTP/1.0" 200 OK
api02-1  | INFO:     192.168.96.5:39602 - "POST /clientes/2/transacoes HTTP/1.0" 422 Unprocessable Entity
api02-1  | INFO:     192.168.96.5:39610 - "POST /clientes/5/transacoes HTTP/1.0" 200 OK
api01-1  | INFO:     192.168.96.5:50178 - "POST /clientes/4/transacoes HTTP/1.0" 200 OK
api01-1  | INFO:     192.168.96.5:50186 - "POST /clientes/5/transacoes HTTP/1.0" 200 OK
api02-1  | INFO:     192.168.96.5:39614 - "POST /clientes/5/transacoes HTTP/1.0" 200 OK
api01-1  | INFO:     192.168.96.5:50200 - "POST /clientes/3/transacoes HTTP/1.0" 200 OK
api02-1  | INFO:     192.168.96.5:39620 - "POST /clientes/3/transacoes HTTP/1.0" 200 OK
api02-1  | INFO:     192.168.96.5:39622 - "GET /clientes/1/extrato HTTP/1.0" 200 OK
api01-1  | INFO:     192.168.96.5:50208 - "POST /clientes/5/transacoes HTTP/1.0" 200 OK
api01-1  | INFO:     192.168.96.5:50216 - "POST /clientes/2/transacoes HTTP/1.0" 200 OK
api02-1  | INFO:     192.168.96.5:39638 - "POST /clientes/4/transacoes HTTP/1.0" 200 OK
api01-1  | INFO:     192.168.96.5:50218 - "POST /clientes/5/transacoes HTTP/1.0" 200 OK
api02-1  | INFO:     192.168.96.5:39654 - "POST /clientes/3/transacoes HTTP/1.0" 200 OK
api02-1  | INFO:     192.168.96.5:39658 - "POST /clientes/1/transacoes HTTP/1.0" 200 OK
api01-1  | INFO:     192.168.96.5:50226 - "POST /clientes/1/transacoes HTTP/1.0" 200 OK
api02-1  | INFO:     192.168.96.5:39664 - "POST /clientes/3/transacoes HTTP/1.0" 200 OK
api01-1  | INFO:     192.168.96.5:50236 - "POST /clientes/5/transacoes HTTP/1.0" 200 OK
api02-1  | INFO:     192.168.96.5:39680 - "POST /clientes/2/transacoes HTTP/1.0" 200 OK
api01-1  | INFO:     192.168.96.5:50238 - "POST /clientes/5/transacoes HTTP/1.0" 200 OK
api02-1  | INFO:     192.168.96.5:39682 - "POST /clientes/2/transacoes HTTP/1.0" 200 OK
api01-1  | INFO:     192.168.96.5:50254 - "POST /clientes/5/transacoes HTTP/1.0" 200 OK
api02-1  | INFO:     192.168.96.5:39690 - "POST /clientes/3/transacoes HTTP/1.0" 200 OK
api01-1  | INFO:     192.168.96.5:50260 - "POST /clientes/2/transacoes HTTP/1.0" 422 Unprocessable Entity
api02-1  | INFO:     192.168.96.5:39704 - "POST /clientes/4/transacoes HTTP/1.0" 200 OK
api01-1  | INFO:     192.168.96.5:50262 - "POST /clientes/3/transacoes HTTP/1.0" 200 OK
api01-1  | INFO:     192.168.96.5:50274 - "GET /clientes/3/extrato HTTP/1.0" 200 OK
api02-1  | INFO:     192.168.96.5:39708 - "POST /clientes/1/transacoes HTTP/1.0" 200 OK
api01-1  | INFO:     192.168.96.5:50278 - "POST /clientes/2/transacoes HTTP/1.0" 422 Unprocessable Entity
api02-1  | INFO:     192.168.96.5:39710 - "POST /clientes/5/transacoes HTTP/1.0" 200 OK
api01-1  | INFO:     192.168.96.5:50282 - "POST /clientes/3/transacoes HTTP/1.0" 200 OK
api02-1  | INFO:     192.168.96.5:39712 - "POST /clientes/1/transacoes HTTP/1.0" 200 OK
api01-1  | INFO:     192.168.96.5:50294 - "POST /clientes/2/transacoes HTTP/1.0" 422 Unprocessable Entity
api02-1  | INFO:     192.168.96.5:39724 - "POST /clientes/2/transacoes HTTP/1.0" 200 OK
api01-1  | INFO:     192.168.96.5:50306 - "POST /clientes/1/transacoes HTTP/1.0" 200 OK
api02-1  | INFO:     192.168.96.5:39730 - "POST /clientes/2/transacoes HTTP/1.0" 200 OK
api01-1  | INFO:     192.168.96.5:50322 - "POST /clientes/4/transacoes HTTP/1.0" 200 OK
api02-1  | INFO:     192.168.96.5:39740 - "POST /clientes/4/transacoes HTTP/1.0" 200 OK
api01-1  | INFO:     192.168.96.5:50328 - "POST /clientes/5/transacoes HTTP/1.0" 200 OK
api02-1  | INFO:     192.168.96.5:39756 - "POST /clientes/5/transacoes HTTP/1.0" 200 OK
api01-1  | INFO:     192.168.96.5:50330 - "POST /clientes/4/transacoes HTTP/1.0" 200 OK
api02-1  | INFO:     192.168.96.5:39766 - "POST /clientes/4/transacoes HTTP/1.0" 200 OK
api01-1  | INFO:     192.168.96.5:50346 - "POST /clientes/2/transacoes HTTP/1.0" 200 OK
api02-1  | INFO:     192.168.96.5:39776 - "POST /clientes/4/transacoes HTTP/1.0" 200 OK
api01-1  | INFO:     192.168.96.5:50362 - "GET /clientes/2/extrato HTTP/1.0" 200 OK
api02-1  | INFO:     192.168.96.5:39784 - "POST /clientes/4/transacoes HTTP/1.0" 200 OK
api01-1  | INFO:     192.168.96.5:50364 - "POST /clientes/1/transacoes HTTP/1.0" 200 OK
api02-1  | INFO:     192.168.96.5:39796 - "POST /clientes/2/transacoes HTTP/1.0" 422 Unprocessable Entity
api01-1  | INFO:     192.168.96.5:50374 - "POST /clientes/5/transacoes HTTP/1.0" 200 OK
api02-1  | INFO:     192.168.96.5:39804 - "POST /clientes/5/transacoes HTTP/1.0" 200 OK
api01-1  | INFO:     192.168.96.5:50382 - "POST /clientes/4/transacoes HTTP/1.0" 200 OK
api02-1  | INFO:     192.168.96.5:39818 - "POST /clientes/5/transacoes HTTP/1.0" 200 OK
api02-1  | INFO:     192.168.96.5:39824 - "POST /clientes/4/transacoes HTTP/1.0" 200 OK
api01-1  | INFO:     192.168.96.5:50386 - "POST /clientes/5/transacoes HTTP/1.0" 200 OK
api01-1  | INFO:     192.168.96.5:50392 - "POST /clientes/2/transacoes HTTP/1.0" 200 OK
api02-1  | INFO:     192.168.96.5:39830 - "POST /clientes/4/transacoes HTTP/1.0" 200 OK
api02-1  | INFO:     192.168.96.5:39834 - "POST /clientes/4/transacoes HTTP/1.0" 200 OK
api01-1  | INFO:     192.168.96.5:50402 - "POST /clientes/1/transacoes HTTP/1.0" 200 OK
api01-1  | INFO:     192.168.96.5:50400 - "POST /clientes/1/transacoes HTTP/1.0" 200 OK
api02-1  | INFO:     192.168.96.5:39846 - "POST /clientes/5/transacoes HTTP/1.0" 200 OK
api02-1  | INFO:     192.168.96.5:39858 - "POST /clientes/2/transacoes HTTP/1.0" 200 OK
api01-1  | INFO:     192.168.96.5:50412 - "POST /clientes/1/transacoes HTTP/1.0" 200 OK
api01-1  | INFO:     192.168.96.5:50418 - "POST /clientes/4/transacoes HTTP/1.0" 200 OK
api01-1  | INFO:     192.168.96.5:50426 - "GET /clientes/5/extrato HTTP/1.0" 200 OK
api02-1  | INFO:     192.168.96.5:39868 - "POST /clientes/4/transacoes HTTP/1.0" 200 OK
api02-1  | INFO:     192.168.96.5:39880 - "POST /clientes/3/transacoes HTTP/1.0" 200 OK
api01-1  | INFO:     192.168.96.5:50434 - "POST /clientes/4/transacoes HTTP/1.0" 200 OK
api02-1  | INFO:     192.168.96.5:39892 - "POST /clientes/2/transacoes HTTP/1.0" 200 OK
api01-1  | INFO:     192.168.96.5:50444 - "POST /clientes/5/transacoes HTTP/1.0" 200 OK
api02-1  | INFO:     192.168.96.5:39906 - "POST /clientes/4/transacoes HTTP/1.0" 200 OK
api01-1  | INFO:     192.168.96.5:50460 - "POST /clientes/5/transacoes HTTP/1.0" 200 OK
api02-1  | INFO:     192.168.96.5:39914 - "POST /clientes/2/transacoes HTTP/1.0" 200 OK
api01-1  | INFO:     192.168.96.5:50468 - "POST /clientes/5/transacoes HTTP/1.0" 200 OK
api02-1  | INFO:     192.168.96.5:39918 - "POST /clientes/5/transacoes HTTP/1.0" 200 OK
api01-1  | INFO:     192.168.96.5:50472 - "POST /clientes/2/transacoes HTTP/1.0" 200 OK
api02-1  | INFO:     192.168.96.5:39924 - "POST /clientes/2/transacoes HTTP/1.0" 422 Unprocessable Entity
api01-1  | INFO:     192.168.96.5:50480 - "POST /clientes/1/transacoes HTTP/1.0" 200 OK
api02-1  | INFO:     192.168.96.5:39938 - "POST /clientes/3/transacoes HTTP/1.0" 200 OK
api01-1  | INFO:     192.168.96.5:50490 - "POST /clientes/2/transacoes HTTP/1.0" 422 Unprocessable Entity
api01-1  | INFO:     192.168.96.5:50492 - "POST /clientes/5/transacoes HTTP/1.0" 200 OK
api02-1  | INFO:     192.168.96.5:39946 - "POST /clientes/1/transacoes HTTP/1.0" 200 OK
api02-1  | INFO:     192.168.96.5:39962 - "POST /clientes/3/transacoes HTTP/1.0" 200 OK
api01-1  | INFO:     192.168.96.5:50498 - "POST /clientes/3/transacoes HTTP/1.0" 200 OK
api02-1  | INFO:     192.168.96.5:39970 - "POST /clientes/1/transacoes HTTP/1.0" 200 OK
api02-1  | INFO:     192.168.96.5:39984 - "GET /clientes/4/extrato HTTP/1.0" 200 OK
api01-1  | INFO:     192.168.96.5:50502 - "POST /clientes/4/transacoes HTTP/1.0" 200 OK
api02-1  | INFO:     192.168.96.5:39994 - "POST /clientes/1/transacoes HTTP/1.0" 200 OK
api01-1  | INFO:     192.168.96.5:50510 - "POST /clientes/3/transacoes HTTP/1.0" 200 OK
api02-1  | INFO:     192.168.96.5:40000 - "POST /clientes/2/transacoes HTTP/1.0" 422 Unprocessable Entity
api01-1  | INFO:     192.168.96.5:50526 - "POST /clientes/4/transacoes HTTP/1.0" 200 OK
api02-1  | INFO:     192.168.96.5:40016 - "POST /clientes/2/transacoes HTTP/1.0" 200 OK
api01-1  | INFO:     192.168.96.5:50530 - "POST /clientes/1/transacoes HTTP/1.0" 200 OK
api02-1  | INFO:     192.168.96.5:40026 - "POST /clientes/2/transacoes HTTP/1.0" 200 OK
api01-1  | INFO:     192.168.96.5:50540 - "POST /clientes/1/transacoes HTTP/1.0" 200 OK
api02-1  | INFO:     192.168.96.5:40030 - "POST /clientes/1/transacoes HTTP/1.0" 200 OK
api01-1  | INFO:     192.168.96.5:50550 - "POST /clientes/4/transacoes HTTP/1.0" 200 OK
api02-1  | INFO:     192.168.96.5:40032 - "POST /clientes/4/transacoes HTTP/1.0" 200 OK
api01-1  | INFO:     192.168.96.5:50564 - "POST /clientes/4/transacoes HTTP/1.0" 200 OK
api02-1  | INFO:     192.168.96.5:40040 - "POST /clientes/4/transacoes HTTP/1.0" 200 OK
api01-1  | INFO:     192.168.96.5:50572 - "POST /clientes/5/transacoes HTTP/1.0" 200 OK
api02-1  | INFO:     192.168.96.5:40048 - "POST /clientes/1/transacoes HTTP/1.0" 200 OK
api01-1  | INFO:     192.168.96.5:50588 - "POST /clientes/1/transacoes HTTP/1.0" 200 OK
api02-1  | INFO:     192.168.96.5:40056 - "POST /clientes/3/transacoes HTTP/1.0" 200 OK
api01-1  | INFO:     192.168.96.5:50596 - "GET /clientes/2/extrato HTTP/1.0" 200 OK
api02-1  | INFO:     192.168.96.5:40066 - "POST /clientes/2/transacoes HTTP/1.0" 200 OK
api01-1  | INFO:     192.168.96.5:50602 - "POST /clientes/2/transacoes HTTP/1.0" 200 OK
