 Network rinha-nginx-2024q1  Creating
 Network rinha-nginx-2024q1  Created
 Container matheuslao-db-1  Creating
 Container matheuslao-db-1  Created
 Container matheuslao-api01-1  Creating
 Container matheuslao-api02-1  Creating
 Container matheuslao-api02-1  Created
 Container matheuslao-api01-1  Created
 Container matheuslao-nginx-1  Creating
 Container matheuslao-nginx-1  Created
Attaching to api01-1, api02-1, db-1, nginx-1
db-1     | The files belonging to this database system will be owned by user "postgres".
db-1     | This user must also own the server process.
db-1     | 
db-1     | The database cluster will be initialized with locale "en_US.utf8".
db-1     | The default database encoding has accordingly been set to "UTF8".
db-1     | The default text search configuration will be set to "english".
db-1     | 
db-1     | Data page checksums are disabled.
db-1     | 
db-1     | fixing permissions on existing directory /var/lib/postgresql/data ... ok
db-1     | creating subdirectories ... ok
db-1     | selecting dynamic shared memory implementation ... posix
db-1     | selecting default max_connections ... 100
db-1     | selecting default shared_buffers ... 128MB
db-1     | selecting default time zone ... Etc/UTC
db-1     | creating configuration files ... ok
db-1     | running bootstrap script ... ok
nginx-1  | /docker-entrypoint.sh: /docker-entrypoint.d/ is not empty, will attempt to perform configuration
nginx-1  | /docker-entrypoint.sh: Looking for shell scripts in /docker-entrypoint.d/
nginx-1  | /docker-entrypoint.sh: Launching /docker-entrypoint.d/10-listen-on-ipv6-by-default.sh
nginx-1  | 10-listen-on-ipv6-by-default.sh: info: Getting the checksum of /etc/nginx/conf.d/default.conf
nginx-1  | 10-listen-on-ipv6-by-default.sh: info: Enabled listen on IPv6 in /etc/nginx/conf.d/default.conf
nginx-1  | /docker-entrypoint.sh: Sourcing /docker-entrypoint.d/15-local-resolvers.envsh
nginx-1  | /docker-entrypoint.sh: Launching /docker-entrypoint.d/20-envsubst-on-templates.sh
nginx-1  | /docker-entrypoint.sh: Launching /docker-entrypoint.d/30-tune-worker-processes.sh
nginx-1  | /docker-entrypoint.sh: Configuration complete; ready for start up
db-1     | performing post-bootstrap initialization ... ok
db-1     | initdb: warning: enabling "trust" authentication for local connections
db-1     | initdb: hint: You can change this by editing pg_hba.conf or using the option -A, or --auth-local and --auth-host, the next time you run initdb.
db-1     | syncing data to disk ... ok
db-1     | 
db-1     | 
db-1     | Success. You can now start the database server using:
db-1     | 
db-1     |     pg_ctl -D /var/lib/postgresql/data -l logfile start
db-1     | 
db-1     | waiting for server to start....2024-02-19 12:04:42.891 UTC [48] LOG:  starting PostgreSQL 16.2 (Debian 16.2-1.pgdg120+2) on x86_64-pc-linux-gnu, compiled by gcc (Debian 12.2.0-14) 12.2.0, 64-bit
db-1     | 2024-02-19 12:04:42.891 UTC [48] LOG:  listening on Unix socket "/var/run/postgresql/.s.PGSQL.5432"
db-1     | 2024-02-19 12:04:42.915 UTC [51] LOG:  database system was shut down at 2024-02-19 12:04:42 UTC
db-1     | 2024-02-19 12:04:42.918 UTC [48] LOG:  database system is ready to accept connections
db-1     |  done
db-1     | server started
db-1     | CREATE DATABASE
db-1     | 
db-1     | 
db-1     | /usr/local/bin/docker-entrypoint.sh: running /docker-entrypoint-initdb.d/init.sql
db-1     | CREATE TABLE
db-1     | CREATE INDEX
db-1     | CREATE TABLE
db-1     | CREATE INDEX
db-1     | INSERT 0 1
db-1     | INSERT 0 1
db-1     | INSERT 0 1
db-1     | INSERT 0 1
db-1     | INSERT 0 1
db-1     | 
db-1     | 
db-1     | waiting for server to shut down...2024-02-19 12:04:43.218 UTC [48] LOG:  received fast shutdown request
db-1     | .2024-02-19 12:04:43.218 UTC [48] LOG:  aborting any active transactions
db-1     | 2024-02-19 12:04:43.220 UTC [48] LOG:  background worker "logical replication launcher" (PID 54) exited with exit code 1
db-1     | 2024-02-19 12:04:43.220 UTC [49] LOG:  shutting down
db-1     | 2024-02-19 12:04:43.220 UTC [49] LOG:  checkpoint starting: shutdown immediate
db-1     | 2024-02-19 12:04:43.226 UTC [49] LOG:  checkpoint complete: wrote 935 buffers (11.4%); 0 WAL file(s) added, 0 removed, 0 recycled; write=0.006 s, sync=0.001 s, total=0.006 s; sync files=0, longest=0.000 s, average=0.000 s; distance=4290 kB, estimate=4290 kB; lsn=0/191B330, redo lsn=0/191B330
db-1     | 2024-02-19 12:04:43.230 UTC [48] LOG:  database system is shut down
db-1     |  done
db-1     | server stopped
db-1     | 
db-1     | PostgreSQL init process complete; ready for start up.
db-1     | 
db-1     | 2024-02-19 12:04:43.333 UTC [1] LOG:  starting PostgreSQL 16.2 (Debian 16.2-1.pgdg120+2) on x86_64-pc-linux-gnu, compiled by gcc (Debian 12.2.0-14) 12.2.0, 64-bit
db-1     | 2024-02-19 12:04:43.333 UTC [1] LOG:  listening on IPv4 address "0.0.0.0", port 5432
db-1     | 2024-02-19 12:04:43.333 UTC [1] LOG:  listening on IPv6 address "::", port 5432
db-1     | 2024-02-19 12:04:43.333 UTC [1] LOG:  listening on Unix socket "/var/run/postgresql/.s.PGSQL.5432"
db-1     | 2024-02-19 12:04:43.335 UTC [66] LOG:  database system was shut down at 2024-02-19 12:04:43 UTC
db-1     | 2024-02-19 12:04:43.338 UTC [1] LOG:  database system is ready to accept connections
nginx-1  | 2024/02/19 12:04:44 [error] 32#32: *1 connect() failed (111: Connection refused) while connecting to upstream, client: 192.168.32.1, server: , request: "GET /clientes/1/extrato HTTP/1.1", upstream: "http://192.168.32.4:8080/clientes/1/extrato", host: "localhost:9999"
nginx-1  | 2024/02/19 12:04:44 [error] 32#32: *1 connect() failed (111: Connection refused) while connecting to upstream, client: 192.168.32.1, server: , request: "GET /clientes/1/extrato HTTP/1.1", upstream: "http://192.168.32.3:8080/clientes/1/extrato", host: "localhost:9999"
api01-1  | INFO:     Started server process [1]
api01-1  | INFO:     Waiting for application startup.
api02-1  | INFO:     Started server process [1]
api02-1  | INFO:     Waiting for application startup.
api01-1  | INFO:     Application startup complete.
api02-1  | INFO:     Application startup complete.
api01-1  | INFO:     Uvicorn running on http://0.0.0.0:8080 (Press CTRL+C to quit)
api02-1  | INFO:     Uvicorn running on http://0.0.0.0:8080 (Press CTRL+C to quit)
nginx-1  | 2024/02/19 12:04:46 [error] 32#32: *4 no live upstreams while connecting to upstream, client: 192.168.32.1, server: , request: "GET /clientes/1/extrato HTTP/1.1", upstream: "http://api/clientes/1/extrato", host: "localhost:9999"
nginx-1  | 2024/02/19 12:04:48 [error] 32#32: *5 no live upstreams while connecting to upstream, client: 192.168.32.1, server: , request: "GET /clientes/1/extrato HTTP/1.1", upstream: "http://api/clientes/1/extrato", host: "localhost:9999"
nginx-1  | 2024/02/19 12:04:50 [error] 32#32: *6 no live upstreams while connecting to upstream, client: 192.168.32.1, server: , request: "GET /clientes/1/extrato HTTP/1.1", upstream: "http://api/clientes/1/extrato", host: "localhost:9999"
nginx-1  | 2024/02/19 12:04:52 [error] 32#32: *7 no live upstreams while connecting to upstream, client: 192.168.32.1, server: , request: "GET /clientes/1/extrato HTTP/1.1", upstream: "http://api/clientes/1/extrato", host: "localhost:9999"
nginx-1  | 2024/02/19 12:04:54 [error] 32#32: *8 no live upstreams while connecting to upstream, client: 192.168.32.1, server: , request: "GET /clientes/1/extrato HTTP/1.1", upstream: "http://api/clientes/1/extrato", host: "localhost:9999"
api02-1  | INFO:     192.168.32.5:54344 - "GET /clientes/1/extrato HTTP/1.0" 200 OK
api02-1  | INFO:     192.168.32.5:54352 - "GET /clientes/1/extrato HTTP/1.0" 200 OK
api01-1  | INFO:     192.168.32.5:47270 - "POST /clientes/1/transacoes HTTP/1.0" 200 OK
api02-1  | INFO:     192.168.32.5:33598 - "POST /clientes/1/transacoes HTTP/1.0" 200 OK
api02-1  | INFO:     192.168.32.5:33612 - "POST /clientes/1/transacoes HTTP/1.0" 200 OK
api02-1  | INFO:     192.168.32.5:33630 - "POST /clientes/1/transacoes HTTP/1.0" 200 OK
api02-1  | INFO:     192.168.32.5:33614 - "POST /clientes/1/transacoes HTTP/1.0" 200 OK
api02-1  | INFO:     192.168.32.5:33640 - "POST /clientes/1/transacoes HTTP/1.0" 200 OK
api02-1  | INFO:     192.168.32.5:33648 - "POST /clientes/1/transacoes HTTP/1.0" 200 OK
api02-1  | INFO:     192.168.32.5:33652 - "POST /clientes/1/transacoes HTTP/1.0" 200 OK
api02-1  | INFO:     192.168.32.5:33678 - "POST /clientes/1/transacoes HTTP/1.0" 200 OK
api02-1  | INFO:     192.168.32.5:33664 - "POST /clientes/1/transacoes HTTP/1.0" 200 OK
api02-1  | INFO:     192.168.32.5:33674 - "POST /clientes/1/transacoes HTTP/1.0" 200 OK
api02-1  | INFO:     192.168.32.5:33660 - "POST /clientes/1/transacoes HTTP/1.0" 200 OK
api02-1  | INFO:     192.168.32.5:33688 - "POST /clientes/1/transacoes HTTP/1.0" 200 OK
api01-1  | INFO:     192.168.32.5:47282 - "POST /clientes/1/transacoes HTTP/1.0" 200 OK
api01-1  | INFO:     192.168.32.5:47312 - "POST /clientes/1/transacoes HTTP/1.0" 200 OK
api01-1  | INFO:     192.168.32.5:47328 - "POST /clientes/1/transacoes HTTP/1.0" 200 OK
api01-1  | INFO:     192.168.32.5:47354 - "POST /clientes/1/transacoes HTTP/1.0" 200 OK
api01-1  | INFO:     192.168.32.5:47272 - "POST /clientes/1/transacoes HTTP/1.0" 200 OK
api01-1  | INFO:     192.168.32.5:47298 - "POST /clientes/1/transacoes HTTP/1.0" 200 OK
api01-1  | INFO:     192.168.32.5:47370 - "POST /clientes/1/transacoes HTTP/1.0" 200 OK
api01-1  | INFO:     192.168.32.5:47358 - "POST /clientes/1/transacoes HTTP/1.0" 200 OK
api01-1  | INFO:     192.168.32.5:47374 - "POST /clientes/1/transacoes HTTP/1.0" 200 OK
api01-1  | INFO:     192.168.32.5:47340 - "POST /clientes/1/transacoes HTTP/1.0" 200 OK
api01-1  | INFO:     192.168.32.5:47388 - "POST /clientes/1/transacoes HTTP/1.0" 200 OK
api01-1  | INFO:     192.168.32.5:47330 - "POST /clientes/1/transacoes HTTP/1.0" 200 OK
api01-1  | INFO:     192.168.32.5:47398 - "GET /clientes/1/extrato HTTP/1.0" 200 OK
api02-1  | INFO:     192.168.32.5:33704 - "POST /clientes/1/transacoes HTTP/1.0" 200 OK
api01-1  | INFO:     192.168.32.5:47426 - "POST /clientes/1/transacoes HTTP/1.0" 200 OK
api01-1  | INFO:     192.168.32.5:47416 - "POST /clientes/1/transacoes HTTP/1.0" 200 OK
api01-1  | INFO:     192.168.32.5:47428 - "POST /clientes/1/transacoes HTTP/1.0" 200 OK
api01-1  | INFO:     192.168.32.5:47400 - "POST /clientes/1/transacoes HTTP/1.0" 200 OK
api01-1  | INFO:     192.168.32.5:47492 - "POST /clientes/1/transacoes HTTP/1.0" 200 OK
api01-1  | INFO:     192.168.32.5:47466 - "POST /clientes/1/transacoes HTTP/1.0" 200 OK
api01-1  | INFO:     192.168.32.5:47442 - "POST /clientes/1/transacoes HTTP/1.0" 200 OK
api01-1  | INFO:     192.168.32.5:47456 - "POST /clientes/1/transacoes HTTP/1.0" 200 OK
api01-1  | INFO:     192.168.32.5:47446 - "POST /clientes/1/transacoes HTTP/1.0" 200 OK
api01-1  | INFO:     192.168.32.5:47490 - "POST /clientes/1/transacoes HTTP/1.0" 200 OK
api01-1  | INFO:     192.168.32.5:47464 - "POST /clientes/1/transacoes HTTP/1.0" 200 OK
api01-1  | INFO:     192.168.32.5:47476 - "POST /clientes/1/transacoes HTTP/1.0" 200 OK
api02-1  | INFO:     192.168.32.5:33730 - "POST /clientes/1/transacoes HTTP/1.0" 200 OK
api02-1  | INFO:     192.168.32.5:33780 - "POST /clientes/1/transacoes HTTP/1.0" 200 OK
api02-1  | INFO:     192.168.32.5:33744 - "POST /clientes/1/transacoes HTTP/1.0" 200 OK
api02-1  | INFO:     192.168.32.5:33776 - "POST /clientes/1/transacoes HTTP/1.0" 200 OK
api02-1  | INFO:     192.168.32.5:33714 - "POST /clientes/1/transacoes HTTP/1.0" 200 OK
api02-1  | INFO:     192.168.32.5:33758 - "POST /clientes/1/transacoes HTTP/1.0" 200 OK
api02-1  | INFO:     192.168.32.5:33766 - "POST /clientes/1/transacoes HTTP/1.0" 200 OK
api02-1  | INFO:     192.168.32.5:33796 - "POST /clientes/1/transacoes HTTP/1.0" 200 OK
api02-1  | INFO:     192.168.32.5:33816 - "POST /clientes/1/transacoes HTTP/1.0" 200 OK
api02-1  | INFO:     192.168.32.5:33804 - "POST /clientes/1/transacoes HTTP/1.0" 200 OK
api02-1  | INFO:     192.168.32.5:33834 - "POST /clientes/1/transacoes HTTP/1.0" 200 OK
api02-1  | INFO:     192.168.32.5:33830 - "POST /clientes/1/transacoes HTTP/1.0" 200 OK
api01-1  | INFO:     192.168.32.5:47504 - "GET /clientes/1/extrato HTTP/1.0" 200 OK
api02-1  | INFO:     192.168.32.5:33844 - "GET /clientes/6/extrato HTTP/1.0" 404 Not Found
api02-1  | INFO:     192.168.32.5:33870 - "GET /clientes/1/extrato HTTP/1.0" 200 OK
api02-1  | INFO:     192.168.32.5:33856 - "GET /clientes/3/extrato HTTP/1.0" 200 OK
api01-1  | INFO:     192.168.32.5:47538 - "GET /clientes/5/extrato HTTP/1.0" 200 OK
api01-1  | INFO:     192.168.32.5:47532 - "GET /clientes/2/extrato HTTP/1.0" 200 OK
api01-1  | INFO:     192.168.32.5:47516 - "GET /clientes/4/extrato HTTP/1.0" 200 OK
api01-1  | INFO:     192.168.32.5:47554 - "POST /clientes/5/transacoes HTTP/1.0" 200 OK
api01-1  | INFO:     192.168.32.5:47556 - "POST /clientes/2/transacoes HTTP/1.0" 200 OK
api02-1  | INFO:     192.168.32.5:33880 - "POST /clientes/1/transacoes HTTP/1.0" 200 OK
api02-1  | INFO:     192.168.32.5:33874 - "POST /clientes/3/transacoes HTTP/1.0" 200 OK
api02-1  | INFO:     192.168.32.5:33886 - "POST /clientes/4/transacoes HTTP/1.0" 200 OK
api02-1  | INFO:     192.168.32.5:33900 - "POST /clientes/2/transacoes HTTP/1.0" 200 OK
api01-1  | INFO:     192.168.32.5:47566 - "POST /clientes/5/transacoes HTTP/1.0" 200 OK
api02-1  | INFO:     192.168.32.5:33904 - "POST /clientes/1/transacoes HTTP/1.0" 200 OK
api01-1  | INFO:     192.168.32.5:47570 - "POST /clientes/3/transacoes HTTP/1.0" 200 OK
api01-1  | INFO:     192.168.32.5:47578 - "POST /clientes/4/transacoes HTTP/1.0" 200 OK
api02-1  | INFO:     192.168.32.5:33912 - "GET /clientes/5/extrato HTTP/1.0" 200 OK
api02-1  | INFO:     192.168.32.5:33918 - "GET /clientes/2/extrato HTTP/1.0" 200 OK
api01-1  | INFO:     192.168.32.5:47594 - "GET /clientes/1/extrato HTTP/1.0" 200 OK
api01-1  | INFO:     192.168.32.5:47608 - "GET /clientes/3/extrato HTTP/1.0" 200 OK
api02-1  | INFO:     192.168.32.5:33932 - "GET /clientes/4/extrato HTTP/1.0" 200 OK
api02-1  | INFO:     192.168.32.5:33934 - "POST /clientes/2/transacoes HTTP/1.0" 200 OK
api02-1  | INFO:     192.168.32.5:33950 - "POST /clientes/4/transacoes HTTP/1.0" 200 OK
api01-1  | INFO:     192.168.32.5:47622 - "POST /clientes/5/transacoes HTTP/1.0" 200 OK
api01-1  | INFO:     192.168.32.5:47638 - "POST /clientes/3/transacoes HTTP/1.0" 200 OK
api01-1  | INFO:     192.168.32.5:47650 - "POST /clientes/1/transacoes HTTP/1.0" 200 OK
api01-1  | INFO:     192.168.32.5:47654 - "GET /clientes/3/extrato HTTP/1.0" 200 OK
api01-1  | INFO:     192.168.32.5:47656 - "GET /clientes/5/extrato HTTP/1.0" 200 OK
api01-1  | INFO:     192.168.32.5:47676 - "GET /clientes/5/extrato HTTP/1.0" 200 OK
api02-1  | INFO:     192.168.32.5:33984 - "GET /clientes/4/extrato HTTP/1.0" 200 OK
api02-1  | INFO:     192.168.32.5:33970 - "GET /clientes/1/extrato HTTP/1.0" 200 OK
api02-1  | INFO:     192.168.32.5:33966 - "GET /clientes/2/extrato HTTP/1.0" 200 OK
api02-1  | INFO:     192.168.32.5:34048 - "GET /clientes/2/extrato HTTP/1.0" 200 OK
api02-1  | INFO:     192.168.32.5:34018 - "GET /clientes/4/extrato HTTP/1.0" 200 OK
api02-1  | INFO:     192.168.32.5:33990 - "GET /clientes/5/extrato HTTP/1.0" 200 OK
api01-1  | INFO:     192.168.32.5:47678 - "GET /clientes/5/extrato HTTP/1.0" 200 OK
api02-1  | INFO:     192.168.32.5:34038 - "GET /clientes/2/extrato HTTP/1.0" 200 OK
api02-1  | INFO:     192.168.32.5:33998 - "GET /clientes/3/extrato HTTP/1.0" 200 OK
api01-1  | INFO:     192.168.32.5:47690 - "GET /clientes/1/extrato HTTP/1.0" 200 OK
api01-1  | INFO:     192.168.32.5:47692 - "GET /clientes/3/extrato HTTP/1.0" 200 OK
api02-1  | INFO:     192.168.32.5:34010 - "GET /clientes/1/extrato HTTP/1.0" 200 OK
api02-1  | INFO:     192.168.32.5:34022 - "GET /clientes/4/extrato HTTP/1.0" 200 OK
api01-1  | INFO:     192.168.32.5:47694 - "GET /clientes/1/extrato HTTP/1.0" 200 OK
api01-1  | INFO:     192.168.32.5:47710 - "GET /clientes/3/extrato HTTP/1.0" 200 OK
api01-1  | INFO:     192.168.32.5:47712 - "GET /clientes/4/extrato HTTP/1.0" 200 OK
api01-1  | INFO:     192.168.32.5:47716 - "GET /clientes/2/extrato HTTP/1.0" 200 OK
api02-1  | INFO:     192.168.32.5:34060 - "POST /clientes/3/transacoes HTTP/1.0" 422 Unprocessable Entity
api01-1  | INFO:     192.168.32.5:47718 - "POST /clientes/5/transacoes HTTP/1.0" 422 Unprocessable Entity
api01-1  | INFO:     192.168.32.5:47728 - "POST /clientes/4/transacoes HTTP/1.0" 422 Unprocessable Entity
api02-1  | INFO:     192.168.32.5:34056 - "POST /clientes/1/transacoes HTTP/1.0" 422 Unprocessable Entity
api02-1  | INFO:     192.168.32.5:34070 - "POST /clientes/3/transacoes HTTP/1.0" 422 Unprocessable Entity
api01-1  | INFO:     192.168.32.5:47756 - "POST /clientes/5/transacoes HTTP/1.0" 422 Unprocessable Entity
api01-1  | INFO:     192.168.32.5:47744 - "POST /clientes/2/transacoes HTTP/1.0" 422 Unprocessable Entity
api02-1  | INFO:     192.168.32.5:34072 - "POST /clientes/3/transacoes HTTP/1.0" 422 Unprocessable Entity
api02-1  | INFO:     192.168.32.5:34088 - "POST /clientes/1/transacoes HTTP/1.0" 422 Unprocessable Entity
api01-1  | INFO:     192.168.32.5:47762 - "POST /clientes/4/transacoes HTTP/1.0" 422 Unprocessable Entity
api02-1  | INFO:     192.168.32.5:34096 - "POST /clientes/2/transacoes HTTP/1.0" 422 Unprocessable Entity
api02-1  | INFO:     192.168.32.5:34110 - "POST /clientes/1/transacoes HTTP/1.0" 422 Unprocessable Entity
api01-1  | INFO:     192.168.32.5:47774 - "POST /clientes/5/transacoes HTTP/1.0" 422 Unprocessable Entity
api02-1  | INFO:     192.168.32.5:34118 - "POST /clientes/4/transacoes HTTP/1.0" 422 Unprocessable Entity
api02-1  | INFO:     192.168.32.5:34122 - "POST /clientes/2/transacoes HTTP/1.0" 422 Unprocessable Entity
api01-1  | INFO:     192.168.32.5:47778 - "POST /clientes/3/transacoes HTTP/1.0" 422 Unprocessable Entity
api01-1  | INFO:     192.168.32.5:47780 - "POST /clientes/5/transacoes HTTP/1.0" 422 Unprocessable Entity
api01-1  | INFO:     192.168.32.5:47794 - "POST /clientes/1/transacoes HTTP/1.0" 422 Unprocessable Entity
api01-1  | INFO:     192.168.32.5:47796 - "POST /clientes/4/transacoes HTTP/1.0" 422 Unprocessable Entity
api02-1  | INFO:     192.168.32.5:34132 - "POST /clientes/5/transacoes HTTP/1.0" 422 Unprocessable Entity
api02-1  | INFO:     192.168.32.5:34148 - "POST /clientes/3/transacoes HTTP/1.0" 422 Unprocessable Entity
api01-1  | INFO:     192.168.32.5:47800 - "POST /clientes/4/transacoes HTTP/1.0" 422 Unprocessable Entity
api02-1  | INFO:     192.168.32.5:34138 - "POST /clientes/2/transacoes HTTP/1.0" 422 Unprocessable Entity
api02-1  | INFO:     192.168.32.5:34154 - "POST /clientes/1/transacoes HTTP/1.0" 422 Unprocessable Entity
api01-1  | INFO:     192.168.32.5:47806 - "POST /clientes/2/transacoes HTTP/1.0" 422 Unprocessable Entity
api02-1  | INFO:     192.168.32.5:34162 - "POST /clientes/2/transacoes HTTP/1.0" 200 OK
api01-1  | INFO:     192.168.32.5:47830 - "POST /clientes/4/transacoes HTTP/1.0" 200 OK
api01-1  | INFO:     192.168.32.5:47820 - "GET /clientes/1/extrato HTTP/1.0" 200 OK
api01-1  | INFO:     192.168.32.5:47836 - "POST /clientes/1/transacoes HTTP/1.0" 200 OK
api02-1  | INFO:     192.168.32.5:34168 - "GET /clientes/2/extrato HTTP/1.0" 200 OK
api02-1  | INFO:     192.168.32.5:34180 - "POST /clientes/4/transacoes HTTP/1.0" 200 OK
api01-1  | INFO:     192.168.32.5:47844 - "POST /clientes/5/transacoes HTTP/1.0" 200 OK
api01-1  | INFO:     192.168.32.5:47848 - "POST /clientes/4/transacoes HTTP/1.0" 200 OK
api02-1  | INFO:     192.168.32.5:34184 - "POST /clientes/3/transacoes HTTP/1.0" 200 OK
api01-1  | INFO:     192.168.32.5:47864 - "POST /clientes/4/transacoes HTTP/1.0" 200 OK
api01-1  | INFO:     192.168.32.5:47872 - "POST /clientes/2/transacoes HTTP/1.0" 200 OK
api02-1  | INFO:     192.168.32.5:34200 - "GET /clientes/3/extrato HTTP/1.0" 200 OK
api02-1  | INFO:     192.168.32.5:34210 - "POST /clientes/2/transacoes HTTP/1.0" 200 OK
api01-1  | INFO:     192.168.32.5:56664 - "POST /clientes/5/transacoes HTTP/1.0" 200 OK
api02-1  | INFO:     192.168.32.5:48450 - "POST /clientes/2/transacoes HTTP/1.0" 200 OK
api01-1  | INFO:     192.168.32.5:56668 - "POST /clientes/5/transacoes HTTP/1.0" 200 OK
api01-1  | INFO:     192.168.32.5:56684 - "POST /clientes/2/transacoes HTTP/1.0" 200 OK
api02-1  | INFO:     192.168.32.5:48454 - "POST /clientes/2/transacoes HTTP/1.0" 200 OK
api02-1  | INFO:     192.168.32.5:48458 - "POST /clientes/5/transacoes HTTP/1.0" 200 OK
api01-1  | INFO:     192.168.32.5:56688 - "POST /clientes/5/transacoes HTTP/1.0" 200 OK
api02-1  | INFO:     192.168.32.5:48464 - "POST /clientes/2/transacoes HTTP/1.0" 200 OK
api02-1  | INFO:     192.168.32.5:48476 - "POST /clientes/4/transacoes HTTP/1.0" 200 OK
api01-1  | INFO:     192.168.32.5:56702 - "GET /clientes/4/extrato HTTP/1.0" 200 OK
api01-1  | INFO:     192.168.32.5:56710 - "POST /clientes/3/transacoes HTTP/1.0" 200 OK
api02-1  | INFO:     192.168.32.5:48492 - "POST /clientes/1/transacoes HTTP/1.0" 200 OK
api01-1  | INFO:     192.168.32.5:56720 - "POST /clientes/5/transacoes HTTP/1.0" 200 OK
api02-1  | INFO:     192.168.32.5:48496 - "POST /clientes/3/transacoes HTTP/1.0" 200 OK
api01-1  | INFO:     192.168.32.5:56730 - "POST /clientes/4/transacoes HTTP/1.0" 200 OK
api02-1  | INFO:     192.168.32.5:48508 - "POST /clientes/3/transacoes HTTP/1.0" 200 OK
api01-1  | INFO:     192.168.32.5:56732 - "POST /clientes/5/transacoes HTTP/1.0" 200 OK
api02-1  | INFO:     192.168.32.5:48520 - "POST /clientes/3/transacoes HTTP/1.0" 200 OK
api01-1  | INFO:     192.168.32.5:56742 - "POST /clientes/5/transacoes HTTP/1.0" 200 OK
api02-1  | INFO:     192.168.32.5:48528 - "POST /clientes/5/transacoes HTTP/1.0" 200 OK
api02-1  | INFO:     192.168.32.5:48544 - "GET /clientes/1/extrato HTTP/1.0" 200 OK
api01-1  | INFO:     192.168.32.5:56746 - "POST /clientes/3/transacoes HTTP/1.0" 200 OK
api01-1  | INFO:     192.168.32.5:56754 - "POST /clientes/3/transacoes HTTP/1.0" 200 OK
api02-1  | INFO:     192.168.32.5:48556 - "POST /clientes/3/transacoes HTTP/1.0" 200 OK
api01-1  | INFO:     192.168.32.5:56768 - "POST /clientes/4/transacoes HTTP/1.0" 200 OK
api02-1  | INFO:     192.168.32.5:48564 - "POST /clientes/2/transacoes HTTP/1.0" 200 OK
api01-1  | INFO:     192.168.32.5:56770 - "POST /clientes/2/transacoes HTTP/1.0" 200 OK
api02-1  | INFO:     192.168.32.5:48574 - "POST /clientes/5/transacoes HTTP/1.0" 200 OK
api01-1  | INFO:     192.168.32.5:56786 - "POST /clientes/1/transacoes HTTP/1.0" 200 OK
api02-1  | INFO:     192.168.32.5:48584 - "POST /clientes/2/transacoes HTTP/1.0" 200 OK
api01-1  | INFO:     192.168.32.5:56802 - "POST /clientes/3/transacoes HTTP/1.0" 200 OK
api02-1  | INFO:     192.168.32.5:48588 - "POST /clientes/1/transacoes HTTP/1.0" 200 OK
api01-1  | INFO:     192.168.32.5:56812 - "POST /clientes/5/transacoes HTTP/1.0" 200 OK
api02-1  | INFO:     192.168.32.5:48598 - "POST /clientes/4/transacoes HTTP/1.0" 200 OK
api01-1  | INFO:     192.168.32.5:56824 - "POST /clientes/5/transacoes HTTP/1.0" 200 OK
api01-1  | INFO:     192.168.32.5:56832 - "GET /clientes/5/extrato HTTP/1.0" 200 OK
api02-1  | INFO:     192.168.32.5:48602 - "POST /clientes/2/transacoes HTTP/1.0" 200 OK
api02-1  | INFO:     192.168.32.5:48618 - "POST /clientes/3/transacoes HTTP/1.0" 200 OK
api02-1  | INFO:     192.168.32.5:48632 - "POST /clientes/4/transacoes HTTP/1.0" 200 OK
api01-1  | INFO:     192.168.32.5:56834 - "POST /clientes/1/transacoes HTTP/1.0" 200 OK
api02-1  | INFO:     192.168.32.5:48644 - "POST /clientes/1/transacoes HTTP/1.0" 200 OK
api01-1  | INFO:     192.168.32.5:56848 - "POST /clientes/3/transacoes HTTP/1.0" 200 OK
api02-1  | INFO:     192.168.32.5:48652 - "POST /clientes/5/transacoes HTTP/1.0" 200 OK
api01-1  | INFO:     192.168.32.5:56862 - "POST /clientes/1/transacoes HTTP/1.0" 200 OK
api02-1  | INFO:     192.168.32.5:48654 - "POST /clientes/5/transacoes HTTP/1.0" 200 OK
api01-1  | INFO:     192.168.32.5:56874 - "GET /clientes/3/extrato HTTP/1.0" 200 OK
api02-1  | INFO:     192.168.32.5:48658 - "POST /clientes/4/transacoes HTTP/1.0" 200 OK
api01-1  | INFO:     192.168.32.5:56880 - "POST /clientes/2/transacoes HTTP/1.0" 200 OK
api02-1  | INFO:     192.168.32.5:48672 - "POST /clientes/3/transacoes HTTP/1.0" 200 OK
api01-1  | INFO:     192.168.32.5:56882 - "POST /clientes/2/transacoes HTTP/1.0" 200 OK
api02-1  | INFO:     192.168.32.5:48684 - "POST /clientes/4/transacoes HTTP/1.0" 200 OK
api01-1  | INFO:     192.168.32.5:56896 - "POST /clientes/4/transacoes HTTP/1.0" 200 OK
api02-1  | INFO:     192.168.32.5:48688 - "POST /clientes/2/transacoes HTTP/1.0" 200 OK
api01-1  | INFO:     192.168.32.5:56912 - "POST /clientes/1/transacoes HTTP/1.0" 200 OK
api02-1  | INFO:     192.168.32.5:48696 - "POST /clientes/2/transacoes HTTP/1.0" 200 OK
api01-1  | INFO:     192.168.32.5:56918 - "POST /clientes/3/transacoes HTTP/1.0" 200 OK
api01-1  | INFO:     192.168.32.5:56930 - "GET /clientes/2/extrato HTTP/1.0" 200 OK
api02-1  | INFO:     192.168.32.5:48706 - "POST /clientes/2/transacoes HTTP/1.0" 200 OK
api01-1  | INFO:     192.168.32.5:56938 - "POST /clientes/2/transacoes HTTP/1.0" 200 OK
api02-1  | INFO:     192.168.32.5:48716 - "POST /clientes/3/transacoes HTTP/1.0" 200 OK
api01-1  | INFO:     192.168.32.5:56948 - "POST /clientes/4/transacoes HTTP/1.0" 200 OK
api02-1  | INFO:     192.168.32.5:48722 - "POST /clientes/1/transacoes HTTP/1.0" 200 OK
api01-1  | INFO:     192.168.32.5:56954 - "POST /clientes/1/transacoes HTTP/1.0" 200 OK
api02-1  | INFO:     192.168.32.5:48724 - "POST /clientes/5/transacoes HTTP/1.0" 200 OK
api01-1  | INFO:     192.168.32.5:56964 - "POST /clientes/1/transacoes HTTP/1.0" 200 OK
api02-1  | INFO:     192.168.32.5:48736 - "POST /clientes/2/transacoes HTTP/1.0" 200 OK
api01-1  | INFO:     192.168.32.5:56980 - "POST /clientes/1/transacoes HTTP/1.0" 200 OK
api02-1  | INFO:     192.168.32.5:48746 - "POST /clientes/1/transacoes HTTP/1.0" 200 OK
api01-1  | INFO:     192.168.32.5:56996 - "POST /clientes/4/transacoes HTTP/1.0" 200 OK
api02-1  | INFO:     192.168.32.5:48754 - "POST /clientes/1/transacoes HTTP/1.0" 200 OK
api01-1  | INFO:     192.168.32.5:57008 - "POST /clientes/1/transacoes HTTP/1.0" 200 OK
api02-1  | INFO:     192.168.32.5:48756 - "POST /clientes/4/transacoes HTTP/1.0" 200 OK
api01-1  | INFO:     192.168.32.5:57014 - "POST /clientes/3/transacoes HTTP/1.0" 200 OK
api02-1  | INFO:     192.168.32.5:48770 - "POST /clientes/1/transacoes HTTP/1.0" 200 OK
api01-1  | INFO:     192.168.32.5:57020 - "POST /clientes/4/transacoes HTTP/1.0" 200 OK
api01-1  | INFO:     192.168.32.5:57032 - "POST /clientes/5/transacoes HTTP/1.0" 200 OK
api02-1  | INFO:     192.168.32.5:48786 - "GET /clientes/1/extrato HTTP/1.0" 200 OK
api02-1  | INFO:     192.168.32.5:48782 - "POST /clientes/4/transacoes HTTP/1.0" 200 OK
api01-1  | INFO:     192.168.32.5:57040 - "POST /clientes/4/transacoes HTTP/1.0" 200 OK
api02-1  | INFO:     192.168.32.5:48798 - "POST /clientes/4/transacoes HTTP/1.0" 200 OK
api01-1  | INFO:     192.168.32.5:57048 - "POST /clientes/1/transacoes HTTP/1.0" 200 OK
api02-1  | INFO:     192.168.32.5:48812 - "POST /clientes/1/transacoes HTTP/1.0" 200 OK
api01-1  | INFO:     192.168.32.5:57060 - "POST /clientes/5/transacoes HTTP/1.0" 200 OK
api02-1  | INFO:     192.168.32.5:48814 - "POST /clientes/4/transacoes HTTP/1.0" 200 OK
api01-1  | INFO:     192.168.32.5:57074 - "POST /clientes/2/transacoes HTTP/1.0" 200 OK
api02-1  | INFO:     192.168.32.5:48828 - "POST /clientes/5/transacoes HTTP/1.0" 200 OK
api01-1  | INFO:     192.168.32.5:57088 - "POST /clientes/1/transacoes HTTP/1.0" 200 OK
api02-1  | INFO:     192.168.32.5:48840 - "POST /clientes/2/transacoes HTTP/1.0" 200 OK
api01-1  | INFO:     192.168.32.5:57090 - "GET /clientes/1/extrato HTTP/1.0" 200 OK
api02-1  | INFO:     192.168.32.5:48842 - "POST /clientes/4/transacoes HTTP/1.0" 200 OK
api01-1  | INFO:     192.168.32.5:57102 - "POST /clientes/3/transacoes HTTP/1.0" 200 OK
api02-1  | INFO:     192.168.32.5:48854 - "POST /clientes/5/transacoes HTTP/1.0" 200 OK
api01-1  | INFO:     192.168.32.5:57108 - "POST /clientes/4/transacoes HTTP/1.0" 200 OK
api02-1  | INFO:     192.168.32.5:48858 - "POST /clientes/2/transacoes HTTP/1.0" 200 OK
api01-1  | INFO:     192.168.32.5:57116 - "POST /clientes/4/transacoes HTTP/1.0" 200 OK
api02-1  | INFO:     192.168.32.5:48870 - "POST /clientes/3/transacoes HTTP/1.0" 200 OK
api01-1  | INFO:     192.168.32.5:57128 - "POST /clientes/2/transacoes HTTP/1.0" 200 OK
api02-1  | INFO:     192.168.32.5:48876 - "POST /clientes/2/transacoes HTTP/1.0" 200 OK
api01-1  | INFO:     192.168.32.5:57138 - "POST /clientes/5/transacoes HTTP/1.0" 200 OK
api02-1  | INFO:     192.168.32.5:48880 - "POST /clientes/5/transacoes HTTP/1.0" 200 OK
api02-1  | INFO:     192.168.32.5:48892 - "POST /clientes/3/transacoes HTTP/1.0" 200 OK
api01-1  | INFO:     192.168.32.5:57168 - "POST /clientes/5/transacoes HTTP/1.0" 200 OK
api01-1  | INFO:     192.168.32.5:57152 - "GET /clientes/4/extrato HTTP/1.0" 200 OK
api01-1  | INFO:     192.168.32.5:57178 - "POST /clientes/5/transacoes HTTP/1.0" 200 OK
api02-1  | INFO:     192.168.32.5:48906 - "POST /clientes/4/transacoes HTTP/1.0" 200 OK
api01-1  | INFO:     192.168.32.5:57192 - "POST /clientes/2/transacoes HTTP/1.0" 200 OK
api02-1  | INFO:     192.168.32.5:48920 - "POST /clientes/5/transacoes HTTP/1.0" 200 OK
api02-1  | INFO:     192.168.32.5:48932 - "POST /clientes/5/transacoes HTTP/1.0" 200 OK
api01-1  | INFO:     192.168.32.5:57206 - "POST /clientes/4/transacoes HTTP/1.0" 200 OK
api01-1  | INFO:     192.168.32.5:57218 - "POST /clientes/2/transacoes HTTP/1.0" 200 OK
api02-1  | INFO:     192.168.32.5:48944 - "POST /clientes/4/transacoes HTTP/1.0" 200 OK
api01-1  | INFO:     192.168.32.5:57234 - "POST /clientes/4/transacoes HTTP/1.0" 200 OK
api02-1  | INFO:     192.168.32.5:48950 - "POST /clientes/1/transacoes HTTP/1.0" 200 OK
api01-1  | INFO:     192.168.32.5:57238 - "GET /clientes/3/extrato HTTP/1.0" 200 OK
api02-1  | INFO:     192.168.32.5:48962 - "POST /clientes/2/transacoes HTTP/1.0" 200 OK
api02-1  | INFO:     192.168.32.5:48976 - "POST /clientes/1/transacoes HTTP/1.0" 200 OK
api01-1  | INFO:     192.168.32.5:57250 - "POST /clientes/3/transacoes HTTP/1.0" 200 OK
api02-1  | INFO:     192.168.32.5:48982 - "POST /clientes/3/transacoes HTTP/1.0" 200 OK
api01-1  | INFO:     192.168.32.5:57264 - "POST /clientes/4/transacoes HTTP/1.0" 200 OK
api01-1  | INFO:     192.168.32.5:57272 - "POST /clientes/5/transacoes HTTP/1.0" 200 OK
api02-1  | INFO:     192.168.32.5:48988 - "POST /clientes/3/transacoes HTTP/1.0" 200 OK
api01-1  | INFO:     192.168.32.5:57276 - "POST /clientes/4/transacoes HTTP/1.0" 200 OK
api02-1  | INFO:     192.168.32.5:48990 - "POST /clientes/4/transacoes HTTP/1.0" 200 OK
api01-1  | INFO:     192.168.32.5:57284 - "POST /clientes/1/transacoes HTTP/1.0" 200 OK
api02-1  | INFO:     192.168.32.5:49002 - "POST /clientes/4/transacoes HTTP/1.0" 200 OK
api01-1  | INFO:     192.168.32.5:57298 - "POST /clientes/2/transacoes HTTP/1.0" 422 Unprocessable Entity
api01-1  | INFO:     192.168.32.5:57302 - "POST /clientes/1/transacoes HTTP/1.0" 200 OK
api02-1  | INFO:     192.168.32.5:49014 - "GET /clientes/2/extrato HTTP/1.0" 200 OK
api02-1  | INFO:     192.168.32.5:49020 - "POST /clientes/1/transacoes HTTP/1.0" 200 OK
api02-1  | INFO:     192.168.32.5:49030 - "POST /clientes/1/transacoes HTTP/1.0" 200 OK
api01-1  | INFO:     192.168.32.5:57312 - "POST /clientes/4/transacoes HTTP/1.0" 200 OK
api02-1  | INFO:     192.168.32.5:49042 - "POST /clientes/4/transacoes HTTP/1.0" 200 OK
api01-1  | INFO:     192.168.32.5:57328 - "POST /clientes/5/transacoes HTTP/1.0" 200 OK
api02-1  | INFO:     192.168.32.5:49044 - "POST /clientes/1/transacoes HTTP/1.0" 200 OK
api01-1  | INFO:     192.168.32.5:57340 - "POST /clientes/2/transacoes HTTP/1.0" 422 Unprocessable Entity
api02-1  | INFO:     192.168.32.5:49054 - "POST /clientes/3/transacoes HTTP/1.0" 200 OK
api01-1  | INFO:     192.168.32.5:57352 - "POST /clientes/4/transacoes HTTP/1.0" 200 OK
api02-1  | INFO:     192.168.32.5:49066 - "POST /clientes/1/transacoes HTTP/1.0" 200 OK
api01-1  | INFO:     192.168.32.5:57368 - "POST /clientes/2/transacoes HTTP/1.0" 422 Unprocessable Entity
api02-1  | INFO:     192.168.32.5:49078 - "POST /clientes/4/transacoes HTTP/1.0" 200 OK
api01-1  | INFO:     192.168.32.5:57370 - "POST /clientes/2/transacoes HTTP/1.0" 200 OK
api02-1  | INFO:     192.168.32.5:49086 - "POST /clientes/2/transacoes HTTP/1.0" 200 OK
api01-1  | INFO:     192.168.32.5:57382 - "POST /clientes/2/transacoes HTTP/1.0" 200 OK
api02-1  | INFO:     192.168.32.5:49096 - "POST /clientes/1/transacoes HTTP/1.0" 200 OK
api01-1  | INFO:     192.168.32.5:57394 - "POST /clientes/3/transacoes HTTP/1.0" 200 OK
api02-1  | INFO:     192.168.32.5:49112 - "POST /clientes/1/transacoes HTTP/1.0" 200 OK
api01-1  | INFO:     192.168.32.5:57404 - "POST /clientes/3/transacoes HTTP/1.0" 200 OK
api02-1  | INFO:     192.168.32.5:49124 - "POST /clientes/3/transacoes HTTP/1.0" 200 OK
api01-1  | INFO:     192.168.32.5:57418 - "POST /clientes/1/transacoes HTTP/1.0" 200 OK
api02-1  | INFO:     192.168.32.5:49132 - "POST /clientes/2/transacoes HTTP/1.0" 200 OK
api01-1  | INFO:     192.168.32.5:57432 - "POST /clientes/4/transacoes HTTP/1.0" 200 OK
api02-1  | INFO:     192.168.32.5:49142 - "POST /clientes/3/transacoes HTTP/1.0" 200 OK
api01-1  | INFO:     192.168.32.5:57440 - "POST /clientes/3/transacoes HTTP/1.0" 200 OK
api02-1  | INFO:     192.168.32.5:49144 - "POST /clientes/2/transacoes HTTP/1.0" 200 OK
api01-1  | INFO:     192.168.32.5:57452 - "POST /clientes/5/transacoes HTTP/1.0" 200 OK
api02-1  | INFO:     192.168.32.5:49158 - "POST /clientes/4/transacoes HTTP/1.0" 200 OK
api02-1  | INFO:     192.168.32.5:49166 - "POST /clientes/5/transacoes HTTP/1.0" 200 OK
api01-1  | INFO:     192.168.32.5:57460 - "POST /clientes/5/transacoes HTTP/1.0" 200 OK
api01-1  | INFO:     192.168.32.5:57456 - "GET /clientes/1/extrato HTTP/1.0" 200 OK
api02-1  | INFO:     192.168.32.5:49172 - "POST /clientes/2/transacoes HTTP/1.0" 422 Unprocessable Entity
api01-1  | INFO:     192.168.32.5:57482 - "POST /clientes/3/transacoes HTTP/1.0" 200 OK
api01-1  | INFO:     192.168.32.5:57470 - "POST /clientes/4/transacoes HTTP/1.0" 200 OK
api02-1  | INFO:     192.168.32.5:49174 - "POST /clientes/5/transacoes HTTP/1.0" 200 OK
api02-1  | INFO:     192.168.32.5:49190 - "POST /clientes/3/transacoes HTTP/1.0" 200 OK
api01-1  | INFO:     192.168.32.5:57490 - "POST /clientes/1/transacoes HTTP/1.0" 200 OK
api02-1  | INFO:     192.168.32.5:49196 - "POST /clientes/4/transacoes HTTP/1.0" 200 OK
api01-1  | INFO:     192.168.32.5:57498 - "POST /clientes/1/transacoes HTTP/1.0" 200 OK
api02-1  | INFO:     192.168.32.5:49208 - "POST /clientes/1/transacoes HTTP/1.0" 200 OK
api01-1  | INFO:     192.168.32.5:57512 - "POST /clientes/2/transacoes HTTP/1.0" 422 Unprocessable Entity
api01-1  | INFO:     192.168.32.5:57526 - "POST /clientes/3/transacoes HTTP/1.0" 200 OK
api02-1  | INFO:     192.168.32.5:49214 - "POST /clientes/5/transacoes HTTP/1.0" 200 OK
api02-1  | INFO:     192.168.32.5:49216 - "POST /clientes/2/transacoes HTTP/1.0" 200 OK
api02-1  | INFO:     192.168.32.5:49218 - "POST /clientes/2/transacoes HTTP/1.0" 200 OK
api01-1  | INFO:     192.168.32.5:57532 - "POST /clientes/4/transacoes HTTP/1.0" 200 OK
api01-1  | INFO:     192.168.32.5:57530 - "GET /clientes/4/extrato HTTP/1.0" 200 OK
api02-1  | INFO:     192.168.32.5:49232 - "POST /clientes/3/transacoes HTTP/1.0" 200 OK
api01-1  | INFO:     192.168.32.5:57534 - "POST /clientes/5/transacoes HTTP/1.0" 200 OK
api02-1  | INFO:     192.168.32.5:49236 - "POST /clientes/3/transacoes HTTP/1.0" 200 OK
api01-1  | INFO:     192.168.32.5:57546 - "POST /clientes/2/transacoes HTTP/1.0" 200 OK
api02-1  | INFO:     192.168.32.5:49242 - "POST /clientes/4/transacoes HTTP/1.0" 200 OK
api01-1  | INFO:     192.168.32.5:57558 - "POST /clientes/3/transacoes HTTP/1.0" 200 OK
api02-1  | INFO:     192.168.32.5:49250 - "POST /clientes/1/transacoes HTTP/1.0" 200 OK
api02-1  | INFO:     192.168.32.5:49256 - "POST /clientes/1/transacoes HTTP/1.0" 200 OK
api01-1  | INFO:     192.168.32.5:57574 - "POST /clientes/1/transacoes HTTP/1.0" 200 OK
api01-1  | INFO:     192.168.32.5:57576 - "POST /clientes/1/transacoes HTTP/1.0" 200 OK
api01-1  | INFO:     192.168.32.5:57584 - "POST /clientes/4/transacoes HTTP/1.0" 200 OK
api02-1  | INFO:     192.168.32.5:49270 - "POST /clientes/5/transacoes HTTP/1.0" 200 OK
api02-1  | INFO:     192.168.32.5:49280 - "POST /clientes/5/transacoes HTTP/1.0" 200 OK
api02-1  | INFO:     192.168.32.5:49286 - "POST /clientes/5/transacoes HTTP/1.0" 200 OK
api01-1  | INFO:     192.168.32.5:57608 - "GET /clientes/5/extrato HTTP/1.0" 200 OK
api01-1  | INFO:     192.168.32.5:57596 - "POST /clientes/3/transacoes HTTP/1.0" 200 OK
api02-1  | INFO:     192.168.32.5:49296 - "POST /clientes/3/transacoes HTTP/1.0" 200 OK
api01-1  | INFO:     192.168.32.5:57624 - "POST /clientes/3/transacoes HTTP/1.0" 200 OK
api02-1  | INFO:     192.168.32.5:49310 - "POST /clientes/4/transacoes HTTP/1.0" 200 OK
api02-1  | INFO:     192.168.32.5:49314 - "POST /clientes/4/transacoes HTTP/1.0" 200 OK
api01-1  | INFO:     192.168.32.5:57640 - "POST /clientes/4/transacoes HTTP/1.0" 200 OK
api02-1  | INFO:     192.168.32.5:49316 - "POST /clientes/4/transacoes HTTP/1.0" 200 OK
api01-1  | INFO:     192.168.32.5:57648 - "POST /clientes/5/transacoes HTTP/1.0" 200 OK
api02-1  | INFO:     192.168.32.5:49330 - "POST /clientes/4/transacoes HTTP/1.0" 200 OK
api01-1  | INFO:     192.168.32.5:57656 - "POST /clientes/1/transacoes HTTP/1.0" 200 OK
api02-1  | INFO:     192.168.32.5:49342 - "POST /clientes/1/transacoes HTTP/1.0" 200 OK
api01-1  | INFO:     192.168.32.5:57668 - "POST /clientes/2/transacoes HTTP/1.0" 200 OK
api02-1  | INFO:     192.168.32.5:49344 - "POST /clientes/4/transacoes HTTP/1.0" 200 OK
api01-1  | INFO:     192.168.32.5:57682 - "POST /clientes/2/transacoes HTTP/1.0" 200 OK
api02-1  | INFO:     192.168.32.5:49360 - "POST /clientes/2/transacoes HTTP/1.0" 200 OK
api01-1  | INFO:     192.168.32.5:57690 - "POST /clientes/2/transacoes HTTP/1.0" 200 OK
api01-1  | INFO:     192.168.32.5:57702 - "POST /clientes/1/transacoes HTTP/1.0" 422 Unprocessable Entity
api02-1  | INFO:     192.168.32.5:49364 - "POST /clientes/3/transacoes HTTP/1.0" 200 OK
api02-1  | INFO:     192.168.32.5:49366 - "GET /clientes/5/extrato HTTP/1.0" 200 OK
api01-1  | INFO:     192.168.32.5:57714 - "POST /clientes/4/transacoes HTTP/1.0" 200 OK
api02-1  | INFO:     192.168.32.5:49370 - "POST /clientes/4/transacoes HTTP/1.0" 200 OK
api01-1  | INFO:     192.168.32.5:57716 - "POST /clientes/2/transacoes HTTP/1.0" 422 Unprocessable Entity
api02-1  | INFO:     192.168.32.5:49372 - "POST /clientes/1/transacoes HTTP/1.0" 422 Unprocessable Entity
api01-1  | INFO:     192.168.32.5:57724 - "POST /clientes/3/transacoes HTTP/1.0" 200 OK
api02-1  | INFO:     192.168.32.5:49388 - "POST /clientes/2/transacoes HTTP/1.0" 422 Unprocessable Entity
api01-1  | INFO:     192.168.32.5:57736 - "POST /clientes/5/transacoes HTTP/1.0" 200 OK
api02-1  | INFO:     192.168.32.5:49400 - "POST /clientes/3/transacoes HTTP/1.0" 200 OK
api01-1  | INFO:     192.168.32.5:57744 - "POST /clientes/5/transacoes HTTP/1.0" 200 OK
api02-1  | INFO:     192.168.32.5:49410 - "POST /clientes/4/transacoes HTTP/1.0" 200 OK
api01-1  | INFO:     192.168.32.5:57752 - "POST /clientes/3/transacoes HTTP/1.0" 200 OK
api02-1  | INFO:     192.168.32.5:49426 - "POST /clientes/1/transacoes HTTP/1.0" 200 OK
api01-1  | INFO:     192.168.32.5:57766 - "POST /clientes/2/transacoes HTTP/1.0" 422 Unprocessable Entity
api02-1  | INFO:     192.168.32.5:49438 - "POST /clientes/5/transacoes HTTP/1.0" 200 OK
api01-1  | INFO:     192.168.32.5:57774 - "POST /clientes/2/transacoes HTTP/1.0" 422 Unprocessable Entity
api02-1  | INFO:     192.168.32.5:49440 - "POST /clientes/1/transacoes HTTP/1.0" 200 OK
api01-1  | INFO:     192.168.32.5:57780 - "POST /clientes/4/transacoes HTTP/1.0" 200 OK
api01-1  | INFO:     192.168.32.5:57784 - "GET /clientes/5/extrato HTTP/1.0" 200 OK
api02-1  | INFO:     192.168.32.5:49442 - "POST /clientes/5/transacoes HTTP/1.0" 200 OK
api01-1  | INFO:     192.168.32.5:47970 - "POST /clientes/2/transacoes HTTP/1.0" 422 Unprocessable Entity
api02-1  | INFO:     192.168.32.5:46018 - "POST /clientes/3/transacoes HTTP/1.0" 200 OK
api01-1  | INFO:     192.168.32.5:47976 - "POST /clientes/4/transacoes HTTP/1.0" 200 OK
api01-1  | INFO:     192.168.32.5:47990 - "POST /clientes/1/transacoes HTTP/1.0" 422 Unprocessable Entity
api02-1  | INFO:     192.168.32.5:46026 - "POST /clientes/2/transacoes HTTP/1.0" 200 OK
api02-1  | INFO:     192.168.32.5:46038 - "POST /clientes/1/transacoes HTTP/1.0" 422 Unprocessable Entity
api01-1  | INFO:     192.168.32.5:47994 - "POST /clientes/2/transacoes HTTP/1.0" 200 OK
api02-1  | INFO:     192.168.32.5:46042 - "POST /clientes/1/transacoes HTTP/1.0" 200 OK
api01-1  | INFO:     192.168.32.5:48006 - "POST /clientes/3/transacoes HTTP/1.0" 200 OK
api02-1  | INFO:     192.168.32.5:46072 - "POST /clientes/3/transacoes HTTP/1.0" 200 OK
api02-1  | INFO:     192.168.32.5:46056 - "POST /clientes/2/transacoes HTTP/1.0" 200 OK
api01-1  | INFO:     192.168.32.5:48022 - "POST /clientes/1/transacoes HTTP/1.0" 422 Unprocessable Entity
api02-1  | INFO:     192.168.32.5:46080 - "POST /clientes/5/transacoes HTTP/1.0" 200 OK
api01-1  | INFO:     192.168.32.5:48038 - "POST /clientes/2/transacoes HTTP/1.0" 200 OK
api01-1  | INFO:     192.168.32.5:48044 - "POST /clientes/4/transacoes HTTP/1.0" 200 OK
api01-1  | INFO:     192.168.32.5:48058 - "POST /clientes/3/transacoes HTTP/1.0" 200 OK
api02-1  | INFO:     192.168.32.5:46098 - "POST /clientes/2/transacoes HTTP/1.0" 200 OK
api02-1  | INFO:     192.168.32.5:46086 - "GET /clientes/2/extrato HTTP/1.0" 200 OK
api01-1  | INFO:     192.168.32.5:48070 - "POST /clientes/2/transacoes HTTP/1.0" 200 OK
api02-1  | INFO:     192.168.32.5:46108 - "POST /clientes/1/transacoes HTTP/1.0" 422 Unprocessable Entity
api01-1  | INFO:     192.168.32.5:48080 - "POST /clientes/2/transacoes HTTP/1.0" 200 OK
api02-1  | INFO:     192.168.32.5:46120 - "POST /clientes/1/transacoes HTTP/1.0" 200 OK
api02-1  | INFO:     192.168.32.5:46136 - "POST /clientes/3/transacoes HTTP/1.0" 200 OK
api01-1  | INFO:     192.168.32.5:48086 - "POST /clientes/5/transacoes HTTP/1.0" 200 OK
api01-1  | INFO:     192.168.32.5:48098 - "POST /clientes/3/transacoes HTTP/1.0" 200 OK
api01-1  | INFO:     192.168.32.5:48104 - "POST /clientes/4/transacoes HTTP/1.0" 200 OK
api02-1  | INFO:     192.168.32.5:46142 - "POST /clientes/1/transacoes HTTP/1.0" 200 OK
api02-1  | INFO:     192.168.32.5:46154 - "POST /clientes/2/transacoes HTTP/1.0" 200 OK
api02-1  | INFO:     192.168.32.5:46170 - "POST /clientes/2/transacoes HTTP/1.0" 200 OK
api01-1  | INFO:     192.168.32.5:48120 - "POST /clientes/4/transacoes HTTP/1.0" 200 OK
api01-1  | INFO:     192.168.32.5:48132 - "POST /clientes/1/transacoes HTTP/1.0" 422 Unprocessable Entity
api02-1  | INFO:     192.168.32.5:46174 - "POST /clientes/2/transacoes HTTP/1.0" 200 OK
api02-1  | INFO:     192.168.32.5:46176 - "POST /clientes/4/transacoes HTTP/1.0" 200 OK
