 Network rinha-nginx-2024q1  Creating
 Network rinha-nginx-2024q1  Created
 Container kitsunesemcalda-db-1  Creating
 Container kitsunesemcalda-db-1  Created
 Container kitsunesemcalda-api02-1  Creating
 Container kitsunesemcalda-api01-1  Creating
 Container kitsunesemcalda-api01-1  Created
 Container kitsunesemcalda-api02-1  Created
 Container kitsunesemcalda-nginx-1  Creating
 Container kitsunesemcalda-nginx-1  Created
Attaching to api01-1, api02-1, db-1, nginx-1
db-1     | The files belonging to this database system will be owned by user "postgres".
db-1     | This user must also own the server process.
db-1     | 
db-1     | The database cluster will be initialized with locale "en_US.utf8".
db-1     | The default database encoding has accordingly been set to "UTF8".
db-1     | The default text search configuration will be set to "english".
db-1     | 
db-1     | Data page checksums are disabled.
db-1     | 
db-1     | fixing permissions on existing directory /var/lib/postgresql/data ... ok
db-1     | creating subdirectories ... ok
db-1     | selecting default max_connections ... 100
db-1     | selecting default shared_buffers ... 128MB
db-1     | selecting default timezone ... Etc/UTC
db-1     | selecting dynamic shared memory implementation ... posix
db-1     | creating configuration files ... ok
db-1     | running bootstrap script ... ok
api02-1  | 2024/03/07 16:26:11 Unsecure show me the DSN: host=db user=admin password=123 dbname=rinha port=5432 sslmode=disable
api02-1  | 2024/03/07 16:26:11 Error: Unknown error opening gorm: failed to connect to `host=db user=admin database=rinha`: dial error (dial tcp 192.168.80.2:5432: connect: connection refused)
api02-1  | 2024/03/07 16:26:11 Retrying in 3 seconds...
api02-1  | 
api02-1  | 2024/03/07 16:26:11 [35m/app/app/database/openDB.go:21
api02-1  | [0m[31m[error] [0mfailed to initialize database, got error failed to connect to `host=db user=admin database=rinha`: dial error (dial tcp 192.168.80.2:5432: connect: connection refused)
api01-1  | 2024/03/07 16:26:11 Unsecure show me the DSN: host=db user=admin password=123 dbname=rinha port=5432 sslmode=disable
api01-1  | 2024/03/07 16:26:11 Error: Unknown error opening gorm: failed to connect to `host=db user=admin database=rinha`: dial error (dial tcp 192.168.80.2:5432: connect: connection refused)
api01-1  | 2024/03/07 16:26:11 Retrying in 3 seconds...
api01-1  | 
api01-1  | 2024/03/07 16:26:11 [35m/app/app/database/openDB.go:21
api01-1  | [0m[31m[error] [0mfailed to initialize database, got error failed to connect to `host=db user=admin database=rinha`: dial error (dial tcp 192.168.80.2:5432: connect: connection refused)
nginx-1  | /docker-entrypoint.sh: /docker-entrypoint.d/ is not empty, will attempt to perform configuration
nginx-1  | /docker-entrypoint.sh: Looking for shell scripts in /docker-entrypoint.d/
nginx-1  | /docker-entrypoint.sh: Launching /docker-entrypoint.d/10-listen-on-ipv6-by-default.sh
nginx-1  | 10-listen-on-ipv6-by-default.sh: info: Getting the checksum of /etc/nginx/conf.d/default.conf
nginx-1  | 10-listen-on-ipv6-by-default.sh: info: Enabled listen on IPv6 in /etc/nginx/conf.d/default.conf
nginx-1  | /docker-entrypoint.sh: Sourcing /docker-entrypoint.d/15-local-resolvers.envsh
nginx-1  | /docker-entrypoint.sh: Launching /docker-entrypoint.d/20-envsubst-on-templates.sh
nginx-1  | /docker-entrypoint.sh: Launching /docker-entrypoint.d/30-tune-worker-processes.sh
nginx-1  | /docker-entrypoint.sh: Configuration complete; ready for start up
db-1     | performing post-bootstrap initialization ... ok
db-1     | syncing data to disk ... ok
db-1     | 
db-1     | Success. You can now start the database server using:
db-1     | 
db-1     |     pg_ctl -D /var/lib/postgresql/data -l logfile start
db-1     | 
db-1     | 
db-1     | WARNING: enabling "trust" authentication for local connections
db-1     | You can change this by editing pg_hba.conf or using the option -A, or
db-1     | --auth-local and --auth-host, the next time you run initdb.
db-1     | waiting for server to start....2024-03-07 16:26:13.241 UTC [48] LOG:  listening on Unix socket "/var/run/postgresql/.s.PGSQL.5432"
db-1     | 2024-03-07 16:26:13.261 UTC [49] LOG:  database system was shut down at 2024-03-07 16:26:11 UTC
db-1     | 2024-03-07 16:26:13.272 UTC [48] LOG:  database system is ready to accept connections
db-1     |  done
db-1     | server started
db-1     | CREATE DATABASE
db-1     | 
db-1     | 
db-1     | /usr/local/bin/docker-entrypoint.sh: running /docker-entrypoint-initdb.d/init.sql
db-1     | CREATE TABLE
db-1     | CREATE TABLE
db-1     | CREATE FUNCTION
db-1     | CREATE TRIGGER
db-1     | INSERT 0 5
db-1     | 
db-1     | 
db-1     | 2024-03-07 16:26:14.063 UTC [48] LOG:  received fast shutdown request
db-1     | waiting for server to shut down....2024-03-07 16:26:14.066 UTC [48] LOG:  aborting any active transactions
db-1     | 2024-03-07 16:26:14.068 UTC [48] LOG:  background worker "logical replication launcher" (PID 55) exited with exit code 1
db-1     | 2024-03-07 16:26:14.068 UTC [50] LOG:  shutting down
db-1     | 2024-03-07 16:26:14.193 UTC [48] LOG:  database system is shut down
db-1     |  done
db-1     | server stopped
db-1     | 
db-1     | PostgreSQL init process complete; ready for start up.
db-1     | 
db-1     | 2024-03-07 16:26:14.275 UTC [1] LOG:  listening on IPv4 address "0.0.0.0", port 5432
db-1     | 2024-03-07 16:26:14.275 UTC [1] LOG:  listening on IPv6 address "::", port 5432
db-1     | 2024-03-07 16:26:14.285 UTC [1] LOG:  listening on Unix socket "/var/run/postgresql/.s.PGSQL.5432"
db-1     | 2024-03-07 16:26:14.303 UTC [85] LOG:  database system was shut down at 2024-03-07 16:26:14 UTC
db-1     | 2024-03-07 16:26:14.309 UTC [1] LOG:  database system is ready to accept connections
api02-1  | 2024/03/07 16:26:14 OK: Gorm connect with sucess
api01-1  | 2024/03/07 16:26:14 OK: Gorm connect with sucess
db-1     | 2024-03-07 16:26:15.080 UTC [93] ERROR:  column transacoes.deleted_at does not exist at character 54
db-1     | 2024-03-07 16:26:15.080 UTC [93] STATEMENT:  SELECT * FROM "transacoes" WHERE cliente_id = $1 AND "transacoes"."deleted_at" IS NULL ORDER BY realizada_em desc LIMIT $2
api01-1  | 
api01-1  | 2024/03/07 16:26:15 [31;1m/app/app/database/TransactionOperations.go:52 [35;1mERROR: column transacoes.deleted_at does not exist (SQLSTATE 42703)
api01-1  | [0m[33m[1.434ms] [34;1m[rows:0][0m SELECT * FROM "transacoes" WHERE cliente_id = 1 AND "transacoes"."deleted_at" IS NULL ORDER BY realizada_em desc LIMIT 10
db-1     | 2024-03-07 16:26:15.083 UTC [94] ERROR:  column clientes.deleted_at does not exist at character 44
db-1     | 2024-03-07 16:26:15.083 UTC [94] STATEMENT:  SELECT * FROM "clientes" WHERE id = $1 AND "clientes"."deleted_at" IS NULL ORDER BY "clientes"."id" LIMIT $2
api01-1  | 
api01-1  | 2024/03/07 16:26:15 [31;1m/app/app/database/ClienteOperations.go:111 [35;1mERROR: column clientes.deleted_at does not exist (SQLSTATE 42703)
api01-1  | [0m[33m[3.429ms] [34;1m[rows:0][0m SELECT * FROM "clientes" WHERE id = 1 AND "clientes"."deleted_at" IS NULL ORDER BY "clientes"."id" LIMIT 1
nginx-1  | 2024/03/07 16:27:15 [error] 28#28: *1 upstream timed out (110: Connection timed out) while reading response header from upstream, client: 192.168.80.1, server: , request: "GET /clientes/1/extrato HTTP/1.1", upstream: "http://192.168.80.4:8081/clientes/1/extrato", host: "localhost:9999"
db-1     | 2024-03-07 16:27:15.140 UTC [92] ERROR:  column transacoes.deleted_at does not exist at character 54
db-1     | 2024-03-07 16:27:15.140 UTC [92] STATEMENT:  SELECT * FROM "transacoes" WHERE cliente_id = $1 AND "transacoes"."deleted_at" IS NULL ORDER BY realizada_em desc LIMIT $2
api02-1  | 
api02-1  | 2024/03/07 16:27:15 [31;1m/app/app/database/TransactionOperations.go:52 [35;1mERROR: column transacoes.deleted_at does not exist (SQLSTATE 42703)
api02-1  | [0m[33m[1.113ms] [34;1m[rows:0][0m SELECT * FROM "transacoes" WHERE cliente_id = 1 AND "transacoes"."deleted_at" IS NULL ORDER BY realizada_em desc LIMIT 10
db-1     | 2024-03-07 16:27:15.143 UTC [97] ERROR:  column clientes.deleted_at does not exist at character 44
db-1     | 2024-03-07 16:27:15.143 UTC [97] STATEMENT:  SELECT * FROM "clientes" WHERE id = $1 AND "clientes"."deleted_at" IS NULL ORDER BY "clientes"."id" LIMIT $2
api02-1  | 
api02-1  | 2024/03/07 16:27:15 [31;1m/app/app/database/ClienteOperations.go:111 [35;1mERROR: column clientes.deleted_at does not exist (SQLSTATE 42703)
api02-1  | [0m[33m[3.237ms] [34;1m[rows:0][0m SELECT * FROM "clientes" WHERE id = 1 AND "clientes"."deleted_at" IS NULL ORDER BY "clientes"."id" LIMIT 1
nginx-1  | 2024/03/07 16:28:15 [error] 28#28: *1 upstream timed out (110: Connection timed out) while reading response header from upstream, client: 192.168.80.1, server: , request: "GET /clientes/1/extrato HTTP/1.1", upstream: "http://192.168.80.3:8082/clientes/1/extrato", host: "localhost:9999"
db-1     | 2024-03-07 16:28:17.167 UTC [94] ERROR:  column transacoes.deleted_at does not exist at character 54
db-1     | 2024-03-07 16:28:17.167 UTC [94] STATEMENT:  SELECT * FROM "transacoes" WHERE cliente_id = $1 AND "transacoes"."deleted_at" IS NULL ORDER BY realizada_em desc LIMIT $2
db-1     | 2024-03-07 16:28:17.167 UTC [93] ERROR:  column clientes.deleted_at does not exist at character 44
db-1     | 2024-03-07 16:28:17.167 UTC [93] STATEMENT:  SELECT * FROM "clientes" WHERE id = $1 AND "clientes"."deleted_at" IS NULL ORDER BY "clientes"."id" LIMIT $2
api01-1  | 
api01-1  | 2024/03/07 16:28:17 [31;1m/app/app/database/TransactionOperations.go:52 [35;1mERROR: column transacoes.deleted_at does not exist (SQLSTATE 42703)
api01-1  | [0m[33m[0.550ms] [34;1m[rows:0][0m SELECT * FROM "transacoes" WHERE cliente_id = 1 AND "transacoes"."deleted_at" IS NULL ORDER BY realizada_em desc LIMIT 10
api01-1  | 
api01-1  | 2024/03/07 16:28:17 [31;1m/app/app/database/ClienteOperations.go:111 [35;1mERROR: column clientes.deleted_at does not exist (SQLSTATE 42703)
api01-1  | [0m[33m[0.542ms] [34;1m[rows:0][0m SELECT * FROM "clientes" WHERE id = 1 AND "clientes"."deleted_at" IS NULL ORDER BY "clientes"."id" LIMIT 1
nginx-1  | 2024/03/07 16:29:17 [error] 28#28: *4 upstream timed out (110: Connection timed out) while reading response header from upstream, client: 192.168.80.1, server: , request: "GET /clientes/1/extrato HTTP/1.1", upstream: "http://192.168.80.4:8081/clientes/1/extrato", host: "localhost:9999"
db-1     | 2024-03-07 16:29:17.227 UTC [92] ERROR:  column clientes.deleted_at does not exist at character 44
db-1     | 2024-03-07 16:29:17.227 UTC [92] STATEMENT:  SELECT * FROM "clientes" WHERE id = $1 AND "clientes"."deleted_at" IS NULL ORDER BY "clientes"."id" LIMIT $2
api02-1  | 
api02-1  | 2024/03/07 16:29:17 [31;1m/app/app/database/ClienteOperations.go:111 [35;1mERROR: column clientes.deleted_at does not exist (SQLSTATE 42703)
api02-1  | [0m[33m[0.537ms] [34;1m[rows:0][0m SELECT * FROM "clientes" WHERE id = 1 AND "clientes"."deleted_at" IS NULL ORDER BY "clientes"."id" LIMIT 1
db-1     | 2024-03-07 16:29:17.227 UTC [97] ERROR:  column transacoes.deleted_at does not exist at character 54
db-1     | 2024-03-07 16:29:17.227 UTC [97] STATEMENT:  SELECT * FROM "transacoes" WHERE cliente_id = $1 AND "transacoes"."deleted_at" IS NULL ORDER BY realizada_em desc LIMIT $2
api02-1  | 
api02-1  | 2024/03/07 16:29:17 [31;1m/app/app/database/TransactionOperations.go:52 [35;1mERROR: column transacoes.deleted_at does not exist (SQLSTATE 42703)
api02-1  | [0m[33m[1.028ms] [34;1m[rows:0][0m SELECT * FROM "transacoes" WHERE cliente_id = 1 AND "transacoes"."deleted_at" IS NULL ORDER BY realizada_em desc LIMIT 10
nginx-1  | 2024/03/07 16:30:17 [error] 28#28: *4 upstream timed out (110: Connection timed out) while reading response header from upstream, client: 192.168.80.1, server: , request: "GET /clientes/1/extrato HTTP/1.1", upstream: "http://192.168.80.3:8082/clientes/1/extrato", host: "localhost:9999"
db-1     | 2024-03-07 16:30:19.235 UTC [94] ERROR:  column clientes.deleted_at does not exist at character 44
db-1     | 2024-03-07 16:30:19.235 UTC [94] STATEMENT:  SELECT * FROM "clientes" WHERE id = $1 AND "clientes"."deleted_at" IS NULL ORDER BY "clientes"."id" LIMIT $2
db-1     | 2024-03-07 16:30:19.235 UTC [93] ERROR:  column transacoes.deleted_at does not exist at character 54
db-1     | 2024-03-07 16:30:19.235 UTC [93] STATEMENT:  SELECT * FROM "transacoes" WHERE cliente_id = $1 AND "transacoes"."deleted_at" IS NULL ORDER BY realizada_em desc LIMIT $2
api01-1  | 
api01-1  | 2024/03/07 16:30:19 [31;1m/app/app/database/ClienteOperations.go:111 [35;1mERROR: column clientes.deleted_at does not exist (SQLSTATE 42703)
api01-1  | [0m[33m[0.374ms] [34;1m[rows:0][0m SELECT * FROM "clientes" WHERE id = 1 AND "clientes"."deleted_at" IS NULL ORDER BY "clientes"."id" LIMIT 1
api01-1  | 
api01-1  | 2024/03/07 16:30:19 [31;1m/app/app/database/TransactionOperations.go:52 [35;1mERROR: column transacoes.deleted_at does not exist (SQLSTATE 42703)
api01-1  | [0m[33m[0.423ms] [34;1m[rows:0][0m SELECT * FROM "transacoes" WHERE cliente_id = 1 AND "transacoes"."deleted_at" IS NULL ORDER BY realizada_em desc LIMIT 10
nginx-1  | 2024/03/07 16:31:19 [error] 28#28: *7 upstream timed out (110: Connection timed out) while reading response header from upstream, client: 192.168.80.1, server: , request: "GET /clientes/1/extrato HTTP/1.1", upstream: "http://192.168.80.4:8081/clientes/1/extrato", host: "localhost:9999"
db-1     | 2024-03-07 16:31:19.295 UTC [97] ERROR:  column transacoes.deleted_at does not exist at character 54
db-1     | 2024-03-07 16:31:19.295 UTC [97] STATEMENT:  SELECT * FROM "transacoes" WHERE cliente_id = $1 AND "transacoes"."deleted_at" IS NULL ORDER BY realizada_em desc LIMIT $2
api02-1  | 
api02-1  | 2024/03/07 16:31:19 [31;1m/app/app/database/TransactionOperations.go:52 [35;1mERROR: column transacoes.deleted_at does not exist (SQLSTATE 42703)
api02-1  | [0m[33m[0.506ms] [34;1m[rows:0][0m SELECT * FROM "transacoes" WHERE cliente_id = 1 AND "transacoes"."deleted_at" IS NULL ORDER BY realizada_em desc LIMIT 10
db-1     | 2024-03-07 16:31:19.298 UTC [106] ERROR:  column clientes.deleted_at does not exist at character 44
db-1     | 2024-03-07 16:31:19.298 UTC [106] STATEMENT:  SELECT * FROM "clientes" WHERE id = $1 AND "clientes"."deleted_at" IS NULL ORDER BY "clientes"."id" LIMIT $2
api02-1  | 
api02-1  | 2024/03/07 16:31:19 [31;1m/app/app/database/ClienteOperations.go:111 [35;1mERROR: column clientes.deleted_at does not exist (SQLSTATE 42703)
api02-1  | [0m[33m[3.054ms] [34;1m[rows:0][0m SELECT * FROM "clientes" WHERE id = 1 AND "clientes"."deleted_at" IS NULL ORDER BY "clientes"."id" LIMIT 1
nginx-1  | 2024/03/07 16:32:19 [error] 28#28: *7 upstream timed out (110: Connection timed out) while reading response header from upstream, client: 192.168.80.1, server: , request: "GET /clientes/1/extrato HTTP/1.1", upstream: "http://192.168.80.3:8082/clientes/1/extrato", host: "localhost:9999"
db-1     | 2024-03-07 16:32:21.365 UTC [109] ERROR:  column clientes.deleted_at does not exist at character 44
db-1     | 2024-03-07 16:32:21.365 UTC [109] STATEMENT:  SELECT * FROM "clientes" WHERE id = $1 AND "clientes"."deleted_at" IS NULL ORDER BY "clientes"."id" LIMIT $2
db-1     | 2024-03-07 16:32:21.365 UTC [110] ERROR:  column transacoes.deleted_at does not exist at character 54
db-1     | 2024-03-07 16:32:21.365 UTC [110] STATEMENT:  SELECT * FROM "transacoes" WHERE cliente_id = $1 AND "transacoes"."deleted_at" IS NULL ORDER BY realizada_em desc LIMIT $2
api01-1  | 
api01-1  | 2024/03/07 16:32:21 [31;1m/app/app/database/ClienteOperations.go:111 [35;1mERROR: column clientes.deleted_at does not exist (SQLSTATE 42703)
api01-1  | [0m[33m[2.836ms] [34;1m[rows:0][0m SELECT * FROM "clientes" WHERE id = 1 AND "clientes"."deleted_at" IS NULL ORDER BY "clientes"."id" LIMIT 1
api01-1  | 
api01-1  | 2024/03/07 16:32:21 [31;1m/app/app/database/TransactionOperations.go:52 [35;1mERROR: column transacoes.deleted_at does not exist (SQLSTATE 42703)
api01-1  | [0m[33m[2.924ms] [34;1m[rows:0][0m SELECT * FROM "transacoes" WHERE cliente_id = 1 AND "transacoes"."deleted_at" IS NULL ORDER BY realizada_em desc LIMIT 10
nginx-1  | 2024/03/07 16:33:21 [error] 28#28: *10 upstream timed out (110: Connection timed out) while reading response header from upstream, client: 192.168.80.1, server: , request: "GET /clientes/1/extrato HTTP/1.1", upstream: "http://192.168.80.4:8081/clientes/1/extrato", host: "localhost:9999"
db-1     | 2024-03-07 16:33:21.367 UTC [106] ERROR:  column transacoes.deleted_at does not exist at character 54
db-1     | 2024-03-07 16:33:21.367 UTC [106] STATEMENT:  SELECT * FROM "transacoes" WHERE cliente_id = $1 AND "transacoes"."deleted_at" IS NULL ORDER BY realizada_em desc LIMIT $2
api02-1  | 
api02-1  | 2024/03/07 16:33:21 [31;1m/app/app/database/TransactionOperations.go:52 [35;1mERROR: column transacoes.deleted_at does not exist (SQLSTATE 42703)
api02-1  | [0m[33m[0.635ms] [34;1m[rows:0][0m SELECT * FROM "transacoes" WHERE cliente_id = 1 AND "transacoes"."deleted_at" IS NULL ORDER BY realizada_em desc LIMIT 10
db-1     | 2024-03-07 16:33:21.370 UTC [113] ERROR:  column clientes.deleted_at does not exist at character 44
db-1     | 2024-03-07 16:33:21.370 UTC [113] STATEMENT:  SELECT * FROM "clientes" WHERE id = $1 AND "clientes"."deleted_at" IS NULL ORDER BY "clientes"."id" LIMIT $2
api02-1  | 
api02-1  | 2024/03/07 16:33:21 [31;1m/app/app/database/ClienteOperations.go:111 [35;1mERROR: column clientes.deleted_at does not exist (SQLSTATE 42703)
api02-1  | [0m[33m[3.299ms] [34;1m[rows:0][0m SELECT * FROM "clientes" WHERE id = 1 AND "clientes"."deleted_at" IS NULL ORDER BY "clientes"."id" LIMIT 1
nginx-1  | 2024/03/07 16:34:21 [error] 28#28: *10 upstream timed out (110: Connection timed out) while reading response header from upstream, client: 192.168.80.1, server: , request: "GET /clientes/1/extrato HTTP/1.1", upstream: "http://192.168.80.3:8082/clientes/1/extrato", host: "localhost:9999"
db-1     | 2024-03-07 16:34:23.434 UTC [109] ERROR:  column clientes.deleted_at does not exist at character 44
db-1     | 2024-03-07 16:34:23.434 UTC [109] STATEMENT:  SELECT * FROM "clientes" WHERE id = $1 AND "clientes"."deleted_at" IS NULL ORDER BY "clientes"."id" LIMIT $2
db-1     | 2024-03-07 16:34:23.434 UTC [110] ERROR:  column transacoes.deleted_at does not exist at character 54
db-1     | 2024-03-07 16:34:23.434 UTC [110] STATEMENT:  SELECT * FROM "transacoes" WHERE cliente_id = $1 AND "transacoes"."deleted_at" IS NULL ORDER BY realizada_em desc LIMIT $2
api01-1  | 
api01-1  | 2024/03/07 16:34:23 [31;1m/app/app/database/ClienteOperations.go:111 [35;1mERROR: column clientes.deleted_at does not exist (SQLSTATE 42703)
api01-1  | [0m[33m[0.382ms] [34;1m[rows:0][0m SELECT * FROM "clientes" WHERE id = 1 AND "clientes"."deleted_at" IS NULL ORDER BY "clientes"."id" LIMIT 1
api01-1  | 
api01-1  | 2024/03/07 16:34:23 [31;1m/app/app/database/TransactionOperations.go:52 [35;1mERROR: column transacoes.deleted_at does not exist (SQLSTATE 42703)
api01-1  | [0m[33m[0.462ms] [34;1m[rows:0][0m SELECT * FROM "transacoes" WHERE cliente_id = 1 AND "transacoes"."deleted_at" IS NULL ORDER BY realizada_em desc LIMIT 10
nginx-1  | 2024/03/07 16:35:23 [error] 28#28: *13 upstream timed out (110: Connection timed out) while reading response header from upstream, client: 192.168.80.1, server: , request: "GET /clientes/1/extrato HTTP/1.1", upstream: "http://192.168.80.4:8081/clientes/1/extrato", host: "localhost:9999"
db-1     | 2024-03-07 16:35:23.494 UTC [106] ERROR:  column clientes.deleted_at does not exist at character 44
db-1     | 2024-03-07 16:35:23.494 UTC [106] STATEMENT:  SELECT * FROM "clientes" WHERE id = $1 AND "clientes"."deleted_at" IS NULL ORDER BY "clientes"."id" LIMIT $2
db-1     | 2024-03-07 16:35:23.494 UTC [113] ERROR:  column transacoes.deleted_at does not exist at character 54
db-1     | 2024-03-07 16:35:23.494 UTC [113] STATEMENT:  SELECT * FROM "transacoes" WHERE cliente_id = $1 AND "transacoes"."deleted_at" IS NULL ORDER BY realizada_em desc LIMIT $2
api02-1  | 
api02-1  | 2024/03/07 16:35:23 [31;1m/app/app/database/ClienteOperations.go:111 [35;1mERROR: column clientes.deleted_at does not exist (SQLSTATE 42703)
api02-1  | [0m[33m[0.474ms] [34;1m[rows:0][0m SELECT * FROM "clientes" WHERE id = 1 AND "clientes"."deleted_at" IS NULL ORDER BY "clientes"."id" LIMIT 1
api02-1  | 
api02-1  | 2024/03/07 16:35:23 [31;1m/app/app/database/TransactionOperations.go:52 [35;1mERROR: column transacoes.deleted_at does not exist (SQLSTATE 42703)
api02-1  | [0m[33m[0.581ms] [34;1m[rows:0][0m SELECT * FROM "transacoes" WHERE cliente_id = 1 AND "transacoes"."deleted_at" IS NULL ORDER BY realizada_em desc LIMIT 10
nginx-1  | 2024/03/07 16:36:23 [error] 28#28: *13 upstream timed out (110: Connection timed out) while reading response header from upstream, client: 192.168.80.1, server: , request: "GET /clientes/1/extrato HTTP/1.1", upstream: "http://192.168.80.3:8082/clientes/1/extrato", host: "localhost:9999"
db-1     | 2024-03-07 16:36:25.538 UTC [109] ERROR:  column transacoes.deleted_at does not exist at character 54
db-1     | 2024-03-07 16:36:25.538 UTC [109] STATEMENT:  SELECT * FROM "transacoes" WHERE cliente_id = $1 AND "transacoes"."deleted_at" IS NULL ORDER BY realizada_em desc LIMIT $2
db-1     | 2024-03-07 16:36:25.538 UTC [110] ERROR:  column clientes.deleted_at does not exist at character 44
api01-1  | 
api01-1  | 2024/03/07 16:36:25 [31;1m/app/app/database/TransactionOperations.go:52 [35;1mERROR: column transacoes.deleted_at does not exist (SQLSTATE 42703)
api01-1  | [0m[33m[0.461ms] [34;1m[rows:0][0m SELECT * FROM "transacoes" WHERE cliente_id = 1 AND "transacoes"."deleted_at" IS NULL ORDER BY realizada_em desc LIMIT 10
api01-1  | 
api01-1  | 2024/03/07 16:36:25 [31;1m/app/app/database/ClienteOperations.go:111 [35;1mERROR: column clientes.deleted_at does not exist (SQLSTATE 42703)
api01-1  | [0m[33m[0.489ms] [34;1m[rows:0][0m SELECT * FROM "clientes" WHERE id = 1 AND "clientes"."deleted_at" IS NULL ORDER BY "clientes"."id" LIMIT 1
db-1     | 2024-03-07 16:36:25.538 UTC [110] STATEMENT:  SELECT * FROM "clientes" WHERE id = $1 AND "clientes"."deleted_at" IS NULL ORDER BY "clientes"."id" LIMIT $2
nginx-1  | 2024/03/07 16:37:25 [error] 28#28: *16 upstream timed out (110: Connection timed out) while reading response header from upstream, client: 192.168.80.1, server: , request: "GET /clientes/1/extrato HTTP/1.1", upstream: "http://192.168.80.4:8081/clientes/1/extrato", host: "localhost:9999"
db-1     | 2024-03-07 16:37:25.572 UTC [113] ERROR:  column transacoes.deleted_at does not exist at character 54
db-1     | 2024-03-07 16:37:25.572 UTC [113] STATEMENT:  SELECT * FROM "transacoes" WHERE cliente_id = $1 AND "transacoes"."deleted_at" IS NULL ORDER BY realizada_em desc LIMIT $2
api02-1  | 
api02-1  | 2024/03/07 16:37:25 [31;1m/app/app/database/TransactionOperations.go:52 [35;1mERROR: column transacoes.deleted_at does not exist (SQLSTATE 42703)
api02-1  | [0m[33m[0.608ms] [34;1m[rows:0][0m SELECT * FROM "transacoes" WHERE cliente_id = 1 AND "transacoes"."deleted_at" IS NULL ORDER BY realizada_em desc LIMIT 10
db-1     | 2024-03-07 16:37:25.574 UTC [122] ERROR:  column clientes.deleted_at does not exist at character 44
db-1     | 2024-03-07 16:37:25.574 UTC [122] STATEMENT:  SELECT * FROM "clientes" WHERE id = $1 AND "clientes"."deleted_at" IS NULL ORDER BY "clientes"."id" LIMIT $2
api02-1  | 
api02-1  | 2024/03/07 16:37:25 [31;1m/app/app/database/ClienteOperations.go:111 [35;1mERROR: column clientes.deleted_at does not exist (SQLSTATE 42703)
api02-1  | [0m[33m[2.994ms] [34;1m[rows:0][0m SELECT * FROM "clientes" WHERE id = 1 AND "clientes"."deleted_at" IS NULL ORDER BY "clientes"."id" LIMIT 1
nginx-1  | 2024/03/07 16:38:25 [error] 28#28: *16 upstream timed out (110: Connection timed out) while reading response header from upstream, client: 192.168.80.1, server: , request: "GET /clientes/1/extrato HTTP/1.1", upstream: "http://192.168.80.3:8082/clientes/1/extrato", host: "localhost:9999"
db-1     | 2024-03-07 16:38:27.604 UTC [125] ERROR:  column clientes.deleted_at does not exist at character 44
db-1     | 2024-03-07 16:38:27.604 UTC [125] STATEMENT:  SELECT * FROM "clientes" WHERE id = $1 AND "clientes"."deleted_at" IS NULL ORDER BY "clientes"."id" LIMIT $2
db-1     | 2024-03-07 16:38:27.604 UTC [126] ERROR:  column transacoes.deleted_at does not exist at character 54
db-1     | 2024-03-07 16:38:27.604 UTC [126] STATEMENT:  SELECT * FROM "transacoes" WHERE cliente_id = $1 AND "transacoes"."deleted_at" IS NULL ORDER BY realizada_em desc LIMIT $2
api01-1  | 
api01-1  | 2024/03/07 16:38:27 [31;1m/app/app/database/TransactionOperations.go:52 [35;1mERROR: column transacoes.deleted_at does not exist (SQLSTATE 42703)
api01-1  | [0m[33m[3.235ms] [34;1m[rows:0][0m SELECT * FROM "transacoes" WHERE cliente_id = 1 AND "transacoes"."deleted_at" IS NULL ORDER BY realizada_em desc LIMIT 10
api01-1  | 
api01-1  | 2024/03/07 16:38:27 [31;1m/app/app/database/ClienteOperations.go:111 [35;1mERROR: column clientes.deleted_at does not exist (SQLSTATE 42703)
api01-1  | [0m[33m[3.223ms] [34;1m[rows:0][0m SELECT * FROM "clientes" WHERE id = 1 AND "clientes"."deleted_at" IS NULL ORDER BY "clientes"."id" LIMIT 1
nginx-1  | 2024/03/07 16:39:27 [error] 28#28: *19 upstream timed out (110: Connection timed out) while reading response header from upstream, client: 192.168.80.1, server: , request: "GET /clientes/1/extrato HTTP/1.1", upstream: "http://192.168.80.4:8081/clientes/1/extrato", host: "localhost:9999"
db-1     | 2024-03-07 16:39:27.604 UTC [122] ERROR:  column transacoes.deleted_at does not exist at character 54
db-1     | 2024-03-07 16:39:27.604 UTC [122] STATEMENT:  SELECT * FROM "transacoes" WHERE cliente_id = $1 AND "transacoes"."deleted_at" IS NULL ORDER BY realizada_em desc LIMIT $2
api02-1  | 
api02-1  | 2024/03/07 16:39:27 [31;1m/app/app/database/TransactionOperations.go:52 [35;1mERROR: column transacoes.deleted_at does not exist (SQLSTATE 42703)
api02-1  | [0m[33m[0.611ms] [34;1m[rows:0][0m SELECT * FROM "transacoes" WHERE cliente_id = 1 AND "transacoes"."deleted_at" IS NULL ORDER BY realizada_em desc LIMIT 10
db-1     | 2024-03-07 16:39:27.606 UTC [129] ERROR:  column clientes.deleted_at does not exist at character 44
db-1     | 2024-03-07 16:39:27.606 UTC [129] STATEMENT:  SELECT * FROM "clientes" WHERE id = $1 AND "clientes"."deleted_at" IS NULL ORDER BY "clientes"."id" LIMIT $2
api02-1  | 
api02-1  | 2024/03/07 16:39:27 [31;1m/app/app/database/ClienteOperations.go:111 [35;1mERROR: column clientes.deleted_at does not exist (SQLSTATE 42703)
api02-1  | [0m[33m[3.072ms] [34;1m[rows:0][0m SELECT * FROM "clientes" WHERE id = 1 AND "clientes"."deleted_at" IS NULL ORDER BY "clientes"."id" LIMIT 1
nginx-1  | 2024/03/07 16:40:27 [error] 28#28: *19 upstream timed out (110: Connection timed out) while reading response header from upstream, client: 192.168.80.1, server: , request: "GET /clientes/1/extrato HTTP/1.1", upstream: "http://192.168.80.3:8082/clientes/1/extrato", host: "localhost:9999"
db-1     | 2024-03-07 16:40:29.631 UTC [125] ERROR:  column transacoes.deleted_at does not exist at character 54
db-1     | 2024-03-07 16:40:29.631 UTC [125] STATEMENT:  SELECT * FROM "transacoes" WHERE cliente_id = $1 AND "transacoes"."deleted_at" IS NULL ORDER BY realizada_em desc LIMIT $2
db-1     | 2024-03-07 16:40:29.631 UTC [126] ERROR:  column clientes.deleted_at does not exist at character 44
db-1     | 2024-03-07 16:40:29.631 UTC [126] STATEMENT:  SELECT * FROM "clientes" WHERE id = $1 AND "clientes"."deleted_at" IS NULL ORDER BY "clientes"."id" LIMIT $2
api01-1  | 
api01-1  | 2024/03/07 16:40:29 [31;1m/app/app/database/TransactionOperations.go:52 [35;1mERROR: column transacoes.deleted_at does not exist (SQLSTATE 42703)
api01-1  | [0m[33m[0.485ms] [34;1m[rows:0][0m SELECT * FROM "transacoes" WHERE cliente_id = 1 AND "transacoes"."deleted_at" IS NULL ORDER BY realizada_em desc LIMIT 10
api01-1  | 
api01-1  | 2024/03/07 16:40:29 [31;1m/app/app/database/ClienteOperations.go:111 [35;1mERROR: column clientes.deleted_at does not exist (SQLSTATE 42703)
api01-1  | [0m[33m[0.525ms] [34;1m[rows:0][0m SELECT * FROM "clientes" WHERE id = 1 AND "clientes"."deleted_at" IS NULL ORDER BY "clientes"."id" LIMIT 1
nginx-1  | 2024/03/07 16:41:29 [error] 28#28: *22 upstream timed out (110: Connection timed out) while reading response header from upstream, client: 192.168.80.1, server: , request: "GET /clientes/1/extrato HTTP/1.1", upstream: "http://192.168.80.4:8081/clientes/1/extrato", host: "localhost:9999"
db-1     | 2024-03-07 16:41:29.675 UTC [122] ERROR:  column clientes.deleted_at does not exist at character 44
db-1     | 2024-03-07 16:41:29.675 UTC [122] STATEMENT:  SELECT * FROM "clientes" WHERE id = $1 AND "clientes"."deleted_at" IS NULL ORDER BY "clientes"."id" LIMIT $2
db-1     | 2024-03-07 16:41:29.675 UTC [129] ERROR:  column transacoes.deleted_at does not exist at character 54
db-1     | 2024-03-07 16:41:29.675 UTC [129] STATEMENT:  SELECT * FROM "transacoes" WHERE cliente_id = $1 AND "transacoes"."deleted_at" IS NULL ORDER BY realizada_em desc LIMIT $2
api02-1  | 
api02-1  | 2024/03/07 16:41:29 [31;1m/app/app/database/ClienteOperations.go:111 [35;1mERROR: column clientes.deleted_at does not exist (SQLSTATE 42703)
api02-1  | [0m[33m[0.456ms] [34;1m[rows:0][0m SELECT * FROM "clientes" WHERE id = 1 AND "clientes"."deleted_at" IS NULL ORDER BY "clientes"."id" LIMIT 1
api02-1  | 
api02-1  | 2024/03/07 16:41:29 [31;1m/app/app/database/TransactionOperations.go:52 [35;1mERROR: column transacoes.deleted_at does not exist (SQLSTATE 42703)
api02-1  | [0m[33m[0.567ms] [34;1m[rows:0][0m SELECT * FROM "transacoes" WHERE cliente_id = 1 AND "transacoes"."deleted_at" IS NULL ORDER BY realizada_em desc LIMIT 10
nginx-1  | 2024/03/07 16:42:29 [error] 28#28: *22 upstream timed out (110: Connection timed out) while reading response header from upstream, client: 192.168.80.1, server: , request: "GET /clientes/1/extrato HTTP/1.1", upstream: "http://192.168.80.3:8082/clientes/1/extrato", host: "localhost:9999"
db-1     | 2024-03-07 16:42:31.738 UTC [125] ERROR:  column clientes.deleted_at does not exist at character 44
db-1     | 2024-03-07 16:42:31.738 UTC [125] STATEMENT:  SELECT * FROM "clientes" WHERE id = $1 AND "clientes"."deleted_at" IS NULL ORDER BY "clientes"."id" LIMIT $2
db-1     | 2024-03-07 16:42:31.738 UTC [126] ERROR:  column transacoes.deleted_at does not exist at character 54
db-1     | 2024-03-07 16:42:31.738 UTC [126] STATEMENT:  SELECT * FROM "transacoes" WHERE cliente_id = $1 AND "transacoes"."deleted_at" IS NULL ORDER BY realizada_em desc LIMIT $2
api01-1  | 
api01-1  | 2024/03/07 16:42:31 [31;1m/app/app/database/ClienteOperations.go:111 [35;1mERROR: column clientes.deleted_at does not exist (SQLSTATE 42703)
api01-1  | [0m[33m[0.375ms] [34;1m[rows:0][0m SELECT * FROM "clientes" WHERE id = 1 AND "clientes"."deleted_at" IS NULL ORDER BY "clientes"."id" LIMIT 1
api01-1  | 
api01-1  | 2024/03/07 16:42:31 [31;1m/app/app/database/TransactionOperations.go:52 [35;1mERROR: column transacoes.deleted_at does not exist (SQLSTATE 42703)
api01-1  | [0m[33m[0.437ms] [34;1m[rows:0][0m SELECT * FROM "transacoes" WHERE cliente_id = 1 AND "transacoes"."deleted_at" IS NULL ORDER BY realizada_em desc LIMIT 10
nginx-1  | 2024/03/07 16:43:31 [error] 28#28: *25 upstream timed out (110: Connection timed out) while reading response header from upstream, client: 192.168.80.1, server: , request: "GET /clientes/1/extrato HTTP/1.1", upstream: "http://192.168.80.4:8081/clientes/1/extrato", host: "localhost:9999"
api02-1  | 
api02-1  | 2024/03/07 16:43:31 [31;1m/app/app/database/TransactionOperations.go:52 [35;1mERROR: column transacoes.deleted_at does not exist (SQLSTATE 42703)
api02-1  | [0m[33m[0.572ms] [34;1m[rows:0][0m SELECT * FROM "transacoes" WHERE cliente_id = 1 AND "transacoes"."deleted_at" IS NULL ORDER BY realizada_em desc LIMIT 10
db-1     | 2024-03-07 16:43:31.799 UTC [129] ERROR:  column transacoes.deleted_at does not exist at character 54
db-1     | 2024-03-07 16:43:31.799 UTC [129] STATEMENT:  SELECT * FROM "transacoes" WHERE cliente_id = $1 AND "transacoes"."deleted_at" IS NULL ORDER BY realizada_em desc LIMIT $2
db-1     | 2024-03-07 16:43:31.801 UTC [138] ERROR:  column clientes.deleted_at does not exist at character 44
db-1     | 2024-03-07 16:43:31.801 UTC [138] STATEMENT:  SELECT * FROM "clientes" WHERE id = $1 AND "clientes"."deleted_at" IS NULL ORDER BY "clientes"."id" LIMIT $2
api02-1  | 
api02-1  | 2024/03/07 16:43:31 [31;1m/app/app/database/ClienteOperations.go:111 [35;1mERROR: column clientes.deleted_at does not exist (SQLSTATE 42703)
api02-1  | [0m[33m[3.022ms] [34;1m[rows:0][0m SELECT * FROM "clientes" WHERE id = 1 AND "clientes"."deleted_at" IS NULL ORDER BY "clientes"."id" LIMIT 1
nginx-1  | 2024/03/07 16:44:31 [error] 28#28: *25 upstream timed out (110: Connection timed out) while reading response header from upstream, client: 192.168.80.1, server: , request: "GET /clientes/1/extrato HTTP/1.1", upstream: "http://192.168.80.3:8082/clientes/1/extrato", host: "localhost:9999"
db-1     | 2024-03-07 16:44:33.831 UTC [141] ERROR:  column transacoes.deleted_at does not exist at character 54
db-1     | 2024-03-07 16:44:33.831 UTC [141] STATEMENT:  SELECT * FROM "transacoes" WHERE cliente_id = $1 AND "transacoes"."deleted_at" IS NULL ORDER BY realizada_em desc LIMIT $2
db-1     | 2024-03-07 16:44:33.831 UTC [142] ERROR:  column clientes.deleted_at does not exist at character 44
db-1     | 2024-03-07 16:44:33.831 UTC [142] STATEMENT:  SELECT * FROM "clientes" WHERE id = $1 AND "clientes"."deleted_at" IS NULL ORDER BY "clientes"."id" LIMIT $2
api01-1  | 
api01-1  | 2024/03/07 16:44:33 [31;1m/app/app/database/TransactionOperations.go:52 [35;1mERROR: column transacoes.deleted_at does not exist (SQLSTATE 42703)
api01-1  | [0m[33m[2.909ms] [34;1m[rows:0][0m SELECT * FROM "transacoes" WHERE cliente_id = 1 AND "transacoes"."deleted_at" IS NULL ORDER BY realizada_em desc LIMIT 10
api01-1  | 
api01-1  | 2024/03/07 16:44:33 [31;1m/app/app/database/ClienteOperations.go:111 [35;1mERROR: column clientes.deleted_at does not exist (SQLSTATE 42703)
api01-1  | [0m[33m[3.045ms] [34;1m[rows:0][0m SELECT * FROM "clientes" WHERE id = 1 AND "clientes"."deleted_at" IS NULL ORDER BY "clientes"."id" LIMIT 1
nginx-1  | 2024/03/07 16:45:33 [error] 28#28: *28 upstream timed out (110: Connection timed out) while reading response header from upstream, client: 192.168.80.1, server: , request: "GET /clientes/1/extrato HTTP/1.1", upstream: "http://192.168.80.4:8081/clientes/1/extrato", host: "localhost:9999"
db-1     | 2024-03-07 16:45:33.833 UTC [138] ERROR:  column transacoes.deleted_at does not exist at character 54
db-1     | 2024-03-07 16:45:33.833 UTC [138] STATEMENT:  SELECT * FROM "transacoes" WHERE cliente_id = $1 AND "transacoes"."deleted_at" IS NULL ORDER BY realizada_em desc LIMIT $2
api02-1  | 
api02-1  | 2024/03/07 16:45:33 [31;1m/app/app/database/TransactionOperations.go:52 [35;1mERROR: column transacoes.deleted_at does not exist (SQLSTATE 42703)
api02-1  | [0m[33m[0.546ms] [34;1m[rows:0][0m SELECT * FROM "transacoes" WHERE cliente_id = 1 AND "transacoes"."deleted_at" IS NULL ORDER BY realizada_em desc LIMIT 10
db-1     | 2024-03-07 16:45:33.835 UTC [145] ERROR:  column clientes.deleted_at does not exist at character 44
db-1     | 2024-03-07 16:45:33.835 UTC [145] STATEMENT:  SELECT * FROM "clientes" WHERE id = $1 AND "clientes"."deleted_at" IS NULL ORDER BY "clientes"."id" LIMIT $2
api02-1  | 
api02-1  | 2024/03/07 16:45:33 [31;1m/app/app/database/ClienteOperations.go:111 [35;1mERROR: column clientes.deleted_at does not exist (SQLSTATE 42703)
api02-1  | [0m[33m[2.975ms] [34;1m[rows:0][0m SELECT * FROM "clientes" WHERE id = 1 AND "clientes"."deleted_at" IS NULL ORDER BY "clientes"."id" LIMIT 1
nginx-1  | 2024/03/07 16:46:33 [error] 28#28: *28 upstream timed out (110: Connection timed out) while reading response header from upstream, client: 192.168.80.1, server: , request: "GET /clientes/1/extrato HTTP/1.1", upstream: "http://192.168.80.3:8082/clientes/1/extrato", host: "localhost:9999"
db-1     | 2024-03-07 16:46:35.882 UTC [142] ERROR:  column transacoes.deleted_at does not exist at character 54
db-1     | 2024-03-07 16:46:35.882 UTC [142] STATEMENT:  SELECT * FROM "transacoes" WHERE cliente_id = $1 AND "transacoes"."deleted_at" IS NULL ORDER BY realizada_em desc LIMIT $2
db-1     | 2024-03-07 16:46:35.882 UTC [141] ERROR:  column clientes.deleted_at does not exist at character 44
db-1     | 2024-03-07 16:46:35.882 UTC [141] STATEMENT:  SELECT * FROM "clientes" WHERE id = $1 AND "clientes"."deleted_at" IS NULL ORDER BY "clientes"."id" LIMIT $2
api01-1  | 
api01-1  | 2024/03/07 16:46:35 [31;1m/app/app/database/ClienteOperations.go:111 [35;1mERROR: column clientes.deleted_at does not exist (SQLSTATE 42703)
api01-1  | [0m[33m[0.440ms] [34;1m[rows:0][0m SELECT * FROM "clientes" WHERE id = 1 AND "clientes"."deleted_at" IS NULL ORDER BY "clientes"."id" LIMIT 1
api01-1  | 
api01-1  | 2024/03/07 16:46:35 [31;1m/app/app/database/TransactionOperations.go:52 [35;1mERROR: column transacoes.deleted_at does not exist (SQLSTATE 42703)
api01-1  | [0m[33m[0.564ms] [34;1m[rows:0][0m SELECT * FROM "transacoes" WHERE cliente_id = 1 AND "transacoes"."deleted_at" IS NULL ORDER BY realizada_em desc LIMIT 10
nginx-1  | 2024/03/07 16:47:35 [error] 28#28: *31 upstream timed out (110: Connection timed out) while reading response header from upstream, client: 192.168.80.1, server: , request: "GET /clientes/1/extrato HTTP/1.1", upstream: "http://192.168.80.4:8081/clientes/1/extrato", host: "localhost:9999"
db-1     | 2024-03-07 16:47:35.907 UTC [138] ERROR:  column clientes.deleted_at does not exist at character 44
db-1     | 2024-03-07 16:47:35.907 UTC [138] STATEMENT:  SELECT * FROM "clientes" WHERE id = $1 AND "clientes"."deleted_at" IS NULL ORDER BY "clientes"."id" LIMIT $2
db-1     | 2024-03-07 16:47:35.907 UTC [145] ERROR:  column transacoes.deleted_at does not exist at character 54
db-1     | 2024-03-07 16:47:35.907 UTC [145] STATEMENT:  SELECT * FROM "transacoes" WHERE cliente_id = $1 AND "transacoes"."deleted_at" IS NULL ORDER BY realizada_em desc LIMIT $2
api02-1  | 
api02-1  | 2024/03/07 16:47:35 [31;1m/app/app/database/ClienteOperations.go:111 [35;1mERROR: column clientes.deleted_at does not exist (SQLSTATE 42703)
api02-1  | [0m[33m[0.429ms] [34;1m[rows:0][0m SELECT * FROM "clientes" WHERE id = 1 AND "clientes"."deleted_at" IS NULL ORDER BY "clientes"."id" LIMIT 1
api02-1  | 
api02-1  | 2024/03/07 16:47:35 [31;1m/app/app/database/TransactionOperations.go:52 [35;1mERROR: column transacoes.deleted_at does not exist (SQLSTATE 42703)
api02-1  | [0m[33m[0.518ms] [34;1m[rows:0][0m SELECT * FROM "transacoes" WHERE cliente_id = 1 AND "transacoes"."deleted_at" IS NULL ORDER BY realizada_em desc LIMIT 10
nginx-1  | 2024/03/07 16:48:35 [error] 28#28: *31 upstream timed out (110: Connection timed out) while reading response header from upstream, client: 192.168.80.1, server: , request: "GET /clientes/1/extrato HTTP/1.1", upstream: "http://192.168.80.3:8082/clientes/1/extrato", host: "localhost:9999"
db-1     | 2024-03-07 16:48:37.916 UTC [142] ERROR:  column transacoes.deleted_at does not exist at character 54
db-1     | 2024-03-07 16:48:37.916 UTC [142] STATEMENT:  SELECT * FROM "transacoes" WHERE cliente_id = $1 AND "transacoes"."deleted_at" IS NULL ORDER BY realizada_em desc LIMIT $2
db-1     | 2024-03-07 16:48:37.916 UTC [141] ERROR:  column clientes.deleted_at does not exist at character 44
db-1     | 2024-03-07 16:48:37.916 UTC [141] STATEMENT:  SELECT * FROM "clientes" WHERE id = $1 AND "clientes"."deleted_at" IS NULL ORDER BY "clientes"."id" LIMIT $2
api01-1  | 
api01-1  | 2024/03/07 16:48:37 [31;1m/app/app/database/TransactionOperations.go:52 [35;1mERROR: column transacoes.deleted_at does not exist (SQLSTATE 42703)
api01-1  | [0m[33m[0.392ms] [34;1m[rows:0][0m SELECT * FROM "transacoes" WHERE cliente_id = 1 AND "transacoes"."deleted_at" IS NULL ORDER BY realizada_em desc LIMIT 10
api01-1  | 
api01-1  | 2024/03/07 16:48:37 [31;1m/app/app/database/ClienteOperations.go:111 [35;1mERROR: column clientes.deleted_at does not exist (SQLSTATE 42703)
api01-1  | [0m[33m[0.391ms] [34;1m[rows:0][0m SELECT * FROM "clientes" WHERE id = 1 AND "clientes"."deleted_at" IS NULL ORDER BY "clientes"."id" LIMIT 1
nginx-1  | 2024/03/07 16:49:37 [error] 28#28: *34 upstream timed out (110: Connection timed out) while reading response header from upstream, client: 192.168.80.1, server: , request: "GET /clientes/1/extrato HTTP/1.1", upstream: "http://192.168.80.4:8081/clientes/1/extrato", host: "localhost:9999"
db-1     | 2024-03-07 16:49:37.917 UTC [145] ERROR:  column transacoes.deleted_at does not exist at character 54
db-1     | 2024-03-07 16:49:37.917 UTC [145] STATEMENT:  SELECT * FROM "transacoes" WHERE cliente_id = $1 AND "transacoes"."deleted_at" IS NULL ORDER BY realizada_em desc LIMIT $2
api02-1  | 
api02-1  | 2024/03/07 16:49:37 [31;1m/app/app/database/TransactionOperations.go:52 [35;1mERROR: column transacoes.deleted_at does not exist (SQLSTATE 42703)
api02-1  | [0m[33m[0.577ms] [34;1m[rows:0][0m SELECT * FROM "transacoes" WHERE cliente_id = 1 AND "transacoes"."deleted_at" IS NULL ORDER BY realizada_em desc LIMIT 10
db-1     | 2024-03-07 16:49:37.920 UTC [154] ERROR:  column clientes.deleted_at does not exist at character 44
db-1     | 2024-03-07 16:49:37.920 UTC [154] STATEMENT:  SELECT * FROM "clientes" WHERE id = $1 AND "clientes"."deleted_at" IS NULL ORDER BY "clientes"."id" LIMIT $2
api02-1  | 
api02-1  | 2024/03/07 16:49:37 [31;1m/app/app/database/ClienteOperations.go:111 [35;1mERROR: column clientes.deleted_at does not exist (SQLSTATE 42703)
api02-1  | [0m[33m[2.997ms] [34;1m[rows:0][0m SELECT * FROM "clientes" WHERE id = 1 AND "clientes"."deleted_at" IS NULL ORDER BY "clientes"."id" LIMIT 1
nginx-1  | 2024/03/07 16:50:37 [error] 28#28: *34 upstream timed out (110: Connection timed out) while reading response header from upstream, client: 192.168.80.1, server: , request: "GET /clientes/1/extrato HTTP/1.1", upstream: "http://192.168.80.3:8082/clientes/1/extrato", host: "localhost:9999"
db-1     | 2024-03-07 16:50:39.940 UTC [157] ERROR:  column clientes.deleted_at does not exist at character 44
db-1     | 2024-03-07 16:50:39.940 UTC [157] STATEMENT:  SELECT * FROM "clientes" WHERE id = $1 AND "clientes"."deleted_at" IS NULL ORDER BY "clientes"."id" LIMIT $2
db-1     | 2024-03-07 16:50:39.940 UTC [158] ERROR:  column transacoes.deleted_at does not exist at character 54
db-1     | 2024-03-07 16:50:39.940 UTC [158] STATEMENT:  SELECT * FROM "transacoes" WHERE cliente_id = $1 AND "transacoes"."deleted_at" IS NULL ORDER BY realizada_em desc LIMIT $2
api01-1  | 
api01-1  | 2024/03/07 16:50:39 [31;1m/app/app/database/TransactionOperations.go:52 [35;1mERROR: column transacoes.deleted_at does not exist (SQLSTATE 42703)
api01-1  | [0m[33m[2.985ms] [34;1m[rows:0][0m SELECT * FROM "transacoes" WHERE cliente_id = 1 AND "transacoes"."deleted_at" IS NULL ORDER BY realizada_em desc LIMIT 10
api01-1  | 
api01-1  | 2024/03/07 16:50:39 [31;1m/app/app/database/ClienteOperations.go:111 [35;1mERROR: column clientes.deleted_at does not exist (SQLSTATE 42703)
api01-1  | [0m[33m[2.913ms] [34;1m[rows:0][0m SELECT * FROM "clientes" WHERE id = 1 AND "clientes"."deleted_at" IS NULL ORDER BY "clientes"."id" LIMIT 1
nginx-1  | 2024/03/07 16:51:39 [error] 28#28: *37 upstream timed out (110: Connection timed out) while reading response header from upstream, client: 192.168.80.1, server: , request: "GET /clientes/1/extrato HTTP/1.1", upstream: "http://192.168.80.4:8081/clientes/1/extrato", host: "localhost:9999"
db-1     | 2024-03-07 16:51:39.940 UTC [154] ERROR:  column transacoes.deleted_at does not exist at character 54
db-1     | 2024-03-07 16:51:39.940 UTC [154] STATEMENT:  SELECT * FROM "transacoes" WHERE cliente_id = $1 AND "transacoes"."deleted_at" IS NULL ORDER BY realizada_em desc LIMIT $2
api02-1  | 
api02-1  | 2024/03/07 16:51:39 [31;1m/app/app/database/TransactionOperations.go:52 [35;1mERROR: column transacoes.deleted_at does not exist (SQLSTATE 42703)
api02-1  | [0m[33m[0.589ms] [34;1m[rows:0][0m SELECT * FROM "transacoes" WHERE cliente_id = 1 AND "transacoes"."deleted_at" IS NULL ORDER BY realizada_em desc LIMIT 10
db-1     | 2024-03-07 16:51:39.943 UTC [161] ERROR:  column clientes.deleted_at does not exist at character 44
db-1     | 2024-03-07 16:51:39.943 UTC [161] STATEMENT:  SELECT * FROM "clientes" WHERE id = $1 AND "clientes"."deleted_at" IS NULL ORDER BY "clientes"."id" LIMIT $2
api02-1  | 
api02-1  | 2024/03/07 16:51:39 [31;1m/app/app/database/ClienteOperations.go:111 [35;1mERROR: column clientes.deleted_at does not exist (SQLSTATE 42703)
api02-1  | [0m[33m[3.173ms] [34;1m[rows:0][0m SELECT * FROM "clientes" WHERE id = 1 AND "clientes"."deleted_at" IS NULL ORDER BY "clientes"."id" LIMIT 1
nginx-1  | 2024/03/07 16:52:39 [error] 28#28: *37 upstream timed out (110: Connection timed out) while reading response header from upstream, client: 192.168.80.1, server: , request: "GET /clientes/1/extrato HTTP/1.1", upstream: "http://192.168.80.3:8082/clientes/1/extrato", host: "localhost:9999"
db-1     | 2024-03-07 16:52:41.968 UTC [158] ERROR:  column transacoes.deleted_at does not exist at character 54
db-1     | 2024-03-07 16:52:41.968 UTC [158] STATEMENT:  SELECT * FROM "transacoes" WHERE cliente_id = $1 AND "transacoes"."deleted_at" IS NULL ORDER BY realizada_em desc LIMIT $2
api01-1  | 
api01-1  | 2024/03/07 16:52:41 [31;1m/app/app/database/TransactionOperations.go:52 [35;1mERROR: column transacoes.deleted_at does not exist (SQLSTATE 42703)
api01-1  | [0m[33m[0.417ms] [34;1m[rows:0][0m SELECT * FROM "transacoes" WHERE cliente_id = 1 AND "transacoes"."deleted_at" IS NULL ORDER BY realizada_em desc LIMIT 10
api01-1  | 
api01-1  | 2024/03/07 16:52:41 [31;1m/app/app/database/ClienteOperations.go:111 [35;1mERROR: column clientes.deleted_at does not exist (SQLSTATE 42703)
api01-1  | [0m[33m[0.340ms] [34;1m[rows:0][0m SELECT * FROM "clientes" WHERE id = 1 AND "clientes"."deleted_at" IS NULL ORDER BY "clientes"."id" LIMIT 1
db-1     | 2024-03-07 16:52:41.968 UTC [157] ERROR:  column clientes.deleted_at does not exist at character 44
db-1     | 2024-03-07 16:52:41.968 UTC [157] STATEMENT:  SELECT * FROM "clientes" WHERE id = $1 AND "clientes"."deleted_at" IS NULL ORDER BY "clientes"."id" LIMIT $2
nginx-1  | 2024/03/07 16:53:41 [error] 28#28: *40 upstream timed out (110: Connection timed out) while reading response header from upstream, client: 192.168.80.1, server: , request: "GET /clientes/1/extrato HTTP/1.1", upstream: "http://192.168.80.4:8081/clientes/1/extrato", host: "localhost:9999"
db-1     | 2024-03-07 16:53:41.984 UTC [154] ERROR:  column clientes.deleted_at does not exist at character 44
db-1     | 2024-03-07 16:53:41.984 UTC [154] STATEMENT:  SELECT * FROM "clientes" WHERE id = $1 AND "clientes"."deleted_at" IS NULL ORDER BY "clientes"."id" LIMIT $2
db-1     | 2024-03-07 16:53:41.984 UTC [161] ERROR:  column transacoes.deleted_at does not exist at character 54
db-1     | 2024-03-07 16:53:41.984 UTC [161] STATEMENT:  SELECT * FROM "transacoes" WHERE cliente_id = $1 AND "transacoes"."deleted_at" IS NULL ORDER BY realizada_em desc LIMIT $2
api02-1  | 
api02-1  | 2024/03/07 16:53:41 [31;1m/app/app/database/ClienteOperations.go:111 [35;1mERROR: column clientes.deleted_at does not exist (SQLSTATE 42703)
api02-1  | [0m[33m[0.477ms] [34;1m[rows:0][0m SELECT * FROM "clientes" WHERE id = 1 AND "clientes"."deleted_at" IS NULL ORDER BY "clientes"."id" LIMIT 1
api02-1  | 
api02-1  | 2024/03/07 16:53:41 [31;1m/app/app/database/TransactionOperations.go:52 [35;1mERROR: column transacoes.deleted_at does not exist (SQLSTATE 42703)
api02-1  | [0m[33m[0.545ms] [34;1m[rows:0][0m SELECT * FROM "transacoes" WHERE cliente_id = 1 AND "transacoes"."deleted_at" IS NULL ORDER BY realizada_em desc LIMIT 10
nginx-1  | 2024/03/07 16:54:42 [error] 28#28: *40 upstream timed out (110: Connection timed out) while reading response header from upstream, client: 192.168.80.1, server: , request: "GET /clientes/1/extrato HTTP/1.1", upstream: "http://192.168.80.3:8082/clientes/1/extrato", host: "localhost:9999"
db-1     | 2024-03-07 16:54:44.011 UTC [157] ERROR:  column transacoes.deleted_at does not exist at character 54
db-1     | 2024-03-07 16:54:44.011 UTC [157] STATEMENT:  SELECT * FROM "transacoes" WHERE cliente_id = $1 AND "transacoes"."deleted_at" IS NULL ORDER BY realizada_em desc LIMIT $2
db-1     | 2024-03-07 16:54:44.011 UTC [158] ERROR:  column clientes.deleted_at does not exist at character 44
db-1     | 2024-03-07 16:54:44.011 UTC [158] STATEMENT:  SELECT * FROM "clientes" WHERE id = $1 AND "clientes"."deleted_at" IS NULL ORDER BY "clientes"."id" LIMIT $2
api01-1  | 
api01-1  | 2024/03/07 16:54:44 [31;1m/app/app/database/ClienteOperations.go:111 [35;1mERROR: column clientes.deleted_at does not exist (SQLSTATE 42703)
api01-1  | [0m[33m[0.460ms] [34;1m[rows:0][0m SELECT * FROM "clientes" WHERE id = 1 AND "clientes"."deleted_at" IS NULL ORDER BY "clientes"."id" LIMIT 1
api01-1  | 
api01-1  | 2024/03/07 16:54:44 [31;1m/app/app/database/TransactionOperations.go:52 [35;1mERROR: column transacoes.deleted_at does not exist (SQLSTATE 42703)
