api01-1  | [0m[33m[0.541ms] [34;1m[rows:0][0m SELECT * FROM "transacoes" WHERE cliente_id = 1 AND "transacoes"."deleted_at" IS NULL ORDER BY realizada_em desc LIMIT 10
nginx-1  | 2024/03/07 16:55:44 [error] 28#28: *43 upstream timed out (110: Connection timed out) while reading response header from upstream, client: 192.168.80.1, server: , request: "GET /clientes/1/extrato HTTP/1.1", upstream: "http://192.168.80.4:8081/clientes/1/extrato", host: "localhost:9999"
db-1     | 2024-03-07 16:55:44.030 UTC [161] ERROR:  column transacoes.deleted_at does not exist at character 54
db-1     | 2024-03-07 16:55:44.030 UTC [161] STATEMENT:  SELECT * FROM "transacoes" WHERE cliente_id = $1 AND "transacoes"."deleted_at" IS NULL ORDER BY realizada_em desc LIMIT $2
api02-1  | 
api02-1  | 2024/03/07 16:55:44 [31;1m/app/app/database/TransactionOperations.go:52 [35;1mERROR: column transacoes.deleted_at does not exist (SQLSTATE 42703)
api02-1  | [0m[33m[0.554ms] [34;1m[rows:0][0m SELECT * FROM "transacoes" WHERE cliente_id = 1 AND "transacoes"."deleted_at" IS NULL ORDER BY realizada_em desc LIMIT 10
db-1     | 2024-03-07 16:55:44.032 UTC [170] ERROR:  column clientes.deleted_at does not exist at character 44
db-1     | 2024-03-07 16:55:44.032 UTC [170] STATEMENT:  SELECT * FROM "clientes" WHERE id = $1 AND "clientes"."deleted_at" IS NULL ORDER BY "clientes"."id" LIMIT $2
api02-1  | 
api02-1  | 2024/03/07 16:55:44 [31;1m/app/app/database/ClienteOperations.go:111 [35;1mERROR: column clientes.deleted_at does not exist (SQLSTATE 42703)
api02-1  | [0m[33m[2.972ms] [34;1m[rows:0][0m SELECT * FROM "clientes" WHERE id = 1 AND "clientes"."deleted_at" IS NULL ORDER BY "clientes"."id" LIMIT 1
nginx-1  | 2024/03/07 16:56:44 [error] 28#28: *43 upstream timed out (110: Connection timed out) while reading response header from upstream, client: 192.168.80.1, server: , request: "GET /clientes/1/extrato HTTP/1.1", upstream: "http://192.168.80.3:8082/clientes/1/extrato", host: "localhost:9999"
db-1     | 2024-03-07 16:56:46.057 UTC [174] ERROR:  column transacoes.deleted_at does not exist at character 54
db-1     | 2024-03-07 16:56:46.057 UTC [174] STATEMENT:  SELECT * FROM "transacoes" WHERE cliente_id = $1 AND "transacoes"."deleted_at" IS NULL ORDER BY realizada_em desc LIMIT $2
db-1     | 2024-03-07 16:56:46.057 UTC [175] ERROR:  column clientes.deleted_at does not exist at character 44
db-1     | 2024-03-07 16:56:46.057 UTC [175] STATEMENT:  SELECT * FROM "clientes" WHERE id = $1 AND "clientes"."deleted_at" IS NULL ORDER BY "clientes"."id" LIMIT $2
api01-1  | 
api01-1  | 2024/03/07 16:56:46 [31;1m/app/app/database/TransactionOperations.go:52 [35;1mERROR: column transacoes.deleted_at does not exist (SQLSTATE 42703)
api01-1  | [0m[33m[2.923ms] [34;1m[rows:0][0m SELECT * FROM "transacoes" WHERE cliente_id = 1 AND "transacoes"."deleted_at" IS NULL ORDER BY realizada_em desc LIMIT 10
api01-1  | 
api01-1  | 2024/03/07 16:56:46 [31;1m/app/app/database/ClienteOperations.go:111 [35;1mERROR: column clientes.deleted_at does not exist (SQLSTATE 42703)
api01-1  | [0m[33m[2.971ms] [34;1m[rows:0][0m SELECT * FROM "clientes" WHERE id = 1 AND "clientes"."deleted_at" IS NULL ORDER BY "clientes"."id" LIMIT 1
nginx-1  | 2024/03/07 16:57:46 [error] 28#28: *46 upstream timed out (110: Connection timed out) while reading response header from upstream, client: 192.168.80.1, server: , request: "GET /clientes/1/extrato HTTP/1.1", upstream: "http://192.168.80.4:8081/clientes/1/extrato", host: "localhost:9999"
db-1     | 2024-03-07 16:57:46.080 UTC [170] ERROR:  column transacoes.deleted_at does not exist at character 54
db-1     | 2024-03-07 16:57:46.080 UTC [170] STATEMENT:  SELECT * FROM "transacoes" WHERE cliente_id = $1 AND "transacoes"."deleted_at" IS NULL ORDER BY realizada_em desc LIMIT $2
api02-1  | 
api02-1  | 2024/03/07 16:57:46 [31;1m/app/app/database/TransactionOperations.go:52 [35;1mERROR: column transacoes.deleted_at does not exist (SQLSTATE 42703)
api02-1  | [0m[33m[0.572ms] [34;1m[rows:0][0m SELECT * FROM "transacoes" WHERE cliente_id = 1 AND "transacoes"."deleted_at" IS NULL ORDER BY realizada_em desc LIMIT 10
db-1     | 2024-03-07 16:57:46.082 UTC [178] ERROR:  column clientes.deleted_at does not exist at character 44
db-1     | 2024-03-07 16:57:46.082 UTC [178] STATEMENT:  SELECT * FROM "clientes" WHERE id = $1 AND "clientes"."deleted_at" IS NULL ORDER BY "clientes"."id" LIMIT $2
api02-1  | 
api02-1  | 2024/03/07 16:57:46 [31;1m/app/app/database/ClienteOperations.go:111 [35;1mERROR: column clientes.deleted_at does not exist (SQLSTATE 42703)
api02-1  | [0m[33m[2.928ms] [34;1m[rows:0][0m SELECT * FROM "clientes" WHERE id = 1 AND "clientes"."deleted_at" IS NULL ORDER BY "clientes"."id" LIMIT 1
nginx-1  | 2024/03/07 16:58:46 [error] 28#28: *46 upstream timed out (110: Connection timed out) while reading response header from upstream, client: 192.168.80.1, server: , request: "GET /clientes/1/extrato HTTP/1.1", upstream: "http://192.168.80.3:8082/clientes/1/extrato", host: "localhost:9999"
db-1     | 2024-03-07 16:58:48.090 UTC [175] ERROR:  column transacoes.deleted_at does not exist at character 54
db-1     | 2024-03-07 16:58:48.090 UTC [175] STATEMENT:  SELECT * FROM "transacoes" WHERE cliente_id = $1 AND "transacoes"."deleted_at" IS NULL ORDER BY realizada_em desc LIMIT $2
api01-1  | 
api01-1  | 2024/03/07 16:58:48 [31;1m/app/app/database/TransactionOperations.go:52 [35;1mERROR: column transacoes.deleted_at does not exist (SQLSTATE 42703)
api01-1  | [0m[33m[0.491ms] [34;1m[rows:0][0m SELECT * FROM "transacoes" WHERE cliente_id = 1 AND "transacoes"."deleted_at" IS NULL ORDER BY realizada_em desc LIMIT 10
db-1     | 2024-03-07 16:58:48.091 UTC [174] ERROR:  column clientes.deleted_at does not exist at character 44
db-1     | 2024-03-07 16:58:48.091 UTC [174] STATEMENT:  SELECT * FROM "clientes" WHERE id = $1 AND "clientes"."deleted_at" IS NULL ORDER BY "clientes"."id" LIMIT $2
api01-1  | 
api01-1  | 2024/03/07 16:58:48 [31;1m/app/app/database/ClienteOperations.go:111 [35;1mERROR: column clientes.deleted_at does not exist (SQLSTATE 42703)
api01-1  | [0m[33m[0.569ms] [34;1m[rows:0][0m SELECT * FROM "clientes" WHERE id = 1 AND "clientes"."deleted_at" IS NULL ORDER BY "clientes"."id" LIMIT 1
nginx-1  | 2024/03/07 16:59:48 [error] 28#28: *49 upstream timed out (110: Connection timed out) while reading response header from upstream, client: 192.168.80.1, server: , request: "GET /clientes/1/extrato HTTP/1.1", upstream: "http://192.168.80.4:8081/clientes/1/extrato", host: "localhost:9999"
db-1     | 2024-03-07 16:59:48.118 UTC [170] ERROR:  column clientes.deleted_at does not exist at character 44
db-1     | 2024-03-07 16:59:48.118 UTC [170] STATEMENT:  SELECT * FROM "clientes" WHERE id = $1 AND "clientes"."deleted_at" IS NULL ORDER BY "clientes"."id" LIMIT $2
api02-1  | 
api02-1  | 2024/03/07 16:59:48 [31;1m/app/app/database/ClienteOperations.go:111 [35;1mERROR: column clientes.deleted_at does not exist (SQLSTATE 42703)
api02-1  | [0m[33m[0.545ms] [34;1m[rows:0][0m SELECT * FROM "clientes" WHERE id = 1 AND "clientes"."deleted_at" IS NULL ORDER BY "clientes"."id" LIMIT 1
api02-1  | 
api02-1  | 2024/03/07 16:59:48 [31;1m/app/app/database/TransactionOperations.go:52 [35;1mERROR: column transacoes.deleted_at does not exist (SQLSTATE 42703)
api02-1  | [0m[33m[0.725ms] [34;1m[rows:0][0m SELECT * FROM "transacoes" WHERE cliente_id = 1 AND "transacoes"."deleted_at" IS NULL ORDER BY realizada_em desc LIMIT 10
db-1     | 2024-03-07 16:59:48.118 UTC [178] ERROR:  column transacoes.deleted_at does not exist at character 54
db-1     | 2024-03-07 16:59:48.118 UTC [178] STATEMENT:  SELECT * FROM "transacoes" WHERE cliente_id = $1 AND "transacoes"."deleted_at" IS NULL ORDER BY realizada_em desc LIMIT $2
nginx-1  | 2024/03/07 17:00:48 [error] 28#28: *49 upstream timed out (110: Connection timed out) while reading response header from upstream, client: 192.168.80.1, server: , request: "GET /clientes/1/extrato HTTP/1.1", upstream: "http://192.168.80.3:8082/clientes/1/extrato", host: "localhost:9999"
db-1     | 2024-03-07 17:00:50.145 UTC [174] ERROR:  column clientes.deleted_at does not exist at character 44
db-1     | 2024-03-07 17:00:50.145 UTC [174] STATEMENT:  SELECT * FROM "clientes" WHERE id = $1 AND "clientes"."deleted_at" IS NULL ORDER BY "clientes"."id" LIMIT $2
api01-1  | 
api01-1  | 2024/03/07 17:00:50 [31;1m/app/app/database/ClienteOperations.go:111 [35;1mERROR: column clientes.deleted_at does not exist (SQLSTATE 42703)
api01-1  | [0m[33m[1.001ms] [34;1m[rows:0][0m SELECT * FROM "clientes" WHERE id = 1 AND "clientes"."deleted_at" IS NULL ORDER BY "clientes"."id" LIMIT 1
db-1     | 2024-03-07 17:00:50.145 UTC [175] ERROR:  column transacoes.deleted_at does not exist at character 54
db-1     | 2024-03-07 17:00:50.145 UTC [175] STATEMENT:  SELECT * FROM "transacoes" WHERE cliente_id = $1 AND "transacoes"."deleted_at" IS NULL ORDER BY realizada_em desc LIMIT $2
api01-1  | 
api01-1  | 2024/03/07 17:00:50 [31;1m/app/app/database/TransactionOperations.go:52 [35;1mERROR: column transacoes.deleted_at does not exist (SQLSTATE 42703)
api01-1  | [0m[33m[0.839ms] [34;1m[rows:0][0m SELECT * FROM "transacoes" WHERE cliente_id = 1 AND "transacoes"."deleted_at" IS NULL ORDER BY realizada_em desc LIMIT 10
nginx-1  | 2024/03/07 17:01:50 [error] 28#28: *52 upstream timed out (110: Connection timed out) while reading response header from upstream, client: 192.168.80.1, server: , request: "GET /clientes/1/extrato HTTP/1.1", upstream: "http://192.168.80.4:8081/clientes/1/extrato", host: "localhost:9999"
db-1     | 2024-03-07 17:01:50.163 UTC [178] ERROR:  column transacoes.deleted_at does not exist at character 54
db-1     | 2024-03-07 17:01:50.163 UTC [178] STATEMENT:  SELECT * FROM "transacoes" WHERE cliente_id = $1 AND "transacoes"."deleted_at" IS NULL ORDER BY realizada_em desc LIMIT $2
api02-1  | 
api02-1  | 2024/03/07 17:01:50 [31;1m/app/app/database/TransactionOperations.go:52 [35;1mERROR: column transacoes.deleted_at does not exist (SQLSTATE 42703)
api02-1  | [0m[33m[0.513ms] [34;1m[rows:0][0m SELECT * FROM "transacoes" WHERE cliente_id = 1 AND "transacoes"."deleted_at" IS NULL ORDER BY realizada_em desc LIMIT 10
db-1     | 2024-03-07 17:01:50.165 UTC [187] ERROR:  column clientes.deleted_at does not exist at character 44
db-1     | 2024-03-07 17:01:50.165 UTC [187] STATEMENT:  SELECT * FROM "clientes" WHERE id = $1 AND "clientes"."deleted_at" IS NULL ORDER BY "clientes"."id" LIMIT $2
api02-1  | 
api02-1  | 2024/03/07 17:01:50 [31;1m/app/app/database/ClienteOperations.go:111 [35;1mERROR: column clientes.deleted_at does not exist (SQLSTATE 42703)
api02-1  | [0m[33m[3.078ms] [34;1m[rows:0][0m SELECT * FROM "clientes" WHERE id = 1 AND "clientes"."deleted_at" IS NULL ORDER BY "clientes"."id" LIMIT 1
nginx-1  | 2024/03/07 17:02:50 [error] 28#28: *52 upstream timed out (110: Connection timed out) while reading response header from upstream, client: 192.168.80.1, server: , request: "GET /clientes/1/extrato HTTP/1.1", upstream: "http://192.168.80.3:8082/clientes/1/extrato", host: "localhost:9999"
db-1     | 2024-03-07 17:02:52.194 UTC [190] ERROR:  column transacoes.deleted_at does not exist at character 54
db-1     | 2024-03-07 17:02:52.194 UTC [190] STATEMENT:  SELECT * FROM "transacoes" WHERE cliente_id = $1 AND "transacoes"."deleted_at" IS NULL ORDER BY realizada_em desc LIMIT $2
db-1     | 2024-03-07 17:02:52.194 UTC [191] ERROR:  column clientes.deleted_at does not exist at character 44
db-1     | 2024-03-07 17:02:52.194 UTC [191] STATEMENT:  SELECT * FROM "clientes" WHERE id = $1 AND "clientes"."deleted_at" IS NULL ORDER BY "clientes"."id" LIMIT $2
api01-1  | 
api01-1  | 2024/03/07 17:02:52 [31;1m/app/app/database/TransactionOperations.go:52 [35;1mERROR: column transacoes.deleted_at does not exist (SQLSTATE 42703)
api01-1  | [0m[33m[3.004ms] [34;1m[rows:0][0m SELECT * FROM "transacoes" WHERE cliente_id = 1 AND "transacoes"."deleted_at" IS NULL ORDER BY realizada_em desc LIMIT 10
api01-1  | 
api01-1  | 2024/03/07 17:02:52 [31;1m/app/app/database/ClienteOperations.go:111 [35;1mERROR: column clientes.deleted_at does not exist (SQLSTATE 42703)
api01-1  | [0m[33m[3.002ms] [34;1m[rows:0][0m SELECT * FROM "clientes" WHERE id = 1 AND "clientes"."deleted_at" IS NULL ORDER BY "clientes"."id" LIMIT 1
nginx-1  | 2024/03/07 17:03:52 [error] 28#28: *55 upstream timed out (110: Connection timed out) while reading response header from upstream, client: 192.168.80.1, server: , request: "GET /clientes/1/extrato HTTP/1.1", upstream: "http://192.168.80.4:8081/clientes/1/extrato", host: "localhost:9999"
