 Network rinha-nginx-2024q1  Creating
 Network rinha-nginx-2024q1  Created
 Container cesar-rodrigues-mongo-1  Creating
 Container cesar-rodrigues-mongo-1  Created
 Container cesar-rodrigues-api-01-1  Creating
 Container cesar-rodrigues-api-02-1  Creating
 Container cesar-rodrigues-api-02-1  Created
 Container cesar-rodrigues-api-01-1  Created
 Container nginx  Creating
 Container nginx  Created
Attaching to api-01-1, api-02-1, mongo-1, nginx
mongo-1   | about to fork child process, waiting until server is ready for connections.
api-01-1  | [16-Feb-2024 05:45:08] NOTICE: fpm is running, pid 1
api-01-1  | [16-Feb-2024 05:45:08] NOTICE: ready to handle connections
mongo-1   | forked process: 28
mongo-1   | 
mongo-1   | {"t":{"$date":"2024-02-16T05:45:08.216+00:00"},"s":"I",  "c":"CONTROL",  "id":20698,   "ctx":"main","msg":"***** SERVER RESTARTED *****"}
mongo-1   | {"t":{"$date":"2024-02-16T05:45:08.217+00:00"},"s":"I",  "c":"NETWORK",  "id":4915701, "ctx":"main","msg":"Initialized wire specification","attr":{"spec":{"incomingExternalClient":{"minWireVersion":0,"maxWireVersion":21},"incomingInternalClient":{"minWireVersion":0,"maxWireVersion":21},"outgoing":{"minWireVersion":6,"maxWireVersion":21},"isInternalClient":true}}}
mongo-1   | {"t":{"$date":"2024-02-16T05:45:08.219+00:00"},"s":"I",  "c":"CONTROL",  "id":23285,   "ctx":"main","msg":"Automatically disabling TLS 1.0, to force-enable TLS 1.0 specify --sslDisabledProtocols 'none'"}
mongo-1   | {"t":{"$date":"2024-02-16T05:45:08.220+00:00"},"s":"I",  "c":"NETWORK",  "id":4648601, "ctx":"main","msg":"Implicit TCP FastOpen unavailable. If TCP FastOpen is required, set tcpFastOpenServer, tcpFastOpenClient, and tcpFastOpenQueueSize."}
mongo-1   | {"t":{"$date":"2024-02-16T05:45:08.221+00:00"},"s":"I",  "c":"REPL",     "id":5123008, "ctx":"main","msg":"Successfully registered PrimaryOnlyService","attr":{"service":"TenantMigrationDonorService","namespace":"config.tenantMigrationDonors"}}
mongo-1   | {"t":{"$date":"2024-02-16T05:45:08.221+00:00"},"s":"I",  "c":"REPL",     "id":5123008, "ctx":"main","msg":"Successfully registered PrimaryOnlyService","attr":{"service":"TenantMigrationRecipientService","namespace":"config.tenantMigrationRecipients"}}
mongo-1   | {"t":{"$date":"2024-02-16T05:45:08.221+00:00"},"s":"I",  "c":"CONTROL",  "id":5945603, "ctx":"main","msg":"Multi threading initialized"}
mongo-1   | {"t":{"$date":"2024-02-16T05:45:08.221+00:00"},"s":"I",  "c":"TENANT_M", "id":7091600, "ctx":"main","msg":"Starting TenantMigrationAccessBlockerRegistry"}
mongo-1   | {"t":{"$date":"2024-02-16T05:45:08.222+00:00"},"s":"I",  "c":"CONTROL",  "id":4615611, "ctx":"initandlisten","msg":"MongoDB starting","attr":{"pid":28,"port":27017,"dbPath":"/data/db","architecture":"64-bit","host":"3f723ea82110"}}
mongo-1   | {"t":{"$date":"2024-02-16T05:45:08.222+00:00"},"s":"W",  "c":"CONTROL",  "id":20720,   "ctx":"initandlisten","msg":"Memory available to mongo process is less than total system memory","attr":{"availableMemSizeMB":140,"systemMemSizeMB":15979}}
mongo-1   | {"t":{"$date":"2024-02-16T05:45:08.222+00:00"},"s":"I",  "c":"CONTROL",  "id":23403,   "ctx":"initandlisten","msg":"Build Info","attr":{"buildInfo":{"version":"7.0.5","gitVersion":"7809d71e84e314b497f282ea8aa06d7ded3eb205","openSSLVersion":"OpenSSL 3.0.2 15 Mar 2022","modules":[],"allocator":"tcmalloc","environment":{"distmod":"ubuntu2204","distarch":"x86_64","target_arch":"x86_64"}}}}
mongo-1   | {"t":{"$date":"2024-02-16T05:45:08.222+00:00"},"s":"I",  "c":"CONTROL",  "id":51765,   "ctx":"initandlisten","msg":"Operating System","attr":{"os":{"name":"Ubuntu","version":"22.04"}}}
mongo-1   | {"t":{"$date":"2024-02-16T05:45:08.222+00:00"},"s":"I",  "c":"CONTROL",  "id":21951,   "ctx":"initandlisten","msg":"Options set by command line","attr":{"options":{"net":{"bindIp":"127.0.0.1","port":27017,"tls":{"mode":"disabled"}},"processManagement":{"fork":true,"pidFilePath":"/tmp/docker-entrypoint-temp-mongod.pid"},"systemLog":{"destination":"file","logAppend":true,"path":"/proc/1/fd/1"}}}}
mongo-1   | {"t":{"$date":"2024-02-16T05:45:08.223+00:00"},"s":"I",  "c":"STORAGE",  "id":22297,   "ctx":"initandlisten","msg":"Using the XFS filesystem is strongly recommended with the WiredTiger storage engine. See http://dochub.mongodb.org/core/prodnotes-filesystem","tags":["startupWarnings"]}
mongo-1   | {"t":{"$date":"2024-02-16T05:45:08.223+00:00"},"s":"I",  "c":"STORAGE",  "id":22300,   "ctx":"initandlisten","msg":"The configured WiredTiger cache size is more than 80% of available RAM. See http://dochub.mongodb.org/core/faq-memory-diagnostics-wt","tags":["startupWarnings"]}
mongo-1   | {"t":{"$date":"2024-02-16T05:45:08.223+00:00"},"s":"I",  "c":"STORAGE",  "id":22315,   "ctx":"initandlisten","msg":"Opening WiredTiger","attr":{"config":"create,cache_size=256M,session_max=33000,eviction=(threads_min=4,threads_max=4),config_base=false,statistics=(fast),log=(enabled=true,remove=true,path=journal,compressor=snappy),builtin_extension_config=(zstd=(compression_level=6)),file_manager=(close_idle_time=600,close_scan_interval=10,close_handle_minimum=2000),statistics_log=(wait=0),json_output=(error,message),verbose=[recovery_progress:1,checkpoint_progress:1,compact_progress:1,backup:0,checkpoint:0,compact:0,evict:0,history_store:0,recovery:0,rts:0,salvage:0,tiered:0,timestamp:0,transaction:0,verify:0,log:0],"}}
api-02-1  | [16-Feb-2024 05:45:08] NOTICE: fpm is running, pid 1
api-02-1  | [16-Feb-2024 05:45:08] NOTICE: ready to handle connections
nginx     | /docker-entrypoint.sh: /docker-entrypoint.d/ is not empty, will attempt to perform configuration
nginx     | /docker-entrypoint.sh: Looking for shell scripts in /docker-entrypoint.d/
nginx     | /docker-entrypoint.sh: Launching /docker-entrypoint.d/10-listen-on-ipv6-by-default.sh
nginx     | 10-listen-on-ipv6-by-default.sh: info: Getting the checksum of /etc/nginx/conf.d/default.conf
nginx     | 10-listen-on-ipv6-by-default.sh: info: Enabled listen on IPv6 in /etc/nginx/conf.d/default.conf
nginx     | /docker-entrypoint.sh: Sourcing /docker-entrypoint.d/15-local-resolvers.envsh
nginx     | /docker-entrypoint.sh: Launching /docker-entrypoint.d/20-envsubst-on-templates.sh
nginx     | /docker-entrypoint.sh: Launching /docker-entrypoint.d/30-tune-worker-processes.sh
nginx     | /docker-entrypoint.sh: Configuration complete; ready for start up
api-01-1  | 172.22.0.5 -  16/Feb/2024:05:45:11 +0000 "GET /clientes/1/extrato" 404
mongo-1   | {"t":{"$date":"2024-02-16T05:45:12.450+00:00"},"s":"I",  "c":"STORAGE",  "id":4795906, "ctx":"initandlisten","msg":"WiredTiger opened","attr":{"durationMillis":4227}}
mongo-1   | {"t":{"$date":"2024-02-16T05:45:12.450+00:00"},"s":"I",  "c":"RECOVERY", "id":23987,   "ctx":"initandlisten","msg":"WiredTiger recoveryTimestamp","attr":{"recoveryTimestamp":{"$timestamp":{"t":0,"i":0}}}}
mongo-1   | {"t":{"$date":"2024-02-16T05:45:12.530+00:00"},"s":"W",  "c":"CONTROL",  "id":22120,   "ctx":"initandlisten","msg":"Access control is not enabled for the database. Read and write access to data and configuration is unrestricted","tags":["startupWarnings"]}
mongo-1   | {"t":{"$date":"2024-02-16T05:45:12.530+00:00"},"s":"W",  "c":"CONTROL",  "id":22178,   "ctx":"initandlisten","msg":"/sys/kernel/mm/transparent_hugepage/enabled is 'always'. We suggest setting it to 'never'","tags":["startupWarnings"]}
mongo-1   | {"t":{"$date":"2024-02-16T05:45:12.531+00:00"},"s":"W",  "c":"CONTROL",  "id":5123300, "ctx":"initandlisten","msg":"vm.max_map_count is too low","attr":{"currentValue":65530,"recommendedMinimum":1677720,"maxConns":838860},"tags":["startupWarnings"]}
mongo-1   | {"t":{"$date":"2024-02-16T05:45:12.531+00:00"},"s":"I",  "c":"STORAGE",  "id":20320,   "ctx":"initandlisten","msg":"createCollection","attr":{"namespace":"admin.system.version","uuidDisposition":"provided","uuid":{"uuid":{"$uuid":"c0b32e1c-bf45-4513-b451-53221496bd02"}},"options":{"uuid":{"$uuid":"c0b32e1c-bf45-4513-b451-53221496bd02"}}}}
mongo-1   | {"t":{"$date":"2024-02-16T05:45:12.551+00:00"},"s":"I",  "c":"INDEX",    "id":20345,   "ctx":"initandlisten","msg":"Index build: done building","attr":{"buildUUID":null,"collectionUUID":{"uuid":{"$uuid":"c0b32e1c-bf45-4513-b451-53221496bd02"}},"namespace":"admin.system.version","index":"_id_","ident":"index-1--6815993523490946693","collectionIdent":"collection-0--6815993523490946693","commitTimestamp":null}}
mongo-1   | {"t":{"$date":"2024-02-16T05:45:12.551+00:00"},"s":"I",  "c":"REPL",     "id":20459,   "ctx":"initandlisten","msg":"Setting featureCompatibilityVersion","attr":{"newVersion":"7.0"}}
mongo-1   | {"t":{"$date":"2024-02-16T05:45:12.551+00:00"},"s":"I",  "c":"REPL",     "id":5853300, "ctx":"initandlisten","msg":"current featureCompatibilityVersion value","attr":{"featureCompatibilityVersion":"7.0","context":"setFCV"}}
mongo-1   | {"t":{"$date":"2024-02-16T05:45:12.551+00:00"},"s":"I",  "c":"NETWORK",  "id":4915702, "ctx":"initandlisten","msg":"Updated wire specification","attr":{"oldSpec":{"incomingExternalClient":{"minWireVersion":0,"maxWireVersion":21},"incomingInternalClient":{"minWireVersion":0,"maxWireVersion":21},"outgoing":{"minWireVersion":6,"maxWireVersion":21},"isInternalClient":true},"newSpec":{"incomingExternalClient":{"minWireVersion":0,"maxWireVersion":21},"incomingInternalClient":{"minWireVersion":21,"maxWireVersion":21},"outgoing":{"minWireVersion":21,"maxWireVersion":21},"isInternalClient":true}}}
mongo-1   | {"t":{"$date":"2024-02-16T05:45:12.551+00:00"},"s":"I",  "c":"NETWORK",  "id":4915702, "ctx":"initandlisten","msg":"Updated wire specification","attr":{"oldSpec":{"incomingExternalClient":{"minWireVersion":0,"maxWireVersion":21},"incomingInternalClient":{"minWireVersion":21,"maxWireVersion":21},"outgoing":{"minWireVersion":21,"maxWireVersion":21},"isInternalClient":true},"newSpec":{"incomingExternalClient":{"minWireVersion":0,"maxWireVersion":21},"incomingInternalClient":{"minWireVersion":21,"maxWireVersion":21},"outgoing":{"minWireVersion":21,"maxWireVersion":21},"isInternalClient":true}}}
mongo-1   | {"t":{"$date":"2024-02-16T05:45:12.551+00:00"},"s":"I",  "c":"REPL",     "id":5853300, "ctx":"initandlisten","msg":"current featureCompatibilityVersion value","attr":{"featureCompatibilityVersion":"7.0","context":"startup"}}
mongo-1   | {"t":{"$date":"2024-02-16T05:45:12.552+00:00"},"s":"I",  "c":"STORAGE",  "id":5071100, "ctx":"initandlisten","msg":"Clearing temp directory"}
mongo-1   | {"t":{"$date":"2024-02-16T05:45:12.552+00:00"},"s":"I",  "c":"CONTROL",  "id":6608200, "ctx":"initandlisten","msg":"Initializing cluster server parameters from disk"}
mongo-1   | {"t":{"$date":"2024-02-16T05:45:12.552+00:00"},"s":"I",  "c":"CONTROL",  "id":20536,   "ctx":"initandlisten","msg":"Flow Control is enabled on this deployment"}
mongo-1   | {"t":{"$date":"2024-02-16T05:45:12.552+00:00"},"s":"I",  "c":"FTDC",     "id":20625,   "ctx":"initandlisten","msg":"Initializing full-time diagnostic data capture","attr":{"dataDirectory":"/data/db/diagnostic.data"}}
mongo-1   | {"t":{"$date":"2024-02-16T05:45:12.553+00:00"},"s":"I",  "c":"STORAGE",  "id":20320,   "ctx":"initandlisten","msg":"createCollection","attr":{"namespace":"local.startup_log","uuidDisposition":"generated","uuid":{"uuid":{"$uuid":"8f4eff8a-c659-4c97-a6f8-14bbaf13e16b"}},"options":{"capped":true,"size":10485760}}}
mongo-1   | {"t":{"$date":"2024-02-16T05:45:12.578+00:00"},"s":"I",  "c":"INDEX",    "id":20345,   "ctx":"initandlisten","msg":"Index build: done building","attr":{"buildUUID":null,"collectionUUID":{"uuid":{"$uuid":"8f4eff8a-c659-4c97-a6f8-14bbaf13e16b"}},"namespace":"local.startup_log","index":"_id_","ident":"index-3--6815993523490946693","collectionIdent":"collection-2--6815993523490946693","commitTimestamp":null}}
mongo-1   | {"t":{"$date":"2024-02-16T05:45:12.578+00:00"},"s":"I",  "c":"REPL",     "id":6015317, "ctx":"initandlisten","msg":"Setting new configuration state","attr":{"newState":"ConfigReplicationDisabled","oldState":"ConfigPreStart"}}
mongo-1   | {"t":{"$date":"2024-02-16T05:45:12.578+00:00"},"s":"I",  "c":"STORAGE",  "id":22262,   "ctx":"initandlisten","msg":"Timestamp monitor starting"}
mongo-1   | {"t":{"$date":"2024-02-16T05:45:12.579+00:00"},"s":"I",  "c":"NETWORK",  "id":23015,   "ctx":"listener","msg":"Listening on","attr":{"address":"/tmp/mongodb-27017.sock"}}
mongo-1   | {"t":{"$date":"2024-02-16T05:45:12.579+00:00"},"s":"I",  "c":"CONTROL",  "id":20712,   "ctx":"LogicalSessionCacheReap","msg":"Sessions collection is not set up; waiting until next sessions reap interval","attr":{"error":"NamespaceNotFound: config.system.sessions does not exist"}}
mongo-1   | {"t":{"$date":"2024-02-16T05:45:12.579+00:00"},"s":"I",  "c":"NETWORK",  "id":23015,   "ctx":"listener","msg":"Listening on","attr":{"address":"127.0.0.1"}}
mongo-1   | {"t":{"$date":"2024-02-16T05:45:12.579+00:00"},"s":"I",  "c":"NETWORK",  "id":23016,   "ctx":"listener","msg":"Waiting for connections","attr":{"port":27017,"ssl":"off"}}
mongo-1   | {"t":{"$date":"2024-02-16T05:45:12.579+00:00"},"s":"I",  "c":"STORAGE",  "id":20320,   "ctx":"LogicalSessionCacheRefresh","msg":"createCollection","attr":{"namespace":"config.system.sessions","uuidDisposition":"generated","uuid":{"uuid":{"$uuid":"d1af4c6d-4c60-410e-9f38-56ae013d4b39"}},"options":{}}}
mongo-1   | {"t":{"$date":"2024-02-16T05:45:12.579+00:00"},"s":"I",  "c":"CONTROL",  "id":8423403, "ctx":"initandlisten","msg":"mongod startup complete","attr":{"Summary of time elapsed":{"Startup from clean shutdown?":true,"Statistics":{"Transport layer setup":"0 ms","Run initial syncer crash recovery":"0 ms","Create storage engine lock file in the data directory":"0 ms","Get metadata describing storage engine":"0 ms","Create storage engine":"4299 ms","Write current PID to file":"0 ms","Write a new metadata for storage engine":"4 ms","Initialize FCV before rebuilding indexes":"0 ms","Drop abandoned idents and get back indexes that need to be rebuilt or builds that need to be restarted":"1 ms","Rebuild indexes for collections":"0 ms","Load cluster parameters from disk for a standalone":"0 ms","Build user and roles graph":"0 ms","Set up the background thread pool responsible for waiting for opTimes to be majority committed":"0 ms","Initialize information needed to make a mongod instance shard aware":"0 ms","Start up the replication coordinator":"0 ms","Start transport layer":"0 ms","_initAndListen total elapsed time":"4357 ms"}}}}
mongo-1   | child process started successfully, parent exiting
mongo-1   | {"t":{"$date":"2024-02-16T05:45:12.819+00:00"},"s":"I",  "c":"REPL",     "id":7360102, "ctx":"LogicalSessionCacheRefresh","msg":"Added oplog entry for create to transaction","attr":{"namespace":"config.$cmd","uuid":{"uuid":{"$uuid":"d1af4c6d-4c60-410e-9f38-56ae013d4b39"}},"object":{"create":"system.sessions","idIndex":{"v":2,"key":{"_id":1},"name":"_id_"}}}}
mongo-1   | {"t":{"$date":"2024-02-16T05:45:12.819+00:00"},"s":"I",  "c":"REPL",     "id":7360100, "ctx":"LogicalSessionCacheRefresh","msg":"Added oplog entry for createIndexes to transaction","attr":{"namespace":"config.$cmd","uuid":{"uuid":{"$uuid":"d1af4c6d-4c60-410e-9f38-56ae013d4b39"}},"object":{"createIndexes":"system.sessions","v":2,"key":{"lastUse":1},"name":"lsidTTLIndex","expireAfterSeconds":1800}}}
mongo-1   | {"t":{"$date":"2024-02-16T05:45:12.919+00:00"},"s":"I",  "c":"INDEX",    "id":20345,   "ctx":"LogicalSessionCacheRefresh","msg":"Index build: done building","attr":{"buildUUID":null,"collectionUUID":{"uuid":{"$uuid":"d1af4c6d-4c60-410e-9f38-56ae013d4b39"}},"namespace":"config.system.sessions","index":"_id_","ident":"index-5--6815993523490946693","collectionIdent":"collection-4--6815993523490946693","commitTimestamp":null}}
mongo-1   | {"t":{"$date":"2024-02-16T05:45:12.919+00:00"},"s":"I",  "c":"INDEX",    "id":20345,   "ctx":"LogicalSessionCacheRefresh","msg":"Index build: done building","attr":{"buildUUID":null,"collectionUUID":{"uuid":{"$uuid":"d1af4c6d-4c60-410e-9f38-56ae013d4b39"}},"namespace":"config.system.sessions","index":"lsidTTLIndex","ident":"index-6--6815993523490946693","collectionIdent":"collection-4--6815993523490946693","commitTimestamp":null}}
mongo-1   | {"t":{"$date":"2024-02-16T05:45:13.114+00:00"},"s":"I",  "c":"COMMAND",  "id":51803,   "ctx":"LogicalSessionCacheRefresh","msg":"Slow query","attr":{"type":"command","ns":"config.system.sessions","command":{"createIndexes":"system.sessions","v":2,"indexes":[{"key":{"lastUse":1},"name":"lsidTTLIndex","expireAfterSeconds":1800}],"ignoreUnknownIndexOptions":false,"writeConcern":{},"$db":"config"},"numYields":0,"reslen":114,"locks":{"ParallelBatchWriterMode":{"acquireCount":{"r":5}},"FeatureCompatibilityVersion":{"acquireCount":{"r":2,"w":3}},"ReplicationStateTransition":{"acquireCount":{"w":5}},"Global":{"acquireCount":{"r":2,"w":3}},"Database":{"acquireCount":{"r":2,"w":3}},"Collection":{"acquireCount":{"r":2,"w":3}},"Mutex":{"acquireCount":{"r":2}}},"flowControl":{"acquireCount":1},"storage":{},"cpuNanos":7470600,"protocol":"op_msg","durationMillis":535}}
api-02-1  | 172.22.0.5 -  16/Feb/2024:05:45:13 +0000 "GET /clientes/1/extrato" 404
api-01-1  | 172.22.0.5 -  16/Feb/2024:05:45:15 +0000 "GET /clientes/1/extrato" 404
mongo-1   | {"t":{"$date":"2024-02-16T05:45:15.917+00:00"},"s":"I",  "c":"NETWORK",  "id":22943,   "ctx":"listener","msg":"Connection accepted","attr":{"remote":"127.0.0.1:44046","uuid":{"uuid":{"$uuid":"6f75efe2-1f18-4daa-a010-d65c963c75ad"}},"connectionId":1,"connectionCount":1}}
mongo-1   | {"t":{"$date":"2024-02-16T05:45:15.921+00:00"},"s":"I",  "c":"NETWORK",  "id":51800,   "ctx":"conn1","msg":"client metadata","attr":{"remote":"127.0.0.1:44046","client":"conn1","doc":{"application":{"name":"mongosh 2.1.3"},"driver":{"name":"nodejs|mongosh","version":"6.3.0|2.1.3"},"platform":"Node.js v20.11.0, LE","os":{"name":"linux","architecture":"x64","version":"6.2.0-1019-azure","type":"Linux"}}}}
mongo-1   | {"t":{"$date":"2024-02-16T05:45:16.019+00:00"},"s":"I",  "c":"NETWORK",  "id":22943,   "ctx":"listener","msg":"Connection accepted","attr":{"remote":"127.0.0.1:44058","uuid":{"uuid":{"$uuid":"58eb8627-f8d4-4155-8304-32142f1e4f6d"}},"connectionId":2,"connectionCount":2}}
mongo-1   | {"t":{"$date":"2024-02-16T05:45:16.019+00:00"},"s":"I",  "c":"NETWORK",  "id":22943,   "ctx":"listener","msg":"Connection accepted","attr":{"remote":"127.0.0.1:44068","uuid":{"uuid":{"$uuid":"eb379998-b57c-4318-a02a-ebe1f49a7252"}},"connectionId":3,"connectionCount":3}}
mongo-1   | {"t":{"$date":"2024-02-16T05:45:16.021+00:00"},"s":"I",  "c":"NETWORK",  "id":51800,   "ctx":"conn2","msg":"client metadata","attr":{"remote":"127.0.0.1:44058","client":"conn2","doc":{"application":{"name":"mongosh 2.1.3"},"driver":{"name":"nodejs|mongosh","version":"6.3.0|2.1.3"},"platform":"Node.js v20.11.0, LE","os":{"name":"linux","architecture":"x64","version":"6.2.0-1019-azure","type":"Linux"}}}}
mongo-1   | {"t":{"$date":"2024-02-16T05:45:16.115+00:00"},"s":"I",  "c":"NETWORK",  "id":51800,   "ctx":"conn3","msg":"client metadata","attr":{"remote":"127.0.0.1:44068","client":"conn3","doc":{"application":{"name":"mongosh 2.1.3"},"driver":{"name":"nodejs|mongosh","version":"6.3.0|2.1.3"},"platform":"Node.js v20.11.0, LE","os":{"name":"linux","architecture":"x64","version":"6.2.0-1019-azure","type":"Linux"}}}}
mongo-1   | {"t":{"$date":"2024-02-16T05:45:16.115+00:00"},"s":"I",  "c":"NETWORK",  "id":6788700, "ctx":"conn2","msg":"Received first command on ingress connection since session start or auth handshake","attr":{"elapsedMillis":94}}
mongo-1   | {"t":{"$date":"2024-02-16T05:45:16.115+00:00"},"s":"I",  "c":"NETWORK",  "id":22943,   "ctx":"listener","msg":"Connection accepted","attr":{"remote":"127.0.0.1:44080","uuid":{"uuid":{"$uuid":"2dd51e91-4571-4ae9-9c88-ed96b37f13c9"}},"connectionId":4,"connectionCount":4}}
mongo-1   | {"t":{"$date":"2024-02-16T05:45:16.119+00:00"},"s":"I",  "c":"NETWORK",  "id":51800,   "ctx":"conn4","msg":"client metadata","attr":{"remote":"127.0.0.1:44080","client":"conn4","doc":{"application":{"name":"mongosh 2.1.3"},"driver":{"name":"nodejs|mongosh","version":"6.3.0|2.1.3"},"platform":"Node.js v20.11.0, LE","os":{"name":"linux","architecture":"x64","version":"6.2.0-1019-azure","type":"Linux"}}}}
mongo-1   | {"t":{"$date":"2024-02-16T05:45:16.120+00:00"},"s":"I",  "c":"NETWORK",  "id":6788700, "ctx":"conn4","msg":"Received first command on ingress connection since session start or auth handshake","attr":{"elapsedMillis":1}}
api-02-1  | 172.22.0.5 -  16/Feb/2024:05:45:17 +0000 "GET /clientes/1/extrato" 404
mongo-1   | {"t":{"$date":"2024-02-16T05:45:19.620+00:00"},"s":"I",  "c":"-",        "id":20883,   "ctx":"conn1","msg":"Interrupted operation as its client disconnected","attr":{"opId":66}}
mongo-1   | {"t":{"$date":"2024-02-16T05:45:19.621+00:00"},"s":"I",  "c":"NETWORK",  "id":22944,   "ctx":"conn1","msg":"Connection ended","attr":{"remote":"127.0.0.1:44046","uuid":{"uuid":{"$uuid":"6f75efe2-1f18-4daa-a010-d65c963c75ad"}},"connectionId":1,"connectionCount":3}}
mongo-1   | {"t":{"$date":"2024-02-16T05:45:19.621+00:00"},"s":"I",  "c":"NETWORK",  "id":22944,   "ctx":"conn4","msg":"Connection ended","attr":{"remote":"127.0.0.1:44080","uuid":{"uuid":{"$uuid":"2dd51e91-4571-4ae9-9c88-ed96b37f13c9"}},"connectionId":4,"connectionCount":2}}
mongo-1   | {"t":{"$date":"2024-02-16T05:45:19.621+00:00"},"s":"I",  "c":"NETWORK",  "id":22944,   "ctx":"conn3","msg":"Connection ended","attr":{"remote":"127.0.0.1:44068","uuid":{"uuid":{"$uuid":"eb379998-b57c-4318-a02a-ebe1f49a7252"}},"connectionId":3,"connectionCount":1}}
mongo-1   | {"t":{"$date":"2024-02-16T05:45:19.621+00:00"},"s":"I",  "c":"NETWORK",  "id":22944,   "ctx":"conn2","msg":"Connection ended","attr":{"remote":"127.0.0.1:44058","uuid":{"uuid":{"$uuid":"58eb8627-f8d4-4155-8304-32142f1e4f6d"}},"connectionId":2,"connectionCount":0}}
api-01-1  | 172.22.0.5 -  16/Feb/2024:05:45:19 +0000 "GET /clientes/1/extrato" 404
api-02-1  | 172.22.0.5 -  16/Feb/2024:05:45:21 +0000 "GET /clientes/1/extrato" 404
mongo-1   | {"t":{"$date":"2024-02-16T05:45:23.325+00:00"},"s":"I",  "c":"NETWORK",  "id":22943,   "ctx":"listener","msg":"Connection accepted","attr":{"remote":"127.0.0.1:49212","uuid":{"uuid":{"$uuid":"b3d23a95-4858-4d7f-b37a-795eff747bfa"}},"connectionId":5,"connectionCount":1}}
mongo-1   | {"t":{"$date":"2024-02-16T05:45:23.417+00:00"},"s":"I",  "c":"NETWORK",  "id":51800,   "ctx":"conn5","msg":"client metadata","attr":{"remote":"127.0.0.1:49212","client":"conn5","doc":{"application":{"name":"mongosh 2.1.3"},"driver":{"name":"nodejs|mongosh","version":"6.3.0|2.1.3"},"platform":"Node.js v20.11.0, LE","os":{"name":"linux","architecture":"x64","version":"6.2.0-1019-azure","type":"Linux"}}}}
mongo-1   | {"t":{"$date":"2024-02-16T05:45:23.520+00:00"},"s":"I",  "c":"NETWORK",  "id":22943,   "ctx":"listener","msg":"Connection accepted","attr":{"remote":"127.0.0.1:49214","uuid":{"uuid":{"$uuid":"ae1d9d06-8323-4a5d-a49c-3732d44611b4"}},"connectionId":6,"connectionCount":2}}
mongo-1   | {"t":{"$date":"2024-02-16T05:45:23.520+00:00"},"s":"I",  "c":"NETWORK",  "id":22943,   "ctx":"listener","msg":"Connection accepted","attr":{"remote":"127.0.0.1:49220","uuid":{"uuid":{"$uuid":"3bdc4d90-505b-4f6c-815a-9600117b4caf"}},"connectionId":7,"connectionCount":3}}
mongo-1   | {"t":{"$date":"2024-02-16T05:45:23.522+00:00"},"s":"I",  "c":"NETWORK",  "id":51800,   "ctx":"conn6","msg":"client metadata","attr":{"remote":"127.0.0.1:49214","client":"conn6","doc":{"application":{"name":"mongosh 2.1.3"},"driver":{"name":"nodejs|mongosh","version":"6.3.0|2.1.3"},"platform":"Node.js v20.11.0, LE","os":{"name":"linux","architecture":"x64","version":"6.2.0-1019-azure","type":"Linux"}}}}
mongo-1   | {"t":{"$date":"2024-02-16T05:45:23.522+00:00"},"s":"I",  "c":"NETWORK",  "id":51800,   "ctx":"conn7","msg":"client metadata","attr":{"remote":"127.0.0.1:49220","client":"conn7","doc":{"application":{"name":"mongosh 2.1.3"},"driver":{"name":"nodejs|mongosh","version":"6.3.0|2.1.3"},"platform":"Node.js v20.11.0, LE","os":{"name":"linux","architecture":"x64","version":"6.2.0-1019-azure","type":"Linux"}}}}
mongo-1   | {"t":{"$date":"2024-02-16T05:45:23.524+00:00"},"s":"I",  "c":"NETWORK",  "id":6788700, "ctx":"conn6","msg":"Received first command on ingress connection since session start or auth handshake","attr":{"elapsedMillis":1}}
mongo-1   | {"t":{"$date":"2024-02-16T05:45:23.524+00:00"},"s":"I",  "c":"NETWORK",  "id":22943,   "ctx":"listener","msg":"Connection accepted","attr":{"remote":"127.0.0.1:49222","uuid":{"uuid":{"$uuid":"06fc1bff-1905-4790-939a-e8f137d059bf"}},"connectionId":8,"connectionCount":4}}
mongo-1   | {"t":{"$date":"2024-02-16T05:45:23.615+00:00"},"s":"I",  "c":"NETWORK",  "id":51800,   "ctx":"conn8","msg":"client metadata","attr":{"remote":"127.0.0.1:49222","client":"conn8","doc":{"application":{"name":"mongosh 2.1.3"},"driver":{"name":"nodejs|mongosh","version":"6.3.0|2.1.3"},"platform":"Node.js v20.11.0, LE","os":{"name":"linux","architecture":"x64","version":"6.2.0-1019-azure","type":"Linux"}}}}
mongo-1   | {"t":{"$date":"2024-02-16T05:45:23.617+00:00"},"s":"I",  "c":"NETWORK",  "id":6788700, "ctx":"conn8","msg":"Received first command on ingress connection since session start or auth handshake","attr":{"elapsedMillis":1}}
api-01-1  | 172.22.0.5 -  16/Feb/2024:05:45:23 +0000 "GET /clientes/1/extrato" 404
api-02-1  | 172.22.0.5 -  16/Feb/2024:05:45:25 +0000 "GET /clientes/1/extrato" 404
api-01-1  | 172.22.0.5 -  16/Feb/2024:05:45:27 +0000 "GET /clientes/1/extrato" 404
mongo-1   | admin> ... ... ... ... {"t":{"$date":"2024-02-16T05:45:27.915+00:00"},"s":"I",  "c":"STORAGE",  "id":20320,   "ctx":"conn8","msg":"createCollection","attr":{"namespace":"admin.system.users","uuidDisposition":"generated","uuid":{"uuid":{"$uuid":"87c58851-b7d3-4a25-87d8-a9c4e99d162e"}},"options":{}}}
mongo-1   | {"t":{"$date":"2024-02-16T05:45:27.934+00:00"},"s":"I",  "c":"REPL",     "id":7360102, "ctx":"conn8","msg":"Added oplog entry for create to transaction","attr":{"namespace":"admin.$cmd","uuid":{"uuid":{"$uuid":"87c58851-b7d3-4a25-87d8-a9c4e99d162e"}},"object":{"create":"system.users","idIndex":{"v":2,"key":{"_id":1},"name":"_id_"}}}}
mongo-1   | {"t":{"$date":"2024-02-16T05:45:27.934+00:00"},"s":"I",  "c":"REPL",     "id":7360100, "ctx":"conn8","msg":"Added oplog entry for createIndexes to transaction","attr":{"namespace":"admin.$cmd","uuid":{"uuid":{"$uuid":"87c58851-b7d3-4a25-87d8-a9c4e99d162e"}},"object":{"createIndexes":"system.users","name":"user_1_db_1","key":{"user":1,"db":1},"unique":true,"v":2}}}
mongo-1   | {"t":{"$date":"2024-02-16T05:45:27.943+00:00"},"s":"I",  "c":"INDEX",    "id":20345,   "ctx":"conn8","msg":"Index build: done building","attr":{"buildUUID":null,"collectionUUID":{"uuid":{"$uuid":"87c58851-b7d3-4a25-87d8-a9c4e99d162e"}},"namespace":"admin.system.users","index":"_id_","ident":"index-8--6815993523490946693","collectionIdent":"collection-7--6815993523490946693","commitTimestamp":null}}
mongo-1   | {"t":{"$date":"2024-02-16T05:45:27.943+00:00"},"s":"I",  "c":"INDEX",    "id":20345,   "ctx":"conn8","msg":"Index build: done building","attr":{"buildUUID":null,"collectionUUID":{"uuid":{"$uuid":"87c58851-b7d3-4a25-87d8-a9c4e99d162e"}},"namespace":"admin.system.users","index":"user_1_db_1","ident":"index-9--6815993523490946693","collectionIdent":"collection-7--6815993523490946693","commitTimestamp":null}}
mongo-1   | {"t":{"$date":"2024-02-16T05:45:27.943+00:00"},"s":"I",  "c":"COMMAND",  "id":51803,   "ctx":"conn8","msg":"Slow query","attr":{"type":"command","ns":"admin.$cmd","appName":"mongosh 2.1.3","command":{"createUser":"root","pwd":"xxx","roles":[{"role":"root","db":"admin"}],"lsid":{"id":{"$uuid":"d2d112de-f4b8-49ad-ba40-3cc3a6d22370"}},"$db":"admin"},"numYields":0,"reslen":38,"locks":{"ParallelBatchWriterMode":{"acquireCount":{"r":4}},"FeatureCompatibilityVersion":{"acquireCount":{"w":4}},"ReplicationStateTransition":{"acquireCount":{"w":4}},"Global":{"acquireCount":{"w":4}},"Database":{"acquireCount":{"w":4}},"Collection":{"acquireCount":{"w":4}},"Mutex":{"acquireCount":{"r":1}}},"flowControl":{"acquireCount":4},"storage":{},"cpuNanos":23859000,"remote":"127.0.0.1:49222","protocol":"op_msg","durationMillis":224}}
mongo-1   | { ok: 1 }
mongo-1   | admin> {"t":{"$date":"2024-02-16T05:45:28.017+00:00"},"s":"I",  "c":"-",        "id":20883,   "ctx":"conn5","msg":"Interrupted operation as its client disconnected","attr":{"opId":165}}
mongo-1   | {"t":{"$date":"2024-02-16T05:45:28.017+00:00"},"s":"I",  "c":"NETWORK",  "id":22944,   "ctx":"conn5","msg":"Connection ended","attr":{"remote":"127.0.0.1:49212","uuid":{"uuid":{"$uuid":"b3d23a95-4858-4d7f-b37a-795eff747bfa"}},"connectionId":5,"connectionCount":3}}
mongo-1   | {"t":{"$date":"2024-02-16T05:45:28.018+00:00"},"s":"I",  "c":"NETWORK",  "id":22944,   "ctx":"conn8","msg":"Connection ended","attr":{"remote":"127.0.0.1:49222","uuid":{"uuid":{"$uuid":"06fc1bff-1905-4790-939a-e8f137d059bf"}},"connectionId":8,"connectionCount":2}}
mongo-1   | {"t":{"$date":"2024-02-16T05:45:28.018+00:00"},"s":"I",  "c":"NETWORK",  "id":22944,   "ctx":"conn7","msg":"Connection ended","attr":{"remote":"127.0.0.1:49220","uuid":{"uuid":{"$uuid":"3bdc4d90-505b-4f6c-815a-9600117b4caf"}},"connectionId":7,"connectionCount":1}}
mongo-1   | {"t":{"$date":"2024-02-16T05:45:28.018+00:00"},"s":"I",  "c":"NETWORK",  "id":22944,   "ctx":"conn6","msg":"Connection ended","attr":{"remote":"127.0.0.1:49214","uuid":{"uuid":{"$uuid":"ae1d9d06-8323-4a5d-a49c-3732d44611b4"}},"connectionId":6,"connectionCount":0}}
mongo-1   | 
mongo-1   | /usr/local/bin/docker-entrypoint.sh: running /docker-entrypoint-initdb.d/mongo-init.js
api-02-1  | 172.22.0.5 -  16/Feb/2024:05:45:29 +0000 "GET /clientes/1/extrato" 404
mongo-1   | {"t":{"$date":"2024-02-16T05:45:31.319+00:00"},"s":"I",  "c":"NETWORK",  "id":22943,   "ctx":"listener","msg":"Connection accepted","attr":{"remote":"127.0.0.1:34078","uuid":{"uuid":{"$uuid":"6fa718a1-c97b-48f0-9b29-8e292322fb98"}},"connectionId":9,"connectionCount":1}}
mongo-1   | {"t":{"$date":"2024-02-16T05:45:31.322+00:00"},"s":"I",  "c":"NETWORK",  "id":51800,   "ctx":"conn9","msg":"client metadata","attr":{"remote":"127.0.0.1:34078","client":"conn9","doc":{"application":{"name":"mongosh 2.1.3"},"driver":{"name":"nodejs|mongosh","version":"6.3.0|2.1.3"},"platform":"Node.js v20.11.0, LE","os":{"name":"linux","architecture":"x64","version":"6.2.0-1019-azure","type":"Linux"}}}}
mongo-1   | {"t":{"$date":"2024-02-16T05:45:31.421+00:00"},"s":"I",  "c":"NETWORK",  "id":22943,   "ctx":"listener","msg":"Connection accepted","attr":{"remote":"127.0.0.1:34084","uuid":{"uuid":{"$uuid":"fa78b177-1f3d-4c52-8d62-bc330e13e5d2"}},"connectionId":10,"connectionCount":2}}
mongo-1   | {"t":{"$date":"2024-02-16T05:45:31.421+00:00"},"s":"I",  "c":"NETWORK",  "id":22943,   "ctx":"listener","msg":"Connection accepted","attr":{"remote":"127.0.0.1:34096","uuid":{"uuid":{"$uuid":"d212a764-24ab-4f4e-8301-db1e8752fc77"}},"connectionId":11,"connectionCount":3}}
mongo-1   | {"t":{"$date":"2024-02-16T05:45:31.516+00:00"},"s":"I",  "c":"NETWORK",  "id":51800,   "ctx":"conn10","msg":"client metadata","attr":{"remote":"127.0.0.1:34084","client":"conn10","doc":{"application":{"name":"mongosh 2.1.3"},"driver":{"name":"nodejs|mongosh","version":"6.3.0|2.1.3"},"platform":"Node.js v20.11.0, LE","os":{"name":"linux","architecture":"x64","version":"6.2.0-1019-azure","type":"Linux"}}}}
mongo-1   | {"t":{"$date":"2024-02-16T05:45:31.516+00:00"},"s":"I",  "c":"NETWORK",  "id":51800,   "ctx":"conn11","msg":"client metadata","attr":{"remote":"127.0.0.1:34096","client":"conn11","doc":{"application":{"name":"mongosh 2.1.3"},"driver":{"name":"nodejs|mongosh","version":"6.3.0|2.1.3"},"platform":"Node.js v20.11.0, LE","os":{"name":"linux","architecture":"x64","version":"6.2.0-1019-azure","type":"Linux"}}}}
mongo-1   | {"t":{"$date":"2024-02-16T05:45:31.518+00:00"},"s":"I",  "c":"NETWORK",  "id":6788700, "ctx":"conn10","msg":"Received first command on ingress connection since session start or auth handshake","attr":{"elapsedMillis":2}}
mongo-1   | {"t":{"$date":"2024-02-16T05:45:31.518+00:00"},"s":"I",  "c":"NETWORK",  "id":22943,   "ctx":"listener","msg":"Connection accepted","attr":{"remote":"127.0.0.1:34100","uuid":{"uuid":{"$uuid":"a148de97-1ccf-42d1-be1b-b70b7d2a1343"}},"connectionId":12,"connectionCount":4}}
mongo-1   | {"t":{"$date":"2024-02-16T05:45:31.519+00:00"},"s":"I",  "c":"NETWORK",  "id":22943,   "ctx":"listener","msg":"Connection accepted","attr":{"remote":"127.0.0.1:34112","uuid":{"uuid":{"$uuid":"711f2c6b-faa0-4b1e-8039-8154a6ccbb19"}},"connectionId":13,"connectionCount":5}}
mongo-1   | {"t":{"$date":"2024-02-16T05:45:31.521+00:00"},"s":"I",  "c":"NETWORK",  "id":51800,   "ctx":"conn12","msg":"client metadata","attr":{"remote":"127.0.0.1:34100","client":"conn12","doc":{"application":{"name":"mongosh 2.1.3"},"driver":{"name":"nodejs|mongosh","version":"6.3.0|2.1.3"},"platform":"Node.js v20.11.0, LE","os":{"name":"linux","architecture":"x64","version":"6.2.0-1019-azure","type":"Linux"}}}}
mongo-1   | {"t":{"$date":"2024-02-16T05:45:31.522+00:00"},"s":"I",  "c":"NETWORK",  "id":51800,   "ctx":"conn13","msg":"client metadata","attr":{"remote":"127.0.0.1:34112","client":"conn13","doc":{"application":{"name":"mongosh 2.1.3"},"driver":{"name":"nodejs|mongosh","version":"6.3.0|2.1.3"},"platform":"Node.js v20.11.0, LE","os":{"name":"linux","architecture":"x64","version":"6.2.0-1019-azure","type":"Linux"}}}}
mongo-1   | {"t":{"$date":"2024-02-16T05:45:31.522+00:00"},"s":"I",  "c":"NETWORK",  "id":6788700, "ctx":"conn12","msg":"Received first command on ingress connection since session start or auth handshake","attr":{"elapsedMillis":1}}
mongo-1   | {"t":{"$date":"2024-02-16T05:45:31.523+00:00"},"s":"I",  "c":"NETWORK",  "id":6788700, "ctx":"conn13","msg":"Received first command on ingress connection since session start or auth handshake","attr":{"elapsedMillis":1}}
api-01-1  | 172.22.0.5 -  16/Feb/2024:05:45:31 +0000 "GET /clientes/1/extrato" 404
api-02-1  | 172.22.0.5 -  16/Feb/2024:05:45:33 +0000 "GET /clientes/1/extrato" 404
mongo-1   | {"t":{"$date":"2024-02-16T05:45:35.421+00:00"},"s":"I",  "c":"NETWORK",  "id":6788700, "ctx":"conn11","msg":"Received first command on ingress connection since session start or auth handshake","attr":{"elapsedMillis":3904}}
mongo-1   | {"t":{"$date":"2024-02-16T05:45:35.516+00:00"},"s":"I",  "c":"NETWORK",  "id":22943,   "ctx":"listener","msg":"Connection accepted","attr":{"remote":"127.0.0.1:34120","uuid":{"uuid":{"$uuid":"fb122a5d-c260-44dd-b3f9-e245d1837dc5"}},"connectionId":14,"connectionCount":6}}
mongo-1   | {"t":{"$date":"2024-02-16T05:45:35.518+00:00"},"s":"I",  "c":"NETWORK",  "id":22943,   "ctx":"listener","msg":"Connection accepted","attr":{"remote":"127.0.0.1:34124","uuid":{"uuid":{"$uuid":"3db3952b-120d-48af-96fc-62a3a27cac48"}},"connectionId":15,"connectionCount":7}}
mongo-1   | {"t":{"$date":"2024-02-16T05:45:35.520+00:00"},"s":"I",  "c":"STORAGE",  "id":20320,   "ctx":"conn13","msg":"createCollection","attr":{"namespace":"admin.clientes","uuidDisposition":"generated","uuid":{"uuid":{"$uuid":"b897282d-5548-4f24-91c6-d49fcd6bf3c4"}},"options":{}}}
mongo-1   | {"t":{"$date":"2024-02-16T05:45:35.525+00:00"},"s":"I",  "c":"NETWORK",  "id":51800,   "ctx":"conn14","msg":"client metadata","attr":{"remote":"127.0.0.1:34120","client":"conn14","doc":{"application":{"name":"mongosh 2.1.3"},"driver":{"name":"nodejs|mongosh","version":"6.3.0|2.1.3"},"platform":"Node.js v20.11.0, LE","os":{"name":"linux","architecture":"x64","version":"6.2.0-1019-azure","type":"Linux"}}}}
mongo-1   | {"t":{"$date":"2024-02-16T05:45:35.526+00:00"},"s":"I",  "c":"NETWORK",  "id":51800,   "ctx":"conn15","msg":"client metadata","attr":{"remote":"127.0.0.1:34124","client":"conn15","doc":{"application":{"name":"mongosh 2.1.3"},"driver":{"name":"nodejs|mongosh","version":"6.3.0|2.1.3"},"platform":"Node.js v20.11.0, LE","os":{"name":"linux","architecture":"x64","version":"6.2.0-1019-azure","type":"Linux"}}}}
mongo-1   | {"t":{"$date":"2024-02-16T05:45:35.615+00:00"},"s":"I",  "c":"NETWORK",  "id":6788700, "ctx":"conn14","msg":"Received first command on ingress connection since session start or auth handshake","attr":{"elapsedMillis":90}}
mongo-1   | {"t":{"$date":"2024-02-16T05:45:35.616+00:00"},"s":"I",  "c":"NETWORK",  "id":6788700, "ctx":"conn15","msg":"Received first command on ingress connection since session start or auth handshake","attr":{"elapsedMillis":90}}
mongo-1   | {"t":{"$date":"2024-02-16T05:45:35.716+00:00"},"s":"I",  "c":"REPL",     "id":7360102, "ctx":"conn13","msg":"Added oplog entry for create to transaction","attr":{"namespace":"admin.$cmd","uuid":{"uuid":{"$uuid":"b897282d-5548-4f24-91c6-d49fcd6bf3c4"}},"object":{"create":"clientes","idIndex":{"v":2,"key":{"_id":1},"name":"_id_"}}}}
mongo-1   | {"t":{"$date":"2024-02-16T05:45:35.716+00:00"},"s":"I",  "c":"INDEX",    "id":20345,   "ctx":"conn13","msg":"Index build: done building","attr":{"buildUUID":null,"collectionUUID":{"uuid":{"$uuid":"b897282d-5548-4f24-91c6-d49fcd6bf3c4"}},"namespace":"admin.clientes","index":"_id_","ident":"index-11--6815993523490946693","collectionIdent":"collection-10--6815993523490946693","commitTimestamp":null}}
mongo-1   | {"t":{"$date":"2024-02-16T05:45:35.717+00:00"},"s":"I",  "c":"COMMAND",  "id":51803,   "ctx":"conn13","msg":"Slow query","attr":{"type":"command","ns":"admin.clientes","appName":"mongosh 2.1.3","command":{"create":"clientes","lsid":{"id":{"$uuid":"01478f25-164e-48e3-adc0-39388933c82e"}},"$db":"admin"},"numYields":0,"reslen":38,"locks":{"ParallelBatchWriterMode":{"acquireCount":{"r":1}},"FeatureCompatibilityVersion":{"acquireCount":{"w":1}},"ReplicationStateTransition":{"acquireCount":{"w":1}},"Global":{"acquireCount":{"w":1}},"Database":{"acquireCount":{"w":1}},"Collection":{"acquireCount":{"w":1}},"Mutex":{"acquireCount":{"r":1}}},"flowControl":{"acquireCount":1},"storage":{},"cpuNanos":4192900,"remote":"127.0.0.1:34112","protocol":"op_msg","durationMillis":196}}
mongo-1   | {"t":{"$date":"2024-02-16T05:45:35.719+00:00"},"s":"I",  "c":"STORAGE",  "id":20320,   "ctx":"conn13","msg":"createCollection","attr":{"namespace":"admin.transacoes","uuidDisposition":"generated","uuid":{"uuid":{"$uuid":"c761e752-c23f-4a25-91df-85a0a487a978"}},"options":{}}}
api-01-1  | 172.22.0.5 -  16/Feb/2024:05:45:35 +0000 "GET /clientes/1/extrato" 404
mongo-1   | MongoNetworkError: connection 4 to 127.0.0.1:27017 closed
mongo-1 exited with code 0
mongo-1   | {"t":{"$date":"2024-02-16T05:45:37.125+00:00"},"s":"I",  "c":"CONTROL",  "id":23285,   "ctx":"main","msg":"Automatically disabling TLS 1.0, to force-enable TLS 1.0 specify --sslDisabledProtocols 'none'"}
mongo-1   | {"t":{"$date":"2024-02-16T05:45:37.127+00:00"},"s":"I",  "c":"NETWORK",  "id":4915701, "ctx":"main","msg":"Initialized wire specification","attr":{"spec":{"incomingExternalClient":{"minWireVersion":0,"maxWireVersion":21},"incomingInternalClient":{"minWireVersion":0,"maxWireVersion":21},"outgoing":{"minWireVersion":6,"maxWireVersion":21},"isInternalClient":true}}}
mongo-1   | {"t":{"$date":"2024-02-16T05:45:37.127+00:00"},"s":"I",  "c":"NETWORK",  "id":4648601, "ctx":"main","msg":"Implicit TCP FastOpen unavailable. If TCP FastOpen is required, set tcpFastOpenServer, tcpFastOpenClient, and tcpFastOpenQueueSize."}
mongo-1   | {"t":{"$date":"2024-02-16T05:45:37.128+00:00"},"s":"I",  "c":"REPL",     "id":5123008, "ctx":"main","msg":"Successfully registered PrimaryOnlyService","attr":{"service":"TenantMigrationDonorService","namespace":"config.tenantMigrationDonors"}}
mongo-1   | {"t":{"$date":"2024-02-16T05:45:37.128+00:00"},"s":"I",  "c":"REPL",     "id":5123008, "ctx":"main","msg":"Successfully registered PrimaryOnlyService","attr":{"service":"TenantMigrationRecipientService","namespace":"config.tenantMigrationRecipients"}}
mongo-1   | {"t":{"$date":"2024-02-16T05:45:37.128+00:00"},"s":"I",  "c":"CONTROL",  "id":5945603, "ctx":"main","msg":"Multi threading initialized"}
mongo-1   | {"t":{"$date":"2024-02-16T05:45:37.214+00:00"},"s":"I",  "c":"TENANT_M", "id":7091600, "ctx":"main","msg":"Starting TenantMigrationAccessBlockerRegistry"}
mongo-1   | {"t":{"$date":"2024-02-16T05:45:37.215+00:00"},"s":"I",  "c":"CONTROL",  "id":4615611, "ctx":"initandlisten","msg":"MongoDB starting","attr":{"pid":1,"port":27017,"dbPath":"/data/db","architecture":"64-bit","host":"3f723ea82110"}}
mongo-1   | {"t":{"$date":"2024-02-16T05:45:37.215+00:00"},"s":"W",  "c":"CONTROL",  "id":20720,   "ctx":"initandlisten","msg":"Memory available to mongo process is less than total system memory","attr":{"availableMemSizeMB":140,"systemMemSizeMB":15979}}
mongo-1   | {"t":{"$date":"2024-02-16T05:45:37.215+00:00"},"s":"I",  "c":"CONTROL",  "id":23403,   "ctx":"initandlisten","msg":"Build Info","attr":{"buildInfo":{"version":"7.0.5","gitVersion":"7809d71e84e314b497f282ea8aa06d7ded3eb205","openSSLVersion":"OpenSSL 3.0.2 15 Mar 2022","modules":[],"allocator":"tcmalloc","environment":{"distmod":"ubuntu2204","distarch":"x86_64","target_arch":"x86_64"}}}}
mongo-1   | {"t":{"$date":"2024-02-16T05:45:37.215+00:00"},"s":"I",  "c":"CONTROL",  "id":51765,   "ctx":"initandlisten","msg":"Operating System","attr":{"os":{"name":"Ubuntu","version":"22.04"}}}
mongo-1   | {"t":{"$date":"2024-02-16T05:45:37.215+00:00"},"s":"I",  "c":"CONTROL",  "id":21951,   "ctx":"initandlisten","msg":"Options set by command line","attr":{"options":{"net":{"bindIp":"*"},"security":{"authorization":"enabled"}}}}
mongo-1   | {"t":{"$date":"2024-02-16T05:45:37.215+00:00"},"s":"W",  "c":"STORAGE",  "id":22271,   "ctx":"initandlisten","msg":"Detected unclean shutdown - Lock file is not empty","attr":{"lockFile":"/data/db/mongod.lock"}}
mongo-1   | {"t":{"$date":"2024-02-16T05:45:37.216+00:00"},"s":"I",  "c":"STORAGE",  "id":22270,   "ctx":"initandlisten","msg":"Storage engine to use detected by data files","attr":{"dbpath":"/data/db","storageEngine":"wiredTiger"}}
mongo-1   | {"t":{"$date":"2024-02-16T05:45:37.216+00:00"},"s":"W",  "c":"STORAGE",  "id":22302,   "ctx":"initandlisten","msg":"Recovering data from the last clean checkpoint."}
mongo-1   | {"t":{"$date":"2024-02-16T05:45:37.216+00:00"},"s":"I",  "c":"STORAGE",  "id":22297,   "ctx":"initandlisten","msg":"Using the XFS filesystem is strongly recommended with the WiredTiger storage engine. See http://dochub.mongodb.org/core/prodnotes-filesystem","tags":["startupWarnings"]}
mongo-1   | {"t":{"$date":"2024-02-16T05:45:37.216+00:00"},"s":"I",  "c":"STORAGE",  "id":22300,   "ctx":"initandlisten","msg":"The configured WiredTiger cache size is more than 80% of available RAM. See http://dochub.mongodb.org/core/faq-memory-diagnostics-wt","tags":["startupWarnings"]}
mongo-1   | {"t":{"$date":"2024-02-16T05:45:37.216+00:00"},"s":"I",  "c":"STORAGE",  "id":22315,   "ctx":"initandlisten","msg":"Opening WiredTiger","attr":{"config":"create,cache_size=256M,session_max=33000,eviction=(threads_min=4,threads_max=4),config_base=false,statistics=(fast),log=(enabled=true,remove=true,path=journal,compressor=snappy),builtin_extension_config=(zstd=(compression_level=6)),file_manager=(close_idle_time=600,close_scan_interval=10,close_handle_minimum=2000),statistics_log=(wait=0),json_output=(error,message),verbose=[recovery_progress:1,checkpoint_progress:1,compact_progress:1,backup:0,checkpoint:0,compact:0,evict:0,history_store:0,recovery:0,rts:0,salvage:0,tiered:0,timestamp:0,transaction:0,verify:0,log:0],"}}
api-02-1  | 172.22.0.5 -  16/Feb/2024:05:45:37 +0000 "GET /clientes/1/extrato" 404
api-01-1  | 172.22.0.5 -  16/Feb/2024:05:45:39 +0000 "GET /clientes/1/extrato" 404
api-02-1  | 172.22.0.5 -  16/Feb/2024:05:45:41 +0000 "GET /clientes/1/extrato" 404
api-01-1  | 172.22.0.5 -  16/Feb/2024:05:45:43 +0000 "GET /clientes/1/extrato" 404
mongo-1   | {"t":{"$date":"2024-02-16T05:45:44.659+00:00"},"s":"I",  "c":"STORAGE",  "id":4795906, "ctx":"initandlisten","msg":"WiredTiger opened","attr":{"durationMillis":7443}}
mongo-1   | {"t":{"$date":"2024-02-16T05:45:44.659+00:00"},"s":"I",  "c":"RECOVERY", "id":23987,   "ctx":"initandlisten","msg":"WiredTiger recoveryTimestamp","attr":{"recoveryTimestamp":{"$timestamp":{"t":0,"i":0}}}}
mongo-1   | {"t":{"$date":"2024-02-16T05:45:44.674+00:00"},"s":"W",  "c":"CONTROL",  "id":22178,   "ctx":"initandlisten","msg":"/sys/kernel/mm/transparent_hugepage/enabled is 'always'. We suggest setting it to 'never'","tags":["startupWarnings"]}
mongo-1   | {"t":{"$date":"2024-02-16T05:45:44.674+00:00"},"s":"W",  "c":"CONTROL",  "id":5123300, "ctx":"initandlisten","msg":"vm.max_map_count is too low","attr":{"currentValue":65530,"recommendedMinimum":1677720,"maxConns":838860},"tags":["startupWarnings"]}
mongo-1   | {"t":{"$date":"2024-02-16T05:45:44.675+00:00"},"s":"I",  "c":"NETWORK",  "id":4915702, "ctx":"initandlisten","msg":"Updated wire specification","attr":{"oldSpec":{"incomingExternalClient":{"minWireVersion":0,"maxWireVersion":21},"incomingInternalClient":{"minWireVersion":0,"maxWireVersion":21},"outgoing":{"minWireVersion":6,"maxWireVersion":21},"isInternalClient":true},"newSpec":{"incomingExternalClient":{"minWireVersion":0,"maxWireVersion":21},"incomingInternalClient":{"minWireVersion":21,"maxWireVersion":21},"outgoing":{"minWireVersion":21,"maxWireVersion":21},"isInternalClient":true}}}
mongo-1   | {"t":{"$date":"2024-02-16T05:45:44.675+00:00"},"s":"I",  "c":"REPL",     "id":5853300, "ctx":"initandlisten","msg":"current featureCompatibilityVersion value","attr":{"featureCompatibilityVersion":"7.0","context":"startup"}}
mongo-1   | {"t":{"$date":"2024-02-16T05:45:44.675+00:00"},"s":"I",  "c":"STORAGE",  "id":5071100, "ctx":"initandlisten","msg":"Clearing temp directory"}
mongo-1   | {"t":{"$date":"2024-02-16T05:45:44.676+00:00"},"s":"I",  "c":"CONTROL",  "id":6608200, "ctx":"initandlisten","msg":"Initializing cluster server parameters from disk"}
mongo-1   | {"t":{"$date":"2024-02-16T05:45:44.676+00:00"},"s":"I",  "c":"CONTROL",  "id":20536,   "ctx":"initandlisten","msg":"Flow Control is enabled on this deployment"}
mongo-1   | {"t":{"$date":"2024-02-16T05:45:44.676+00:00"},"s":"I",  "c":"FTDC",     "id":20625,   "ctx":"initandlisten","msg":"Initializing full-time diagnostic data capture","attr":{"dataDirectory":"/data/db/diagnostic.data"}}
mongo-1   | {"t":{"$date":"2024-02-16T05:45:44.716+00:00"},"s":"I",  "c":"REPL",     "id":6015317, "ctx":"initandlisten","msg":"Setting new configuration state","attr":{"newState":"ConfigReplicationDisabled","oldState":"ConfigPreStart"}}
mongo-1   | {"t":{"$date":"2024-02-16T05:45:44.716+00:00"},"s":"I",  "c":"STORAGE",  "id":22262,   "ctx":"initandlisten","msg":"Timestamp monitor starting"}
mongo-1   | {"t":{"$date":"2024-02-16T05:45:44.717+00:00"},"s":"I",  "c":"NETWORK",  "id":23015,   "ctx":"listener","msg":"Listening on","attr":{"address":"/tmp/mongodb-27017.sock"}}
mongo-1   | {"t":{"$date":"2024-02-16T05:45:44.717+00:00"},"s":"I",  "c":"NETWORK",  "id":23015,   "ctx":"listener","msg":"Listening on","attr":{"address":"0.0.0.0"}}
mongo-1   | {"t":{"$date":"2024-02-16T05:45:44.717+00:00"},"s":"I",  "c":"NETWORK",  "id":23016,   "ctx":"listener","msg":"Waiting for connections","attr":{"port":27017,"ssl":"off"}}
mongo-1   | {"t":{"$date":"2024-02-16T05:45:44.717+00:00"},"s":"I",  "c":"CONTROL",  "id":8423403, "ctx":"initandlisten","msg":"mongod startup complete","attr":{"Summary of time elapsed":{"Startup from clean shutdown?":false,"Statistics":{"Transport layer setup":"0 ms","Run initial syncer crash recovery":"0 ms","Create storage engine lock file in the data directory":"0 ms","Get metadata describing storage engine":"0 ms","Validate options in metadata against current startup options":"0 ms","Create storage engine":"7444 ms","Write current PID to file":"10 ms","Initialize FCV before rebuilding indexes":"1 ms","Drop abandoned idents and get back indexes that need to be rebuilt or builds that need to be restarted":"0 ms","Rebuild indexes for collections":"0 ms","Load cluster parameters from disk for a standalone":"0 ms","Build user and roles graph":"0 ms","Verify indexes for admin.system.users collection":"0 ms","Set up the background thread pool responsible for waiting for opTimes to be majority committed":"0 ms","Initialize information needed to make a mongod instance shard aware":"1 ms","Start up the replication coordinator":"0 ms","Start transport layer":"0 ms","_initAndListen total elapsed time":"7502 ms"}}}}
mongo-1   | {"t":{"$date":"2024-02-16T05:45:45.003+00:00"},"s":"I",  "c":"FTDC",     "id":20631,   "ctx":"ftdc","msg":"Unclean full-time diagnostic data capture shutdown detected, found interim file, some metrics may have been lost","attr":{"error":{"code":0,"codeName":"OK"}}}
api-02-1  | 172.22.0.5 -  16/Feb/2024:05:45:45 +0000 "GET /clientes/1/extrato" 404
api-01-1  | 172.22.0.5 -  16/Feb/2024:05:45:47 +0000 "GET /clientes/1/extrato" 404
api-02-1  | 172.22.0.5 -  16/Feb/2024:05:45:49 +0000 "GET /clientes/1/extrato" 404
nginx exited with code 0
nginx exited with code 0
api-02-1  | [16-Feb-2024 05:45:52] NOTICE: Finishing ...
api-01-1  | [16-Feb-2024 05:45:52] NOTICE: Finishing ...
api-02-1  | [16-Feb-2024 05:45:52] NOTICE: exiting, bye-bye!
api-01-1  | [16-Feb-2024 05:45:52] NOTICE: exiting, bye-bye!
api-02-1 exited with code 0
api-02-1 exited with code 0
api-01-1 exited with code 0
api-01-1 exited with code 0
mongo-1   | {"t":{"$date":"2024-02-16T05:45:53.693+00:00"},"s":"I",  "c":"CONTROL",  "id":23377,   "ctx":"SignalHandler","msg":"Received signal","attr":{"signal":15,"error":"Terminated"}}
mongo-1   | {"t":{"$date":"2024-02-16T05:45:53.693+00:00"},"s":"I",  "c":"CONTROL",  "id":23378,   "ctx":"SignalHandler","msg":"Signal was sent by kill(2)","attr":{"pid":0,"uid":0}}
