 Network rinha-nginx-2024q1  Creating
 Network rinha-nginx-2024q1  Created
 Container cesar-rodrigues-mongo-1  Creating
 Container cesar-rodrigues-mongo-1  Created
 Container cesar-rodrigues-api-02-1  Creating
 Container cesar-rodrigues-api-01-1  Creating
 Container cesar-rodrigues-api-02-1  Created
 Container cesar-rodrigues-api-01-1  Created
 Container nginx  Creating
 Container nginx  Created
Attaching to api-01-1, api-02-1, mongo-1, nginx
mongo-1   | about to fork child process, waiting until server is ready for connections.
mongo-1   | forked process: 29
mongo-1   | 
mongo-1   | {"t":{"$date":"2024-02-14T22:21:38.474+00:00"},"s":"I",  "c":"CONTROL",  "id":20698,   "ctx":"main","msg":"***** SERVER RESTARTED *****"}
mongo-1   | {"t":{"$date":"2024-02-14T22:21:38.476+00:00"},"s":"I",  "c":"CONTROL",  "id":23285,   "ctx":"main","msg":"Automatically disabling TLS 1.0, to force-enable TLS 1.0 specify --sslDisabledProtocols 'none'"}
mongo-1   | {"t":{"$date":"2024-02-14T22:21:38.477+00:00"},"s":"I",  "c":"NETWORK",  "id":4915701, "ctx":"main","msg":"Initialized wire specification","attr":{"spec":{"incomingExternalClient":{"minWireVersion":0,"maxWireVersion":21},"incomingInternalClient":{"minWireVersion":0,"maxWireVersion":21},"outgoing":{"minWireVersion":6,"maxWireVersion":21},"isInternalClient":true}}}
mongo-1   | {"t":{"$date":"2024-02-14T22:21:38.480+00:00"},"s":"I",  "c":"NETWORK",  "id":4648601, "ctx":"main","msg":"Implicit TCP FastOpen unavailable. If TCP FastOpen is required, set tcpFastOpenServer, tcpFastOpenClient, and tcpFastOpenQueueSize."}
mongo-1   | {"t":{"$date":"2024-02-14T22:21:38.566+00:00"},"s":"I",  "c":"REPL",     "id":5123008, "ctx":"main","msg":"Successfully registered PrimaryOnlyService","attr":{"service":"TenantMigrationDonorService","namespace":"config.tenantMigrationDonors"}}
mongo-1   | {"t":{"$date":"2024-02-14T22:21:38.566+00:00"},"s":"I",  "c":"REPL",     "id":5123008, "ctx":"main","msg":"Successfully registered PrimaryOnlyService","attr":{"service":"TenantMigrationRecipientService","namespace":"config.tenantMigrationRecipients"}}
mongo-1   | {"t":{"$date":"2024-02-14T22:21:38.566+00:00"},"s":"I",  "c":"CONTROL",  "id":5945603, "ctx":"main","msg":"Multi threading initialized"}
mongo-1   | {"t":{"$date":"2024-02-14T22:21:38.567+00:00"},"s":"I",  "c":"TENANT_M", "id":7091600, "ctx":"main","msg":"Starting TenantMigrationAccessBlockerRegistry"}
mongo-1   | {"t":{"$date":"2024-02-14T22:21:38.567+00:00"},"s":"I",  "c":"CONTROL",  "id":4615611, "ctx":"initandlisten","msg":"MongoDB starting","attr":{"pid":29,"port":27017,"dbPath":"/data/db","architecture":"64-bit","host":"1a4d231ea96b"}}
mongo-1   | {"t":{"$date":"2024-02-14T22:21:38.567+00:00"},"s":"W",  "c":"CONTROL",  "id":20720,   "ctx":"initandlisten","msg":"Memory available to mongo process is less than total system memory","attr":{"availableMemSizeMB":140,"systemMemSizeMB":15851}}
mongo-1   | {"t":{"$date":"2024-02-14T22:21:38.567+00:00"},"s":"I",  "c":"CONTROL",  "id":23403,   "ctx":"initandlisten","msg":"Build Info","attr":{"buildInfo":{"version":"7.0.5","gitVersion":"7809d71e84e314b497f282ea8aa06d7ded3eb205","openSSLVersion":"OpenSSL 3.0.2 15 Mar 2022","modules":[],"allocator":"tcmalloc","environment":{"distmod":"ubuntu2204","distarch":"x86_64","target_arch":"x86_64"}}}}
mongo-1   | {"t":{"$date":"2024-02-14T22:21:38.567+00:00"},"s":"I",  "c":"CONTROL",  "id":51765,   "ctx":"initandlisten","msg":"Operating System","attr":{"os":{"name":"Ubuntu","version":"22.04"}}}
mongo-1   | {"t":{"$date":"2024-02-14T22:21:38.567+00:00"},"s":"I",  "c":"CONTROL",  "id":21951,   "ctx":"initandlisten","msg":"Options set by command line","attr":{"options":{"net":{"bindIp":"127.0.0.1","port":27017,"tls":{"mode":"disabled"}},"processManagement":{"fork":true,"pidFilePath":"/tmp/docker-entrypoint-temp-mongod.pid"},"systemLog":{"destination":"file","logAppend":true,"path":"/proc/1/fd/1"}}}}
mongo-1   | {"t":{"$date":"2024-02-14T22:21:38.568+00:00"},"s":"I",  "c":"STORAGE",  "id":22297,   "ctx":"initandlisten","msg":"Using the XFS filesystem is strongly recommended with the WiredTiger storage engine. See http://dochub.mongodb.org/core/prodnotes-filesystem","tags":["startupWarnings"]}
mongo-1   | {"t":{"$date":"2024-02-14T22:21:38.568+00:00"},"s":"I",  "c":"STORAGE",  "id":22300,   "ctx":"initandlisten","msg":"The configured WiredTiger cache size is more than 80% of available RAM. See http://dochub.mongodb.org/core/faq-memory-diagnostics-wt","tags":["startupWarnings"]}
mongo-1   | {"t":{"$date":"2024-02-14T22:21:38.568+00:00"},"s":"I",  "c":"STORAGE",  "id":22315,   "ctx":"initandlisten","msg":"Opening WiredTiger","attr":{"config":"create,cache_size=256M,session_max=33000,eviction=(threads_min=4,threads_max=4),config_base=false,statistics=(fast),log=(enabled=true,remove=true,path=journal,compressor=snappy),builtin_extension_config=(zstd=(compression_level=6)),file_manager=(close_idle_time=600,close_scan_interval=10,close_handle_minimum=2000),statistics_log=(wait=0),json_output=(error,message),verbose=[recovery_progress:1,checkpoint_progress:1,compact_progress:1,backup:0,checkpoint:0,compact:0,evict:0,history_store:0,recovery:0,rts:0,salvage:0,tiered:0,timestamp:0,transaction:0,verify:0,log:0],"}}
api-02-1  | [14-Feb-2024 22:21:38] NOTICE: fpm is running, pid 1
api-02-1  | [14-Feb-2024 22:21:38] NOTICE: ready to handle connections
api-01-1  | [14-Feb-2024 22:21:39] NOTICE: fpm is running, pid 1
api-01-1  | [14-Feb-2024 22:21:39] NOTICE: ready to handle connections
nginx     | /docker-entrypoint.sh: /docker-entrypoint.d/ is not empty, will attempt to perform configuration
nginx     | /docker-entrypoint.sh: Looking for shell scripts in /docker-entrypoint.d/
nginx     | /docker-entrypoint.sh: Launching /docker-entrypoint.d/10-listen-on-ipv6-by-default.sh
nginx     | 10-listen-on-ipv6-by-default.sh: info: Getting the checksum of /etc/nginx/conf.d/default.conf
nginx     | 10-listen-on-ipv6-by-default.sh: info: Enabled listen on IPv6 in /etc/nginx/conf.d/default.conf
nginx     | /docker-entrypoint.sh: Sourcing /docker-entrypoint.d/15-local-resolvers.envsh
nginx     | /docker-entrypoint.sh: Launching /docker-entrypoint.d/20-envsubst-on-templates.sh
nginx     | /docker-entrypoint.sh: Launching /docker-entrypoint.d/30-tune-worker-processes.sh
nginx     | /docker-entrypoint.sh: Configuration complete; ready for start up
api-01-1  | 192.168.224.5 -  14/Feb/2024:22:21:40 +0000 "GET /clientes/1/extrato" 404
api-02-1  | 192.168.224.5 -  14/Feb/2024:22:21:42 +0000 "GET /clientes/1/extrato" 404
mongo-1   | {"t":{"$date":"2024-02-14T22:21:43.664+00:00"},"s":"I",  "c":"STORAGE",  "id":4795906, "ctx":"initandlisten","msg":"WiredTiger opened","attr":{"durationMillis":5096}}
mongo-1   | {"t":{"$date":"2024-02-14T22:21:43.664+00:00"},"s":"I",  "c":"RECOVERY", "id":23987,   "ctx":"initandlisten","msg":"WiredTiger recoveryTimestamp","attr":{"recoveryTimestamp":{"$timestamp":{"t":0,"i":0}}}}
mongo-1   | {"t":{"$date":"2024-02-14T22:21:43.874+00:00"},"s":"W",  "c":"CONTROL",  "id":22120,   "ctx":"initandlisten","msg":"Access control is not enabled for the database. Read and write access to data and configuration is unrestricted","tags":["startupWarnings"]}
mongo-1   | {"t":{"$date":"2024-02-14T22:21:43.874+00:00"},"s":"W",  "c":"CONTROL",  "id":5123300, "ctx":"initandlisten","msg":"vm.max_map_count is too low","attr":{"currentValue":65530,"recommendedMinimum":1677720,"maxConns":838860},"tags":["startupWarnings"]}
mongo-1   | {"t":{"$date":"2024-02-14T22:21:43.875+00:00"},"s":"I",  "c":"STORAGE",  "id":20320,   "ctx":"initandlisten","msg":"createCollection","attr":{"namespace":"admin.system.version","uuidDisposition":"provided","uuid":{"uuid":{"$uuid":"129a761b-b802-4dbd-acb7-5c93ae46b2f6"}},"options":{"uuid":{"$uuid":"129a761b-b802-4dbd-acb7-5c93ae46b2f6"}}}}
mongo-1   | {"t":{"$date":"2024-02-14T22:21:43.974+00:00"},"s":"I",  "c":"INDEX",    "id":20345,   "ctx":"initandlisten","msg":"Index build: done building","attr":{"buildUUID":null,"collectionUUID":{"uuid":{"$uuid":"129a761b-b802-4dbd-acb7-5c93ae46b2f6"}},"namespace":"admin.system.version","index":"_id_","ident":"index-1-2142148408219172323","collectionIdent":"collection-0-2142148408219172323","commitTimestamp":null}}
mongo-1   | {"t":{"$date":"2024-02-14T22:21:43.975+00:00"},"s":"I",  "c":"REPL",     "id":20459,   "ctx":"initandlisten","msg":"Setting featureCompatibilityVersion","attr":{"newVersion":"7.0"}}
mongo-1   | {"t":{"$date":"2024-02-14T22:21:43.975+00:00"},"s":"I",  "c":"REPL",     "id":5853300, "ctx":"initandlisten","msg":"current featureCompatibilityVersion value","attr":{"featureCompatibilityVersion":"7.0","context":"setFCV"}}
mongo-1   | {"t":{"$date":"2024-02-14T22:21:43.975+00:00"},"s":"I",  "c":"NETWORK",  "id":4915702, "ctx":"initandlisten","msg":"Updated wire specification","attr":{"oldSpec":{"incomingExternalClient":{"minWireVersion":0,"maxWireVersion":21},"incomingInternalClient":{"minWireVersion":0,"maxWireVersion":21},"outgoing":{"minWireVersion":6,"maxWireVersion":21},"isInternalClient":true},"newSpec":{"incomingExternalClient":{"minWireVersion":0,"maxWireVersion":21},"incomingInternalClient":{"minWireVersion":21,"maxWireVersion":21},"outgoing":{"minWireVersion":21,"maxWireVersion":21},"isInternalClient":true}}}
mongo-1   | {"t":{"$date":"2024-02-14T22:21:43.975+00:00"},"s":"I",  "c":"NETWORK",  "id":4915702, "ctx":"initandlisten","msg":"Updated wire specification","attr":{"oldSpec":{"incomingExternalClient":{"minWireVersion":0,"maxWireVersion":21},"incomingInternalClient":{"minWireVersion":21,"maxWireVersion":21},"outgoing":{"minWireVersion":21,"maxWireVersion":21},"isInternalClient":true},"newSpec":{"incomingExternalClient":{"minWireVersion":0,"maxWireVersion":21},"incomingInternalClient":{"minWireVersion":21,"maxWireVersion":21},"outgoing":{"minWireVersion":21,"maxWireVersion":21},"isInternalClient":true}}}
mongo-1   | {"t":{"$date":"2024-02-14T22:21:43.975+00:00"},"s":"I",  "c":"REPL",     "id":5853300, "ctx":"initandlisten","msg":"current featureCompatibilityVersion value","attr":{"featureCompatibilityVersion":"7.0","context":"startup"}}
mongo-1   | {"t":{"$date":"2024-02-14T22:21:43.975+00:00"},"s":"I",  "c":"STORAGE",  "id":5071100, "ctx":"initandlisten","msg":"Clearing temp directory"}
mongo-1   | {"t":{"$date":"2024-02-14T22:21:43.975+00:00"},"s":"I",  "c":"CONTROL",  "id":6608200, "ctx":"initandlisten","msg":"Initializing cluster server parameters from disk"}
mongo-1   | {"t":{"$date":"2024-02-14T22:21:43.975+00:00"},"s":"I",  "c":"CONTROL",  "id":20536,   "ctx":"initandlisten","msg":"Flow Control is enabled on this deployment"}
mongo-1   | {"t":{"$date":"2024-02-14T22:21:43.976+00:00"},"s":"I",  "c":"FTDC",     "id":20625,   "ctx":"initandlisten","msg":"Initializing full-time diagnostic data capture","attr":{"dataDirectory":"/data/db/diagnostic.data"}}
mongo-1   | {"t":{"$date":"2024-02-14T22:21:43.977+00:00"},"s":"I",  "c":"STORAGE",  "id":20320,   "ctx":"initandlisten","msg":"createCollection","attr":{"namespace":"local.startup_log","uuidDisposition":"generated","uuid":{"uuid":{"$uuid":"b3b23d62-9318-45c7-8d78-cbd3cc55f562"}},"options":{"capped":true,"size":10485760}}}
mongo-1   | {"t":{"$date":"2024-02-14T22:21:44.056+00:00"},"s":"I",  "c":"INDEX",    "id":20345,   "ctx":"initandlisten","msg":"Index build: done building","attr":{"buildUUID":null,"collectionUUID":{"uuid":{"$uuid":"b3b23d62-9318-45c7-8d78-cbd3cc55f562"}},"namespace":"local.startup_log","index":"_id_","ident":"index-3-2142148408219172323","collectionIdent":"collection-2-2142148408219172323","commitTimestamp":null}}
mongo-1   | {"t":{"$date":"2024-02-14T22:21:44.056+00:00"},"s":"I",  "c":"REPL",     "id":6015317, "ctx":"initandlisten","msg":"Setting new configuration state","attr":{"newState":"ConfigReplicationDisabled","oldState":"ConfigPreStart"}}
mongo-1   | {"t":{"$date":"2024-02-14T22:21:44.066+00:00"},"s":"I",  "c":"STORAGE",  "id":22262,   "ctx":"initandlisten","msg":"Timestamp monitor starting"}
mongo-1   | {"t":{"$date":"2024-02-14T22:21:44.068+00:00"},"s":"I",  "c":"CONTROL",  "id":20712,   "ctx":"LogicalSessionCacheReap","msg":"Sessions collection is not set up; waiting until next sessions reap interval","attr":{"error":"NamespaceNotFound: config.system.sessions does not exist"}}
mongo-1   | {"t":{"$date":"2024-02-14T22:21:44.068+00:00"},"s":"I",  "c":"STORAGE",  "id":20320,   "ctx":"LogicalSessionCacheRefresh","msg":"createCollection","attr":{"namespace":"config.system.sessions","uuidDisposition":"generated","uuid":{"uuid":{"$uuid":"3e970323-f26e-43a7-a852-22a1e513f776"}},"options":{}}}
mongo-1   | {"t":{"$date":"2024-02-14T22:21:44.068+00:00"},"s":"I",  "c":"NETWORK",  "id":23015,   "ctx":"listener","msg":"Listening on","attr":{"address":"/tmp/mongodb-27017.sock"}}
mongo-1   | {"t":{"$date":"2024-02-14T22:21:44.068+00:00"},"s":"I",  "c":"NETWORK",  "id":23015,   "ctx":"listener","msg":"Listening on","attr":{"address":"127.0.0.1"}}
mongo-1   | {"t":{"$date":"2024-02-14T22:21:44.068+00:00"},"s":"I",  "c":"NETWORK",  "id":23016,   "ctx":"listener","msg":"Waiting for connections","attr":{"port":27017,"ssl":"off"}}
mongo-1   | {"t":{"$date":"2024-02-14T22:21:44.068+00:00"},"s":"I",  "c":"CONTROL",  "id":8423403, "ctx":"initandlisten","msg":"mongod startup complete","attr":{"Summary of time elapsed":{"Startup from clean shutdown?":true,"Statistics":{"Transport layer setup":"0 ms","Run initial syncer crash recovery":"0 ms","Create storage engine lock file in the data directory":"0 ms","Get metadata describing storage engine":"0 ms","Create storage engine":"5269 ms","Write current PID to file":"10 ms","Write a new metadata for storage engine":"27 ms","Initialize FCV before rebuilding indexes":"0 ms","Drop abandoned idents and get back indexes that need to be rebuilt or builds that need to be restarted":"0 ms","Rebuild indexes for collections":"0 ms","Load cluster parameters from disk for a standalone":"0 ms","Build user and roles graph":"0 ms","Set up the background thread pool responsible for waiting for opTimes to be majority committed":"0 ms","Initialize information needed to make a mongod instance shard aware":"0 ms","Start up the replication coordinator":"10 ms","Start transport layer":"1 ms","_initAndListen total elapsed time":"5501 ms"}}}}
mongo-1   | child process started successfully, parent exiting
mongo-1   | {"t":{"$date":"2024-02-14T22:21:44.486+00:00"},"s":"I",  "c":"REPL",     "id":7360102, "ctx":"LogicalSessionCacheRefresh","msg":"Added oplog entry for create to transaction","attr":{"namespace":"config.$cmd","uuid":{"uuid":{"$uuid":"3e970323-f26e-43a7-a852-22a1e513f776"}},"object":{"create":"system.sessions","idIndex":{"v":2,"key":{"_id":1},"name":"_id_"}}}}
mongo-1   | {"t":{"$date":"2024-02-14T22:21:44.486+00:00"},"s":"I",  "c":"REPL",     "id":7360100, "ctx":"LogicalSessionCacheRefresh","msg":"Added oplog entry for createIndexes to transaction","attr":{"namespace":"config.$cmd","uuid":{"uuid":{"$uuid":"3e970323-f26e-43a7-a852-22a1e513f776"}},"object":{"createIndexes":"system.sessions","v":2,"key":{"lastUse":1},"name":"lsidTTLIndex","expireAfterSeconds":1800}}}
mongo-1   | {"t":{"$date":"2024-02-14T22:21:44.766+00:00"},"s":"I",  "c":"INDEX",    "id":20345,   "ctx":"LogicalSessionCacheRefresh","msg":"Index build: done building","attr":{"buildUUID":null,"collectionUUID":{"uuid":{"$uuid":"3e970323-f26e-43a7-a852-22a1e513f776"}},"namespace":"config.system.sessions","index":"_id_","ident":"index-5-2142148408219172323","collectionIdent":"collection-4-2142148408219172323","commitTimestamp":null}}
mongo-1   | {"t":{"$date":"2024-02-14T22:21:44.766+00:00"},"s":"I",  "c":"INDEX",    "id":20345,   "ctx":"LogicalSessionCacheRefresh","msg":"Index build: done building","attr":{"buildUUID":null,"collectionUUID":{"uuid":{"$uuid":"3e970323-f26e-43a7-a852-22a1e513f776"}},"namespace":"config.system.sessions","index":"lsidTTLIndex","ident":"index-6-2142148408219172323","collectionIdent":"collection-4-2142148408219172323","commitTimestamp":null}}
mongo-1   | {"t":{"$date":"2024-02-14T22:21:44.767+00:00"},"s":"I",  "c":"COMMAND",  "id":51803,   "ctx":"LogicalSessionCacheRefresh","msg":"Slow query","attr":{"type":"command","ns":"config.system.sessions","command":{"createIndexes":"system.sessions","v":2,"indexes":[{"key":{"lastUse":1},"name":"lsidTTLIndex","expireAfterSeconds":1800}],"ignoreUnknownIndexOptions":false,"writeConcern":{},"$db":"config"},"numYields":0,"reslen":114,"locks":{"ParallelBatchWriterMode":{"acquireCount":{"r":5}},"FeatureCompatibilityVersion":{"acquireCount":{"r":2,"w":3}},"ReplicationStateTransition":{"acquireCount":{"w":5}},"Global":{"acquireCount":{"r":2,"w":3}},"Database":{"acquireCount":{"r":2,"w":3}},"Collection":{"acquireCount":{"r":2,"w":3}},"Mutex":{"acquireCount":{"r":2}}},"flowControl":{"acquireCount":1},"storage":{},"cpuNanos":7405414,"protocol":"op_msg","durationMillis":698}}
api-01-1  | 192.168.224.5 -  14/Feb/2024:22:21:44 +0000 "GET /clientes/1/extrato" 404
api-02-1  | 192.168.224.5 -  14/Feb/2024:22:21:46 +0000 "GET /clientes/1/extrato" 404
mongo-1   | {"t":{"$date":"2024-02-14T22:21:48.768+00:00"},"s":"I",  "c":"NETWORK",  "id":22943,   "ctx":"listener","msg":"Connection accepted","attr":{"remote":"127.0.0.1:49728","uuid":{"uuid":{"$uuid":"2c0b4d39-6278-4363-8325-a0a5a5c8bf67"}},"connectionId":1,"connectionCount":1}}
mongo-1   | {"t":{"$date":"2024-02-14T22:21:48.773+00:00"},"s":"I",  "c":"NETWORK",  "id":51800,   "ctx":"conn1","msg":"client metadata","attr":{"remote":"127.0.0.1:49728","client":"conn1","doc":{"application":{"name":"mongosh 2.1.3"},"driver":{"name":"nodejs|mongosh","version":"6.3.0|2.1.3"},"platform":"Node.js v20.11.0, LE","os":{"name":"linux","architecture":"x64","version":"6.2.0-39-generic","type":"Linux"}}}}
api-01-1  | 192.168.224.5 -  14/Feb/2024:22:21:48 +0000 "GET /clientes/1/extrato" 404
mongo-1   | {"t":{"$date":"2024-02-14T22:21:48.973+00:00"},"s":"I",  "c":"NETWORK",  "id":22943,   "ctx":"listener","msg":"Connection accepted","attr":{"remote":"127.0.0.1:49738","uuid":{"uuid":{"$uuid":"c1b03b4d-ba25-449f-8664-7df8859c6e3b"}},"connectionId":2,"connectionCount":2}}
mongo-1   | {"t":{"$date":"2024-02-14T22:21:48.974+00:00"},"s":"I",  "c":"NETWORK",  "id":22943,   "ctx":"listener","msg":"Connection accepted","attr":{"remote":"127.0.0.1:49740","uuid":{"uuid":{"$uuid":"2964c650-db33-4b5d-a6a3-df38437ea3d2"}},"connectionId":3,"connectionCount":3}}
mongo-1   | {"t":{"$date":"2024-02-14T22:21:48.976+00:00"},"s":"I",  "c":"NETWORK",  "id":51800,   "ctx":"conn2","msg":"client metadata","attr":{"remote":"127.0.0.1:49738","client":"conn2","doc":{"application":{"name":"mongosh 2.1.3"},"driver":{"name":"nodejs|mongosh","version":"6.3.0|2.1.3"},"platform":"Node.js v20.11.0, LE","os":{"name":"linux","architecture":"x64","version":"6.2.0-39-generic","type":"Linux"}}}}
mongo-1   | {"t":{"$date":"2024-02-14T22:21:48.977+00:00"},"s":"I",  "c":"NETWORK",  "id":51800,   "ctx":"conn3","msg":"client metadata","attr":{"remote":"127.0.0.1:49740","client":"conn3","doc":{"application":{"name":"mongosh 2.1.3"},"driver":{"name":"nodejs|mongosh","version":"6.3.0|2.1.3"},"platform":"Node.js v20.11.0, LE","os":{"name":"linux","architecture":"x64","version":"6.2.0-39-generic","type":"Linux"}}}}
mongo-1   | {"t":{"$date":"2024-02-14T22:21:49.068+00:00"},"s":"I",  "c":"NETWORK",  "id":6788700, "ctx":"conn2","msg":"Received first command on ingress connection since session start or auth handshake","attr":{"elapsedMillis":91}}
mongo-1   | {"t":{"$date":"2024-02-14T22:21:49.068+00:00"},"s":"I",  "c":"NETWORK",  "id":22943,   "ctx":"listener","msg":"Connection accepted","attr":{"remote":"127.0.0.1:49748","uuid":{"uuid":{"$uuid":"77df97c6-0730-4951-8e18-e929c573abe3"}},"connectionId":4,"connectionCount":4}}
mongo-1   | {"t":{"$date":"2024-02-14T22:21:49.073+00:00"},"s":"I",  "c":"NETWORK",  "id":51800,   "ctx":"conn4","msg":"client metadata","attr":{"remote":"127.0.0.1:49748","client":"conn4","doc":{"application":{"name":"mongosh 2.1.3"},"driver":{"name":"nodejs|mongosh","version":"6.3.0|2.1.3"},"platform":"Node.js v20.11.0, LE","os":{"name":"linux","architecture":"x64","version":"6.2.0-39-generic","type":"Linux"}}}}
mongo-1   | {"t":{"$date":"2024-02-14T22:21:49.168+00:00"},"s":"I",  "c":"NETWORK",  "id":6788700, "ctx":"conn4","msg":"Received first command on ingress connection since session start or auth handshake","attr":{"elapsedMillis":94}}
api-02-1  | 192.168.224.5 -  14/Feb/2024:22:21:50 +0000 "GET /clientes/1/extrato" 404
api-01-1  | 192.168.224.5 -  14/Feb/2024:22:21:52 +0000 "GET /clientes/1/extrato" 404
mongo-1   | {"t":{"$date":"2024-02-14T22:21:53.873+00:00"},"s":"I",  "c":"-",        "id":20883,   "ctx":"conn1","msg":"Interrupted operation as its client disconnected","attr":{"opId":83}}
mongo-1   | {"t":{"$date":"2024-02-14T22:21:53.874+00:00"},"s":"I",  "c":"NETWORK",  "id":22944,   "ctx":"conn1","msg":"Connection ended","attr":{"remote":"127.0.0.1:49728","uuid":{"uuid":{"$uuid":"2c0b4d39-6278-4363-8325-a0a5a5c8bf67"}},"connectionId":1,"connectionCount":3}}
mongo-1   | {"t":{"$date":"2024-02-14T22:21:53.967+00:00"},"s":"I",  "c":"NETWORK",  "id":22944,   "ctx":"conn4","msg":"Connection ended","attr":{"remote":"127.0.0.1:49748","uuid":{"uuid":{"$uuid":"77df97c6-0730-4951-8e18-e929c573abe3"}},"connectionId":4,"connectionCount":2}}
mongo-1   | {"t":{"$date":"2024-02-14T22:21:53.967+00:00"},"s":"I",  "c":"NETWORK",  "id":22944,   "ctx":"conn3","msg":"Connection ended","attr":{"remote":"127.0.0.1:49740","uuid":{"uuid":{"$uuid":"2964c650-db33-4b5d-a6a3-df38437ea3d2"}},"connectionId":3,"connectionCount":1}}
mongo-1   | {"t":{"$date":"2024-02-14T22:21:53.968+00:00"},"s":"I",  "c":"NETWORK",  "id":22944,   "ctx":"conn2","msg":"Connection ended","attr":{"remote":"127.0.0.1:49738","uuid":{"uuid":{"$uuid":"c1b03b4d-ba25-449f-8664-7df8859c6e3b"}},"connectionId":2,"connectionCount":0}}
api-02-1  | 192.168.224.5 -  14/Feb/2024:22:21:54 +0000 "GET /clientes/1/extrato" 404
api-01-1  | 192.168.224.5 -  14/Feb/2024:22:21:56 +0000 "GET /clientes/1/extrato" 404
api-02-1  | 192.168.224.5 -  14/Feb/2024:22:21:58 +0000 "GET /clientes/1/extrato" 404
mongo-1   | {"t":{"$date":"2024-02-14T22:21:59.469+00:00"},"s":"I",  "c":"NETWORK",  "id":22943,   "ctx":"listener","msg":"Connection accepted","attr":{"remote":"127.0.0.1:57424","uuid":{"uuid":{"$uuid":"65835d1c-4dd1-4089-8d8f-b092b39552ba"}},"connectionId":5,"connectionCount":1}}
mongo-1   | {"t":{"$date":"2024-02-14T22:21:59.473+00:00"},"s":"I",  "c":"NETWORK",  "id":51800,   "ctx":"conn5","msg":"client metadata","attr":{"remote":"127.0.0.1:57424","client":"conn5","doc":{"application":{"name":"mongosh 2.1.3"},"driver":{"name":"nodejs|mongosh","version":"6.3.0|2.1.3"},"platform":"Node.js v20.11.0, LE","os":{"name":"linux","architecture":"x64","version":"6.2.0-39-generic","type":"Linux"}}}}
mongo-1   | {"t":{"$date":"2024-02-14T22:21:59.575+00:00"},"s":"I",  "c":"NETWORK",  "id":22943,   "ctx":"listener","msg":"Connection accepted","attr":{"remote":"127.0.0.1:57432","uuid":{"uuid":{"$uuid":"941ef482-a7bb-428a-8bb1-72e14ca976ba"}},"connectionId":6,"connectionCount":2}}
mongo-1   | {"t":{"$date":"2024-02-14T22:21:59.576+00:00"},"s":"I",  "c":"NETWORK",  "id":22943,   "ctx":"listener","msg":"Connection accepted","attr":{"remote":"127.0.0.1:57442","uuid":{"uuid":{"$uuid":"dd469ffa-c6f0-4aaa-a0aa-dccd7db297d6"}},"connectionId":7,"connectionCount":3}}
mongo-1   | {"t":{"$date":"2024-02-14T22:21:59.666+00:00"},"s":"I",  "c":"NETWORK",  "id":51800,   "ctx":"conn6","msg":"client metadata","attr":{"remote":"127.0.0.1:57432","client":"conn6","doc":{"application":{"name":"mongosh 2.1.3"},"driver":{"name":"nodejs|mongosh","version":"6.3.0|2.1.3"},"platform":"Node.js v20.11.0, LE","os":{"name":"linux","architecture":"x64","version":"6.2.0-39-generic","type":"Linux"}}}}
mongo-1   | {"t":{"$date":"2024-02-14T22:21:59.667+00:00"},"s":"I",  "c":"NETWORK",  "id":51800,   "ctx":"conn7","msg":"client metadata","attr":{"remote":"127.0.0.1:57442","client":"conn7","doc":{"application":{"name":"mongosh 2.1.3"},"driver":{"name":"nodejs|mongosh","version":"6.3.0|2.1.3"},"platform":"Node.js v20.11.0, LE","os":{"name":"linux","architecture":"x64","version":"6.2.0-39-generic","type":"Linux"}}}}
mongo-1   | {"t":{"$date":"2024-02-14T22:21:59.670+00:00"},"s":"I",  "c":"NETWORK",  "id":6788700, "ctx":"conn6","msg":"Received first command on ingress connection since session start or auth handshake","attr":{"elapsedMillis":3}}
mongo-1   | {"t":{"$date":"2024-02-14T22:21:59.671+00:00"},"s":"I",  "c":"NETWORK",  "id":22943,   "ctx":"listener","msg":"Connection accepted","attr":{"remote":"127.0.0.1:57458","uuid":{"uuid":{"$uuid":"739450c1-6685-4d04-ae2a-1845d0748d6a"}},"connectionId":8,"connectionCount":4}}
mongo-1   | {"t":{"$date":"2024-02-14T22:21:59.766+00:00"},"s":"I",  "c":"NETWORK",  "id":51800,   "ctx":"conn8","msg":"client metadata","attr":{"remote":"127.0.0.1:57458","client":"conn8","doc":{"application":{"name":"mongosh 2.1.3"},"driver":{"name":"nodejs|mongosh","version":"6.3.0|2.1.3"},"platform":"Node.js v20.11.0, LE","os":{"name":"linux","architecture":"x64","version":"6.2.0-39-generic","type":"Linux"}}}}
mongo-1   | {"t":{"$date":"2024-02-14T22:21:59.768+00:00"},"s":"I",  "c":"NETWORK",  "id":6788700, "ctx":"conn8","msg":"Received first command on ingress connection since session start or auth handshake","attr":{"elapsedMillis":2}}
api-01-1  | 192.168.224.5 -  14/Feb/2024:22:22:00 +0000 "GET /clientes/1/extrato" 404
api-02-1  | 192.168.224.5 -  14/Feb/2024:22:22:02 +0000 "GET /clientes/1/extrato" 404
api-01-1  | 192.168.224.5 -  14/Feb/2024:22:22:04 +0000 "GET /clientes/1/extrato" 404
mongo-1   | admin> ... ... ... ... {"t":{"$date":"2024-02-14T22:22:05.666+00:00"},"s":"I",  "c":"STORAGE",  "id":20320,   "ctx":"conn8","msg":"createCollection","attr":{"namespace":"admin.system.users","uuidDisposition":"generated","uuid":{"uuid":{"$uuid":"bd91ffad-1c97-4fe2-a6dd-b39bea1e23ed"}},"options":{}}}
mongo-1   | {"t":{"$date":"2024-02-14T22:22:05.806+00:00"},"s":"I",  "c":"REPL",     "id":7360102, "ctx":"conn8","msg":"Added oplog entry for create to transaction","attr":{"namespace":"admin.$cmd","uuid":{"uuid":{"$uuid":"bd91ffad-1c97-4fe2-a6dd-b39bea1e23ed"}},"object":{"create":"system.users","idIndex":{"v":2,"key":{"_id":1},"name":"_id_"}}}}
mongo-1   | {"t":{"$date":"2024-02-14T22:22:05.806+00:00"},"s":"I",  "c":"REPL",     "id":7360100, "ctx":"conn8","msg":"Added oplog entry for createIndexes to transaction","attr":{"namespace":"admin.$cmd","uuid":{"uuid":{"$uuid":"bd91ffad-1c97-4fe2-a6dd-b39bea1e23ed"}},"object":{"createIndexes":"system.users","name":"user_1_db_1","key":{"user":1,"db":1},"unique":true,"v":2}}}
mongo-1   | {"t":{"$date":"2024-02-14T22:22:05.852+00:00"},"s":"I",  "c":"INDEX",    "id":20345,   "ctx":"conn8","msg":"Index build: done building","attr":{"buildUUID":null,"collectionUUID":{"uuid":{"$uuid":"bd91ffad-1c97-4fe2-a6dd-b39bea1e23ed"}},"namespace":"admin.system.users","index":"_id_","ident":"index-8-2142148408219172323","collectionIdent":"collection-7-2142148408219172323","commitTimestamp":null}}
mongo-1   | {"t":{"$date":"2024-02-14T22:22:05.852+00:00"},"s":"I",  "c":"INDEX",    "id":20345,   "ctx":"conn8","msg":"Index build: done building","attr":{"buildUUID":null,"collectionUUID":{"uuid":{"$uuid":"bd91ffad-1c97-4fe2-a6dd-b39bea1e23ed"}},"namespace":"admin.system.users","index":"user_1_db_1","ident":"index-9-2142148408219172323","collectionIdent":"collection-7-2142148408219172323","commitTimestamp":null}}
mongo-1   | {"t":{"$date":"2024-02-14T22:22:05.853+00:00"},"s":"I",  "c":"COMMAND",  "id":51803,   "ctx":"conn8","msg":"Slow query","attr":{"type":"command","ns":"admin.system.users","appName":"mongosh 2.1.3","command":{"insert":"system.users","bypassDocumentValidation":false,"ordered":true,"$db":"admin"},"ninserted":1,"keysInserted":2,"numYields":0,"reslen":45,"locks":{"ParallelBatchWriterMode":{"acquireCount":{"r":3}},"FeatureCompatibilityVersion":{"acquireCount":{"w":3}},"ReplicationStateTransition":{"acquireCount":{"w":3}},"Global":{"acquireCount":{"w":3}},"Database":{"acquireCount":{"w":3}},"Collection":{"acquireCount":{"w":3}},"Mutex":{"acquireCount":{"r":1}}},"flowControl":{"acquireCount":4},"storage":{},"cpuNanos":10885274,"remote":"127.0.0.1:57458","protocol":"op_msg","durationMillis":187}}
mongo-1   | {"t":{"$date":"2024-02-14T22:22:05.853+00:00"},"s":"I",  "c":"COMMAND",  "id":51803,   "ctx":"conn8","msg":"Slow query","attr":{"type":"command","ns":"admin.$cmd","appName":"mongosh 2.1.3","command":{"createUser":"root","pwd":"xxx","roles":[{"role":"root","db":"admin"}],"lsid":{"id":{"$uuid":"8d6a5e1a-0c10-4379-99ee-537799c9831e"}},"$db":"admin"},"numYields":0,"reslen":38,"locks":{"ParallelBatchWriterMode":{"acquireCount":{"r":4}},"FeatureCompatibilityVersion":{"acquireCount":{"r":1,"w":4}},"ReplicationStateTransition":{"acquireCount":{"w":4}},"Global":{"acquireCount":{"r":1,"w":4}},"Database":{"acquireCount":{"w":4}},"Collection":{"acquireCount":{"w":4}},"Mutex":{"acquireCount":{"r":1}}},"flowControl":{"acquireCount":4},"storage":{},"cpuNanos":45845805,"remote":"127.0.0.1:57458","protocol":"op_msg","durationMillis":581}}
mongo-1   | { ok: 1 }
mongo-1   | admin> {"t":{"$date":"2024-02-14T22:22:05.967+00:00"},"s":"I",  "c":"-",        "id":20883,   "ctx":"conn5","msg":"Interrupted operation as its client disconnected","attr":{"opId":223}}
mongo-1   | {"t":{"$date":"2024-02-14T22:22:05.968+00:00"},"s":"I",  "c":"NETWORK",  "id":22944,   "ctx":"conn5","msg":"Connection ended","attr":{"remote":"127.0.0.1:57424","uuid":{"uuid":{"$uuid":"65835d1c-4dd1-4089-8d8f-b092b39552ba"}},"connectionId":5,"connectionCount":3}}
mongo-1   | {"t":{"$date":"2024-02-14T22:22:05.969+00:00"},"s":"I",  "c":"NETWORK",  "id":22944,   "ctx":"conn8","msg":"Connection ended","attr":{"remote":"127.0.0.1:57458","uuid":{"uuid":{"$uuid":"739450c1-6685-4d04-ae2a-1845d0748d6a"}},"connectionId":8,"connectionCount":2}}
mongo-1   | {"t":{"$date":"2024-02-14T22:22:05.969+00:00"},"s":"I",  "c":"NETWORK",  "id":22944,   "ctx":"conn7","msg":"Connection ended","attr":{"remote":"127.0.0.1:57442","uuid":{"uuid":{"$uuid":"dd469ffa-c6f0-4aaa-a0aa-dccd7db297d6"}},"connectionId":7,"connectionCount":1}}
mongo-1   | {"t":{"$date":"2024-02-14T22:22:05.970+00:00"},"s":"I",  "c":"NETWORK",  "id":22944,   "ctx":"conn6","msg":"Connection ended","attr":{"remote":"127.0.0.1:57432","uuid":{"uuid":{"$uuid":"941ef482-a7bb-428a-8bb1-72e14ca976ba"}},"connectionId":6,"connectionCount":0}}
mongo-1   | 
mongo-1   | /usr/local/bin/docker-entrypoint.sh: running /docker-entrypoint-initdb.d/mongo-init.js
api-02-1  | 192.168.224.5 -  14/Feb/2024:22:22:06 +0000 "GET /clientes/1/extrato" 404
api-01-1  | 192.168.224.5 -  14/Feb/2024:22:22:08 +0000 "GET /clientes/1/extrato" 404
mongo-1   | {"t":{"$date":"2024-02-14T22:22:10.568+00:00"},"s":"I",  "c":"NETWORK",  "id":22943,   "ctx":"listener","msg":"Connection accepted","attr":{"remote":"127.0.0.1:48760","uuid":{"uuid":{"$uuid":"4c6a8bb1-1c75-4ebb-95a8-b8b9e29dcd2b"}},"connectionId":9,"connectionCount":1}}
mongo-1   | {"t":{"$date":"2024-02-14T22:22:10.572+00:00"},"s":"I",  "c":"NETWORK",  "id":51800,   "ctx":"conn9","msg":"client metadata","attr":{"remote":"127.0.0.1:48760","client":"conn9","doc":{"application":{"name":"mongosh 2.1.3"},"driver":{"name":"nodejs|mongosh","version":"6.3.0|2.1.3"},"platform":"Node.js v20.11.0, LE","os":{"name":"linux","architecture":"x64","version":"6.2.0-39-generic","type":"Linux"}}}}
mongo-1   | {"t":{"$date":"2024-02-14T22:22:10.769+00:00"},"s":"I",  "c":"NETWORK",  "id":22943,   "ctx":"listener","msg":"Connection accepted","attr":{"remote":"127.0.0.1:48766","uuid":{"uuid":{"$uuid":"6967a364-2197-487e-85b7-71010f97630e"}},"connectionId":10,"connectionCount":2}}
mongo-1   | {"t":{"$date":"2024-02-14T22:22:10.770+00:00"},"s":"I",  "c":"NETWORK",  "id":22943,   "ctx":"listener","msg":"Connection accepted","attr":{"remote":"127.0.0.1:48768","uuid":{"uuid":{"$uuid":"4affec1c-dd4a-474a-b1ce-893e6df56d2e"}},"connectionId":11,"connectionCount":3}}
mongo-1   | {"t":{"$date":"2024-02-14T22:22:10.772+00:00"},"s":"I",  "c":"NETWORK",  "id":51800,   "ctx":"conn10","msg":"client metadata","attr":{"remote":"127.0.0.1:48766","client":"conn10","doc":{"application":{"name":"mongosh 2.1.3"},"driver":{"name":"nodejs|mongosh","version":"6.3.0|2.1.3"},"platform":"Node.js v20.11.0, LE","os":{"name":"linux","architecture":"x64","version":"6.2.0-39-generic","type":"Linux"}}}}
mongo-1   | {"t":{"$date":"2024-02-14T22:22:10.773+00:00"},"s":"I",  "c":"NETWORK",  "id":51800,   "ctx":"conn11","msg":"client metadata","attr":{"remote":"127.0.0.1:48768","client":"conn11","doc":{"application":{"name":"mongosh 2.1.3"},"driver":{"name":"nodejs|mongosh","version":"6.3.0|2.1.3"},"platform":"Node.js v20.11.0, LE","os":{"name":"linux","architecture":"x64","version":"6.2.0-39-generic","type":"Linux"}}}}
mongo-1   | {"t":{"$date":"2024-02-14T22:22:10.779+00:00"},"s":"I",  "c":"NETWORK",  "id":22943,   "ctx":"listener","msg":"Connection accepted","attr":{"remote":"127.0.0.1:48772","uuid":{"uuid":{"$uuid":"5f940086-6325-45e4-83ef-b2ce219d9159"}},"connectionId":12,"connectionCount":4}}
mongo-1   | {"t":{"$date":"2024-02-14T22:22:10.866+00:00"},"s":"I",  "c":"NETWORK",  "id":6788700, "ctx":"conn10","msg":"Received first command on ingress connection since session start or auth handshake","attr":{"elapsedMillis":93}}
mongo-1   | {"t":{"$date":"2024-02-14T22:22:10.866+00:00"},"s":"I",  "c":"NETWORK",  "id":51800,   "ctx":"conn12","msg":"client metadata","attr":{"remote":"127.0.0.1:48772","client":"conn12","doc":{"application":{"name":"mongosh 2.1.3"},"driver":{"name":"nodejs|mongosh","version":"6.3.0|2.1.3"},"platform":"Node.js v20.11.0, LE","os":{"name":"linux","architecture":"x64","version":"6.2.0-39-generic","type":"Linux"}}}}
mongo-1   | {"t":{"$date":"2024-02-14T22:22:10.868+00:00"},"s":"I",  "c":"NETWORK",  "id":22943,   "ctx":"listener","msg":"Connection accepted","attr":{"remote":"127.0.0.1:48780","uuid":{"uuid":{"$uuid":"7c6f70f2-6e41-46e1-9aea-fd50c7659d4a"}},"connectionId":13,"connectionCount":5}}
mongo-1   | {"t":{"$date":"2024-02-14T22:22:10.872+00:00"},"s":"I",  "c":"NETWORK",  "id":6788700, "ctx":"conn12","msg":"Received first command on ingress connection since session start or auth handshake","attr":{"elapsedMillis":6}}
mongo-1   | {"t":{"$date":"2024-02-14T22:22:10.873+00:00"},"s":"I",  "c":"NETWORK",  "id":51800,   "ctx":"conn13","msg":"client metadata","attr":{"remote":"127.0.0.1:48780","client":"conn13","doc":{"application":{"name":"mongosh 2.1.3"},"driver":{"name":"nodejs|mongosh","version":"6.3.0|2.1.3"},"platform":"Node.js v20.11.0, LE","os":{"name":"linux","architecture":"x64","version":"6.2.0-39-generic","type":"Linux"}}}}
mongo-1   | {"t":{"$date":"2024-02-14T22:22:10.966+00:00"},"s":"I",  "c":"NETWORK",  "id":6788700, "ctx":"conn13","msg":"Received first command on ingress connection since session start or auth handshake","attr":{"elapsedMillis":92}}
api-02-1  | 192.168.224.5 -  14/Feb/2024:22:22:10 +0000 "GET /clientes/1/extrato" 404
api-01-1  | 192.168.224.5 -  14/Feb/2024:22:22:12 +0000 "GET /clientes/1/extrato" 404
api-02-1  | 192.168.224.5 -  14/Feb/2024:22:22:14 +0000 "GET /clientes/1/extrato" 404
mongo-1   | {"t":{"$date":"2024-02-14T22:22:16.267+00:00"},"s":"I",  "c":"NETWORK",  "id":22943,   "ctx":"listener","msg":"Connection accepted","attr":{"remote":"127.0.0.1:44216","uuid":{"uuid":{"$uuid":"bee7d744-216f-4f7a-8d74-8f1c9c69c6d8"}},"connectionId":14,"connectionCount":6}}
mongo-1   | {"t":{"$date":"2024-02-14T22:22:16.270+00:00"},"s":"I",  "c":"NETWORK",  "id":22943,   "ctx":"listener","msg":"Connection accepted","attr":{"remote":"127.0.0.1:44232","uuid":{"uuid":{"$uuid":"515a980b-8fe6-4939-b00c-cf25ec04bce7"}},"connectionId":15,"connectionCount":7}}
mongo-1   | {"t":{"$date":"2024-02-14T22:22:16.274+00:00"},"s":"I",  "c":"STORAGE",  "id":20320,   "ctx":"conn13","msg":"createCollection","attr":{"namespace":"admin.clientes","uuidDisposition":"generated","uuid":{"uuid":{"$uuid":"7302caf2-4ef6-4bfd-8a46-ebeaa36a0c2f"}},"options":{}}}
mongo-1   | {"t":{"$date":"2024-02-14T22:22:16.370+00:00"},"s":"I",  "c":"NETWORK",  "id":51800,   "ctx":"conn14","msg":"client metadata","attr":{"remote":"127.0.0.1:44216","client":"conn14","doc":{"application":{"name":"mongosh 2.1.3"},"driver":{"name":"nodejs|mongosh","version":"6.3.0|2.1.3"},"platform":"Node.js v20.11.0, LE","os":{"name":"linux","architecture":"x64","version":"6.2.0-39-generic","type":"Linux"}}}}
mongo-1   | {"t":{"$date":"2024-02-14T22:22:16.371+00:00"},"s":"I",  "c":"NETWORK",  "id":51800,   "ctx":"conn15","msg":"client metadata","attr":{"remote":"127.0.0.1:44232","client":"conn15","doc":{"application":{"name":"mongosh 2.1.3"},"driver":{"name":"nodejs|mongosh","version":"6.3.0|2.1.3"},"platform":"Node.js v20.11.0, LE","os":{"name":"linux","architecture":"x64","version":"6.2.0-39-generic","type":"Linux"}}}}
mongo-1   | {"t":{"$date":"2024-02-14T22:22:16.372+00:00"},"s":"I",  "c":"NETWORK",  "id":6788700, "ctx":"conn14","msg":"Received first command on ingress connection since session start or auth handshake","attr":{"elapsedMillis":2}}
mongo-1   | {"t":{"$date":"2024-02-14T22:22:16.373+00:00"},"s":"I",  "c":"NETWORK",  "id":6788700, "ctx":"conn15","msg":"Received first command on ingress connection since session start or auth handshake","attr":{"elapsedMillis":2}}
mongo-1   | {"t":{"$date":"2024-02-14T22:22:16.490+00:00"},"s":"I",  "c":"REPL",     "id":7360102, "ctx":"conn13","msg":"Added oplog entry for create to transaction","attr":{"namespace":"admin.$cmd","uuid":{"uuid":{"$uuid":"7302caf2-4ef6-4bfd-8a46-ebeaa36a0c2f"}},"object":{"create":"clientes","idIndex":{"v":2,"key":{"_id":1},"name":"_id_"}}}}
mongo-1   | {"t":{"$date":"2024-02-14T22:22:16.491+00:00"},"s":"I",  "c":"INDEX",    "id":20345,   "ctx":"conn13","msg":"Index build: done building","attr":{"buildUUID":null,"collectionUUID":{"uuid":{"$uuid":"7302caf2-4ef6-4bfd-8a46-ebeaa36a0c2f"}},"namespace":"admin.clientes","index":"_id_","ident":"index-11-2142148408219172323","collectionIdent":"collection-10-2142148408219172323","commitTimestamp":null}}
mongo-1   | {"t":{"$date":"2024-02-14T22:22:16.491+00:00"},"s":"I",  "c":"COMMAND",  "id":51803,   "ctx":"conn13","msg":"Slow query","attr":{"type":"command","ns":"admin.clientes","appName":"mongosh 2.1.3","command":{"create":"clientes","lsid":{"id":{"$uuid":"cbdd0c40-ac0c-41ea-a546-2971b8859f30"}},"$db":"admin"},"numYields":0,"reslen":38,"locks":{"ParallelBatchWriterMode":{"acquireCount":{"r":1}},"FeatureCompatibilityVersion":{"acquireCount":{"w":1}},"ReplicationStateTransition":{"acquireCount":{"w":1}},"Global":{"acquireCount":{"w":1}},"Database":{"acquireCount":{"w":1}},"Collection":{"acquireCount":{"w":1}},"Mutex":{"acquireCount":{"r":1}}},"flowControl":{"acquireCount":1},"storage":{},"cpuNanos":4440788,"remote":"127.0.0.1:48780","protocol":"op_msg","durationMillis":216}}
mongo-1   | {"t":{"$date":"2024-02-14T22:22:16.567+00:00"},"s":"I",  "c":"STORAGE",  "id":20320,   "ctx":"conn13","msg":"createCollection","attr":{"namespace":"admin.transacoes","uuidDisposition":"generated","uuid":{"uuid":{"$uuid":"b5b6a4c4-6690-4178-b4e5-009b9ca4d191"}},"options":{}}}
mongo-1   | {"t":{"$date":"2024-02-14T22:22:16.611+00:00"},"s":"I",  "c":"REPL",     "id":7360102, "ctx":"conn13","msg":"Added oplog entry for create to transaction","attr":{"namespace":"admin.$cmd","uuid":{"uuid":{"$uuid":"b5b6a4c4-6690-4178-b4e5-009b9ca4d191"}},"object":{"create":"transacoes","idIndex":{"v":2,"key":{"_id":1},"name":"_id_"}}}}
mongo-1   | {"t":{"$date":"2024-02-14T22:22:16.611+00:00"},"s":"I",  "c":"INDEX",    "id":20345,   "ctx":"conn13","msg":"Index build: done building","attr":{"buildUUID":null,"collectionUUID":{"uuid":{"$uuid":"b5b6a4c4-6690-4178-b4e5-009b9ca4d191"}},"namespace":"admin.transacoes","index":"_id_","ident":"index-13-2142148408219172323","collectionIdent":"collection-12-2142148408219172323","commitTimestamp":null}}
mongo-1   | {"t":{"$date":"2024-02-14T22:22:16.674+00:00"},"s":"I",  "c":"NETWORK",  "id":22944,   "ctx":"conn14","msg":"Connection ended","attr":{"remote":"127.0.0.1:44216","uuid":{"uuid":{"$uuid":"bee7d744-216f-4f7a-8d74-8f1c9c69c6d8"}},"connectionId":14,"connectionCount":6}}
mongo-1   | {"t":{"$date":"2024-02-14T22:22:16.674+00:00"},"s":"I",  "c":"NETWORK",  "id":22944,   "ctx":"conn11","msg":"Connection ended","attr":{"remote":"127.0.0.1:48768","uuid":{"uuid":{"$uuid":"4affec1c-dd4a-474a-b1ce-893e6df56d2e"}},"connectionId":11,"connectionCount":5}}
mongo-1   | {"t":{"$date":"2024-02-14T22:22:16.674+00:00"},"s":"I",  "c":"NETWORK",  "id":22944,   "ctx":"conn12","msg":"Connection ended","attr":{"remote":"127.0.0.1:48772","uuid":{"uuid":{"$uuid":"5f940086-6325-45e4-83ef-b2ce219d9159"}},"connectionId":12,"connectionCount":4}}
mongo-1   | {"t":{"$date":"2024-02-14T22:22:16.674+00:00"},"s":"I",  "c":"NETWORK",  "id":22944,   "ctx":"conn15","msg":"Connection ended","attr":{"remote":"127.0.0.1:44232","uuid":{"uuid":{"$uuid":"515a980b-8fe6-4939-b00c-cf25ec04bce7"}},"connectionId":15,"connectionCount":3}}
mongo-1   | {"t":{"$date":"2024-02-14T22:22:16.674+00:00"},"s":"I",  "c":"NETWORK",  "id":22944,   "ctx":"conn10","msg":"Connection ended","attr":{"remote":"127.0.0.1:48766","uuid":{"uuid":{"$uuid":"6967a364-2197-487e-85b7-71010f97630e"}},"connectionId":10,"connectionCount":2}}
mongo-1   | {"t":{"$date":"2024-02-14T22:22:16.674+00:00"},"s":"I",  "c":"-",        "id":20883,   "ctx":"conn9","msg":"Interrupted operation as its client disconnected","attr":{"opId":368}}
mongo-1   | {"t":{"$date":"2024-02-14T22:22:16.674+00:00"},"s":"I",  "c":"NETWORK",  "id":22944,   "ctx":"conn13","msg":"Connection ended","attr":{"remote":"127.0.0.1:48780","uuid":{"uuid":{"$uuid":"7c6f70f2-6e41-46e1-9aea-fd50c7659d4a"}},"connectionId":13,"connectionCount":1}}
mongo-1   | 
mongo-1   | 
mongo-1   | {"t":{"$date":"2024-02-14T22:22:16.675+00:00"},"s":"I",  "c":"NETWORK",  "id":22944,   "ctx":"conn9","msg":"Connection ended","attr":{"remote":"127.0.0.1:48760","uuid":{"uuid":{"$uuid":"4c6a8bb1-1c75-4ebb-95a8-b8b9e29dcd2b"}},"connectionId":9,"connectionCount":0}}
mongo-1   | 
mongo-1   | {"t":{"$date":"2024-02-14T22:22:16.974+00:00"},"s":"I",  "c":"CONTROL",  "id":20698,   "ctx":"main","msg":"***** SERVER RESTARTED *****"}
mongo-1   | {"t":{"$date":"2024-02-14T22:22:16.974+00:00"},"s":"I",  "c":"NETWORK",  "id":4915701, "ctx":"main","msg":"Initialized wire specification","attr":{"spec":{"incomingExternalClient":{"minWireVersion":0,"maxWireVersion":21},"incomingInternalClient":{"minWireVersion":0,"maxWireVersion":21},"outgoing":{"minWireVersion":6,"maxWireVersion":21},"isInternalClient":true}}}
mongo-1   | {"t":{"$date":"2024-02-14T22:22:16.977+00:00"},"s":"I",  "c":"CONTROL",  "id":23285,   "ctx":"main","msg":"Automatically disabling TLS 1.0, to force-enable TLS 1.0 specify --sslDisabledProtocols 'none'"}
mongo-1   | {"t":{"$date":"2024-02-14T22:22:16.977+00:00"},"s":"I",  "c":"NETWORK",  "id":4648601, "ctx":"main","msg":"Implicit TCP FastOpen unavailable. If TCP FastOpen is required, set tcpFastOpenServer, tcpFastOpenClient, and tcpFastOpenQueueSize."}
mongo-1   | {"t":{"$date":"2024-02-14T22:22:16.979+00:00"},"s":"I",  "c":"REPL",     "id":5123008, "ctx":"main","msg":"Successfully registered PrimaryOnlyService","attr":{"service":"TenantMigrationDonorService","namespace":"config.tenantMigrationDonors"}}
mongo-1   | {"t":{"$date":"2024-02-14T22:22:16.979+00:00"},"s":"I",  "c":"REPL",     "id":5123008, "ctx":"main","msg":"Successfully registered PrimaryOnlyService","attr":{"service":"TenantMigrationRecipientService","namespace":"config.tenantMigrationRecipients"}}
mongo-1   | Killing process with pid: 29
api-01-1  | 192.168.224.5 -  14/Feb/2024:22:22:17 +0000 "GET /clientes/1/extrato" 404
mongo-1   | {"t":{"$date":"2024-02-14T22:22:17.065+00:00"},"s":"I",  "c":"CONTROL",  "id":23377,   "ctx":"SignalHandler","msg":"Received signal","attr":{"signal":15,"error":"Terminated"}}
mongo-1   | {"t":{"$date":"2024-02-14T22:22:17.066+00:00"},"s":"I",  "c":"CONTROL",  "id":23378,   "ctx":"SignalHandler","msg":"Signal was sent by kill(2)","attr":{"pid":121,"uid":999}}
mongo-1   | {"t":{"$date":"2024-02-14T22:22:17.066+00:00"},"s":"I",  "c":"CONTROL",  "id":23381,   "ctx":"SignalHandler","msg":"will terminate after current cmd ends"}
mongo-1   | {"t":{"$date":"2024-02-14T22:22:17.066+00:00"},"s":"I",  "c":"REPL",     "id":4784900, "ctx":"SignalHandler","msg":"Stepping down the ReplicationCoordinator for shutdown","attr":{"waitTimeMillis":15000}}
mongo-1   | {"t":{"$date":"2024-02-14T22:22:17.066+00:00"},"s":"I",  "c":"REPL",     "id":4794602, "ctx":"SignalHandler","msg":"Attempting to enter quiesce mode"}
mongo-1   | {"t":{"$date":"2024-02-14T22:22:17.066+00:00"},"s":"I",  "c":"-",        "id":6371601, "ctx":"SignalHandler","msg":"Shutting down the FLE Crud thread pool"}
mongo-1   | {"t":{"$date":"2024-02-14T22:22:17.066+00:00"},"s":"I",  "c":"COMMAND",  "id":4784901, "ctx":"SignalHandler","msg":"Shutting down the MirrorMaestro"}
mongo-1   | {"t":{"$date":"2024-02-14T22:22:17.066+00:00"},"s":"I",  "c":"SHARDING", "id":4784902, "ctx":"SignalHandler","msg":"Shutting down the WaitForMajorityService"}
mongo-1   | {"t":{"$date":"2024-02-14T22:22:17.066+00:00"},"s":"I",  "c":"CONTROL",  "id":4784903, "ctx":"SignalHandler","msg":"Shutting down the LogicalSessionCache"}
mongo-1   | {"t":{"$date":"2024-02-14T22:22:17.067+00:00"},"s":"I",  "c":"NETWORK",  "id":20562,   "ctx":"SignalHandler","msg":"Shutdown: going to close listening sockets"}
mongo-1   | {"t":{"$date":"2024-02-14T22:22:17.067+00:00"},"s":"I",  "c":"NETWORK",  "id":23017,   "ctx":"listener","msg":"removing socket file","attr":{"path":"/tmp/mongodb-27017.sock"}}
mongo-1   | {"t":{"$date":"2024-02-14T22:22:17.067+00:00"},"s":"I",  "c":"NETWORK",  "id":4784905, "ctx":"SignalHandler","msg":"Shutting down the global connection pool"}
mongo-1   | {"t":{"$date":"2024-02-14T22:22:17.067+00:00"},"s":"I",  "c":"CONTROL",  "id":4784906, "ctx":"SignalHandler","msg":"Shutting down the FlowControlTicketholder"}
mongo-1   | {"t":{"$date":"2024-02-14T22:22:17.067+00:00"},"s":"I",  "c":"-",        "id":20520,   "ctx":"SignalHandler","msg":"Stopping further Flow Control ticket acquisitions."}
mongo-1   | {"t":{"$date":"2024-02-14T22:22:17.067+00:00"},"s":"I",  "c":"CONTROL",  "id":4784908, "ctx":"SignalHandler","msg":"Shutting down the PeriodicThreadToAbortExpiredTransactions"}
mongo-1   | {"t":{"$date":"2024-02-14T22:22:17.067+00:00"},"s":"I",  "c":"REPL",     "id":4784909, "ctx":"SignalHandler","msg":"Shutting down the ReplicationCoordinator"}
mongo-1   | {"t":{"$date":"2024-02-14T22:22:17.067+00:00"},"s":"I",  "c":"SHARDING", "id":4784910, "ctx":"SignalHandler","msg":"Shutting down the ShardingInitializationMongoD"}
mongo-1   | {"t":{"$date":"2024-02-14T22:22:17.067+00:00"},"s":"I",  "c":"REPL",     "id":4784911, "ctx":"SignalHandler","msg":"Enqueuing the ReplicationStateTransitionLock for shutdown"}
mongo-1   | {"t":{"$date":"2024-02-14T22:22:17.067+00:00"},"s":"I",  "c":"-",        "id":4784912, "ctx":"SignalHandler","msg":"Killing all operations for shutdown"}
mongo-1   | {"t":{"$date":"2024-02-14T22:22:17.067+00:00"},"s":"I",  "c":"-",        "id":4695300, "ctx":"SignalHandler","msg":"Interrupted all currently running operations","attr":{"opsKilled":3}}
mongo-1   | {"t":{"$date":"2024-02-14T22:22:17.067+00:00"},"s":"I",  "c":"TENANT_M", "id":5093807, "ctx":"SignalHandler","msg":"Shutting down all TenantMigrationAccessBlockers on global shutdown"}
mongo-1   | {"t":{"$date":"2024-02-14T22:22:17.067+00:00"},"s":"I",  "c":"ASIO",     "id":22582,   "ctx":"TenantMigrationBlockerNet","msg":"Killing all outstanding egress activity."}
mongo-1   | {"t":{"$date":"2024-02-14T22:22:17.067+00:00"},"s":"I",  "c":"ASIO",     "id":6529201, "ctx":"SignalHandler","msg":"Network interface redundant shutdown","attr":{"state":"Stopped"}}
mongo-1   | {"t":{"$date":"2024-02-14T22:22:17.067+00:00"},"s":"I",  "c":"ASIO",     "id":22582,   "ctx":"SignalHandler","msg":"Killing all outstanding egress activity."}
mongo-1   | {"t":{"$date":"2024-02-14T22:22:17.067+00:00"},"s":"I",  "c":"COMMAND",  "id":4784913, "ctx":"SignalHandler","msg":"Shutting down all open transactions"}
mongo-1   | {"t":{"$date":"2024-02-14T22:22:17.068+00:00"},"s":"I",  "c":"REPL",     "id":4784914, "ctx":"SignalHandler","msg":"Acquiring the ReplicationStateTransitionLock for shutdown"}
mongo-1   | {"t":{"$date":"2024-02-14T22:22:17.068+00:00"},"s":"I",  "c":"INDEX",    "id":4784915, "ctx":"SignalHandler","msg":"Shutting down the IndexBuildsCoordinator"}
mongo-1   | {"t":{"$date":"2024-02-14T22:22:17.068+00:00"},"s":"I",  "c":"NETWORK",  "id":4784918, "ctx":"SignalHandler","msg":"Shutting down the ReplicaSetMonitor"}
mongo-1   | {"t":{"$date":"2024-02-14T22:22:17.068+00:00"},"s":"I",  "c":"SHARDING", "id":4784921, "ctx":"SignalHandler","msg":"Shutting down the MigrationUtilExecutor"}
mongo-1   | {"t":{"$date":"2024-02-14T22:22:17.068+00:00"},"s":"I",  "c":"ASIO",     "id":22582,   "ctx":"MigrationUtil-TaskExecutor","msg":"Killing all outstanding egress activity."}
mongo-1   | {"t":{"$date":"2024-02-14T22:22:17.068+00:00"},"s":"I",  "c":"COMMAND",  "id":4784923, "ctx":"SignalHandler","msg":"Shutting down the ServiceEntryPoint"}
mongo-1   | {"t":{"$date":"2024-02-14T22:22:17.068+00:00"},"s":"I",  "c":"CONTROL",  "id":4784927, "ctx":"SignalHandler","msg":"Shutting down the HealthLog"}
mongo-1   | {"t":{"$date":"2024-02-14T22:22:17.068+00:00"},"s":"I",  "c":"CONTROL",  "id":4784928, "ctx":"SignalHandler","msg":"Shutting down the TTL monitor"}
mongo-1   | {"t":{"$date":"2024-02-14T22:22:17.068+00:00"},"s":"I",  "c":"INDEX",    "id":3684100, "ctx":"SignalHandler","msg":"Shutting down TTL collection monitor thread"}
