 Network jpaf_rinha  Creating
 Network jpaf_rinha  Created
 Container jpaf-db-1  Creating
 Container jpaf-db-1  Created
 Container jpaf-api01-1  Creating
 Container jpaf-api02-1  Creating
 Container jpaf-api02-1  Created
 Container jpaf-api01-1  Created
 Container jpaf-nginx-1  Creating
 Container jpaf-nginx-1  Created
Attaching to api01-1, api02-1, db-1, nginx-1
db-1     | The files belonging to this database system will be owned by user "postgres".
db-1     | This user must also own the server process.
db-1     | 
db-1     | The database cluster will be initialized with locale "en_US.utf8".
db-1     | The default database encoding has accordingly been set to "UTF8".
db-1     | The default text search configuration will be set to "english".
db-1     | 
db-1     | Data page checksums are disabled.
db-1     | 
db-1     | fixing permissions on existing directory /var/lib/postgresql/data ... ok
db-1     | creating subdirectories ... ok
db-1     | selecting dynamic shared memory implementation ... posix
db-1     | selecting default max_connections ... 100
db-1     | selecting default shared_buffers ... 128MB
db-1     | selecting default time zone ... Etc/UTC
db-1     | creating configuration files ... ok
db-1     | running bootstrap script ... ok
db-1     | performing post-bootstrap initialization ... ok
db-1     | initdb: warning: enabling "trust" authentication for local connections
db-1     | initdb: hint: You can change this by editing pg_hba.conf or using the option -A, or --auth-local and --auth-host, the next time you run initdb.
db-1     | syncing data to disk ... ok
db-1     | 
db-1     | 
db-1     | Success. You can now start the database server using:
db-1     | 
db-1     |     pg_ctl -D /var/lib/postgresql/data -l logfile start
db-1     | 
db-1     | waiting for server to start....2024-02-15 14:31:23.397 UTC [50] LOG:  starting PostgreSQL 16.2 (Debian 16.2-1.pgdg120+2) on x86_64-pc-linux-gnu, compiled by gcc (Debian 12.2.0-14) 12.2.0, 64-bit
db-1     | 2024-02-15 14:31:23.397 UTC [50] LOG:  listening on Unix socket "/var/run/postgresql/.s.PGSQL.5432"
db-1     | 2024-02-15 14:31:23.399 UTC [53] LOG:  database system was shut down at 2024-02-15 14:31:23 UTC
db-1     | 2024-02-15 14:31:23.404 UTC [50] LOG:  database system is ready to accept connections
db-1     |  done
db-1     | server started
db-1     | CREATE DATABASE
db-1     | 
db-1     | 
db-1     | /usr/local/bin/docker-entrypoint.sh: running /docker-entrypoint-initdb.d/init.sql
db-1     | CREATE TABLE
db-1     | CREATE TABLE
db-1     | DO
db-1     | 
db-1     | 
db-1     | /usr/local/bin/docker-entrypoint.sh: ignoring /docker-entrypoint-initdb.d/postgresql.conf
db-1     | 
db-1     | waiting for server to shut down...2024-02-15 14:31:23.743 UTC [50] LOG:  received fast shutdown request
db-1     | .2024-02-15 14:31:23.743 UTC [50] LOG:  aborting any active transactions
db-1     | 2024-02-15 14:31:23.796 UTC [50] LOG:  background worker "logical replication launcher" (PID 56) exited with exit code 1
db-1     | 2024-02-15 14:31:23.796 UTC [51] LOG:  shutting down
db-1     | 2024-02-15 14:31:23.796 UTC [51] LOG:  checkpoint starting: shutdown immediate
db-1     | 2024-02-15 14:31:23.805 UTC [51] LOG:  checkpoint complete: wrote 934 buffers (5.7%); 0 WAL file(s) added, 0 removed, 0 recycled; write=0.009 s, sync=0.001 s, total=0.009 s; sync files=0, longest=0.000 s, average=0.000 s; distance=4286 kB, estimate=4286 kB; lsn=0/191A3B8, redo lsn=0/191A3B8
db-1     | 2024-02-15 14:31:23.819 UTC [50] LOG:  database system is shut down
db-1     |  done
db-1     | server stopped
db-1     | 
db-1     | PostgreSQL init process complete; ready for start up.
db-1     | 
db-1     | 2024-02-15 14:31:23.927 UTC [1] LOG:  starting PostgreSQL 16.2 (Debian 16.2-1.pgdg120+2) on x86_64-pc-linux-gnu, compiled by gcc (Debian 12.2.0-14) 12.2.0, 64-bit
db-1     | 2024-02-15 14:31:23.928 UTC [1] LOG:  listening on IPv4 address "0.0.0.0", port 5432
db-1     | 2024-02-15 14:31:23.928 UTC [1] LOG:  listening on IPv6 address "::", port 5432
db-1     | 2024-02-15 14:31:23.928 UTC [1] LOG:  listening on Unix socket "/var/run/postgresql/.s.PGSQL.5432"
db-1     | 2024-02-15 14:31:23.930 UTC [68] LOG:  database system was shut down at 2024-02-15 14:31:23 UTC
db-1     | 2024-02-15 14:31:23.935 UTC [1] LOG:  database system is ready to accept connections
api01-1  | INFO: 2024/02/15 14:31:27 Config initialized successfully
api01-1  | [GIN-debug] [WARNING] Creating an Engine instance with the Logger and Recovery middleware already attached.
api01-1  | 
api01-1  | [GIN-debug] [WARNING] Running in "debug" mode. Switch to "release" mode in production.
api01-1  |  - using env:	export GIN_MODE=release
api01-1  |  - using code:	gin.SetMode(gin.ReleaseMode)
api01-1  | 
api01-1  | [GIN-debug] POST   /clientes/:id/transacoes  --> github.com/jpalvesfernandes/rinha-backend-2024-q1/handler.CreateTransaction (3 handlers)
api01-1  | [GIN-debug] GET    /clientes/:id/extrato     --> github.com/jpalvesfernandes/rinha-backend-2024-q1/handler.GetStatement (3 handlers)
api01-1  | [GIN-debug] [WARNING] You trusted all proxies, this is NOT safe. We recommend you to set a value.
api01-1  | Please check https://pkg.go.dev/github.com/gin-gonic/gin#readme-don-t-trust-all-proxies for details.
api01-1  | [GIN-debug] Environment variable PORT is undefined. Using port :8080 by default
api01-1  | [GIN-debug] Listening and serving HTTP on :8080
api02-1  | INFO: 2024/02/15 14:31:28 Config initialized successfully
api02-1  | [GIN-debug] [WARNING] Creating an Engine instance with the Logger and Recovery middleware already attached.
api02-1  | 
api02-1  | [GIN-debug] [WARNING] Running in "debug" mode. Switch to "release" mode in production.
api02-1  |  - using env:	export GIN_MODE=release
api02-1  |  - using code:	gin.SetMode(gin.ReleaseMode)
api02-1  | 
api02-1  | [GIN-debug] POST   /clientes/:id/transacoes  --> github.com/jpalvesfernandes/rinha-backend-2024-q1/handler.CreateTransaction (3 handlers)
api02-1  | [GIN-debug] GET    /clientes/:id/extrato     --> github.com/jpalvesfernandes/rinha-backend-2024-q1/handler.GetStatement (3 handlers)
api02-1  | [GIN-debug] [WARNING] You trusted all proxies, this is NOT safe. We recommend you to set a value.
api02-1  | Please check https://pkg.go.dev/github.com/gin-gonic/gin#readme-don-t-trust-all-proxies for details.
api02-1  | [GIN-debug] Environment variable PORT is undefined. Using port :8080 by default
api02-1  | [GIN-debug] Listening and serving HTTP on :8080
nginx-1  | /docker-entrypoint.sh: /docker-entrypoint.d/ is not empty, will attempt to perform configuration
nginx-1  | /docker-entrypoint.sh: Looking for shell scripts in /docker-entrypoint.d/
nginx-1  | /docker-entrypoint.sh: Launching /docker-entrypoint.d/10-listen-on-ipv6-by-default.sh
nginx-1  | 10-listen-on-ipv6-by-default.sh: info: Getting the checksum of /etc/nginx/conf.d/default.conf
nginx-1  | 10-listen-on-ipv6-by-default.sh: info: Enabled listen on IPv6 in /etc/nginx/conf.d/default.conf
nginx-1  | /docker-entrypoint.sh: Sourcing /docker-entrypoint.d/15-local-resolvers.envsh
nginx-1  | /docker-entrypoint.sh: Launching /docker-entrypoint.d/20-envsubst-on-templates.sh
nginx-1  | /docker-entrypoint.sh: Launching /docker-entrypoint.d/30-tune-worker-processes.sh
nginx-1  | /docker-entrypoint.sh: Configuration complete; ready for start up
api01-1  | INFO: 2024/02/15 14:31:29 Account details fetched successfully:  id 1
api01-1  | [GIN] 2024/02/15 - 14:31:29 | 200 |     4.19584ms |      172.30.0.5 | GET      "/clientes/1/extrato"
api02-1  | INFO: 2024/02/15 14:31:29 Account details fetched successfully:  id 1
api02-1  | [GIN] 2024/02/15 - 14:31:29 | 200 |    4.715778ms |      172.30.0.5 | GET      "/clientes/1/extrato"
api02-1  | INFO: 2024/02/15 14:31:37 Transaction created: id: 1 amount: 1 type: d description: validacao
api02-1  | [GIN] 2024/02/15 - 14:31:37 | 200 |    7.095357ms |      172.30.0.5 | POST     "/clientes/1/transacoes"
api01-1  | INFO: 2024/02/15 14:31:37 Transaction created: id: 1 amount: 1 type: d description: validacao
api01-1  | [GIN] 2024/02/15 - 14:31:37 | 200 |   18.534773ms |      172.30.0.5 | POST     "/clientes/1/transacoes"
api01-1  | INFO: 2024/02/15 14:31:37 Transaction created: id: 1 amount: 1 type: d description: validacao
api01-1  | [GIN] 2024/02/15 - 14:31:37 | 200 |   23.427435ms |      172.30.0.5 | POST     "/clientes/1/transacoes"
api02-1  | INFO: 2024/02/15 14:31:37 Transaction created: id: 1 amount: 1 type: d description: validacao
api02-1  | [GIN] 2024/02/15 - 14:31:37 | 200 |    5.150885ms |      172.30.0.5 | POST     "/clientes/1/transacoes"
api01-1  | INFO: 2024/02/15 14:31:37 Transaction created: id: 1 amount: 1 type: d description: validacao
api01-1  | [GIN] 2024/02/15 - 14:31:37 | 200 |    6.006984ms |      172.30.0.5 | POST     "/clientes/1/transacoes"
api01-1  | INFO: 2024/02/15 14:31:37 Transaction created: id: 1 amount: 1 type: d description: validacao
api01-1  | [GIN] 2024/02/15 - 14:31:37 | 200 |     1.60813ms |      172.30.0.5 | POST     "/clientes/1/transacoes"
api01-1  | INFO: 2024/02/15 14:31:37 Transaction created: id: 1 amount: 1 type: d description: validacao
api01-1  | [GIN] 2024/02/15 - 14:31:37 | 200 |    4.518116ms |      172.30.0.5 | POST     "/clientes/1/transacoes"
api02-1  | INFO: 2024/02/15 14:31:37 Transaction created: id: 1 amount: 1 type: d description: validacao
api02-1  | [GIN] 2024/02/15 - 14:31:37 | 200 |    4.451774ms |      172.30.0.5 | POST     "/clientes/1/transacoes"
api02-1  | INFO: 2024/02/15 14:31:37 Transaction created: id: 1 amount: 1 type: d description: validacao
api02-1  | [GIN] 2024/02/15 - 14:31:37 | 200 |   22.216754ms |      172.30.0.5 | POST     "/clientes/1/transacoes"
api01-1  | INFO: 2024/02/15 14:31:37 Transaction created: id: 1 amount: 1 type: d description: validacao
api01-1  | [GIN] 2024/02/15 - 14:31:37 | 200 |   10.263027ms |      172.30.0.5 | POST     "/clientes/1/transacoes"
api01-1  | INFO: 2024/02/15 14:31:37 Transaction created: id: 1 amount: 1 type: d description: validacao
api01-1  | [GIN] 2024/02/15 - 14:31:37 | 200 |    1.516144ms |      172.30.0.5 | POST     "/clientes/1/transacoes"
api01-1  | INFO: 2024/02/15 14:31:37 Transaction created: id: 1 amount: 1 type: d description: validacao
api01-1  | [GIN] 2024/02/15 - 14:31:37 | 200 |   30.065978ms |      172.30.0.5 | POST     "/clientes/1/transacoes"
api02-1  | INFO: 2024/02/15 14:31:37 Transaction created: id: 1 amount: 1 type: d description: validacao
api02-1  | [GIN] 2024/02/15 - 14:31:37 | 200 |   45.192122ms |      172.30.0.5 | POST     "/clientes/1/transacoes"
api02-1  | INFO: 2024/02/15 14:31:37 Transaction created: id: 1 amount: 1 type: d description: validacao
api02-1  | [GIN] 2024/02/15 - 14:31:37 | 200 |   49.030202ms |      172.30.0.5 | POST     "/clientes/1/transacoes"
api02-1  | INFO: 2024/02/15 14:31:37 Transaction created: id: 1 amount: 1 type: d description: validacao
api02-1  | [GIN] 2024/02/15 - 14:31:37 | 200 |   59.975442ms |      172.30.0.5 | POST     "/clientes/1/transacoes"
api02-1  | INFO: 2024/02/15 14:31:37 Transaction created: id: 1 amount: 1 type: d description: validacao
api02-1  | [GIN] 2024/02/15 - 14:31:37 | 200 |   65.350223ms |      172.30.0.5 | POST     "/clientes/1/transacoes"
api02-1  | INFO: 2024/02/15 14:31:37 Transaction created: id: 1 amount: 1 type: d description: validacao
api02-1  | [GIN] 2024/02/15 - 14:31:37 | 200 |   78.374211ms |      172.30.0.5 | POST     "/clientes/1/transacoes"
api02-1  | INFO: 2024/02/15 14:31:37 Transaction created: id: 1 amount: 1 type: d description: validacao
api02-1  | [GIN] 2024/02/15 - 14:31:37 | 200 |   80.138574ms |      172.30.0.5 | POST     "/clientes/1/transacoes"
api01-1  | INFO: 2024/02/15 14:31:37 Transaction created: id: 1 amount: 1 type: d description: validacao
api01-1  | [GIN] 2024/02/15 - 14:31:37 | 200 |  115.125196ms |      172.30.0.5 | POST     "/clientes/1/transacoes"
api01-1  | INFO: 2024/02/15 14:31:37 Transaction created: id: 1 amount: 1 type: d description: validacao
api01-1  | [GIN] 2024/02/15 - 14:31:37 | 200 |  121.169738ms |      172.30.0.5 | POST     "/clientes/1/transacoes"
api02-1  | INFO: 2024/02/15 14:31:37 Transaction created: id: 1 amount: 1 type: d description: validacao
api02-1  | [GIN] 2024/02/15 - 14:31:37 | 200 |    123.4667ms |      172.30.0.5 | POST     "/clientes/1/transacoes"
api01-1  | INFO: 2024/02/15 14:31:37 Transaction created: id: 1 amount: 1 type: d description: validacao
api01-1  | [GIN] 2024/02/15 - 14:31:37 | 200 |  123.969449ms |      172.30.0.5 | POST     "/clientes/1/transacoes"
api01-1  | INFO: 2024/02/15 14:31:37 Transaction created: id: 1 amount: 1 type: d description: validacao
api01-1  | [GIN] 2024/02/15 - 14:31:37 | 200 |  126.289902ms |      172.30.0.5 | POST     "/clientes/1/transacoes"
api02-1  | INFO: 2024/02/15 14:31:37 Transaction created: id: 1 amount: 1 type: d description: validacao
api02-1  | [GIN] 2024/02/15 - 14:31:37 | 200 |   130.23224ms |      172.30.0.5 | POST     "/clientes/1/transacoes"
api01-1  | INFO: 2024/02/15 14:31:37 Transaction created: id: 1 amount: 1 type: d description: validacao
api01-1  | [GIN] 2024/02/15 - 14:31:37 | 200 |  133.714219ms |      172.30.0.5 | POST     "/clientes/1/transacoes"
api02-1  | INFO: 2024/02/15 14:31:38 Account details fetched successfully:  id 1
api02-1  | [GIN] 2024/02/15 - 14:31:38 | 200 |    3.189651ms |      172.30.0.5 | GET      "/clientes/1/extrato"
api02-1  | INFO: 2024/02/15 14:31:39 Transaction created: id: 1 amount: 1 type: c description: validacao
api02-1  | [GIN] 2024/02/15 - 14:31:39 | 200 |    2.995284ms |      172.30.0.5 | POST     "/clientes/1/transacoes"
api01-1  | INFO: 2024/02/15 14:31:39 Transaction created: id: 1 amount: 1 type: c description: validacao
api01-1  | [GIN] 2024/02/15 - 14:31:39 | 200 |    3.638179ms |      172.30.0.5 | POST     "/clientes/1/transacoes"
api01-1  | INFO: 2024/02/15 14:31:39 Transaction created: id: 1 amount: 1 type: c description: validacao
api01-1  | [GIN] 2024/02/15 - 14:31:39 | 200 |    5.955955ms |      172.30.0.5 | POST     "/clientes/1/transacoes"
api02-1  | INFO: 2024/02/15 14:31:39 Transaction created: id: 1 amount: 1 type: c description: validacao
api02-1  | [GIN] 2024/02/15 - 14:31:39 | 200 |    4.624413ms |      172.30.0.5 | POST     "/clientes/1/transacoes"
api02-1  | INFO: 2024/02/15 14:31:39 Transaction created: id: 1 amount: 1 type: c description: validacao
api02-1  | [GIN] 2024/02/15 - 14:31:39 | 200 |     5.60837ms |      172.30.0.5 | POST     "/clientes/1/transacoes"
api01-1  | INFO: 2024/02/15 14:31:39 Transaction created: id: 1 amount: 1 type: c description: validacao
api01-1  | [GIN] 2024/02/15 - 14:31:39 | 200 |    9.525642ms |      172.30.0.5 | POST     "/clientes/1/transacoes"
api01-1  | INFO: 2024/02/15 14:31:39 Transaction created: id: 1 amount: 1 type: c description: validacao
api01-1  | [GIN] 2024/02/15 - 14:31:39 | 200 |   10.432234ms |      172.30.0.5 | POST     "/clientes/1/transacoes"
api02-1  | INFO: 2024/02/15 14:31:39 Transaction created: id: 1 amount: 1 type: c description: validacao
api02-1  | [GIN] 2024/02/15 - 14:31:39 | 200 |    2.469025ms |      172.30.0.5 | POST     "/clientes/1/transacoes"
api01-1  | INFO: 2024/02/15 14:31:39 Transaction created: id: 1 amount: 1 type: c description: validacao
api01-1  | [GIN] 2024/02/15 - 14:31:39 | 200 |    7.125593ms |      172.30.0.5 | POST     "/clientes/1/transacoes"
api02-1  | INFO: 2024/02/15 14:31:39 Transaction created: id: 1 amount: 1 type: c description: validacao
api02-1  | [GIN] 2024/02/15 - 14:31:39 | 200 |   12.447644ms |      172.30.0.5 | POST     "/clientes/1/transacoes"
api01-1  | INFO: 2024/02/15 14:31:39 Transaction created: id: 1 amount: 1 type: c description: validacao
api01-1  | [GIN] 2024/02/15 - 14:31:39 | 200 |    6.981594ms |      172.30.0.5 | POST     "/clientes/1/transacoes"
api02-1  | INFO: 2024/02/15 14:31:39 Transaction created: id: 1 amount: 1 type: c description: validacao
api02-1  | [GIN] 2024/02/15 - 14:31:39 | 200 |    3.621164ms |      172.30.0.5 | POST     "/clientes/1/transacoes"
api01-1  | INFO: 2024/02/15 14:31:39 Transaction created: id: 1 amount: 1 type: c description: validacao
api02-1  | INFO: 2024/02/15 14:31:39 Transaction created: id: 1 amount: 1 type: c description: validacao
api02-1  | [GIN] 2024/02/15 - 14:31:39 | 200 |    3.910214ms |      172.30.0.5 | POST     "/clientes/1/transacoes"
api01-1  | [GIN] 2024/02/15 - 14:31:39 | 200 |    6.780458ms |      172.30.0.5 | POST     "/clientes/1/transacoes"
api01-1  | INFO: 2024/02/15 14:31:39 Transaction created: id: 1 amount: 1 type: c description: validacao
api01-1  | [GIN] 2024/02/15 - 14:31:39 | 200 |    6.642179ms |      172.30.0.5 | POST     "/clientes/1/transacoes"
api02-1  | INFO: 2024/02/15 14:31:39 Transaction created: id: 1 amount: 1 type: c description: validacao
api02-1  | [GIN] 2024/02/15 - 14:31:39 | 200 |    6.876051ms |      172.30.0.5 | POST     "/clientes/1/transacoes"
api02-1  | INFO: 2024/02/15 14:31:39 Transaction created: id: 1 amount: 1 type: c description: validacao
api02-1  | [GIN] 2024/02/15 - 14:31:39 | 200 |    9.625858ms |      172.30.0.5 | POST     "/clientes/1/transacoes"
api01-1  | INFO: 2024/02/15 14:31:39 Transaction created: id: 1 amount: 1 type: c description: validacao
api01-1  | [GIN] 2024/02/15 - 14:31:39 | 200 |   16.968072ms |      172.30.0.5 | POST     "/clientes/1/transacoes"
api02-1  | INFO: 2024/02/15 14:31:39 Transaction created: id: 1 amount: 1 type: c description: validacao
api02-1  | [GIN] 2024/02/15 - 14:31:39 | 200 |   13.190525ms |      172.30.0.5 | POST     "/clientes/1/transacoes"
api02-1  | INFO: 2024/02/15 14:31:39 Transaction created: id: 1 amount: 1 type: c description: validacao
api02-1  | [GIN] 2024/02/15 - 14:31:39 | 200 |   13.463332ms |      172.30.0.5 | POST     "/clientes/1/transacoes"
api01-1  | INFO: 2024/02/15 14:31:39 Transaction created: id: 1 amount: 1 type: c description: validacao
api01-1  | [GIN] 2024/02/15 - 14:31:39 | 200 |   13.927222ms |      172.30.0.5 | POST     "/clientes/1/transacoes"
api01-1  | INFO: 2024/02/15 14:31:39 Transaction created: id: 1 amount: 1 type: c description: validacao
api01-1  | [GIN] 2024/02/15 - 14:31:39 | 200 |   16.913875ms |      172.30.0.5 | POST     "/clientes/1/transacoes"
api01-1  | INFO: 2024/02/15 14:31:39 Transaction created: id: 1 amount: 1 type: c description: validacao
api01-1  | [GIN] 2024/02/15 - 14:31:39 | 200 |   19.350733ms |      172.30.0.5 | POST     "/clientes/1/transacoes"
api01-1  | INFO: 2024/02/15 14:31:39 Transaction created: id: 1 amount: 1 type: c description: validacao
api01-1  | [GIN] 2024/02/15 - 14:31:39 | 200 |   14.629705ms |      172.30.0.5 | POST     "/clientes/1/transacoes"
api02-1  | INFO: 2024/02/15 14:31:39 Transaction created: id: 1 amount: 1 type: c description: validacao
api02-1  | [GIN] 2024/02/15 - 14:31:39 | 200 |   18.429277ms |      172.30.0.5 | POST     "/clientes/1/transacoes"
api02-1  | INFO: 2024/02/15 14:31:40 Account details fetched successfully:  id 1
api02-1  | [GIN] 2024/02/15 - 14:31:40 | 200 |     888.636µs |      172.30.0.5 | GET      "/clientes/1/extrato"
api01-1  | 
api01-1  | 2024/02/15 14:31:41 [31;1m/app/handler/getStatement.go:28 [35;1mrecord not found
api01-1  | [0m[33m[1.909ms] [34;1m[rows:0][0m SELECT * FROM "accounts" WHERE "accounts"."id" = '6' ORDER BY "accounts"."id" LIMIT 1
api01-1  | WARNING: 2024/02/15 14:31:41 Account not found: id 6
api01-1  | ERROR: 2024/02/15 14:31:41 Failed to fetch account details:  id 6
api01-1  | [GIN-debug] [WARNING] Headers were already written. Wanted to override status code 404 with 500
api01-1  | [GIN] 2024/02/15 - 14:31:41 | 404 |    2.194505ms |      172.30.0.5 | GET      "/clientes/6/extrato"
api01-1  | INFO: 2024/02/15 14:31:41 Account details fetched successfully:  id 4
api01-1  | [GIN] 2024/02/15 - 14:31:41 | 200 |    1.648608ms |      172.30.0.5 | GET      "/clientes/4/extrato"
api02-1  | INFO: 2024/02/15 14:31:41 Account details fetched successfully:  id 5
api02-1  | [GIN] 2024/02/15 - 14:31:41 | 200 |    4.563317ms |      172.30.0.5 | GET      "/clientes/5/extrato"
api02-1  | INFO: 2024/02/15 14:31:41 Account details fetched successfully:  id 2
api02-1  | [GIN] 2024/02/15 - 14:31:41 | 200 |    5.029567ms |      172.30.0.5 | GET      "/clientes/2/extrato"
api01-1  | INFO: 2024/02/15 14:31:41 Account details fetched successfully:  id 1
api01-1  | [GIN] 2024/02/15 - 14:31:41 | 200 |    1.196403ms |      172.30.0.5 | GET      "/clientes/1/extrato"
api01-1  | INFO: 2024/02/15 14:31:41 Transaction created: id: 5 amount: 1 type: c description: toma
api01-1  | [GIN] 2024/02/15 - 14:31:41 | 200 |    1.944112ms |      172.30.0.5 | POST     "/clientes/5/transacoes"
api02-1  | INFO: 2024/02/15 14:31:41 Account details fetched successfully:  id 3
api02-1  | [GIN] 2024/02/15 - 14:31:41 | 200 |     782.352µs |      172.30.0.5 | GET      "/clientes/3/extrato"
api02-1  | INFO: 2024/02/15 14:31:41 Transaction created: id: 4 amount: 1 type: c description: toma
api02-1  | [GIN] 2024/02/15 - 14:31:41 | 200 |    1.760023ms |      172.30.0.5 | POST     "/clientes/4/transacoes"
api02-1  | INFO: 2024/02/15 14:31:41 Transaction created: id: 3 amount: 1 type: c description: toma
api02-1  | [GIN] 2024/02/15 - 14:31:41 | 200 |    1.729717ms |      172.30.0.5 | POST     "/clientes/3/transacoes"
api01-1  | INFO: 2024/02/15 14:31:41 Transaction created: id: 2 amount: 1 type: c description: toma
api01-1  | [GIN] 2024/02/15 - 14:31:41 | 200 |    4.088211ms |      172.30.0.5 | POST     "/clientes/2/transacoes"
api01-1  | INFO: 2024/02/15 14:31:41 Transaction created: id: 1 amount: 1 type: c description: toma
api01-1  | [GIN] 2024/02/15 - 14:31:41 | 200 |    1.514777ms |      172.30.0.5 | POST     "/clientes/1/transacoes"
api02-1  | INFO: 2024/02/15 14:31:41 Transaction created: id: 4 amount: 1 type: d description: devolve
api02-1  | [GIN] 2024/02/15 - 14:31:41 | 200 |     1.49569ms |      172.30.0.5 | POST     "/clientes/4/transacoes"
api01-1  | INFO: 2024/02/15 14:31:41 Transaction created: id: 1 amount: 1 type: d description: devolve
api01-1  | [GIN] 2024/02/15 - 14:31:41 | 200 |    1.109656ms |      172.30.0.5 | POST     "/clientes/1/transacoes"
api01-1  | INFO: 2024/02/15 14:31:41 Transaction created: id: 2 amount: 1 type: d description: devolve
api01-1  | [GIN] 2024/02/15 - 14:31:41 | 200 |    1.164747ms |      172.30.0.5 | POST     "/clientes/2/transacoes"
api02-1  | INFO: 2024/02/15 14:31:41 Transaction created: id: 3 amount: 1 type: d description: devolve
api02-1  | [GIN] 2024/02/15 - 14:31:41 | 200 |    2.281627ms |      172.30.0.5 | POST     "/clientes/3/transacoes"
api01-1  | INFO: 2024/02/15 14:31:41 Account details fetched successfully:  id 4
api01-1  | [GIN] 2024/02/15 - 14:31:41 | 200 |     793.533µs |      172.30.0.5 | GET      "/clientes/4/extrato"
api02-1  | INFO: 2024/02/15 14:31:41 Transaction created: id: 5 amount: 1 type: d description: devolve
api02-1  | [GIN] 2024/02/15 - 14:31:41 | 200 |    4.164575ms |      172.30.0.5 | POST     "/clientes/5/transacoes"
api01-1  | INFO: 2024/02/15 14:31:41 Account details fetched successfully:  id 2
api01-1  | [GIN] 2024/02/15 - 14:31:41 | 200 |     835.299µs |      172.30.0.5 | GET      "/clientes/2/extrato"
api02-1  | INFO: 2024/02/15 14:31:41 Account details fetched successfully:  id 3
api02-1  | [GIN] 2024/02/15 - 14:31:41 | 200 |     895.126µs |      172.30.0.5 | GET      "/clientes/3/extrato"
api02-1  | INFO: 2024/02/15 14:31:41 Account details fetched successfully:  id 1
api02-1  | [GIN] 2024/02/15 - 14:31:41 | 200 |    1.385548ms |      172.30.0.5 | GET      "/clientes/1/extrato"
api01-1  | INFO: 2024/02/15 14:31:41 Account details fetched successfully:  id 5
api01-1  | [GIN] 2024/02/15 - 14:31:41 | 200 |     910.687µs |      172.30.0.5 | GET      "/clientes/5/extrato"
api01-1  | ERROR: 2024/02/15 14:31:41 Error binding json: json: cannot unmarshal number 1.2 into Go struct field NewTransaction.valor of type int
api01-1  | [GIN] 2024/02/15 - 14:31:41 | 422 |      700.95µs |      172.30.0.5 | POST     "/clientes/4/transacoes"
api02-1  | ERROR: 2024/02/15 14:31:41 Error binding json: json: cannot unmarshal number 1.2 into Go struct field NewTransaction.valor of type int
api02-1  | [GIN] 2024/02/15 - 14:31:41 | 422 |     768.682µs |      172.30.0.5 | POST     "/clientes/2/transacoes"
api02-1  | ERROR: 2024/02/15 14:31:41 Error binding json: json: cannot unmarshal number 1.2 into Go struct field NewTransaction.valor of type int
api02-1  | [GIN] 2024/02/15 - 14:31:41 | 422 |    2.108067ms |      172.30.0.5 | POST     "/clientes/3/transacoes"
api01-1  | ERROR: 2024/02/15 14:31:41 Error validating transaction: tipo must be 'd' or 'c'
api01-1  | [GIN] 2024/02/15 - 14:31:41 | 422 |     781.682µs |      172.30.0.5 | POST     "/clientes/3/transacoes"
api01-1  | ERROR: 2024/02/15 14:31:41 Error validating transaction: tipo must be 'd' or 'c'
api01-1  | [GIN] 2024/02/15 - 14:31:41 | 422 |     786.673µs |      172.30.0.5 | POST     "/clientes/2/transacoes"
api02-1  | ERROR: 2024/02/15 14:31:41 Error validating transaction: tipo must be 'd' or 'c'
api02-1  | [GIN] 2024/02/15 - 14:31:41 | 422 |     969.884µs |      172.30.0.5 | POST     "/clientes/4/transacoes"
api02-1  | ERROR: 2024/02/15 14:31:41 Error binding json: json: cannot unmarshal number 1.2 into Go struct field NewTransaction.valor of type int
api02-1  | [GIN] 2024/02/15 - 14:31:41 | 422 |    2.649957ms |      172.30.0.5 | POST     "/clientes/5/transacoes"
api01-1  | ERROR: 2024/02/15 14:31:41 Error validating transaction: descricao must have between 1 to 10 characters
api01-1  | [GIN] 2024/02/15 - 14:31:41 | 422 |     824.084µs |      172.30.0.5 | POST     "/clientes/3/transacoes"
api02-1  | ERROR: 2024/02/15 14:31:41 Error validating transaction: descricao must have between 1 to 10 characters
api02-1  | [GIN] 2024/02/15 - 14:31:41 | 422 |     986.959µs |      172.30.0.5 | POST     "/clientes/2/transacoes"
api01-1  | ERROR: 2024/02/15 14:31:41 Error validating transaction: descricao must have between 1 to 10 characters
api01-1  | [GIN] 2024/02/15 - 14:31:41 | 422 |     783.989µs |      172.30.0.5 | POST     "/clientes/4/transacoes"
api02-1  | ERROR: 2024/02/15 14:31:41 Error validating transaction: tipo must be 'd' or 'c'
api02-1  | [GIN] 2024/02/15 - 14:31:41 | 422 |     956.578µs |      172.30.0.5 | POST     "/clientes/5/transacoes"
api01-1  | ERROR: 2024/02/15 14:31:41 Error binding json: json: cannot unmarshal number 1.2 into Go struct field NewTransaction.valor of type int
api01-1  | [GIN] 2024/02/15 - 14:31:41 | 422 |     667.821µs |      172.30.0.5 | POST     "/clientes/1/transacoes"
api01-1  | ERROR: 2024/02/15 14:31:41 Error validating transaction: descricao must have between 1 to 10 characters
api01-1  | [GIN] 2024/02/15 - 14:31:41 | 422 |     668.583µs |      172.30.0.5 | POST     "/clientes/3/transacoes"
api02-1  | ERROR: 2024/02/15 14:31:41 Error validating transaction: descricao must have between 1 to 10 characters
api02-1  | [GIN] 2024/02/15 - 14:31:41 | 422 |     853.501µs |      172.30.0.5 | POST     "/clientes/4/transacoes"
api02-1  | ERROR: 2024/02/15 14:31:41 Error validating transaction: descricao must have between 1 to 10 characters
api02-1  | [GIN] 2024/02/15 - 14:31:41 | 422 |    1.135987ms |      172.30.0.5 | POST     "/clientes/5/transacoes"
api02-1  | ERROR: 2024/02/15 14:31:41 Error validating transaction: descricao must have between 1 to 10 characters
api02-1  | [GIN] 2024/02/15 - 14:31:41 | 422 |    1.159551ms |      172.30.0.5 | POST     "/clientes/2/transacoes"
api01-1  | ERROR: 2024/02/15 14:31:41 Error validating transaction: descricao must have between 1 to 10 characters
api01-1  | [GIN] 2024/02/15 - 14:31:41 | 422 |      704.07µs |      172.30.0.5 | POST     "/clientes/4/transacoes"
api01-1  | ERROR: 2024/02/15 14:31:41 Error validating transaction: descricao must have between 1 to 10 characters
api01-1  | [GIN] 2024/02/15 - 14:31:41 | 422 |     733.477µs |      172.30.0.5 | POST     "/clientes/3/transacoes"
api02-1  | ERROR: 2024/02/15 14:31:41 Error validating transaction: tipo must be 'd' or 'c'
api01-1  | ERROR: 2024/02/15 14:31:41 Error validating transaction: descricao must have between 1 to 10 characters
api01-1  | [GIN] 2024/02/15 - 14:31:41 | 422 |     920.663µs |      172.30.0.5 | POST     "/clientes/2/transacoes"
api02-1  | [GIN] 2024/02/15 - 14:31:41 | 422 |     1.18006ms |      172.30.0.5 | POST     "/clientes/1/transacoes"
api02-1  | ERROR: 2024/02/15 14:31:41 Error validating transaction: descricao must have between 1 to 10 characters
api02-1  | [GIN] 2024/02/15 - 14:31:41 | 422 |     696.974µs |      172.30.0.5 | POST     "/clientes/5/transacoes"
api01-1  | ERROR: 2024/02/15 14:31:41 Error validating transaction: descricao must have between 1 to 10 characters
api01-1  | [GIN] 2024/02/15 - 14:31:41 | 422 |     665.427µs |      172.30.0.5 | POST     "/clientes/1/transacoes"
api02-1  | ERROR: 2024/02/15 14:31:41 Error validating transaction: descricao must have between 1 to 10 characters
api02-1  | [GIN] 2024/02/15 - 14:31:41 | 422 |     862.399µs |      172.30.0.5 | POST     "/clientes/1/transacoes"
api01-1  | ERROR: 2024/02/15 14:31:41 Error validating transaction: descricao must have between 1 to 10 characters
api01-1  | [GIN] 2024/02/15 - 14:31:41 | 422 |     661.468µs |      172.30.0.5 | POST     "/clientes/5/transacoes"
api02-1  | ERROR: 2024/02/15 14:31:41 Error validating transaction: descricao must have between 1 to 10 characters
api02-1  | [GIN] 2024/02/15 - 14:31:41 | 422 |     765.982µs |      172.30.0.5 | POST     "/clientes/1/transacoes"
api01-1  | INFO: 2024/02/15 14:31:42 Account details fetched successfully:  id 4
api01-1  | [GIN] 2024/02/15 - 14:31:42 | 200 |    1.280969ms |      172.30.0.5 | GET      "/clientes/4/extrato"
api02-1  | INFO: 2024/02/15 14:31:42 Transaction created: id: 4 amount: 1005 type: d description: wAQpG9SfAV
api02-1  | [GIN] 2024/02/15 - 14:31:42 | 200 |    1.152408ms |      172.30.0.5 | POST     "/clientes/4/transacoes"
api01-1  | INFO: 2024/02/15 14:31:42 Transaction created: id: 2 amount: 6256 type: c description: BlCLCJqHmn
api01-1  | [GIN] 2024/02/15 - 14:31:42 | 200 |    1.148545ms |      172.30.0.5 | POST     "/clientes/2/transacoes"
api02-1  | INFO: 2024/02/15 14:31:43 Transaction created: id: 5 amount: 6720 type: c description: V3nvWQ2Fqy
api02-1  | [GIN] 2024/02/15 - 14:31:43 | 200 |    1.171915ms |      172.30.0.5 | POST     "/clientes/5/transacoes"
api01-1  | INFO: 2024/02/15 14:31:43 Account details fetched successfully:  id 3
api01-1  | [GIN] 2024/02/15 - 14:31:43 | 200 |     718.372µs |      172.30.0.5 | GET      "/clientes/3/extrato"
api02-1  | INFO: 2024/02/15 14:31:43 Transaction created: id: 5 amount: 2470 type: d description: sfATCiHmQO
api02-1  | [GIN] 2024/02/15 - 14:31:43 | 200 |    1.294655ms |      172.30.0.5 | POST     "/clientes/5/transacoes"
api01-1  | INFO: 2024/02/15 14:31:43 Transaction created: id: 3 amount: 9917 type: d description: trweuK7LJ0
api01-1  | [GIN] 2024/02/15 - 14:31:43 | 200 |     889.568µs |      172.30.0.5 | POST     "/clientes/3/transacoes"
api02-1  | INFO: 2024/02/15 14:31:44 Transaction created: id: 4 amount: 5371 type: d description: t1nmWmg4bj
api02-1  | [GIN] 2024/02/15 - 14:31:44 | 200 |    1.231009ms |      172.30.0.5 | POST     "/clientes/4/transacoes"
api01-1  | INFO: 2024/02/15 14:31:44 Transaction created: id: 3 amount: 7613 type: c description: rWnx21U1tc
api01-1  | [GIN] 2024/02/15 - 14:31:44 | 200 |    1.150029ms |      172.30.0.5 | POST     "/clientes/3/transacoes"
api02-1  | INFO: 2024/02/15 14:31:44 Transaction created: id: 5 amount: 3670 type: d description: SZwWsBZblH
api02-1  | [GIN] 2024/02/15 - 14:31:44 | 200 |    1.013455ms |      172.30.0.5 | POST     "/clientes/5/transacoes"
api01-1  | INFO: 2024/02/15 14:31:44 Account details fetched successfully:  id 4
api01-1  | [GIN] 2024/02/15 - 14:31:44 | 200 |    1.461039ms |      172.30.0.5 | GET      "/clientes/4/extrato"
api02-1  | INFO: 2024/02/15 14:31:44 Transaction created: id: 5 amount: 7793 type: d description: 8RuHq6QcPN
api02-1  | [GIN] 2024/02/15 - 14:31:44 | 200 |    2.066028ms |      172.30.0.5 | POST     "/clientes/5/transacoes"
api01-1  | INFO: 2024/02/15 14:31:44 Transaction created: id: 3 amount: 5998 type: c description: hy1x2XtIih
api01-1  | [GIN] 2024/02/15 - 14:31:44 | 200 |    3.028942ms |      172.30.0.5 | POST     "/clientes/3/transacoes"
api02-1  | INFO: 2024/02/15 14:31:44 Transaction created: id: 3 amount: 8408 type: d description: WwlDrvVSTg
api02-1  | [GIN] 2024/02/15 - 14:31:44 | 200 |     999.698µs |      172.30.0.5 | POST     "/clientes/3/transacoes"
api01-1  | INFO: 2024/02/15 14:31:44 Transaction created: id: 2 amount: 3189 type: c description: PtgLgwh22U
api01-1  | [GIN] 2024/02/15 - 14:31:44 | 200 |      928.61µs |      172.30.0.5 | POST     "/clientes/2/transacoes"
api02-1  | INFO: 2024/02/15 14:31:44 Transaction created: id: 1 amount: 8193 type: d description: RhZudIDbRC
api02-1  | [GIN] 2024/02/15 - 14:31:44 | 200 |     989.748µs |      172.30.0.5 | POST     "/clientes/1/transacoes"
api01-1  | INFO: 2024/02/15 14:31:45 Transaction created: id: 5 amount: 4901 type: c description: WBa94SsqnD
api01-1  | [GIN] 2024/02/15 - 14:31:45 | 200 |     1.09289ms |      172.30.0.5 | POST     "/clientes/5/transacoes"
api02-1  | INFO: 2024/02/15 14:31:45 Transaction created: id: 4 amount: 7936 type: d description: 6dYwZZ2BNO
api02-1  | [GIN] 2024/02/15 - 14:31:45 | 200 |    1.036355ms |      172.30.0.5 | POST     "/clientes/4/transacoes"
api01-1  | INFO: 2024/02/15 14:31:45 Transaction created: id: 4 amount: 2220 type: d description: JM26Lceiun
api01-1  | [GIN] 2024/02/15 - 14:31:45 | 200 |    1.125741ms |      172.30.0.5 | POST     "/clientes/4/transacoes"
api02-1  | INFO: 2024/02/15 14:31:45 Transaction created: id: 3 amount: 2629 type: c description: kz2yrJtwcS
api02-1  | [GIN] 2024/02/15 - 14:31:45 | 200 |    1.050954ms |      172.30.0.5 | POST     "/clientes/3/transacoes"
api01-1  | INFO: 2024/02/15 14:31:45 Transaction created: id: 1 amount: 7809 type: d description: udgQxN9zDb
api01-1  | [GIN] 2024/02/15 - 14:31:45 | 200 |    1.197521ms |      172.30.0.5 | POST     "/clientes/1/transacoes"
api02-1  | INFO: 2024/02/15 14:31:45 Account details fetched successfully:  id 2
api02-1  | [GIN] 2024/02/15 - 14:31:45 | 200 |    1.200455ms |      172.30.0.5 | GET      "/clientes/2/extrato"
api01-1  | INFO: 2024/02/15 14:31:45 Transaction created: id: 5 amount: 4638 type: c description: XKcBodjRbF
api01-1  | [GIN] 2024/02/15 - 14:31:45 | 200 |    2.413929ms |      172.30.0.5 | POST     "/clientes/5/transacoes"
api02-1  | INFO: 2024/02/15 14:31:45 Transaction created: id: 1 amount: 2538 type: d description: JJLKDrtZXc
api02-1  | [GIN] 2024/02/15 - 14:31:45 | 200 |    1.567483ms |      172.30.0.5 | POST     "/clientes/1/transacoes"
api01-1  | INFO: 2024/02/15 14:31:45 Transaction created: id: 2 amount: 3501 type: d description: Ow2ttdnblX
api01-1  | [GIN] 2024/02/15 - 14:31:45 | 200 |    1.068428ms |      172.30.0.5 | POST     "/clientes/2/transacoes"
api02-1  | INFO: 2024/02/15 14:31:45 Transaction created: id: 2 amount: 9402 type: c description: CLV0kLwtzV
api02-1  | [GIN] 2024/02/15 - 14:31:45 | 200 |    1.785813ms |      172.30.0.5 | POST     "/clientes/2/transacoes"
api01-1  | INFO: 2024/02/15 14:31:45 Transaction created: id: 2 amount: 6014 type: d description: kL4f14pOGt
api01-1  | [GIN] 2024/02/15 - 14:31:45 | 200 |    1.170054ms |      172.30.0.5 | POST     "/clientes/2/transacoes"
api02-1  | INFO: 2024/02/15 14:31:46 Transaction created: id: 2 amount: 2675 type: d description: e02rSrFGTa
api02-1  | [GIN] 2024/02/15 - 14:31:46 | 200 |     1.03862ms |      172.30.0.5 | POST     "/clientes/2/transacoes"
api01-1  | INFO: 2024/02/15 14:31:46 Transaction created: id: 3 amount: 8569 type: c description: QfGo3bbVNV
api01-1  | [GIN] 2024/02/15 - 14:31:46 | 200 |    1.036602ms |      172.30.0.5 | POST     "/clientes/3/transacoes"
api02-1  | INFO: 2024/02/15 14:31:46 Transaction created: id: 3 amount: 7045 type: d description: 9EnkUzIURY
api02-1  | [GIN] 2024/02/15 - 14:31:46 | 200 |     900.131µs |      172.30.0.5 | POST     "/clientes/3/transacoes"
api01-1  | INFO: 2024/02/15 14:31:46 Transaction created: id: 3 amount: 4033 type: d description: vNVbUzyn1W
api01-1  | [GIN] 2024/02/15 - 14:31:46 | 200 |     950.292µs |      172.30.0.5 | POST     "/clientes/3/transacoes"
api02-1  | INFO: 2024/02/15 14:31:46 Transaction created: id: 2 amount: 2456 type: c description: 9fcloCwoCP
api02-1  | [GIN] 2024/02/15 - 14:31:46 | 200 |     905.185µs |      172.30.0.5 | POST     "/clientes/2/transacoes"
api01-1  | INFO: 2024/02/15 14:31:46 Transaction created: id: 5 amount: 6213 type: d description: egKbvgxPvx
api01-1  | [GIN] 2024/02/15 - 14:31:46 | 200 |     952.026µs |      172.30.0.5 | POST     "/clientes/5/transacoes"
api01-1  | INFO: 2024/02/15 14:31:46 Transaction created: id: 4 amount: 589 type: c description: h3PfOTvqS4
api01-1  | [GIN] 2024/02/15 - 14:31:46 | 200 |    1.174096ms |      172.30.0.5 | POST     "/clientes/4/transacoes"
api02-1  | INFO: 2024/02/15 14:31:46 Account details fetched successfully:  id 2
api02-1  | [GIN] 2024/02/15 - 14:31:46 | 200 |     745.812µs |      172.30.0.5 | GET      "/clientes/2/extrato"
api02-1  | INFO: 2024/02/15 14:31:46 Transaction created: id: 1 amount: 4607 type: d description: VRFG0s9DDu
api02-1  | [GIN] 2024/02/15 - 14:31:46 | 200 |    1.295017ms |      172.30.0.5 | POST     "/clientes/1/transacoes"
api01-1  | INFO: 2024/02/15 14:31:46 Transaction created: id: 3 amount: 5258 type: d description: geRY6ptoDF
api01-1  | [GIN] 2024/02/15 - 14:31:46 | 200 |     997.616µs |      172.30.0.5 | POST     "/clientes/3/transacoes"
api02-1  | INFO: 2024/02/15 14:31:46 Transaction created: id: 1 amount: 1330 type: c description: gN7TafS1r6
api02-1  | [GIN] 2024/02/15 - 14:31:46 | 200 |    1.075878ms |      172.30.0.5 | POST     "/clientes/1/transacoes"
api01-1  | INFO: 2024/02/15 14:31:46 Transaction created: id: 2 amount: 1387 type: d description: bbk2MbN7BJ
api01-1  | [GIN] 2024/02/15 - 14:31:46 | 200 |    1.122201ms |      172.30.0.5 | POST     "/clientes/2/transacoes"
api02-1  | INFO: 2024/02/15 14:31:46 Transaction created: id: 1 amount: 4746 type: d description: JIBIkAbCHO
api02-1  | [GIN] 2024/02/15 - 14:31:46 | 200 |     1.00171ms |      172.30.0.5 | POST     "/clientes/1/transacoes"
api01-1  | INFO: 2024/02/15 14:31:46 Transaction created: id: 5 amount: 8416 type: c description: vfeokaWS8T
api01-1  | [GIN] 2024/02/15 - 14:31:46 | 200 |    1.145253ms |      172.30.0.5 | POST     "/clientes/5/transacoes"
api02-1  | INFO: 2024/02/15 14:31:47 Transaction created: id: 3 amount: 4632 type: d description: Ats2KoOQs2
api02-1  | [GIN] 2024/02/15 - 14:31:47 | 200 |     899.825µs |      172.30.0.5 | POST     "/clientes/3/transacoes"
api01-1  | INFO: 2024/02/15 14:31:47 Transaction created: id: 5 amount: 2505 type: d description: IWdT8jshnG
api01-1  | [GIN] 2024/02/15 - 14:31:47 | 200 |    1.054297ms |      172.30.0.5 | POST     "/clientes/5/transacoes"
api02-1  | INFO: 2024/02/15 14:31:47 Transaction created: id: 3 amount: 1150 type: c description: UP8Ivm4oaI
api02-1  | [GIN] 2024/02/15 - 14:31:47 | 200 |     921.504µs |      172.30.0.5 | POST     "/clientes/3/transacoes"
api01-1  | INFO: 2024/02/15 14:31:47 Transaction created: id: 5 amount: 363 type: d description: JH9RqQlTjd
api01-1  | [GIN] 2024/02/15 - 14:31:47 | 200 |    1.268309ms |      172.30.0.5 | POST     "/clientes/5/transacoes"
api02-1  | INFO: 2024/02/15 14:31:47 Transaction created: id: 2 amount: 6146 type: d description: FwPKBvCNBI
api02-1  | [GIN] 2024/02/15 - 14:31:47 | 200 |     958.509µs |      172.30.0.5 | POST     "/clientes/2/transacoes"
api01-1  | INFO: 2024/02/15 14:31:47 Transaction created: id: 3 amount: 4971 type: c description: tkmkkrRZsC
api01-1  | [GIN] 2024/02/15 - 14:31:47 | 200 |   24.547276ms |      172.30.0.5 | POST     "/clientes/3/transacoes"
api02-1  | INFO: 2024/02/15 14:31:47 Transaction created: id: 3 amount: 9625 type: d description: 4jhwQHYhEU
api02-1  | [GIN] 2024/02/15 - 14:31:47 | 200 |      975.38µs |      172.30.0.5 | POST     "/clientes/3/transacoes"
api02-1  | INFO: 2024/02/15 14:31:47 Transaction created: id: 2 amount: 508 type: c description: h4m2r4lc5G
api02-1  | [GIN] 2024/02/15 - 14:31:47 | 200 |    1.462521ms |      172.30.0.5 | POST     "/clientes/2/transacoes"
api01-1  | INFO: 2024/02/15 14:31:47 Account details fetched successfully:  id 3
api01-1  | [GIN] 2024/02/15 - 14:31:47 | 200 |    1.835124ms |      172.30.0.5 | GET      "/clientes/3/extrato"
api01-1  | INFO: 2024/02/15 14:31:47 Transaction created: id: 4 amount: 7586 type: d description: rCEBPiTrSs
api01-1  | [GIN] 2024/02/15 - 14:31:47 | 200 |    2.741687ms |      172.30.0.5 | POST     "/clientes/4/transacoes"
api02-1  | INFO: 2024/02/15 14:31:47 Transaction created: id: 1 amount: 7394 type: d description: qZUZvNjDUQ
api02-1  | [GIN] 2024/02/15 - 14:31:47 | 200 |    1.077979ms |      172.30.0.5 | POST     "/clientes/1/transacoes"
api01-1  | INFO: 2024/02/15 14:31:47 Transaction created: id: 5 amount: 2423 type: c description: JCfeJSC4VX
api01-1  | [GIN] 2024/02/15 - 14:31:47 | 200 |    1.025229ms |      172.30.0.5 | POST     "/clientes/5/transacoes"
api02-1  | INFO: 2024/02/15 14:31:47 Transaction created: id: 2 amount: 624 type: d description: iFi2CuZ70k
api02-1  | [GIN] 2024/02/15 - 14:31:47 | 200 |    1.031466ms |      172.30.0.5 | POST     "/clientes/2/transacoes"
api01-1  | INFO: 2024/02/15 14:31:47 Transaction created: id: 2 amount: 4077 type: d description: Go0eSdOgAN
api01-1  | [GIN] 2024/02/15 - 14:31:47 | 200 |    1.022756ms |      172.30.0.5 | POST     "/clientes/2/transacoes"
api02-1  | INFO: 2024/02/15 14:31:47 Transaction created: id: 4 amount: 842 type: c description: Qzwe8YQU9h
api02-1  | [GIN] 2024/02/15 - 14:31:47 | 200 |    1.100241ms |      172.30.0.5 | POST     "/clientes/4/transacoes"
api01-1  | INFO: 2024/02/15 14:31:47 Transaction created: id: 2 amount: 8340 type: d description: fywYjiEsxr
api01-1  | [GIN] 2024/02/15 - 14:31:47 | 200 |     929.776µs |      172.30.0.5 | POST     "/clientes/2/transacoes"
api02-1  | INFO: 2024/02/15 14:31:48 Transaction created: id: 5 amount: 6078 type: d description: JVfi1tkGYl
api02-1  | [GIN] 2024/02/15 - 14:31:48 | 200 |     992.493µs |      172.30.0.5 | POST     "/clientes/5/transacoes"
api01-1  | INFO: 2024/02/15 14:31:48 Account details fetched successfully:  id 1
api01-1  | [GIN] 2024/02/15 - 14:31:48 | 200 |     970.533µs |      172.30.0.5 | GET      "/clientes/1/extrato"
api02-1  | INFO: 2024/02/15 14:31:48 Transaction created: id: 1 amount: 5995 type: c description: EiBAMaAc3N
api02-1  | [GIN] 2024/02/15 - 14:31:48 | 200 |    1.484358ms |      172.30.0.5 | POST     "/clientes/1/transacoes"
api01-1  | INFO: 2024/02/15 14:31:48 Transaction created: id: 1 amount: 7684 type: d description: ZPyHwhsn9Q
api01-1  | [GIN] 2024/02/15 - 14:31:48 | 200 |    1.048372ms |      172.30.0.5 | POST     "/clientes/1/transacoes"
api02-1  | INFO: 2024/02/15 14:31:48 Transaction created: id: 3 amount: 6048 type: d description: jVGuSkS5UM
api02-1  | [GIN] 2024/02/15 - 14:31:48 | 200 |     1.00521ms |      172.30.0.5 | POST     "/clientes/3/transacoes"
api01-1  | INFO: 2024/02/15 14:31:48 Transaction created: id: 5 amount: 1646 type: c description: 9FW16Ij3nq
api01-1  | [GIN] 2024/02/15 - 14:31:48 | 200 |    1.139536ms |      172.30.0.5 | POST     "/clientes/5/transacoes"
api02-1  | INFO: 2024/02/15 14:31:48 Transaction created: id: 1 amount: 9517 type: d description: uPonyFt7Kw
api02-1  | [GIN] 2024/02/15 - 14:31:48 | 200 |     949.944µs |      172.30.0.5 | POST     "/clientes/1/transacoes"
api01-1  | INFO: 2024/02/15 14:31:48 Transaction created: id: 1 amount: 1066 type: d description: Lsm8A7vC0X
api01-1  | [GIN] 2024/02/15 - 14:31:48 | 200 |     1.03853ms |      172.30.0.5 | POST     "/clientes/1/transacoes"
api02-1  | INFO: 2024/02/15 14:31:48 Transaction created: id: 3 amount: 5359 type: c description: IjTnkF5IjC
api02-1  | [GIN] 2024/02/15 - 14:31:48 | 200 |    1.092166ms |      172.30.0.5 | POST     "/clientes/3/transacoes"
api01-1  | INFO: 2024/02/15 14:31:48 Transaction created: id: 5 amount: 1551 type: d description: NtyTQp9Hlz
api01-1  | [GIN] 2024/02/15 - 14:31:48 | 200 |     954.878µs |      172.30.0.5 | POST     "/clientes/5/transacoes"
api02-1  | INFO: 2024/02/15 14:31:48 Transaction created: id: 3 amount: 5720 type: c description: ZDuTWodbUN
api02-1  | [GIN] 2024/02/15 - 14:31:48 | 200 |    1.649772ms |      172.30.0.5 | POST     "/clientes/3/transacoes"
api01-1  | INFO: 2024/02/15 14:31:48 Account details fetched successfully:  id 5
api01-1  | [GIN] 2024/02/15 - 14:31:48 | 200 |     792.875µs |      172.30.0.5 | GET      "/clientes/5/extrato"
api02-1  | INFO: 2024/02/15 14:31:48 Transaction created: id: 1 amount: 8130 type: d description: uEC17hQnP5
api02-1  | [GIN] 2024/02/15 - 14:31:48 | 200 |    1.706662ms |      172.30.0.5 | POST     "/clientes/1/transacoes"
api01-1  | INFO: 2024/02/15 14:31:48 Transaction created: id: 1 amount: 7590 type: d description: S7SwRACTpa
api01-1  | [GIN] 2024/02/15 - 14:31:48 | 200 |    1.235008ms |      172.30.0.5 | POST     "/clientes/1/transacoes"
api02-1  | INFO: 2024/02/15 14:31:48 Transaction created: id: 2 amount: 3947 type: c description: bycUBQX3XE
api02-1  | [GIN] 2024/02/15 - 14:31:48 | 200 |    1.039471ms |      172.30.0.5 | POST     "/clientes/2/transacoes"
api01-1  | INFO: 2024/02/15 14:31:48 Transaction created: id: 2 amount: 702 type: d description: BQSCgpga24
api01-1  | [GIN] 2024/02/15 - 14:31:48 | 200 |     1.03494ms |      172.30.0.5 | POST     "/clientes/2/transacoes"
api02-1  | INFO: 2024/02/15 14:31:48 Transaction created: id: 3 amount: 8653 type: d description: D6gz8tij4b
api02-1  | [GIN] 2024/02/15 - 14:31:48 | 200 |     1.03321ms |      172.30.0.5 | POST     "/clientes/3/transacoes"
api01-1  | INFO: 2024/02/15 14:31:48 Transaction created: id: 1 amount: 7632 type: c description: hwcAPx4ggb
api01-1  | [GIN] 2024/02/15 - 14:31:48 | 200 |    1.056454ms |      172.30.0.5 | POST     "/clientes/1/transacoes"
api02-1  | INFO: 2024/02/15 14:31:48 Transaction created: id: 5 amount: 2830 type: d description: QALpwRtJKb
api02-1  | [GIN] 2024/02/15 - 14:31:48 | 200 |    1.057813ms |      172.30.0.5 | POST     "/clientes/5/transacoes"
api01-1  | INFO: 2024/02/15 14:31:48 Transaction created: id: 5 amount: 5831 type: d description: GBT1yMYxA5
api01-1  | [GIN] 2024/02/15 - 14:31:48 | 200 |    1.017016ms |      172.30.0.5 | POST     "/clientes/5/transacoes"
api02-1  | INFO: 2024/02/15 14:31:48 Transaction created: id: 1 amount: 6161 type: c description: jBK2BarxfP
api02-1  | [GIN] 2024/02/15 - 14:31:48 | 200 |    1.037645ms |      172.30.0.5 | POST     "/clientes/1/transacoes"
api01-1  | INFO: 2024/02/15 14:31:49 Transaction created: id: 4 amount: 1578 type: d description: 00fVYC8Qoc
api01-1  | [GIN] 2024/02/15 - 14:31:49 | 200 |    1.008516ms |      172.30.0.5 | POST     "/clientes/4/transacoes"
api02-1  | INFO: 2024/02/15 14:31:49 Transaction created: id: 1 amount: 5633 type: d description: q2Q1MjKoSH
api02-1  | [GIN] 2024/02/15 - 14:31:49 | 200 |    1.058496ms |      172.30.0.5 | POST     "/clientes/1/transacoes"
api01-1  | INFO: 2024/02/15 14:31:49 Transaction created: id: 3 amount: 1737 type: c description: m3tnLv3vgK
api01-1  | [GIN] 2024/02/15 - 14:31:49 | 200 |     935.322µs |      172.30.0.5 | POST     "/clientes/3/transacoes"
api02-1  | INFO: 2024/02/15 14:31:49 Transaction created: id: 4 amount: 67 type: d description: xACfNJy0Gh
api02-1  | [GIN] 2024/02/15 - 14:31:49 | 200 |    1.044068ms |      172.30.0.5 | POST     "/clientes/4/transacoes"
api01-1  | INFO: 2024/02/15 14:31:49 Transaction created: id: 2 amount: 4175 type: d description: z21C6CRedi
api01-1  | [GIN] 2024/02/15 - 14:31:49 | 200 |     930.191µs |      172.30.0.5 | POST     "/clientes/2/transacoes"
api02-1  | INFO: 2024/02/15 14:31:49 Transaction created: id: 3 amount: 5719 type: c description: fi5gM33LxV
api02-1  | [GIN] 2024/02/15 - 14:31:49 | 200 |     945.781µs |      172.30.0.5 | POST     "/clientes/3/transacoes"
api01-1  | INFO: 2024/02/15 14:31:49 Transaction created: id: 4 amount: 3280 type: d description: 6udMJFpP0l
api01-1  | [GIN] 2024/02/15 - 14:31:49 | 200 |     881.663µs |      172.30.0.5 | POST     "/clientes/4/transacoes"
api02-1  | INFO: 2024/02/15 14:31:49 Transaction created: id: 2 amount: 7398 type: d description: H99mx55SgL
api02-1  | [GIN] 2024/02/15 - 14:31:49 | 200 |    1.020247ms |      172.30.0.5 | POST     "/clientes/2/transacoes"
api01-1  | INFO: 2024/02/15 14:31:49 Transaction created: id: 3 amount: 4042 type: c description: LT1WQGklAD
api01-1  | [GIN] 2024/02/15 - 14:31:49 | 200 |     985.924µs |      172.30.0.5 | POST     "/clientes/3/transacoes"
api02-1  | INFO: 2024/02/15 14:31:49 Transaction created: id: 2 amount: 1395 type: d description: LUv7g4Vo0t
api02-1  | [GIN] 2024/02/15 - 14:31:49 | 200 |     1.03122ms |      172.30.0.5 | POST     "/clientes/2/transacoes"
api02-1  | INFO: 2024/02/15 14:31:49 Account details fetched successfully:  id 5
api02-1  | [GIN] 2024/02/15 - 14:31:49 | 200 |    1.229053ms |      172.30.0.5 | GET      "/clientes/5/extrato"
api01-1  | INFO: 2024/02/15 14:31:49 Transaction created: id: 2 amount: 3965 type: c description: kl4JzO1Akf
api01-1  | [GIN] 2024/02/15 - 14:31:49 | 200 |    2.467405ms |      172.30.0.5 | POST     "/clientes/2/transacoes"
api01-1  | INFO: 2024/02/15 14:31:49 Transaction created: id: 5 amount: 7754 type: d description: 8BF0veWZbe
api01-1  | [GIN] 2024/02/15 - 14:31:49 | 200 |    2.920366ms |      172.30.0.5 | POST     "/clientes/5/transacoes"
api02-1  | INFO: 2024/02/15 14:31:49 Transaction created: id: 1 amount: 6968 type: d description: YoTgaN9Aur
api02-1  | [GIN] 2024/02/15 - 14:31:49 | 200 |     994.511µs |      172.30.0.5 | POST     "/clientes/1/transacoes"
