 Network lucassperez-go-crebito_default  Creating
 Network lucassperez-go-crebito_default  Created
 Container lucassperez-go-crebito-db-1  Creating
 Container lucassperez-go-crebito-db-1  Created
 Container lucassperez-go-crebito-api1-1  Creating
 Container lucassperez-go-crebito-api2-1  Creating
 Container lucassperez-go-crebito-api1-1  Created
 Container lucassperez-go-crebito-api2-1  Created
 Container lucassperez-go-crebito-nginx-1  Creating
 Container lucassperez-go-crebito-nginx-1  Created
Attaching to api1-1, api2-1, db-1, nginx-1
db-1     | The files belonging to this database system will be owned by user "postgres".
db-1     | This user must also own the server process.
db-1     | 
db-1     | The database cluster will be initialized with locale "en_US.utf8".
db-1     | The default database encoding has accordingly been set to "UTF8".
db-1     | The default text search configuration will be set to "english".
db-1     | 
db-1     | Data page checksums are disabled.
db-1     | 
db-1     | fixing permissions on existing directory /var/lib/postgresql/data ... ok
db-1     | creating subdirectories ... ok
db-1     | selecting dynamic shared memory implementation ... posix
db-1     | selecting default max_connections ... 100
db-1     | selecting default shared_buffers ... 128MB
db-1     | selecting default time zone ... Etc/UTC
db-1     | creating configuration files ... ok
db-1     | running bootstrap script ... ok
api2-1   | [18:02:39/2024-02-23] Starting the server at port 4000
api1-1   | [18:02:39/2024-02-23] Starting the server at port 4000
db-1     | performing post-bootstrap initialization ... ok
nginx-1  | /docker-entrypoint.sh: /docker-entrypoint.d/ is not empty, will attempt to perform configuration
nginx-1  | /docker-entrypoint.sh: Looking for shell scripts in /docker-entrypoint.d/
nginx-1  | /docker-entrypoint.sh: Launching /docker-entrypoint.d/10-listen-on-ipv6-by-default.sh
nginx-1  | 10-listen-on-ipv6-by-default.sh: info: Getting the checksum of /etc/nginx/conf.d/default.conf
nginx-1  | 10-listen-on-ipv6-by-default.sh: info: Enabled listen on IPv6 in /etc/nginx/conf.d/default.conf
nginx-1  | /docker-entrypoint.sh: Sourcing /docker-entrypoint.d/15-local-resolvers.envsh
nginx-1  | /docker-entrypoint.sh: Launching /docker-entrypoint.d/20-envsubst-on-templates.sh
nginx-1  | /docker-entrypoint.sh: Launching /docker-entrypoint.d/30-tune-worker-processes.sh
nginx-1  | /docker-entrypoint.sh: Configuration complete; ready for start up
db-1     | initdb: warning: enabling "trust" authentication for local connections
db-1     | You can change this by editing pg_hba.conf or using the option -A, or
db-1     | --auth-local and --auth-host, the next time you run initdb.
db-1     | syncing data to disk ... ok
db-1     | 
db-1     | 
db-1     | Success. You can now start the database server using:
db-1     | 
db-1     |     pg_ctl -D /var/lib/postgresql/data -l logfile start
db-1     | 
db-1     | waiting for server to start....2024-02-23 18:02:41.107 UTC [48] LOG:  starting PostgreSQL 14.11 (Debian 14.11-1.pgdg120+2) on x86_64-pc-linux-gnu, compiled by gcc (Debian 12.2.0-14) 12.2.0, 64-bit
db-1     | 2024-02-23 18:02:41.110 UTC [48] LOG:  listening on Unix socket "/var/run/postgresql/.s.PGSQL.5432"
db-1     | 2024-02-23 18:02:41.118 UTC [49] LOG:  database system was shut down at 2024-02-23 18:02:39 UTC
db-1     | 2024-02-23 18:02:41.124 UTC [48] LOG:  database system is ready to accept connections
db-1     |  done
db-1     | server started
db-1     | CREATE DATABASE
db-1     | 
db-1     | 
db-1     | /usr/local/bin/docker-entrypoint.sh: running /docker-entrypoint-initdb.d/1-init.sql
db-1     | CREATE TABLE
db-1     | CREATE TYPE
db-1     | CREATE TABLE
db-1     | 
db-1     | 
db-1     | /usr/local/bin/docker-entrypoint.sh: running /docker-entrypoint-initdb.d/2-seed.sql
db-1     | INSERT 0 5
db-1     | 
db-1     | 
db-1     | waiting for server to shut down...2024-02-23 18:02:41.777 UTC [48] LOG:  received fast shutdown request
db-1     | .2024-02-23 18:02:41.782 UTC [48] LOG:  aborting any active transactions
db-1     | 2024-02-23 18:02:41.784 UTC [48] LOG:  background worker "logical replication launcher" (PID 55) exited with exit code 1
db-1     | 2024-02-23 18:02:41.784 UTC [50] LOG:  shutting down
db-1     | 2024-02-23 18:02:41.902 UTC [48] LOG:  database system is shut down
db-1     |  done
db-1     | server stopped
db-1     | 
db-1     | PostgreSQL init process complete; ready for start up.
db-1     | 
db-1     | 2024-02-23 18:02:42.002 UTC [1] LOG:  starting PostgreSQL 14.11 (Debian 14.11-1.pgdg120+2) on x86_64-pc-linux-gnu, compiled by gcc (Debian 12.2.0-14) 12.2.0, 64-bit
db-1     | 2024-02-23 18:02:42.002 UTC [1] LOG:  listening on IPv4 address "0.0.0.0", port 5432
db-1     | 2024-02-23 18:02:42.002 UTC [1] LOG:  listening on IPv6 address "::", port 5432
db-1     | 2024-02-23 18:02:42.007 UTC [1] LOG:  listening on Unix socket "/var/run/postgresql/.s.PGSQL.5432"
db-1     | 2024-02-23 18:02:42.014 UTC [67] LOG:  database system was shut down at 2024-02-23 18:02:41 UTC
db-1     | 2024-02-23 18:02:42.021 UTC [1] LOG:  database system is ready to accept connections
api1-1   | [18:02:42/2024-02-23] [36m"[35;1mGET[0;36m /clientes/1/extrato"[0m
api1-1   | [18:02:42/2024-02-23] [36m"[35;1mGET[0;36m /clientes/1/extrato"[0m
api2-1   | [18:02:47/2024-02-23] [36m"[35;1mPOST[0;36m /clientes/1/transacoes"[0m {"valor": 1, "tipo": "d", "descricao": "validacao"}
api2-1   | [18:02:47/2024-02-23] [36m"[35;1mPOST[0;36m /clientes/1/transacoes"[0m {"valor": 1, "tipo": "d", "descricao": "validacao"}
api2-1   | [18:02:47/2024-02-23] [36m"[35;1mPOST[0;36m /clientes/1/transacoes"[0m {"valor": 1, "tipo": "d", "descricao": "validacao"}
api1-1   | [18:02:47/2024-02-23] [36m"[35;1mPOST[0;36m /clientes/1/transacoes"[0m {"valor": 1, "tipo": "d", "descricao": "validacao"}
api1-1   | [18:02:47/2024-02-23] [36m"[35;1mPOST[0;36m /clientes/1/transacoes"[0m {"valor": 1, "tipo": "d", "descricao": "validacao"}
api1-1   | [18:02:47/2024-02-23] [36m"[35;1mPOST[0;36m /clientes/1/transacoes"[0m {"valor": 1, "tipo": "d", "descricao": "validacao"}
api1-1   | [18:02:47/2024-02-23] [36m"[35;1mPOST[0;36m /clientes/1/transacoes"[0m {"valor": 1, "tipo": "d", "descricao": "validacao"}
api1-1   | [18:02:47/2024-02-23] [36m"[35;1mPOST[0;36m /clientes/1/transacoes"[0m {"valor": 1, "tipo": "d", "descricao": "validacao"}
api1-1   | [18:02:47/2024-02-23] [36m"[35;1mPOST[0;36m /clientes/1/transacoes"[0m {"valor": 1, "tipo": "d", "descricao": "validacao"}
api1-1   | [18:02:47/2024-02-23] [36m"[35;1mPOST[0;36m /clientes/1/transacoes"[0m {"valor": 1, "tipo": "d", "descricao": "validacao"}
api2-1   | [18:02:47/2024-02-23] [36m"[35;1mPOST[0;36m /clientes/1/transacoes"[0m {"valor": 1, "tipo": "d", "descricao": "validacao"}
api2-1   | [18:02:47/2024-02-23] [36m"[35;1mPOST[0;36m /clientes/1/transacoes"[0m {"valor": 1, "tipo": "d", "descricao": "validacao"}
api2-1   | [18:02:47/2024-02-23] [36m"[35;1mPOST[0;36m /clientes/1/transacoes"[0m {"valor": 1, "tipo": "d", "descricao": "validacao"}
api2-1   | [18:02:47/2024-02-23] [36m"[35;1mPOST[0;36m /clientes/1/transacoes"[0m {"valor": 1, "tipo": "d", "descricao": "validacao"}
api2-1   | [18:02:47/2024-02-23] [36m"[35;1mPOST[0;36m /clientes/1/transacoes"[0m {"valor": 1, "tipo": "d", "descricao": "validacao"}
api2-1   | [18:02:47/2024-02-23] [36m"[35;1mPOST[0;36m /clientes/1/transacoes"[0m {"valor": 1, "tipo": "d", "descricao": "validacao"}
api2-1   | [18:02:47/2024-02-23] [36m"[35;1mPOST[0;36m /clientes/1/transacoes"[0m {"valor": 1, "tipo": "d", "descricao": "validacao"}
api2-1   | [18:02:47/2024-02-23] [36m"[35;1mPOST[0;36m /clientes/1/transacoes"[0m {"valor": 1, "tipo": "d", "descricao": "validacao"}
api2-1   | [18:02:47/2024-02-23] [36m"[35;1mPOST[0;36m /clientes/1/transacoes"[0m {"valor": 1, "tipo": "d", "descricao": "validacao"}
api2-1   | [18:02:47/2024-02-23] [36m"[35;1mPOST[0;36m /clientes/1/transacoes"[0m {"valor": 1, "tipo": "d", "descricao": "validacao"}
api1-1   | [18:02:47/2024-02-23] [36m"[35;1mPOST[0;36m /clientes/1/transacoes"[0m {"valor": 1, "tipo": "d", "descricao": "validacao"}
api1-1   | [18:02:47/2024-02-23] [36m"[35;1mPOST[0;36m /clientes/1/transacoes"[0m {"valor": 1, "tipo": "d", "descricao": "validacao"}
api1-1   | [18:02:47/2024-02-23] [36m"[35;1mPOST[0;36m /clientes/1/transacoes"[0m {"valor": 1, "tipo": "d", "descricao": "validacao"}
api1-1   | [18:02:47/2024-02-23] [36m"[35;1mPOST[0;36m /clientes/1/transacoes"[0m {"valor": 1, "tipo": "d", "descricao": "validacao"}
api1-1   | [18:02:47/2024-02-23] [36m"[35;1mPOST[0;36m /clientes/1/transacoes"[0m {"valor": 1, "tipo": "d", "descricao": "validacao"}
api1-1   | [18:02:48/2024-02-23] [36m"[35;1mGET[0;36m /clientes/1/extrato"[0m
api1-1   | [18:02:49/2024-02-23] [36m"[35;1mPOST[0;36m /clientes/1/transacoes"[0m {"valor": 1, "tipo": "c", "descricao": "validacao"}
api1-1   | [18:02:49/2024-02-23] [36m"[35;1mPOST[0;36m /clientes/1/transacoes"[0m {"valor": 1, "tipo": "c", "descricao": "validacao"}
api2-1   | [18:02:49/2024-02-23] [36m"[35;1mPOST[0;36m /clientes/1/transacoes"[0m {"valor": 1, "tipo": "c", "descricao": "validacao"}
api2-1   | [18:02:49/2024-02-23] [36m"[35;1mPOST[0;36m /clientes/1/transacoes"[0m {"valor": 1, "tipo": "c", "descricao": "validacao"}
api2-1   | [18:02:49/2024-02-23] [36m"[35;1mPOST[0;36m /clientes/1/transacoes"[0m {"valor": 1, "tipo": "c", "descricao": "validacao"}
api2-1   | [18:02:49/2024-02-23] [36m"[35;1mPOST[0;36m /clientes/1/transacoes"[0m {"valor": 1, "tipo": "c", "descricao": "validacao"}
api2-1   | [18:02:49/2024-02-23] [36m"[35;1mPOST[0;36m /clientes/1/transacoes"[0m {"valor": 1, "tipo": "c", "descricao": "validacao"}
api2-1   | [18:02:49/2024-02-23] [36m"[35;1mPOST[0;36m /clientes/1/transacoes"[0m {"valor": 1, "tipo": "c", "descricao": "validacao"}
api1-1   | [18:02:49/2024-02-23] [36m"[35;1mPOST[0;36m /clientes/1/transacoes"[0m {"valor": 1, "tipo": "c", "descricao": "validacao"}
api1-1   | [18:02:49/2024-02-23] [36m"[35;1mPOST[0;36m /clientes/1/transacoes"[0m {"valor": 1, "tipo": "c", "descricao": "validacao"}
api1-1   | [18:02:49/2024-02-23] [36m"[35;1mPOST[0;36m /clientes/1/transacoes"[0m {"valor": 1, "tipo": "c", "descricao": "validacao"}
api1-1   | [18:02:49/2024-02-23] [36m"[35;1mPOST[0;36m /clientes/1/transacoes"[0m {"valor": 1, "tipo": "c", "descricao": "validacao"}
api2-1   | [18:02:49/2024-02-23] [36m"[35;1mPOST[0;36m /clientes/1/transacoes"[0m {"valor": 1, "tipo": "c", "descricao": "validacao"}
api2-1   | [18:02:49/2024-02-23] [36m"[35;1mPOST[0;36m /clientes/1/transacoes"[0m {"valor": 1, "tipo": "c", "descricao": "validacao"}
api2-1   | [18:02:49/2024-02-23] [36m"[35;1mPOST[0;36m /clientes/1/transacoes"[0m {"valor": 1, "tipo": "c", "descricao": "validacao"}
api2-1   | [18:02:49/2024-02-23] [36m"[35;1mPOST[0;36m /clientes/1/transacoes"[0m {"valor": 1, "tipo": "c", "descricao": "validacao"}
api1-1   | [18:02:49/2024-02-23] [36m"[35;1mPOST[0;36m /clientes/1/transacoes"[0m {"valor": 1, "tipo": "c", "descricao": "validacao"}
api1-1   | [18:02:49/2024-02-23] [36m"[35;1mPOST[0;36m /clientes/1/transacoes"[0m {"valor": 1, "tipo": "c", "descricao": "validacao"}
api1-1   | [18:02:49/2024-02-23] [36m"[35;1mPOST[0;36m /clientes/1/transacoes"[0m {"valor": 1, "tipo": "c", "descricao": "validacao"}
api1-1   | [18:02:49/2024-02-23] [36m"[35;1mPOST[0;36m /clientes/1/transacoes"[0m {"valor": 1, "tipo": "c", "descricao": "validacao"}
api2-1   | [18:02:49/2024-02-23] [36m"[35;1mPOST[0;36m /clientes/1/transacoes"[0m {"valor": 1, "tipo": "c", "descricao": "validacao"}
api2-1   | [18:02:49/2024-02-23] [36m"[35;1mPOST[0;36m /clientes/1/transacoes"[0m {"valor": 1, "tipo": "c", "descricao": "validacao"}
api2-1   | [18:02:49/2024-02-23] [36m"[35;1mPOST[0;36m /clientes/1/transacoes"[0m {"valor": 1, "tipo": "c", "descricao": "validacao"}
api1-1   | [18:02:49/2024-02-23] [36m"[35;1mPOST[0;36m /clientes/1/transacoes"[0m {"valor": 1, "tipo": "c", "descricao": "validacao"}
api1-1   | [18:02:49/2024-02-23] [36m"[35;1mPOST[0;36m /clientes/1/transacoes"[0m {"valor": 1, "tipo": "c", "descricao": "validacao"}
api1-1   | [18:02:50/2024-02-23] [36m"[35;1mGET[0;36m /clientes/1/extrato"[0m
api2-1   | [18:02:51/2024-02-23] [36m"[35;1mGET[0;36m /clientes/6/extrato"[0m
api2-1   | [18:02:51/2024-02-23] cliente with id `6` not found: resource could not be found
api2-1   | [18:02:51/2024-02-23] [36m"[35;1mGET[0;36m /clientes/5/extrato"[0m
api2-1   | [18:02:51/2024-02-23] [36m"[35;1mGET[0;36m /clientes/3/extrato"[0m
api1-1   | [18:02:51/2024-02-23] [36m"[35;1mGET[0;36m /clientes/1/extrato"[0m
api1-1   | [18:02:51/2024-02-23] [36m"[35;1mGET[0;36m /clientes/4/extrato"[0m
api1-1   | [18:02:51/2024-02-23] [36m"[35;1mGET[0;36m /clientes/2/extrato"[0m
api2-1   | [18:02:51/2024-02-23] [36m"[35;1mPOST[0;36m /clientes/4/transacoes"[0m {"valor": 1, "tipo": "c", "descricao": "toma"}
api1-1   | [18:02:51/2024-02-23] [36m"[35;1mPOST[0;36m /clientes/5/transacoes"[0m {"valor": 1, "tipo": "c", "descricao": "toma"}
api1-1   | [18:02:51/2024-02-23] [36m"[35;1mPOST[0;36m /clientes/3/transacoes"[0m {"valor": 1, "tipo": "c", "descricao": "toma"}
api2-1   | [18:02:51/2024-02-23] [36m"[35;1mPOST[0;36m /clientes/2/transacoes"[0m {"valor": 1, "tipo": "c", "descricao": "toma"}
api2-1   | [18:02:51/2024-02-23] [36m"[35;1mPOST[0;36m /clientes/1/transacoes"[0m {"valor": 1, "tipo": "c", "descricao": "toma"}
api2-1   | [18:02:51/2024-02-23] [36m"[35;1mPOST[0;36m /clientes/4/transacoes"[0m {"valor": 1, "tipo": "d", "descricao": "devolve"}
api2-1   | [18:02:51/2024-02-23] [36m"[35;1mPOST[0;36m /clientes/1/transacoes"[0m {"valor": 1, "tipo": "d", "descricao": "devolve"}
api1-1   | [18:02:51/2024-02-23] [36m"[35;1mPOST[0;36m /clientes/5/transacoes"[0m {"valor": 1, "tipo": "d", "descricao": "devolve"}
api1-1   | [18:02:51/2024-02-23] [36m"[35;1mPOST[0;36m /clientes/2/transacoes"[0m {"valor": 1, "tipo": "d", "descricao": "devolve"}
api1-1   | [18:02:51/2024-02-23] [36m"[35;1mPOST[0;36m /clientes/3/transacoes"[0m {"valor": 1, "tipo": "d", "descricao": "devolve"}
api2-1   | [18:02:51/2024-02-23] [36m"[35;1mGET[0;36m /clientes/4/extrato"[0m
api1-1   | [18:02:51/2024-02-23] [36m"[35;1mGET[0;36m /clientes/5/extrato"[0m
api1-1   | [18:02:51/2024-02-23] [36m"[35;1mGET[0;36m /clientes/2/extrato"[0m
api2-1   | [18:02:51/2024-02-23] [36m"[35;1mGET[0;36m /clientes/3/extrato"[0m
api2-1   | [18:02:51/2024-02-23] [36m"[35;1mGET[0;36m /clientes/1/extrato"[0m
api1-1   | [18:02:51/2024-02-23] [36m"[35;1mPOST[0;36m /clientes/5/transacoes"[0m {"valor": 1, "tipo": "c", "descricao": "danada"}
api2-1   | [18:02:51/2024-02-23] [36m"[35;1mPOST[0;36m /clientes/4/transacoes"[0m {"valor": 1, "tipo": "c", "descricao": "danada"}
api1-1   | [18:02:51/2024-02-23] [36m"[35;1mPOST[0;36m /clientes/2/transacoes"[0m {"valor": 1, "tipo": "c", "descricao": "danada"}
api1-1   | [18:02:51/2024-02-23] [36m"[35;1mPOST[0;36m /clientes/3/transacoes"[0m {"valor": 1, "tipo": "c", "descricao": "danada"}
api2-1   | [18:02:51/2024-02-23] [36m"[35;1mPOST[0;36m /clientes/1/transacoes"[0m {"valor": 1, "tipo": "c", "descricao": "danada"}
api2-1   | [18:02:51/2024-02-23] [36m"[35;1mGET[0;36m /clientes/3/extrato"[0m
api1-1   | [18:02:51/2024-02-23] [36m"[35;1mGET[0;36m /clientes/1/extrato"[0m
api1-1   | [18:02:51/2024-02-23] [36m"[35;1mGET[0;36m /clientes/4/extrato"[0m
api2-1   | [18:02:51/2024-02-23] [36m"[35;1mGET[0;36m /clientes/2/extrato"[0m
api1-1   | [18:02:51/2024-02-23] [36m"[35;1mGET[0;36m /clientes/3/extrato"[0m
api1-1   | [18:02:51/2024-02-23] [36m"[35;1mGET[0;36m /clientes/3/extrato"[0m
api2-1   | [18:02:51/2024-02-23] [36m"[35;1mGET[0;36m /clientes/3/extrato"[0m
api1-1   | [18:02:51/2024-02-23] [36m"[35;1mGET[0;36m /clientes/2/extrato"[0m
api1-1   | [18:02:51/2024-02-23] [36m"[35;1mGET[0;36m /clientes/2/extrato"[0m
api2-1   | [18:02:51/2024-02-23] [36m"[35;1mGET[0;36m /clientes/2/extrato"[0m
api2-1   | [18:02:51/2024-02-23] [36m"[35;1mGET[0;36m /clientes/5/extrato"[0m
api2-1   | [18:02:51/2024-02-23] [36m"[35;1mGET[0;36m /clientes/4/extrato"[0m
api2-1   | [18:02:51/2024-02-23] [36m"[35;1mGET[0;36m /clientes/1/extrato"[0m
api1-1   | [18:02:51/2024-02-23] [36m"[35;1mGET[0;36m /clientes/4/extrato"[0m
api2-1   | [18:02:51/2024-02-23] [36m"[35;1mGET[0;36m /clientes/1/extrato"[0m
api2-1   | [18:02:51/2024-02-23] [36m"[35;1mGET[0;36m /clientes/5/extrato"[0m
api1-1   | [18:02:51/2024-02-23] [36m"[35;1mGET[0;36m /clientes/4/extrato"[0m
api1-1   | [18:02:51/2024-02-23] [36m"[35;1mGET[0;36m /clientes/5/extrato"[0m
api2-1   | [18:02:51/2024-02-23] [36m"[35;1mGET[0;36m /clientes/5/extrato"[0m
api1-1   | [18:02:51/2024-02-23] [36m"[35;1mGET[0;36m /clientes/1/extrato"[0m
api1-1   | [18:02:51/2024-02-23] [36m"[35;1mPOST[0;36m /clientes/3/transacoes"[0m {"valor": 1.2, "tipo": "d", "descricao": "devolve"}
api1-1   | [18:02:51/2024-02-23] could not unmarshall json: `{"valor": 1.2, "tipo": "d", "descricao": "devolve"}`: json: cannot unmarshal number 1.2 into Go struct field requestParamsJSON.valor of type int
api2-1   | [18:02:51/2024-02-23] [36m"[35;1mPOST[0;36m /clientes/3/transacoes"[0m {"valor": 1, "tipo": "x", "descricao": "devolve"}
api2-1   | [18:02:51/2024-02-23] models: invalid params: tipo must be one of "c" or "d"
api1-1   | [18:02:51/2024-02-23] [36m"[35;1mPOST[0;36m /clientes/1/transacoes"[0m {"valor": 1.2, "tipo": "d", "descricao": "devolve"}
api1-1   | [18:02:51/2024-02-23] could not unmarshall json: `{"valor": 1.2, "tipo": "d", "descricao": "devolve"}`: json: cannot unmarshal number 1.2 into Go struct field requestParamsJSON.valor of type int
api1-1   | [18:02:51/2024-02-23] [36m"[35;1mPOST[0;36m /clientes/3/transacoes"[0m {"valor": 1, "tipo": "c", "descricao": "123456789 e mais um pouco"}
api1-1   | [18:02:51/2024-02-23] models: invalid params: descricao must be between 1 and 10 characters long, included both ends
api2-1   | [18:02:51/2024-02-23] [36m"[35;1mPOST[0;36m /clientes/4/transacoes"[0m {"valor": 1.2, "tipo": "d", "descricao": "devolve"}
api2-1   | [18:02:51/2024-02-23] could not unmarshall json: `{"valor": 1.2, "tipo": "d", "descricao": "devolve"}`: json: cannot unmarshal number 1.2 into Go struct field requestParamsJSON.valor of type int
api2-1   | [18:02:51/2024-02-23] [36m"[35;1mPOST[0;36m /clientes/3/transacoes"[0m {"valor": 1, "tipo": "c", "descricao": ""}
api2-1   | [18:02:51/2024-02-23] models: invalid params: descricao must be between 1 and 10 characters long, included both ends
api1-1   | [18:02:51/2024-02-23] [36m"[35;1mPOST[0;36m /clientes/1/transacoes"[0m {"valor": 1, "tipo": "x", "descricao": "devolve"}
api1-1   | [18:02:51/2024-02-23] models: invalid params: tipo must be one of "c" or "d"
api2-1   | [18:02:51/2024-02-23] [36m"[35;1mPOST[0;36m /clientes/2/transacoes"[0m {"valor": 1.2, "tipo": "d", "descricao": "devolve"}
api2-1   | [18:02:51/2024-02-23] could not unmarshall json: `{"valor": 1.2, "tipo": "d", "descricao": "devolve"}`: json: cannot unmarshal number 1.2 into Go struct field requestParamsJSON.valor of type int
api2-1   | [18:02:51/2024-02-23] [36m"[35;1mPOST[0;36m /clientes/4/transacoes"[0m {"valor": 1, "tipo": "x", "descricao": "devolve"}
api2-1   | [18:02:51/2024-02-23] models: invalid params: tipo must be one of "c" or "d"
api1-1   | [18:02:51/2024-02-23] [36m"[35;1mPOST[0;36m /clientes/3/transacoes"[0m {"valor": 1, "tipo": "c", "descricao": null}
api1-1   | [18:02:51/2024-02-23] models: invalid params: descricao must be between 1 and 10 characters long, included both ends
api1-1   | [18:02:51/2024-02-23] [36m"[35;1mPOST[0;36m /clientes/2/transacoes"[0m {"valor": 1, "tipo": "x", "descricao": "devolve"}
api1-1   | [18:02:51/2024-02-23] models: invalid params: tipo must be one of "c" or "d"
api2-1   | [18:02:51/2024-02-23] [36m"[35;1mPOST[0;36m /clientes/1/transacoes"[0m {"valor": 1, "tipo": "c", "descricao": "123456789 e mais um pouco"}
api2-1   | [18:02:51/2024-02-23] models: invalid params: descricao must be between 1 and 10 characters long, included both ends
api2-1   | [18:02:51/2024-02-23] [36m"[35;1mPOST[0;36m /clientes/5/transacoes"[0m {"valor": 1.2, "tipo": "d", "descricao": "devolve"}
api2-1   | [18:02:51/2024-02-23] could not unmarshall json: `{"valor": 1.2, "tipo": "d", "descricao": "devolve"}`: json: cannot unmarshal number 1.2 into Go struct field requestParamsJSON.valor of type int
api2-1   | [18:02:51/2024-02-23] [36m"[35;1mPOST[0;36m /clientes/1/transacoes"[0m {"valor": 1, "tipo": "c", "descricao": ""}
api2-1   | [18:02:51/2024-02-23] models: invalid params: descricao must be between 1 and 10 characters long, included both ends
api1-1   | [18:02:51/2024-02-23] [36m"[35;1mPOST[0;36m /clientes/1/transacoes"[0m {"valor": 1, "tipo": "c", "descricao": null}
api1-1   | [18:02:51/2024-02-23] [36m"[35;1mPOST[0;36m /clientes/2/transacoes"[0m {"valor": 1, "tipo": "c", "descricao": "123456789 e mais um pouco"}
api1-1   | [18:02:51/2024-02-23] [36m"[35;1mPOST[0;36m /clientes/5/transacoes"[0m {"valor": 1, "tipo": "x", "descricao": "devolve"}
api1-1   | [18:02:51/2024-02-23] models: invalid params: descricao must be between 1 and 10 characters long, included both ends
api1-1   | [18:02:51/2024-02-23] models: invalid params: tipo must be one of "c" or "d"
api1-1   | [18:02:51/2024-02-23] [36m"[35;1mPOST[0;36m /clientes/4/transacoes"[0m {"valor": 1, "tipo": "c", "descricao": "123456789 e mais um pouco"}
api1-1   | [18:02:51/2024-02-23] models: invalid params: descricao must be between 1 and 10 characters long, included both ends
api1-1   | [18:02:51/2024-02-23] models: invalid params: descricao must be between 1 and 10 characters long, included both ends
api2-1   | [18:02:51/2024-02-23] [36m"[35;1mPOST[0;36m /clientes/5/transacoes"[0m {"valor": 1, "tipo": "c", "descricao": "123456789 e mais um pouco"}
api2-1   | [18:02:51/2024-02-23] models: invalid params: descricao must be between 1 and 10 characters long, included both ends
api2-1   | [18:02:51/2024-02-23] [36m"[35;1mPOST[0;36m /clientes/2/transacoes"[0m {"valor": 1, "tipo": "c", "descricao": ""}
api2-1   | [18:02:51/2024-02-23] models: invalid params: descricao must be between 1 and 10 characters long, included both ends
api2-1   | [18:02:51/2024-02-23] [36m"[35;1mPOST[0;36m /clientes/4/transacoes"[0m {"valor": 1, "tipo": "c", "descricao": ""}
api2-1   | [18:02:51/2024-02-23] models: invalid params: descricao must be between 1 and 10 characters long, included both ends
api1-1   | [18:02:51/2024-02-23] [36m"[35;1mPOST[0;36m /clientes/5/transacoes"[0m {"valor": 1, "tipo": "c", "descricao": ""}
api1-1   | [18:02:51/2024-02-23] models: invalid params: descricao must be between 1 and 10 characters long, included both ends
api1-1   | [18:02:51/2024-02-23] [36m"[35;1mPOST[0;36m /clientes/4/transacoes"[0m {"valor": 1, "tipo": "c", "descricao": null}
api1-1   | [18:02:51/2024-02-23] models: invalid params: descricao must be between 1 and 10 characters long, included both ends
api2-1   | [18:02:51/2024-02-23] [36m"[35;1mPOST[0;36m /clientes/5/transacoes"[0m {"valor": 1, "tipo": "c", "descricao": null}
api2-1   | [18:02:51/2024-02-23] models: invalid params: descricao must be between 1 and 10 characters long, included both ends
api2-1   | [18:02:51/2024-02-23] [36m"[35;1mPOST[0;36m /clientes/2/transacoes"[0m {"valor": 1, "tipo": "c", "descricao": null}
api2-1   | [18:02:51/2024-02-23] models: invalid params: descricao must be between 1 and 10 characters long, included both ends
api1-1   | [18:02:52/2024-02-23] [36m"[35;1mPOST[0;36m /clientes/1/transacoes"[0m {"valor": 5938, "tipo": "c", "descricao": "XSlQeyALHH"}
api2-1   | [18:02:52/2024-02-23] [36m"[35;1mGET[0;36m /clientes/4/extrato"[0m
api2-1   | [18:02:52/2024-02-23] [36m"[35;1mPOST[0;36m /clientes/4/transacoes"[0m {"valor": 8337, "tipo": "d", "descricao": "UqDZGl8U9G"}
api1-1   | [18:02:53/2024-02-23] [36m"[35;1mGET[0;36m /clientes/2/extrato"[0m
api1-1   | [18:02:53/2024-02-23] [36m"[35;1mPOST[0;36m /clientes/3/transacoes"[0m {"valor": 3943, "tipo": "d", "descricao": "Gw9eAtA9n8"}
api2-1   | [18:02:53/2024-02-23] [36m"[35;1mPOST[0;36m /clientes/5/transacoes"[0m {"valor": 4109, "tipo": "c", "descricao": "K86V9Odagn"}
api1-1   | [18:02:53/2024-02-23] [36m"[35;1mPOST[0;36m /clientes/4/transacoes"[0m {"valor": 1945, "tipo": "d", "descricao": "F4nuuHEZT7"}
api1-1   | [18:02:54/2024-02-23] [36m"[35;1mPOST[0;36m /clientes/4/transacoes"[0m {"valor": 1258, "tipo": "d", "descricao": "NxYLnKccnh"}
api2-1   | [18:02:54/2024-02-23] [36m"[35;1mPOST[0;36m /clientes/5/transacoes"[0m {"valor": 8954, "tipo": "c", "descricao": "ahns2yq7Us"}
api2-1   | [18:02:54/2024-02-23] [36m"[35;1mPOST[0;36m /clientes/4/transacoes"[0m {"valor": 8638, "tipo": "d", "descricao": "ClskqEvG4c"}
api1-1   | [18:02:54/2024-02-23] [36m"[35;1mPOST[0;36m /clientes/2/transacoes"[0m {"valor": 6235, "tipo": "c", "descricao": "anHFnBiOV6"}
api2-1   | [18:02:54/2024-02-23] [36m"[35;1mGET[0;36m /clientes/3/extrato"[0m
api1-1   | [18:02:54/2024-02-23] [36m"[35;1mPOST[0;36m /clientes/2/transacoes"[0m {"valor": 7834, "tipo": "d", "descricao": "65PZGfVhhj"}
api2-1   | [18:02:54/2024-02-23] [36m"[35;1mPOST[0;36m /clientes/5/transacoes"[0m {"valor": 5985, "tipo": "d", "descricao": "SkN2i7oQW9"}
api1-1   | [18:02:54/2024-02-23] [36m"[35;1mPOST[0;36m /clientes/1/transacoes"[0m {"valor": 6880, "tipo": "c", "descricao": "XQal3JGcRa"}
api2-1   | [18:02:55/2024-02-23] [36m"[35;1mPOST[0;36m /clientes/4/transacoes"[0m {"valor": 1400, "tipo": "d", "descricao": "oLc6zmRVap"}
api1-1   | [18:02:55/2024-02-23] [36m"[35;1mPOST[0;36m /clientes/4/transacoes"[0m {"valor": 6745, "tipo": "c", "descricao": "oKaS5Okst3"}
api2-1   | [18:02:55/2024-02-23] [36m"[35;1mPOST[0;36m /clientes/5/transacoes"[0m {"valor": 8371, "tipo": "d", "descricao": "P4UJnrdqgY"}
api1-1   | [18:02:55/2024-02-23] [36m"[35;1mPOST[0;36m /clientes/5/transacoes"[0m {"valor": 1342, "tipo": "d", "descricao": "L6qehEtWoF"}
api2-1   | [18:02:55/2024-02-23] [36m"[35;1mPOST[0;36m /clientes/5/transacoes"[0m {"valor": 4158, "tipo": "c", "descricao": "qP4hOw6nOD"}
api1-1   | [18:02:55/2024-02-23] [36m"[35;1mPOST[0;36m /clientes/1/transacoes"[0m {"valor": 9775, "tipo": "d", "descricao": "TzpQY7FqUy"}
api1-1   | [18:02:55/2024-02-23] [36m"[35;1mPOST[0;36m /clientes/5/transacoes"[0m {"valor": 9049, "tipo": "c", "descricao": "4rEvgDX7RI"}
api2-1   | [18:02:55/2024-02-23] [36m"[35;1mGET[0;36m /clientes/4/extrato"[0m
api2-1   | [18:02:55/2024-02-23] [36m"[35;1mPOST[0;36m /clientes/5/transacoes"[0m {"valor": 1459, "tipo": "d", "descricao": "TzMoEGdhiz"}
api1-1   | [18:02:55/2024-02-23] [36m"[35;1mPOST[0;36m /clientes/3/transacoes"[0m {"valor": 5177, "tipo": "d", "descricao": "XWTZYaIYPa"}
api2-1   | [18:02:55/2024-02-23] [36m"[35;1mPOST[0;36m /clientes/3/transacoes"[0m {"valor": 8322, "tipo": "c", "descricao": "HmUO7YEuzP"}
api1-1   | [18:02:55/2024-02-23] [36m"[35;1mPOST[0;36m /clientes/2/transacoes"[0m {"valor": 5555, "tipo": "d", "descricao": "Fb0tp4Xlrj"}
api1-1   | [18:02:56/2024-02-23] [36m"[35;1mPOST[0;36m /clientes/2/transacoes"[0m {"valor": 3063, "tipo": "d", "descricao": "VvVqXh4Ju7"}
api2-1   | [18:02:56/2024-02-23] [36m"[35;1mPOST[0;36m /clientes/2/transacoes"[0m {"valor": 1789, "tipo": "c", "descricao": "tiSLJmgDEL"}
api1-1   | [18:02:56/2024-02-23] [36m"[35;1mPOST[0;36m /clientes/2/transacoes"[0m {"valor": 4728, "tipo": "d", "descricao": "iTuRsXhb7k"}
api2-1   | [18:02:56/2024-02-23] [36m"[35;1mPOST[0;36m /clientes/4/transacoes"[0m {"valor": 3068, "tipo": "d", "descricao": "DeJMj5NBJf"}
api1-1   | [18:02:56/2024-02-23] [36m"[35;1mPOST[0;36m /clientes/2/transacoes"[0m {"valor": 5611, "tipo": "c", "descricao": "st6QafhXnB"}
api2-1   | [18:02:56/2024-02-23] [36m"[35;1mPOST[0;36m /clientes/1/transacoes"[0m {"valor": 7591, "tipo": "d", "descricao": "VcMm9ydCrg"}
api2-1   | [18:02:56/2024-02-23] [36m"[35;1mGET[0;36m /clientes/3/extrato"[0m
api1-1   | [18:02:56/2024-02-23] [36m"[35;1mPOST[0;36m /clientes/4/transacoes"[0m {"valor": 4051, "tipo": "c", "descricao": "E2nKACNLxp"}
api1-1   | [18:02:56/2024-02-23] [36m"[35;1mPOST[0;36m /clientes/5/transacoes"[0m {"valor": 6499, "tipo": "d", "descricao": "gb1LlwCCmp"}
api1-1   | [18:02:56/2024-02-23] [36m"[35;1mPOST[0;36m /clientes/1/transacoes"[0m {"valor": 6477, "tipo": "d", "descricao": "gJaj0TuZct"}
api2-1   | [18:02:56/2024-02-23] [36m"[35;1mPOST[0;36m /clientes/4/transacoes"[0m {"valor": 3151, "tipo": "c", "descricao": "tbTYWdpFxF"}
api1-1   | [18:02:56/2024-02-23] [36m"[35;1mPOST[0;36m /clientes/3/transacoes"[0m {"valor": 8141, "tipo": "d", "descricao": "D14XO8qwHH"}
api2-1   | [18:02:57/2024-02-23] [36m"[35;1mPOST[0;36m /clientes/1/transacoes"[0m {"valor": 9819, "tipo": "d", "descricao": "0VakO0YtAQ"}
api1-1   | [18:02:57/2024-02-23] [36m"[35;1mPOST[0;36m /clientes/3/transacoes"[0m {"valor": 4522, "tipo": "c", "descricao": "RfU3b1kY68"}
api2-1   | [18:02:57/2024-02-23] [36m"[35;1mPOST[0;36m /clientes/4/transacoes"[0m {"valor": 3974, "tipo": "d", "descricao": "HOcv1CNigk"}
api2-1   | [18:02:57/2024-02-23] [36m"[35;1mPOST[0;36m /clientes/1/transacoes"[0m {"valor": 4545, "tipo": "d", "descricao": "7ze3UNSua4"}
api1-1   | [18:02:57/2024-02-23] [36m"[35;1mPOST[0;36m /clientes/2/transacoes"[0m {"valor": 182, "tipo": "c", "descricao": "dlVHOnmvIj"}
api2-1   | [18:02:57/2024-02-23] [36m"[35;1mPOST[0;36m /clientes/5/transacoes"[0m {"valor": 2037, "tipo": "d", "descricao": "AEJTAtCZUm"}
api1-1   | [18:02:57/2024-02-23] [36m"[35;1mPOST[0;36m /clientes/4/transacoes"[0m {"valor": 6238, "tipo": "d", "descricao": "ABtUKACSZD"}
api2-1   | [18:02:57/2024-02-23] [36m"[35;1mPOST[0;36m /clientes/1/transacoes"[0m {"valor": 3445, "tipo": "c", "descricao": "OJV2TjCCpA"}
api1-1   | [18:02:57/2024-02-23] [36m"[35;1mPOST[0;36m /clientes/2/transacoes"[0m {"valor": 7786, "tipo": "d", "descricao": "KANHbsYgZU"}
api2-1   | [18:02:57/2024-02-23] [36m"[35;1mGET[0;36m /clientes/2/extrato"[0m
api1-1   | [18:02:57/2024-02-23] [36m"[35;1mPOST[0;36m /clientes/4/transacoes"[0m {"valor": 9913, "tipo": "c", "descricao": "ebAHWAufGO"}
api2-1   | [18:02:57/2024-02-23] [36m"[35;1mPOST[0;36m /clientes/5/transacoes"[0m {"valor": 5897, "tipo": "d", "descricao": "F4n6Jl3fVC"}
api1-1   | [18:02:57/2024-02-23] [36m"[35;1mPOST[0;36m /clientes/3/transacoes"[0m {"valor": 6925, "tipo": "d", "descricao": "9ktH348VYC"}
api2-1   | [18:02:57/2024-02-23] [36m"[35;1mPOST[0;36m /clientes/3/transacoes"[0m {"valor": 9536, "tipo": "c", "descricao": "GRJi8VIncC"}
api1-1   | [18:02:57/2024-02-23] [36m"[35;1mPOST[0;36m /clientes/1/transacoes"[0m {"valor": 4699, "tipo": "d", "descricao": "8AA4bQAxDT"}
api2-1   | [18:02:57/2024-02-23] [36m"[35;1mPOST[0;36m /clientes/3/transacoes"[0m {"valor": 2560, "tipo": "d", "descricao": "FmnIM5c13g"}
api1-1   | [18:02:58/2024-02-23] [36m"[35;1mPOST[0;36m /clientes/4/transacoes"[0m {"valor": 4264, "tipo": "c", "descricao": "1zUGI4NCcM"}
api2-1   | [18:02:58/2024-02-23] [36m"[35;1mPOST[0;36m /clientes/1/transacoes"[0m {"valor": 7173, "tipo": "d", "descricao": "24yIwnNGhs"}
api2-1   | [18:02:58/2024-02-23] [36m"[35;1mPOST[0;36m /clientes/4/transacoes"[0m {"valor": 6138, "tipo": "d", "descricao": "vABe74xpTD"}
api1-1   | [18:02:58/2024-02-23] [36m"[35;1mPOST[0;36m /clientes/2/transacoes"[0m {"valor": 1807, "tipo": "c", "descricao": "q2fIJRtTXQ"}
api2-1   | [18:02:58/2024-02-23] [36m"[35;1mGET[0;36m /clientes/1/extrato"[0m
api1-1   | [18:02:58/2024-02-23] [36m"[35;1mPOST[0;36m /clientes/4/transacoes"[0m {"valor": 8611, "tipo": "d", "descricao": "3t52jT6j4w"}
api2-1   | [18:02:58/2024-02-23] [36m"[35;1mPOST[0;36m /clientes/3/transacoes"[0m {"valor": 1497, "tipo": "d", "descricao": "qYxgs0CJ9s"}
api1-1   | [18:02:58/2024-02-23] [36m"[35;1mPOST[0;36m /clientes/1/transacoes"[0m {"valor": 1279, "tipo": "c", "descricao": "4DdCrx9gxt"}
api2-1   | [18:02:58/2024-02-23] [36m"[35;1mPOST[0;36m /clientes/3/transacoes"[0m {"valor": 6717, "tipo": "d", "descricao": "R7RcK5sPGp"}
api1-1   | [18:02:58/2024-02-23] [36m"[35;1mPOST[0;36m /clientes/2/transacoes"[0m {"valor": 2921, "tipo": "d", "descricao": "bIbEIRRDmV"}
api2-1   | [18:02:58/2024-02-23] [36m"[35;1mPOST[0;36m /clientes/1/transacoes"[0m {"valor": 5547, "tipo": "c", "descricao": "eq5irsE4Hw"}
api1-1   | [18:02:58/2024-02-23] [36m"[35;1mPOST[0;36m /clientes/4/transacoes"[0m {"valor": 2185, "tipo": "d", "descricao": "kdCYpGJOxV"}
api2-1   | [18:02:58/2024-02-23] [36m"[35;1mGET[0;36m /clientes/1/extrato"[0m
api1-1   | [18:02:58/2024-02-23] [36m"[35;1mPOST[0;36m /clientes/5/transacoes"[0m {"valor": 2917, "tipo": "c", "descricao": "KtkH3o8zgL"}
api2-1   | [18:02:58/2024-02-23] [36m"[35;1mPOST[0;36m /clientes/4/transacoes"[0m {"valor": 10000, "tipo": "d", "descricao": "23pwXXrwQn"}
api1-1   | [18:02:58/2024-02-23] [36m"[35;1mPOST[0;36m /clientes/3/transacoes"[0m {"valor": 9394, "tipo": "d", "descricao": "1HsiCtxey6"}
api2-1   | [18:02:58/2024-02-23] [36m"[35;1mPOST[0;36m /clientes/3/transacoes"[0m {"valor": 5849, "tipo": "c", "descricao": "VGSwP2APkE"}
api1-1   | [18:02:58/2024-02-23] [36m"[35;1mPOST[0;36m /clientes/4/transacoes"[0m {"valor": 9056, "tipo": "d", "descricao": "aHRDUHgekh"}
api2-1   | [18:02:58/2024-02-23] [36m"[35;1mPOST[0;36m /clientes/1/transacoes"[0m {"valor": 5989, "tipo": "d", "descricao": "HTmWOV1RVp"}
api1-1   | [18:02:58/2024-02-23] [36m"[35;1mPOST[0;36m /clientes/3/transacoes"[0m {"valor": 5946, "tipo": "c", "descricao": "XK8g2OiZsw"}
api2-1   | [18:02:58/2024-02-23] [36m"[35;1mPOST[0;36m /clientes/4/transacoes"[0m {"valor": 7983, "tipo": "d", "descricao": "WE30FufYcG"}
api1-1   | [18:02:59/2024-02-23] [36m"[35;1mPOST[0;36m /clientes/5/transacoes"[0m {"valor": 6328, "tipo": "d", "descricao": "Nt4W0LWozs"}
api2-1   | [18:02:59/2024-02-23] [36m"[35;1mPOST[0;36m /clientes/2/transacoes"[0m {"valor": 3250, "tipo": "c", "descricao": "aTC0s6XAuE"}
api1-1   | [18:02:59/2024-02-23] [36m"[35;1mPOST[0;36m /clientes/4/transacoes"[0m {"valor": 2441, "tipo": "d", "descricao": "SPvffhqjxB"}
api2-1   | [18:02:59/2024-02-23] [36m"[35;1mPOST[0;36m /clientes/3/transacoes"[0m {"valor": 9085, "tipo": "d", "descricao": "6BU4gGOXFS"}
api1-1   | [18:02:59/2024-02-23] [36m"[35;1mPOST[0;36m /clientes/1/transacoes"[0m {"valor": 6186, "tipo": "c", "descricao": "MmoJaPzRLn"}
api2-1   | [18:02:59/2024-02-23] [36m"[35;1mPOST[0;36m /clientes/2/transacoes"[0m {"valor": 78, "tipo": "d", "descricao": "uA3B285RFL"}
api1-1   | [18:02:59/2024-02-23] [36m"[35;1mPOST[0;36m /clientes/2/transacoes"[0m {"valor": 2204, "tipo": "d", "descricao": "NoNWN1zRvi"}
api2-1   | [18:02:59/2024-02-23] [36m"[35;1mPOST[0;36m /clientes/4/transacoes"[0m {"valor": 2903, "tipo": "c", "descricao": "e4xny5KQS0"}
api1-1   | [18:02:59/2024-02-23] [36m"[35;1mPOST[0;36m /clientes/2/transacoes"[0m {"valor": 5299, "tipo": "d", "descricao": "KJPWAmyclD"}
api2-1   | [18:02:59/2024-02-23] [36m"[35;1mPOST[0;36m /clientes/4/transacoes"[0m {"valor": 5757, "tipo": "d", "descricao": "kwpZeIv4xD"}
api1-1   | [18:02:59/2024-02-23] [36m"[35;1mPOST[0;36m /clientes/4/transacoes"[0m {"valor": 9330, "tipo": "c", "descricao": "VUBv554TSp"}
api2-1   | [18:02:59/2024-02-23] [36m"[35;1mPOST[0;36m /clientes/2/transacoes"[0m {"valor": 2292, "tipo": "d", "descricao": "BuXnqsFk4H"}
api2-1   | [18:02:59/2024-02-23] [36m"[35;1mPOST[0;36m /clientes/1/transacoes"[0m {"valor": 6239, "tipo": "d", "descricao": "1NjEUwmyD1"}
api1-1   | [18:02:59/2024-02-23] [36m"[35;1mGET[0;36m /clientes/4/extrato"[0m
api1-1   | [18:02:59/2024-02-23] [36m"[35;1mPOST[0;36m /clientes/3/transacoes"[0m {"valor": 5605, "tipo": "c", "descricao": "DwSukkjYjh"}
api1-1   | [18:02:59/2024-02-23] [36m"[35;1mPOST[0;36m /clientes/2/transacoes"[0m {"valor": 2929, "tipo": "d", "descricao": "sHZF6W678P"}
api2-1   | [18:02:59/2024-02-23] [36m"[35;1mPOST[0;36m /clientes/2/transacoes"[0m {"valor": 9159, "tipo": "c", "descricao": "jp0KYyxvUk"}
api1-1   | [18:02:59/2024-02-23] [36m"[35;1mPOST[0;36m /clientes/3/transacoes"[0m {"valor": 1949, "tipo": "d", "descricao": "fWCGrEYUsG"}
api2-1   | [18:02:59/2024-02-23] [36m"[35;1mPOST[0;36m /clientes/4/transacoes"[0m {"valor": 2372, "tipo": "d", "descricao": "JS5S4PA9dQ"}
api1-1   | [18:02:59/2024-02-23] [36m"[35;1mPOST[0;36m /clientes/1/transacoes"[0m {"valor": 7246, "tipo": "c", "descricao": "0P8yYucrcs"}
api2-1   | [18:02:59/2024-02-23] [36m"[35;1mPOST[0;36m /clientes/1/transacoes"[0m {"valor": 7435, "tipo": "d", "descricao": "dOwwBpMQq6"}
api1-1   | [18:03:00/2024-02-23] [36m"[35;1mPOST[0;36m /clientes/4/transacoes"[0m {"valor": 423, "tipo": "d", "descricao": "akLhy6mbpc"}
api2-1   | [18:03:00/2024-02-23] [36m"[35;1mPOST[0;36m /clientes/3/transacoes"[0m {"valor": 6729, "tipo": "c", "descricao": "5iugYOMfn7"}
api1-1   | [18:03:00/2024-02-23] [36m"[35;1mPOST[0;36m /clientes/4/transacoes"[0m {"valor": 33, "tipo": "d", "descricao": "8qin1ihpps"}
api2-1   | [18:03:00/2024-02-23] [36m"[35;1mPOST[0;36m /clientes/5/transacoes"[0m {"valor": 3317, "tipo": "d", "descricao": "WW6PeTUFva"}
api1-1   | [18:03:00/2024-02-23] [36m"[35;1mGET[0;36m /clientes/3/extrato"[0m
api2-1   | [18:03:00/2024-02-23] [36m"[35;1mPOST[0;36m /clientes/2/transacoes"[0m {"valor": 3602, "tipo": "c", "descricao": "px23QICmcj"}
api1-1   | [18:03:00/2024-02-23] [36m"[35;1mPOST[0;36m /clientes/2/transacoes"[0m {"valor": 1718, "tipo": "d", "descricao": "enUKeuvnhK"}
api2-1   | [18:03:00/2024-02-23] [36m"[35;1mPOST[0;36m /clientes/3/transacoes"[0m {"valor": 621, "tipo": "d", "descricao": "QtzQD2HK9Z"}
api1-1   | [18:03:00/2024-02-23] [36m"[35;1mPOST[0;36m /clientes/2/transacoes"[0m {"valor": 920, "tipo": "c", "descricao": "B7UsPT4lwz"}
api2-1   | [18:03:00/2024-02-23] [36m"[35;1mPOST[0;36m /clientes/5/transacoes"[0m {"valor": 8203, "tipo": "d", "descricao": "M5NnCfCNXK"}
api1-1   | [18:03:00/2024-02-23] [36m"[35;1mPOST[0;36m /clientes/4/transacoes"[0m {"valor": 6850, "tipo": "d", "descricao": "5ruqZnRfTo"}
api2-1   | [18:03:00/2024-02-23] [36m"[35;1mPOST[0;36m /clientes/2/transacoes"[0m {"valor": 4966, "tipo": "c", "descricao": "LBU699l4OT"}
api1-1   | [18:03:00/2024-02-23] [36m"[35;1mPOST[0;36m /clientes/2/transacoes"[0m {"valor": 7327, "tipo": "d", "descricao": "vzAPFnPZok"}
api2-1   | [18:03:00/2024-02-23] [36m"[35;1mPOST[0;36m /clientes/4/transacoes"[0m {"valor": 7872, "tipo": "d", "descricao": "YiEGLHIS3E"}
api1-1   | [18:03:00/2024-02-23] [36m"[35;1mPOST[0;36m /clientes/5/transacoes"[0m {"valor": 1385, "tipo": "c", "descricao": "FqmW6W1Xze"}
api2-1   | [18:03:00/2024-02-23] [36m"[35;1mPOST[0;36m /clientes/3/transacoes"[0m {"valor": 6782, "tipo": "d", "descricao": "WYEze6ZJwZ"}
api1-1   | [18:03:00/2024-02-23] [36m"[35;1mGET[0;36m /clientes/3/extrato"[0m
api1-1   | [18:03:00/2024-02-23] [36m"[35;1mPOST[0;36m /clientes/4/transacoes"[0m {"valor": 9979, "tipo": "c", "descricao": "Kb81eA9gx1"}
api2-1   | [18:03:00/2024-02-23] [36m"[35;1mPOST[0;36m /clientes/1/transacoes"[0m {"valor": 9101, "tipo": "d", "descricao": "xPl8ZUEnvq"}
api2-1   | [18:03:00/2024-02-23] [36m"[35;1mPOST[0;36m /clientes/3/transacoes"[0m {"valor": 8841, "tipo": "d", "descricao": "EmeDfnHLF2"}
api1-1   | [18:03:00/2024-02-23] [36m"[35;1mPOST[0;36m /clientes/1/transacoes"[0m {"valor": 8191, "tipo": "c", "descricao": "lOT9lrswSI"}
api2-1   | [18:03:00/2024-02-23] [36m"[35;1mPOST[0;36m /clientes/1/transacoes"[0m {"valor": 7703, "tipo": "d", "descricao": "fmRKxP5cyH"}
api2-1   | [18:03:00/2024-02-23] [36m"[35;1mPOST[0;36m /clientes/1/transacoes"[0m {"valor": 6864, "tipo": "d", "descricao": "8iHKvCWPQJ"}
api1-1   | [18:03:00/2024-02-23] [36m"[35;1mPOST[0;36m /clientes/4/transacoes"[0m {"valor": 9148, "tipo": "d", "descricao": "XeR6IZOVRj"}
api1-1   | [18:03:00/2024-02-23] [36m"[35;1mPOST[0;36m /clientes/5/transacoes"[0m {"valor": 7543, "tipo": "c", "descricao": "io2qWGaJcZ"}
api2-1   | [18:03:00/2024-02-23] [36m"[35;1mPOST[0;36m /clientes/2/transacoes"[0m {"valor": 8372, "tipo": "d", "descricao": "4kngmVGfiE"}
api2-1   | [18:03:01/2024-02-23] [36m"[35;1mPOST[0;36m /clientes/3/transacoes"[0m {"valor": 4309, "tipo": "d", "descricao": "aeUCTD03CC"}
api2-1   | [18:03:01/2024-02-23] [36m"[35;1mPOST[0;36m /clientes/1/transacoes"[0m {"valor": 7384, "tipo": "c", "descricao": "aYFqIWgUII"}
api1-1   | [18:03:01/2024-02-23] [36m"[35;1mPOST[0;36m /clientes/2/transacoes"[0m {"valor": 3089, "tipo": "d", "descricao": "lblGXYU5fs"}
api2-1   | [18:03:01/2024-02-23] [36m"[35;1mPOST[0;36m /clientes/1/transacoes"[0m {"valor": 3503, "tipo": "d", "descricao": "Brtq3sCESC"}
api1-1   | [18:03:01/2024-02-23] [36m"[35;1mGET[0;36m /clientes/2/extrato"[0m
api1-1   | [18:03:01/2024-02-23] [36m"[35;1mPOST[0;36m /clientes/4/transacoes"[0m {"valor": 8728, "tipo": "c", "descricao": "jBsh6COMJk"}
api2-1   | [18:03:01/2024-02-23] [36m"[35;1mPOST[0;36m /clientes/1/transacoes"[0m {"valor": 5489, "tipo": "d", "descricao": "E7C8TAXwnB"}
api1-1   | [18:03:01/2024-02-23] [36m"[35;1mPOST[0;36m /clientes/5/transacoes"[0m {"valor": 130, "tipo": "d", "descricao": "AgVeLySRYg"}
api2-1   | [18:03:01/2024-02-23] [36m"[35;1mPOST[0;36m /clientes/1/transacoes"[0m {"valor": 1466, "tipo": "c", "descricao": "iDhe1oBUOy"}
api1-1   | [18:03:01/2024-02-23] [36m"[35;1mPOST[0;36m /clientes/4/transacoes"[0m {"valor": 7862, "tipo": "d", "descricao": "QaXfDzBoQu"}
api2-1   | [18:03:01/2024-02-23] [36m"[35;1mPOST[0;36m /clientes/3/transacoes"[0m {"valor": 1457, "tipo": "c", "descricao": "bDfY78J8sm"}
api2-1   | [18:03:01/2024-02-23] [36m"[35;1mPOST[0;36m /clientes/2/transacoes"[0m {"valor": 4950, "tipo": "d", "descricao": "dKdGEvrKeL"}
api1-1   | [18:03:01/2024-02-23] [36m"[35;1mPOST[0;36m /clientes/2/transacoes"[0m {"valor": 9137, "tipo": "d", "descricao": "HJ7aUnSaWT"}
api2-1   | [18:03:01/2024-02-23] [36m"[35;1mPOST[0;36m /clientes/2/transacoes"[0m {"valor": 9424, "tipo": "d", "descricao": "scB0UzwD59"}
api1-1   | [18:03:01/2024-02-23] [36m"[35;1mPOST[0;36m /clientes/4/transacoes"[0m {"valor": 5977, "tipo": "c", "descricao": "RvAUNo8U43"}
api2-1   | [18:03:01/2024-02-23] [36m"[35;1mPOST[0;36m /clientes/4/transacoes"[0m {"valor": 5603, "tipo": "d", "descricao": "4TFv6xIOSB"}
api2-1   | [18:03:01/2024-02-23] [36m"[35;1mPOST[0;36m /clientes/5/transacoes"[0m {"valor": 7189, "tipo": "d", "descricao": "W23cA2w2IV"}
api1-1   | [18:03:01/2024-02-23] [36m"[35;1mPOST[0;36m /clientes/5/transacoes"[0m {"valor": 6866, "tipo": "c", "descricao": "4AWXIxeS1j"}
api1-1   | [18:03:01/2024-02-23] [36m"[35;1mGET[0;36m /clientes/5/extrato"[0m
api1-1   | [18:03:01/2024-02-23] [36m"[35;1mPOST[0;36m /clientes/4/transacoes"[0m {"valor": 5360, "tipo": "d", "descricao": "v6LqhxXvDs"}
api2-1   | [18:03:01/2024-02-23] [36m"[35;1mPOST[0;36m /clientes/1/transacoes"[0m {"valor": 2364, "tipo": "c", "descricao": "kioq0mboCu"}
api1-1   | [18:03:01/2024-02-23] [36m"[35;1mPOST[0;36m /clientes/1/transacoes"[0m {"valor": 8985, "tipo": "d", "descricao": "c47IL3JxRX"}
api2-1   | [18:03:01/2024-02-23] [36m"[35;1mPOST[0;36m /clientes/4/transacoes"[0m {"valor": 8340, "tipo": "d", "descricao": "labttFE8bP"}
api1-1   | [18:03:01/2024-02-23] [36m"[35;1mPOST[0;36m /clientes/2/transacoes"[0m {"valor": 6714, "tipo": "c", "descricao": "xKV67d4GM3"}
api2-1   | [18:03:01/2024-02-23] [36m"[35;1mPOST[0;36m /clientes/5/transacoes"[0m {"valor": 1457, "tipo": "d", "descricao": "3Pkekx66vS"}
api1-1   | [18:03:01/2024-02-23] [36m"[35;1mPOST[0;36m /clientes/2/transacoes"[0m {"valor": 6727, "tipo": "d", "descricao": "NnJyTS3Bn1"}
api2-1   | [18:03:01/2024-02-23] [36m"[35;1mPOST[0;36m /clientes/3/transacoes"[0m {"valor": 1938, "tipo": "c", "descricao": "ge539Sy0LQ"}
api1-1   | [18:03:02/2024-02-23] [36m"[35;1mPOST[0;36m /clientes/4/transacoes"[0m {"valor": 4827, "tipo": "d", "descricao": "UF8hmQMrKr"}
api2-1   | [18:03:02/2024-02-23] [36m"[35;1mPOST[0;36m /clientes/5/transacoes"[0m {"valor": 2656, "tipo": "d", "descricao": "sc2e3oGyTZ"}
api1-1   | [18:03:02/2024-02-23] [36m"[35;1mPOST[0;36m /clientes/3/transacoes"[0m {"valor": 5758, "tipo": "c", "descricao": "fWOeyibPSB"}
api2-1   | [18:03:02/2024-02-23] [36m"[35;1mPOST[0;36m /clientes/5/transacoes"[0m {"valor": 8737, "tipo": "d", "descricao": "Rm7PABTxec"}
api1-1   | [18:03:02/2024-02-23] [36m"[35;1mPOST[0;36m /clientes/2/transacoes"[0m {"valor": 2674, "tipo": "d", "descricao": "5UZYHjriBX"}
api2-1   | [18:03:02/2024-02-23] [36m"[35;1mPOST[0;36m /clientes/3/transacoes"[0m {"valor": 7234, "tipo": "c", "descricao": "0udhnhhc69"}
api1-1   | [18:03:02/2024-02-23] [36m"[35;1mPOST[0;36m /clientes/2/transacoes"[0m {"valor": 4480, "tipo": "d", "descricao": "DQI7AvoR1J"}
api2-1   | [18:03:02/2024-02-23] [36m"[35;1mPOST[0;36m /clientes/1/transacoes"[0m {"valor": 7659, "tipo": "d", "descricao": "Uu0rJCpl2t"}
api1-1   | [18:03:02/2024-02-23] [36m"[35;1mPOST[0;36m /clientes/3/transacoes"[0m {"valor": 7757, "tipo": "c", "descricao": "mfxHkYLfEl"}
api2-1   | [18:03:02/2024-02-23] [36m"[35;1mPOST[0;36m /clientes/1/transacoes"[0m {"valor": 3870, "tipo": "d", "descricao": "BfKhWV83VV"}
api1-1   | [18:03:02/2024-02-23] [36m"[35;1mPOST[0;36m /clientes/2/transacoes"[0m {"valor": 3849, "tipo": "d", "descricao": "IxZYizX2Mp"}
api2-1   | [18:03:02/2024-02-23] [36m"[35;1mPOST[0;36m /clientes/4/transacoes"[0m {"valor": 5015, "tipo": "c", "descricao": "pRish6Dens"}
api1-1   | [18:03:02/2024-02-23] [36m"[35;1mPOST[0;36m /clientes/3/transacoes"[0m {"valor": 5757, "tipo": "d", "descricao": "037CuiiCha"}
api2-1   | [18:03:02/2024-02-23] [36m"[35;1mPOST[0;36m /clientes/5/transacoes"[0m {"valor": 1148, "tipo": "d", "descricao": "yn2vqxjgPf"}
api1-1   | [18:03:02/2024-02-23] [36m"[35;1mPOST[0;36m /clientes/4/transacoes"[0m {"valor": 8284, "tipo": "c", "descricao": "pF6YhiKGI2"}
api2-1   | [18:03:02/2024-02-23] [36m"[35;1mPOST[0;36m /clientes/4/transacoes"[0m {"valor": 6204, "tipo": "d", "descricao": "MZG1VwDurM"}
api1-1   | [18:03:02/2024-02-23] [36m"[35;1mPOST[0;36m /clientes/1/transacoes"[0m {"valor": 7602, "tipo": "d", "descricao": "p8n31pnmCv"}
api2-1   | [18:03:02/2024-02-23] [36m"[35;1mPOST[0;36m /clientes/1/transacoes"[0m {"valor": 6818, "tipo": "c", "descricao": "YsRqMWzknT"}
api1-1   | [18:03:02/2024-02-23] [36m"[35;1mPOST[0;36m /clientes/4/transacoes"[0m {"valor": 2150, "tipo": "d", "descricao": "rcBRLvNUme"}
api2-1   | [18:03:02/2024-02-23] [36m"[35;1mGET[0;36m /clientes/1/extrato"[0m
api1-1   | [18:03:02/2024-02-23] [36m"[35;1mPOST[0;36m /clientes/1/transacoes"[0m {"valor": 9610, "tipo": "d", "descricao": "C2c9s6KyK4"}
api2-1   | [18:03:02/2024-02-23] [36m"[35;1mPOST[0;36m /clientes/5/transacoes"[0m {"valor": 9662, "tipo": "c", "descricao": "qrr1sQKx0c"}
api1-1   | [18:03:02/2024-02-23] [36m"[35;1mPOST[0;36m /clientes/5/transacoes"[0m {"valor": 941, "tipo": "d", "descricao": "jkZEbUZ2Bo"}
api1-1   | [18:03:02/2024-02-23] [36m"[35;1mPOST[0;36m /clientes/3/transacoes"[0m {"valor": 3731, "tipo": "d", "descricao": "EaHEB6bLMD"}
api2-1   | [18:03:02/2024-02-23] [36m"[35;1mPOST[0;36m /clientes/3/transacoes"[0m {"valor": 9807, "tipo": "c", "descricao": "UjvT3Qd1pO"}
api2-1   | [18:03:02/2024-02-23] [36m"[35;1mPOST[0;36m /clientes/1/transacoes"[0m {"valor": 9033, "tipo": "d", "descricao": "BMXmWonMbu"}
api1-1   | [18:03:02/2024-02-23] [36m"[35;1mPOST[0;36m /clientes/2/transacoes"[0m {"valor": 4213, "tipo": "d", "descricao": "caHZroaKSJ"}
api2-1   | [18:03:02/2024-02-23] [36m"[35;1mPOST[0;36m /clientes/2/transacoes"[0m {"valor": 5132, "tipo": "c", "descricao": "eSCqa26puE"}
api1-1   | [18:03:02/2024-02-23] [36m"[35;1mPOST[0;36m /clientes/1/transacoes"[0m {"valor": 9235, "tipo": "d", "descricao": "c6jCBGDO2X"}
api1-1   | [18:03:02/2024-02-23] [36m"[35;1mPOST[0;36m /clientes/2/transacoes"[0m {"valor": 2976, "tipo": "c", "descricao": "SXndNw31vK"}
api2-1   | [18:03:02/2024-02-23] [36m"[35;1mPOST[0;36m /clientes/4/transacoes"[0m {"valor": 3707, "tipo": "d", "descricao": "JA8dLqwcjR"}
api2-1   | [18:03:03/2024-02-23] [36m"[35;1mPOST[0;36m /clientes/3/transacoes"[0m {"valor": 534, "tipo": "d", "descricao": "M6jWadUB75"}
api1-1   | [18:03:03/2024-02-23] [36m"[35;1mPOST[0;36m /clientes/5/transacoes"[0m {"valor": 2086, "tipo": "d", "descricao": "neXvb1frOH"}
api2-1   | [18:03:03/2024-02-23] [36m"[35;1mPOST[0;36m /clientes/4/transacoes"[0m {"valor": 7375, "tipo": "c", "descricao": "yzT0N9P6lx"}
api1-1   | [18:03:03/2024-02-23] [36m"[35;1mPOST[0;36m /clientes/4/transacoes"[0m {"valor": 2319, "tipo": "d", "descricao": "TSRxkNLY2t"}
api1-1   | [18:03:03/2024-02-23] [36m"[35;1mPOST[0;36m /clientes/2/transacoes"[0m {"valor": 3062, "tipo": "d", "descricao": "KBM1wjYeWw"}
api2-1   | [18:03:03/2024-02-23] [36m"[35;1mGET[0;36m /clientes/4/extrato"[0m
api2-1   | [18:03:03/2024-02-23] [36m"[35;1mPOST[0;36m /clientes/2/transacoes"[0m {"valor": 4813, "tipo": "c", "descricao": "5Byv62iSvl"}
api1-1   | [18:03:03/2024-02-23] [36m"[35;1mPOST[0;36m /clientes/2/transacoes"[0m {"valor": 8918, "tipo": "d", "descricao": "sL4E7ALxyg"}
api1-1   | [18:03:03/2024-02-23] [36m"[35;1mPOST[0;36m /clientes/3/transacoes"[0m {"valor": 4861, "tipo": "d", "descricao": "uIN6LrLP8r"}
