 Network engylemure_default  Creating
 Network engylemure_default  Created
 Container engylemure-db-1  Creating
 Container engylemure-db-1  Created
 Container engylemure-api1-1  Creating
 Container engylemure-api2-1  Creating
 Container engylemure-api1-1  Created
 Container engylemure-api2-1  Created
 Container engylemure-nginx-1  Creating
 Container engylemure-nginx-1  Created
Attaching to api1-1, api2-1, db-1, nginx-1
db-1     | The files belonging to this database system will be owned by user "postgres".
db-1     | This user must also own the server process.
db-1     | 
db-1     | The database cluster will be initialized with locale "en_US.utf8".
db-1     | The default database encoding has accordingly been set to "UTF8".
db-1     | The default text search configuration will be set to "english".
db-1     | 
db-1     | Data page checksums are disabled.
db-1     | 
db-1     | fixing permissions on existing directory /var/lib/postgresql/data ... ok
db-1     | creating subdirectories ... ok
db-1     | selecting dynamic shared memory implementation ... posix
db-1     | selecting default max_connections ... 100
db-1     | selecting default shared_buffers ... 128MB
api2-1   | [2m2024-02-12T16:37:43.802188Z[0m [32m INFO[0m [1mdatabase connection[0m[2m:[0m [2mserver::utils::app_state[0m[2m:[0m new
api1-1   | [2m2024-02-12T16:37:43.894667Z[0m [32m INFO[0m [1mdatabase connection[0m[2m:[0m [2mserver::utils::app_state[0m[2m:[0m new
db-1     | selecting default time zone ... UTC
db-1     | creating configuration files ... ok
nginx-1  | /docker-entrypoint.sh: /docker-entrypoint.d/ is not empty, will attempt to perform configuration
nginx-1  | /docker-entrypoint.sh: Looking for shell scripts in /docker-entrypoint.d/
nginx-1  | /docker-entrypoint.sh: Launching /docker-entrypoint.d/10-listen-on-ipv6-by-default.sh
nginx-1  | 10-listen-on-ipv6-by-default.sh: info: Getting the checksum of /etc/nginx/conf.d/default.conf
nginx-1  | 10-listen-on-ipv6-by-default.sh: info: Enabled listen on IPv6 in /etc/nginx/conf.d/default.conf
nginx-1  | /docker-entrypoint.sh: Sourcing /docker-entrypoint.d/15-local-resolvers.envsh
nginx-1  | /docker-entrypoint.sh: Launching /docker-entrypoint.d/20-envsubst-on-templates.sh
nginx-1  | /docker-entrypoint.sh: Launching /docker-entrypoint.d/30-tune-worker-processes.sh
nginx-1  | /docker-entrypoint.sh: Configuration complete; ready for start up
db-1     | running bootstrap script ... ok
db-1     | sh: locale: not found
db-1     | 2024-02-12 16:37:44.917 UTC [30] WARNING:  no usable system locales were found
db-1     | performing post-bootstrap initialization ... ok
db-1     | initdb: warning: enabling "trust" authentication for local connections
db-1     | initdb: hint: You can change this by editing pg_hba.conf or using the option -A, or --auth-local and --auth-host, the next time you run initdb.
db-1     | syncing data to disk ... ok
db-1     | 
db-1     | 
db-1     | Success. You can now start the database server using:
db-1     | 
db-1     |     pg_ctl -D /var/lib/postgresql/data -l logfile start
db-1     | 
db-1     | waiting for server to start.... done
db-1     | server started
db-1     | CREATE DATABASE
db-1     | 
db-1     | 
db-1     | /usr/local/bin/docker-entrypoint.sh: running /docker-entrypoint-initdb.d/init.sql
db-1     | CREATE TABLE
db-1     | CREATE TYPE
db-1     | CREATE TABLE
db-1     | CREATE INDEX
db-1     | CREATE FUNCTION
db-1     | CREATE TRIGGER
db-1     | INSERT 0 5
db-1     | 
db-1     | 
db-1     | /usr/local/bin/docker-entrypoint.sh: ignoring /docker-entrypoint-initdb.d/postgresql.conf
db-1     | 
db-1     | waiting for server to shut down.... done
db-1     | server stopped
db-1     | 
db-1     | PostgreSQL init process complete; ready for start up.
db-1     | 
nginx-1  | 2024/02/12 16:37:47 [error] 31#31: *1 connect() failed (111: Connection refused) while connecting to upstream, client: 172.22.0.1, server: , request: "GET /clientes/1/extrato HTTP/1.1", upstream: "http://172.22.0.3:80/clientes/1/extrato", host: "localhost:9999"
nginx-1  | 2024/02/12 16:37:47 [error] 31#31: *1 connect() failed (111: Connection refused) while connecting to upstream, client: 172.22.0.1, server: , request: "GET /clientes/1/extrato HTTP/1.1", upstream: "http://172.22.0.4:80/clientes/1/extrato", host: "localhost:9999"
api2-1   | [2m2024-02-12T16:37:47.539963Z[0m [32m INFO[0m [1mdatabase connection[0m[2m:[0m [2mserver::utils::app_state[0m[2m:[0m close [3mtime.busy[0m[2m=[0m24.6ms [3mtime.idle[0m[2m=[0m3.71s
api2-1   | [2m2024-02-12T16:37:47.539999Z[0m [32m INFO[0m [2mserver[0m[2m:[0m Starting App Server at: 0.0.0.0:80
api2-1   | [2m2024-02-12T16:37:47.540221Z[0m [32m INFO[0m [2mactix_server::builder[0m[2m:[0m starting 1 workers
api2-1   | [2m2024-02-12T16:37:47.540244Z[0m [32m INFO[0m [2mactix_server::server[0m[2m:[0m Actix runtime found; starting in Actix runtime
api1-1   | [2m2024-02-12T16:37:47.630236Z[0m [32m INFO[0m [1mdatabase connection[0m[2m:[0m [2mserver::utils::app_state[0m[2m:[0m close [3mtime.busy[0m[2m=[0m21.7ms [3mtime.idle[0m[2m=[0m3.71s
api1-1   | [2m2024-02-12T16:37:47.630271Z[0m [32m INFO[0m [2mserver[0m[2m:[0m Starting App Server at: 0.0.0.0:80
api1-1   | [2m2024-02-12T16:37:47.630506Z[0m [32m INFO[0m [2mactix_server::builder[0m[2m:[0m starting 1 workers
api1-1   | [2m2024-02-12T16:37:47.630531Z[0m [32m INFO[0m [2mactix_server::server[0m[2m:[0m Actix runtime found; starting in Actix runtime
api1-1   | [2m2024-02-12T16:37:49.099366Z[0m [32m INFO[0m [1mHTTP request[0m[1m{[0m[3mhttp.method[0m[2m=[0mGET [3mhttp.route[0m[2m=[0m/clientes/{cliente_id}/extrato [3mhttp.flavor[0m[2m=[0m1.0 [3mhttp.scheme[0m[2m=[0mhttp [3mhttp.host[0m[2m=[0mapi [3mhttp.client_ip[0m[2m=[0m172.22.0.5 [3mhttp.user_agent[0m[2m=[0mcurl/7.88.1 [3mhttp.target[0m[2m=[0m/clientes/1/extrato [3motel.name[0m[2m=[0mHTTP GET /clientes/{cliente_id}/extrato [3motel.kind[0m[2m=[0m"server" [3mrequest_id[0m[2m=[0m31d49566-9bac-4e03-b2f0-dd2254ac3191[1m}[0m[2m:[0m [2mtracing_actix_web::root_span_builder[0m[2m:[0m new
api1-1   | [2m2024-02-12T16:37:49.109106Z[0m [32m INFO[0m [1mHTTP request[0m[1m{[0m[3mhttp.method[0m[2m=[0mGET [3mhttp.route[0m[2m=[0m/clientes/{cliente_id}/extrato [3mhttp.flavor[0m[2m=[0m1.0 [3mhttp.scheme[0m[2m=[0mhttp [3mhttp.host[0m[2m=[0mapi [3mhttp.client_ip[0m[2m=[0m172.22.0.5 [3mhttp.user_agent[0m[2m=[0mcurl/7.88.1 [3mhttp.target[0m[2m=[0m/clientes/1/extrato [3motel.name[0m[2m=[0mHTTP GET /clientes/{cliente_id}/extrato [3motel.kind[0m[2m=[0m"server" [3mrequest_id[0m[2m=[0m31d49566-9bac-4e03-b2f0-dd2254ac3191 [3mtrace_id[0m[2m=[0m00000000000000000000000000000000 [3mhttp.status_code[0m[2m=[0m200 [3motel.status_code[0m[2m=[0m"OK"[1m}[0m[2m:[0m [2mtracing_actix_web::root_span_builder[0m[2m:[0m close [3mtime.busy[0m[2m=[0m742µs [3mtime.idle[0m[2m=[0m9.00ms
api1-1   | [2m2024-02-12T16:37:49.120675Z[0m [32m INFO[0m [1mHTTP request[0m[1m{[0m[3mhttp.method[0m[2m=[0mGET [3mhttp.route[0m[2m=[0m/clientes/{cliente_id}/extrato [3mhttp.flavor[0m[2m=[0m1.0 [3mhttp.scheme[0m[2m=[0mhttp [3mhttp.host[0m[2m=[0mapi [3mhttp.client_ip[0m[2m=[0m172.22.0.5 [3mhttp.user_agent[0m[2m=[0mcurl/7.88.1 [3mhttp.target[0m[2m=[0m/clientes/1/extrato [3motel.name[0m[2m=[0mHTTP GET /clientes/{cliente_id}/extrato [3motel.kind[0m[2m=[0m"server" [3mrequest_id[0m[2m=[0m3834036d-77ce-4600-a7af-9320f5c280ec[1m}[0m[2m:[0m [2mtracing_actix_web::root_span_builder[0m[2m:[0m new
api1-1   | [2m2024-02-12T16:37:49.129104Z[0m [32m INFO[0m [1mHTTP request[0m[1m{[0m[3mhttp.method[0m[2m=[0mGET [3mhttp.route[0m[2m=[0m/clientes/{cliente_id}/extrato [3mhttp.flavor[0m[2m=[0m1.0 [3mhttp.scheme[0m[2m=[0mhttp [3mhttp.host[0m[2m=[0mapi [3mhttp.client_ip[0m[2m=[0m172.22.0.5 [3mhttp.user_agent[0m[2m=[0mcurl/7.88.1 [3mhttp.target[0m[2m=[0m/clientes/1/extrato [3motel.name[0m[2m=[0mHTTP GET /clientes/{cliente_id}/extrato [3motel.kind[0m[2m=[0m"server" [3mrequest_id[0m[2m=[0m3834036d-77ce-4600-a7af-9320f5c280ec [3mtrace_id[0m[2m=[0m00000000000000000000000000000000 [3mhttp.status_code[0m[2m=[0m200 [3motel.status_code[0m[2m=[0m"OK"[1m}[0m[2m:[0m [2mtracing_actix_web::root_span_builder[0m[2m:[0m close [3mtime.busy[0m[2m=[0m668µs [3mtime.idle[0m[2m=[0m7.76ms
nginx-1  | 2024/02/12 16:37:57 [error] 31#31: *9 no live upstreams while connecting to upstream, client: 172.22.0.1, server: , request: "POST /clientes/1/transacoes HTTP/1.1", upstream: "http://api/clientes/1/transacoes", host: "localhost:9999"
nginx-1  | 2024/02/12 16:37:57 [error] 31#31: *10 no live upstreams while connecting to upstream, client: 172.22.0.1, server: , request: "POST /clientes/1/transacoes HTTP/1.1", upstream: "http://api/clientes/1/transacoes", host: "localhost:9999"
api1-1   | [2m2024-02-12T16:37:57.463764Z[0m [32m INFO[0m [1mHTTP request[0m[1m{[0m[3mhttp.method[0m[2m=[0mPOST [3mhttp.route[0m[2m=[0m/clientes/{cliente_id}/transacoes [3mhttp.flavor[0m[2m=[0m1.0 [3mhttp.scheme[0m[2m=[0mhttp [3mhttp.host[0m[2m=[0mapi [3mhttp.client_ip[0m[2m=[0m172.22.0.5 [3mhttp.user_agent[0m[2m=[0mAgente do Caos - 2024/Q1 [3mhttp.target[0m[2m=[0m/clientes/1/transacoes [3motel.name[0m[2m=[0mHTTP POST /clientes/{cliente_id}/transacoes [3motel.kind[0m[2m=[0m"server" [3mrequest_id[0m[2m=[0m471633bb-e97b-4777-8659-c5a178805e31[1m}[0m[2m:[0m [2mtracing_actix_web::root_span_builder[0m[2m:[0m new
nginx-1  | 2024/02/12 16:37:57 [error] 31#31: *17 no live upstreams while connecting to upstream, client: 172.22.0.1, server: , request: "POST /clientes/1/transacoes HTTP/1.1", upstream: "http://api/clientes/1/transacoes", host: "localhost:9999"
nginx-1  | 2024/02/12 16:37:57 [error] 31#31: *15 no live upstreams while connecting to upstream, client: 172.22.0.1, server: , request: "POST /clientes/1/transacoes HTTP/1.1", upstream: "http://api/clientes/1/transacoes", host: "localhost:9999"
nginx-1  | 2024/02/12 16:37:57 [error] 31#31: *14 no live upstreams while connecting to upstream, client: 172.22.0.1, server: , request: "POST /clientes/1/transacoes HTTP/1.1", upstream: "http://api/clientes/1/transacoes", host: "localhost:9999"
nginx-1  | 2024/02/12 16:37:57 [error] 31#31: *12 no live upstreams while connecting to upstream, client: 172.22.0.1, server: , request: "POST /clientes/1/transacoes HTTP/1.1", upstream: "http://api/clientes/1/transacoes", host: "localhost:9999"
nginx-1  | 2024/02/12 16:37:57 [error] 31#31: *11 no live upstreams while connecting to upstream, client: 172.22.0.1, server: , request: "POST /clientes/1/transacoes HTTP/1.1", upstream: "http://api/clientes/1/transacoes", host: "localhost:9999"
nginx-1  | 2024/02/12 16:37:57 [error] 31#31: *13 no live upstreams while connecting to upstream, client: 172.22.0.1, server: , request: "POST /clientes/1/transacoes HTTP/1.1", upstream: "http://api/clientes/1/transacoes", host: "localhost:9999"
nginx-1  | 2024/02/12 16:37:57 [error] 31#31: *18 no live upstreams while connecting to upstream, client: 172.22.0.1, server: , request: "POST /clientes/1/transacoes HTTP/1.1", upstream: "http://api/clientes/1/transacoes", host: "localhost:9999"
api2-1   | [2m2024-02-12T16:37:57.489155Z[0m [32m INFO[0m [1mHTTP request[0m[1m{[0m[3mhttp.method[0m[2m=[0mPOST [3mhttp.route[0m[2m=[0m/clientes/{cliente_id}/transacoes [3mhttp.flavor[0m[2m=[0m1.0 [3mhttp.scheme[0m[2m=[0mhttp [3mhttp.host[0m[2m=[0mapi [3mhttp.client_ip[0m[2m=[0m172.22.0.5 [3mhttp.user_agent[0m[2m=[0mAgente do Caos - 2024/Q1 [3mhttp.target[0m[2m=[0m/clientes/1/transacoes [3motel.name[0m[2m=[0mHTTP POST /clientes/{cliente_id}/transacoes [3motel.kind[0m[2m=[0m"server" [3mrequest_id[0m[2m=[0m16e5e6a1-2331-479e-8973-cd981165192e[1m}[0m[2m:[0m [2mtracing_actix_web::root_span_builder[0m[2m:[0m new
api2-1   | [2m2024-02-12T16:37:57.489355Z[0m [32m INFO[0m [1mHTTP request[0m[1m{[0m[3mhttp.method[0m[2m=[0mPOST [3mhttp.route[0m[2m=[0m/clientes/{cliente_id}/transacoes [3mhttp.flavor[0m[2m=[0m1.0 [3mhttp.scheme[0m[2m=[0mhttp [3mhttp.host[0m[2m=[0mapi [3mhttp.client_ip[0m[2m=[0m172.22.0.5 [3mhttp.user_agent[0m[2m=[0mAgente do Caos - 2024/Q1 [3mhttp.target[0m[2m=[0m/clientes/1/transacoes [3motel.name[0m[2m=[0mHTTP POST /clientes/{cliente_id}/transacoes [3motel.kind[0m[2m=[0m"server" [3mrequest_id[0m[2m=[0m147f9c9b-9013-4f22-b763-724ccc0ea570[1m}[0m[2m:[0m [2mtracing_actix_web::root_span_builder[0m[2m:[0m new
api2-1   | [2m2024-02-12T16:37:57.491969Z[0m [32m INFO[0m [1mHTTP request[0m[1m{[0m[3mhttp.method[0m[2m=[0mPOST [3mhttp.route[0m[2m=[0m/clientes/{cliente_id}/transacoes [3mhttp.flavor[0m[2m=[0m1.0 [3mhttp.scheme[0m[2m=[0mhttp [3mhttp.host[0m[2m=[0mapi [3mhttp.client_ip[0m[2m=[0m172.22.0.5 [3mhttp.user_agent[0m[2m=[0mAgente do Caos - 2024/Q1 [3mhttp.target[0m[2m=[0m/clientes/1/transacoes [3motel.name[0m[2m=[0mHTTP POST /clientes/{cliente_id}/transacoes [3motel.kind[0m[2m=[0m"server" [3mrequest_id[0m[2m=[0m12859500-4625-4fec-90f4-cf1b828d4e22[1m}[0m[2m:[0m [2mtracing_actix_web::root_span_builder[0m[2m:[0m new
api1-1   | [2m2024-02-12T16:37:57.490188Z[0m [32m INFO[0m [1mHTTP request[0m[1m{[0m[3mhttp.method[0m[2m=[0mPOST [3mhttp.route[0m[2m=[0m/clientes/{cliente_id}/transacoes [3mhttp.flavor[0m[2m=[0m1.0 [3mhttp.scheme[0m[2m=[0mhttp [3mhttp.host[0m[2m=[0mapi [3mhttp.client_ip[0m[2m=[0m172.22.0.5 [3mhttp.user_agent[0m[2m=[0mAgente do Caos - 2024/Q1 [3mhttp.target[0m[2m=[0m/clientes/1/transacoes [3motel.name[0m[2m=[0mHTTP POST /clientes/{cliente_id}/transacoes [3motel.kind[0m[2m=[0m"server" [3mrequest_id[0m[2m=[0md757ce2d-1a22-499b-8544-0950b2593d54[1m}[0m[2m:[0m [2mtracing_actix_web::root_span_builder[0m[2m:[0m new
api1-1   | [2m2024-02-12T16:37:57.491344Z[0m [32m INFO[0m [1mHTTP request[0m[1m{[0m[3mhttp.method[0m[2m=[0mPOST [3mhttp.route[0m[2m=[0m/clientes/{cliente_id}/transacoes [3mhttp.flavor[0m[2m=[0m1.0 [3mhttp.scheme[0m[2m=[0mhttp [3mhttp.host[0m[2m=[0mapi [3mhttp.client_ip[0m[2m=[0m172.22.0.5 [3mhttp.user_agent[0m[2m=[0mAgente do Caos - 2024/Q1 [3mhttp.target[0m[2m=[0m/clientes/1/transacoes [3motel.name[0m[2m=[0mHTTP POST /clientes/{cliente_id}/transacoes [3motel.kind[0m[2m=[0m"server" [3mrequest_id[0m[2m=[0m471633bb-e97b-4777-8659-c5a178805e31 [3mtrace_id[0m[2m=[0m00000000000000000000000000000000 [3mhttp.status_code[0m[2m=[0m200 [3motel.status_code[0m[2m=[0m"OK"[1m}[0m[2m:[0m [2mtracing_actix_web::root_span_builder[0m[2m:[0m close [3mtime.busy[0m[2m=[0m885µs [3mtime.idle[0m[2m=[0m26.7ms
api1-1   | [2m2024-02-12T16:37:57.491969Z[0m [32m INFO[0m [1mHTTP request[0m[1m{[0m[3mhttp.method[0m[2m=[0mPOST [3mhttp.route[0m[2m=[0m/clientes/{cliente_id}/transacoes [3mhttp.flavor[0m[2m=[0m1.0 [3mhttp.scheme[0m[2m=[0mhttp [3mhttp.host[0m[2m=[0mapi [3mhttp.client_ip[0m[2m=[0m172.22.0.5 [3mhttp.user_agent[0m[2m=[0mAgente do Caos - 2024/Q1 [3mhttp.target[0m[2m=[0m/clientes/1/transacoes [3motel.name[0m[2m=[0mHTTP POST /clientes/{cliente_id}/transacoes [3motel.kind[0m[2m=[0m"server" [3mrequest_id[0m[2m=[0m30743b90-b81f-4dc8-a093-8b2dd392d513[1m}[0m[2m:[0m [2mtracing_actix_web::root_span_builder[0m[2m:[0m new
nginx-1  | 2024/02/12 16:37:57 [error] 31#31: *32 no live upstreams while connecting to upstream, client: 172.22.0.1, server: , request: "POST /clientes/1/transacoes HTTP/1.1", upstream: "http://api/clientes/1/transacoes", host: "localhost:9999"
nginx-1  | 2024/02/12 16:37:57 [error] 31#31: *31 no live upstreams while connecting to upstream, client: 172.22.0.1, server: , request: "POST /clientes/1/transacoes HTTP/1.1", upstream: "http://api/clientes/1/transacoes", host: "localhost:9999"
nginx-1  | 2024/02/12 16:37:57 [error] 31#31: *30 no live upstreams while connecting to upstream, client: 172.22.0.1, server: , request: "POST /clientes/1/transacoes HTTP/1.1", upstream: "http://api/clientes/1/transacoes", host: "localhost:9999"
api1-1   | [2m2024-02-12T16:37:57.507563Z[0m [32m INFO[0m [1mHTTP request[0m[1m{[0m[3mhttp.method[0m[2m=[0mPOST [3mhttp.route[0m[2m=[0m/clientes/{cliente_id}/transacoes [3mhttp.flavor[0m[2m=[0m1.0 [3mhttp.scheme[0m[2m=[0mhttp [3mhttp.host[0m[2m=[0mapi [3mhttp.client_ip[0m[2m=[0m172.22.0.5 [3mhttp.user_agent[0m[2m=[0mAgente do Caos - 2024/Q1 [3mhttp.target[0m[2m=[0m/clientes/1/transacoes [3motel.name[0m[2m=[0mHTTP POST /clientes/{cliente_id}/transacoes [3motel.kind[0m[2m=[0m"server" [3mrequest_id[0m[2m=[0m30743b90-b81f-4dc8-a093-8b2dd392d513 [3mtrace_id[0m[2m=[0m00000000000000000000000000000000 [3mhttp.status_code[0m[2m=[0m200 [3motel.status_code[0m[2m=[0m"OK"[1m}[0m[2m:[0m [2mtracing_actix_web::root_span_builder[0m[2m:[0m close [3mtime.busy[0m[2m=[0m556µs [3mtime.idle[0m[2m=[0m15.0ms
api2-1   | [2m2024-02-12T16:37:57.517425Z[0m [32m INFO[0m [1mHTTP request[0m[1m{[0m[3mhttp.method[0m[2m=[0mPOST [3mhttp.route[0m[2m=[0m/clientes/{cliente_id}/transacoes [3mhttp.flavor[0m[2m=[0m1.0 [3mhttp.scheme[0m[2m=[0mhttp [3mhttp.host[0m[2m=[0mapi [3mhttp.client_ip[0m[2m=[0m172.22.0.5 [3mhttp.user_agent[0m[2m=[0mAgente do Caos - 2024/Q1 [3mhttp.target[0m[2m=[0m/clientes/1/transacoes [3motel.name[0m[2m=[0mHTTP POST /clientes/{cliente_id}/transacoes [3motel.kind[0m[2m=[0m"server" [3mrequest_id[0m[2m=[0md31772b7-8e9f-48bd-8495-0115fd8fef12[1m}[0m[2m:[0m [2mtracing_actix_web::root_span_builder[0m[2m:[0m new
api2-1   | [2m2024-02-12T16:37:57.529331Z[0m [32m INFO[0m [1mHTTP request[0m[1m{[0m[3mhttp.method[0m[2m=[0mPOST [3mhttp.route[0m[2m=[0m/clientes/{cliente_id}/transacoes [3mhttp.flavor[0m[2m=[0m1.0 [3mhttp.scheme[0m[2m=[0mhttp [3mhttp.host[0m[2m=[0mapi [3mhttp.client_ip[0m[2m=[0m172.22.0.5 [3mhttp.user_agent[0m[2m=[0mAgente do Caos - 2024/Q1 [3mhttp.target[0m[2m=[0m/clientes/1/transacoes [3motel.name[0m[2m=[0mHTTP POST /clientes/{cliente_id}/transacoes [3motel.kind[0m[2m=[0m"server" [3mrequest_id[0m[2m=[0m5d17d72c-4ffd-4dd2-bc7f-da26bf05d02b[1m}[0m[2m:[0m [2mtracing_actix_web::root_span_builder[0m[2m:[0m new
api2-1   | [2m2024-02-12T16:37:57.529508Z[0m [32m INFO[0m [1mHTTP request[0m[1m{[0m[3mhttp.method[0m[2m=[0mPOST [3mhttp.route[0m[2m=[0m/clientes/{cliente_id}/transacoes [3mhttp.flavor[0m[2m=[0m1.0 [3mhttp.scheme[0m[2m=[0mhttp [3mhttp.host[0m[2m=[0mapi [3mhttp.client_ip[0m[2m=[0m172.22.0.5 [3mhttp.user_agent[0m[2m=[0mAgente do Caos - 2024/Q1 [3mhttp.target[0m[2m=[0m/clientes/1/transacoes [3motel.name[0m[2m=[0mHTTP POST /clientes/{cliente_id}/transacoes [3motel.kind[0m[2m=[0m"server" [3mrequest_id[0m[2m=[0m18214dbc-cb22-4680-a529-5779ee8bdb2a[1m}[0m[2m:[0m [2mtracing_actix_web::root_span_builder[0m[2m:[0m new
api1-1   | [2m2024-02-12T16:37:57.529100Z[0m [32m INFO[0m [1mHTTP request[0m[1m{[0m[3mhttp.method[0m[2m=[0mPOST [3mhttp.route[0m[2m=[0m/clientes/{cliente_id}/transacoes [3mhttp.flavor[0m[2m=[0m1.0 [3mhttp.scheme[0m[2m=[0mhttp [3mhttp.host[0m[2m=[0mapi [3mhttp.client_ip[0m[2m=[0m172.22.0.5 [3mhttp.user_agent[0m[2m=[0mAgente do Caos - 2024/Q1 [3mhttp.target[0m[2m=[0m/clientes/1/transacoes [3motel.name[0m[2m=[0mHTTP POST /clientes/{cliente_id}/transacoes [3motel.kind[0m[2m=[0m"server" [3mrequest_id[0m[2m=[0m34a7cc8e-335b-4e5a-90bb-a85747933a86[1m}[0m[2m:[0m [2mtracing_actix_web::root_span_builder[0m[2m:[0m new
api1-1   | [2m2024-02-12T16:37:57.529268Z[0m [32m INFO[0m [1mHTTP request[0m[1m{[0m[3mhttp.method[0m[2m=[0mPOST [3mhttp.route[0m[2m=[0m/clientes/{cliente_id}/transacoes [3mhttp.flavor[0m[2m=[0m1.0 [3mhttp.scheme[0m[2m=[0mhttp [3mhttp.host[0m[2m=[0mapi [3mhttp.client_ip[0m[2m=[0m172.22.0.5 [3mhttp.user_agent[0m[2m=[0mAgente do Caos - 2024/Q1 [3mhttp.target[0m[2m=[0m/clientes/1/transacoes [3motel.name[0m[2m=[0mHTTP POST /clientes/{cliente_id}/transacoes [3motel.kind[0m[2m=[0m"server" [3mrequest_id[0m[2m=[0m82ca5485-4d6e-4aec-85e9-92822f49f8d6[1m}[0m[2m:[0m [2mtracing_actix_web::root_span_builder[0m[2m:[0m new
nginx-1  | 2024/02/12 16:37:57 [error] 31#31: *34 no live upstreams while connecting to upstream, client: 172.22.0.1, server: , request: "POST /clientes/1/transacoes HTTP/1.1", upstream: "http://api/clientes/1/transacoes", host: "localhost:9999"
nginx-1  | 2024/02/12 16:37:57 [error] 31#31: *33 no live upstreams while connecting to upstream, client: 172.22.0.1, server: , request: "POST /clientes/1/transacoes HTTP/1.1", upstream: "http://api/clientes/1/transacoes", host: "localhost:9999"
api2-1   | [2m2024-02-12T16:37:57.551068Z[0m [32m INFO[0m [1mHTTP request[0m[1m{[0m[3mhttp.method[0m[2m=[0mPOST [3mhttp.route[0m[2m=[0m/clientes/{cliente_id}/transacoes [3mhttp.flavor[0m[2m=[0m1.0 [3mhttp.scheme[0m[2m=[0mhttp [3mhttp.host[0m[2m=[0mapi [3mhttp.client_ip[0m[2m=[0m172.22.0.5 [3mhttp.user_agent[0m[2m=[0mAgente do Caos - 2024/Q1 [3mhttp.target[0m[2m=[0m/clientes/1/transacoes [3motel.name[0m[2m=[0mHTTP POST /clientes/{cliente_id}/transacoes [3motel.kind[0m[2m=[0m"server" [3mrequest_id[0m[2m=[0m12859500-4625-4fec-90f4-cf1b828d4e22 [3mtrace_id[0m[2m=[0m00000000000000000000000000000000 [3mhttp.status_code[0m[2m=[0m200 [3motel.status_code[0m[2m=[0m"OK"[1m}[0m[2m:[0m [2mtracing_actix_web::root_span_builder[0m[2m:[0m close [3mtime.busy[0m[2m=[0m1.32ms [3mtime.idle[0m[2m=[0m57.8ms
api1-1   | [2m2024-02-12T16:37:57.587948Z[0m [32m INFO[0m [1mHTTP request[0m[1m{[0m[3mhttp.method[0m[2m=[0mPOST [3mhttp.route[0m[2m=[0m/clientes/{cliente_id}/transacoes [3mhttp.flavor[0m[2m=[0m1.0 [3mhttp.scheme[0m[2m=[0mhttp [3mhttp.host[0m[2m=[0mapi [3mhttp.client_ip[0m[2m=[0m172.22.0.5 [3mhttp.user_agent[0m[2m=[0mAgente do Caos - 2024/Q1 [3mhttp.target[0m[2m=[0m/clientes/1/transacoes [3motel.name[0m[2m=[0mHTTP POST /clientes/{cliente_id}/transacoes [3motel.kind[0m[2m=[0m"server" [3mrequest_id[0m[2m=[0m82ca5485-4d6e-4aec-85e9-92822f49f8d6 [3mtrace_id[0m[2m=[0m00000000000000000000000000000000 [3mhttp.status_code[0m[2m=[0m200 [3motel.status_code[0m[2m=[0m"OK"[1m}[0m[2m:[0m [2mtracing_actix_web::root_span_builder[0m[2m:[0m close [3mtime.busy[0m[2m=[0m347µs [3mtime.idle[0m[2m=[0m58.3ms
api2-1   | [2m2024-02-12T16:37:57.598966Z[0m [32m INFO[0m [1mHTTP request[0m[1m{[0m[3mhttp.method[0m[2m=[0mPOST [3mhttp.route[0m[2m=[0m/clientes/{cliente_id}/transacoes [3mhttp.flavor[0m[2m=[0m1.0 [3mhttp.scheme[0m[2m=[0mhttp [3mhttp.host[0m[2m=[0mapi [3mhttp.client_ip[0m[2m=[0m172.22.0.5 [3mhttp.user_agent[0m[2m=[0mAgente do Caos - 2024/Q1 [3mhttp.target[0m[2m=[0m/clientes/1/transacoes [3motel.name[0m[2m=[0mHTTP POST /clientes/{cliente_id}/transacoes [3motel.kind[0m[2m=[0m"server" [3mrequest_id[0m[2m=[0m16e5e6a1-2331-479e-8973-cd981165192e [3mtrace_id[0m[2m=[0m00000000000000000000000000000000 [3mhttp.status_code[0m[2m=[0m200 [3motel.status_code[0m[2m=[0m"OK"[1m}[0m[2m:[0m [2mtracing_actix_web::root_span_builder[0m[2m:[0m close [3mtime.busy[0m[2m=[0m810µs [3mtime.idle[0m[2m=[0m109ms
api2-1   | [2m2024-02-12T16:37:57.603904Z[0m [32m INFO[0m [1mHTTP request[0m[1m{[0m[3mhttp.method[0m[2m=[0mPOST [3mhttp.route[0m[2m=[0m/clientes/{cliente_id}/transacoes [3mhttp.flavor[0m[2m=[0m1.0 [3mhttp.scheme[0m[2m=[0mhttp [3mhttp.host[0m[2m=[0mapi [3mhttp.client_ip[0m[2m=[0m172.22.0.5 [3mhttp.user_agent[0m[2m=[0mAgente do Caos - 2024/Q1 [3mhttp.target[0m[2m=[0m/clientes/1/transacoes [3motel.name[0m[2m=[0mHTTP POST /clientes/{cliente_id}/transacoes [3motel.kind[0m[2m=[0m"server" [3mrequest_id[0m[2m=[0m147f9c9b-9013-4f22-b763-724ccc0ea570 [3mtrace_id[0m[2m=[0m00000000000000000000000000000000 [3mhttp.status_code[0m[2m=[0m200 [3motel.status_code[0m[2m=[0m"OK"[1m}[0m[2m:[0m [2mtracing_actix_web::root_span_builder[0m[2m:[0m close [3mtime.busy[0m[2m=[0m834µs [3mtime.idle[0m[2m=[0m114ms
api1-1   | [2m2024-02-12T16:37:57.610248Z[0m [32m INFO[0m [1mHTTP request[0m[1m{[0m[3mhttp.method[0m[2m=[0mPOST [3mhttp.route[0m[2m=[0m/clientes/{cliente_id}/transacoes [3mhttp.flavor[0m[2m=[0m1.0 [3mhttp.scheme[0m[2m=[0mhttp [3mhttp.host[0m[2m=[0mapi [3mhttp.client_ip[0m[2m=[0m172.22.0.5 [3mhttp.user_agent[0m[2m=[0mAgente do Caos - 2024/Q1 [3mhttp.target[0m[2m=[0m/clientes/1/transacoes [3motel.name[0m[2m=[0mHTTP POST /clientes/{cliente_id}/transacoes [3motel.kind[0m[2m=[0m"server" [3mrequest_id[0m[2m=[0m34a7cc8e-335b-4e5a-90bb-a85747933a86 [3mtrace_id[0m[2m=[0m00000000000000000000000000000000 [3mhttp.status_code[0m[2m=[0m200 [3motel.status_code[0m[2m=[0m"OK"[1m}[0m[2m:[0m [2mtracing_actix_web::root_span_builder[0m[2m:[0m close [3mtime.busy[0m[2m=[0m537µs [3mtime.idle[0m[2m=[0m80.6ms
api1-1   | [2m2024-02-12T16:37:57.620733Z[0m [32m INFO[0m [1mHTTP request[0m[1m{[0m[3mhttp.method[0m[2m=[0mPOST [3mhttp.route[0m[2m=[0m/clientes/{cliente_id}/transacoes [3mhttp.flavor[0m[2m=[0m1.0 [3mhttp.scheme[0m[2m=[0mhttp [3mhttp.host[0m[2m=[0mapi [3mhttp.client_ip[0m[2m=[0m172.22.0.5 [3mhttp.user_agent[0m[2m=[0mAgente do Caos - 2024/Q1 [3mhttp.target[0m[2m=[0m/clientes/1/transacoes [3motel.name[0m[2m=[0mHTTP POST /clientes/{cliente_id}/transacoes [3motel.kind[0m[2m=[0m"server" [3mrequest_id[0m[2m=[0md757ce2d-1a22-499b-8544-0950b2593d54 [3mtrace_id[0m[2m=[0m00000000000000000000000000000000 [3mhttp.status_code[0m[2m=[0m200 [3motel.status_code[0m[2m=[0m"OK"[1m}[0m[2m:[0m [2mtracing_actix_web::root_span_builder[0m[2m:[0m close [3mtime.busy[0m[2m=[0m829µs [3mtime.idle[0m[2m=[0m130ms
api2-1   | [2m2024-02-12T16:37:57.626913Z[0m [32m INFO[0m [1mHTTP request[0m[1m{[0m[3mhttp.method[0m[2m=[0mPOST [3mhttp.route[0m[2m=[0m/clientes/{cliente_id}/transacoes [3mhttp.flavor[0m[2m=[0m1.0 [3mhttp.scheme[0m[2m=[0mhttp [3mhttp.host[0m[2m=[0mapi [3mhttp.client_ip[0m[2m=[0m172.22.0.5 [3mhttp.user_agent[0m[2m=[0mAgente do Caos - 2024/Q1 [3mhttp.target[0m[2m=[0m/clientes/1/transacoes [3motel.name[0m[2m=[0mHTTP POST /clientes/{cliente_id}/transacoes [3motel.kind[0m[2m=[0m"server" [3mrequest_id[0m[2m=[0m18214dbc-cb22-4680-a529-5779ee8bdb2a [3mtrace_id[0m[2m=[0m00000000000000000000000000000000 [3mhttp.status_code[0m[2m=[0m200 [3motel.status_code[0m[2m=[0m"OK"[1m}[0m[2m:[0m [2mtracing_actix_web::root_span_builder[0m[2m:[0m close [3mtime.busy[0m[2m=[0m10.9ms [3mtime.idle[0m[2m=[0m86.5ms
api2-1   | [2m2024-02-12T16:37:57.633076Z[0m [32m INFO[0m [1mHTTP request[0m[1m{[0m[3mhttp.method[0m[2m=[0mPOST [3mhttp.route[0m[2m=[0m/clientes/{cliente_id}/transacoes [3mhttp.flavor[0m[2m=[0m1.0 [3mhttp.scheme[0m[2m=[0mhttp [3mhttp.host[0m[2m=[0mapi [3mhttp.client_ip[0m[2m=[0m172.22.0.5 [3mhttp.user_agent[0m[2m=[0mAgente do Caos - 2024/Q1 [3mhttp.target[0m[2m=[0m/clientes/1/transacoes [3motel.name[0m[2m=[0mHTTP POST /clientes/{cliente_id}/transacoes [3motel.kind[0m[2m=[0m"server" [3mrequest_id[0m[2m=[0md31772b7-8e9f-48bd-8495-0115fd8fef12 [3mtrace_id[0m[2m=[0m00000000000000000000000000000000 [3mhttp.status_code[0m[2m=[0m200 [3motel.status_code[0m[2m=[0m"OK"[1m}[0m[2m:[0m [2mtracing_actix_web::root_span_builder[0m[2m:[0m close [3mtime.busy[0m[2m=[0m751µs [3mtime.idle[0m[2m=[0m115ms
api2-1   | [2m2024-02-12T16:37:57.639391Z[0m [32m INFO[0m [1mHTTP request[0m[1m{[0m[3mhttp.method[0m[2m=[0mPOST [3mhttp.route[0m[2m=[0m/clientes/{cliente_id}/transacoes [3mhttp.flavor[0m[2m=[0m1.0 [3mhttp.scheme[0m[2m=[0mhttp [3mhttp.host[0m[2m=[0mapi [3mhttp.client_ip[0m[2m=[0m172.22.0.5 [3mhttp.user_agent[0m[2m=[0mAgente do Caos - 2024/Q1 [3mhttp.target[0m[2m=[0m/clientes/1/transacoes [3motel.name[0m[2m=[0mHTTP POST /clientes/{cliente_id}/transacoes [3motel.kind[0m[2m=[0m"server" [3mrequest_id[0m[2m=[0m5d17d72c-4ffd-4dd2-bc7f-da26bf05d02b [3mtrace_id[0m[2m=[0m00000000000000000000000000000000 [3mhttp.status_code[0m[2m=[0m200 [3motel.status_code[0m[2m=[0m"OK"[1m}[0m[2m:[0m [2mtracing_actix_web::root_span_builder[0m[2m:[0m close [3mtime.busy[0m[2m=[0m14.2ms [3mtime.idle[0m[2m=[0m95.9ms
api2-1   | [2m2024-02-12T16:37:58.414018Z[0m [32m INFO[0m [1mHTTP request[0m[1m{[0m[3mhttp.method[0m[2m=[0mGET [3mhttp.route[0m[2m=[0m/clientes/{cliente_id}/extrato [3mhttp.flavor[0m[2m=[0m1.0 [3mhttp.scheme[0m[2m=[0mhttp [3mhttp.host[0m[2m=[0mapi [3mhttp.client_ip[0m[2m=[0m172.22.0.5 [3mhttp.user_agent[0m[2m=[0mAgente do Caos - 2024/Q1 [3mhttp.target[0m[2m=[0m/clientes/1/extrato [3motel.name[0m[2m=[0mHTTP GET /clientes/{cliente_id}/extrato [3motel.kind[0m[2m=[0m"server" [3mrequest_id[0m[2m=[0m96d93107-2a11-4023-a8fc-a5561f723c2a[1m}[0m[2m:[0m [2mtracing_actix_web::root_span_builder[0m[2m:[0m new
api2-1   | [2m2024-02-12T16:37:58.416944Z[0m [32m INFO[0m [1mHTTP request[0m[1m{[0m[3mhttp.method[0m[2m=[0mGET [3mhttp.route[0m[2m=[0m/clientes/{cliente_id}/extrato [3mhttp.flavor[0m[2m=[0m1.0 [3mhttp.scheme[0m[2m=[0mhttp [3mhttp.host[0m[2m=[0mapi [3mhttp.client_ip[0m[2m=[0m172.22.0.5 [3mhttp.user_agent[0m[2m=[0mAgente do Caos - 2024/Q1 [3mhttp.target[0m[2m=[0m/clientes/1/extrato [3motel.name[0m[2m=[0mHTTP GET /clientes/{cliente_id}/extrato [3motel.kind[0m[2m=[0m"server" [3mrequest_id[0m[2m=[0m96d93107-2a11-4023-a8fc-a5561f723c2a [3mtrace_id[0m[2m=[0m00000000000000000000000000000000 [3mhttp.status_code[0m[2m=[0m200 [3motel.status_code[0m[2m=[0m"OK"[1m}[0m[2m:[0m [2mtracing_actix_web::root_span_builder[0m[2m:[0m close [3mtime.busy[0m[2m=[0m364µs [3mtime.idle[0m[2m=[0m2.56ms
api1-1   | [2m2024-02-12T16:37:59.417033Z[0m [32m INFO[0m [1mHTTP request[0m[1m{[0m[3mhttp.method[0m[2m=[0mPOST [3mhttp.route[0m[2m=[0m/clientes/{cliente_id}/transacoes [3mhttp.flavor[0m[2m=[0m1.0 [3mhttp.scheme[0m[2m=[0mhttp [3mhttp.host[0m[2m=[0mapi [3mhttp.client_ip[0m[2m=[0m172.22.0.5 [3mhttp.user_agent[0m[2m=[0mAgente do Caos - 2024/Q1 [3mhttp.target[0m[2m=[0m/clientes/1/transacoes [3motel.name[0m[2m=[0mHTTP POST /clientes/{cliente_id}/transacoes [3motel.kind[0m[2m=[0m"server" [3mrequest_id[0m[2m=[0m11461ba7-29d0-470c-93f5-a04d67827e2d[1m}[0m[2m:[0m [2mtracing_actix_web::root_span_builder[0m[2m:[0m new
api2-1   | [2m2024-02-12T16:37:59.415496Z[0m [32m INFO[0m [1mHTTP request[0m[1m{[0m[3mhttp.method[0m[2m=[0mPOST [3mhttp.route[0m[2m=[0m/clientes/{cliente_id}/transacoes [3mhttp.flavor[0m[2m=[0m1.0 [3mhttp.scheme[0m[2m=[0mhttp [3mhttp.host[0m[2m=[0mapi [3mhttp.client_ip[0m[2m=[0m172.22.0.5 [3mhttp.user_agent[0m[2m=[0mAgente do Caos - 2024/Q1 [3mhttp.target[0m[2m=[0m/clientes/1/transacoes [3motel.name[0m[2m=[0mHTTP POST /clientes/{cliente_id}/transacoes [3motel.kind[0m[2m=[0m"server" [3mrequest_id[0m[2m=[0m74d3e31b-6e38-43d8-919a-0f3de88dd783[1m}[0m[2m:[0m [2mtracing_actix_web::root_span_builder[0m[2m:[0m new
api2-1   | [2m2024-02-12T16:37:59.416601Z[0m [32m INFO[0m [1mHTTP request[0m[1m{[0m[3mhttp.method[0m[2m=[0mPOST [3mhttp.route[0m[2m=[0m/clientes/{cliente_id}/transacoes [3mhttp.flavor[0m[2m=[0m1.0 [3mhttp.scheme[0m[2m=[0mhttp [3mhttp.host[0m[2m=[0mapi [3mhttp.client_ip[0m[2m=[0m172.22.0.5 [3mhttp.user_agent[0m[2m=[0mAgente do Caos - 2024/Q1 [3mhttp.target[0m[2m=[0m/clientes/1/transacoes [3motel.name[0m[2m=[0mHTTP POST /clientes/{cliente_id}/transacoes [3motel.kind[0m[2m=[0m"server" [3mrequest_id[0m[2m=[0md525aa69-29b1-4f15-9fcb-a3e90abdd288[1m}[0m[2m:[0m [2mtracing_actix_web::root_span_builder[0m[2m:[0m new
api1-1   | [2m2024-02-12T16:37:59.422140Z[0m [32m INFO[0m [1mHTTP request[0m[1m{[0m[3mhttp.method[0m[2m=[0mPOST [3mhttp.route[0m[2m=[0m/clientes/{cliente_id}/transacoes [3mhttp.flavor[0m[2m=[0m1.0 [3mhttp.scheme[0m[2m=[0mhttp [3mhttp.host[0m[2m=[0mapi [3mhttp.client_ip[0m[2m=[0m172.22.0.5 [3mhttp.user_agent[0m[2m=[0mAgente do Caos - 2024/Q1 [3mhttp.target[0m[2m=[0m/clientes/1/transacoes [3motel.name[0m[2m=[0mHTTP POST /clientes/{cliente_id}/transacoes [3motel.kind[0m[2m=[0m"server" [3mrequest_id[0m[2m=[0m11461ba7-29d0-470c-93f5-a04d67827e2d [3mtrace_id[0m[2m=[0m00000000000000000000000000000000 [3mhttp.status_code[0m[2m=[0m200 [3motel.status_code[0m[2m=[0m"OK"[1m}[0m[2m:[0m [2mtracing_actix_web::root_span_builder[0m[2m:[0m close [3mtime.busy[0m[2m=[0m345µs [3mtime.idle[0m[2m=[0m4.76ms
api2-1   | [2m2024-02-12T16:37:59.423078Z[0m [32m INFO[0m [1mHTTP request[0m[1m{[0m[3mhttp.method[0m[2m=[0mPOST [3mhttp.route[0m[2m=[0m/clientes/{cliente_id}/transacoes [3mhttp.flavor[0m[2m=[0m1.0 [3mhttp.scheme[0m[2m=[0mhttp [3mhttp.host[0m[2m=[0mapi [3mhttp.client_ip[0m[2m=[0m172.22.0.5 [3mhttp.user_agent[0m[2m=[0mAgente do Caos - 2024/Q1 [3mhttp.target[0m[2m=[0m/clientes/1/transacoes [3motel.name[0m[2m=[0mHTTP POST /clientes/{cliente_id}/transacoes [3motel.kind[0m[2m=[0m"server" [3mrequest_id[0m[2m=[0m6e4d9217-011d-438e-ba81-b3ee01546bec[1m}[0m[2m:[0m [2mtracing_actix_web::root_span_builder[0m[2m:[0m new
api1-1   | [2m2024-02-12T16:37:59.423566Z[0m [32m INFO[0m [1mHTTP request[0m[1m{[0m[3mhttp.method[0m[2m=[0mPOST [3mhttp.route[0m[2m=[0m/clientes/{cliente_id}/transacoes [3mhttp.flavor[0m[2m=[0m1.0 [3mhttp.scheme[0m[2m=[0mhttp [3mhttp.host[0m[2m=[0mapi [3mhttp.client_ip[0m[2m=[0m172.22.0.5 [3mhttp.user_agent[0m[2m=[0mAgente do Caos - 2024/Q1 [3mhttp.target[0m[2m=[0m/clientes/1/transacoes [3motel.name[0m[2m=[0mHTTP POST /clientes/{cliente_id}/transacoes [3motel.kind[0m[2m=[0m"server" [3mrequest_id[0m[2m=[0me79ee608-142c-40a6-8677-d28ee8283dfc[1m}[0m[2m:[0m [2mtracing_actix_web::root_span_builder[0m[2m:[0m new
api2-1   | [2m2024-02-12T16:37:59.425129Z[0m [32m INFO[0m [1mHTTP request[0m[1m{[0m[3mhttp.method[0m[2m=[0mPOST [3mhttp.route[0m[2m=[0m/clientes/{cliente_id}/transacoes [3mhttp.flavor[0m[2m=[0m1.0 [3mhttp.scheme[0m[2m=[0mhttp [3mhttp.host[0m[2m=[0mapi [3mhttp.client_ip[0m[2m=[0m172.22.0.5 [3mhttp.user_agent[0m[2m=[0mAgente do Caos - 2024/Q1 [3mhttp.target[0m[2m=[0m/clientes/1/transacoes [3motel.name[0m[2m=[0mHTTP POST /clientes/{cliente_id}/transacoes [3motel.kind[0m[2m=[0m"server" [3mrequest_id[0m[2m=[0m90a4e7ab-c36b-43cf-a5d8-18ca7ad20672[1m}[0m[2m:[0m [2mtracing_actix_web::root_span_builder[0m[2m:[0m new
api1-1   | [2m2024-02-12T16:37:59.425606Z[0m [32m INFO[0m [1mHTTP request[0m[1m{[0m[3mhttp.method[0m[2m=[0mPOST [3mhttp.route[0m[2m=[0m/clientes/{cliente_id}/transacoes [3mhttp.flavor[0m[2m=[0m1.0 [3mhttp.scheme[0m[2m=[0mhttp [3mhttp.host[0m[2m=[0mapi [3mhttp.client_ip[0m[2m=[0m172.22.0.5 [3mhttp.user_agent[0m[2m=[0mAgente do Caos - 2024/Q1 [3mhttp.target[0m[2m=[0m/clientes/1/transacoes [3motel.name[0m[2m=[0mHTTP POST /clientes/{cliente_id}/transacoes [3motel.kind[0m[2m=[0m"server" [3mrequest_id[0m[2m=[0m934e6985-4757-46f8-a700-22e13fc2b938[1m}[0m[2m:[0m [2mtracing_actix_web::root_span_builder[0m[2m:[0m new
api2-1   | [2m2024-02-12T16:37:59.427122Z[0m [32m INFO[0m [1mHTTP request[0m[1m{[0m[3mhttp.method[0m[2m=[0mPOST [3mhttp.route[0m[2m=[0m/clientes/{cliente_id}/transacoes [3mhttp.flavor[0m[2m=[0m1.0 [3mhttp.scheme[0m[2m=[0mhttp [3mhttp.host[0m[2m=[0mapi [3mhttp.client_ip[0m[2m=[0m172.22.0.5 [3mhttp.user_agent[0m[2m=[0mAgente do Caos - 2024/Q1 [3mhttp.target[0m[2m=[0m/clientes/1/transacoes [3motel.name[0m[2m=[0mHTTP POST /clientes/{cliente_id}/transacoes [3motel.kind[0m[2m=[0m"server" [3mrequest_id[0m[2m=[0m99abc304-6026-4f37-8462-65b31158e698[1m}[0m[2m:[0m [2mtracing_actix_web::root_span_builder[0m[2m:[0m new
api2-1   | [2m2024-02-12T16:37:59.427745Z[0m [32m INFO[0m [1mHTTP request[0m[1m{[0m[3mhttp.method[0m[2m=[0mPOST [3mhttp.route[0m[2m=[0m/clientes/{cliente_id}/transacoes [3mhttp.flavor[0m[2m=[0m1.0 [3mhttp.scheme[0m[2m=[0mhttp [3mhttp.host[0m[2m=[0mapi [3mhttp.client_ip[0m[2m=[0m172.22.0.5 [3mhttp.user_agent[0m[2m=[0mAgente do Caos - 2024/Q1 [3mhttp.target[0m[2m=[0m/clientes/1/transacoes [3motel.name[0m[2m=[0mHTTP POST /clientes/{cliente_id}/transacoes [3motel.kind[0m[2m=[0m"server" [3mrequest_id[0m[2m=[0m74d3e31b-6e38-43d8-919a-0f3de88dd783 [3mtrace_id[0m[2m=[0m00000000000000000000000000000000 [3mhttp.status_code[0m[2m=[0m200 [3motel.status_code[0m[2m=[0m"OK"[1m}[0m[2m:[0m [2mtracing_actix_web::root_span_builder[0m[2m:[0m close [3mtime.busy[0m[2m=[0m421µs [3mtime.idle[0m[2m=[0m11.8ms
api2-1   | [2m2024-02-12T16:37:59.428787Z[0m [32m INFO[0m [1mHTTP request[0m[1m{[0m[3mhttp.method[0m[2m=[0mPOST [3mhttp.route[0m[2m=[0m/clientes/{cliente_id}/transacoes [3mhttp.flavor[0m[2m=[0m1.0 [3mhttp.scheme[0m[2m=[0mhttp [3mhttp.host[0m[2m=[0mapi [3mhttp.client_ip[0m[2m=[0m172.22.0.5 [3mhttp.user_agent[0m[2m=[0mAgente do Caos - 2024/Q1 [3mhttp.target[0m[2m=[0m/clientes/1/transacoes [3motel.name[0m[2m=[0mHTTP POST /clientes/{cliente_id}/transacoes [3motel.kind[0m[2m=[0m"server" [3mrequest_id[0m[2m=[0m129eddfb-1677-4fa8-bce5-12dab9419dcd[1m}[0m[2m:[0m [2mtracing_actix_web::root_span_builder[0m[2m:[0m new
api1-1   | [2m2024-02-12T16:37:59.428359Z[0m [32m INFO[0m [1mHTTP request[0m[1m{[0m[3mhttp.method[0m[2m=[0mPOST [3mhttp.route[0m[2m=[0m/clientes/{cliente_id}/transacoes [3mhttp.flavor[0m[2m=[0m1.0 [3mhttp.scheme[0m[2m=[0mhttp [3mhttp.host[0m[2m=[0mapi [3mhttp.client_ip[0m[2m=[0m172.22.0.5 [3mhttp.user_agent[0m[2m=[0mAgente do Caos - 2024/Q1 [3mhttp.target[0m[2m=[0m/clientes/1/transacoes [3motel.name[0m[2m=[0mHTTP POST /clientes/{cliente_id}/transacoes [3motel.kind[0m[2m=[0m"server" [3mrequest_id[0m[2m=[0m8e43ac5d-fd17-46b6-98e3-6c520b746c96[1m}[0m[2m:[0m [2mtracing_actix_web::root_span_builder[0m[2m:[0m new
api2-1   | [2m2024-02-12T16:37:59.431075Z[0m [32m INFO[0m [1mHTTP request[0m[1m{[0m[3mhttp.method[0m[2m=[0mPOST [3mhttp.route[0m[2m=[0m/clientes/{cliente_id}/transacoes [3mhttp.flavor[0m[2m=[0m1.0 [3mhttp.scheme[0m[2m=[0mhttp [3mhttp.host[0m[2m=[0mapi [3mhttp.client_ip[0m[2m=[0m172.22.0.5 [3mhttp.user_agent[0m[2m=[0mAgente do Caos - 2024/Q1 [3mhttp.target[0m[2m=[0m/clientes/1/transacoes [3motel.name[0m[2m=[0mHTTP POST /clientes/{cliente_id}/transacoes [3motel.kind[0m[2m=[0m"server" [3mrequest_id[0m[2m=[0md525aa69-29b1-4f15-9fcb-a3e90abdd288 [3mtrace_id[0m[2m=[0m00000000000000000000000000000000 [3mhttp.status_code[0m[2m=[0m200 [3motel.status_code[0m[2m=[0m"OK"[1m}[0m[2m:[0m [2mtracing_actix_web::root_span_builder[0m[2m:[0m close [3mtime.busy[0m[2m=[0m805µs [3mtime.idle[0m[2m=[0m13.7ms
api1-1   | [2m2024-02-12T16:37:59.433200Z[0m [32m INFO[0m [1mHTTP request[0m[1m{[0m[3mhttp.method[0m[2m=[0mPOST [3mhttp.route[0m[2m=[0m/clientes/{cliente_id}/transacoes [3mhttp.flavor[0m[2m=[0m1.0 [3mhttp.scheme[0m[2m=[0mhttp [3mhttp.host[0m[2m=[0mapi [3mhttp.client_ip[0m[2m=[0m172.22.0.5 [3mhttp.user_agent[0m[2m=[0mAgente do Caos - 2024/Q1 [3mhttp.target[0m[2m=[0m/clientes/1/transacoes [3motel.name[0m[2m=[0mHTTP POST /clientes/{cliente_id}/transacoes [3motel.kind[0m[2m=[0m"server" [3mrequest_id[0m[2m=[0m2e5eb3eb-5064-43e8-99a8-f1e22909e9d3[1m}[0m[2m:[0m [2mtracing_actix_web::root_span_builder[0m[2m:[0m new
api1-1   | [2m2024-02-12T16:37:59.434648Z[0m [32m INFO[0m [1mHTTP request[0m[1m{[0m[3mhttp.method[0m[2m=[0mPOST [3mhttp.route[0m[2m=[0m/clientes/{cliente_id}/transacoes [3mhttp.flavor[0m[2m=[0m1.0 [3mhttp.scheme[0m[2m=[0mhttp [3mhttp.host[0m[2m=[0mapi [3mhttp.client_ip[0m[2m=[0m172.22.0.5 [3mhttp.user_agent[0m[2m=[0mAgente do Caos - 2024/Q1 [3mhttp.target[0m[2m=[0m/clientes/1/transacoes [3motel.name[0m[2m=[0mHTTP POST /clientes/{cliente_id}/transacoes [3motel.kind[0m[2m=[0m"server" [3mrequest_id[0m[2m=[0me79ee608-142c-40a6-8677-d28ee8283dfc [3mtrace_id[0m[2m=[0m00000000000000000000000000000000 [3mhttp.status_code[0m[2m=[0m200 [3motel.status_code[0m[2m=[0m"OK"[1m}[0m[2m:[0m [2mtracing_actix_web::root_span_builder[0m[2m:[0m close [3mtime.busy[0m[2m=[0m333µs [3mtime.idle[0m[2m=[0m10.7ms
api1-1   | [2m2024-02-12T16:37:59.436999Z[0m [32m INFO[0m [1mHTTP request[0m[1m{[0m[3mhttp.method[0m[2m=[0mPOST [3mhttp.route[0m[2m=[0m/clientes/{cliente_id}/transacoes [3mhttp.flavor[0m[2m=[0m1.0 [3mhttp.scheme[0m[2m=[0mhttp [3mhttp.host[0m[2m=[0mapi [3mhttp.client_ip[0m[2m=[0m172.22.0.5 [3mhttp.user_agent[0m[2m=[0mAgente do Caos - 2024/Q1 [3mhttp.target[0m[2m=[0m/clientes/1/transacoes [3motel.name[0m[2m=[0mHTTP POST /clientes/{cliente_id}/transacoes [3motel.kind[0m[2m=[0m"server" [3mrequest_id[0m[2m=[0m934e6985-4757-46f8-a700-22e13fc2b938 [3mtrace_id[0m[2m=[0m00000000000000000000000000000000 [3mhttp.status_code[0m[2m=[0m200 [3motel.status_code[0m[2m=[0m"OK"[1m}[0m[2m:[0m [2mtracing_actix_web::root_span_builder[0m[2m:[0m close [3mtime.busy[0m[2m=[0m333µs [3mtime.idle[0m[2m=[0m11.1ms
api1-1   | [2m2024-02-12T16:37:59.437205Z[0m [32m INFO[0m [1mHTTP request[0m[1m{[0m[3mhttp.method[0m[2m=[0mPOST [3mhttp.route[0m[2m=[0m/clientes/{cliente_id}/transacoes [3mhttp.flavor[0m[2m=[0m1.0 [3mhttp.scheme[0m[2m=[0mhttp [3mhttp.host[0m[2m=[0mapi [3mhttp.client_ip[0m[2m=[0m172.22.0.5 [3mhttp.user_agent[0m[2m=[0mAgente do Caos - 2024/Q1 [3mhttp.target[0m[2m=[0m/clientes/1/transacoes [3motel.name[0m[2m=[0mHTTP POST /clientes/{cliente_id}/transacoes [3motel.kind[0m[2m=[0m"server" [3mrequest_id[0m[2m=[0m61455e81-1c13-4b74-bb2d-bdd32d838343[1m}[0m[2m:[0m [2mtracing_actix_web::root_span_builder[0m[2m:[0m new
api1-1   | [2m2024-02-12T16:37:59.438151Z[0m [32m INFO[0m [1mHTTP request[0m[1m{[0m[3mhttp.method[0m[2m=[0mPOST [3mhttp.route[0m[2m=[0m/clientes/{cliente_id}/transacoes [3mhttp.flavor[0m[2m=[0m1.0 [3mhttp.scheme[0m[2m=[0mhttp [3mhttp.host[0m[2m=[0mapi [3mhttp.client_ip[0m[2m=[0m172.22.0.5 [3mhttp.user_agent[0m[2m=[0mAgente do Caos - 2024/Q1 [3mhttp.target[0m[2m=[0m/clientes/1/transacoes [3motel.name[0m[2m=[0mHTTP POST /clientes/{cliente_id}/transacoes [3motel.kind[0m[2m=[0m"server" [3mrequest_id[0m[2m=[0me7b5991d-661b-4e49-91d6-e16913096cb7[1m}[0m[2m:[0m [2mtracing_actix_web::root_span_builder[0m[2m:[0m new
api1-1   | [2m2024-02-12T16:37:59.438875Z[0m [32m INFO[0m [1mHTTP request[0m[1m{[0m[3mhttp.method[0m[2m=[0mPOST [3mhttp.route[0m[2m=[0m/clientes/{cliente_id}/transacoes [3mhttp.flavor[0m[2m=[0m1.0 [3mhttp.scheme[0m[2m=[0mhttp [3mhttp.host[0m[2m=[0mapi [3mhttp.client_ip[0m[2m=[0m172.22.0.5 [3mhttp.user_agent[0m[2m=[0mAgente do Caos - 2024/Q1 [3mhttp.target[0m[2m=[0m/clientes/1/transacoes [3motel.name[0m[2m=[0mHTTP POST /clientes/{cliente_id}/transacoes [3motel.kind[0m[2m=[0m"server" [3mrequest_id[0m[2m=[0m93f5ff99-e6d8-46fe-b5df-46eba569ae4d[1m}[0m[2m:[0m [2mtracing_actix_web::root_span_builder[0m[2m:[0m new
api2-1   | [2m2024-02-12T16:37:59.437006Z[0m [32m INFO[0m [1mHTTP request[0m[1m{[0m[3mhttp.method[0m[2m=[0mPOST [3mhttp.route[0m[2m=[0m/clientes/{cliente_id}/transacoes [3mhttp.flavor[0m[2m=[0m1.0 [3mhttp.scheme[0m[2m=[0mhttp [3mhttp.host[0m[2m=[0mapi [3mhttp.client_ip[0m[2m=[0m172.22.0.5 [3mhttp.user_agent[0m[2m=[0mAgente do Caos - 2024/Q1 [3mhttp.target[0m[2m=[0m/clientes/1/transacoes [3motel.name[0m[2m=[0mHTTP POST /clientes/{cliente_id}/transacoes [3motel.kind[0m[2m=[0m"server" [3mrequest_id[0m[2m=[0me4312633-fea7-41d1-b95c-02ca5ff81c35[1m}[0m[2m:[0m [2mtracing_actix_web::root_span_builder[0m[2m:[0m new
api2-1   | [2m2024-02-12T16:37:59.438654Z[0m [32m INFO[0m [1mHTTP request[0m[1m{[0m[3mhttp.method[0m[2m=[0mPOST [3mhttp.route[0m[2m=[0m/clientes/{cliente_id}/transacoes [3mhttp.flavor[0m[2m=[0m1.0 [3mhttp.scheme[0m[2m=[0mhttp [3mhttp.host[0m[2m=[0mapi [3mhttp.client_ip[0m[2m=[0m172.22.0.5 [3mhttp.user_agent[0m[2m=[0mAgente do Caos - 2024/Q1 [3mhttp.target[0m[2m=[0m/clientes/1/transacoes [3motel.name[0m[2m=[0mHTTP POST /clientes/{cliente_id}/transacoes [3motel.kind[0m[2m=[0m"server" [3mrequest_id[0m[2m=[0m12197a98-f797-47ea-abb9-1ec90dd5c11b[1m}[0m[2m:[0m [2mtracing_actix_web::root_span_builder[0m[2m:[0m new
api2-1   | [2m2024-02-12T16:37:59.438776Z[0m [32m INFO[0m [1mHTTP request[0m[1m{[0m[3mhttp.method[0m[2m=[0mPOST [3mhttp.route[0m[2m=[0m/clientes/{cliente_id}/transacoes [3mhttp.flavor[0m[2m=[0m1.0 [3mhttp.scheme[0m[2m=[0mhttp [3mhttp.host[0m[2m=[0mapi [3mhttp.client_ip[0m[2m=[0m172.22.0.5 [3mhttp.user_agent[0m[2m=[0mAgente do Caos - 2024/Q1 [3mhttp.target[0m[2m=[0m/clientes/1/transacoes [3motel.name[0m[2m=[0mHTTP POST /clientes/{cliente_id}/transacoes [3motel.kind[0m[2m=[0m"server" [3mrequest_id[0m[2m=[0m0a214e96-30e1-4f3e-b1f7-eb04e3484cb7[1m}[0m[2m:[0m [2mtracing_actix_web::root_span_builder[0m[2m:[0m new
api1-1   | [2m2024-02-12T16:37:59.442083Z[0m [32m INFO[0m [1mHTTP request[0m[1m{[0m[3mhttp.method[0m[2m=[0mPOST [3mhttp.route[0m[2m=[0m/clientes/{cliente_id}/transacoes [3mhttp.flavor[0m[2m=[0m1.0 [3mhttp.scheme[0m[2m=[0mhttp [3mhttp.host[0m[2m=[0mapi [3mhttp.client_ip[0m[2m=[0m172.22.0.5 [3mhttp.user_agent[0m[2m=[0mAgente do Caos - 2024/Q1 [3mhttp.target[0m[2m=[0m/clientes/1/transacoes [3motel.name[0m[2m=[0mHTTP POST /clientes/{cliente_id}/transacoes [3motel.kind[0m[2m=[0m"server" [3mrequest_id[0m[2m=[0mcd8a4f3e-74fc-4a06-b939-83be7276abe1[1m}[0m[2m:[0m [2mtracing_actix_web::root_span_builder[0m[2m:[0m new
api1-1   | [2m2024-02-12T16:37:59.442217Z[0m [32m INFO[0m [1mHTTP request[0m[1m{[0m[3mhttp.method[0m[2m=[0mPOST [3mhttp.route[0m[2m=[0m/clientes/{cliente_id}/transacoes [3mhttp.flavor[0m[2m=[0m1.0 [3mhttp.scheme[0m[2m=[0mhttp [3mhttp.host[0m[2m=[0mapi [3mhttp.client_ip[0m[2m=[0m172.22.0.5 [3mhttp.user_agent[0m[2m=[0mAgente do Caos - 2024/Q1 [3mhttp.target[0m[2m=[0m/clientes/1/transacoes [3motel.name[0m[2m=[0mHTTP POST /clientes/{cliente_id}/transacoes [3motel.kind[0m[2m=[0m"server" [3mrequest_id[0m[2m=[0m80fb1236-f876-44f2-9970-1b234ddf8ec5[1m}[0m[2m:[0m [2mtracing_actix_web::root_span_builder[0m[2m:[0m new
api2-1   | [2m2024-02-12T16:37:59.440149Z[0m [32m INFO[0m [1mHTTP request[0m[1m{[0m[3mhttp.method[0m[2m=[0mPOST [3mhttp.route[0m[2m=[0m/clientes/{cliente_id}/transacoes [3mhttp.flavor[0m[2m=[0m1.0 [3mhttp.scheme[0m[2m=[0mhttp [3mhttp.host[0m[2m=[0mapi [3mhttp.client_ip[0m[2m=[0m172.22.0.5 [3mhttp.user_agent[0m[2m=[0mAgente do Caos - 2024/Q1 [3mhttp.target[0m[2m=[0m/clientes/1/transacoes [3motel.name[0m[2m=[0mHTTP POST /clientes/{cliente_id}/transacoes [3motel.kind[0m[2m=[0m"server" [3mrequest_id[0m[2m=[0m449fffe3-d21c-40cd-8316-849e4f414d92[1m}[0m[2m:[0m [2mtracing_actix_web::root_span_builder[0m[2m:[0m new
api2-1   | [2m2024-02-12T16:37:59.444398Z[0m [32m INFO[0m [1mHTTP request[0m[1m{[0m[3mhttp.method[0m[2m=[0mPOST [3mhttp.route[0m[2m=[0m/clientes/{cliente_id}/transacoes [3mhttp.flavor[0m[2m=[0m1.0 [3mhttp.scheme[0m[2m=[0mhttp [3mhttp.host[0m[2m=[0mapi [3mhttp.client_ip[0m[2m=[0m172.22.0.5 [3mhttp.user_agent[0m[2m=[0mAgente do Caos - 2024/Q1 [3mhttp.target[0m[2m=[0m/clientes/1/transacoes [3motel.name[0m[2m=[0mHTTP POST /clientes/{cliente_id}/transacoes [3motel.kind[0m[2m=[0m"server" [3mrequest_id[0m[2m=[0mec4bec6f-0e22-4dab-acce-c60e6dbf9687[1m}[0m[2m:[0m [2mtracing_actix_web::root_span_builder[0m[2m:[0m new
api2-1   | [2m2024-02-12T16:37:59.444490Z[0m [32m INFO[0m [1mHTTP request[0m[1m{[0m[3mhttp.method[0m[2m=[0mPOST [3mhttp.route[0m[2m=[0m/clientes/{cliente_id}/transacoes [3mhttp.flavor[0m[2m=[0m1.0 [3mhttp.scheme[0m[2m=[0mhttp [3mhttp.host[0m[2m=[0mapi [3mhttp.client_ip[0m[2m=[0m172.22.0.5 [3mhttp.user_agent[0m[2m=[0mAgente do Caos - 2024/Q1 [3mhttp.target[0m[2m=[0m/clientes/1/transacoes [3motel.name[0m[2m=[0mHTTP POST /clientes/{cliente_id}/transacoes [3motel.kind[0m[2m=[0m"server" [3mrequest_id[0m[2m=[0mcc0f2ee8-591a-460b-999b-06861d442a51[1m}[0m[2m:[0m [2mtracing_actix_web::root_span_builder[0m[2m:[0m new
