 Network rinha-nginx-2024q1-pgx  Creating
 Network rinha-nginx-2024q1-pgx  Created
 Container gcrispino-pgx-db-1  Creating
 Container gcrispino-pgx-db-1  Created
 Container gcrispino-pgx-rinha-server-2  Creating
 Container gcrispino-pgx-rinha-server-1  Creating
 Container gcrispino-pgx-rinha-server-1  Created
 Container gcrispino-pgx-rinha-server-2  Created
 Container gcrispino-pgx-nginx-1  Creating
 Container gcrispino-pgx-nginx-1  Created
Attaching to db-1, nginx-1, rinha-server-1, rinha-server-2
db-1            | The files belonging to this database system will be owned by user "postgres".
db-1            | This user must also own the server process.
db-1            | 
db-1            | The database cluster will be initialized with locale "en_US.utf8".
db-1            | The default database encoding has accordingly been set to "UTF8".
db-1            | The default text search configuration will be set to "english".
db-1            | 
db-1            | Data page checksums are disabled.
db-1            | 
db-1            | fixing permissions on existing directory /var/lib/postgresql/data ... ok
db-1            | creating subdirectories ... ok
db-1            | selecting dynamic shared memory implementation ... posix
db-1            | selecting default max_connections ... 100
db-1            | selecting default shared_buffers ... 128MB
db-1            | selecting default time zone ... Etc/UTC
db-1            | creating configuration files ... ok
db-1            | running bootstrap script ... ok
rinha-server-2  | 2024/02/25 02:29:01 maxprocs: Updating GOMAXPROCS=1: using minimum allowed GOMAXPROCS
rinha-server-2  | dbConnStr postgres://user:password@db/rinha?sslmode=disable
db-1            | performing post-bootstrap initialization ... ok
db-1            | initdb: warning: enabling "trust" authentication for local connections
db-1            | initdb: hint: You can change this by editing pg_hba.conf or using the option -A, or --auth-local and --auth-host, the next time you run initdb.
db-1            | syncing data to disk ... ok
db-1            | 
db-1            | 
db-1            | Success. You can now start the database server using:
db-1            | 
db-1            |     pg_ctl -D /var/lib/postgresql/data -l logfile start
db-1            | 
db-1            | waiting for server to start....2024-02-25 02:29:02.340 UTC [49] LOG:  starting PostgreSQL 16.2 (Debian 16.2-1.pgdg120+2) on x86_64-pc-linux-gnu, compiled by gcc (Debian 12.2.0-14) 12.2.0, 64-bit
db-1            | 2024-02-25 02:29:02.343 UTC [49] LOG:  listening on Unix socket "/var/run/postgresql/.s.PGSQL.5432"
db-1            | 2024-02-25 02:29:02.352 UTC [52] LOG:  database system was shut down at 2024-02-25 02:29:01 UTC
db-1            | 2024-02-25 02:29:02.360 UTC [49] LOG:  database system is ready to accept connections
db-1            |  done
db-1            | server started
rinha-server-1  | 2024/02/25 02:29:02 maxprocs: Updating GOMAXPROCS=1: using minimum allowed GOMAXPROCS
rinha-server-1  | dbConnStr postgres://user:password@db/rinha?sslmode=disable
db-1            | CREATE DATABASE
db-1            | 
db-1            | 
db-1            | /usr/local/bin/docker-entrypoint.sh: running /docker-entrypoint-initdb.d/script.sql
db-1            | CREATE TABLE
db-1            | CREATE TABLE
db-1            | ALTER TABLE
db-1            | 
db-1            | 
db-1            | /usr/local/bin/docker-entrypoint.sh: running /docker-entrypoint-initdb.d/seeds.sql
db-1            | INSERT 0 5
db-1            | 
db-1            | 
db-1            | waiting for server to shut down...2024-02-25 02:29:02.622 UTC [49] LOG:  received fast shutdown request
db-1            | .2024-02-25 02:29:02.626 UTC [49] LOG:  aborting any active transactions
db-1            | 2024-02-25 02:29:02.627 UTC [49] LOG:  background worker "logical replication launcher" (PID 55) exited with exit code 1
db-1            | 2024-02-25 02:29:02.628 UTC [50] LOG:  shutting down
db-1            | 2024-02-25 02:29:02.639 UTC [50] LOG:  checkpoint starting: shutdown immediate
nginx-1         | /docker-entrypoint.sh: /docker-entrypoint.d/ is not empty, will attempt to perform configuration
nginx-1         | /docker-entrypoint.sh: Looking for shell scripts in /docker-entrypoint.d/
nginx-1         | /docker-entrypoint.sh: Launching /docker-entrypoint.d/10-listen-on-ipv6-by-default.sh
nginx-1         | 10-listen-on-ipv6-by-default.sh: info: Getting the checksum of /etc/nginx/conf.d/default.conf
db-1            | 2024-02-25 02:29:03.167 UTC [50] LOG:  checkpoint complete: wrote 938 buffers (5.7%); 0 WAL file(s) added, 0 removed, 0 recycled; write=0.399 s, sync=0.103 s, total=0.540 s; sync files=307, longest=0.060 s, average=0.001 s; distance=4289 kB, estimate=4289 kB; lsn=0/191B1C8, redo lsn=0/191B1C8
db-1            | 2024-02-25 02:29:03.173 UTC [49] LOG:  database system is shut down
nginx-1         | 10-listen-on-ipv6-by-default.sh: info: Enabled listen on IPv6 in /etc/nginx/conf.d/default.conf
nginx-1         | /docker-entrypoint.sh: Sourcing /docker-entrypoint.d/15-local-resolvers.envsh
nginx-1         | /docker-entrypoint.sh: Launching /docker-entrypoint.d/20-envsubst-on-templates.sh
nginx-1         | /docker-entrypoint.sh: Launching /docker-entrypoint.d/30-tune-worker-processes.sh
nginx-1         | /docker-entrypoint.sh: Configuration complete; ready for start up
db-1            |  done
db-1            | server stopped
db-1            | 
db-1            | PostgreSQL init process complete; ready for start up.
db-1            | 
db-1            | 2024-02-25 02:29:03.246 UTC [1] LOG:  starting PostgreSQL 16.2 (Debian 16.2-1.pgdg120+2) on x86_64-pc-linux-gnu, compiled by gcc (Debian 12.2.0-14) 12.2.0, 64-bit
db-1            | 2024-02-25 02:29:03.246 UTC [1] LOG:  listening on IPv4 address "0.0.0.0", port 5432
db-1            | 2024-02-25 02:29:03.246 UTC [1] LOG:  listening on IPv6 address "::", port 5432
db-1            | 2024-02-25 02:29:03.251 UTC [1] LOG:  listening on Unix socket "/var/run/postgresql/.s.PGSQL.5432"
db-1            | 2024-02-25 02:29:03.259 UTC [69] LOG:  database system was shut down at 2024-02-25 02:29:03 UTC
db-1            | 2024-02-25 02:29:03.265 UTC [1] LOG:  database system is ready to accept connections
rinha-server-1  | 
rinha-server-1  |    ____    __
rinha-server-1  |   / __/___/ /  ___
rinha-server-1  |  / _// __/ _ \/ _ \
rinha-server-1  | /___/\__/_//_/\___/ v4.11.4
rinha-server-1  | High performance, minimalist Go web framework
rinha-server-1  | https://echo.labstack.com
rinha-server-1  | ____________________________________O/_______
rinha-server-1  |                                     O\
rinha-server-1  | ⇨ http server started on [::]:8080
rinha-server-2  | 
rinha-server-2  |    ____    __
rinha-server-2  |   / __/___/ /  ___
rinha-server-2  |  / _// __/ _ \/ _ \
rinha-server-2  | /___/\__/_//_/\___/ v4.11.4
rinha-server-2  | High performance, minimalist Go web framework
rinha-server-2  | https://echo.labstack.com
rinha-server-2  | ____________________________________O/_______
rinha-server-2  |                                     O\
rinha-server-2  | ⇨ http server started on [::]:8080
nginx-1         | 192.168.144.1 - - [25/Feb/2024:02:29:04 +0000] "GET /clientes/1/extrato HTTP/1.1" 200 110 "-" "curl/7.81.0"
nginx-1         | 192.168.144.1 - - [25/Feb/2024:02:29:04 +0000] "GET /clientes/1/extrato HTTP/1.1" 200 110 "-" "curl/7.81.0"
nginx-1         | 192.168.144.1 - - [25/Feb/2024:02:29:09 +0000] "POST /clientes/1/transacoes HTTP/1.1" 200 29 "-" "Agente do Caos - 2024/Q1"
nginx-1         | 192.168.144.1 - - [25/Feb/2024:02:29:09 +0000] "POST /clientes/1/transacoes HTTP/1.1" 200 29 "-" "Agente do Caos - 2024/Q1"
nginx-1         | 192.168.144.1 - - [25/Feb/2024:02:29:09 +0000] "POST /clientes/1/transacoes HTTP/1.1" 200 29 "-" "Agente do Caos - 2024/Q1"
nginx-1         | 192.168.144.1 - - [25/Feb/2024:02:29:09 +0000] "POST /clientes/1/transacoes HTTP/1.1" 200 29 "-" "Agente do Caos - 2024/Q1"
nginx-1         | 192.168.144.1 - - [25/Feb/2024:02:29:09 +0000] "POST /clientes/1/transacoes HTTP/1.1" 200 29 "-" "Agente do Caos - 2024/Q1"
nginx-1         | 192.168.144.1 - - [25/Feb/2024:02:29:09 +0000] "POST /clientes/1/transacoes HTTP/1.1" 200 29 "-" "Agente do Caos - 2024/Q1"
nginx-1         | 192.168.144.1 - - [25/Feb/2024:02:29:09 +0000] "POST /clientes/1/transacoes HTTP/1.1" 200 29 "-" "Agente do Caos - 2024/Q1"
nginx-1         | 192.168.144.1 - - [25/Feb/2024:02:29:09 +0000] "POST /clientes/1/transacoes HTTP/1.1" 200 29 "-" "Agente do Caos - 2024/Q1"
nginx-1         | 192.168.144.1 - - [25/Feb/2024:02:29:09 +0000] "POST /clientes/1/transacoes HTTP/1.1" 200 29 "-" "Agente do Caos - 2024/Q1"
nginx-1         | 192.168.144.1 - - [25/Feb/2024:02:29:09 +0000] "POST /clientes/1/transacoes HTTP/1.1" 200 29 "-" "Agente do Caos - 2024/Q1"
nginx-1         | 192.168.144.1 - - [25/Feb/2024:02:29:09 +0000] "POST /clientes/1/transacoes HTTP/1.1" 200 29 "-" "Agente do Caos - 2024/Q1"
nginx-1         | 192.168.144.1 - - [25/Feb/2024:02:29:09 +0000] "POST /clientes/1/transacoes HTTP/1.1" 200 29 "-" "Agente do Caos - 2024/Q1"
nginx-1         | 192.168.144.1 - - [25/Feb/2024:02:29:09 +0000] "POST /clientes/1/transacoes HTTP/1.1" 200 30 "-" "Agente do Caos - 2024/Q1"
nginx-1         | 192.168.144.1 - - [25/Feb/2024:02:29:09 +0000] "POST /clientes/1/transacoes HTTP/1.1" 200 29 "-" "Agente do Caos - 2024/Q1"
nginx-1         | 192.168.144.1 - - [25/Feb/2024:02:29:09 +0000] "POST /clientes/1/transacoes HTTP/1.1" 200 29 "-" "Agente do Caos - 2024/Q1"
nginx-1         | 192.168.144.1 - - [25/Feb/2024:02:29:09 +0000] "POST /clientes/1/transacoes HTTP/1.1" 200 29 "-" "Agente do Caos - 2024/Q1"
nginx-1         | 192.168.144.1 - - [25/Feb/2024:02:29:09 +0000] "POST /clientes/1/transacoes HTTP/1.1" 200 29 "-" "Agente do Caos - 2024/Q1"
nginx-1         | 192.168.144.1 - - [25/Feb/2024:02:29:09 +0000] "POST /clientes/1/transacoes HTTP/1.1" 200 29 "-" "Agente do Caos - 2024/Q1"
nginx-1         | 192.168.144.1 - - [25/Feb/2024:02:29:09 +0000] "POST /clientes/1/transacoes HTTP/1.1" 200 29 "-" "Agente do Caos - 2024/Q1"
nginx-1         | 192.168.144.1 - - [25/Feb/2024:02:29:09 +0000] "POST /clientes/1/transacoes HTTP/1.1" 200 29 "-" "Agente do Caos - 2024/Q1"
nginx-1         | 192.168.144.1 - - [25/Feb/2024:02:29:09 +0000] "POST /clientes/1/transacoes HTTP/1.1" 200 30 "-" "Agente do Caos - 2024/Q1"
nginx-1         | 192.168.144.1 - - [25/Feb/2024:02:29:09 +0000] "POST /clientes/1/transacoes HTTP/1.1" 200 29 "-" "Agente do Caos - 2024/Q1"
nginx-1         | 192.168.144.1 - - [25/Feb/2024:02:29:09 +0000] "POST /clientes/1/transacoes HTTP/1.1" 200 29 "-" "Agente do Caos - 2024/Q1"
nginx-1         | 192.168.144.1 - - [25/Feb/2024:02:29:09 +0000] "POST /clientes/1/transacoes HTTP/1.1" 200 29 "-" "Agente do Caos - 2024/Q1"
nginx-1         | 192.168.144.1 - - [25/Feb/2024:02:29:09 +0000] "POST /clientes/1/transacoes HTTP/1.1" 200 30 "-" "Agente do Caos - 2024/Q1"
nginx-1         | 192.168.144.1 - - [25/Feb/2024:02:29:10 +0000] "GET /clientes/1/extrato HTTP/1.1" 200 1027 "-" "Agente do Caos - 2024/Q1"
nginx-1         | 192.168.144.1 - - [25/Feb/2024:02:29:11 +0000] "POST /clientes/1/transacoes HTTP/1.1" 200 30 "-" "Agente do Caos - 2024/Q1"
nginx-1         | 192.168.144.1 - - [25/Feb/2024:02:29:11 +0000] "POST /clientes/1/transacoes HTTP/1.1" 200 30 "-" "Agente do Caos - 2024/Q1"
nginx-1         | 192.168.144.1 - - [25/Feb/2024:02:29:11 +0000] "POST /clientes/1/transacoes HTTP/1.1" 200 30 "-" "Agente do Caos - 2024/Q1"
nginx-1         | 192.168.144.1 - - [25/Feb/2024:02:29:11 +0000] "POST /clientes/1/transacoes HTTP/1.1" 200 30 "-" "Agente do Caos - 2024/Q1"
nginx-1         | 192.168.144.1 - - [25/Feb/2024:02:29:11 +0000] "POST /clientes/1/transacoes HTTP/1.1" 200 30 "-" "Agente do Caos - 2024/Q1"
nginx-1         | 192.168.144.1 - - [25/Feb/2024:02:29:11 +0000] "POST /clientes/1/transacoes HTTP/1.1" 200 30 "-" "Agente do Caos - 2024/Q1"
nginx-1         | 192.168.144.1 - - [25/Feb/2024:02:29:11 +0000] "POST /clientes/1/transacoes HTTP/1.1" 200 30 "-" "Agente do Caos - 2024/Q1"
nginx-1         | 192.168.144.1 - - [25/Feb/2024:02:29:11 +0000] "POST /clientes/1/transacoes HTTP/1.1" 200 30 "-" "Agente do Caos - 2024/Q1"
nginx-1         | 192.168.144.1 - - [25/Feb/2024:02:29:11 +0000] "POST /clientes/1/transacoes HTTP/1.1" 200 30 "-" "Agente do Caos - 2024/Q1"
nginx-1         | 192.168.144.1 - - [25/Feb/2024:02:29:11 +0000] "POST /clientes/1/transacoes HTTP/1.1" 200 30 "-" "Agente do Caos - 2024/Q1"
nginx-1         | 192.168.144.1 - - [25/Feb/2024:02:29:11 +0000] "POST /clientes/1/transacoes HTTP/1.1" 200 30 "-" "Agente do Caos - 2024/Q1"
nginx-1         | 192.168.144.1 - - [25/Feb/2024:02:29:11 +0000] "POST /clientes/1/transacoes HTTP/1.1" 200 30 "-" "Agente do Caos - 2024/Q1"
nginx-1         | 192.168.144.1 - - [25/Feb/2024:02:29:11 +0000] "POST /clientes/1/transacoes HTTP/1.1" 200 30 "-" "Agente do Caos - 2024/Q1"
nginx-1         | 192.168.144.1 - - [25/Feb/2024:02:29:11 +0000] "POST /clientes/1/transacoes HTTP/1.1" 200 30 "-" "Agente do Caos - 2024/Q1"
nginx-1         | 192.168.144.1 - - [25/Feb/2024:02:29:11 +0000] "POST /clientes/1/transacoes HTTP/1.1" 200 30 "-" "Agente do Caos - 2024/Q1"
nginx-1         | 192.168.144.1 - - [25/Feb/2024:02:29:11 +0000] "POST /clientes/1/transacoes HTTP/1.1" 200 30 "-" "Agente do Caos - 2024/Q1"
nginx-1         | 192.168.144.1 - - [25/Feb/2024:02:29:11 +0000] "POST /clientes/1/transacoes HTTP/1.1" 200 30 "-" "Agente do Caos - 2024/Q1"
nginx-1         | 192.168.144.1 - - [25/Feb/2024:02:29:11 +0000] "POST /clientes/1/transacoes HTTP/1.1" 200 30 "-" "Agente do Caos - 2024/Q1"
nginx-1         | 192.168.144.1 - - [25/Feb/2024:02:29:11 +0000] "POST /clientes/1/transacoes HTTP/1.1" 200 30 "-" "Agente do Caos - 2024/Q1"
nginx-1         | 192.168.144.1 - - [25/Feb/2024:02:29:11 +0000] "POST /clientes/1/transacoes HTTP/1.1" 200 30 "-" "Agente do Caos - 2024/Q1"
nginx-1         | 192.168.144.1 - - [25/Feb/2024:02:29:11 +0000] "POST /clientes/1/transacoes HTTP/1.1" 200 30 "-" "Agente do Caos - 2024/Q1"
nginx-1         | 192.168.144.1 - - [25/Feb/2024:02:29:11 +0000] "POST /clientes/1/transacoes HTTP/1.1" 200 30 "-" "Agente do Caos - 2024/Q1"
nginx-1         | 192.168.144.1 - - [25/Feb/2024:02:29:11 +0000] "POST /clientes/1/transacoes HTTP/1.1" 200 30 "-" "Agente do Caos - 2024/Q1"
nginx-1         | 192.168.144.1 - - [25/Feb/2024:02:29:11 +0000] "POST /clientes/1/transacoes HTTP/1.1" 200 30 "-" "Agente do Caos - 2024/Q1"
nginx-1         | 192.168.144.1 - - [25/Feb/2024:02:29:11 +0000] "POST /clientes/1/transacoes HTTP/1.1" 200 30 "-" "Agente do Caos - 2024/Q1"
nginx-1         | 192.168.144.1 - - [25/Feb/2024:02:29:12 +0000] "GET /clientes/1/extrato HTTP/1.1" 200 1027 "-" "Agente do Caos - 2024/Q1"
rinha-server-1  | {"time":"2024-02-25T02:29:13.260846204Z","id":"","remote_ip":"192.168.144.5","host":"rinha-server:8080","method":"GET","uri":"/clientes/6/extrato","user_agent":"Agente do Caos - 2024/Q1","status":404,"error":"code=404, message=customer not found","latency":1270256,"latency_human":"1.270256ms","bytes_in":0,"bytes_out":33}
nginx-1         | 192.168.144.1 - - [25/Feb/2024:02:29:13 +0000] "GET /clientes/6/extrato HTTP/1.1" 404 33 "-" "Agente do Caos - 2024/Q1"
nginx-1         | 192.168.144.1 - - [25/Feb/2024:02:29:13 +0000] "GET /clientes/5/extrato HTTP/1.1" 200 110 "-" "Agente do Caos - 2024/Q1"
nginx-1         | 192.168.144.1 - - [25/Feb/2024:02:29:13 +0000] "GET /clientes/1/extrato HTTP/1.1" 200 1027 "-" "Agente do Caos - 2024/Q1"
nginx-1         | 192.168.144.1 - - [25/Feb/2024:02:29:13 +0000] "GET /clientes/4/extrato HTTP/1.1" 200 112 "-" "Agente do Caos - 2024/Q1"
nginx-1         | 192.168.144.1 - - [25/Feb/2024:02:29:13 +0000] "GET /clientes/3/extrato HTTP/1.1" 200 111 "-" "Agente do Caos - 2024/Q1"
nginx-1         | 192.168.144.1 - - [25/Feb/2024:02:29:13 +0000] "GET /clientes/2/extrato HTTP/1.1" 200 109 "-" "Agente do Caos - 2024/Q1"
nginx-1         | 192.168.144.1 - - [25/Feb/2024:02:29:13 +0000] "POST /clientes/3/transacoes HTTP/1.1" 200 29 "-" "Agente do Caos - 2024/Q1"
nginx-1         | 192.168.144.1 - - [25/Feb/2024:02:29:13 +0000] "POST /clientes/5/transacoes HTTP/1.1" 200 28 "-" "Agente do Caos - 2024/Q1"
nginx-1         | 192.168.144.1 - - [25/Feb/2024:02:29:13 +0000] "POST /clientes/2/transacoes HTTP/1.1" 200 27 "-" "Agente do Caos - 2024/Q1"
nginx-1         | 192.168.144.1 - - [25/Feb/2024:02:29:13 +0000] "POST /clientes/4/transacoes HTTP/1.1" 200 30 "-" "Agente do Caos - 2024/Q1"
nginx-1         | 192.168.144.1 - - [25/Feb/2024:02:29:13 +0000] "POST /clientes/1/transacoes HTTP/1.1" 200 28 "-" "Agente do Caos - 2024/Q1"
nginx-1         | 192.168.144.1 - - [25/Feb/2024:02:29:13 +0000] "POST /clientes/5/transacoes HTTP/1.1" 200 28 "-" "Agente do Caos - 2024/Q1"
nginx-1         | 192.168.144.1 - - [25/Feb/2024:02:29:13 +0000] "POST /clientes/4/transacoes HTTP/1.1" 200 30 "-" "Agente do Caos - 2024/Q1"
nginx-1         | 192.168.144.1 - - [25/Feb/2024:02:29:13 +0000] "POST /clientes/3/transacoes HTTP/1.1" 200 29 "-" "Agente do Caos - 2024/Q1"
nginx-1         | 192.168.144.1 - - [25/Feb/2024:02:29:13 +0000] "POST /clientes/1/transacoes HTTP/1.1" 200 28 "-" "Agente do Caos - 2024/Q1"
nginx-1         | 192.168.144.1 - - [25/Feb/2024:02:29:13 +0000] "GET /clientes/5/extrato HTTP/1.1" 200 286 "-" "Agente do Caos - 2024/Q1"
nginx-1         | 192.168.144.1 - - [25/Feb/2024:02:29:13 +0000] "POST /clientes/2/transacoes HTTP/1.1" 200 27 "-" "Agente do Caos - 2024/Q1"
nginx-1         | 192.168.144.1 - - [25/Feb/2024:02:29:13 +0000] "GET /clientes/1/extrato HTTP/1.1" 200 1019 "-" "Agente do Caos - 2024/Q1"
nginx-1         | 192.168.144.1 - - [25/Feb/2024:02:29:13 +0000] "GET /clientes/2/extrato HTTP/1.1" 200 285 "-" "Agente do Caos - 2024/Q1"
nginx-1         | 192.168.144.1 - - [25/Feb/2024:02:29:13 +0000] "GET /clientes/4/extrato HTTP/1.1" 200 288 "-" "Agente do Caos - 2024/Q1"
nginx-1         | 192.168.144.1 - - [25/Feb/2024:02:29:13 +0000] "GET /clientes/3/extrato HTTP/1.1" 200 286 "-" "Agente do Caos - 2024/Q1"
nginx-1         | 192.168.144.1 - - [25/Feb/2024:02:29:13 +0000] "POST /clientes/5/transacoes HTTP/1.1" 200 28 "-" "Agente do Caos - 2024/Q1"
nginx-1         | 192.168.144.1 - - [25/Feb/2024:02:29:13 +0000] "POST /clientes/4/transacoes HTTP/1.1" 200 30 "-" "Agente do Caos - 2024/Q1"
nginx-1         | 192.168.144.1 - - [25/Feb/2024:02:29:13 +0000] "POST /clientes/2/transacoes HTTP/1.1" 200 27 "-" "Agente do Caos - 2024/Q1"
nginx-1         | 192.168.144.1 - - [25/Feb/2024:02:29:13 +0000] "POST /clientes/3/transacoes HTTP/1.1" 200 29 "-" "Agente do Caos - 2024/Q1"
nginx-1         | 192.168.144.1 - - [25/Feb/2024:02:29:13 +0000] "POST /clientes/1/transacoes HTTP/1.1" 200 28 "-" "Agente do Caos - 2024/Q1"
nginx-1         | 192.168.144.1 - - [25/Feb/2024:02:29:13 +0000] "GET /clientes/4/extrato HTTP/1.1" 200 377 "-" "Agente do Caos - 2024/Q1"
nginx-1         | 192.168.144.1 - - [25/Feb/2024:02:29:13 +0000] "GET /clientes/5/extrato HTTP/1.1" 200 374 "-" "Agente do Caos - 2024/Q1"
nginx-1         | 192.168.144.1 - - [25/Feb/2024:02:29:13 +0000] "GET /clientes/1/extrato HTTP/1.1" 200 1016 "-" "Agente do Caos - 2024/Q1"
nginx-1         | 192.168.144.1 - - [25/Feb/2024:02:29:13 +0000] "GET /clientes/3/extrato HTTP/1.1" 200 376 "-" "Agente do Caos - 2024/Q1"
nginx-1         | 192.168.144.1 - - [25/Feb/2024:02:29:13 +0000] "GET /clientes/2/extrato HTTP/1.1" 200 374 "-" "Agente do Caos - 2024/Q1"
nginx-1         | 192.168.144.1 - - [25/Feb/2024:02:29:13 +0000] "GET /clientes/3/extrato HTTP/1.1" 200 376 "-" "Agente do Caos - 2024/Q1"
nginx-1         | 192.168.144.1 - - [25/Feb/2024:02:29:13 +0000] "GET /clientes/5/extrato HTTP/1.1" 200 375 "-" "Agente do Caos - 2024/Q1"
nginx-1         | 192.168.144.1 - - [25/Feb/2024:02:29:13 +0000] "GET /clientes/5/extrato HTTP/1.1" 200 375 "-" "Agente do Caos - 2024/Q1"
nginx-1         | 192.168.144.1 - - [25/Feb/2024:02:29:13 +0000] "GET /clientes/3/extrato HTTP/1.1" 200 376 "-" "Agente do Caos - 2024/Q1"
nginx-1         | 192.168.144.1 - - [25/Feb/2024:02:29:13 +0000] "GET /clientes/2/extrato HTTP/1.1" 200 374 "-" "Agente do Caos - 2024/Q1"
nginx-1         | 192.168.144.1 - - [25/Feb/2024:02:29:13 +0000] "GET /clientes/3/extrato HTTP/1.1" 200 376 "-" "Agente do Caos - 2024/Q1"
nginx-1         | 192.168.144.1 - - [25/Feb/2024:02:29:13 +0000] "GET /clientes/2/extrato HTTP/1.1" 200 374 "-" "Agente do Caos - 2024/Q1"
nginx-1         | 192.168.144.1 - - [25/Feb/2024:02:29:13 +0000] "GET /clientes/5/extrato HTTP/1.1" 200 374 "-" "Agente do Caos - 2024/Q1"
nginx-1         | 192.168.144.1 - - [25/Feb/2024:02:29:13 +0000] "GET /clientes/2/extrato HTTP/1.1" 200 374 "-" "Agente do Caos - 2024/Q1"
rinha-server-2  | {"time":"2024-02-25T02:29:13.314392615Z","id":"","remote_ip":"192.168.144.5","host":"rinha-server:8080","method":"POST","uri":"/clientes/3/transacoes","user_agent":"Agente do Caos - 2024/Q1","status":422,"error":"code=422, message=Unprocessable Entity","latency":116666,"latency_human":"116.666µs","bytes_in":51,"bytes_out":35}
nginx-1         | 192.168.144.1 - - [25/Feb/2024:02:29:13 +0000] "POST /clientes/3/transacoes HTTP/1.1" 422 35 "-" "Agente do Caos - 2024/Q1"
nginx-1         | 192.168.144.1 - - [25/Feb/2024:02:29:13 +0000] "GET /clientes/4/extrato HTTP/1.1" 200 377 "-" "Agente do Caos - 2024/Q1"
nginx-1         | 192.168.144.1 - - [25/Feb/2024:02:29:13 +0000] "GET /clientes/1/extrato HTTP/1.1" 200 1016 "-" "Agente do Caos - 2024/Q1"
rinha-server-1  | {"time":"2024-02-25T02:29:13.319407025Z","id":"","remote_ip":"192.168.144.5","host":"rinha-server:8080","method":"POST","uri":"/clientes/3/transacoes","user_agent":"Agente do Caos - 2024/Q1","status":422,"error":"code=422, message=Unprocessable Entity","latency":82976,"latency_human":"82.976µs","bytes_in":67,"bytes_out":35}
rinha-server-2  | {"time":"2024-02-25T02:29:13.317620411Z","id":"","remote_ip":"192.168.144.5","host":"rinha-server:8080","method":"POST","uri":"/clientes/3/transacoes","user_agent":"Agente do Caos - 2024/Q1","status":422,"error":"code=422, message=Unprocessable Entity","latency":86071,"latency_human":"86.071µs","bytes_in":49,"bytes_out":35}
nginx-1         | 192.168.144.1 - - [25/Feb/2024:02:29:13 +0000] "POST /clientes/3/transacoes HTTP/1.1" 422 35 "-" "Agente do Caos - 2024/Q1"
nginx-1         | 192.168.144.1 - - [25/Feb/2024:02:29:13 +0000] "GET /clientes/1/extrato HTTP/1.1" 200 1016 "-" "Agente do Caos - 2024/Q1"
nginx-1         | 192.168.144.1 - - [25/Feb/2024:02:29:13 +0000] "GET /clientes/1/extrato HTTP/1.1" 200 1016 "-" "Agente do Caos - 2024/Q1"
nginx-1         | 192.168.144.1 - - [25/Feb/2024:02:29:13 +0000] "POST /clientes/3/transacoes HTTP/1.1" 422 35 "-" "Agente do Caos - 2024/Q1"
rinha-server-1  | {"time":"2024-02-25T02:29:13.320640756Z","id":"","remote_ip":"192.168.144.5","host":"rinha-server:8080","method":"POST","uri":"/clientes/5/transacoes","user_agent":"Agente do Caos - 2024/Q1","status":422,"error":"code=422, message=Unprocessable Entity","latency":70524,"latency_human":"70.524µs","bytes_in":51,"bytes_out":35}
nginx-1         | 192.168.144.1 - - [25/Feb/2024:02:29:13 +0000] "POST /clientes/5/transacoes HTTP/1.1" 422 35 "-" "Agente do Caos - 2024/Q1"
rinha-server-2  | {"time":"2024-02-25T02:29:13.320993676Z","id":"","remote_ip":"192.168.144.5","host":"rinha-server:8080","method":"POST","uri":"/clientes/3/transacoes","user_agent":"Agente do Caos - 2024/Q1","status":422,"error":"code=422, message=Unprocessable Entity","latency":72088,"latency_human":"72.088µs","bytes_in":42,"bytes_out":35}
nginx-1         | 192.168.144.1 - - [25/Feb/2024:02:29:13 +0000] "POST /clientes/3/transacoes HTTP/1.1" 422 35 "-" "Agente do Caos - 2024/Q1"
rinha-server-1  | {"time":"2024-02-25T02:29:13.322086359Z","id":"","remote_ip":"192.168.144.5","host":"rinha-server:8080","method":"POST","uri":"/clientes/2/transacoes","user_agent":"Agente do Caos - 2024/Q1","status":422,"error":"code=422, message=Unprocessable Entity","latency":61081,"latency_human":"61.081µs","bytes_in":51,"bytes_out":35}
nginx-1         | 192.168.144.1 - - [25/Feb/2024:02:29:13 +0000] "POST /clientes/2/transacoes HTTP/1.1" 422 35 "-" "Agente do Caos - 2024/Q1"
nginx-1         | 192.168.144.1 - - [25/Feb/2024:02:29:13 +0000] "GET /clientes/4/extrato HTTP/1.1" 200 377 "-" "Agente do Caos - 2024/Q1"
nginx-1         | 192.168.144.1 - - [25/Feb/2024:02:29:13 +0000] "GET /clientes/4/extrato HTTP/1.1" 200 377 "-" "Agente do Caos - 2024/Q1"
rinha-server-1  | {"time":"2024-02-25T02:29:13.323638264Z","id":"","remote_ip":"192.168.144.5","host":"rinha-server:8080","method":"POST","uri":"/clientes/2/transacoes","user_agent":"Agente do Caos - 2024/Q1","status":422,"error":"code=422, message=Unprocessable Entity","latency":62115,"latency_human":"62.115µs","bytes_in":49,"bytes_out":35}
nginx-1         | 192.168.144.1 - - [25/Feb/2024:02:29:13 +0000] "POST /clientes/2/transacoes HTTP/1.1" 422 35 "-" "Agente do Caos - 2024/Q1"
rinha-server-2  | {"time":"2024-02-25T02:29:13.324096191Z","id":"","remote_ip":"192.168.144.5","host":"rinha-server:8080","method":"POST","uri":"/clientes/3/transacoes","user_agent":"Agente do Caos - 2024/Q1","status":422,"error":"code=422, message=Unprocessable Entity","latency":60071,"latency_human":"60.071µs","bytes_in":44,"bytes_out":35}
nginx-1         | 192.168.144.1 - - [25/Feb/2024:02:29:13 +0000] "POST /clientes/3/transacoes HTTP/1.1" 422 35 "-" "Agente do Caos - 2024/Q1"
rinha-server-1  | {"time":"2024-02-25T02:29:13.324447761Z","id":"","remote_ip":"192.168.144.5","host":"rinha-server:8080","method":"POST","uri":"/clientes/5/transacoes","user_agent":"Agente do Caos - 2024/Q1","status":422,"error":"code=422, message=Unprocessable Entity","latency":81970,"latency_human":"81.97µs","bytes_in":49,"bytes_out":35}
nginx-1         | 192.168.144.1 - - [25/Feb/2024:02:29:13 +0000] "POST /clientes/5/transacoes HTTP/1.1" 422 35 "-" "Agente do Caos - 2024/Q1"
rinha-server-2  | {"time":"2024-02-25T02:29:13.326480775Z","id":"","remote_ip":"192.168.144.5","host":"rinha-server:8080","method":"POST","uri":"/clientes/5/transacoes","user_agent":"Agente do Caos - 2024/Q1","status":422,"error":"code=422, message=Unprocessable Entity","latency":61162,"latency_human":"61.162µs","bytes_in":67,"bytes_out":35}
nginx-1         | 192.168.144.1 - - [25/Feb/2024:02:29:13 +0000] "POST /clientes/5/transacoes HTTP/1.1" 422 35 "-" "Agente do Caos - 2024/Q1"
rinha-server-1  | {"time":"2024-02-25T02:29:13.327960049Z","id":"","remote_ip":"192.168.144.5","host":"rinha-server:8080","method":"POST","uri":"/clientes/5/transacoes","user_agent":"Agente do Caos - 2024/Q1","status":422,"error":"code=422, message=Unprocessable Entity","latency":64630,"latency_human":"64.63µs","bytes_in":42,"bytes_out":35}
nginx-1         | 192.168.144.1 - - [25/Feb/2024:02:29:13 +0000] "POST /clientes/5/transacoes HTTP/1.1" 422 35 "-" "Agente do Caos - 2024/Q1"
nginx-1         | 192.168.144.1 - - [25/Feb/2024:02:29:13 +0000] "POST /clientes/2/transacoes HTTP/1.1" 422 35 "-" "Agente do Caos - 2024/Q1"
rinha-server-2  | {"time":"2024-02-25T02:29:13.328377023Z","id":"","remote_ip":"192.168.144.5","host":"rinha-server:8080","method":"POST","uri":"/clientes/2/transacoes","user_agent":"Agente do Caos - 2024/Q1","status":422,"error":"code=422, message=Unprocessable Entity","latency":61083,"latency_human":"61.083µs","bytes_in":67,"bytes_out":35}
rinha-server-1  | {"time":"2024-02-25T02:29:13.329041889Z","id":"","remote_ip":"192.168.144.5","host":"rinha-server:8080","method":"POST","uri":"/clientes/1/transacoes","user_agent":"Agente do Caos - 2024/Q1","status":422,"error":"code=422, message=Unprocessable Entity","latency":65695,"latency_human":"65.695µs","bytes_in":51,"bytes_out":35}
nginx-1         | 192.168.144.1 - - [25/Feb/2024:02:29:13 +0000] "POST /clientes/1/transacoes HTTP/1.1" 422 35 "-" "Agente do Caos - 2024/Q1"
rinha-server-1  | {"time":"2024-02-25T02:29:13.330337672Z","id":"","remote_ip":"192.168.144.5","host":"rinha-server:8080","method":"POST","uri":"/clientes/1/transacoes","user_agent":"Agente do Caos - 2024/Q1","status":422,"error":"code=422, message=Unprocessable Entity","latency":64023,"latency_human":"64.023µs","bytes_in":49,"bytes_out":35}
nginx-1         | 192.168.144.1 - - [25/Feb/2024:02:29:13 +0000] "POST /clientes/5/transacoes HTTP/1.1" 422 35 "-" "Agente do Caos - 2024/Q1"
nginx-1         | 192.168.144.1 - - [25/Feb/2024:02:29:13 +0000] "POST /clientes/1/transacoes HTTP/1.1" 422 35 "-" "Agente do Caos - 2024/Q1"
rinha-server-2  | {"time":"2024-02-25T02:29:13.329861434Z","id":"","remote_ip":"192.168.144.5","host":"rinha-server:8080","method":"POST","uri":"/clientes/5/transacoes","user_agent":"Agente do Caos - 2024/Q1","status":422,"error":"code=422, message=Unprocessable Entity","latency":73427,"latency_human":"73.427µs","bytes_in":44,"bytes_out":35}
rinha-server-2  | {"time":"2024-02-25T02:29:13.33062971Z","id":"","remote_ip":"192.168.144.5","host":"rinha-server:8080","method":"POST","uri":"/clientes/2/transacoes","user_agent":"Agente do Caos - 2024/Q1","status":422,"error":"code=422, message=Unprocessable Entity","latency":78749,"latency_human":"78.749µs","bytes_in":42,"bytes_out":35}
nginx-1         | 192.168.144.1 - - [25/Feb/2024:02:29:13 +0000] "POST /clientes/2/transacoes HTTP/1.1" 422 35 "-" "Agente do Caos - 2024/Q1"
rinha-server-1  | {"time":"2024-02-25T02:29:13.332257946Z","id":"","remote_ip":"192.168.144.5","host":"rinha-server:8080","method":"POST","uri":"/clientes/1/transacoes","user_agent":"Agente do Caos - 2024/Q1","status":422,"error":"code=422, message=Unprocessable Entity","latency":66769,"latency_human":"66.769µs","bytes_in":67,"bytes_out":35}
nginx-1         | 192.168.144.1 - - [25/Feb/2024:02:29:13 +0000] "POST /clientes/1/transacoes HTTP/1.1" 422 35 "-" "Agente do Caos - 2024/Q1"
rinha-server-2  | {"time":"2024-02-25T02:29:13.333829479Z","id":"","remote_ip":"192.168.144.5","host":"rinha-server:8080","method":"POST","uri":"/clientes/4/transacoes","user_agent":"Agente do Caos - 2024/Q1","status":422,"error":"code=422, message=Unprocessable Entity","latency":76103,"latency_human":"76.103µs","bytes_in":51,"bytes_out":35}
rinha-server-1  | {"time":"2024-02-25T02:29:13.334023773Z","id":"","remote_ip":"192.168.144.5","host":"rinha-server:8080","method":"POST","uri":"/clientes/2/transacoes","user_agent":"Agente do Caos - 2024/Q1","status":422,"error":"code=422, message=Unprocessable Entity","latency":57500,"latency_human":"57.5µs","bytes_in":44,"bytes_out":35}
nginx-1         | 192.168.144.1 - - [25/Feb/2024:02:29:13 +0000] "POST /clientes/4/transacoes HTTP/1.1" 422 35 "-" "Agente do Caos - 2024/Q1"
nginx-1         | 192.168.144.1 - - [25/Feb/2024:02:29:13 +0000] "POST /clientes/2/transacoes HTTP/1.1" 422 35 "-" "Agente do Caos - 2024/Q1"
rinha-server-2  | {"time":"2024-02-25T02:29:13.334695159Z","id":"","remote_ip":"192.168.144.5","host":"rinha-server:8080","method":"POST","uri":"/clientes/1/transacoes","user_agent":"Agente do Caos - 2024/Q1","status":422,"error":"code=422, message=Unprocessable Entity","latency":74379,"latency_human":"74.379µs","bytes_in":42,"bytes_out":35}
nginx-1         | 192.168.144.1 - - [25/Feb/2024:02:29:13 +0000] "POST /clientes/1/transacoes HTTP/1.1" 422 35 "-" "Agente do Caos - 2024/Q1"
rinha-server-1  | {"time":"2024-02-25T02:29:13.335926155Z","id":"","remote_ip":"192.168.144.5","host":"rinha-server:8080","method":"POST","uri":"/clientes/1/transacoes","user_agent":"Agente do Caos - 2024/Q1","status":422,"error":"code=422, message=Unprocessable Entity","latency":66517,"latency_human":"66.517µs","bytes_in":44,"bytes_out":35}
nginx-1         | 192.168.144.1 - - [25/Feb/2024:02:29:13 +0000] "POST /clientes/1/transacoes HTTP/1.1" 422 35 "-" "Agente do Caos - 2024/Q1"
rinha-server-2  | {"time":"2024-02-25T02:29:13.336480322Z","id":"","remote_ip":"192.168.144.5","host":"rinha-server:8080","method":"POST","uri":"/clientes/4/transacoes","user_agent":"Agente do Caos - 2024/Q1","status":422,"error":"code=422, message=Unprocessable Entity","latency":59514,"latency_human":"59.514µs","bytes_in":49,"bytes_out":35}
nginx-1         | 192.168.144.1 - - [25/Feb/2024:02:29:13 +0000] "POST /clientes/4/transacoes HTTP/1.1" 422 35 "-" "Agente do Caos - 2024/Q1"
rinha-server-1  | {"time":"2024-02-25T02:29:13.337967865Z","id":"","remote_ip":"192.168.144.5","host":"rinha-server:8080","method":"POST","uri":"/clientes/4/transacoes","user_agent":"Agente do Caos - 2024/Q1","status":422,"error":"code=422, message=Unprocessable Entity","latency":44285,"latency_human":"44.285µs","bytes_in":67,"bytes_out":35}
nginx-1         | 192.168.144.1 - - [25/Feb/2024:02:29:13 +0000] "POST /clientes/4/transacoes HTTP/1.1" 422 35 "-" "Agente do Caos - 2024/Q1"
rinha-server-2  | {"time":"2024-02-25T02:29:13.33918877Z","id":"","remote_ip":"192.168.144.5","host":"rinha-server:8080","method":"POST","uri":"/clientes/4/transacoes","user_agent":"Agente do Caos - 2024/Q1","status":422,"error":"code=422, message=Unprocessable Entity","latency":48039,"latency_human":"48.039µs","bytes_in":42,"bytes_out":35}
nginx-1         | 192.168.144.1 - - [25/Feb/2024:02:29:13 +0000] "POST /clientes/4/transacoes HTTP/1.1" 422 35 "-" "Agente do Caos - 2024/Q1"
rinha-server-1  | {"time":"2024-02-25T02:29:13.340592517Z","id":"","remote_ip":"192.168.144.5","host":"rinha-server:8080","method":"POST","uri":"/clientes/4/transacoes","user_agent":"Agente do Caos - 2024/Q1","status":422,"error":"code=422, message=Unprocessable Entity","latency":41364,"latency_human":"41.364µs","bytes_in":44,"bytes_out":35}
nginx-1         | 192.168.144.1 - - [25/Feb/2024:02:29:13 +0000] "POST /clientes/4/transacoes HTTP/1.1" 422 35 "-" "Agente do Caos - 2024/Q1"
nginx-1         | 192.168.144.1 - - [25/Feb/2024:02:29:14 +0000] "GET /clientes/5/extrato HTTP/1.1" 200 375 "-" "Agente do Caos - 2024/Q1"
nginx-1         | 192.168.144.1 - - [25/Feb/2024:02:29:14 +0000] "POST /clientes/2/transacoes HTTP/1.1" 200 30 "-" "Agente do Caos - 2024/Q1"
nginx-1         | 192.168.144.1 - - [25/Feb/2024:02:29:14 +0000] "POST /clientes/1/transacoes HTTP/1.1" 200 32 "-" "Agente do Caos - 2024/Q1"
nginx-1         | 192.168.144.1 - - [25/Feb/2024:02:29:15 +0000] "GET /clientes/5/extrato HTTP/1.1" 200 375 "-" "Agente do Caos - 2024/Q1"
nginx-1         | 192.168.144.1 - - [25/Feb/2024:02:29:15 +0000] "POST /clientes/5/transacoes HTTP/1.1" 200 31 "-" "Agente do Caos - 2024/Q1"
nginx-1         | 192.168.144.1 - - [25/Feb/2024:02:29:15 +0000] "POST /clientes/3/transacoes HTTP/1.1" 200 32 "-" "Agente do Caos - 2024/Q1"
nginx-1         | 192.168.144.1 - - [25/Feb/2024:02:29:15 +0000] "POST /clientes/3/transacoes HTTP/1.1" 200 33 "-" "Agente do Caos - 2024/Q1"
nginx-1         | 192.168.144.1 - - [25/Feb/2024:02:29:15 +0000] "POST /clientes/5/transacoes HTTP/1.1" 200 32 "-" "Agente do Caos - 2024/Q1"
nginx-1         | 192.168.144.1 - - [25/Feb/2024:02:29:15 +0000] "POST /clientes/5/transacoes HTTP/1.1" 200 32 "-" "Agente do Caos - 2024/Q1"
nginx-1         | 192.168.144.1 - - [25/Feb/2024:02:29:16 +0000] "POST /clientes/1/transacoes HTTP/1.1" 200 32 "-" "Agente do Caos - 2024/Q1"
nginx-1         | 192.168.144.1 - - [25/Feb/2024:02:29:16 +0000] "GET /clientes/2/extrato HTTP/1.1" 200 473 "-" "Agente do Caos - 2024/Q1"
nginx-1         | 192.168.144.1 - - [25/Feb/2024:02:29:16 +0000] "POST /clientes/4/transacoes HTTP/1.1" 200 33 "-" "Agente do Caos - 2024/Q1"
nginx-1         | 192.168.144.1 - - [25/Feb/2024:02:29:16 +0000] "POST /clientes/3/transacoes HTTP/1.1" 200 33 "-" "Agente do Caos - 2024/Q1"
nginx-1         | 192.168.144.1 - - [25/Feb/2024:02:29:16 +0000] "POST /clientes/1/transacoes HTTP/1.1" 200 33 "-" "Agente do Caos - 2024/Q1"
nginx-1         | 192.168.144.1 - - [25/Feb/2024:02:29:16 +0000] "POST /clientes/4/transacoes HTTP/1.1" 200 33 "-" "Agente do Caos - 2024/Q1"
nginx-1         | 192.168.144.1 - - [25/Feb/2024:02:29:16 +0000] "POST /clientes/3/transacoes HTTP/1.1" 200 34 "-" "Agente do Caos - 2024/Q1"
nginx-1         | 192.168.144.1 - - [25/Feb/2024:02:29:16 +0000] "POST /clientes/4/transacoes HTTP/1.1" 200 34 "-" "Agente do Caos - 2024/Q1"
nginx-1         | 192.168.144.1 - - [25/Feb/2024:02:29:16 +0000] "POST /clientes/2/transacoes HTTP/1.1" 200 30 "-" "Agente do Caos - 2024/Q1"
nginx-1         | 192.168.144.1 - - [25/Feb/2024:02:29:16 +0000] "POST /clientes/5/transacoes HTTP/1.1" 200 31 "-" "Agente do Caos - 2024/Q1"
nginx-1         | 192.168.144.1 - - [25/Feb/2024:02:29:17 +0000] "POST /clientes/3/transacoes HTTP/1.1" 200 33 "-" "Agente do Caos - 2024/Q1"
nginx-1         | 192.168.144.1 - - [25/Feb/2024:02:29:17 +0000] "POST /clientes/5/transacoes HTTP/1.1" 200 32 "-" "Agente do Caos - 2024/Q1"
nginx-1         | 192.168.144.1 - - [25/Feb/2024:02:29:17 +0000] "GET /clientes/2/extrato HTTP/1.1" 200 568 "-" "Agente do Caos - 2024/Q1"
nginx-1         | 192.168.144.1 - - [25/Feb/2024:02:29:17 +0000] "POST /clientes/2/transacoes HTTP/1.1" 200 31 "-" "Agente do Caos - 2024/Q1"
nginx-1         | 192.168.144.1 - - [25/Feb/2024:02:29:17 +0000] "POST /clientes/4/transacoes HTTP/1.1" 200 34 "-" "Agente do Caos - 2024/Q1"
nginx-1         | 192.168.144.1 - - [25/Feb/2024:02:29:17 +0000] "POST /clientes/4/transacoes HTTP/1.1" 200 34 "-" "Agente do Caos - 2024/Q1"
nginx-1         | 192.168.144.1 - - [25/Feb/2024:02:29:17 +0000] "POST /clientes/1/transacoes HTTP/1.1" 200 33 "-" "Agente do Caos - 2024/Q1"
nginx-1         | 192.168.144.1 - - [25/Feb/2024:02:29:17 +0000] "POST /clientes/1/transacoes HTTP/1.1" 200 33 "-" "Agente do Caos - 2024/Q1"
nginx-1         | 192.168.144.1 - - [25/Feb/2024:02:29:17 +0000] "POST /clientes/3/transacoes HTTP/1.1" 200 34 "-" "Agente do Caos - 2024/Q1"
nginx-1         | 192.168.144.1 - - [25/Feb/2024:02:29:17 +0000] "POST /clientes/4/transacoes HTTP/1.1" 200 34 "-" "Agente do Caos - 2024/Q1"
nginx-1         | 192.168.144.1 - - [25/Feb/2024:02:29:17 +0000] "POST /clientes/3/transacoes HTTP/1.1" 200 34 "-" "Agente do Caos - 2024/Q1"
nginx-1         | 192.168.144.1 - - [25/Feb/2024:02:29:17 +0000] "POST /clientes/3/transacoes HTTP/1.1" 200 34 "-" "Agente do Caos - 2024/Q1"
nginx-1         | 192.168.144.1 - - [25/Feb/2024:02:29:18 +0000] "POST /clientes/3/transacoes HTTP/1.1" 200 34 "-" "Agente do Caos - 2024/Q1"
nginx-1         | 192.168.144.1 - - [25/Feb/2024:02:29:18 +0000] "POST /clientes/2/transacoes HTTP/1.1" 200 31 "-" "Agente do Caos - 2024/Q1"
nginx-1         | 192.168.144.1 - - [25/Feb/2024:02:29:18 +0000] "GET /clientes/5/extrato HTTP/1.1" 200 859 "-" "Agente do Caos - 2024/Q1"
nginx-1         | 192.168.144.1 - - [25/Feb/2024:02:29:18 +0000] "POST /clientes/2/transacoes HTTP/1.1" 200 31 "-" "Agente do Caos - 2024/Q1"
nginx-1         | 192.168.144.1 - - [25/Feb/2024:02:29:18 +0000] "POST /clientes/2/transacoes HTTP/1.1" 200 31 "-" "Agente do Caos - 2024/Q1"
nginx-1         | 192.168.144.1 - - [25/Feb/2024:02:29:18 +0000] "POST /clientes/4/transacoes HTTP/1.1" 200 34 "-" "Agente do Caos - 2024/Q1"
nginx-1         | 192.168.144.1 - - [25/Feb/2024:02:29:18 +0000] "POST /clientes/5/transacoes HTTP/1.1" 200 32 "-" "Agente do Caos - 2024/Q1"
nginx-1         | 192.168.144.1 - - [25/Feb/2024:02:29:18 +0000] "POST /clientes/5/transacoes HTTP/1.1" 200 33 "-" "Agente do Caos - 2024/Q1"
nginx-1         | 192.168.144.1 - - [25/Feb/2024:02:29:18 +0000] "POST /clientes/1/transacoes HTTP/1.1" 200 33 "-" "Agente do Caos - 2024/Q1"
nginx-1         | 192.168.144.1 - - [25/Feb/2024:02:29:18 +0000] "POST /clientes/5/transacoes HTTP/1.1" 200 32 "-" "Agente do Caos - 2024/Q1"
nginx-1         | 192.168.144.1 - - [25/Feb/2024:02:29:18 +0000] "POST /clientes/5/transacoes HTTP/1.1" 200 32 "-" "Agente do Caos - 2024/Q1"
nginx-1         | 192.168.144.1 - - [25/Feb/2024:02:29:18 +0000] "POST /clientes/1/transacoes HTTP/1.1" 200 33 "-" "Agente do Caos - 2024/Q1"
nginx-1         | 192.168.144.1 - - [25/Feb/2024:02:29:18 +0000] "POST /clientes/3/transacoes HTTP/1.1" 200 34 "-" "Agente do Caos - 2024/Q1"
nginx-1         | 192.168.144.1 - - [25/Feb/2024:02:29:18 +0000] "POST /clientes/5/transacoes HTTP/1.1" 200 32 "-" "Agente do Caos - 2024/Q1"
nginx-1         | 192.168.144.1 - - [25/Feb/2024:02:29:19 +0000] "POST /clientes/1/transacoes HTTP/1.1" 200 33 "-" "Agente do Caos - 2024/Q1"
nginx-1         | 192.168.144.1 - - [25/Feb/2024:02:29:19 +0000] "POST /clientes/5/transacoes HTTP/1.1" 200 32 "-" "Agente do Caos - 2024/Q1"
nginx-1         | 192.168.144.1 - - [25/Feb/2024:02:29:19 +0000] "POST /clientes/4/transacoes HTTP/1.1" 200 34 "-" "Agente do Caos - 2024/Q1"
nginx-1         | 192.168.144.1 - - [25/Feb/2024:02:29:19 +0000] "GET /clientes/3/extrato HTTP/1.1" 200 1074 "-" "Agente do Caos - 2024/Q1"
nginx-1         | 192.168.144.1 - - [25/Feb/2024:02:29:19 +0000] "POST /clientes/2/transacoes HTTP/1.1" 200 29 "-" "Agente do Caos - 2024/Q1"
nginx-1         | 192.168.144.1 - - [25/Feb/2024:02:29:19 +0000] "POST /clientes/4/transacoes HTTP/1.1" 200 34 "-" "Agente do Caos - 2024/Q1"
nginx-1         | 192.168.144.1 - - [25/Feb/2024:02:29:19 +0000] "POST /clientes/2/transacoes HTTP/1.1" 200 31 "-" "Agente do Caos - 2024/Q1"
nginx-1         | 192.168.144.1 - - [25/Feb/2024:02:29:19 +0000] "POST /clientes/2/transacoes HTTP/1.1" 200 28 "-" "Agente do Caos - 2024/Q1"
nginx-1         | 192.168.144.1 - - [25/Feb/2024:02:29:19 +0000] "POST /clientes/4/transacoes HTTP/1.1" 200 33 "-" "Agente do Caos - 2024/Q1"
nginx-1         | 192.168.144.1 - - [25/Feb/2024:02:29:19 +0000] "POST /clientes/2/transacoes HTTP/1.1" 200 31 "-" "Agente do Caos - 2024/Q1"
nginx-1         | 192.168.144.1 - - [25/Feb/2024:02:29:19 +0000] "POST /clientes/1/transacoes HTTP/1.1" 200 33 "-" "Agente do Caos - 2024/Q1"
nginx-1         | 192.168.144.1 - - [25/Feb/2024:02:29:19 +0000] "POST /clientes/4/transacoes HTTP/1.1" 200 33 "-" "Agente do Caos - 2024/Q1"
nginx-1         | 192.168.144.1 - - [25/Feb/2024:02:29:19 +0000] "POST /clientes/5/transacoes HTTP/1.1" 200 32 "-" "Agente do Caos - 2024/Q1"
nginx-1         | 192.168.144.1 - - [25/Feb/2024:02:29:19 +0000] "GET /clientes/3/extrato HTTP/1.1" 200 1074 "-" "Agente do Caos - 2024/Q1"
nginx-1         | 192.168.144.1 - - [25/Feb/2024:02:29:19 +0000] "POST /clientes/3/transacoes HTTP/1.1" 200 34 "-" "Agente do Caos - 2024/Q1"
nginx-1         | 192.168.144.1 - - [25/Feb/2024:02:29:19 +0000] "POST /clientes/3/transacoes HTTP/1.1" 200 34 "-" "Agente do Caos - 2024/Q1"
nginx-1         | 192.168.144.1 - - [25/Feb/2024:02:29:19 +0000] "POST /clientes/2/transacoes HTTP/1.1" 200 31 "-" "Agente do Caos - 2024/Q1"
nginx-1         | 192.168.144.1 - - [25/Feb/2024:02:29:19 +0000] "POST /clientes/5/transacoes HTTP/1.1" 200 32 "-" "Agente do Caos - 2024/Q1"
nginx-1         | 192.168.144.1 - - [25/Feb/2024:02:29:19 +0000] "POST /clientes/2/transacoes HTTP/1.1" 200 32 "-" "Agente do Caos - 2024/Q1"
nginx-1         | 192.168.144.1 - - [25/Feb/2024:02:29:20 +0000] "POST /clientes/2/transacoes HTTP/1.1" 200 32 "-" "Agente do Caos - 2024/Q1"
nginx-1         | 192.168.144.1 - - [25/Feb/2024:02:29:20 +0000] "POST /clientes/3/transacoes HTTP/1.1" 200 34 "-" "Agente do Caos - 2024/Q1"
nginx-1         | 192.168.144.1 - - [25/Feb/2024:02:29:20 +0000] "POST /clientes/5/transacoes HTTP/1.1" 200 32 "-" "Agente do Caos - 2024/Q1"
nginx-1         | 192.168.144.1 - - [25/Feb/2024:02:29:20 +0000] "GET /clientes/5/extrato HTTP/1.1" 200 1070 "-" "Agente do Caos - 2024/Q1"
nginx-1         | 192.168.144.1 - - [25/Feb/2024:02:29:20 +0000] "POST /clientes/2/transacoes HTTP/1.1" 200 32 "-" "Agente do Caos - 2024/Q1"
nginx-1         | 192.168.144.1 - - [25/Feb/2024:02:29:20 +0000] "POST /clientes/5/transacoes HTTP/1.1" 200 32 "-" "Agente do Caos - 2024/Q1"
nginx-1         | 192.168.144.1 - - [25/Feb/2024:02:29:20 +0000] "POST /clientes/3/transacoes HTTP/1.1" 200 34 "-" "Agente do Caos - 2024/Q1"
nginx-1         | 192.168.144.1 - - [25/Feb/2024:02:29:20 +0000] "POST /clientes/3/transacoes HTTP/1.1" 200 34 "-" "Agente do Caos - 2024/Q1"
nginx-1         | 192.168.144.1 - - [25/Feb/2024:02:29:20 +0000] "POST /clientes/5/transacoes HTTP/1.1" 200 33 "-" "Agente do Caos - 2024/Q1"
nginx-1         | 192.168.144.1 - - [25/Feb/2024:02:29:20 +0000] "POST /clientes/1/transacoes HTTP/1.1" 200 33 "-" "Agente do Caos - 2024/Q1"
nginx-1         | 192.168.144.1 - - [25/Feb/2024:02:29:20 +0000] "POST /clientes/1/transacoes HTTP/1.1" 200 33 "-" "Agente do Caos - 2024/Q1"
nginx-1         | 192.168.144.1 - - [25/Feb/2024:02:29:20 +0000] "POST /clientes/3/transacoes HTTP/1.1" 200 34 "-" "Agente do Caos - 2024/Q1"
nginx-1         | 192.168.144.1 - - [25/Feb/2024:02:29:20 +0000] "POST /clientes/3/transacoes HTTP/1.1" 200 34 "-" "Agente do Caos - 2024/Q1"
nginx-1         | 192.168.144.1 - - [25/Feb/2024:02:29:20 +0000] "POST /clientes/3/transacoes HTTP/1.1" 200 34 "-" "Agente do Caos - 2024/Q1"
nginx-1         | 192.168.144.1 - - [25/Feb/2024:02:29:20 +0000] "POST /clientes/1/transacoes HTTP/1.1" 200 33 "-" "Agente do Caos - 2024/Q1"
nginx-1         | 192.168.144.1 - - [25/Feb/2024:02:29:20 +0000] "POST /clientes/1/transacoes HTTP/1.1" 200 33 "-" "Agente do Caos - 2024/Q1"
nginx-1         | 192.168.144.1 - - [25/Feb/2024:02:29:20 +0000] "POST /clientes/1/transacoes HTTP/1.1" 200 33 "-" "Agente do Caos - 2024/Q1"
nginx-1         | 192.168.144.1 - - [25/Feb/2024:02:29:20 +0000] "POST /clientes/1/transacoes HTTP/1.1" 200 33 "-" "Agente do Caos - 2024/Q1"
nginx-1         | 192.168.144.1 - - [25/Feb/2024:02:29:20 +0000] "POST /clientes/4/transacoes HTTP/1.1" 200 33 "-" "Agente do Caos - 2024/Q1"
nginx-1         | 192.168.144.1 - - [25/Feb/2024:02:29:20 +0000] "POST /clientes/2/transacoes HTTP/1.1" 200 31 "-" "Agente do Caos - 2024/Q1"
nginx-1         | 192.168.144.1 - - [25/Feb/2024:02:29:21 +0000] "POST /clientes/2/transacoes HTTP/1.1" 200 32 "-" "Agente do Caos - 2024/Q1"
nginx-1         | 192.168.144.1 - - [25/Feb/2024:02:29:21 +0000] "POST /clientes/4/transacoes HTTP/1.1" 200 34 "-" "Agente do Caos - 2024/Q1"
nginx-1         | 192.168.144.1 - - [25/Feb/2024:02:29:21 +0000] "POST /clientes/5/transacoes HTTP/1.1" 200 32 "-" "Agente do Caos - 2024/Q1"
nginx-1         | 192.168.144.1 - - [25/Feb/2024:02:29:21 +0000] "POST /clientes/4/transacoes HTTP/1.1" 200 35 "-" "Agente do Caos - 2024/Q1"
nginx-1         | 192.168.144.1 - - [25/Feb/2024:02:29:21 +0000] "GET /clientes/5/extrato HTTP/1.1" 200 1071 "-" "Agente do Caos - 2024/Q1"
nginx-1         | 192.168.144.1 - - [25/Feb/2024:02:29:21 +0000] "POST /clientes/5/transacoes HTTP/1.1" 200 31 "-" "Agente do Caos - 2024/Q1"
nginx-1         | 192.168.144.1 - - [25/Feb/2024:02:29:21 +0000] "POST /clientes/2/transacoes HTTP/1.1" 200 32 "-" "Agente do Caos - 2024/Q1"
nginx-1         | 192.168.144.1 - - [25/Feb/2024:02:29:21 +0000] "POST /clientes/1/transacoes HTTP/1.1" 200 33 "-" "Agente do Caos - 2024/Q1"
nginx-1         | 192.168.144.1 - - [25/Feb/2024:02:29:21 +0000] "POST /clientes/4/transacoes HTTP/1.1" 200 34 "-" "Agente do Caos - 2024/Q1"
nginx-1         | 192.168.144.1 - - [25/Feb/2024:02:29:21 +0000] "POST /clientes/3/transacoes HTTP/1.1" 200 34 "-" "Agente do Caos - 2024/Q1"
nginx-1         | 192.168.144.1 - - [25/Feb/2024:02:29:21 +0000] "POST /clientes/2/transacoes HTTP/1.1" 200 32 "-" "Agente do Caos - 2024/Q1"
nginx-1         | 192.168.144.1 - - [25/Feb/2024:02:29:21 +0000] "POST /clientes/4/transacoes HTTP/1.1" 200 34 "-" "Agente do Caos - 2024/Q1"
nginx-1         | 192.168.144.1 - - [25/Feb/2024:02:29:21 +0000] "POST /clientes/1/transacoes HTTP/1.1" 200 33 "-" "Agente do Caos - 2024/Q1"
nginx-1         | 192.168.144.1 - - [25/Feb/2024:02:29:21 +0000] "POST /clientes/2/transacoes HTTP/1.1" 200 32 "-" "Agente do Caos - 2024/Q1"
nginx-1         | 192.168.144.1 - - [25/Feb/2024:02:29:21 +0000] "POST /clientes/4/transacoes HTTP/1.1" 200 32 "-" "Agente do Caos - 2024/Q1"
nginx-1         | 192.168.144.1 - - [25/Feb/2024:02:29:21 +0000] "POST /clientes/2/transacoes HTTP/1.1" 200 32 "-" "Agente do Caos - 2024/Q1"
nginx-1         | 192.168.144.1 - - [25/Feb/2024:02:29:21 +0000] "POST /clientes/1/transacoes HTTP/1.1" 200 33 "-" "Agente do Caos - 2024/Q1"
nginx-1         | 192.168.144.1 - - [25/Feb/2024:02:29:21 +0000] "GET /clientes/2/extrato HTTP/1.1" 200 1072 "-" "Agente do Caos - 2024/Q1"
nginx-1         | 192.168.144.1 - - [25/Feb/2024:02:29:21 +0000] "POST /clientes/5/transacoes HTTP/1.1" 200 32 "-" "Agente do Caos - 2024/Q1"
nginx-1         | 192.168.144.1 - - [25/Feb/2024:02:29:21 +0000] "POST /clientes/3/transacoes HTTP/1.1" 200 34 "-" "Agente do Caos - 2024/Q1"
nginx-1         | 192.168.144.1 - - [25/Feb/2024:02:29:21 +0000] "POST /clientes/2/transacoes HTTP/1.1" 200 32 "-" "Agente do Caos - 2024/Q1"
nginx-1         | 192.168.144.1 - - [25/Feb/2024:02:29:21 +0000] "POST /clientes/5/transacoes HTTP/1.1" 200 32 "-" "Agente do Caos - 2024/Q1"
nginx-1         | 192.168.144.1 - - [25/Feb/2024:02:29:21 +0000] "POST /clientes/1/transacoes HTTP/1.1" 200 33 "-" "Agente do Caos - 2024/Q1"
nginx-1         | 192.168.144.1 - - [25/Feb/2024:02:29:21 +0000] "POST /clientes/5/transacoes HTTP/1.1" 200 32 "-" "Agente do Caos - 2024/Q1"
nginx-1         | 192.168.144.1 - - [25/Feb/2024:02:29:22 +0000] "POST /clientes/5/transacoes HTTP/1.1" 200 32 "-" "Agente do Caos - 2024/Q1"
nginx-1         | 192.168.144.1 - - [25/Feb/2024:02:29:22 +0000] "POST /clientes/5/transacoes HTTP/1.1" 200 32 "-" "Agente do Caos - 2024/Q1"
nginx-1         | 192.168.144.1 - - [25/Feb/2024:02:29:22 +0000] "POST /clientes/4/transacoes HTTP/1.1" 200 34 "-" "Agente do Caos - 2024/Q1"
nginx-1         | 192.168.144.1 - - [25/Feb/2024:02:29:22 +0000] "POST /clientes/4/transacoes HTTP/1.1" 200 34 "-" "Agente do Caos - 2024/Q1"
nginx-1         | 192.168.144.1 - - [25/Feb/2024:02:29:22 +0000] "POST /clientes/4/transacoes HTTP/1.1" 200 35 "-" "Agente do Caos - 2024/Q1"
nginx-1         | 192.168.144.1 - - [25/Feb/2024:02:29:22 +0000] "GET /clientes/1/extrato HTTP/1.1" 200 1071 "-" "Agente do Caos - 2024/Q1"
