 Network rinha-nginx-2024q1  Creating
 Network rinha-nginx-2024q1  Created
 Container andre-lucas-io-db-1  Creating
 Container andre-lucas-io-db-1  Created
 Container andre-lucas-io-api01-1  Creating
 Container andre-lucas-io-api02-1  Creating
 Container andre-lucas-io-api02-1  Created
 Container andre-lucas-io-api01-1  Created
 Container andre-lucas-io-nginx-1  Creating
 Container andre-lucas-io-nginx-1  Created
Attaching to api01-1, api02-1, db-1, nginx-1
db-1     | The files belonging to this database system will be owned by user "postgres".
db-1     | This user must also own the server process.
db-1     | 
db-1     | The database cluster will be initialized with locale "en_US.utf8".
db-1     | The default database encoding has accordingly been set to "UTF8".
db-1     | The default text search configuration will be set to "english".
db-1     | 
db-1     | Data page checksums are disabled.
db-1     | 
db-1     | fixing permissions on existing directory /var/lib/postgresql/data ... ok
db-1     | creating subdirectories ... ok
db-1     | selecting dynamic shared memory implementation ... posix
db-1     | selecting default max_connections ... 100
db-1     | selecting default shared_buffers ... 128MB
db-1     | selecting default time zone ... Etc/UTC
db-1     | creating configuration files ... ok
db-1     | running bootstrap script ... ok
nginx-1  | /docker-entrypoint.sh: /docker-entrypoint.d/ is not empty, will attempt to perform configuration
nginx-1  | /docker-entrypoint.sh: Looking for shell scripts in /docker-entrypoint.d/
nginx-1  | /docker-entrypoint.sh: Launching /docker-entrypoint.d/10-listen-on-ipv6-by-default.sh
nginx-1  | 10-listen-on-ipv6-by-default.sh: info: Getting the checksum of /etc/nginx/conf.d/default.conf
nginx-1  | 10-listen-on-ipv6-by-default.sh: info: Enabled listen on IPv6 in /etc/nginx/conf.d/default.conf
nginx-1  | /docker-entrypoint.sh: Sourcing /docker-entrypoint.d/15-local-resolvers.envsh
nginx-1  | /docker-entrypoint.sh: Launching /docker-entrypoint.d/20-envsubst-on-templates.sh
nginx-1  | /docker-entrypoint.sh: Launching /docker-entrypoint.d/30-tune-worker-processes.sh
nginx-1  | /docker-entrypoint.sh: Configuration complete; ready for start up
db-1     | performing post-bootstrap initialization ... ok
db-1     | syncing data to disk ... ok
db-1     | 
db-1     | 
db-1     | Success. You can now start the database server using:
db-1     | 
db-1     |     pg_ctl -D /var/lib/postgresql/data -l logfile start
db-1     | 
db-1     | initdb: warning: enabling "trust" authentication for local connections
db-1     | initdb: hint: You can change this by editing pg_hba.conf or using the option -A, or --auth-local and --auth-host, the next time you run initdb.
db-1     | waiting for server to start....2024-03-09 18:33:26.410 UTC [48] LOG:  starting PostgreSQL 16.2 (Debian 16.2-1.pgdg120+2) on x86_64-pc-linux-gnu, compiled by gcc (Debian 12.2.0-14) 12.2.0, 64-bit
db-1     | 2024-03-09 18:33:26.414 UTC [48] LOG:  listening on Unix socket "/var/run/postgresql/.s.PGSQL.5432"
db-1     | 2024-03-09 18:33:26.426 UTC [51] LOG:  database system was shut down at 2024-03-09 18:33:25 UTC
db-1     | 2024-03-09 18:33:26.432 UTC [48] LOG:  database system is ready to accept connections
db-1     |  done
db-1     | server started
api02-1  | 18:33:26.636 [main] INFO  com.zaxxer.hikari.HikariDataSource - rinhadb - Starting...
db-1     | CREATE DATABASE
db-1     | 
db-1     | 
db-1     | /usr/local/bin/docker-entrypoint.sh: running /docker-entrypoint-initdb.d/script.sql
db-1     | CREATE TABLE
db-1     | CREATE TABLE
db-1     | ALTER TABLE
db-1     | CREATE INDEX
db-1     | DO
db-1     | 
db-1     | 
db-1     | waiting for server to shut down...2024-03-09 18:33:26.765 UTC [48] LOG:  received fast shutdown request
db-1     | .2024-03-09 18:33:26.768 UTC [48] LOG:  aborting any active transactions
db-1     | 2024-03-09 18:33:26.814 UTC [48] LOG:  background worker "logical replication launcher" (PID 54) exited with exit code 1
db-1     | 2024-03-09 18:33:26.815 UTC [49] LOG:  shutting down
db-1     | 2024-03-09 18:33:26.819 UTC [49] LOG:  checkpoint starting: shutdown immediate
api02-1  | 18:33:26.827 [main] INFO  com.zaxxer.hikari.HikariDataSource - rinhadb - Start completed.
api01-1  | 18:33:26.826 [main] INFO  com.zaxxer.hikari.HikariDataSource - rinhadb - Starting...
api01-1  | 18:33:26.930 [main] INFO  com.zaxxer.hikari.HikariDataSource - rinhadb - Start completed.
db-1     | 2024-03-09 18:33:27.291 UTC [49] LOG:  checkpoint complete: wrote 937 buffers (5.7%); 0 WAL file(s) added, 0 removed, 0 recycled; write=0.366 s, sync=0.099 s, total=0.477 s; sync files=315, longest=0.055 s, average=0.001 s; distance=4296 kB, estimate=4296 kB; lsn=0/191CCA8, redo lsn=0/191CCA8
db-1     | 2024-03-09 18:33:27.296 UTC [48] LOG:  database system is shut down
db-1     |  done
db-1     | server stopped
db-1     | 
db-1     | PostgreSQL init process complete; ready for start up.
db-1     | 
db-1     | 2024-03-09 18:33:27.389 UTC [1] LOG:  starting PostgreSQL 16.2 (Debian 16.2-1.pgdg120+2) on x86_64-pc-linux-gnu, compiled by gcc (Debian 12.2.0-14) 12.2.0, 64-bit
db-1     | 2024-03-09 18:33:27.389 UTC [1] LOG:  listening on IPv4 address "0.0.0.0", port 5432
db-1     | 2024-03-09 18:33:27.389 UTC [1] LOG:  listening on IPv6 address "::", port 5432
db-1     | 2024-03-09 18:33:27.394 UTC [1] LOG:  listening on Unix socket "/var/run/postgresql/.s.PGSQL.5432"
db-1     | 2024-03-09 18:33:27.402 UTC [66] LOG:  database system was shut down at 2024-03-09 18:33:27 UTC
db-1     | 2024-03-09 18:33:27.408 UTC [1] LOG:  database system is ready to accept connections
nginx-1  | 2024/03/09 18:33:27 [error] 29#29: *1 connect() failed (111: Connection refused) while connecting to upstream, client: 172.20.0.1, server: , request: "GET /clientes/1/extrato HTTP/1.1", upstream: "http://172.20.0.4:8080/clientes/1/extrato", host: "localhost:9999"
nginx-1  | 2024/03/09 18:33:27 [error] 29#29: *1 connect() failed (111: Connection refused) while connecting to upstream, client: 172.20.0.1, server: , request: "GET /clientes/1/extrato HTTP/1.1", upstream: "http://172.20.0.3:8080/clientes/1/extrato", host: "localhost:9999"
api02-1  | 18:33:28.225 [main] INFO  io.javalin.Javalin - Starting Javalin ...
api02-1  | 18:33:28.228 [main] INFO  org.eclipse.jetty.server.Server - jetty-11.0.19; built: 2023-12-15T20:54:39.802Z; git: f781e475c8fa9e9c8ce18b1eaa03110d510f905f; jvm 21.0.2+13-LTS
api01-1  | 18:33:28.319 [main] INFO  io.javalin.Javalin - Starting Javalin ...
api01-1  | 18:33:28.324 [main] INFO  org.eclipse.jetty.server.Server - jetty-11.0.19; built: 2023-12-15T20:54:39.802Z; git: f781e475c8fa9e9c8ce18b1eaa03110d510f905f; jvm 21.0.2+13-LTS
api02-1  | 18:33:28.523 [main] INFO  o.e.j.s.s.DefaultSessionIdManager - Session workerName=node0
api02-1  | 18:33:28.617 [main] INFO  o.e.j.server.handler.ContextHandler - Started o.e.j.s.ServletContextHandler@293d0107{/,null,AVAILABLE}
api01-1  | 18:33:28.723 [main] INFO  o.e.j.s.s.DefaultSessionIdManager - Session workerName=node0
api02-1  | 18:33:28.723 [main] INFO  o.e.jetty.server.AbstractConnector - Started ServerConnector@68ad99fe{HTTP/1.1, (http/1.1)}{0.0.0.0:8080}
api02-1  | 18:33:28.736 [main] INFO  org.eclipse.jetty.server.Server - Started Server@312ab28e{STARTING}[11.0.19,sto=0] @4203ms
api02-1  | 18:33:28.736 [main] INFO  io.javalin.Javalin - 
api02-1  |        __                  ___           _____
api02-1  |       / /___ __   ______ _/ (_)___      / ___/
api02-1  |  __  / / __ `/ | / / __ `/ / / __ \    / __ \
api02-1  | / /_/ / /_/ /| |/ / /_/ / / / / / /   / /_/ /
api02-1  | \____/\__,_/ |___/\__,_/_/_/_/ /_/    \____/
api02-1  | 
api02-1  |        https://javalin.io/documentation
api02-1  | 
api02-1  | 18:33:28.737 [main] INFO  io.javalin.Javalin - Javalin started in 1111ms \o/
api02-1  | 18:33:28.815 [main] INFO  io.javalin.Javalin - Listening on http://localhost:8080/
api01-1  | 18:33:28.824 [main] INFO  o.e.j.server.handler.ContextHandler - Started o.e.j.s.ServletContextHandler@293d0107{/,null,AVAILABLE}
api02-1  | 18:33:28.828 [main] INFO  io.javalin.Javalin - You are running Javalin 6.1.0 (released February 17, 2024).
api01-1  | 18:33:28.920 [main] INFO  o.e.jetty.server.AbstractConnector - Started ServerConnector@68ad99fe{HTTP/1.1, (http/1.1)}{0.0.0.0:8080}
api01-1  | 18:33:28.923 [main] INFO  org.eclipse.jetty.server.Server - Started Server@312ab28e{STARTING}[11.0.19,sto=0] @4212ms
api01-1  | 18:33:28.923 [main] INFO  io.javalin.Javalin - 
api01-1  |        __                  ___           _____
api01-1  |       / /___ __   ______ _/ (_)___      / ___/
api01-1  |  __  / / __ `/ | / / __ `/ / / __ \    / __ \
api01-1  | / /_/ / /_/ /| |/ / /_/ / / / / / /   / /_/ /
api01-1  | \____/\__,_/ |___/\__,_/_/_/_/ /_/    \____/
api01-1  | 
api01-1  |        https://javalin.io/documentation
api01-1  | 
api01-1  | 18:33:28.924 [main] INFO  io.javalin.Javalin - Javalin started in 1195ms \o/
api01-1  | 18:33:28.933 [main] INFO  io.javalin.Javalin - Listening on http://localhost:8080/
api01-1  | 18:33:29.038 [main] INFO  io.javalin.Javalin - You are running Javalin 6.1.0 (released February 17, 2024).
nginx-1  | 2024/03/09 18:33:29 [error] 29#29: *4 no live upstreams while connecting to upstream, client: 172.20.0.1, server: , request: "GET /clientes/1/extrato HTTP/1.1", upstream: "http://api/clientes/1/extrato", host: "localhost:9999"
nginx-1  | 2024/03/09 18:33:31 [error] 29#29: *5 no live upstreams while connecting to upstream, client: 172.20.0.1, server: , request: "GET /clientes/1/extrato HTTP/1.1", upstream: "http://api/clientes/1/extrato", host: "localhost:9999"
nginx-1  | 2024/03/09 18:33:33 [error] 29#29: *6 no live upstreams while connecting to upstream, client: 172.20.0.1, server: , request: "GET /clientes/1/extrato HTTP/1.1", upstream: "http://api/clientes/1/extrato", host: "localhost:9999"
nginx-1  | 2024/03/09 18:33:35 [error] 29#29: *7 no live upstreams while connecting to upstream, client: 172.20.0.1, server: , request: "GET /clientes/1/extrato HTTP/1.1", upstream: "http://api/clientes/1/extrato", host: "localhost:9999"
nginx-1  | 2024/03/09 18:33:37 [error] 29#29: *8 no live upstreams while connecting to upstream, client: 172.20.0.1, server: , request: "GET /clientes/1/extrato HTTP/1.1", upstream: "http://api/clientes/1/extrato", host: "localhost:9999"
api02-1  | Value should be a number
api02-1  | transaction type should be 'c' -> CREDIT or 'd' -> DEBIT
api01-1  | Got an error at description size
api02-1  | Value should be a number
api01-1  | Description is required
api02-1  | Value should be a number
api01-1  | transaction type should be 'c' -> CREDIT or 'd' -> DEBIT
api01-1  | transaction type should be 'c' -> CREDIT or 'd' -> DEBIT
api01-1  | Value should be a number
api01-1  | Got an error at description size
api02-1  | Value should be a number
api02-1  | Description is required
api01-1  | Got an error at description size
api02-1  | Description is required
api02-1  | transaction type should be 'c' -> CREDIT or 'd' -> DEBIT
api01-1  | Description is required
api02-1  | Got an error at description size
api02-1  | Description is required
api02-1  | transaction type should be 'c' -> CREDIT or 'd' -> DEBIT
api01-1  | Description is required
api01-1  | Got an error at description size
api01-1  | Description is required
api02-1  | Description is required
api02-1  | Description is required
api01-1  | Description is required
api02-1  | the client 2 limit was exceeded - new balance: -81624, limit: Limit(80000)
api02-1  | the client 2 limit was exceeded - new balance: -83728, limit: Limit(80000)
api01-1  | the client 2 limit was exceeded - new balance: -80649, limit: Limit(80000)
api02-1  | the client 2 limit was exceeded - new balance: -80718, limit: Limit(80000)
api01-1  | the client 2 limit was exceeded - new balance: -80220, limit: Limit(80000)
api01-1  | the client 2 limit was exceeded - new balance: -82169, limit: Limit(80000)
api02-1  | the client 2 limit was exceeded - new balance: -85227, limit: Limit(80000)
api01-1  | the client 2 limit was exceeded - new balance: -82661, limit: Limit(80000)
api02-1  | the client 2 limit was exceeded - new balance: -84510, limit: Limit(80000)
api02-1  | the client 2 limit was exceeded - new balance: -81895, limit: Limit(80000)
api02-1  | the client 2 limit was exceeded - new balance: -84569, limit: Limit(80000)
api02-1  | the client 2 limit was exceeded - new balance: -83779, limit: Limit(80000)
api01-1  | the client 2 limit was exceeded - new balance: -85031, limit: Limit(80000)
api02-1  | the client 2 limit was exceeded - new balance: -81833, limit: Limit(80000)
api01-1  | the client 2 limit was exceeded - new balance: -84889, limit: Limit(80000)
api02-1  | the client 2 limit was exceeded - new balance: -81236, limit: Limit(80000)
api01-1  | the client 2 limit was exceeded - new balance: -85476, limit: Limit(80000)
api01-1  | the client 1 limit was exceeded - new balance: -101990, limit: Limit(100000)
api01-1  | the client 1 limit was exceeded - new balance: -101686, limit: Limit(100000)
api02-1  | the client 1 limit was exceeded - new balance: -103496, limit: Limit(100000)
api01-1  | the client 1 limit was exceeded - new balance: -102327, limit: Limit(100000)
api02-1  | the client 1 limit was exceeded - new balance: -106894, limit: Limit(100000)
api01-1  | the client 1 limit was exceeded - new balance: -102810, limit: Limit(100000)
api01-1  | the client 1 limit was exceeded - new balance: -105850, limit: Limit(100000)
api02-1  | the client 1 limit was exceeded - new balance: -102196, limit: Limit(100000)
api01-1  | the client 1 limit was exceeded - new balance: -104557, limit: Limit(100000)
api01-1  | the client 1 limit was exceeded - new balance: -101243, limit: Limit(100000)
api02-1  | the client 1 limit was exceeded - new balance: -102702, limit: Limit(100000)
api01-1  | the client 2 limit was exceeded - new balance: -85693, limit: Limit(80000)
api02-1  | the client 2 limit was exceeded - new balance: -80410, limit: Limit(80000)
api01-1  | the client 2 limit was exceeded - new balance: -81123, limit: Limit(80000)
api02-1  | the client 1 limit was exceeded - new balance: -104830, limit: Limit(100000)
api01-1  | the client 1 limit was exceeded - new balance: -102853, limit: Limit(100000)
api01-1  | the client 1 limit was exceeded - new balance: -105769, limit: Limit(100000)
api02-1  | the client 1 limit was exceeded - new balance: -106371, limit: Limit(100000)
api01-1  | the client 1 limit was exceeded - new balance: -104324, limit: Limit(100000)
api02-1  | the client 1 limit was exceeded - new balance: -105045, limit: Limit(100000)
api02-1  | the client 2 limit was exceeded - new balance: -81423, limit: Limit(80000)
api02-1  | the client 1 limit was exceeded - new balance: -104703, limit: Limit(100000)
api01-1  | the client 1 limit was exceeded - new balance: -102505, limit: Limit(100000)
api02-1  | the client 1 limit was exceeded - new balance: -107502, limit: Limit(100000)
api02-1  | the client 2 limit was exceeded - new balance: -80793, limit: Limit(80000)
api02-1  | the client 2 limit was exceeded - new balance: -84569, limit: Limit(80000)
api02-1  | the client 2 limit was exceeded - new balance: -83824, limit: Limit(80000)
api02-1  | the client 2 limit was exceeded - new balance: -87326, limit: Limit(80000)
api02-1  | the client 2 limit was exceeded - new balance: -86919, limit: Limit(80000)
api02-1  | the client 2 limit was exceeded - new balance: -85527, limit: Limit(80000)
api02-1  | the client 2 limit was exceeded - new balance: -86244, limit: Limit(80000)
api01-1  | the client 2 limit was exceeded - new balance: -83986, limit: Limit(80000)
api02-1  | the client 2 limit was exceeded - new balance: -82505, limit: Limit(80000)
api01-1  | the client 2 limit was exceeded - new balance: -81196, limit: Limit(80000)
api01-1  | the client 2 limit was exceeded - new balance: -83567, limit: Limit(80000)
api01-1  | the client 2 limit was exceeded - new balance: -86365, limit: Limit(80000)
api02-1  | the client 2 limit was exceeded - new balance: -81487, limit: Limit(80000)
api01-1  | the client 1 limit was exceeded - new balance: -100606, limit: Limit(100000)
api01-1  | the client 2 limit was exceeded - new balance: -83411, limit: Limit(80000)
api01-1  | the client 1 limit was exceeded - new balance: -100723, limit: Limit(100000)
api02-1  | the client 1 limit was exceeded - new balance: -101002, limit: Limit(100000)
api02-1  | the client 2 limit was exceeded - new balance: -87243, limit: Limit(80000)
api02-1  | the client 2 limit was exceeded - new balance: -80845, limit: Limit(80000)
api02-1  | the client 2 limit was exceeded - new balance: -83956, limit: Limit(80000)
api02-1  | the client 2 limit was exceeded - new balance: -84645, limit: Limit(80000)
api02-1  | the client 2 limit was exceeded - new balance: -83237, limit: Limit(80000)
api01-1  | the client 2 limit was exceeded - new balance: -82351, limit: Limit(80000)
api02-1  | the client 2 limit was exceeded - new balance: -87453, limit: Limit(80000)
api01-1  | the client 2 limit was exceeded - new balance: -82046, limit: Limit(80000)
api02-1  | the client 2 limit was exceeded - new balance: -80558, limit: Limit(80000)
api02-1  | the client 2 limit was exceeded - new balance: -84282, limit: Limit(80000)
api02-1  | the client 2 limit was exceeded - new balance: -81772, limit: Limit(80000)
api02-1  | the client 2 limit was exceeded - new balance: -84368, limit: Limit(80000)
api01-1  | the client 2 limit was exceeded - new balance: -80746, limit: Limit(80000)
api02-1  | the client 2 limit was exceeded - new balance: -85214, limit: Limit(80000)
api02-1  | the client 2 limit was exceeded - new balance: -84264, limit: Limit(80000)
api02-1  | the client 2 limit was exceeded - new balance: -83147, limit: Limit(80000)
api02-1  | the client 1 limit was exceeded - new balance: -102354, limit: Limit(100000)
api01-1  | the client 1 limit was exceeded - new balance: -102765, limit: Limit(100000)
api02-1  | the client 1 limit was exceeded - new balance: -105858, limit: Limit(100000)
api02-1  | the client 1 limit was exceeded - new balance: -100302, limit: Limit(100000)
api01-1  | the client 1 limit was exceeded - new balance: -103086, limit: Limit(100000)
api02-1  | the client 1 limit was exceeded - new balance: -106918, limit: Limit(100000)
api02-1  | the client 1 limit was exceeded - new balance: -104206, limit: Limit(100000)
api02-1  | the client 1 limit was exceeded - new balance: -106662, limit: Limit(100000)
api01-1  | the client 1 limit was exceeded - new balance: -103107, limit: Limit(100000)
api02-1  | the client 1 limit was exceeded - new balance: -105057, limit: Limit(100000)
api02-1  | the client 2 limit was exceeded - new balance: -82468, limit: Limit(80000)
api02-1  | the client 1 limit was exceeded - new balance: -105213, limit: Limit(100000)
api01-1  | the client 2 limit was exceeded - new balance: -81769, limit: Limit(80000)
api02-1  | the client 1 limit was exceeded - new balance: -102885, limit: Limit(100000)
api01-1  | the client 1 limit was exceeded - new balance: -103612, limit: Limit(100000)
api02-1  | the client 2 limit was exceeded - new balance: -84708, limit: Limit(80000)
api01-1  | the client 2 limit was exceeded - new balance: -82360, limit: Limit(80000)
api01-1  | the client 1 limit was exceeded - new balance: -100656, limit: Limit(100000)
api02-1  | the client 2 limit was exceeded - new balance: -85306, limit: Limit(80000)
api02-1  | the client 2 limit was exceeded - new balance: -85671, limit: Limit(80000)
api01-1  | the client 1 limit was exceeded - new balance: -100725, limit: Limit(100000)
api02-1  | the client 2 limit was exceeded - new balance: -81621, limit: Limit(80000)
api01-1  | the client 2 limit was exceeded - new balance: -87762, limit: Limit(80000)
api02-1  | the client 1 limit was exceeded - new balance: -105132, limit: Limit(100000)
api01-1  | the client 1 limit was exceeded - new balance: -100814, limit: Limit(100000)
api02-1  | the client 1 limit was exceeded - new balance: -100125, limit: Limit(100000)
api02-1  | the client 2 limit was exceeded - new balance: -85330, limit: Limit(80000)
api02-1  | the client 2 limit was exceeded - new balance: -81803, limit: Limit(80000)
api02-1  | the client 2 limit was exceeded - new balance: -87172, limit: Limit(80000)
api02-1  | the client 2 limit was exceeded - new balance: -83916, limit: Limit(80000)
api01-1  | the client 2 limit was exceeded - new balance: -85888, limit: Limit(80000)
api01-1  | the client 2 limit was exceeded - new balance: -81212, limit: Limit(80000)
api01-1  | the client 2 limit was exceeded - new balance: -84927, limit: Limit(80000)
api01-1  | the client 1 limit was exceeded - new balance: -104190, limit: Limit(100000)
api01-1  | the client 2 limit was exceeded - new balance: -80585, limit: Limit(80000)
api01-1  | the client 2 limit was exceeded - new balance: -80518, limit: Limit(80000)
api01-1  | the client 2 limit was exceeded - new balance: -89744, limit: Limit(80000)
api02-1  | the client 2 limit was exceeded - new balance: -89521, limit: Limit(80000)
api01-1  | the client 2 limit was exceeded - new balance: -82831, limit: Limit(80000)
api02-1  | the client 2 limit was exceeded - new balance: -86871, limit: Limit(80000)
api02-1  | the client 2 limit was exceeded - new balance: -85669, limit: Limit(80000)
api01-1  | the client 1 limit was exceeded - new balance: -102038, limit: Limit(100000)
api02-1  | the client 1 limit was exceeded - new balance: -106954, limit: Limit(100000)
api01-1  | the client 2 limit was exceeded - new balance: -83869, limit: Limit(80000)
api01-1  | the client 2 limit was exceeded - new balance: -80963, limit: Limit(80000)
api02-1  | the client 1 limit was exceeded - new balance: -105100, limit: Limit(100000)
api01-1  | the client 1 limit was exceeded - new balance: -104678, limit: Limit(100000)
api02-1  | the client 2 limit was exceeded - new balance: -86279, limit: Limit(80000)
api02-1  | the client 2 limit was exceeded - new balance: -80234, limit: Limit(80000)
api01-1  | the client 1 limit was exceeded - new balance: -102756, limit: Limit(100000)
api01-1  | the client 1 limit was exceeded - new balance: -100656, limit: Limit(100000)
api01-1  | the client 2 limit was exceeded - new balance: -83525, limit: Limit(80000)
api02-1  | the client 2 limit was exceeded - new balance: -88732, limit: Limit(80000)
api01-1  | the client 2 limit was exceeded - new balance: -81874, limit: Limit(80000)
api02-1  | the client 1 limit was exceeded - new balance: -103968, limit: Limit(100000)
api01-1  | the client 2 limit was exceeded - new balance: -80899, limit: Limit(80000)
api01-1  | the client 1 limit was exceeded - new balance: -105357, limit: Limit(100000)
api02-1  | the client 1 limit was exceeded - new balance: -108177, limit: Limit(100000)
api02-1  | the client 2 limit was exceeded - new balance: -81115, limit: Limit(80000)
api01-1  | the client 2 limit was exceeded - new balance: -86541, limit: Limit(80000)
api01-1  | the client 1 limit was exceeded - new balance: -103386, limit: Limit(100000)
api01-1  | the client 1 limit was exceeded - new balance: -105614, limit: Limit(100000)
api01-1  | the client 2 limit was exceeded - new balance: -81101, limit: Limit(80000)
api01-1  | the client 2 limit was exceeded - new balance: -88414, limit: Limit(80000)
api01-1  | the client 1 limit was exceeded - new balance: -100363, limit: Limit(100000)
api02-1  | the client 1 limit was exceeded - new balance: -101912, limit: Limit(100000)
api02-1  | the client 2 limit was exceeded - new balance: -82725, limit: Limit(80000)
api01-1  | the client 2 limit was exceeded - new balance: -83864, limit: Limit(80000)
api02-1  | the client 1 limit was exceeded - new balance: -104910, limit: Limit(100000)
api01-1  | the client 2 limit was exceeded - new balance: -81237, limit: Limit(80000)
api01-1  | the client 2 limit was exceeded - new balance: -85947, limit: Limit(80000)
api02-1  | the client 2 limit was exceeded - new balance: -85125, limit: Limit(80000)
api02-1  | the client 2 limit was exceeded - new balance: -80345, limit: Limit(80000)
api01-1  | the client 2 limit was exceeded - new balance: -84495, limit: Limit(80000)
api02-1  | the client 2 limit was exceeded - new balance: -82854, limit: Limit(80000)
api01-1  | the client 2 limit was exceeded - new balance: -83028, limit: Limit(80000)
api01-1  | the client 1 limit was exceeded - new balance: -104682, limit: Limit(100000)
api02-1  | the client 1 limit was exceeded - new balance: -101025, limit: Limit(100000)
api02-1  | the client 1 limit was exceeded - new balance: -103159, limit: Limit(100000)
api02-1  | the client 2 limit was exceeded - new balance: -85191, limit: Limit(80000)
api01-1  | the client 2 limit was exceeded - new balance: -84758, limit: Limit(80000)
api02-1  | the client 2 limit was exceeded - new balance: -84339, limit: Limit(80000)
api01-1  | the client 1 limit was exceeded - new balance: -106400, limit: Limit(100000)
api01-1  | the client 1 limit was exceeded - new balance: -101009, limit: Limit(100000)
api01-1  | the client 2 limit was exceeded - new balance: -80111, limit: Limit(80000)
api01-1  | the client 1 limit was exceeded - new balance: -105954, limit: Limit(100000)
api01-1  | the client 1 limit was exceeded - new balance: -102368, limit: Limit(100000)
api02-1  | the client 1 limit was exceeded - new balance: -101588, limit: Limit(100000)
api01-1  | the client 1 limit was exceeded - new balance: -106031, limit: Limit(100000)
api01-1  | the client 2 limit was exceeded - new balance: -82211, limit: Limit(80000)
api02-1  | the client 2 limit was exceeded - new balance: -85105, limit: Limit(80000)
api01-1  | the client 1 limit was exceeded - new balance: -102680, limit: Limit(100000)
api02-1  | the client 1 limit was exceeded - new balance: -105360, limit: Limit(100000)
api02-1  | the client 2 limit was exceeded - new balance: -82694, limit: Limit(80000)
api01-1  | the client 2 limit was exceeded - new balance: -80533, limit: Limit(80000)
api01-1  | the client 1 limit was exceeded - new balance: -102898, limit: Limit(100000)
api01-1  | the client 1 limit was exceeded - new balance: -102700, limit: Limit(100000)
api02-1  | the client 1 limit was exceeded - new balance: -105137, limit: Limit(100000)
api01-1  | the client 1 limit was exceeded - new balance: -100221, limit: Limit(100000)
api02-1  | the client 2 limit was exceeded - new balance: -87578, limit: Limit(80000)
api01-1  | the client 1 limit was exceeded - new balance: -101242, limit: Limit(100000)
api01-1  | the client 1 limit was exceeded - new balance: -100152, limit: Limit(100000)
api02-1  | the client 2 limit was exceeded - new balance: -82228, limit: Limit(80000)
api01-1  | the client 2 limit was exceeded - new balance: -81869, limit: Limit(80000)
api01-1  | the client 2 limit was exceeded - new balance: -80163, limit: Limit(80000)
api02-1  | the client 1 limit was exceeded - new balance: -105341, limit: Limit(100000)
api01-1  | the client 2 limit was exceeded - new balance: -80799, limit: Limit(80000)
api02-1  | the client 1 limit was exceeded - new balance: -104521, limit: Limit(100000)
api01-1  | the client 1 limit was exceeded - new balance: -104803, limit: Limit(100000)
api01-1  | the client 1 limit was exceeded - new balance: -106760, limit: Limit(100000)
api01-1  | the client 1 limit was exceeded - new balance: -106327, limit: Limit(100000)
api01-1  | the client 1 limit was exceeded - new balance: -103525, limit: Limit(100000)
api02-1  | the client 2 limit was exceeded - new balance: -83789, limit: Limit(80000)
api01-1  | the client 1 limit was exceeded - new balance: -100057, limit: Limit(100000)
api01-1  | the client 2 limit was exceeded - new balance: -88946, limit: Limit(80000)
api02-1  | the client 2 limit was exceeded - new balance: -88751, limit: Limit(80000)
api01-1  | the client 1 limit was exceeded - new balance: -104260, limit: Limit(100000)
api01-1  | the client 1 limit was exceeded - new balance: -103723, limit: Limit(100000)
api02-1  | the client 2 limit was exceeded - new balance: -86584, limit: Limit(80000)
api01-1  | the client 1 limit was exceeded - new balance: -107352, limit: Limit(100000)
api01-1  | the client 1 limit was exceeded - new balance: -107766, limit: Limit(100000)
api02-1  | the client 1 limit was exceeded - new balance: -106374, limit: Limit(100000)
api01-1  | the client 5 limit was exceeded - new balance: -504613, limit: Limit(500000)
api01-1  | the client 1 limit was exceeded - new balance: -105373, limit: Limit(100000)
api01-1  | the client 5 limit was exceeded - new balance: -505032, limit: Limit(500000)
api01-1  | the client 5 limit was exceeded - new balance: -504852, limit: Limit(500000)
api02-1  | the client 5 limit was exceeded - new balance: -502172, limit: Limit(500000)
api02-1  | the client 2 limit was exceeded - new balance: -81317, limit: Limit(80000)
api02-1  | the client 1 limit was exceeded - new balance: -100955, limit: Limit(100000)
api02-1  | the client 1 limit was exceeded - new balance: -102537, limit: Limit(100000)
api02-1  | the client 5 limit was exceeded - new balance: -504459, limit: Limit(500000)
api02-1  | the client 2 limit was exceeded - new balance: -82112, limit: Limit(80000)
api01-1  | the client 5 limit was exceeded - new balance: -501582, limit: Limit(500000)
api01-1  | the client 5 limit was exceeded - new balance: -503206, limit: Limit(500000)
api01-1  | the client 2 limit was exceeded - new balance: -82650, limit: Limit(80000)
api01-1  | the client 2 limit was exceeded - new balance: -84722, limit: Limit(80000)
api01-1  | the client 5 limit was exceeded - new balance: -501912, limit: Limit(500000)
api02-1  | the client 5 limit was exceeded - new balance: -503414, limit: Limit(500000)
api01-1  | the client 5 limit was exceeded - new balance: -507744, limit: Limit(500000)
api02-1  | the client 5 limit was exceeded - new balance: -508717, limit: Limit(500000)
api01-1  | the client 5 limit was exceeded - new balance: -506908, limit: Limit(500000)
api02-1  | the client 1 limit was exceeded - new balance: -102481, limit: Limit(100000)
api01-1  | the client 2 limit was exceeded - new balance: -84074, limit: Limit(80000)
api02-1  | the client 5 limit was exceeded - new balance: -503899, limit: Limit(500000)
api01-1  | the client 1 limit was exceeded - new balance: -100799, limit: Limit(100000)
api01-1  | the client 1 limit was exceeded - new balance: -105637, limit: Limit(100000)
api02-1  | the client 1 limit was exceeded - new balance: -106572, limit: Limit(100000)
api01-1  | the client 1 limit was exceeded - new balance: -103378, limit: Limit(100000)
api01-1  | the client 1 limit was exceeded - new balance: -104129, limit: Limit(100000)
api02-1  | the client 5 limit was exceeded - new balance: -502165, limit: Limit(500000)
api01-1  | the client 2 limit was exceeded - new balance: -84637, limit: Limit(80000)
api02-1  | the client 5 limit was exceeded - new balance: -504030, limit: Limit(500000)
api01-1  | the client 5 limit was exceeded - new balance: -501487, limit: Limit(500000)
api02-1  | the client 5 limit was exceeded - new balance: -502163, limit: Limit(500000)
api02-1  | the client 1 limit was exceeded - new balance: -101569, limit: Limit(100000)
api02-1  | the client 1 limit was exceeded - new balance: -102002, limit: Limit(100000)
api02-1  | the client 5 limit was exceeded - new balance: -500899, limit: Limit(500000)
api01-1  | the client 1 limit was exceeded - new balance: -103308, limit: Limit(100000)
api02-1  | the client 1 limit was exceeded - new balance: -103644, limit: Limit(100000)
api01-1  | the client 1 limit was exceeded - new balance: -104878, limit: Limit(100000)
api01-1  | the client 1 limit was exceeded - new balance: -106205, limit: Limit(100000)
api01-1  | the client 1 limit was exceeded - new balance: -102417, limit: Limit(100000)
api02-1  | the client 2 limit was exceeded - new balance: -80336, limit: Limit(80000)
api01-1  | the client 1 limit was exceeded - new balance: -100280, limit: Limit(100000)
api02-1  | the client 2 limit was exceeded - new balance: -80549, limit: Limit(80000)
api01-1  | the client 2 limit was exceeded - new balance: -83131, limit: Limit(80000)
api02-1  | the client 2 limit was exceeded - new balance: -80174, limit: Limit(80000)
api01-1  | the client 2 limit was exceeded - new balance: -82074, limit: Limit(80000)
api02-1  | the client 5 limit was exceeded - new balance: -502135, limit: Limit(500000)
api01-1  | the client 1 limit was exceeded - new balance: -100440, limit: Limit(100000)
api01-1  | the client 2 limit was exceeded - new balance: -87150, limit: Limit(80000)
api01-1  | the client 5 limit was exceeded - new balance: -502672, limit: Limit(500000)
api02-1  | the client 1 limit was exceeded - new balance: -100127, limit: Limit(100000)
api02-1  | the client 1 limit was exceeded - new balance: -105051, limit: Limit(100000)
api02-1  | the client 2 limit was exceeded - new balance: -82500, limit: Limit(80000)
api02-1  | the client 5 limit was exceeded - new balance: -500226, limit: Limit(500000)
api01-1  | the client 5 limit was exceeded - new balance: -508463, limit: Limit(500000)
api02-1  | the client 2 limit was exceeded - new balance: -81950, limit: Limit(80000)
api02-1  | the client 2 limit was exceeded - new balance: -83283, limit: Limit(80000)
api02-1  | the client 5 limit was exceeded - new balance: -502594, limit: Limit(500000)
api01-1  | the client 5 limit was exceeded - new balance: -506206, limit: Limit(500000)
api01-1  | the client 5 limit was exceeded - new balance: -503711, limit: Limit(500000)
api02-1  | the client 2 limit was exceeded - new balance: -81014, limit: Limit(80000)
api02-1  | the client 1 limit was exceeded - new balance: -106240, limit: Limit(100000)
api01-1  | the client 1 limit was exceeded - new balance: -104244, limit: Limit(100000)
api02-1  | the client 2 limit was exceeded - new balance: -82135, limit: Limit(80000)
api01-1  | the client 5 limit was exceeded - new balance: -501763, limit: Limit(500000)
api01-1  | the client 5 limit was exceeded - new balance: -508613, limit: Limit(500000)
api01-1  | the client 5 limit was exceeded - new balance: -501128, limit: Limit(500000)
api02-1  | the client 5 limit was exceeded - new balance: -503441, limit: Limit(500000)
api01-1  | the client 2 limit was exceeded - new balance: -82104, limit: Limit(80000)
api01-1  | the client 2 limit was exceeded - new balance: -80503, limit: Limit(80000)
api01-1  | the client 1 limit was exceeded - new balance: -105251, limit: Limit(100000)
api01-1  | the client 1 limit was exceeded - new balance: -101660, limit: Limit(100000)
api01-1  | the client 5 limit was exceeded - new balance: -506219, limit: Limit(500000)
api02-1  | the client 5 limit was exceeded - new balance: -506794, limit: Limit(500000)
api02-1  | the client 5 limit was exceeded - new balance: -501489, limit: Limit(500000)
api01-1  | the client 5 limit was exceeded - new balance: -501505, limit: Limit(500000)
api02-1  | the client 1 limit was exceeded - new balance: -100471, limit: Limit(100000)
api01-1  | the client 5 limit was exceeded - new balance: -502752, limit: Limit(500000)
api01-1  | the client 1 limit was exceeded - new balance: -105658, limit: Limit(100000)
api02-1  | the client 1 limit was exceeded - new balance: -104952, limit: Limit(100000)
api01-1  | the client 5 limit was exceeded - new balance: -506938, limit: Limit(500000)
api02-1  | the client 5 limit was exceeded - new balance: -503558, limit: Limit(500000)
api01-1  | the client 5 limit was exceeded - new balance: -502297, limit: Limit(500000)
api02-1  | the client 5 limit was exceeded - new balance: -507777, limit: Limit(500000)
api02-1  | the client 2 limit was exceeded - new balance: -84564, limit: Limit(80000)
api02-1  | the client 2 limit was exceeded - new balance: -80049, limit: Limit(80000)
api01-1  | the client 5 limit was exceeded - new balance: -504426, limit: Limit(500000)
api01-1  | the client 5 limit was exceeded - new balance: -504703, limit: Limit(500000)
api01-1  | the client 5 limit was exceeded - new balance: -507739, limit: Limit(500000)
api02-1  | the client 5 limit was exceeded - new balance: -506964, limit: Limit(500000)
api01-1  | the client 5 limit was exceeded - new balance: -506931, limit: Limit(500000)
api01-1  | the client 5 limit was exceeded - new balance: -502753, limit: Limit(500000)
api02-1  | the client 5 limit was exceeded - new balance: -508095, limit: Limit(500000)
api02-1  | the client 5 limit was exceeded - new balance: -503649, limit: Limit(500000)
api02-1  | the client 2 limit was exceeded - new balance: -81991, limit: Limit(80000)
api02-1  | the client 5 limit was exceeded - new balance: -501505, limit: Limit(500000)
api02-1  | the client 2 limit was exceeded - new balance: -81967, limit: Limit(80000)
api01-1  | the client 5 limit was exceeded - new balance: -501010, limit: Limit(500000)
api02-1  | the client 5 limit was exceeded - new balance: -501673, limit: Limit(500000)
api01-1  | the client 5 limit was exceeded - new balance: -505720, limit: Limit(500000)
api02-1  | the client 1 limit was exceeded - new balance: -100937, limit: Limit(100000)
api02-1  | the client 2 limit was exceeded - new balance: -85470, limit: Limit(80000)
api01-1  | the client 2 limit was exceeded - new balance: -82765, limit: Limit(80000)
api02-1  | the client 2 limit was exceeded - new balance: -87599, limit: Limit(80000)
api01-1  | the client 2 limit was exceeded - new balance: -83524, limit: Limit(80000)
api02-1  | the client 2 limit was exceeded - new balance: -88635, limit: Limit(80000)
api02-1  | the client 2 limit was exceeded - new balance: -83200, limit: Limit(80000)
api02-1  | the client 1 limit was exceeded - new balance: -102559, limit: Limit(100000)
api02-1  | the client 1 limit was exceeded - new balance: -101595, limit: Limit(100000)
api02-1  | the client 2 limit was exceeded - new balance: -82776, limit: Limit(80000)
api01-1  | the client 2 limit was exceeded - new balance: -84051, limit: Limit(80000)
api02-1  | the client 2 limit was exceeded - new balance: -81824, limit: Limit(80000)
api02-1  | the client 1 limit was exceeded - new balance: -103830, limit: Limit(100000)
api02-1  | the client 2 limit was exceeded - new balance: -84993, limit: Limit(80000)
api02-1  | the client 1 limit was exceeded - new balance: -101642, limit: Limit(100000)
api01-1  | the client 1 limit was exceeded - new balance: -100858, limit: Limit(100000)
api01-1  | the client 1 limit was exceeded - new balance: -100255, limit: Limit(100000)
api01-1  | the client 2 limit was exceeded - new balance: -85713, limit: Limit(80000)
api02-1  | the client 1 limit was exceeded - new balance: -100595, limit: Limit(100000)
api01-1  | the client 2 limit was exceeded - new balance: -88786, limit: Limit(80000)
api02-1  | the client 1 limit was exceeded - new balance: -102714, limit: Limit(100000)
api01-1  | the client 2 limit was exceeded - new balance: -88645, limit: Limit(80000)
api02-1  | the client 2 limit was exceeded - new balance: -89076, limit: Limit(80000)
api02-1  | the client 2 limit was exceeded - new balance: -80043, limit: Limit(80000)
api01-1  | the client 2 limit was exceeded - new balance: -81695, limit: Limit(80000)
api02-1  | the client 2 limit was exceeded - new balance: -86931, limit: Limit(80000)
api01-1  | the client 2 limit was exceeded - new balance: -84661, limit: Limit(80000)
api01-1  | the client 1 limit was exceeded - new balance: -101438, limit: Limit(100000)
api01-1  | the client 2 limit was exceeded - new balance: -84886, limit: Limit(80000)
api01-1  | the client 2 limit was exceeded - new balance: -88221, limit: Limit(80000)
api02-1  | the client 2 limit was exceeded - new balance: -82071, limit: Limit(80000)
api01-1  | the client 5 limit was exceeded - new balance: -500676, limit: Limit(500000)
api02-1  | the client 1 limit was exceeded - new balance: -100588, limit: Limit(100000)
api02-1  | the client 1 limit was exceeded - new balance: -100787, limit: Limit(100000)
api02-1  | the client 5 limit was exceeded - new balance: -500662, limit: Limit(500000)
api02-1  | the client 1 limit was exceeded - new balance: -100400, limit: Limit(100000)
api01-1  | the client 1 limit was exceeded - new balance: -100529, limit: Limit(100000)
api02-1  | the client 5 limit was exceeded - new balance: -504802, limit: Limit(500000)
api02-1  | the client 2 limit was exceeded - new balance: -83359, limit: Limit(80000)
api02-1  | the client 1 limit was exceeded - new balance: -101495, limit: Limit(100000)
api01-1  | the client 1 limit was exceeded - new balance: -104219, limit: Limit(100000)
api01-1  | the client 1 limit was exceeded - new balance: -108571, limit: Limit(100000)
api01-1  | the client 2 limit was exceeded - new balance: -81125, limit: Limit(80000)
api01-1  | the client 1 limit was exceeded - new balance: -101672, limit: Limit(100000)
api02-1  | the client 5 limit was exceeded - new balance: -502467, limit: Limit(500000)
api02-1  | the client 2 limit was exceeded - new balance: -84345, limit: Limit(80000)
api02-1  | the client 2 limit was exceeded - new balance: -82623, limit: Limit(80000)
api02-1  | the client 2 limit was exceeded - new balance: -84978, limit: Limit(80000)
api01-1  | the client 1 limit was exceeded - new balance: -101875, limit: Limit(100000)
api01-1  | the client 1 limit was exceeded - new balance: -103029, limit: Limit(100000)
