 Container thiagotn-db-1  Creating
 Container thiagotn-db-1  Created
 Container thiagotn-api2-1  Creating
 Container thiagotn-api1-1  Creating
 Container thiagotn-api2-1  Created
 Container thiagotn-api1-1  Created
 Container thiagotn-nginx-1  Creating
 Container thiagotn-nginx-1  Created
Attaching to api1-1, api2-1, db-1, nginx-1
db-1     | The files belonging to this database system will be owned by user "postgres".
db-1     | This user must also own the server process.
db-1     | 
db-1     | The database cluster will be initialized with locale "en_US.utf8".
db-1     | The default database encoding has accordingly been set to "UTF8".
db-1     | The default text search configuration will be set to "english".
db-1     | 
db-1     | Data page checksums are disabled.
db-1     | 
db-1     | fixing permissions on existing directory /var/lib/postgresql/data ... ok
db-1     | creating subdirectories ... ok
db-1     | selecting dynamic shared memory implementation ... posix
db-1     | selecting default max_connections ... 100
db-1     | selecting default shared_buffers ... 128MB
db-1     | selecting default time zone ... Etc/UTC
db-1     | creating configuration files ... ok
db-1     | running bootstrap script ... ok
db-1     | performing post-bootstrap initialization ... ok
db-1     | initdb: warning: enabling "trust" authentication for local connections
db-1     | initdb: hint: You can change this by editing pg_hba.conf or using the option -A, or --auth-local and --auth-host, the next time you run initdb.
db-1     | syncing data to disk ... ok
db-1     | 
db-1     | 
db-1     | Success. You can now start the database server using:
db-1     | 
db-1     |     pg_ctl -D /var/lib/postgresql/data -l logfile start
db-1     | 
db-1     | waiting for server to start.... done
db-1     | server started
db-1     | CREATE DATABASE
db-1     | 
db-1     | 
db-1     | /usr/local/bin/docker-entrypoint.sh: running /docker-entrypoint-initdb.d/init.sql
db-1     | CREATE TABLE
db-1     | CREATE TABLE
db-1     | DO
db-1     | CREATE FUNCTION
db-1     | 
db-1     | 
db-1     | waiting for server to shut down.... done
db-1     | server stopped
db-1     | 
db-1     | PostgreSQL init process complete; ready for start up.
db-1     | 
nginx-1  | /docker-entrypoint.sh: /docker-entrypoint.d/ is not empty, will attempt to perform configuration
nginx-1  | /docker-entrypoint.sh: Looking for shell scripts in /docker-entrypoint.d/
nginx-1  | /docker-entrypoint.sh: Launching /docker-entrypoint.d/10-listen-on-ipv6-by-default.sh
nginx-1  | 10-listen-on-ipv6-by-default.sh: info: Getting the checksum of /etc/nginx/conf.d/default.conf
nginx-1  | 10-listen-on-ipv6-by-default.sh: info: Enabled listen on IPv6 in /etc/nginx/conf.d/default.conf
nginx-1  | /docker-entrypoint.sh: Sourcing /docker-entrypoint.d/15-local-resolvers.envsh
nginx-1  | /docker-entrypoint.sh: Launching /docker-entrypoint.d/20-envsubst-on-templates.sh
nginx-1  | /docker-entrypoint.sh: Launching /docker-entrypoint.d/30-tune-worker-processes.sh
nginx-1  | /docker-entrypoint.sh: Configuration complete; ready for start up
api2-1   | INFO:     Started server process [1]
api2-1   | INFO:     Waiting for application startup.
api2-1   | Max connections: 10
api1-1   | INFO:     Started server process [1]
api1-1   | INFO:     Waiting for application startup.
api1-1   | Max connections: 10
api2-1   | INFO:     Application startup complete.
api2-1   | INFO:     Uvicorn running on http://127.0.0.1:3001 (Press CTRL+C to quit)
api1-1   | INFO:     Application startup complete.
api1-1   | INFO:     Uvicorn running on http://127.0.0.1:3000 (Press CTRL+C to quit)
api2-1   | INFO:     127.0.0.1:51220 - "GET /clientes/1/extrato HTTP/1.0" 200 OK
api2-1   | INFO:     127.0.0.1:51226 - "GET /clientes/1/extrato HTTP/1.0" 200 OK
api1-1   | INFO:     127.0.0.1:58850 - "POST /clientes/1/transacoes HTTP/1.0" 200 OK
api2-1   | INFO:     127.0.0.1:51242 - "POST /clientes/1/transacoes HTTP/1.0" 200 OK
api2-1   | INFO:     127.0.0.1:51274 - "POST /clientes/1/transacoes HTTP/1.0" 200 OK
api2-1   | INFO:     127.0.0.1:51280 - "POST /clientes/1/transacoes HTTP/1.0" 200 OK
api1-1   | INFO:     127.0.0.1:58862 - "POST /clientes/1/transacoes HTTP/1.0" 200 OK
api2-1   | INFO:     127.0.0.1:51258 - "POST /clientes/1/transacoes HTTP/1.0" 200 OK
api2-1   | INFO:     127.0.0.1:51290 - "POST /clientes/1/transacoes HTTP/1.0" 200 OK
api2-1   | INFO:     127.0.0.1:51256 - "POST /clientes/1/transacoes HTTP/1.0" 200 OK
api2-1   | INFO:     127.0.0.1:51310 - "POST /clientes/1/transacoes HTTP/1.0" 200 OK
api2-1   | INFO:     127.0.0.1:51298 - "POST /clientes/1/transacoes HTTP/1.0" 200 OK
api2-1   | INFO:     127.0.0.1:51326 - "POST /clientes/1/transacoes HTTP/1.0" 200 OK
api1-1   | INFO:     127.0.0.1:58900 - "POST /clientes/1/transacoes HTTP/1.0" 200 OK
api1-1   | INFO:     127.0.0.1:58912 - "POST /clientes/1/transacoes HTTP/1.0" 200 OK
api1-1   | INFO:     127.0.0.1:58884 - "POST /clientes/1/transacoes HTTP/1.0" 200 OK
api1-1   | INFO:     127.0.0.1:58874 - "POST /clientes/1/transacoes HTTP/1.0" 200 OK
api2-1   | INFO:     127.0.0.1:51306 - "POST /clientes/1/transacoes HTTP/1.0" 200 OK
api2-1   | INFO:     127.0.0.1:51356 - "POST /clientes/1/transacoes HTTP/1.0" 200 OK
api2-1   | INFO:     127.0.0.1:51340 - "POST /clientes/1/transacoes HTTP/1.0" 200 OK
api2-1   | INFO:     127.0.0.1:51362 - "POST /clientes/1/transacoes HTTP/1.0" 200 OK
api1-1   | INFO:     127.0.0.1:58932 - "POST /clientes/1/transacoes HTTP/1.0" 200 OK
api1-1   | INFO:     127.0.0.1:58926 - "POST /clientes/1/transacoes HTTP/1.0" 200 OK
api1-1   | INFO:     127.0.0.1:58918 - "POST /clientes/1/transacoes HTTP/1.0" 200 OK
api2-1   | INFO:     127.0.0.1:51370 - "POST /clientes/1/transacoes HTTP/1.0" 200 OK
api2-1   | INFO:     127.0.0.1:51364 - "POST /clientes/1/transacoes HTTP/1.0" 200 OK
api1-1   | INFO:     127.0.0.1:58948 - "POST /clientes/1/transacoes HTTP/1.0" 200 OK
api1-1   | INFO:     127.0.0.1:58964 - "GET /clientes/1/extrato HTTP/1.0" 200 OK
api2-1   | INFO:     127.0.0.1:51386 - "POST /clientes/1/transacoes HTTP/1.0" 200 OK
api1-1   | INFO:     127.0.0.1:58974 - "POST /clientes/1/transacoes HTTP/1.0" 200 OK
api1-1   | INFO:     127.0.0.1:59002 - "POST /clientes/1/transacoes HTTP/1.0" 200 OK
api2-1   | INFO:     127.0.0.1:51418 - "POST /clientes/1/transacoes HTTP/1.0" 200 OK
api1-1   | INFO:     127.0.0.1:59004 - "POST /clientes/1/transacoes HTTP/1.0" 200 OK
api2-1   | INFO:     127.0.0.1:51424 - "POST /clientes/1/transacoes HTTP/1.0" 200 OK
api2-1   | INFO:     127.0.0.1:51426 - "POST /clientes/1/transacoes HTTP/1.0" 200 OK
api2-1   | INFO:     127.0.0.1:51400 - "POST /clientes/1/transacoes HTTP/1.0" 200 OK
api2-1   | INFO:     127.0.0.1:51436 - "POST /clientes/1/transacoes HTTP/1.0" 200 OK
api1-1   | INFO:     127.0.0.1:58984 - "POST /clientes/1/transacoes HTTP/1.0" 200 OK
api1-1   | INFO:     127.0.0.1:59014 - "POST /clientes/1/transacoes HTTP/1.0" 200 OK
api1-1   | INFO:     127.0.0.1:59016 - "POST /clientes/1/transacoes HTTP/1.0" 200 OK
api1-1   | INFO:     127.0.0.1:59018 - "POST /clientes/1/transacoes HTTP/1.0" 200 OK
api2-1   | INFO:     127.0.0.1:51412 - "POST /clientes/1/transacoes HTTP/1.0" 200 OK
api1-1   | INFO:     127.0.0.1:59020 - "POST /clientes/1/transacoes HTTP/1.0" 200 OK
api2-1   | INFO:     127.0.0.1:51444 - "POST /clientes/1/transacoes HTTP/1.0" 200 OK
api1-1   | INFO:     127.0.0.1:58988 - "POST /clientes/1/transacoes HTTP/1.0" 200 OK
api2-1   | INFO:     127.0.0.1:51450 - "POST /clientes/1/transacoes HTTP/1.0" 200 OK
api2-1   | INFO:     127.0.0.1:51466 - "POST /clientes/1/transacoes HTTP/1.0" 200 OK
api1-1   | INFO:     127.0.0.1:59038 - "POST /clientes/1/transacoes HTTP/1.0" 200 OK
api1-1   | INFO:     127.0.0.1:59044 - "POST /clientes/1/transacoes HTTP/1.0" 200 OK
api2-1   | INFO:     127.0.0.1:51458 - "POST /clientes/1/transacoes HTTP/1.0" 200 OK
api2-1   | INFO:     127.0.0.1:51488 - "POST /clientes/1/transacoes HTTP/1.0" 200 OK
api1-1   | INFO:     127.0.0.1:59028 - "POST /clientes/1/transacoes HTTP/1.0" 200 OK
api2-1   | INFO:     127.0.0.1:51482 - "POST /clientes/1/transacoes HTTP/1.0" 200 OK
api1-1   | INFO:     127.0.0.1:59050 - "GET /clientes/1/extrato HTTP/1.0" 200 OK
api2-1   | INFO:     127.0.0.1:51492 - "GET /clientes/6/extrato HTTP/1.0" 404 Not Found
api2-1   | INFO:     127.0.0.1:51504 - "GET /clientes/3/extrato HTTP/1.0" 200 OK
api2-1   | INFO:     127.0.0.1:51516 - "GET /clientes/5/extrato HTTP/1.0" 200 OK
api1-1   | INFO:     127.0.0.1:59062 - "GET /clientes/1/extrato HTTP/1.0" 200 OK
api1-1   | INFO:     127.0.0.1:59064 - "GET /clientes/4/extrato HTTP/1.0" 200 OK
api1-1   | INFO:     127.0.0.1:59068 - "GET /clientes/2/extrato HTTP/1.0" 200 OK
api1-1   | INFO:     127.0.0.1:59092 - "POST /clientes/3/transacoes HTTP/1.0" 200 OK
api1-1   | INFO:     127.0.0.1:59080 - "POST /clientes/1/transacoes HTTP/1.0" 200 OK
api2-1   | INFO:     127.0.0.1:51548 - "POST /clientes/5/transacoes HTTP/1.0" 200 OK
api2-1   | INFO:     127.0.0.1:51524 - "POST /clientes/4/transacoes HTTP/1.0" 200 OK
api2-1   | INFO:     127.0.0.1:51534 - "POST /clientes/2/transacoes HTTP/1.0" 200 OK
api2-1   | INFO:     127.0.0.1:51570 - "POST /clientes/5/transacoes HTTP/1.0" 200 OK
api2-1   | INFO:     127.0.0.1:51560 - "POST /clientes/4/transacoes HTTP/1.0" 200 OK
api1-1   | INFO:     127.0.0.1:59108 - "POST /clientes/2/transacoes HTTP/1.0" 200 OK
api1-1   | INFO:     127.0.0.1:59098 - "POST /clientes/1/transacoes HTTP/1.0" 200 OK
api1-1   | INFO:     127.0.0.1:59116 - "POST /clientes/3/transacoes HTTP/1.0" 200 OK
api1-1   | INFO:     127.0.0.1:59128 - "GET /clientes/2/extrato HTTP/1.0" 200 OK
api2-1   | INFO:     127.0.0.1:51574 - "GET /clientes/4/extrato HTTP/1.0" 200 OK
api2-1   | INFO:     127.0.0.1:51588 - "GET /clientes/5/extrato HTTP/1.0" 200 OK
api1-1   | INFO:     127.0.0.1:59138 - "GET /clientes/3/extrato HTTP/1.0" 200 OK
api2-1   | INFO:     127.0.0.1:51592 - "GET /clientes/1/extrato HTTP/1.0" 200 OK
api2-1   | INFO:     127.0.0.1:51606 - "POST /clientes/5/transacoes HTTP/1.0" 200 OK
api1-1   | INFO:     127.0.0.1:59146 - "POST /clientes/2/transacoes HTTP/1.0" 200 OK
api2-1   | INFO:     127.0.0.1:51616 - "POST /clientes/3/transacoes HTTP/1.0" 200 OK
api1-1   | INFO:     127.0.0.1:59162 - "POST /clientes/4/transacoes HTTP/1.0" 200 OK
api1-1   | INFO:     127.0.0.1:59166 - "POST /clientes/1/transacoes HTTP/1.0" 200 OK
api2-1   | INFO:     127.0.0.1:51632 - "GET /clientes/5/extrato HTTP/1.0" 200 OK
api2-1   | INFO:     127.0.0.1:51634 - "GET /clientes/4/extrato HTTP/1.0" 200 OK
api2-1   | INFO:     127.0.0.1:51640 - "GET /clientes/4/extrato HTTP/1.0" 200 OK
api2-1   | INFO:     127.0.0.1:51654 - "GET /clientes/3/extrato HTTP/1.0" 200 OK
api2-1   | INFO:     127.0.0.1:51658 - "GET /clientes/3/extrato HTTP/1.0" 200 OK
api1-1   | INFO:     127.0.0.1:59184 - "GET /clientes/4/extrato HTTP/1.0" 200 OK
api1-1   | INFO:     127.0.0.1:59200 - "GET /clientes/3/extrato HTTP/1.0" 200 OK
api1-1   | INFO:     127.0.0.1:59172 - "GET /clientes/4/extrato HTTP/1.0" 200 OK
api2-1   | INFO:     127.0.0.1:51668 - "GET /clientes/2/extrato HTTP/1.0" 200 OK
api2-1   | INFO:     127.0.0.1:51684 - "GET /clientes/2/extrato HTTP/1.0" 200 OK
api2-1   | INFO:     127.0.0.1:51704 - "GET /clientes/1/extrato HTTP/1.0" 200 OK
api2-1   | INFO:     127.0.0.1:51700 - "GET /clientes/1/extrato HTTP/1.0" 200 OK
api1-1   | INFO:     127.0.0.1:59204 - "GET /clientes/3/extrato HTTP/1.0" 200 OK
api1-1   | INFO:     127.0.0.1:59208 - "GET /clientes/2/extrato HTTP/1.0" 200 OK
api1-1   | INFO:     127.0.0.1:59238 - "GET /clientes/1/extrato HTTP/1.0" 200 OK
api1-1   | INFO:     127.0.0.1:59220 - "GET /clientes/2/extrato HTTP/1.0" 200 OK
api1-1   | INFO:     127.0.0.1:59236 - "GET /clientes/1/extrato HTTP/1.0" 200 OK
api1-1   | INFO:     127.0.0.1:59252 - "GET /clientes/5/extrato HTTP/1.0" 200 OK
api1-1   | INFO:     127.0.0.1:59262 - "GET /clientes/5/extrato HTTP/1.0" 200 OK
api2-1   | INFO:     127.0.0.1:51720 - "GET /clientes/5/extrato HTTP/1.0" 200 OK
api2-1   | INFO:     127.0.0.1:51722 - "POST /clientes/3/transacoes HTTP/1.0" 422 Unprocessable Entity
api1-1   | INFO:     127.0.0.1:59266 - "POST /clientes/3/transacoes HTTP/1.0" 422 Unprocessable Entity
api2-1   | INFO:     127.0.0.1:51734 - "POST /clientes/3/transacoes HTTP/1.0" 422 Unprocessable Entity
api1-1   | INFO:     127.0.0.1:59272 - "POST /clientes/4/transacoes HTTP/1.0" 422 Unprocessable Entity
api2-1   | INFO:     127.0.0.1:51748 - "POST /clientes/5/transacoes HTTP/1.0" 422 Unprocessable Entity
api1-1   | INFO:     127.0.0.1:59280 - "POST /clientes/3/transacoes HTTP/1.0" 422 Unprocessable Entity
api2-1   | INFO:     127.0.0.1:51756 - "POST /clientes/4/transacoes HTTP/1.0" 422 Unprocessable Entity
api1-1   | INFO:     127.0.0.1:59286 - "POST /clientes/5/transacoes HTTP/1.0" 422 Unprocessable Entity
api2-1   | INFO:     127.0.0.1:51766 - "POST /clientes/4/transacoes HTTP/1.0" 422 Unprocessable Entity
api1-1   | INFO:     127.0.0.1:59288 - "POST /clientes/3/transacoes HTTP/1.0" 422 Unprocessable Entity
api2-1   | INFO:     127.0.0.1:51778 - "POST /clientes/4/transacoes HTTP/1.0" 422 Unprocessable Entity
api1-1   | INFO:     127.0.0.1:59292 - "POST /clientes/4/transacoes HTTP/1.0" 422 Unprocessable Entity
api1-1   | INFO:     127.0.0.1:59306 - "POST /clientes/5/transacoes HTTP/1.0" 422 Unprocessable Entity
api2-1   | INFO:     127.0.0.1:51794 - "POST /clientes/2/transacoes HTTP/1.0" 422 Unprocessable Entity
api1-1   | INFO:     127.0.0.1:59314 - "POST /clientes/2/transacoes HTTP/1.0" 422 Unprocessable Entity
api2-1   | INFO:     127.0.0.1:51810 - "POST /clientes/1/transacoes HTTP/1.0" 422 Unprocessable Entity
api2-1   | INFO:     127.0.0.1:51826 - "POST /clientes/5/transacoes HTTP/1.0" 422 Unprocessable Entity
api1-1   | INFO:     127.0.0.1:59330 - "POST /clientes/2/transacoes HTTP/1.0" 422 Unprocessable Entity
api2-1   | INFO:     127.0.0.1:51836 - "POST /clientes/1/transacoes HTTP/1.0" 422 Unprocessable Entity
api1-1   | INFO:     127.0.0.1:59344 - "POST /clientes/2/transacoes HTTP/1.0" 422 Unprocessable Entity
api2-1   | INFO:     127.0.0.1:51850 - "POST /clientes/5/transacoes HTTP/1.0" 422 Unprocessable Entity
api1-1   | INFO:     127.0.0.1:59346 - "POST /clientes/2/transacoes HTTP/1.0" 422 Unprocessable Entity
api2-1   | INFO:     127.0.0.1:51856 - "POST /clientes/1/transacoes HTTP/1.0" 422 Unprocessable Entity
api1-1   | INFO:     127.0.0.1:59356 - "POST /clientes/1/transacoes HTTP/1.0" 422 Unprocessable Entity
api2-1   | INFO:     127.0.0.1:51866 - "POST /clientes/1/transacoes HTTP/1.0" 422 Unprocessable Entity
api2-1   | INFO:     127.0.0.1:57496 - "POST /clientes/3/transacoes HTTP/1.0" 200 OK
api1-1   | INFO:     127.0.0.1:35408 - "GET /clientes/3/extrato HTTP/1.0" 200 OK
api1-1   | INFO:     127.0.0.1:35416 - "POST /clientes/3/transacoes HTTP/1.0" 200 OK
api2-1   | INFO:     127.0.0.1:57500 - "POST /clientes/4/transacoes HTTP/1.0" 200 OK
api1-1   | INFO:     127.0.0.1:35418 - "GET /clientes/4/extrato HTTP/1.0" 200 OK
api1-1   | INFO:     127.0.0.1:35434 - "POST /clientes/1/transacoes HTTP/1.0" 200 OK
api2-1   | INFO:     127.0.0.1:57504 - "POST /clientes/2/transacoes HTTP/1.0" 200 OK
api1-1   | INFO:     127.0.0.1:35448 - "POST /clientes/2/transacoes HTTP/1.0" 200 OK
api2-1   | INFO:     127.0.0.1:57510 - "POST /clientes/4/transacoes HTTP/1.0" 200 OK
api1-1   | INFO:     127.0.0.1:35450 - "POST /clientes/5/transacoes HTTP/1.0" 200 OK
api2-1   | INFO:     127.0.0.1:57518 - "POST /clientes/4/transacoes HTTP/1.0" 200 OK
api1-1   | INFO:     127.0.0.1:35466 - "POST /clientes/5/transacoes HTTP/1.0" 200 OK
api2-1   | INFO:     127.0.0.1:57524 - "GET /clientes/4/extrato HTTP/1.0" 200 OK
api2-1   | INFO:     127.0.0.1:57526 - "POST /clientes/3/transacoes HTTP/1.0" 200 OK
api1-1   | INFO:     127.0.0.1:35468 - "POST /clientes/3/transacoes HTTP/1.0" 200 OK
api2-1   | INFO:     127.0.0.1:57530 - "POST /clientes/2/transacoes HTTP/1.0" 200 OK
api2-1   | INFO:     127.0.0.1:57546 - "POST /clientes/3/transacoes HTTP/1.0" 200 OK
api1-1   | INFO:     127.0.0.1:35482 - "POST /clientes/3/transacoes HTTP/1.0" 200 OK
api1-1   | INFO:     127.0.0.1:35484 - "POST /clientes/1/transacoes HTTP/1.0" 200 OK
api2-1   | INFO:     127.0.0.1:57562 - "POST /clientes/1/transacoes HTTP/1.0" 200 OK
api1-1   | INFO:     127.0.0.1:35494 - "POST /clientes/1/transacoes HTTP/1.0" 200 OK
api2-1   | INFO:     127.0.0.1:57566 - "GET /clientes/1/extrato HTTP/1.0" 200 OK
api1-1   | INFO:     127.0.0.1:35504 - "POST /clientes/4/transacoes HTTP/1.0" 200 OK
api2-1   | INFO:     127.0.0.1:57576 - "POST /clientes/4/transacoes HTTP/1.0" 200 OK
api1-1   | INFO:     127.0.0.1:35510 - "POST /clientes/4/transacoes HTTP/1.0" 200 OK
api2-1   | INFO:     127.0.0.1:57578 - "POST /clientes/1/transacoes HTTP/1.0" 200 OK
api1-1   | INFO:     127.0.0.1:35522 - "POST /clientes/2/transacoes HTTP/1.0" 200 OK
api2-1   | INFO:     127.0.0.1:57588 - "POST /clientes/2/transacoes HTTP/1.0" 200 OK
api1-1   | INFO:     127.0.0.1:35528 - "POST /clientes/5/transacoes HTTP/1.0" 200 OK
api2-1   | INFO:     127.0.0.1:57598 - "POST /clientes/1/transacoes HTTP/1.0" 200 OK
api1-1   | INFO:     127.0.0.1:35540 - "POST /clientes/3/transacoes HTTP/1.0" 200 OK
api2-1   | INFO:     127.0.0.1:57608 - "POST /clientes/5/transacoes HTTP/1.0" 200 OK
api1-1   | INFO:     127.0.0.1:35556 - "POST /clientes/3/transacoes HTTP/1.0" 200 OK
api1-1   | INFO:     127.0.0.1:35572 - "POST /clientes/4/transacoes HTTP/1.0" 200 OK
api2-1   | INFO:     127.0.0.1:57616 - "GET /clientes/4/extrato HTTP/1.0" 200 OK
api1-1   | INFO:     127.0.0.1:35576 - "POST /clientes/1/transacoes HTTP/1.0" 200 OK
api2-1   | INFO:     127.0.0.1:57630 - "POST /clientes/3/transacoes HTTP/1.0" 200 OK
api1-1   | INFO:     127.0.0.1:35588 - "POST /clientes/4/transacoes HTTP/1.0" 200 OK
api2-1   | INFO:     127.0.0.1:57644 - "POST /clientes/5/transacoes HTTP/1.0" 200 OK
api1-1   | INFO:     127.0.0.1:35596 - "POST /clientes/2/transacoes HTTP/1.0" 200 OK
api2-1   | INFO:     127.0.0.1:57652 - "POST /clientes/5/transacoes HTTP/1.0" 200 OK
api1-1   | INFO:     127.0.0.1:35602 - "POST /clientes/4/transacoes HTTP/1.0" 200 OK
api2-1   | INFO:     127.0.0.1:57668 - "POST /clientes/5/transacoes HTTP/1.0" 200 OK
api1-1   | INFO:     127.0.0.1:35612 - "POST /clientes/4/transacoes HTTP/1.0" 200 OK
api2-1   | INFO:     127.0.0.1:57672 - "POST /clientes/5/transacoes HTTP/1.0" 200 OK
api1-1   | INFO:     127.0.0.1:35620 - "POST /clientes/4/transacoes HTTP/1.0" 200 OK
api2-1   | INFO:     127.0.0.1:57682 - "POST /clientes/5/transacoes HTTP/1.0" 200 OK
api1-1   | INFO:     127.0.0.1:35622 - "POST /clientes/3/transacoes HTTP/1.0" 200 OK
api2-1   | INFO:     127.0.0.1:57690 - "POST /clientes/3/transacoes HTTP/1.0" 200 OK
api2-1   | INFO:     127.0.0.1:57696 - "POST /clientes/4/transacoes HTTP/1.0" 200 OK
api1-1   | INFO:     127.0.0.1:35630 - "GET /clientes/1/extrato HTTP/1.0" 200 OK
api1-1   | INFO:     127.0.0.1:35644 - "POST /clientes/1/transacoes HTTP/1.0" 200 OK
api2-1   | INFO:     127.0.0.1:57708 - "POST /clientes/2/transacoes HTTP/1.0" 200 OK
api1-1   | INFO:     127.0.0.1:35646 - "POST /clientes/5/transacoes HTTP/1.0" 200 OK
api2-1   | INFO:     127.0.0.1:57710 - "POST /clientes/3/transacoes HTTP/1.0" 200 OK
api1-1   | INFO:     127.0.0.1:35654 - "POST /clientes/2/transacoes HTTP/1.0" 200 OK
api2-1   | INFO:     127.0.0.1:57726 - "POST /clientes/1/transacoes HTTP/1.0" 200 OK
api1-1   | INFO:     127.0.0.1:35656 - "POST /clientes/5/transacoes HTTP/1.0" 200 OK
api2-1   | INFO:     127.0.0.1:57742 - "GET /clientes/4/extrato HTTP/1.0" 200 OK
api1-1   | INFO:     127.0.0.1:35670 - "POST /clientes/4/transacoes HTTP/1.0" 200 OK
api2-1   | INFO:     127.0.0.1:57748 - "POST /clientes/4/transacoes HTTP/1.0" 200 OK
api1-1   | INFO:     127.0.0.1:35682 - "POST /clientes/2/transacoes HTTP/1.0" 200 OK
api2-1   | INFO:     127.0.0.1:57758 - "POST /clientes/5/transacoes HTTP/1.0" 200 OK
api1-1   | INFO:     127.0.0.1:35692 - "POST /clientes/1/transacoes HTTP/1.0" 200 OK
api2-1   | INFO:     127.0.0.1:57764 - "POST /clientes/2/transacoes HTTP/1.0" 200 OK
api1-1   | INFO:     127.0.0.1:35702 - "POST /clientes/3/transacoes HTTP/1.0" 200 OK
api2-1   | INFO:     127.0.0.1:57768 - "POST /clientes/2/transacoes HTTP/1.0" 200 OK
api1-1   | INFO:     127.0.0.1:35712 - "POST /clientes/4/transacoes HTTP/1.0" 200 OK
api1-1   | INFO:     127.0.0.1:35726 - "POST /clientes/3/transacoes HTTP/1.0" 200 OK
api2-1   | INFO:     127.0.0.1:57770 - "GET /clientes/4/extrato HTTP/1.0" 200 OK
api2-1   | INFO:     127.0.0.1:57782 - "POST /clientes/4/transacoes HTTP/1.0" 200 OK
api1-1   | INFO:     127.0.0.1:35734 - "POST /clientes/1/transacoes HTTP/1.0" 200 OK
api2-1   | INFO:     127.0.0.1:57790 - "POST /clientes/5/transacoes HTTP/1.0" 200 OK
api1-1   | INFO:     127.0.0.1:35746 - "POST /clientes/5/transacoes HTTP/1.0" 200 OK
api2-1   | INFO:     127.0.0.1:57804 - "POST /clientes/5/transacoes HTTP/1.0" 200 OK
api1-1   | INFO:     127.0.0.1:35750 - "POST /clientes/1/transacoes HTTP/1.0" 200 OK
api2-1   | INFO:     127.0.0.1:57808 - "POST /clientes/3/transacoes HTTP/1.0" 200 OK
api1-1   | INFO:     127.0.0.1:35762 - "POST /clientes/2/transacoes HTTP/1.0" 200 OK
api2-1   | INFO:     127.0.0.1:57822 - "POST /clientes/2/transacoes HTTP/1.0" 200 OK
api1-1   | INFO:     127.0.0.1:35768 - "POST /clientes/3/transacoes HTTP/1.0" 200 OK
api2-1   | INFO:     127.0.0.1:57828 - "POST /clientes/5/transacoes HTTP/1.0" 200 OK
api1-1   | INFO:     127.0.0.1:35780 - "POST /clientes/3/transacoes HTTP/1.0" 200 OK
api2-1   | INFO:     127.0.0.1:57832 - "POST /clientes/5/transacoes HTTP/1.0" 200 OK
api1-1   | INFO:     127.0.0.1:35790 - "POST /clientes/1/transacoes HTTP/1.0" 200 OK
api2-1   | INFO:     127.0.0.1:57840 - "POST /clientes/3/transacoes HTTP/1.0" 200 OK
api1-1   | INFO:     127.0.0.1:35802 - "POST /clientes/1/transacoes HTTP/1.0" 200 OK
api2-1   | INFO:     127.0.0.1:57846 - "POST /clientes/5/transacoes HTTP/1.0" 200 OK
api1-1   | INFO:     127.0.0.1:35818 - "POST /clientes/1/transacoes HTTP/1.0" 200 OK
api2-1   | INFO:     127.0.0.1:57856 - "POST /clientes/1/transacoes HTTP/1.0" 200 OK
api2-1   | INFO:     127.0.0.1:57858 - "POST /clientes/2/transacoes HTTP/1.0" 200 OK
api1-1   | INFO:     127.0.0.1:35832 - "GET /clientes/5/extrato HTTP/1.0" 200 OK
api2-1   | INFO:     127.0.0.1:57870 - "POST /clientes/4/transacoes HTTP/1.0" 200 OK
api1-1   | INFO:     127.0.0.1:35844 - "POST /clientes/4/transacoes HTTP/1.0" 200 OK
api2-1   | INFO:     127.0.0.1:57874 - "POST /clientes/3/transacoes HTTP/1.0" 200 OK
api1-1   | INFO:     127.0.0.1:35858 - "POST /clientes/2/transacoes HTTP/1.0" 200 OK
api2-1   | INFO:     127.0.0.1:57886 - "POST /clientes/2/transacoes HTTP/1.0" 200 OK
api1-1   | INFO:     127.0.0.1:35870 - "POST /clientes/5/transacoes HTTP/1.0" 200 OK
api2-1   | INFO:     127.0.0.1:57888 - "POST /clientes/1/transacoes HTTP/1.0" 200 OK
api1-1   | INFO:     127.0.0.1:35880 - "POST /clientes/5/transacoes HTTP/1.0" 200 OK
api2-1   | INFO:     127.0.0.1:57896 - "POST /clientes/5/transacoes HTTP/1.0" 200 OK
api1-1   | INFO:     127.0.0.1:35894 - "POST /clientes/3/transacoes HTTP/1.0" 200 OK
api2-1   | INFO:     127.0.0.1:57904 - "POST /clientes/1/transacoes HTTP/1.0" 200 OK
api1-1   | INFO:     127.0.0.1:35906 - "GET /clientes/2/extrato HTTP/1.0" 200 OK
api1-1   | INFO:     127.0.0.1:35914 - "POST /clientes/4/transacoes HTTP/1.0" 200 OK
api2-1   | INFO:     127.0.0.1:57908 - "POST /clientes/5/transacoes HTTP/1.0" 200 OK
api1-1   | INFO:     127.0.0.1:35918 - "POST /clientes/4/transacoes HTTP/1.0" 200 OK
api2-1   | INFO:     127.0.0.1:57910 - "POST /clientes/5/transacoes HTTP/1.0" 200 OK
api1-1   | INFO:     127.0.0.1:35926 - "POST /clientes/2/transacoes HTTP/1.0" 200 OK
api2-1   | INFO:     127.0.0.1:57918 - "POST /clientes/4/transacoes HTTP/1.0" 200 OK
api1-1   | INFO:     127.0.0.1:35938 - "POST /clientes/4/transacoes HTTP/1.0" 200 OK
api2-1   | INFO:     127.0.0.1:57924 - "POST /clientes/1/transacoes HTTP/1.0" 200 OK
api1-1   | INFO:     127.0.0.1:35942 - "POST /clientes/2/transacoes HTTP/1.0" 200 OK
api2-1   | INFO:     127.0.0.1:57928 - "POST /clientes/3/transacoes HTTP/1.0" 200 OK
api2-1   | INFO:     127.0.0.1:57938 - "POST /clientes/2/transacoes HTTP/1.0" 200 OK
api1-1   | INFO:     127.0.0.1:35960 - "POST /clientes/5/transacoes HTTP/1.0" 200 OK
api1-1   | INFO:     127.0.0.1:35946 - "GET /clientes/5/extrato HTTP/1.0" 200 OK
api2-1   | INFO:     127.0.0.1:57946 - "POST /clientes/2/transacoes HTTP/1.0" 200 OK
api1-1   | INFO:     127.0.0.1:35962 - "POST /clientes/2/transacoes HTTP/1.0" 200 OK
api2-1   | INFO:     127.0.0.1:57950 - "POST /clientes/3/transacoes HTTP/1.0" 200 OK
api1-1   | INFO:     127.0.0.1:35976 - "POST /clientes/5/transacoes HTTP/1.0" 200 OK
api2-1   | INFO:     127.0.0.1:57964 - "POST /clientes/3/transacoes HTTP/1.0" 200 OK
api1-1   | INFO:     127.0.0.1:35990 - "POST /clientes/3/transacoes HTTP/1.0" 200 OK
api2-1   | INFO:     127.0.0.1:57980 - "POST /clientes/3/transacoes HTTP/1.0" 200 OK
api1-1   | INFO:     127.0.0.1:36004 - "POST /clientes/4/transacoes HTTP/1.0" 200 OK
api2-1   | INFO:     127.0.0.1:57994 - "POST /clientes/1/transacoes HTTP/1.0" 200 OK
api1-1   | INFO:     127.0.0.1:36018 - "POST /clientes/3/transacoes HTTP/1.0" 200 OK
api1-1   | INFO:     127.0.0.1:36020 - "POST /clientes/3/transacoes HTTP/1.0" 200 OK
api2-1   | INFO:     127.0.0.1:58008 - "GET /clientes/5/extrato HTTP/1.0" 200 OK
api2-1   | INFO:     127.0.0.1:58012 - "POST /clientes/4/transacoes HTTP/1.0" 200 OK
api1-1   | INFO:     127.0.0.1:36028 - "POST /clientes/1/transacoes HTTP/1.0" 200 OK
api2-1   | INFO:     127.0.0.1:58026 - "POST /clientes/2/transacoes HTTP/1.0" 200 OK
api1-1   | INFO:     127.0.0.1:36042 - "POST /clientes/3/transacoes HTTP/1.0" 200 OK
api2-1   | INFO:     127.0.0.1:58028 - "POST /clientes/1/transacoes HTTP/1.0" 200 OK
api1-1   | INFO:     127.0.0.1:36046 - "POST /clientes/3/transacoes HTTP/1.0" 200 OK
api2-1   | INFO:     127.0.0.1:58038 - "POST /clientes/3/transacoes HTTP/1.0" 200 OK
api1-1   | INFO:     127.0.0.1:36058 - "POST /clientes/3/transacoes HTTP/1.0" 200 OK
api2-1   | INFO:     127.0.0.1:58054 - "POST /clientes/2/transacoes HTTP/1.0" 200 OK
api1-1   | INFO:     127.0.0.1:36072 - "POST /clientes/5/transacoes HTTP/1.0" 200 OK
api2-1   | INFO:     127.0.0.1:58068 - "POST /clientes/3/transacoes HTTP/1.0" 200 OK
api1-1   | INFO:     127.0.0.1:36086 - "POST /clientes/3/transacoes HTTP/1.0" 200 OK
api1-1   | INFO:     127.0.0.1:36098 - "POST /clientes/5/transacoes HTTP/1.0" 200 OK
api2-1   | INFO:     127.0.0.1:58082 - "GET /clientes/4/extrato HTTP/1.0" 200 OK
api2-1   | INFO:     127.0.0.1:58098 - "POST /clientes/1/transacoes HTTP/1.0" 200 OK
api1-1   | INFO:     127.0.0.1:36114 - "POST /clientes/1/transacoes HTTP/1.0" 200 OK
api2-1   | INFO:     127.0.0.1:58106 - "POST /clientes/1/transacoes HTTP/1.0" 200 OK
api1-1   | INFO:     127.0.0.1:36120 - "POST /clientes/5/transacoes HTTP/1.0" 200 OK
api2-1   | INFO:     127.0.0.1:58112 - "POST /clientes/5/transacoes HTTP/1.0" 200 OK
api1-1   | INFO:     127.0.0.1:36124 - "POST /clientes/4/transacoes HTTP/1.0" 200 OK
api2-1   | INFO:     127.0.0.1:58114 - "POST /clientes/1/transacoes HTTP/1.0" 200 OK
api1-1   | INFO:     127.0.0.1:43664 - "POST /clientes/3/transacoes HTTP/1.0" 200 OK
api2-1   | INFO:     127.0.0.1:56028 - "POST /clientes/3/transacoes HTTP/1.0" 200 OK
api1-1   | INFO:     127.0.0.1:43666 - "POST /clientes/1/transacoes HTTP/1.0" 200 OK
api2-1   | INFO:     127.0.0.1:56040 - "POST /clientes/3/transacoes HTTP/1.0" 200 OK
api1-1   | INFO:     127.0.0.1:43676 - "POST /clientes/5/transacoes HTTP/1.0" 200 OK
api2-1   | INFO:     127.0.0.1:56050 - "POST /clientes/2/transacoes HTTP/1.0" 200 OK
api1-1   | INFO:     127.0.0.1:43684 - "POST /clientes/4/transacoes HTTP/1.0" 200 OK
api2-1   | INFO:     127.0.0.1:56066 - "POST /clientes/1/transacoes HTTP/1.0" 200 OK
api1-1   | INFO:     127.0.0.1:43700 - "POST /clientes/2/transacoes HTTP/1.0" 200 OK
api2-1   | INFO:     127.0.0.1:56074 - "POST /clientes/2/transacoes HTTP/1.0" 200 OK
api1-1   | INFO:     127.0.0.1:43714 - "POST /clientes/4/transacoes HTTP/1.0" 200 OK
api2-1   | INFO:     127.0.0.1:56084 - "POST /clientes/3/transacoes HTTP/1.0" 200 OK
api1-1   | INFO:     127.0.0.1:43724 - "POST /clientes/5/transacoes HTTP/1.0" 200 OK
api2-1   | INFO:     127.0.0.1:56092 - "POST /clientes/1/transacoes HTTP/1.0" 422 Unprocessable Entity
api1-1   | INFO:     127.0.0.1:43732 - "POST /clientes/1/transacoes HTTP/1.0" 200 OK
api2-1   | INFO:     127.0.0.1:56108 - "POST /clientes/5/transacoes HTTP/1.0" 200 OK
api1-1   | INFO:     127.0.0.1:43748 - "POST /clientes/5/transacoes HTTP/1.0" 200 OK
api2-1   | INFO:     127.0.0.1:56110 - "POST /clientes/4/transacoes HTTP/1.0" 200 OK
api1-1   | INFO:     127.0.0.1:43762 - "POST /clientes/3/transacoes HTTP/1.0" 200 OK
api2-1   | INFO:     127.0.0.1:56114 - "POST /clientes/1/transacoes HTTP/1.0" 422 Unprocessable Entity
api1-1   | INFO:     127.0.0.1:43774 - "POST /clientes/4/transacoes HTTP/1.0" 200 OK
api2-1   | INFO:     127.0.0.1:56136 - "POST /clientes/1/transacoes HTTP/1.0" 422 Unprocessable Entity
api2-1   | INFO:     127.0.0.1:56124 - "GET /clientes/2/extrato HTTP/1.0" 200 OK
api1-1   | INFO:     127.0.0.1:43776 - "POST /clientes/5/transacoes HTTP/1.0" 200 OK
api2-1   | INFO:     127.0.0.1:56142 - "POST /clientes/5/transacoes HTTP/1.0" 200 OK
api1-1   | INFO:     127.0.0.1:43778 - "POST /clientes/5/transacoes HTTP/1.0" 200 OK
api1-1   | INFO:     127.0.0.1:43792 - "POST /clientes/1/transacoes HTTP/1.0" 422 Unprocessable Entity
api2-1   | INFO:     127.0.0.1:56150 - "POST /clientes/1/transacoes HTTP/1.0" 200 OK
api1-1   | INFO:     127.0.0.1:43802 - "POST /clientes/1/transacoes HTTP/1.0" 200 OK
api2-1   | INFO:     127.0.0.1:56166 - "POST /clientes/5/transacoes HTTP/1.0" 200 OK
api1-1   | INFO:     127.0.0.1:43810 - "POST /clientes/3/transacoes HTTP/1.0" 200 OK
api2-1   | INFO:     127.0.0.1:56182 - "POST /clientes/2/transacoes HTTP/1.0" 200 OK
api1-1   | INFO:     127.0.0.1:43814 - "POST /clientes/1/transacoes HTTP/1.0" 422 Unprocessable Entity
api2-1   | INFO:     127.0.0.1:56186 - "POST /clientes/5/transacoes HTTP/1.0" 200 OK
api2-1   | INFO:     127.0.0.1:56198 - "POST /clientes/4/transacoes HTTP/1.0" 200 OK
api1-1   | INFO:     127.0.0.1:43826 - "POST /clientes/5/transacoes HTTP/1.0" 200 OK
api1-1   | INFO:     127.0.0.1:43830 - "POST /clientes/1/transacoes HTTP/1.0" 200 OK
api2-1   | INFO:     127.0.0.1:56210 - "POST /clientes/1/transacoes HTTP/1.0" 200 OK
api2-1   | INFO:     127.0.0.1:56208 - "GET /clientes/4/extrato HTTP/1.0" 200 OK
api1-1   | INFO:     127.0.0.1:43842 - "POST /clientes/4/transacoes HTTP/1.0" 200 OK
api2-1   | INFO:     127.0.0.1:56224 - "POST /clientes/2/transacoes HTTP/1.0" 200 OK
api1-1   | INFO:     127.0.0.1:43852 - "POST /clientes/2/transacoes HTTP/1.0" 200 OK
api2-1   | INFO:     127.0.0.1:56228 - "POST /clientes/2/transacoes HTTP/1.0" 200 OK
api1-1   | INFO:     127.0.0.1:43870 - "POST /clientes/3/transacoes HTTP/1.0" 200 OK
api1-1   | INFO:     127.0.0.1:43858 - "POST /clientes/1/transacoes HTTP/1.0" 200 OK
api2-1   | INFO:     127.0.0.1:56232 - "POST /clientes/3/transacoes HTTP/1.0" 200 OK
api1-1   | INFO:     127.0.0.1:43874 - "POST /clientes/1/transacoes HTTP/1.0" 200 OK
api2-1   | INFO:     127.0.0.1:56248 - "POST /clientes/1/transacoes HTTP/1.0" 200 OK
api1-1   | INFO:     127.0.0.1:43878 - "POST /clientes/1/transacoes HTTP/1.0" 422 Unprocessable Entity
api2-1   | INFO:     127.0.0.1:56250 - "POST /clientes/5/transacoes HTTP/1.0" 200 OK
api2-1   | INFO:     127.0.0.1:56258 - "POST /clientes/2/transacoes HTTP/1.0" 200 OK
api1-1   | INFO:     127.0.0.1:43890 - "POST /clientes/4/transacoes HTTP/1.0" 200 OK
api1-1   | INFO:     127.0.0.1:43896 - "POST /clientes/2/transacoes HTTP/1.0" 200 OK
api2-1   | INFO:     127.0.0.1:56272 - "POST /clientes/3/transacoes HTTP/1.0" 200 OK
api2-1   | INFO:     127.0.0.1:56260 - "GET /clientes/4/extrato HTTP/1.0" 200 OK
api1-1   | INFO:     127.0.0.1:43904 - "POST /clientes/4/transacoes HTTP/1.0" 200 OK
api2-1   | INFO:     127.0.0.1:56280 - "POST /clientes/4/transacoes HTTP/1.0" 200 OK
api1-1   | INFO:     127.0.0.1:43920 - "POST /clientes/3/transacoes HTTP/1.0" 200 OK
api2-1   | INFO:     127.0.0.1:56282 - "POST /clientes/2/transacoes HTTP/1.0" 200 OK
api1-1   | INFO:     127.0.0.1:43928 - "POST /clientes/3/transacoes HTTP/1.0" 200 OK
api2-1   | INFO:     127.0.0.1:56286 - "POST /clientes/4/transacoes HTTP/1.0" 200 OK
api1-1   | INFO:     127.0.0.1:43932 - "POST /clientes/5/transacoes HTTP/1.0" 200 OK
api2-1   | INFO:     127.0.0.1:56290 - "POST /clientes/4/transacoes HTTP/1.0" 200 OK
api1-1   | INFO:     127.0.0.1:43948 - "POST /clientes/3/transacoes HTTP/1.0" 200 OK
api2-1   | INFO:     127.0.0.1:56300 - "POST /clientes/5/transacoes HTTP/1.0" 200 OK
api1-1   | INFO:     127.0.0.1:43958 - "POST /clientes/3/transacoes HTTP/1.0" 200 OK
api2-1   | INFO:     127.0.0.1:56306 - "POST /clientes/3/transacoes HTTP/1.0" 200 OK
api1-1   | INFO:     127.0.0.1:43974 - "POST /clientes/4/transacoes HTTP/1.0" 200 OK
api2-1   | INFO:     127.0.0.1:56316 - "POST /clientes/3/transacoes HTTP/1.0" 200 OK
api1-1   | INFO:     127.0.0.1:43980 - "POST /clientes/4/transacoes HTTP/1.0" 200 OK
api2-1   | INFO:     127.0.0.1:56324 - "POST /clientes/3/transacoes HTTP/1.0" 200 OK
api1-1   | INFO:     127.0.0.1:43984 - "POST /clientes/3/transacoes HTTP/1.0" 200 OK
api2-1   | INFO:     127.0.0.1:56320 - "GET /clientes/4/extrato HTTP/1.0" 200 OK
api1-1   | INFO:     127.0.0.1:44000 - "POST /clientes/1/transacoes HTTP/1.0" 200 OK
api2-1   | INFO:     127.0.0.1:56330 - "POST /clientes/5/transacoes HTTP/1.0" 200 OK
api1-1   | INFO:     127.0.0.1:44012 - "POST /clientes/4/transacoes HTTP/1.0" 200 OK
api2-1   | INFO:     127.0.0.1:56344 - "POST /clientes/3/transacoes HTTP/1.0" 200 OK
api1-1   | INFO:     127.0.0.1:44014 - "POST /clientes/4/transacoes HTTP/1.0" 200 OK
api2-1   | INFO:     127.0.0.1:56352 - "POST /clientes/2/transacoes HTTP/1.0" 200 OK
api1-1   | INFO:     127.0.0.1:44024 - "POST /clientes/1/transacoes HTTP/1.0" 200 OK
api2-1   | INFO:     127.0.0.1:56356 - "POST /clientes/5/transacoes HTTP/1.0" 200 OK
api1-1   | INFO:     127.0.0.1:44034 - "POST /clientes/4/transacoes HTTP/1.0" 200 OK
api2-1   | INFO:     127.0.0.1:56366 - "POST /clientes/4/transacoes HTTP/1.0" 200 OK
api1-1   | INFO:     127.0.0.1:44042 - "POST /clientes/5/transacoes HTTP/1.0" 200 OK
api2-1   | INFO:     127.0.0.1:56370 - "POST /clientes/1/transacoes HTTP/1.0" 422 Unprocessable Entity
api1-1   | INFO:     127.0.0.1:44058 - "POST /clientes/3/transacoes HTTP/1.0" 200 OK
api2-1   | INFO:     127.0.0.1:56378 - "POST /clientes/4/transacoes HTTP/1.0" 200 OK
api1-1   | INFO:     127.0.0.1:44074 - "POST /clientes/1/transacoes HTTP/1.0" 422 Unprocessable Entity
api1-1   | INFO:     127.0.0.1:44090 - "POST /clientes/4/transacoes HTTP/1.0" 200 OK
api2-1   | INFO:     127.0.0.1:56402 - "POST /clientes/4/transacoes HTTP/1.0" 200 OK
api2-1   | INFO:     127.0.0.1:56388 - "GET /clientes/5/extrato HTTP/1.0" 200 OK
api1-1   | INFO:     127.0.0.1:44104 - "POST /clientes/1/transacoes HTTP/1.0" 422 Unprocessable Entity
api2-1   | INFO:     127.0.0.1:56412 - "POST /clientes/4/transacoes HTTP/1.0" 200 OK
api1-1   | INFO:     127.0.0.1:44116 - "POST /clientes/2/transacoes HTTP/1.0" 200 OK
api2-1   | INFO:     127.0.0.1:56418 - "POST /clientes/5/transacoes HTTP/1.0" 200 OK
api1-1   | INFO:     127.0.0.1:44128 - "POST /clientes/4/transacoes HTTP/1.0" 200 OK
api2-1   | INFO:     127.0.0.1:56426 - "POST /clientes/1/transacoes HTTP/1.0" 200 OK
api1-1   | INFO:     127.0.0.1:44142 - "POST /clientes/5/transacoes HTTP/1.0" 200 OK
api1-1   | INFO:     127.0.0.1:44146 - "POST /clientes/2/transacoes HTTP/1.0" 200 OK
api2-1   | INFO:     127.0.0.1:56436 - "POST /clientes/4/transacoes HTTP/1.0" 200 OK
api2-1   | INFO:     127.0.0.1:56448 - "POST /clientes/5/transacoes HTTP/1.0" 200 OK
api1-1   | INFO:     127.0.0.1:44162 - "POST /clientes/5/transacoes HTTP/1.0" 200 OK
api1-1   | INFO:     127.0.0.1:44178 - "POST /clientes/1/transacoes HTTP/1.0" 422 Unprocessable Entity
api2-1   | INFO:     127.0.0.1:56454 - "POST /clientes/1/transacoes HTTP/1.0" 422 Unprocessable Entity
api1-1   | INFO:     127.0.0.1:44182 - "POST /clientes/1/transacoes HTTP/1.0" 422 Unprocessable Entity
api2-1   | INFO:     127.0.0.1:56468 - "POST /clientes/2/transacoes HTTP/1.0" 200 OK
api2-1   | INFO:     127.0.0.1:56484 - "POST /clientes/4/transacoes HTTP/1.0" 200 OK
api1-1   | INFO:     127.0.0.1:44192 - "POST /clientes/2/transacoes HTTP/1.0" 200 OK
api1-1   | INFO:     127.0.0.1:44206 - "POST /clientes/3/transacoes HTTP/1.0" 200 OK
api2-1   | INFO:     127.0.0.1:56496 - "GET /clientes/5/extrato HTTP/1.0" 200 OK
api2-1   | INFO:     127.0.0.1:56510 - "POST /clientes/3/transacoes HTTP/1.0" 200 OK
api2-1   | INFO:     127.0.0.1:56526 - "POST /clientes/1/transacoes HTTP/1.0" 200 OK
api1-1   | INFO:     127.0.0.1:44222 - "POST /clientes/2/transacoes HTTP/1.0" 200 OK
api1-1   | INFO:     127.0.0.1:44230 - "POST /clientes/5/transacoes HTTP/1.0" 200 OK
api1-1   | INFO:     127.0.0.1:44246 - "POST /clientes/5/transacoes HTTP/1.0" 200 OK
api2-1   | INFO:     127.0.0.1:56542 - "POST /clientes/3/transacoes HTTP/1.0" 200 OK
api2-1   | INFO:     127.0.0.1:56556 - "POST /clientes/1/transacoes HTTP/1.0" 422 Unprocessable Entity
api1-1   | INFO:     127.0.0.1:44256 - "POST /clientes/3/transacoes HTTP/1.0" 200 OK
api2-1   | INFO:     127.0.0.1:56566 - "POST /clientes/1/transacoes HTTP/1.0" 200 OK
api1-1   | INFO:     127.0.0.1:44272 - "POST /clientes/2/transacoes HTTP/1.0" 200 OK
api2-1   | INFO:     127.0.0.1:56574 - "POST /clientes/5/transacoes HTTP/1.0" 200 OK
api1-1   | INFO:     127.0.0.1:44282 - "POST /clientes/2/transacoes HTTP/1.0" 200 OK
api2-1   | INFO:     127.0.0.1:56588 - "POST /clientes/2/transacoes HTTP/1.0" 200 OK
api1-1   | INFO:     127.0.0.1:44286 - "POST /clientes/1/transacoes HTTP/1.0" 422 Unprocessable Entity
api2-1   | INFO:     127.0.0.1:56594 - "POST /clientes/3/transacoes HTTP/1.0" 200 OK
api1-1   | INFO:     127.0.0.1:44296 - "POST /clientes/4/transacoes HTTP/1.0" 200 OK
api2-1   | INFO:     127.0.0.1:56602 - "POST /clientes/1/transacoes HTTP/1.0" 422 Unprocessable Entity
api2-1   | INFO:     127.0.0.1:56608 - "POST /clientes/2/transacoes HTTP/1.0" 200 OK
api1-1   | INFO:     127.0.0.1:44306 - "GET /clientes/2/extrato HTTP/1.0" 200 OK
api1-1   | INFO:     127.0.0.1:44314 - "POST /clientes/3/transacoes HTTP/1.0" 200 OK
api2-1   | INFO:     127.0.0.1:56616 - "POST /clientes/2/transacoes HTTP/1.0" 200 OK
api1-1   | INFO:     127.0.0.1:44322 - "POST /clientes/4/transacoes HTTP/1.0" 200 OK
api2-1   | INFO:     127.0.0.1:56628 - "POST /clientes/4/transacoes HTTP/1.0" 200 OK
api1-1   | INFO:     127.0.0.1:44326 - "POST /clientes/4/transacoes HTTP/1.0" 200 OK
api2-1   | INFO:     127.0.0.1:56638 - "POST /clientes/2/transacoes HTTP/1.0" 200 OK
api1-1   | INFO:     127.0.0.1:44342 - "POST /clientes/2/transacoes HTTP/1.0" 200 OK
api2-1   | INFO:     127.0.0.1:56642 - "POST /clientes/2/transacoes HTTP/1.0" 200 OK
api1-1   | INFO:     127.0.0.1:44356 - "POST /clientes/4/transacoes HTTP/1.0" 200 OK
api2-1   | INFO:     127.0.0.1:56652 - "POST /clientes/3/transacoes HTTP/1.0" 200 OK
api1-1   | INFO:     127.0.0.1:44362 - "POST /clientes/5/transacoes HTTP/1.0" 200 OK
api2-1   | INFO:     127.0.0.1:56664 - "POST /clientes/3/transacoes HTTP/1.0" 200 OK
api1-1   | INFO:     127.0.0.1:44378 - "POST /clientes/5/transacoes HTTP/1.0" 200 OK
api2-1   | INFO:     127.0.0.1:56666 - "POST /clientes/2/transacoes HTTP/1.0" 200 OK
api1-1   | INFO:     127.0.0.1:44382 - "POST /clientes/5/transacoes HTTP/1.0" 200 OK
api2-1   | INFO:     127.0.0.1:56676 - "POST /clientes/3/transacoes HTTP/1.0" 200 OK
api1-1   | INFO:     127.0.0.1:44390 - "POST /clientes/5/transacoes HTTP/1.0" 200 OK
api2-1   | INFO:     127.0.0.1:56680 - "POST /clientes/5/transacoes HTTP/1.0" 200 OK
api1-1   | INFO:     127.0.0.1:44404 - "POST /clientes/2/transacoes HTTP/1.0" 200 OK
api2-1   | INFO:     127.0.0.1:56688 - "GET /clientes/4/extrato HTTP/1.0" 200 OK
api1-1   | INFO:     127.0.0.1:44414 - "POST /clientes/3/transacoes HTTP/1.0" 200 OK
api2-1   | INFO:     127.0.0.1:56704 - "POST /clientes/2/transacoes HTTP/1.0" 200 OK
api1-1   | INFO:     127.0.0.1:44416 - "POST /clientes/5/transacoes HTTP/1.0" 200 OK
api2-1   | INFO:     127.0.0.1:56708 - "POST /clientes/2/transacoes HTTP/1.0" 200 OK
api1-1   | INFO:     127.0.0.1:44430 - "POST /clientes/4/transacoes HTTP/1.0" 200 OK
