 Network srlucasromulo-not_so_fast_api_default  Creating
 Network srlucasromulo-not_so_fast_api_default  Created
 Container srlucasromulo-not_so_fast_api-db-1  Creating
 Container srlucasromulo-not_so_fast_api-db-1  Created
 Container srlucasromulo-not_so_fast_api-api01-1  Creating
 Container srlucasromulo-not_so_fast_api-api02-1  Creating
 Container srlucasromulo-not_so_fast_api-api01-1  Created
 Container srlucasromulo-not_so_fast_api-api02-1  Created
 Container srlucasromulo-not_so_fast_api-nginx-1  Creating
 Container srlucasromulo-not_so_fast_api-nginx-1  Created
Attaching to api01-1, api02-1, db-1, nginx-1
db-1     | The files belonging to this database system will be owned by user "postgres".
db-1     | This user must also own the server process.
db-1     | 
db-1     | The database cluster will be initialized with locale "en_US.utf8".
db-1     | The default database encoding has accordingly been set to "UTF8".
db-1     | The default text search configuration will be set to "english".
db-1     | 
db-1     | Data page checksums are disabled.
db-1     | 
db-1     | fixing permissions on existing directory /var/lib/postgresql/data ... ok
db-1     | creating subdirectories ... ok
db-1     | selecting dynamic shared memory implementation ... posix
db-1     | selecting default max_connections ... 100
db-1     | selecting default shared_buffers ... 128MB
db-1     | selecting default time zone ... Etc/UTC
db-1     | creating configuration files ... ok
db-1     | running bootstrap script ... ok
nginx-1  | /docker-entrypoint.sh: /docker-entrypoint.d/ is not empty, will attempt to perform configuration
nginx-1  | /docker-entrypoint.sh: Looking for shell scripts in /docker-entrypoint.d/
nginx-1  | /docker-entrypoint.sh: Launching /docker-entrypoint.d/10-listen-on-ipv6-by-default.sh
nginx-1  | 10-listen-on-ipv6-by-default.sh: info: Getting the checksum of /etc/nginx/conf.d/default.conf
nginx-1  | 10-listen-on-ipv6-by-default.sh: info: Enabled listen on IPv6 in /etc/nginx/conf.d/default.conf
nginx-1  | /docker-entrypoint.sh: Sourcing /docker-entrypoint.d/15-local-resolvers.envsh
nginx-1  | /docker-entrypoint.sh: Launching /docker-entrypoint.d/20-envsubst-on-templates.sh
nginx-1  | /docker-entrypoint.sh: Launching /docker-entrypoint.d/30-tune-worker-processes.sh
nginx-1  | /docker-entrypoint.sh: Configuration complete; ready for start up
db-1     | performing post-bootstrap initialization ... ok
db-1     | syncing data to disk ... ok
db-1     | 
db-1     | 
db-1     | Success. You can now start the database server using:
db-1     | 
db-1     |     pg_ctl -D /var/lib/postgresql/data -l logfile start
db-1     | 
db-1     | initdb: warning: enabling "trust" authentication for local connections
db-1     | initdb: hint: You can change this by editing pg_hba.conf or using the option -A, or --auth-local and --auth-host, the next time you run initdb.
db-1     | waiting for server to start....2024-03-11 01:24:29.505 UTC [48] LOG:  starting PostgreSQL 16.2 (Debian 16.2-1.pgdg120+2) on x86_64-pc-linux-gnu, compiled by gcc (Debian 12.2.0-14) 12.2.0, 64-bit
db-1     | 2024-03-11 01:24:29.509 UTC [48] LOG:  listening on Unix socket "/var/run/postgresql/.s.PGSQL.5432"
api01-1  | INFO:     Started server process [1]
api01-1  | INFO:     Waiting for application startup.
db-1     | 2024-03-11 01:24:29.521 UTC [51] LOG:  database system was shut down at 2024-03-11 01:24:29 UTC
db-1     | 2024-03-11 01:24:29.528 UTC [48] LOG:  database system is ready to accept connections
db-1     |  done
db-1     | server started
db-1     | CREATE DATABASE
db-1     | 
db-1     | 
db-1     | /usr/local/bin/docker-entrypoint.sh: running /docker-entrypoint-initdb.d/init.sql
api02-1  | INFO:     Started server process [1]
api02-1  | INFO:     Waiting for application startup.
db-1     | You are now connected to database "rinha" as user "admin".
db-1     | CREATE TABLE
db-1     | CREATE TABLE
db-1     | CREATE PROCEDURE
db-1     | CALL
db-1     | CREATE PROCEDURE
db-1     | CREATE FUNCTION
db-1     | CREATE FUNCTION
db-1     | 
db-1     | 
db-1     | 2024-03-11 01:24:29.914 UTC [48] LOG:  received fast shutdown request
db-1     | waiting for server to shut down....2024-03-11 01:24:29.918 UTC [48] LOG:  aborting any active transactions
db-1     | 2024-03-11 01:24:29.920 UTC [48] LOG:  background worker "logical replication launcher" (PID 54) exited with exit code 1
db-1     | 2024-03-11 01:24:29.920 UTC [49] LOG:  shutting down
db-1     | 2024-03-11 01:24:29.923 UTC [49] LOG:  checkpoint starting: shutdown immediate
db-1     | 2024-03-11 01:24:30.404 UTC [49] LOG:  checkpoint complete: wrote 939 buffers (5.7%); 0 WAL file(s) added, 0 removed, 0 recycled; write=0.386 s, sync=0.085 s, total=0.484 s; sync files=307, longest=0.052 s, average=0.001 s; distance=4300 kB, estimate=4300 kB; lsn=0/191DDD8, redo lsn=0/191DDD8
db-1     | 2024-03-11 01:24:30.409 UTC [48] LOG:  database system is shut down
db-1     |  done
db-1     | server stopped
db-1     | 
db-1     | PostgreSQL init process complete; ready for start up.
db-1     | 
db-1     | 2024-03-11 01:24:30.442 UTC [1] LOG:  starting PostgreSQL 16.2 (Debian 16.2-1.pgdg120+2) on x86_64-pc-linux-gnu, compiled by gcc (Debian 12.2.0-14) 12.2.0, 64-bit
db-1     | 2024-03-11 01:24:30.443 UTC [1] LOG:  listening on IPv4 address "0.0.0.0", port 5432
db-1     | 2024-03-11 01:24:30.443 UTC [1] LOG:  listening on IPv6 address "::", port 5432
db-1     | 2024-03-11 01:24:30.448 UTC [1] LOG:  listening on Unix socket "/var/run/postgresql/.s.PGSQL.5432"
db-1     | 2024-03-11 01:24:30.455 UTC [67] LOG:  database system was shut down at 2024-03-11 01:24:30 UTC
db-1     | 2024-03-11 01:24:30.455 UTC [68] FATAL:  the database system is starting up
db-1     | 2024-03-11 01:24:30.456 UTC [69] FATAL:  the database system is starting up
db-1     | 2024-03-11 01:24:30.457 UTC [70] FATAL:  the database system is starting up
db-1     | 2024-03-11 01:24:30.457 UTC [71] FATAL:  the database system is starting up
db-1     | 2024-03-11 01:24:30.458 UTC [72] FATAL:  the database system is starting up
db-1     | 2024-03-11 01:24:30.459 UTC [73] FATAL:  the database system is starting up
db-1     | 2024-03-11 01:24:30.514 UTC [74] FATAL:  the database system is starting up
db-1     | 2024-03-11 01:24:30.515 UTC [75] FATAL:  the database system is starting up
db-1     | 2024-03-11 01:24:30.516 UTC [1] LOG:  database system is ready to accept connections
api01-1  | INFO:     Application startup complete.
api02-1  | INFO:     Application startup complete.
api01-1  | INFO:     Uvicorn running on http://0.0.0.0:8000 (Press CTRL+C to quit)
api02-1  | INFO:     Uvicorn running on http://0.0.0.0:8000 (Press CTRL+C to quit)
api01-1  | INFO:     172.31.0.5:42056 - "GET /clientes/1/extrato HTTP/1.0" 200 OK
api01-1  | INFO:     172.31.0.5:42060 - "GET /clientes/1/extrato HTTP/1.0" 200 OK
api01-1  | INFO:     172.31.0.5:42064 - "POST /clientes/1/transacoes HTTP/1.0" 200 OK
api01-1  | INFO:     172.31.0.5:42080 - "POST /clientes/1/transacoes HTTP/1.0" 200 OK
api02-1  | INFO:     172.31.0.5:43166 - "POST /clientes/1/transacoes HTTP/1.0" 200 OK
api01-1  | INFO:     172.31.0.5:42086 - "POST /clientes/1/transacoes HTTP/1.0" 200 OK
api02-1  | INFO:     172.31.0.5:43164 - "POST /clientes/1/transacoes HTTP/1.0" 200 OK
api01-1  | INFO:     172.31.0.5:42094 - "POST /clientes/1/transacoes HTTP/1.0" 200 OK
api02-1  | INFO:     172.31.0.5:43188 - "POST /clientes/1/transacoes HTTP/1.0" 200 OK
api01-1  | INFO:     172.31.0.5:42106 - "POST /clientes/1/transacoes HTTP/1.0" 200 OK
api02-1  | INFO:     172.31.0.5:43194 - "POST /clientes/1/transacoes HTTP/1.0" 200 OK
api01-1  | INFO:     172.31.0.5:42122 - "POST /clientes/1/transacoes HTTP/1.0" 200 OK
api02-1  | INFO:     172.31.0.5:43210 - "POST /clientes/1/transacoes HTTP/1.0" 200 OK
api01-1  | INFO:     172.31.0.5:42138 - "POST /clientes/1/transacoes HTTP/1.0" 200 OK
api02-1  | INFO:     172.31.0.5:43222 - "POST /clientes/1/transacoes HTTP/1.0" 200 OK
api01-1  | INFO:     172.31.0.5:42146 - "POST /clientes/1/transacoes HTTP/1.0" 200 OK
api02-1  | INFO:     172.31.0.5:43238 - "POST /clientes/1/transacoes HTTP/1.0" 200 OK
api01-1  | INFO:     172.31.0.5:42152 - "POST /clientes/1/transacoes HTTP/1.0" 200 OK
api02-1  | INFO:     172.31.0.5:43252 - "POST /clientes/1/transacoes HTTP/1.0" 200 OK
api01-1  | INFO:     172.31.0.5:42168 - "POST /clientes/1/transacoes HTTP/1.0" 200 OK
api01-1  | INFO:     172.31.0.5:42176 - "POST /clientes/1/transacoes HTTP/1.0" 200 OK
api02-1  | INFO:     172.31.0.5:43260 - "POST /clientes/1/transacoes HTTP/1.0" 200 OK
api01-1  | INFO:     172.31.0.5:42190 - "POST /clientes/1/transacoes HTTP/1.0" 200 OK
api02-1  | INFO:     172.31.0.5:43274 - "POST /clientes/1/transacoes HTTP/1.0" 200 OK
api02-1  | INFO:     172.31.0.5:43288 - "POST /clientes/1/transacoes HTTP/1.0" 200 OK
api02-1  | INFO:     172.31.0.5:43298 - "POST /clientes/1/transacoes HTTP/1.0" 200 OK
api02-1  | INFO:     172.31.0.5:43310 - "POST /clientes/1/transacoes HTTP/1.0" 200 OK
api01-1  | INFO:     172.31.0.5:42192 - "GET /clientes/1/extrato HTTP/1.0" 200 OK
api02-1  | INFO:     172.31.0.5:43316 - "POST /clientes/1/transacoes HTTP/1.0" 200 OK
api01-1  | INFO:     172.31.0.5:42202 - "POST /clientes/1/transacoes HTTP/1.0" 200 OK
api02-1  | INFO:     172.31.0.5:43330 - "POST /clientes/1/transacoes HTTP/1.0" 200 OK
api01-1  | INFO:     172.31.0.5:42196 - "POST /clientes/1/transacoes HTTP/1.0" 200 OK
api02-1  | INFO:     172.31.0.5:43334 - "POST /clientes/1/transacoes HTTP/1.0" 200 OK
api01-1  | INFO:     172.31.0.5:42216 - "POST /clientes/1/transacoes HTTP/1.0" 200 OK
api02-1  | INFO:     172.31.0.5:43346 - "POST /clientes/1/transacoes HTTP/1.0" 200 OK
api02-1  | INFO:     172.31.0.5:43354 - "POST /clientes/1/transacoes HTTP/1.0" 200 OK
api01-1  | INFO:     172.31.0.5:42224 - "POST /clientes/1/transacoes HTTP/1.0" 200 OK
api02-1  | INFO:     172.31.0.5:43358 - "POST /clientes/1/transacoes HTTP/1.0" 200 OK
api01-1  | INFO:     172.31.0.5:42232 - "POST /clientes/1/transacoes HTTP/1.0" 200 OK
api02-1  | INFO:     172.31.0.5:43360 - "POST /clientes/1/transacoes HTTP/1.0" 200 OK
api01-1  | INFO:     172.31.0.5:42248 - "POST /clientes/1/transacoes HTTP/1.0" 200 OK
api02-1  | INFO:     172.31.0.5:43368 - "POST /clientes/1/transacoes HTTP/1.0" 200 OK
api01-1  | INFO:     172.31.0.5:42260 - "POST /clientes/1/transacoes HTTP/1.0" 200 OK
api02-1  | INFO:     172.31.0.5:43370 - "POST /clientes/1/transacoes HTTP/1.0" 200 OK
api01-1  | INFO:     172.31.0.5:42268 - "POST /clientes/1/transacoes HTTP/1.0" 200 OK
api02-1  | INFO:     172.31.0.5:43382 - "POST /clientes/1/transacoes HTTP/1.0" 200 OK
api01-1  | INFO:     172.31.0.5:42278 - "POST /clientes/1/transacoes HTTP/1.0" 200 OK
api02-1  | INFO:     172.31.0.5:43388 - "POST /clientes/1/transacoes HTTP/1.0" 200 OK
api01-1  | INFO:     172.31.0.5:42294 - "POST /clientes/1/transacoes HTTP/1.0" 200 OK
api02-1  | INFO:     172.31.0.5:43404 - "POST /clientes/1/transacoes HTTP/1.0" 200 OK
api01-1  | INFO:     172.31.0.5:42306 - "POST /clientes/1/transacoes HTTP/1.0" 200 OK
api01-1  | INFO:     172.31.0.5:42314 - "POST /clientes/1/transacoes HTTP/1.0" 200 OK
api01-1  | INFO:     172.31.0.5:42316 - "POST /clientes/1/transacoes HTTP/1.0" 200 OK
api02-1  | INFO:     172.31.0.5:57616 - "GET /clientes/1/extrato HTTP/1.0" 200 OK
api01-1  | INFO:     172.31.0.5:47990 - "GET /clientes/6/extrato HTTP/1.0" 404 Not Found
api01-1  | INFO:     172.31.0.5:47996 - "GET /clientes/2/extrato HTTP/1.0" 200 OK
api02-1  | INFO:     172.31.0.5:57622 - "GET /clientes/5/extrato HTTP/1.0" 200 OK
api01-1  | INFO:     172.31.0.5:47998 - "GET /clientes/4/extrato HTTP/1.0" 200 OK
api02-1  | INFO:     172.31.0.5:57630 - "GET /clientes/1/extrato HTTP/1.0" 200 OK
api01-1  | INFO:     172.31.0.5:48004 - "GET /clientes/3/extrato HTTP/1.0" 200 OK
api02-1  | INFO:     172.31.0.5:57642 - "POST /clientes/2/transacoes HTTP/1.0" 200 OK
api01-1  | INFO:     172.31.0.5:48006 - "POST /clientes/5/transacoes HTTP/1.0" 200 OK
api02-1  | INFO:     172.31.0.5:57652 - "POST /clientes/4/transacoes HTTP/1.0" 200 OK
api01-1  | INFO:     172.31.0.5:48008 - "POST /clientes/1/transacoes HTTP/1.0" 200 OK
api02-1  | INFO:     172.31.0.5:57654 - "POST /clientes/3/transacoes HTTP/1.0" 200 OK
api01-1  | INFO:     172.31.0.5:48012 - "POST /clientes/5/transacoes HTTP/1.0" 200 OK
api01-1  | INFO:     172.31.0.5:48016 - "POST /clientes/4/transacoes HTTP/1.0" 200 OK
api02-1  | INFO:     172.31.0.5:57666 - "POST /clientes/2/transacoes HTTP/1.0" 200 OK
api01-1  | INFO:     172.31.0.5:48028 - "POST /clientes/3/transacoes HTTP/1.0" 200 OK
api02-1  | INFO:     172.31.0.5:57682 - "POST /clientes/1/transacoes HTTP/1.0" 200 OK
api01-1  | INFO:     172.31.0.5:48036 - "GET /clientes/2/extrato HTTP/1.0" 200 OK
api01-1  | INFO:     172.31.0.5:48048 - "GET /clientes/3/extrato HTTP/1.0" 200 OK
api02-1  | INFO:     172.31.0.5:57688 - "GET /clientes/5/extrato HTTP/1.0" 200 OK
api02-1  | INFO:     172.31.0.5:57702 - "GET /clientes/4/extrato HTTP/1.0" 200 OK
api02-1  | INFO:     172.31.0.5:57712 - "GET /clientes/1/extrato HTTP/1.0" 200 OK
api02-1  | INFO:     172.31.0.5:57724 - "POST /clientes/5/transacoes HTTP/1.0" 200 OK
api01-1  | INFO:     172.31.0.5:48058 - "POST /clientes/4/transacoes HTTP/1.0" 200 OK
api02-1  | INFO:     172.31.0.5:57732 - "POST /clientes/3/transacoes HTTP/1.0" 200 OK
api01-1  | INFO:     172.31.0.5:48060 - "POST /clientes/1/transacoes HTTP/1.0" 200 OK
api01-1  | INFO:     172.31.0.5:48066 - "POST /clientes/2/transacoes HTTP/1.0" 200 OK
api01-1  | INFO:     172.31.0.5:48080 - "GET /clientes/3/extrato HTTP/1.0" 200 OK
api02-1  | INFO:     172.31.0.5:57744 - "GET /clientes/1/extrato HTTP/1.0" 200 OK
api02-1  | INFO:     172.31.0.5:57750 - "GET /clientes/5/extrato HTTP/1.0" 200 OK
api02-1  | INFO:     172.31.0.5:57764 - "GET /clientes/1/extrato HTTP/1.0" 200 OK
api01-1  | INFO:     172.31.0.5:48090 - "GET /clientes/2/extrato HTTP/1.0" 200 OK
api01-1  | INFO:     172.31.0.5:48098 - "GET /clientes/1/extrato HTTP/1.0" 200 OK
api02-1  | INFO:     172.31.0.5:57774 - "GET /clientes/4/extrato HTTP/1.0" 200 OK
api02-1  | INFO:     172.31.0.5:57784 - "GET /clientes/1/extrato HTTP/1.0" 200 OK
api01-1  | INFO:     172.31.0.5:48102 - "GET /clientes/4/extrato HTTP/1.0" 200 OK
api02-1  | INFO:     172.31.0.5:57800 - "GET /clientes/4/extrato HTTP/1.0" 200 OK
api01-1  | INFO:     172.31.0.5:48106 - "GET /clientes/5/extrato HTTP/1.0" 200 OK
api02-1  | INFO:     172.31.0.5:57806 - "GET /clientes/4/extrato HTTP/1.0" 200 OK
api01-1  | INFO:     172.31.0.5:48110 - "GET /clientes/2/extrato HTTP/1.0" 200 OK
api01-1  | INFO:     172.31.0.5:48120 - "GET /clientes/2/extrato HTTP/1.0" 200 OK
api02-1  | INFO:     172.31.0.5:57810 - "GET /clientes/5/extrato HTTP/1.0" 200 OK
api01-1  | INFO:     172.31.0.5:48126 - "GET /clientes/3/extrato HTTP/1.0" 200 OK
api02-1  | INFO:     172.31.0.5:57814 - "GET /clientes/2/extrato HTTP/1.0" 200 OK
api01-1  | INFO:     172.31.0.5:48140 - "GET /clientes/5/extrato HTTP/1.0" 200 OK
api02-1  | INFO:     172.31.0.5:57826 - "GET /clientes/3/extrato HTTP/1.0" 200 OK
api02-1  | INFO:     172.31.0.5:57840 - "GET /clientes/3/extrato HTTP/1.0" 200 OK
api02-1  | INFO:     172.31.0.5:57856 - "POST /clientes/2/transacoes HTTP/1.0" 422 Unprocessable Entity
api02-1  | INFO:     172.31.0.5:57860 - "POST /clientes/4/transacoes HTTP/1.0" 422 Unprocessable Entity
api01-1  | INFO:     172.31.0.5:48142 - "POST /clientes/3/transacoes HTTP/1.0" 422 Unprocessable Entity
api01-1  | INFO:     172.31.0.5:48156 - "POST /clientes/3/transacoes HTTP/1.0" 422 Unprocessable Entity
api01-1  | INFO:     172.31.0.5:48160 - "POST /clientes/5/transacoes HTTP/1.0" 422 Unprocessable Entity
api02-1  | INFO:     172.31.0.5:57866 - "POST /clientes/3/transacoes HTTP/1.0" 422 Unprocessable Entity
api02-1  | INFO:     172.31.0.5:57868 - "POST /clientes/4/transacoes HTTP/1.0" 422 Unprocessable Entity
api01-1  | INFO:     172.31.0.5:48170 - "POST /clientes/5/transacoes HTTP/1.0" 422 Unprocessable Entity
api01-1  | INFO:     172.31.0.5:48176 - "POST /clientes/3/transacoes HTTP/1.0" 422 Unprocessable Entity
api01-1  | INFO:     172.31.0.5:48184 - "POST /clientes/2/transacoes HTTP/1.0" 422 Unprocessable Entity
api02-1  | INFO:     172.31.0.5:57880 - "POST /clientes/4/transacoes HTTP/1.0" 422 Unprocessable Entity
api02-1  | INFO:     172.31.0.5:57892 - "POST /clientes/1/transacoes HTTP/1.0" 422 Unprocessable Entity
api02-1  | INFO:     172.31.0.5:57896 - "POST /clientes/3/transacoes HTTP/1.0" 422 Unprocessable Entity
api01-1  | INFO:     172.31.0.5:48188 - "POST /clientes/5/transacoes HTTP/1.0" 422 Unprocessable Entity
api02-1  | INFO:     172.31.0.5:57900 - "POST /clientes/4/transacoes HTTP/1.0" 422 Unprocessable Entity
api01-1  | INFO:     172.31.0.5:48204 - "POST /clientes/1/transacoes HTTP/1.0" 422 Unprocessable Entity
api01-1  | INFO:     172.31.0.5:48216 - "POST /clientes/2/transacoes HTTP/1.0" 422 Unprocessable Entity
api01-1  | INFO:     172.31.0.5:48224 - "POST /clientes/5/transacoes HTTP/1.0" 422 Unprocessable Entity
api02-1  | INFO:     172.31.0.5:57908 - "POST /clientes/1/transacoes HTTP/1.0" 422 Unprocessable Entity
api02-1  | INFO:     172.31.0.5:57916 - "POST /clientes/2/transacoes HTTP/1.0" 422 Unprocessable Entity
api01-1  | INFO:     172.31.0.5:48240 - "POST /clientes/4/transacoes HTTP/1.0" 422 Unprocessable Entity
api02-1  | INFO:     172.31.0.5:57928 - "POST /clientes/2/transacoes HTTP/1.0" 422 Unprocessable Entity
api01-1  | INFO:     172.31.0.5:48254 - "POST /clientes/5/transacoes HTTP/1.0" 422 Unprocessable Entity
api01-1  | INFO:     172.31.0.5:48256 - "POST /clientes/1/transacoes HTTP/1.0" 422 Unprocessable Entity
api02-1  | INFO:     172.31.0.5:57930 - "POST /clientes/1/transacoes HTTP/1.0" 422 Unprocessable Entity
api02-1  | INFO:     172.31.0.5:57932 - "GET /clientes/3/extrato HTTP/1.0" 200 OK
api01-1  | INFO:     172.31.0.5:48258 - "POST /clientes/5/transacoes HTTP/1.0" 200 OK
api02-1  | INFO:     172.31.0.5:57940 - "POST /clientes/5/transacoes HTTP/1.0" 200 OK
api02-1  | INFO:     172.31.0.5:57956 - "GET /clientes/4/extrato HTTP/1.0" 200 OK
api01-1  | INFO:     172.31.0.5:48270 - "POST /clientes/2/transacoes HTTP/1.0" 200 OK
api02-1  | INFO:     172.31.0.5:57962 - "POST /clientes/4/transacoes HTTP/1.0" 200 OK
api01-1  | INFO:     172.31.0.5:48272 - "POST /clientes/2/transacoes HTTP/1.0" 200 OK
api02-1  | INFO:     172.31.0.5:57972 - "POST /clientes/4/transacoes HTTP/1.0" 200 OK
api01-1  | INFO:     172.31.0.5:48276 - "POST /clientes/4/transacoes HTTP/1.0" 200 OK
api02-1  | INFO:     172.31.0.5:57986 - "POST /clientes/1/transacoes HTTP/1.0" 200 OK
api01-1  | INFO:     172.31.0.5:48290 - "POST /clientes/5/transacoes HTTP/1.0" 200 OK
api02-1  | INFO:     172.31.0.5:57994 - "POST /clientes/4/transacoes HTTP/1.0" 200 OK
api01-1  | INFO:     172.31.0.5:48298 - "GET /clientes/4/extrato HTTP/1.0" 200 OK
api02-1  | INFO:     172.31.0.5:58006 - "POST /clientes/2/transacoes HTTP/1.0" 200 OK
api01-1  | INFO:     172.31.0.5:48310 - "POST /clientes/3/transacoes HTTP/1.0" 200 OK
api02-1  | INFO:     172.31.0.5:58016 - "POST /clientes/1/transacoes HTTP/1.0" 200 OK
api01-1  | INFO:     172.31.0.5:48314 - "POST /clientes/2/transacoes HTTP/1.0" 200 OK
api02-1  | INFO:     172.31.0.5:58026 - "POST /clientes/3/transacoes HTTP/1.0" 200 OK
api01-1  | INFO:     172.31.0.5:48322 - "POST /clientes/3/transacoes HTTP/1.0" 200 OK
api02-1  | INFO:     172.31.0.5:58034 - "POST /clientes/1/transacoes HTTP/1.0" 200 OK
api01-1  | INFO:     172.31.0.5:48336 - "POST /clientes/5/transacoes HTTP/1.0" 200 OK
api02-1  | INFO:     172.31.0.5:58050 - "POST /clientes/1/transacoes HTTP/1.0" 200 OK
api01-1  | INFO:     172.31.0.5:48340 - "POST /clientes/5/transacoes HTTP/1.0" 200 OK
api01-1  | INFO:     172.31.0.5:48342 - "GET /clientes/5/extrato HTTP/1.0" 200 OK
api02-1  | INFO:     172.31.0.5:58058 - "POST /clientes/5/transacoes HTTP/1.0" 200 OK
api02-1  | INFO:     172.31.0.5:58066 - "POST /clientes/3/transacoes HTTP/1.0" 200 OK
api01-1  | INFO:     172.31.0.5:48352 - "POST /clientes/2/transacoes HTTP/1.0" 200 OK
api02-1  | INFO:     172.31.0.5:58076 - "POST /clientes/1/transacoes HTTP/1.0" 200 OK
api01-1  | INFO:     172.31.0.5:48356 - "POST /clientes/1/transacoes HTTP/1.0" 200 OK
api02-1  | INFO:     172.31.0.5:58092 - "POST /clientes/5/transacoes HTTP/1.0" 200 OK
api01-1  | INFO:     172.31.0.5:48366 - "POST /clientes/2/transacoes HTTP/1.0" 200 OK
api02-1  | INFO:     172.31.0.5:58098 - "POST /clientes/2/transacoes HTTP/1.0" 200 OK
api01-1  | INFO:     172.31.0.5:48372 - "POST /clientes/3/transacoes HTTP/1.0" 200 OK
api02-1  | INFO:     172.31.0.5:58106 - "GET /clientes/1/extrato HTTP/1.0" 200 OK
api01-1  | INFO:     172.31.0.5:48382 - "POST /clientes/1/transacoes HTTP/1.0" 200 OK
api02-1  | INFO:     172.31.0.5:58122 - "POST /clientes/3/transacoes HTTP/1.0" 200 OK
api01-1  | INFO:     172.31.0.5:48384 - "POST /clientes/2/transacoes HTTP/1.0" 200 OK
api02-1  | INFO:     172.31.0.5:58132 - "POST /clientes/2/transacoes HTTP/1.0" 200 OK
api01-1  | INFO:     172.31.0.5:48396 - "POST /clientes/2/transacoes HTTP/1.0" 200 OK
api02-1  | INFO:     172.31.0.5:58136 - "POST /clientes/4/transacoes HTTP/1.0" 200 OK
api01-1  | INFO:     172.31.0.5:48408 - "POST /clientes/1/transacoes HTTP/1.0" 200 OK
api01-1  | INFO:     172.31.0.5:48422 - "POST /clientes/3/transacoes HTTP/1.0" 200 OK
api02-1  | INFO:     172.31.0.5:58144 - "POST /clientes/4/transacoes HTTP/1.0" 200 OK
api01-1  | INFO:     172.31.0.5:48426 - "POST /clientes/2/transacoes HTTP/1.0" 200 OK
api02-1  | INFO:     172.31.0.5:58154 - "POST /clientes/4/transacoes HTTP/1.0" 200 OK
api01-1  | INFO:     172.31.0.5:48434 - "POST /clientes/2/transacoes HTTP/1.0" 200 OK
api02-1  | INFO:     172.31.0.5:58158 - "POST /clientes/4/transacoes HTTP/1.0" 200 OK
api01-1  | INFO:     172.31.0.5:48442 - "POST /clientes/5/transacoes HTTP/1.0" 200 OK
api01-1  | INFO:     172.31.0.5:48446 - "POST /clientes/5/transacoes HTTP/1.0" 200 OK
api02-1  | INFO:     172.31.0.5:58170 - "POST /clientes/1/transacoes HTTP/1.0" 200 OK
api02-1  | INFO:     172.31.0.5:58178 - "GET /clientes/5/extrato HTTP/1.0" 200 OK
api01-1  | INFO:     172.31.0.5:48452 - "POST /clientes/1/transacoes HTTP/1.0" 200 OK
api02-1  | INFO:     172.31.0.5:58194 - "POST /clientes/4/transacoes HTTP/1.0" 200 OK
api01-1  | INFO:     172.31.0.5:48458 - "POST /clientes/4/transacoes HTTP/1.0" 200 OK
api02-1  | INFO:     172.31.0.5:58202 - "POST /clientes/5/transacoes HTTP/1.0" 200 OK
api01-1  | INFO:     172.31.0.5:48466 - "POST /clientes/2/transacoes HTTP/1.0" 200 OK
api02-1  | INFO:     172.31.0.5:58204 - "POST /clientes/3/transacoes HTTP/1.0" 200 OK
api02-1  | INFO:     172.31.0.5:58212 - "POST /clientes/4/transacoes HTTP/1.0" 200 OK
api02-1  | INFO:     172.31.0.5:58222 - "GET /clientes/2/extrato HTTP/1.0" 200 OK
api01-1  | INFO:     172.31.0.5:48468 - "POST /clientes/4/transacoes HTTP/1.0" 200 OK
api01-1  | INFO:     172.31.0.5:48472 - "POST /clientes/5/transacoes HTTP/1.0" 200 OK
api02-1  | INFO:     172.31.0.5:58228 - "POST /clientes/2/transacoes HTTP/1.0" 200 OK
api01-1  | INFO:     172.31.0.5:48484 - "POST /clientes/2/transacoes HTTP/1.0" 200 OK
api02-1  | INFO:     172.31.0.5:58244 - "POST /clientes/2/transacoes HTTP/1.0" 200 OK
api01-1  | INFO:     172.31.0.5:48496 - "POST /clientes/1/transacoes HTTP/1.0" 200 OK
api02-1  | INFO:     172.31.0.5:58250 - "POST /clientes/3/transacoes HTTP/1.0" 200 OK
api01-1  | INFO:     172.31.0.5:48498 - "POST /clientes/5/transacoes HTTP/1.0" 200 OK
api02-1  | INFO:     172.31.0.5:58252 - "POST /clientes/3/transacoes HTTP/1.0" 200 OK
api01-1  | INFO:     172.31.0.5:48512 - "POST /clientes/1/transacoes HTTP/1.0" 200 OK
api02-1  | INFO:     172.31.0.5:58266 - "GET /clientes/2/extrato HTTP/1.0" 200 OK
api01-1  | INFO:     172.31.0.5:48526 - "POST /clientes/3/transacoes HTTP/1.0" 200 OK
api02-1  | INFO:     172.31.0.5:58276 - "POST /clientes/4/transacoes HTTP/1.0" 200 OK
api01-1  | INFO:     172.31.0.5:48534 - "POST /clientes/2/transacoes HTTP/1.0" 200 OK
api01-1  | INFO:     172.31.0.5:48546 - "POST /clientes/4/transacoes HTTP/1.0" 200 OK
api02-1  | INFO:     172.31.0.5:58284 - "POST /clientes/4/transacoes HTTP/1.0" 200 OK
api01-1  | INFO:     172.31.0.5:48554 - "POST /clientes/1/transacoes HTTP/1.0" 200 OK
api02-1  | INFO:     172.31.0.5:58294 - "POST /clientes/3/transacoes HTTP/1.0" 200 OK
api01-1  | INFO:     172.31.0.5:48564 - "POST /clientes/5/transacoes HTTP/1.0" 200 OK
api02-1  | INFO:     172.31.0.5:58304 - "POST /clientes/4/transacoes HTTP/1.0" 200 OK
api01-1  | INFO:     172.31.0.5:48576 - "POST /clientes/3/transacoes HTTP/1.0" 200 OK
api02-1  | INFO:     172.31.0.5:58310 - "POST /clientes/5/transacoes HTTP/1.0" 200 OK
api01-1  | INFO:     172.31.0.5:48584 - "POST /clientes/1/transacoes HTTP/1.0" 200 OK
api02-1  | INFO:     172.31.0.5:58314 - "POST /clientes/5/transacoes HTTP/1.0" 200 OK
api01-1  | INFO:     172.31.0.5:48598 - "POST /clientes/4/transacoes HTTP/1.0" 200 OK
api02-1  | INFO:     172.31.0.5:58326 - "POST /clientes/3/transacoes HTTP/1.0" 200 OK
api01-1  | INFO:     172.31.0.5:48606 - "POST /clientes/5/transacoes HTTP/1.0" 200 OK
api02-1  | INFO:     172.31.0.5:58342 - "POST /clientes/3/transacoes HTTP/1.0" 200 OK
api01-1  | INFO:     172.31.0.5:48618 - "POST /clientes/1/transacoes HTTP/1.0" 200 OK
api02-1  | INFO:     172.31.0.5:58358 - "GET /clientes/4/extrato HTTP/1.0" 200 OK
api01-1  | INFO:     172.31.0.5:48632 - "POST /clientes/1/transacoes HTTP/1.0" 200 OK
api02-1  | INFO:     172.31.0.5:58364 - "POST /clientes/4/transacoes HTTP/1.0" 200 OK
api02-1  | INFO:     172.31.0.5:58372 - "POST /clientes/5/transacoes HTTP/1.0" 200 OK
api01-1  | INFO:     172.31.0.5:48644 - "POST /clientes/5/transacoes HTTP/1.0" 200 OK
api02-1  | INFO:     172.31.0.5:58386 - "POST /clientes/5/transacoes HTTP/1.0" 200 OK
api01-1  | INFO:     172.31.0.5:48648 - "POST /clientes/3/transacoes HTTP/1.0" 200 OK
api02-1  | INFO:     172.31.0.5:58390 - "POST /clientes/5/transacoes HTTP/1.0" 200 OK
api01-1  | INFO:     172.31.0.5:48654 - "POST /clientes/3/transacoes HTTP/1.0" 200 OK
api02-1  | INFO:     172.31.0.5:58400 - "POST /clientes/3/transacoes HTTP/1.0" 200 OK
api01-1  | INFO:     172.31.0.5:48656 - "POST /clientes/5/transacoes HTTP/1.0" 200 OK
api02-1  | INFO:     172.31.0.5:58416 - "POST /clientes/2/transacoes HTTP/1.0" 200 OK
api01-1  | INFO:     172.31.0.5:48666 - "POST /clientes/4/transacoes HTTP/1.0" 200 OK
api01-1  | INFO:     172.31.0.5:48668 - "GET /clientes/2/extrato HTTP/1.0" 200 OK
api02-1  | INFO:     172.31.0.5:58424 - "POST /clientes/3/transacoes HTTP/1.0" 200 OK
api02-1  | INFO:     172.31.0.5:58426 - "POST /clientes/4/transacoes HTTP/1.0" 200 OK
api01-1  | INFO:     172.31.0.5:48670 - "POST /clientes/4/transacoes HTTP/1.0" 200 OK
api01-1  | INFO:     172.31.0.5:48684 - "POST /clientes/3/transacoes HTTP/1.0" 200 OK
api02-1  | INFO:     172.31.0.5:58436 - "POST /clientes/4/transacoes HTTP/1.0" 200 OK
api01-1  | INFO:     172.31.0.5:51276 - "POST /clientes/5/transacoes HTTP/1.0" 200 OK
api02-1  | INFO:     172.31.0.5:59904 - "POST /clientes/3/transacoes HTTP/1.0" 200 OK
api01-1  | INFO:     172.31.0.5:51280 - "POST /clientes/2/transacoes HTTP/1.0" 200 OK
api02-1  | INFO:     172.31.0.5:59912 - "POST /clientes/3/transacoes HTTP/1.0" 200 OK
api01-1  | INFO:     172.31.0.5:51282 - "POST /clientes/1/transacoes HTTP/1.0" 200 OK
api02-1  | INFO:     172.31.0.5:59922 - "POST /clientes/4/transacoes HTTP/1.0" 200 OK
api01-1  | INFO:     172.31.0.5:51288 - "GET /clientes/5/extrato HTTP/1.0" 200 OK
api02-1  | INFO:     172.31.0.5:59928 - "POST /clientes/4/transacoes HTTP/1.0" 200 OK
api01-1  | INFO:     172.31.0.5:51290 - "POST /clientes/4/transacoes HTTP/1.0" 200 OK
api02-1  | INFO:     172.31.0.5:59932 - "POST /clientes/3/transacoes HTTP/1.0" 200 OK
api02-1  | INFO:     172.31.0.5:59936 - "POST /clientes/5/transacoes HTTP/1.0" 200 OK
api01-1  | INFO:     172.31.0.5:51294 - "POST /clientes/3/transacoes HTTP/1.0" 200 OK
api01-1  | INFO:     172.31.0.5:51310 - "POST /clientes/5/transacoes HTTP/1.0" 200 OK
api02-1  | INFO:     172.31.0.5:59948 - "POST /clientes/3/transacoes HTTP/1.0" 200 OK
api02-1  | INFO:     172.31.0.5:59960 - "POST /clientes/3/transacoes HTTP/1.0" 200 OK
api01-1  | INFO:     172.31.0.5:51314 - "POST /clientes/3/transacoes HTTP/1.0" 200 OK
api01-1  | INFO:     172.31.0.5:51322 - "POST /clientes/5/transacoes HTTP/1.0" 200 OK
api02-1  | INFO:     172.31.0.5:59966 - "POST /clientes/2/transacoes HTTP/1.0" 200 OK
api02-1  | INFO:     172.31.0.5:59980 - "POST /clientes/4/transacoes HTTP/1.0" 200 OK
api01-1  | INFO:     172.31.0.5:51334 - "GET /clientes/5/extrato HTTP/1.0" 200 OK
api02-1  | INFO:     172.31.0.5:59994 - "POST /clientes/4/transacoes HTTP/1.0" 200 OK
api01-1  | INFO:     172.31.0.5:51348 - "POST /clientes/1/transacoes HTTP/1.0" 200 OK
api02-1  | INFO:     172.31.0.5:60008 - "POST /clientes/1/transacoes HTTP/1.0" 200 OK
api01-1  | INFO:     172.31.0.5:51360 - "POST /clientes/4/transacoes HTTP/1.0" 200 OK
api02-1  | INFO:     172.31.0.5:60012 - "POST /clientes/3/transacoes HTTP/1.0" 200 OK
api01-1  | INFO:     172.31.0.5:51368 - "POST /clientes/3/transacoes HTTP/1.0" 200 OK
api02-1  | INFO:     172.31.0.5:60016 - "POST /clientes/4/transacoes HTTP/1.0" 200 OK
api01-1  | INFO:     172.31.0.5:51374 - "POST /clientes/1/transacoes HTTP/1.0" 200 OK
api02-1  | INFO:     172.31.0.5:60018 - "POST /clientes/5/transacoes HTTP/1.0" 200 OK
api01-1  | INFO:     172.31.0.5:51390 - "POST /clientes/5/transacoes HTTP/1.0" 200 OK
api01-1  | INFO:     172.31.0.5:51392 - "POST /clientes/1/transacoes HTTP/1.0" 200 OK
api02-1  | INFO:     172.31.0.5:60024 - "POST /clientes/2/transacoes HTTP/1.0" 200 OK
api02-1  | INFO:     172.31.0.5:60038 - "GET /clientes/5/extrato HTTP/1.0" 200 OK
api01-1  | INFO:     172.31.0.5:51398 - "POST /clientes/1/transacoes HTTP/1.0" 200 OK
api02-1  | INFO:     172.31.0.5:60048 - "POST /clientes/5/transacoes HTTP/1.0" 200 OK
api01-1  | INFO:     172.31.0.5:51408 - "POST /clientes/3/transacoes HTTP/1.0" 200 OK
api01-1  | INFO:     172.31.0.5:51424 - "POST /clientes/2/transacoes HTTP/1.0" 200 OK
api02-1  | INFO:     172.31.0.5:60052 - "POST /clientes/1/transacoes HTTP/1.0" 200 OK
api01-1  | INFO:     172.31.0.5:51428 - "POST /clientes/3/transacoes HTTP/1.0" 200 OK
api02-1  | INFO:     172.31.0.5:60066 - "POST /clientes/4/transacoes HTTP/1.0" 200 OK
api01-1  | INFO:     172.31.0.5:51444 - "POST /clientes/2/transacoes HTTP/1.0" 200 OK
api02-1  | INFO:     172.31.0.5:60074 - "POST /clientes/3/transacoes HTTP/1.0" 200 OK
api01-1  | INFO:     172.31.0.5:51458 - "POST /clientes/5/transacoes HTTP/1.0" 200 OK
api02-1  | INFO:     172.31.0.5:60086 - "POST /clientes/2/transacoes HTTP/1.0" 200 OK
api01-1  | INFO:     172.31.0.5:51464 - "POST /clientes/5/transacoes HTTP/1.0" 200 OK
api02-1  | INFO:     172.31.0.5:60092 - "POST /clientes/3/transacoes HTTP/1.0" 200 OK
api02-1  | INFO:     172.31.0.5:60108 - "POST /clientes/2/transacoes HTTP/1.0" 200 OK
api01-1  | INFO:     172.31.0.5:51476 - "POST /clientes/5/transacoes HTTP/1.0" 200 OK
api02-1  | INFO:     172.31.0.5:60122 - "POST /clientes/4/transacoes HTTP/1.0" 200 OK
api01-1  | INFO:     172.31.0.5:51486 - "POST /clientes/2/transacoes HTTP/1.0" 200 OK
api02-1  | INFO:     172.31.0.5:60136 - "POST /clientes/1/transacoes HTTP/1.0" 200 OK
api01-1  | INFO:     172.31.0.5:51492 - "POST /clientes/1/transacoes HTTP/1.0" 200 OK
api02-1  | INFO:     172.31.0.5:60144 - "POST /clientes/4/transacoes HTTP/1.0" 200 OK
api01-1  | INFO:     172.31.0.5:51494 - "POST /clientes/2/transacoes HTTP/1.0" 200 OK
api02-1  | INFO:     172.31.0.5:60158 - "POST /clientes/3/transacoes HTTP/1.0" 200 OK
api01-1  | INFO:     172.31.0.5:51500 - "POST /clientes/2/transacoes HTTP/1.0" 200 OK
api02-1  | INFO:     172.31.0.5:60164 - "POST /clientes/4/transacoes HTTP/1.0" 200 OK
api01-1  | INFO:     172.31.0.5:51510 - "POST /clientes/3/transacoes HTTP/1.0" 200 OK
api02-1  | INFO:     172.31.0.5:60172 - "POST /clientes/5/transacoes HTTP/1.0" 200 OK
api01-1  | INFO:     172.31.0.5:51526 - "POST /clientes/1/transacoes HTTP/1.0" 200 OK
api02-1  | INFO:     172.31.0.5:60184 - "POST /clientes/1/transacoes HTTP/1.0" 200 OK
api01-1  | INFO:     172.31.0.5:51538 - "POST /clientes/2/transacoes HTTP/1.0" 200 OK
api01-1  | INFO:     172.31.0.5:51552 - "POST /clientes/5/transacoes HTTP/1.0" 200 OK
api02-1  | INFO:     172.31.0.5:60186 - "POST /clientes/3/transacoes HTTP/1.0" 200 OK
api02-1  | INFO:     172.31.0.5:60198 - "GET /clientes/2/extrato HTTP/1.0" 200 OK
api01-1  | INFO:     172.31.0.5:51566 - "POST /clientes/4/transacoes HTTP/1.0" 200 OK
api02-1  | INFO:     172.31.0.5:60204 - "POST /clientes/5/transacoes HTTP/1.0" 200 OK
api01-1  | INFO:     172.31.0.5:51576 - "POST /clientes/4/transacoes HTTP/1.0" 200 OK
api02-1  | INFO:     172.31.0.5:60206 - "POST /clientes/4/transacoes HTTP/1.0" 200 OK
api02-1  | INFO:     172.31.0.5:60220 - "POST /clientes/3/transacoes HTTP/1.0" 200 OK
api01-1  | INFO:     172.31.0.5:51582 - "POST /clientes/3/transacoes HTTP/1.0" 200 OK
api01-1  | INFO:     172.31.0.5:51590 - "POST /clientes/3/transacoes HTTP/1.0" 200 OK
api02-1  | INFO:     172.31.0.5:60222 - "POST /clientes/4/transacoes HTTP/1.0" 200 OK
api01-1  | INFO:     172.31.0.5:51604 - "POST /clientes/4/transacoes HTTP/1.0" 200 OK
api02-1  | INFO:     172.31.0.5:60238 - "POST /clientes/5/transacoes HTTP/1.0" 200 OK
api01-1  | INFO:     172.31.0.5:51620 - "POST /clientes/2/transacoes HTTP/1.0" 200 OK
api02-1  | INFO:     172.31.0.5:60254 - "POST /clientes/1/transacoes HTTP/1.0" 200 OK
api01-1  | INFO:     172.31.0.5:51626 - "POST /clientes/2/transacoes HTTP/1.0" 200 OK
api02-1  | INFO:     172.31.0.5:60270 - "GET /clientes/2/extrato HTTP/1.0" 200 OK
api01-1  | INFO:     172.31.0.5:51632 - "POST /clientes/5/transacoes HTTP/1.0" 200 OK
api01-1  | INFO:     172.31.0.5:51648 - "POST /clientes/3/transacoes HTTP/1.0" 200 OK
api01-1  | INFO:     172.31.0.5:51664 - "POST /clientes/5/transacoes HTTP/1.0" 200 OK
api02-1  | INFO:     172.31.0.5:60276 - "POST /clientes/4/transacoes HTTP/1.0" 200 OK
api01-1  | INFO:     172.31.0.5:51680 - "POST /clientes/1/transacoes HTTP/1.0" 200 OK
api02-1  | INFO:     172.31.0.5:60288 - "POST /clientes/4/transacoes HTTP/1.0" 200 OK
api01-1  | INFO:     172.31.0.5:51692 - "POST /clientes/2/transacoes HTTP/1.0" 200 OK
api02-1  | INFO:     172.31.0.5:60300 - "POST /clientes/2/transacoes HTTP/1.0" 200 OK
api01-1  | INFO:     172.31.0.5:51704 - "POST /clientes/5/transacoes HTTP/1.0" 200 OK
api02-1  | INFO:     172.31.0.5:60302 - "POST /clientes/3/transacoes HTTP/1.0" 200 OK
api01-1  | INFO:     172.31.0.5:51712 - "POST /clientes/5/transacoes HTTP/1.0" 200 OK
api02-1  | INFO:     172.31.0.5:60318 - "POST /clientes/4/transacoes HTTP/1.0" 200 OK
api01-1  | INFO:     172.31.0.5:51720 - "POST /clientes/1/transacoes HTTP/1.0" 200 OK
api02-1  | INFO:     172.31.0.5:60320 - "POST /clientes/3/transacoes HTTP/1.0" 200 OK
api01-1  | INFO:     172.31.0.5:51728 - "POST /clientes/1/transacoes HTTP/1.0" 200 OK
api01-1  | INFO:     172.31.0.5:51742 - "GET /clientes/3/extrato HTTP/1.0" 200 OK
api02-1  | INFO:     172.31.0.5:60330 - "POST /clientes/2/transacoes HTTP/1.0" 200 OK
api02-1  | INFO:     172.31.0.5:60342 - "POST /clientes/2/transacoes HTTP/1.0" 200 OK
api01-1  | INFO:     172.31.0.5:51756 - "POST /clientes/4/transacoes HTTP/1.0" 200 OK
api02-1  | INFO:     172.31.0.5:60348 - "POST /clientes/5/transacoes HTTP/1.0" 200 OK
api01-1  | INFO:     172.31.0.5:51770 - "POST /clientes/5/transacoes HTTP/1.0" 200 OK
api02-1  | INFO:     172.31.0.5:60360 - "POST /clientes/4/transacoes HTTP/1.0" 200 OK
api01-1  | INFO:     172.31.0.5:51772 - "POST /clientes/4/transacoes HTTP/1.0" 200 OK
api02-1  | INFO:     172.31.0.5:60372 - "POST /clientes/3/transacoes HTTP/1.0" 200 OK
api01-1  | INFO:     172.31.0.5:51782 - "POST /clientes/3/transacoes HTTP/1.0" 200 OK
api02-1  | INFO:     172.31.0.5:60380 - "POST /clientes/2/transacoes HTTP/1.0" 200 OK
api01-1  | INFO:     172.31.0.5:51794 - "POST /clientes/4/transacoes HTTP/1.0" 200 OK
api02-1  | INFO:     172.31.0.5:60392 - "POST /clientes/3/transacoes HTTP/1.0" 200 OK
api01-1  | INFO:     172.31.0.5:51796 - "POST /clientes/5/transacoes HTTP/1.0" 200 OK
api02-1  | INFO:     172.31.0.5:60400 - "POST /clientes/1/transacoes HTTP/1.0" 200 OK
api01-1  | INFO:     172.31.0.5:51806 - "POST /clientes/5/transacoes HTTP/1.0" 200 OK
api02-1  | INFO:     172.31.0.5:60410 - "POST /clientes/5/transacoes HTTP/1.0" 200 OK
api02-1  | INFO:     172.31.0.5:60418 - "POST /clientes/3/transacoes HTTP/1.0" 200 OK
api01-1  | INFO:     172.31.0.5:51816 - "GET /clientes/4/extrato HTTP/1.0" 200 OK
api02-1  | INFO:     172.31.0.5:60424 - "POST /clientes/4/transacoes HTTP/1.0" 200 OK
api01-1  | INFO:     172.31.0.5:51832 - "POST /clientes/5/transacoes HTTP/1.0" 200 OK
api02-1  | INFO:     172.31.0.5:60428 - "POST /clientes/5/transacoes HTTP/1.0" 200 OK
api01-1  | INFO:     172.31.0.5:51840 - "POST /clientes/3/transacoes HTTP/1.0" 200 OK
api02-1  | INFO:     172.31.0.5:60438 - "POST /clientes/2/transacoes HTTP/1.0" 200 OK
api01-1  | INFO:     172.31.0.5:51852 - "POST /clientes/2/transacoes HTTP/1.0" 200 OK
api02-1  | INFO:     172.31.0.5:60450 - "POST /clientes/3/transacoes HTTP/1.0" 200 OK
api01-1  | INFO:     172.31.0.5:51854 - "POST /clientes/5/transacoes HTTP/1.0" 200 OK
api02-1  | INFO:     172.31.0.5:60454 - "POST /clientes/2/transacoes HTTP/1.0" 200 OK
api01-1  | INFO:     172.31.0.5:51856 - "POST /clientes/2/transacoes HTTP/1.0" 200 OK
api02-1  | INFO:     172.31.0.5:60458 - "POST /clientes/3/transacoes HTTP/1.0" 200 OK
api01-1  | INFO:     172.31.0.5:51872 - "POST /clientes/4/transacoes HTTP/1.0" 200 OK
api02-1  | INFO:     172.31.0.5:60466 - "POST /clientes/1/transacoes HTTP/1.0" 200 OK
api01-1  | INFO:     172.31.0.5:51882 - "POST /clientes/5/transacoes HTTP/1.0" 200 OK
api02-1  | INFO:     172.31.0.5:60476 - "POST /clientes/2/transacoes HTTP/1.0" 200 OK
api01-1  | INFO:     172.31.0.5:51896 - "POST /clientes/3/transacoes HTTP/1.0" 200 OK
api02-1  | INFO:     172.31.0.5:60490 - "POST /clientes/4/transacoes HTTP/1.0" 200 OK
api02-1  | INFO:     172.31.0.5:60496 - "GET /clientes/3/extrato HTTP/1.0" 200 OK
api01-1  | INFO:     172.31.0.5:51912 - "POST /clientes/2/transacoes HTTP/1.0" 200 OK
api02-1  | INFO:     172.31.0.5:60512 - "POST /clientes/4/transacoes HTTP/1.0" 200 OK
api01-1  | INFO:     172.31.0.5:51918 - "POST /clientes/5/transacoes HTTP/1.0" 200 OK
api02-1  | INFO:     172.31.0.5:60514 - "POST /clientes/3/transacoes HTTP/1.0" 200 OK
api01-1  | INFO:     172.31.0.5:51926 - "POST /clientes/3/transacoes HTTP/1.0" 200 OK
api02-1  | INFO:     172.31.0.5:60518 - "POST /clientes/4/transacoes HTTP/1.0" 200 OK
api02-1  | INFO:     172.31.0.5:60530 - "POST /clientes/2/transacoes HTTP/1.0" 200 OK
api01-1  | INFO:     172.31.0.5:51930 - "POST /clientes/3/transacoes HTTP/1.0" 200 OK
api01-1  | INFO:     172.31.0.5:51936 - "POST /clientes/5/transacoes HTTP/1.0" 200 OK
api02-1  | INFO:     172.31.0.5:60532 - "POST /clientes/1/transacoes HTTP/1.0" 200 OK
api01-1  | INFO:     172.31.0.5:51940 - "POST /clientes/3/transacoes HTTP/1.0" 200 OK
api02-1  | INFO:     172.31.0.5:60534 - "POST /clientes/5/transacoes HTTP/1.0" 200 OK
api01-1  | INFO:     172.31.0.5:51948 - "POST /clientes/3/transacoes HTTP/1.0" 200 OK
api02-1  | INFO:     172.31.0.5:60550 - "POST /clientes/1/transacoes HTTP/1.0" 200 OK
api01-1  | INFO:     172.31.0.5:51960 - "POST /clientes/1/transacoes HTTP/1.0" 200 OK
api02-1  | INFO:     172.31.0.5:60560 - "POST /clientes/2/transacoes HTTP/1.0" 200 OK
api01-1  | INFO:     172.31.0.5:51962 - "POST /clientes/3/transacoes HTTP/1.0" 200 OK
api02-1  | INFO:     172.31.0.5:60564 - "POST /clientes/3/transacoes HTTP/1.0" 200 OK
api02-1  | INFO:     172.31.0.5:60568 - "GET /clientes/2/extrato HTTP/1.0" 200 OK
api01-1  | INFO:     172.31.0.5:51978 - "POST /clientes/1/transacoes HTTP/1.0" 200 OK
api01-1  | INFO:     172.31.0.5:51988 - "POST /clientes/1/transacoes HTTP/1.0" 200 OK
api02-1  | INFO:     172.31.0.5:60572 - "POST /clientes/1/transacoes HTTP/1.0" 200 OK
api01-1  | INFO:     172.31.0.5:51990 - "POST /clientes/3/transacoes HTTP/1.0" 200 OK
api02-1  | INFO:     172.31.0.5:60584 - "POST /clientes/3/transacoes HTTP/1.0" 200 OK
api01-1  | INFO:     172.31.0.5:52004 - "POST /clientes/3/transacoes HTTP/1.0" 200 OK
api02-1  | INFO:     172.31.0.5:60592 - "POST /clientes/1/transacoes HTTP/1.0" 200 OK
api01-1  | INFO:     172.31.0.5:52014 - "POST /clientes/2/transacoes HTTP/1.0" 200 OK
api01-1  | INFO:     172.31.0.5:52018 - "POST /clientes/2/transacoes HTTP/1.0" 200 OK
api02-1  | INFO:     172.31.0.5:60600 - "POST /clientes/3/transacoes HTTP/1.0" 200 OK
api01-1  | INFO:     172.31.0.5:52028 - "POST /clientes/4/transacoes HTTP/1.0" 200 OK
api02-1  | INFO:     172.31.0.5:60604 - "POST /clientes/1/transacoes HTTP/1.0" 200 OK
api01-1  | INFO:     172.31.0.5:52030 - "POST /clientes/3/transacoes HTTP/1.0" 200 OK
api02-1  | INFO:     172.31.0.5:60620 - "POST /clientes/4/transacoes HTTP/1.0" 200 OK
api01-1  | INFO:     172.31.0.5:52036 - "POST /clientes/4/transacoes HTTP/1.0" 200 OK
api02-1  | INFO:     172.31.0.5:60628 - "POST /clientes/2/transacoes HTTP/1.0" 200 OK
api01-1  | INFO:     172.31.0.5:52046 - "POST /clientes/1/transacoes HTTP/1.0" 200 OK
