 Network rinha-nginx-2024q1  Creating
 Network rinha-nginx-2024q1  Created
 Container rdenadai_python-db-1  Creating
 Container rdenadai_python-db-1  Created
 Container rdenadai_python-api02-1  Creating
 Container rdenadai_python-api01-1  Creating
 Container rdenadai_python-api02-1  Created
 Container rdenadai_python-api01-1  Created
 Container rdenadai_python-nginx-1  Creating
 Container rdenadai_python-nginx-1  Created
Attaching to api01-1, api02-1, db-1, nginx-1
db-1     | The files belonging to this database system will be owned by user "postgres".
db-1     | This user must also own the server process.
db-1     | 
db-1     | The database cluster will be initialized with locale "en_US.utf8".
db-1     | The default database encoding has accordingly been set to "UTF8".
db-1     | The default text search configuration will be set to "english".
db-1     | 
db-1     | Data page checksums are disabled.
db-1     | 
db-1     | fixing permissions on existing directory /var/lib/postgresql/data ... ok
db-1     | creating subdirectories ... ok
db-1     | selecting dynamic shared memory implementation ... posix
db-1     | selecting default max_connections ... 100
db-1     | selecting default shared_buffers ... 128MB
db-1     | selecting default time zone ... UTC
db-1     | creating configuration files ... ok
db-1     | running bootstrap script ... ok
db-1     | sh: locale: not found
db-1     | 2024-02-12 00:41:28.436 UTC [30] WARNING:  no usable system locales were found
db-1     | performing post-bootstrap initialization ... ok
db-1     | syncing data to disk ... ok
db-1     | 
db-1     | 
db-1     | Success. You can now start the database server using:
db-1     | 
db-1     |     pg_ctl -D /var/lib/postgresql/data -l logfile start
db-1     | 
db-1     | initdb: warning: enabling "trust" authentication for local connections
db-1     | initdb: hint: You can change this by editing pg_hba.conf or using the option -A, or --auth-local and --auth-host, the next time you run initdb.
db-1     | waiting for server to start....2024-02-12 00:41:31.625 GMT [36] LOG:  starting PostgreSQL 16.1 on x86_64-pc-linux-musl, compiled by gcc (Alpine 13.2.1_git20231014) 13.2.1 20231014, 64-bit
db-1     | 2024-02-12 00:41:31.636 GMT [36] LOG:  listening on Unix socket "/var/run/postgresql/.s.PGSQL.5432"
db-1     | 2024-02-12 00:41:31.646 GMT [39] LOG:  database system was shut down at 2024-02-12 00:41:29 GMT
db-1     | 2024-02-12 00:41:31.653 GMT [36] LOG:  database system is ready to accept connections
db-1     |  done
db-1     | server started
db-1     | CREATE DATABASE
db-1     | 
db-1     | 
db-1     | /usr/local/bin/docker-entrypoint.sh: running /docker-entrypoint-initdb.d/init.sql
db-1     | CREATE TABLE
db-1     | CREATE TABLE
db-1     | CREATE TABLE
db-1     | CREATE TYPE
db-1     | CREATE FUNCTION
db-1     | DO
db-1     | 
db-1     | 
db-1     | /usr/local/bin/docker-entrypoint.sh: ignoring /docker-entrypoint-initdb.d/postgresql.conf
db-1     | 
db-1     | waiting for server to shut down...2024-02-12 00:41:32.101 GMT [36] LOG:  received fast shutdown request
db-1     | .2024-02-12 00:41:32.103 GMT [36] LOG:  aborting any active transactions
db-1     | 2024-02-12 00:41:32.107 GMT [36] LOG:  background worker "logical replication launcher" (PID 41) exited with exit code 1
db-1     | 2024-02-12 00:41:32.110 GMT [37] LOG:  shutting down
db-1     | 2024-02-12 00:41:32.112 GMT [37] LOG:  checkpoint starting: shutdown immediate
db-1     | 2024-02-12 00:41:32.431 GMT [37] LOG:  checkpoint complete: wrote 946 buffers (1.4%); 0 WAL file(s) added, 0 removed, 0 recycled; write=0.263 s, sync=0.031 s, total=0.322 s; sync files=310, longest=0.008 s, average=0.001 s; distance=4331 kB, estimate=4331 kB; lsn=0/192B060, redo lsn=0/192B060
db-1     | 2024-02-12 00:41:32.459 GMT [36] LOG:  database system is shut down
db-1     |  done
db-1     | server stopped
db-1     | 
db-1     | PostgreSQL init process complete; ready for start up.
db-1     | 
db-1     | 2024-02-12 00:41:32.636 GMT [1] LOG:  starting PostgreSQL 16.1 on x86_64-pc-linux-musl, compiled by gcc (Alpine 13.2.1_git20231014) 13.2.1 20231014, 64-bit
db-1     | 2024-02-12 00:41:32.636 GMT [1] LOG:  listening on IPv4 address "0.0.0.0", port 5432
db-1     | 2024-02-12 00:41:32.636 GMT [1] LOG:  listening on IPv6 address "::", port 5432
db-1     | 2024-02-12 00:41:32.653 GMT [1] LOG:  listening on Unix socket "/var/run/postgresql/.s.PGSQL.5432"
db-1     | 2024-02-12 00:41:32.659 GMT [53] LOG:  database system was shut down at 2024-02-12 00:41:32 GMT
db-1     | 2024-02-12 00:41:32.666 GMT [1] LOG:  database system is ready to accept connections
db-1     | 2024-02-12 00:41:37.298 GMT [62] FATAL:  role "root" does not exist
nginx-1  | /docker-entrypoint.sh: /docker-entrypoint.d/ is not empty, will attempt to perform configuration
nginx-1  | /docker-entrypoint.sh: Looking for shell scripts in /docker-entrypoint.d/
nginx-1  | /docker-entrypoint.sh: Launching /docker-entrypoint.d/10-listen-on-ipv6-by-default.sh
nginx-1  | 10-listen-on-ipv6-by-default.sh: info: Getting the checksum of /etc/nginx/conf.d/default.conf
nginx-1  | 10-listen-on-ipv6-by-default.sh: info: Enabled listen on IPv6 in /etc/nginx/conf.d/default.conf
nginx-1  | /docker-entrypoint.sh: Launching /docker-entrypoint.d/20-envsubst-on-templates.sh
nginx-1  | /docker-entrypoint.sh: Launching /docker-entrypoint.d/30-tune-worker-processes.sh
nginx-1  | /docker-entrypoint.sh: Configuration complete; ready for start up
nginx-1  | 2024/02/12 00:41:38 [alert] 30#30: setrlimit(RLIMIT_NOFILE, 500000) failed (1: Operation not permitted)
nginx-1  | 2024/02/12 00:41:38 [alert] 33#33: setrlimit(RLIMIT_NOFILE, 500000) failed (1: Operation not permitted)
nginx-1  | 2024/02/12 00:41:38 [alert] 31#31: setrlimit(RLIMIT_NOFILE, 500000) failed (1: Operation not permitted)
nginx-1  | 2024/02/12 00:41:38 [alert] 32#32: setrlimit(RLIMIT_NOFILE, 500000) failed (1: Operation not permitted)
nginx-1  | 2024/02/12 00:41:39 [error] 30#30: *1 connect() failed (111: Connection refused) while connecting to upstream, client: 172.19.0.1, server: , request: "GET /clientes/1/extrato HTTP/1.1", upstream: "http://172.19.0.3:8080/clientes/1/extrato", host: "localhost:9999"
nginx-1  | 2024/02/12 00:41:39 [error] 30#30: *1 connect() failed (111: Connection refused) while connecting to upstream, client: 172.19.0.1, server: , request: "GET /clientes/1/extrato HTTP/1.1", upstream: "http://172.19.0.4:8080/clientes/1/extrato", host: "localhost:9999"
api01-1  | [2024-02-12 00:41:41 +0000] [7] [INFO] Starting gunicorn 21.2.0
api01-1  | [2024-02-12 00:41:41 +0000] [7] [INFO] Listening at: http://0.0.0.0:8080 (7)
api01-1  | [2024-02-12 00:41:41 +0000] [7] [INFO] Using worker: uvicorn.workers.UvicornWorker
api01-1  | [2024-02-12 00:41:41 +0000] [8] [INFO] Booting worker with pid: 8
api02-1  | [2024-02-12 00:41:41 +0000] [7] [INFO] Starting gunicorn 21.2.0
api02-1  | [2024-02-12 00:41:41 +0000] [7] [INFO] Listening at: http://0.0.0.0:8080 (7)
api02-1  | [2024-02-12 00:41:41 +0000] [7] [INFO] Using worker: uvicorn.workers.UvicornWorker
api02-1  | [2024-02-12 00:41:41 +0000] [8] [INFO] Booting worker with pid: 8
api01-1  | [2024-02-12 00:41:42 +0000] [8] [INFO] Started server process [8]
api01-1  | [2024-02-12 00:41:42 +0000] [8] [INFO] Waiting for application startup.
api02-1  | [2024-02-12 00:41:42 +0000] [8] [INFO] Started server process [8]
api02-1  | [2024-02-12 00:41:42 +0000] [8] [INFO] Waiting for application startup.
api01-1  | [2024-02-12 00:41:43 +0000] [8] [INFO] Application startup complete.
api02-1  | [2024-02-12 00:41:43 +0000] [8] [INFO] Application startup complete.
api01-1  | 172.19.0.5:42690 - "GET /clientes/1/extrato HTTP/1.0" 200
api01-1  | 172.19.0.5:42692 - "GET /clientes/1/extrato HTTP/1.0" 200
db-1     | 2024-02-12 00:41:47.398 GMT [89] FATAL:  role "root" does not exist
nginx-1  | 2024/02/12 00:41:51 [error] 30#30: *16 no live upstreams while connecting to upstream, client: 172.19.0.1, server: , request: "POST /clientes/1/transacoes HTTP/1.1", upstream: "http://api/clientes/1/transacoes", host: "localhost:9999"
nginx-1  | 2024/02/12 00:41:51 [error] 30#30: *10 no live upstreams while connecting to upstream, client: 172.19.0.1, server: , request: "POST /clientes/1/transacoes HTTP/1.1", upstream: "http://api/clientes/1/transacoes", host: "localhost:9999"
nginx-1  | 2024/02/12 00:41:51 [error] 30#30: *15 no live upstreams while connecting to upstream, client: 172.19.0.1, server: , request: "POST /clientes/1/transacoes HTTP/1.1", upstream: "http://api/clientes/1/transacoes", host: "localhost:9999"
api02-1  | 172.19.0.5:36282 - "POST /clientes/1/transacoes HTTP/1.0" 200
api01-1  | 172.19.0.5:45826 - "POST /clientes/1/transacoes HTTP/1.0" 200
api01-1  | 172.19.0.5:45810 - "POST /clientes/1/transacoes HTTP/1.0" 200
api02-1  | 172.19.0.5:36298 - "POST /clientes/1/transacoes HTTP/1.0" 200
api02-1  | 172.19.0.5:36312 - "POST /clientes/1/transacoes HTTP/1.0" 200
api02-1  | 172.19.0.5:36330 - "POST /clientes/1/transacoes HTTP/1.0" 200
api01-1  | 172.19.0.5:45846 - "POST /clientes/1/transacoes HTTP/1.0" 200
api02-1  | 172.19.0.5:36334 - "POST /clientes/1/transacoes HTTP/1.0" 200
api02-1  | 172.19.0.5:36356 - "POST /clientes/1/transacoes HTTP/1.0" 200
api02-1  | 172.19.0.5:36358 - "POST /clientes/1/transacoes HTTP/1.0" 200
api01-1  | 172.19.0.5:45834 - "POST /clientes/1/transacoes HTTP/1.0" 200
api02-1  | 172.19.0.5:36314 - "POST /clientes/1/transacoes HTTP/1.0" 200
api02-1  | 172.19.0.5:36376 - "POST /clientes/1/transacoes HTTP/1.0" 200
api02-1  | 172.19.0.5:36338 - "POST /clientes/1/transacoes HTTP/1.0" 200
api02-1  | 172.19.0.5:36350 - "POST /clientes/1/transacoes HTTP/1.0" 200
api01-1  | 172.19.0.5:45894 - "POST /clientes/1/transacoes HTTP/1.0" 200
api01-1  | 172.19.0.5:45848 - "POST /clientes/1/transacoes HTTP/1.0" 200
api02-1  | 172.19.0.5:36380 - "POST /clientes/1/transacoes HTTP/1.0" 200
api01-1  | 172.19.0.5:45870 - "POST /clientes/1/transacoes HTTP/1.0" 200
api01-1  | 172.19.0.5:45880 - "POST /clientes/1/transacoes HTTP/1.0" 200
api01-1  | 172.19.0.5:45854 - "POST /clientes/1/transacoes HTTP/1.0" 200
api02-1  | 172.19.0.5:36362 - "POST /clientes/1/transacoes HTTP/1.0" 200
api02-1  | 172.19.0.5:36386 - "GET /clientes/1/extrato HTTP/1.0" 200
api02-1  | 172.19.0.5:36394 - "POST /clientes/1/transacoes HTTP/1.0" 200
api01-1  | 172.19.0.5:45910 - "POST /clientes/1/transacoes HTTP/1.0" 200
api02-1  | 172.19.0.5:36398 - "POST /clientes/1/transacoes HTTP/1.0" 200
api01-1  | 172.19.0.5:45942 - "POST /clientes/1/transacoes HTTP/1.0" 200
api01-1  | 172.19.0.5:45954 - "POST /clientes/1/transacoes HTTP/1.0" 200
api02-1  | 172.19.0.5:36400 - "POST /clientes/1/transacoes HTTP/1.0" 200
api01-1  | 172.19.0.5:45934 - "POST /clientes/1/transacoes HTTP/1.0" 200
api02-1  | 172.19.0.5:36416 - "POST /clientes/1/transacoes HTTP/1.0" 200
api02-1  | 172.19.0.5:36406 - "POST /clientes/1/transacoes HTTP/1.0" 200
api01-1  | 172.19.0.5:45966 - "POST /clientes/1/transacoes HTTP/1.0" 200
api01-1  | 172.19.0.5:45922 - "POST /clientes/1/transacoes HTTP/1.0" 200
api02-1  | 172.19.0.5:36418 - "POST /clientes/1/transacoes HTTP/1.0" 200
api01-1  | 172.19.0.5:45958 - "POST /clientes/1/transacoes HTTP/1.0" 200
api02-1  | 172.19.0.5:36422 - "POST /clientes/1/transacoes HTTP/1.0" 200
api01-1  | 172.19.0.5:46000 - "POST /clientes/1/transacoes HTTP/1.0" 200
api01-1  | 172.19.0.5:45990 - "POST /clientes/1/transacoes HTTP/1.0" 200
api01-1  | 172.19.0.5:45972 - "POST /clientes/1/transacoes HTTP/1.0" 200
api02-1  | 172.19.0.5:36448 - "POST /clientes/1/transacoes HTTP/1.0" 200
api02-1  | 172.19.0.5:36440 - "POST /clientes/1/transacoes HTTP/1.0" 200
api02-1  | 172.19.0.5:36434 - "POST /clientes/1/transacoes HTTP/1.0" 200
api01-1  | 172.19.0.5:46006 - "POST /clientes/1/transacoes HTTP/1.0" 200
api01-1  | 172.19.0.5:45980 - "POST /clientes/1/transacoes HTTP/1.0" 200
api01-1  | 172.19.0.5:46024 - "POST /clientes/1/transacoes HTTP/1.0" 200
api01-1  | 172.19.0.5:46018 - "POST /clientes/1/transacoes HTTP/1.0" 200
api02-1  | 172.19.0.5:36464 - "POST /clientes/1/transacoes HTTP/1.0" 200
api02-1  | 172.19.0.5:36480 - "GET /clientes/1/extrato HTTP/1.0" 200
api01-1  | 172.19.0.5:46036 - "GET /clientes/6/extrato HTTP/1.0" 404
api02-1  | 172.19.0.5:36484 - "GET /clientes/5/extrato HTTP/1.0" 200
api01-1  | 172.19.0.5:46052 - "GET /clientes/2/extrato HTTP/1.0" 200
api01-1  | 172.19.0.5:46056 - "GET /clientes/3/extrato HTTP/1.0" 200
api02-1  | 172.19.0.5:36498 - "GET /clientes/4/extrato HTTP/1.0" 200
api02-1  | 172.19.0.5:36496 - "GET /clientes/1/extrato HTTP/1.0" 200
api01-1  | 172.19.0.5:46070 - "POST /clientes/4/transacoes HTTP/1.0" 200
api02-1  | 172.19.0.5:36510 - "POST /clientes/2/transacoes HTTP/1.0" 200
api02-1  | 172.19.0.5:36518 - "POST /clientes/1/transacoes HTTP/1.0" 200
api01-1  | 172.19.0.5:46082 - "POST /clientes/5/transacoes HTTP/1.0" 200
api01-1  | 172.19.0.5:46096 - "POST /clientes/3/transacoes HTTP/1.0" 200
api02-1  | 172.19.0.5:36522 - "POST /clientes/2/transacoes HTTP/1.0" 200
api01-1  | 172.19.0.5:46100 - "POST /clientes/1/transacoes HTTP/1.0" 200
api02-1  | 172.19.0.5:36546 - "POST /clientes/5/transacoes HTTP/1.0" 200
api02-1  | 172.19.0.5:36534 - "POST /clientes/4/transacoes HTTP/1.0" 200
api02-1  | 172.19.0.5:36552 - "GET /clientes/2/extrato HTTP/1.0" 200
api01-1  | 172.19.0.5:46106 - "GET /clientes/5/extrato HTTP/1.0" 200
api01-1  | 172.19.0.5:46104 - "POST /clientes/3/transacoes HTTP/1.0" 200
api02-1  | 172.19.0.5:36560 - "GET /clientes/1/extrato HTTP/1.0" 200
api01-1  | 172.19.0.5:46108 - "GET /clientes/3/extrato HTTP/1.0" 200
api01-1  | 172.19.0.5:46118 - "GET /clientes/4/extrato HTTP/1.0" 200
api02-1  | 172.19.0.5:36570 - "POST /clientes/5/transacoes HTTP/1.0" 422
api02-1  | 172.19.0.5:36574 - "POST /clientes/3/transacoes HTTP/1.0" 422
api01-1  | 172.19.0.5:46124 - "POST /clientes/1/transacoes HTTP/1.0" 422
api02-1  | 172.19.0.5:36586 - "POST /clientes/4/transacoes HTTP/1.0" 422
api02-1  | 172.19.0.5:36594 - "POST /clientes/3/transacoes HTTP/1.0" 422
api01-1  | 172.19.0.5:46134 - "POST /clientes/2/transacoes HTTP/1.0" 422
api01-1  | 172.19.0.5:46148 - "POST /clientes/5/transacoes HTTP/1.0" 422
api01-1  | 172.19.0.5:46154 - "POST /clientes/4/transacoes HTTP/1.0" 422
api02-1  | 172.19.0.5:36600 - "POST /clientes/3/transacoes HTTP/1.0" 422
api01-1  | 172.19.0.5:46162 - "POST /clientes/5/transacoes HTTP/1.0" 422
api02-1  | 172.19.0.5:36602 - "POST /clientes/2/transacoes HTTP/1.0" 422
api01-1  | 172.19.0.5:46166 - "POST /clientes/5/transacoes HTTP/1.0" 422
api01-1  | 172.19.0.5:46178 - "POST /clientes/3/transacoes HTTP/1.0" 422
api02-1  | 172.19.0.5:36606 - "POST /clientes/4/transacoes HTTP/1.0" 422
api02-1  | 172.19.0.5:36614 - "POST /clientes/2/transacoes HTTP/1.0" 422
api02-1  | 172.19.0.5:36620 - "POST /clientes/1/transacoes HTTP/1.0" 422
api02-1  | 172.19.0.5:36626 - "POST /clientes/5/transacoes HTTP/1.0" 422
api01-1  | 172.19.0.5:46186 - "POST /clientes/3/transacoes HTTP/1.0" 422
api01-1  | 172.19.0.5:46198 - "POST /clientes/2/transacoes HTTP/1.0" 422
api01-1  | 172.19.0.5:46200 - "POST /clientes/4/transacoes HTTP/1.0" 422
api02-1  | 172.19.0.5:36636 - "POST /clientes/1/transacoes HTTP/1.0" 422
api01-1  | 172.19.0.5:46206 - "POST /clientes/2/transacoes HTTP/1.0" 422
api02-1  | 172.19.0.5:36644 - "POST /clientes/4/transacoes HTTP/1.0" 422
api02-1  | 172.19.0.5:36658 - "POST /clientes/1/transacoes HTTP/1.0" 422
api01-1  | 172.19.0.5:46220 - "POST /clientes/1/transacoes HTTP/1.0" 422
api02-1  | 172.19.0.5:36664 - "GET /clientes/1/extrato HTTP/1.0" 200
api01-1  | 172.19.0.5:46232 - "POST /clientes/2/transacoes HTTP/1.0" 200
api01-1  | 172.19.0.5:46242 - "POST /clientes/4/transacoes HTTP/1.0" 200
api02-1  | 172.19.0.5:43244 - "GET /clientes/5/extrato HTTP/1.0" 200
api01-1  | 172.19.0.5:49768 - "POST /clientes/2/transacoes HTTP/1.0" 200
api02-1  | 172.19.0.5:43250 - "POST /clientes/2/transacoes HTTP/1.0" 200
db-1     | 2024-02-12 00:41:57.501 GMT [95] FATAL:  role "root" does not exist
api01-1  | 172.19.0.5:49784 - "POST /clientes/4/transacoes HTTP/1.0" 200
api01-1  | 172.19.0.5:49798 - "POST /clientes/1/transacoes HTTP/1.0" 200
api02-1  | 172.19.0.5:43266 - "POST /clientes/2/transacoes HTTP/1.0" 200
api02-1  | 172.19.0.5:43282 - "POST /clientes/4/transacoes HTTP/1.0" 200
api02-1  | 172.19.0.5:43294 - "GET /clientes/5/extrato HTTP/1.0" 200
api01-1  | 172.19.0.5:49814 - "POST /clientes/5/transacoes HTTP/1.0" 200
api01-1  | 172.19.0.5:49820 - "POST /clientes/3/transacoes HTTP/1.0" 200
api02-1  | 172.19.0.5:43302 - "POST /clientes/1/transacoes HTTP/1.0" 200
api01-1  | 172.19.0.5:49832 - "POST /clientes/1/transacoes HTTP/1.0" 200
api02-1  | 172.19.0.5:43312 - "POST /clientes/3/transacoes HTTP/1.0" 200
api02-1  | 172.19.0.5:43314 - "POST /clientes/1/transacoes HTTP/1.0" 200
api01-1  | 172.19.0.5:49840 - "POST /clientes/1/transacoes HTTP/1.0" 200
api02-1  | 172.19.0.5:43324 - "POST /clientes/3/transacoes HTTP/1.0" 200
api02-1  | 172.19.0.5:43356 - "GET /clientes/5/extrato HTTP/1.0" 200
api01-1  | 172.19.0.5:49850 - "POST /clientes/2/transacoes HTTP/1.0" 200
api02-1  | 172.19.0.5:43340 - "POST /clientes/1/transacoes HTTP/1.0" 200
api01-1  | 172.19.0.5:49854 - "POST /clientes/3/transacoes HTTP/1.0" 200
api02-1  | 172.19.0.5:43366 - "POST /clientes/1/transacoes HTTP/1.0" 200
api01-1  | 172.19.0.5:49860 - "POST /clientes/2/transacoes HTTP/1.0" 200
api01-1  | 172.19.0.5:49868 - "POST /clientes/2/transacoes HTTP/1.0" 200
api02-1  | 172.19.0.5:43380 - "POST /clientes/5/transacoes HTTP/1.0" 200
api01-1  | 172.19.0.5:49884 - "POST /clientes/1/transacoes HTTP/1.0" 200
api01-1  | 172.19.0.5:49892 - "POST /clientes/3/transacoes HTTP/1.0" 200
api02-1  | 172.19.0.5:43392 - "POST /clientes/2/transacoes HTTP/1.0" 200
api01-1  | 172.19.0.5:49904 - "POST /clientes/1/transacoes HTTP/1.0" 200
api02-1  | 172.19.0.5:43398 - "POST /clientes/3/transacoes HTTP/1.0" 200
api01-1  | 172.19.0.5:49912 - "POST /clientes/1/transacoes HTTP/1.0" 200
api02-1  | 172.19.0.5:43402 - "POST /clientes/1/transacoes HTTP/1.0" 200
api01-1  | 172.19.0.5:49920 - "GET /clientes/3/extrato HTTP/1.0" 200
api02-1  | 172.19.0.5:43406 - "POST /clientes/2/transacoes HTTP/1.0" 200
api01-1  | 172.19.0.5:49928 - "POST /clientes/2/transacoes HTTP/1.0" 200
api02-1  | 172.19.0.5:43416 - "POST /clientes/4/transacoes HTTP/1.0" 200
api01-1  | 172.19.0.5:49940 - "POST /clientes/4/transacoes HTTP/1.0" 200
api02-1  | 172.19.0.5:43426 - "POST /clientes/4/transacoes HTTP/1.0" 200
api01-1  | 172.19.0.5:49946 - "POST /clientes/1/transacoes HTTP/1.0" 200
api02-1  | 172.19.0.5:43440 - "POST /clientes/4/transacoes HTTP/1.0" 200
api01-1  | 172.19.0.5:49952 - "POST /clientes/4/transacoes HTTP/1.0" 200
api02-1  | 172.19.0.5:43452 - "POST /clientes/4/transacoes HTTP/1.0" 200
api01-1  | 172.19.0.5:49964 - "POST /clientes/1/transacoes HTTP/1.0" 200
api02-1  | 172.19.0.5:43462 - "POST /clientes/3/transacoes HTTP/1.0" 200
api01-1  | 172.19.0.5:49980 - "POST /clientes/3/transacoes HTTP/1.0" 200
api02-1  | 172.19.0.5:43466 - "POST /clientes/4/transacoes HTTP/1.0" 200
api01-1  | 172.19.0.5:49988 - "POST /clientes/5/transacoes HTTP/1.0" 200
api02-1  | 172.19.0.5:43494 - "GET /clientes/5/extrato HTTP/1.0" 200
api02-1  | 172.19.0.5:43482 - "POST /clientes/1/transacoes HTTP/1.0" 200
api01-1  | 172.19.0.5:49992 - "POST /clientes/5/transacoes HTTP/1.0" 200
api02-1  | 172.19.0.5:43496 - "POST /clientes/1/transacoes HTTP/1.0" 200
api01-1  | 172.19.0.5:50002 - "POST /clientes/4/transacoes HTTP/1.0" 200
api02-1  | 172.19.0.5:43498 - "POST /clientes/1/transacoes HTTP/1.0" 200
api01-1  | 172.19.0.5:50014 - "POST /clientes/1/transacoes HTTP/1.0" 200
api01-1  | 172.19.0.5:50026 - "POST /clientes/1/transacoes HTTP/1.0" 200
api02-1  | 172.19.0.5:43510 - "POST /clientes/5/transacoes HTTP/1.0" 200
api01-1  | 172.19.0.5:50030 - "GET /clientes/1/extrato HTTP/1.0" 200
api02-1  | 172.19.0.5:43512 - "POST /clientes/2/transacoes HTTP/1.0" 200
api01-1  | 172.19.0.5:50044 - "POST /clientes/1/transacoes HTTP/1.0" 200
api02-1  | 172.19.0.5:43528 - "POST /clientes/5/transacoes HTTP/1.0" 200
api01-1  | 172.19.0.5:50060 - "POST /clientes/3/transacoes HTTP/1.0" 200
api02-1  | 172.19.0.5:43544 - "POST /clientes/3/transacoes HTTP/1.0" 200
api01-1  | 172.19.0.5:50066 - "POST /clientes/2/transacoes HTTP/1.0" 200
api02-1  | 172.19.0.5:43558 - "POST /clientes/5/transacoes HTTP/1.0" 200
api01-1  | 172.19.0.5:50080 - "POST /clientes/4/transacoes HTTP/1.0" 200
api01-1  | 172.19.0.5:50094 - "GET /clientes/2/extrato HTTP/1.0" 200
api02-1  | 172.19.0.5:43574 - "POST /clientes/5/transacoes HTTP/1.0" 200
api02-1  | 172.19.0.5:43580 - "POST /clientes/4/transacoes HTTP/1.0" 200
api02-1  | 172.19.0.5:43588 - "POST /clientes/5/transacoes HTTP/1.0" 200
api01-1  | 172.19.0.5:50100 - "POST /clientes/1/transacoes HTTP/1.0" 200
api01-1  | 172.19.0.5:50110 - "POST /clientes/1/transacoes HTTP/1.0" 200
api02-1  | 172.19.0.5:43594 - "POST /clientes/4/transacoes HTTP/1.0" 200
api01-1  | 172.19.0.5:50118 - "POST /clientes/4/transacoes HTTP/1.0" 200
api02-1  | 172.19.0.5:43606 - "POST /clientes/1/transacoes HTTP/1.0" 200
api01-1  | 172.19.0.5:50134 - "POST /clientes/4/transacoes HTTP/1.0" 200
api02-1  | 172.19.0.5:43608 - "POST /clientes/4/transacoes HTTP/1.0" 200
api01-1  | 172.19.0.5:50142 - "POST /clientes/5/transacoes HTTP/1.0" 200
api02-1  | 172.19.0.5:43614 - "POST /clientes/4/transacoes HTTP/1.0" 200
api01-1  | 172.19.0.5:50148 - "POST /clientes/1/transacoes HTTP/1.0" 200
api02-1  | 172.19.0.5:43620 - "POST /clientes/1/transacoes HTTP/1.0" 200
api01-1  | 172.19.0.5:50158 - "POST /clientes/5/transacoes HTTP/1.0" 200
api02-1  | 172.19.0.5:43636 - "POST /clientes/5/transacoes HTTP/1.0" 200
api01-1  | 172.19.0.5:50170 - "POST /clientes/1/transacoes HTTP/1.0" 200
api02-1  | 172.19.0.5:43644 - "POST /clientes/4/transacoes HTTP/1.0" 200
api01-1  | 172.19.0.5:50180 - "POST /clientes/3/transacoes HTTP/1.0" 200
api02-1  | 172.19.0.5:43658 - "POST /clientes/5/transacoes HTTP/1.0" 200
api01-1  | 172.19.0.5:50194 - "GET /clientes/2/extrato HTTP/1.0" 200
api01-1  | 172.19.0.5:50192 - "POST /clientes/3/transacoes HTTP/1.0" 200
api02-1  | 172.19.0.5:43666 - "POST /clientes/4/transacoes HTTP/1.0" 200
api02-1  | 172.19.0.5:43680 - "POST /clientes/4/transacoes HTTP/1.0" 200
api01-1  | 172.19.0.5:50206 - "POST /clientes/4/transacoes HTTP/1.0" 200
api02-1  | 172.19.0.5:43692 - "POST /clientes/4/transacoes HTTP/1.0" 200
api01-1  | 172.19.0.5:50216 - "POST /clientes/5/transacoes HTTP/1.0" 200
api02-1  | 172.19.0.5:43694 - "POST /clientes/4/transacoes HTTP/1.0" 200
api01-1  | 172.19.0.5:50228 - "POST /clientes/5/transacoes HTTP/1.0" 200
api02-1  | 172.19.0.5:43700 - "POST /clientes/5/transacoes HTTP/1.0" 200
api01-1  | 172.19.0.5:50236 - "POST /clientes/2/transacoes HTTP/1.0" 200
api02-1  | 172.19.0.5:43712 - "POST /clientes/5/transacoes HTTP/1.0" 200
api01-1  | 172.19.0.5:50252 - "POST /clientes/2/transacoes HTTP/1.0" 200
api01-1  | 172.19.0.5:50254 - "GET /clientes/2/extrato HTTP/1.0" 200
api02-1  | 172.19.0.5:43720 - "POST /clientes/3/transacoes HTTP/1.0" 200
api02-1  | 172.19.0.5:43736 - "POST /clientes/3/transacoes HTTP/1.0" 200
api01-1  | 172.19.0.5:50270 - "POST /clientes/2/transacoes HTTP/1.0" 200
api02-1  | 172.19.0.5:43740 - "POST /clientes/4/transacoes HTTP/1.0" 200
api01-1  | 172.19.0.5:50276 - "POST /clientes/4/transacoes HTTP/1.0" 200
api02-1  | 172.19.0.5:43744 - "POST /clientes/3/transacoes HTTP/1.0" 200
api01-1  | 172.19.0.5:50284 - "POST /clientes/4/transacoes HTTP/1.0" 200
api02-1  | 172.19.0.5:43746 - "POST /clientes/1/transacoes HTTP/1.0" 200
api01-1  | 172.19.0.5:50300 - "POST /clientes/4/transacoes HTTP/1.0" 200
api02-1  | 172.19.0.5:43760 - "POST /clientes/1/transacoes HTTP/1.0" 200
api01-1  | 172.19.0.5:50308 - "POST /clientes/1/transacoes HTTP/1.0" 200
api02-1  | 172.19.0.5:43768 - "POST /clientes/1/transacoes HTTP/1.0" 200
api01-1  | 172.19.0.5:50316 - "GET /clientes/2/extrato HTTP/1.0" 200
api02-1  | 172.19.0.5:43778 - "POST /clientes/1/transacoes HTTP/1.0" 200
api01-1  | 172.19.0.5:50332 - "POST /clientes/3/transacoes HTTP/1.0" 200
api02-1  | 172.19.0.5:43788 - "POST /clientes/2/transacoes HTTP/1.0" 200
api01-1  | 172.19.0.5:50346 - "POST /clientes/1/transacoes HTTP/1.0" 200
api02-1  | 172.19.0.5:43790 - "POST /clientes/2/transacoes HTTP/1.0" 200
api01-1  | 172.19.0.5:50358 - "POST /clientes/4/transacoes HTTP/1.0" 200
api02-1  | 172.19.0.5:43796 - "POST /clientes/1/transacoes HTTP/1.0" 200
api01-1  | 172.19.0.5:50370 - "POST /clientes/2/transacoes HTTP/1.0" 200
api02-1  | 172.19.0.5:43806 - "POST /clientes/3/transacoes HTTP/1.0" 200
api02-1  | 172.19.0.5:43816 - "POST /clientes/2/transacoes HTTP/1.0" 200
api01-1  | 172.19.0.5:50372 - "POST /clientes/4/transacoes HTTP/1.0" 200
api02-1  | 172.19.0.5:43832 - "GET /clientes/3/extrato HTTP/1.0" 200
api01-1  | 172.19.0.5:50376 - "POST /clientes/4/transacoes HTTP/1.0" 200
api02-1  | 172.19.0.5:43846 - "POST /clientes/3/transacoes HTTP/1.0" 200
api01-1  | 172.19.0.5:50378 - "POST /clientes/1/transacoes HTTP/1.0" 200
api02-1  | 172.19.0.5:43858 - "POST /clientes/1/transacoes HTTP/1.0" 200
api01-1  | 172.19.0.5:50380 - "POST /clientes/3/transacoes HTTP/1.0" 200
api02-1  | 172.19.0.5:43874 - "POST /clientes/5/transacoes HTTP/1.0" 200
api01-1  | 172.19.0.5:50388 - "POST /clientes/5/transacoes HTTP/1.0" 200
api02-1  | 172.19.0.5:43890 - "POST /clientes/4/transacoes HTTP/1.0" 200
api01-1  | 172.19.0.5:50402 - "POST /clientes/3/transacoes HTTP/1.0" 200
api01-1  | 172.19.0.5:50416 - "POST /clientes/1/transacoes HTTP/1.0" 200
api02-1  | 172.19.0.5:43900 - "POST /clientes/4/transacoes HTTP/1.0" 200
api02-1  | 172.19.0.5:43906 - "POST /clientes/3/transacoes HTTP/1.0" 200
api01-1  | 172.19.0.5:50426 - "GET /clientes/4/extrato HTTP/1.0" 200
api02-1  | 172.19.0.5:43918 - "POST /clientes/5/transacoes HTTP/1.0" 200
api01-1  | 172.19.0.5:50424 - "POST /clientes/2/transacoes HTTP/1.0" 200
api01-1  | 172.19.0.5:50436 - "POST /clientes/5/transacoes HTTP/1.0" 200
api02-1  | 172.19.0.5:43932 - "POST /clientes/3/transacoes HTTP/1.0" 200
api01-1  | 172.19.0.5:50444 - "POST /clientes/4/transacoes HTTP/1.0" 200
api02-1  | 172.19.0.5:43938 - "POST /clientes/3/transacoes HTTP/1.0" 200
api01-1  | 172.19.0.5:50448 - "POST /clientes/3/transacoes HTTP/1.0" 200
api02-1  | 172.19.0.5:43940 - "POST /clientes/2/transacoes HTTP/1.0" 200
api01-1  | 172.19.0.5:50450 - "POST /clientes/2/transacoes HTTP/1.0" 200
api02-1  | 172.19.0.5:43956 - "POST /clientes/2/transacoes HTTP/1.0" 200
api01-1  | 172.19.0.5:50458 - "POST /clientes/3/transacoes HTTP/1.0" 200
api02-1  | 172.19.0.5:43966 - "POST /clientes/4/transacoes HTTP/1.0" 200
api01-1  | 172.19.0.5:50462 - "POST /clientes/4/transacoes HTTP/1.0" 200
api02-1  | 172.19.0.5:43974 - "POST /clientes/5/transacoes HTTP/1.0" 200
api01-1  | 172.19.0.5:50474 - "POST /clientes/3/transacoes HTTP/1.0" 200
api02-1  | 172.19.0.5:43980 - "POST /clientes/1/transacoes HTTP/1.0" 200
api01-1  | 172.19.0.5:50476 - "POST /clientes/5/transacoes HTTP/1.0" 200
api02-1  | 172.19.0.5:43982 - "POST /clientes/1/transacoes HTTP/1.0" 200
api01-1  | 172.19.0.5:50478 - "POST /clientes/5/transacoes HTTP/1.0" 200
api02-1  | 172.19.0.5:43994 - "POST /clientes/4/transacoes HTTP/1.0" 200
api01-1  | 172.19.0.5:50486 - "POST /clientes/3/transacoes HTTP/1.0" 200
api02-1  | 172.19.0.5:44004 - "POST /clientes/4/transacoes HTTP/1.0" 200
api01-1  | 172.19.0.5:50488 - "POST /clientes/1/transacoes HTTP/1.0" 200
api02-1  | 172.19.0.5:44018 - "POST /clientes/5/transacoes HTTP/1.0" 200
api01-1  | 172.19.0.5:50492 - "POST /clientes/3/transacoes HTTP/1.0" 200
api02-1  | 172.19.0.5:44032 - "POST /clientes/5/transacoes HTTP/1.0" 200
api01-1  | 172.19.0.5:50496 - "POST /clientes/1/transacoes HTTP/1.0" 200
api02-1  | 172.19.0.5:44036 - "POST /clientes/2/transacoes HTTP/1.0" 200
api01-1  | 172.19.0.5:50502 - "POST /clientes/5/transacoes HTTP/1.0" 200
api01-1  | 172.19.0.5:50512 - "GET /clientes/4/extrato HTTP/1.0" 200
api02-1  | 172.19.0.5:44058 - "POST /clientes/3/transacoes HTTP/1.0" 200
api02-1  | 172.19.0.5:44048 - "POST /clientes/1/transacoes HTTP/1.0" 200
api02-1  | 172.19.0.5:44074 - "POST /clientes/2/transacoes HTTP/1.0" 200
api01-1  | 172.19.0.5:50526 - "POST /clientes/5/transacoes HTTP/1.0" 200
api02-1  | 172.19.0.5:44084 - "POST /clientes/4/transacoes HTTP/1.0" 200
api01-1  | 172.19.0.5:50528 - "POST /clientes/4/transacoes HTTP/1.0" 200
api02-1  | 172.19.0.5:44092 - "POST /clientes/5/transacoes HTTP/1.0" 200
api01-1  | 172.19.0.5:50530 - "POST /clientes/5/transacoes HTTP/1.0" 200
api02-1  | 172.19.0.5:44094 - "POST /clientes/1/transacoes HTTP/1.0" 200
api02-1  | 172.19.0.5:44098 - "POST /clientes/2/transacoes HTTP/1.0" 200
api01-1  | 172.19.0.5:50544 - "POST /clientes/2/transacoes HTTP/1.0" 200
api01-1  | 172.19.0.5:50552 - "POST /clientes/1/transacoes HTTP/1.0" 200
api02-1  | 172.19.0.5:44114 - "POST /clientes/3/transacoes HTTP/1.0" 200
api01-1  | 172.19.0.5:50554 - "POST /clientes/1/transacoes HTTP/1.0" 200
api01-1  | 172.19.0.5:50562 - "POST /clientes/1/transacoes HTTP/1.0" 200
api01-1  | 172.19.0.5:50574 - "POST /clientes/2/transacoes HTTP/1.0" 200
api02-1  | 172.19.0.5:44126 - "GET /clientes/3/extrato HTTP/1.0" 200
api02-1  | 172.19.0.5:44130 - "POST /clientes/2/transacoes HTTP/1.0" 200
api01-1  | 172.19.0.5:50584 - "POST /clientes/5/transacoes HTTP/1.0" 200
api02-1  | 172.19.0.5:44142 - "POST /clientes/5/transacoes HTTP/1.0" 200
api02-1  | 172.19.0.5:44146 - "POST /clientes/4/transacoes HTTP/1.0" 200
api01-1  | 172.19.0.5:39622 - "POST /clientes/1/transacoes HTTP/1.0" 200
api02-1  | 172.19.0.5:36966 - "POST /clientes/2/transacoes HTTP/1.0" 200
api01-1  | 172.19.0.5:39628 - "POST /clientes/2/transacoes HTTP/1.0" 200
api02-1  | 172.19.0.5:36972 - "POST /clientes/2/transacoes HTTP/1.0" 200
api01-1  | 172.19.0.5:39644 - "POST /clientes/4/transacoes HTTP/1.0" 200
api02-1  | 172.19.0.5:36980 - "POST /clientes/5/transacoes HTTP/1.0" 200
api01-1  | 172.19.0.5:39648 - "POST /clientes/2/transacoes HTTP/1.0" 200
api02-1  | 172.19.0.5:36990 - "POST /clientes/2/transacoes HTTP/1.0" 200
api01-1  | 172.19.0.5:39650 - "POST /clientes/5/transacoes HTTP/1.0" 200
api01-1  | 172.19.0.5:39664 - "POST /clientes/3/transacoes HTTP/1.0" 200
api01-1  | 172.19.0.5:39670 - "GET /clientes/2/extrato HTTP/1.0" 200
api02-1  | 172.19.0.5:37004 - "POST /clientes/5/transacoes HTTP/1.0" 200
api02-1  | 172.19.0.5:37012 - "POST /clientes/4/transacoes HTTP/1.0" 200
api01-1  | 172.19.0.5:39672 - "POST /clientes/4/transacoes HTTP/1.0" 200
api02-1  | 172.19.0.5:37020 - "POST /clientes/1/transacoes HTTP/1.0" 200
api01-1  | 172.19.0.5:39678 - "POST /clientes/3/transacoes HTTP/1.0" 200
api02-1  | 172.19.0.5:37022 - "POST /clientes/1/transacoes HTTP/1.0" 200
api01-1  | 172.19.0.5:39686 - "POST /clientes/1/transacoes HTTP/1.0" 200
api02-1  | 172.19.0.5:37038 - "POST /clientes/5/transacoes HTTP/1.0" 200
db-1     | 2024-02-12 00:42:07.595 GMT [102] FATAL:  role "root" does not exist
api01-1  | 172.19.0.5:39700 - "POST /clientes/4/transacoes HTTP/1.0" 200
api02-1  | 172.19.0.5:37044 - "POST /clientes/4/transacoes HTTP/1.0" 200
api01-1  | 172.19.0.5:39704 - "POST /clientes/1/transacoes HTTP/1.0" 200
api02-1  | 172.19.0.5:37056 - "POST /clientes/2/transacoes HTTP/1.0" 200
api01-1  | 172.19.0.5:39706 - "POST /clientes/1/transacoes HTTP/1.0" 200
api02-1  | 172.19.0.5:37064 - "POST /clientes/1/transacoes HTTP/1.0" 200
api01-1  | 172.19.0.5:39710 - "POST /clientes/4/transacoes HTTP/1.0" 200
api02-1  | 172.19.0.5:37076 - "POST /clientes/3/transacoes HTTP/1.0" 200
api01-1  | 172.19.0.5:39718 - "POST /clientes/3/transacoes HTTP/1.0" 200
api02-1  | 172.19.0.5:37082 - "GET /clientes/2/extrato HTTP/1.0" 200
api02-1  | 172.19.0.5:37080 - "POST /clientes/3/transacoes HTTP/1.0" 200
api01-1  | 172.19.0.5:39730 - "POST /clientes/2/transacoes HTTP/1.0" 200
api01-1  | 172.19.0.5:39736 - "POST /clientes/4/transacoes HTTP/1.0" 200
api02-1  | 172.19.0.5:37090 - "POST /clientes/1/transacoes HTTP/1.0" 200
api01-1  | 172.19.0.5:39750 - "POST /clientes/5/transacoes HTTP/1.0" 200
api02-1  | 172.19.0.5:37098 - "POST /clientes/3/transacoes HTTP/1.0" 200
api01-1  | 172.19.0.5:39766 - "POST /clientes/5/transacoes HTTP/1.0" 200
api02-1  | 172.19.0.5:37110 - "POST /clientes/5/transacoes HTTP/1.0" 200
api01-1  | 172.19.0.5:39780 - "POST /clientes/4/transacoes HTTP/1.0" 200
api02-1  | 172.19.0.5:37126 - "POST /clientes/1/transacoes HTTP/1.0" 200
api01-1  | 172.19.0.5:39794 - "POST /clientes/5/transacoes HTTP/1.0" 200
api02-1  | 172.19.0.5:37140 - "POST /clientes/5/transacoes HTTP/1.0" 200
api01-1  | 172.19.0.5:39802 - "POST /clientes/4/transacoes HTTP/1.0" 200
api02-1  | 172.19.0.5:37142 - "POST /clientes/3/transacoes HTTP/1.0" 200
api01-1  | 172.19.0.5:39808 - "POST /clientes/1/transacoes HTTP/1.0" 200
api02-1  | 172.19.0.5:37158 - "POST /clientes/4/transacoes HTTP/1.0" 200
api01-1  | 172.19.0.5:39820 - "POST /clientes/1/transacoes HTTP/1.0" 200
api02-1  | 172.19.0.5:37164 - "GET /clientes/4/extrato HTTP/1.0" 200
api02-1  | 172.19.0.5:37174 - "POST /clientes/5/transacoes HTTP/1.0" 200
api01-1  | 172.19.0.5:39822 - "POST /clientes/2/transacoes HTTP/1.0" 200
api02-1  | 172.19.0.5:37176 - "POST /clientes/1/transacoes HTTP/1.0" 200
api02-1  | 172.19.0.5:37188 - "POST /clientes/3/transacoes HTTP/1.0" 200
api01-1  | 172.19.0.5:39834 - "POST /clientes/5/transacoes HTTP/1.0" 200
api01-1  | 172.19.0.5:39840 - "POST /clientes/5/transacoes HTTP/1.0" 200
api02-1  | 172.19.0.5:37202 - "POST /clientes/5/transacoes HTTP/1.0" 200
api01-1  | 172.19.0.5:39844 - "POST /clientes/5/transacoes HTTP/1.0" 200
api02-1  | 172.19.0.5:37206 - "POST /clientes/2/transacoes HTTP/1.0" 200
api01-1  | 172.19.0.5:39848 - "POST /clientes/1/transacoes HTTP/1.0" 200
api02-1  | 172.19.0.5:37210 - "POST /clientes/5/transacoes HTTP/1.0" 200
api01-1  | 172.19.0.5:39858 - "POST /clientes/1/transacoes HTTP/1.0" 200
api01-1  | 172.19.0.5:39870 - "POST /clientes/5/transacoes HTTP/1.0" 200
api02-1  | 172.19.0.5:37220 - "POST /clientes/1/transacoes HTTP/1.0" 200
api01-1  | 172.19.0.5:39884 - "POST /clientes/4/transacoes HTTP/1.0" 200
api02-1  | 172.19.0.5:37234 - "POST /clientes/4/transacoes HTTP/1.0" 200
api01-1  | 172.19.0.5:39886 - "POST /clientes/2/transacoes HTTP/1.0" 200
api02-1  | 172.19.0.5:37244 - "POST /clientes/5/transacoes HTTP/1.0" 200
api02-1  | 172.19.0.5:37252 - "GET /clientes/5/extrato HTTP/1.0" 200
api01-1  | 172.19.0.5:39888 - "POST /clientes/3/transacoes HTTP/1.0" 200
api02-1  | 172.19.0.5:37266 - "POST /clientes/4/transacoes HTTP/1.0" 200
api01-1  | 172.19.0.5:39896 - "POST /clientes/2/transacoes HTTP/1.0" 200
api01-1  | 172.19.0.5:39912 - "POST /clientes/4/transacoes HTTP/1.0" 200
api02-1  | 172.19.0.5:37272 - "POST /clientes/2/transacoes HTTP/1.0" 200
api02-1  | 172.19.0.5:37284 - "POST /clientes/4/transacoes HTTP/1.0" 200
api01-1  | 172.19.0.5:39926 - "POST /clientes/3/transacoes HTTP/1.0" 200
api01-1  | 172.19.0.5:39938 - "POST /clientes/2/transacoes HTTP/1.0" 200
api02-1  | 172.19.0.5:37290 - "POST /clientes/5/transacoes HTTP/1.0" 200
api01-1  | 172.19.0.5:39948 - "POST /clientes/2/transacoes HTTP/1.0" 200
api02-1  | 172.19.0.5:37296 - "POST /clientes/2/transacoes HTTP/1.0" 200
api01-1  | 172.19.0.5:39956 - "POST /clientes/1/transacoes HTTP/1.0" 200
api02-1  | 172.19.0.5:37304 - "POST /clientes/5/transacoes HTTP/1.0" 200
api01-1  | 172.19.0.5:39960 - "POST /clientes/3/transacoes HTTP/1.0" 200
api02-1  | 172.19.0.5:37316 - "POST /clientes/1/transacoes HTTP/1.0" 422
api01-1  | 172.19.0.5:39974 - "POST /clientes/5/transacoes HTTP/1.0" 200
api02-1  | 172.19.0.5:37320 - "POST /clientes/4/transacoes HTTP/1.0" 200
api01-1  | 172.19.0.5:39986 - "POST /clientes/5/transacoes HTTP/1.0" 200
api02-1  | 172.19.0.5:37334 - "GET /clientes/5/extrato HTTP/1.0" 200
api01-1  | 172.19.0.5:40002 - "POST /clientes/2/transacoes HTTP/1.0" 200
api02-1  | 172.19.0.5:37338 - "POST /clientes/2/transacoes HTTP/1.0" 200
api01-1  | 172.19.0.5:40010 - "POST /clientes/2/transacoes HTTP/1.0" 200
api02-1  | 172.19.0.5:37352 - "POST /clientes/3/transacoes HTTP/1.0" 200
api01-1  | 172.19.0.5:40018 - "POST /clientes/5/transacoes HTTP/1.0" 200
api02-1  | 172.19.0.5:37368 - "POST /clientes/1/transacoes HTTP/1.0" 422
api01-1  | 172.19.0.5:40034 - "POST /clientes/3/transacoes HTTP/1.0" 200
api02-1  | 172.19.0.5:37376 - "POST /clientes/2/transacoes HTTP/1.0" 200
api01-1  | 172.19.0.5:40048 - "POST /clientes/5/transacoes HTTP/1.0" 200
api02-1  | 172.19.0.5:37378 - "POST /clientes/2/transacoes HTTP/1.0" 200
api01-1  | 172.19.0.5:40062 - "POST /clientes/4/transacoes HTTP/1.0" 200
api02-1  | 172.19.0.5:37382 - "POST /clientes/1/transacoes HTTP/1.0" 422
api01-1  | 172.19.0.5:40070 - "POST /clientes/2/transacoes HTTP/1.0" 200
api02-1  | 172.19.0.5:37384 - "POST /clientes/1/transacoes HTTP/1.0" 422
