 Network rinha-nginx-2024q1  Creating
 Network rinha-nginx-2024q1  Created
 Container rdenadai_python-db-1  Creating
 Container rdenadai_python-db-1  Created
 Container rdenadai_python-api02-1  Creating
 Container rdenadai_python-api01-1  Creating
 Container rdenadai_python-api02-1  Created
 Container rdenadai_python-api01-1  Created
 Container rdenadai_python-nginx-1  Creating
 Container rdenadai_python-nginx-1  Created
Attaching to api01-1, api02-1, db-1, nginx-1
db-1     | The files belonging to this database system will be owned by user "postgres".
db-1     | This user must also own the server process.
db-1     | 
db-1     | The database cluster will be initialized with locale "en_US.utf8".
db-1     | The default database encoding has accordingly been set to "UTF8".
db-1     | The default text search configuration will be set to "english".
db-1     | 
db-1     | Data page checksums are disabled.
db-1     | 
db-1     | fixing permissions on existing directory /var/lib/postgresql/data ... ok
db-1     | creating subdirectories ... ok
db-1     | selecting dynamic shared memory implementation ... posix
db-1     | selecting default max_connections ... 100
db-1     | selecting default shared_buffers ... 128MB
db-1     | selecting default time zone ... UTC
db-1     | creating configuration files ... ok
db-1     | running bootstrap script ... ok
db-1     | sh: locale: not found
db-1     | 2024-02-10 08:23:55.041 UTC [31] WARNING:  no usable system locales were found
db-1     | performing post-bootstrap initialization ... ok
db-1     | syncing data to disk ... ok
db-1     | 
db-1     | 
db-1     | Success. You can now start the database server using:
db-1     | 
db-1     |     pg_ctl -D /var/lib/postgresql/data -l logfile start
db-1     | 
db-1     | initdb: warning: enabling "trust" authentication for local connections
db-1     | initdb: hint: You can change this by editing pg_hba.conf or using the option -A, or --auth-local and --auth-host, the next time you run initdb.
db-1     | waiting for server to start....2024-02-10 08:23:57.996 GMT [37] LOG:  starting PostgreSQL 16.1 on x86_64-pc-linux-musl, compiled by gcc (Alpine 13.2.1_git20231014) 13.2.1 20231014, 64-bit
db-1     | 2024-02-10 08:23:58.002 GMT [37] LOG:  listening on Unix socket "/var/run/postgresql/.s.PGSQL.5432"
db-1     | 2024-02-10 08:23:58.017 GMT [40] LOG:  database system was shut down at 2024-02-10 08:23:56 GMT
db-1     | 2024-02-10 08:23:58.029 GMT [37] LOG:  database system is ready to accept connections
db-1     |  done
db-1     | server started
db-1     | CREATE DATABASE
db-1     | 
db-1     | 
db-1     | /usr/local/bin/docker-entrypoint.sh: running /docker-entrypoint-initdb.d/init.sql
db-1     | CREATE TABLE
db-1     | CREATE TABLE
db-1     | CREATE TABLE
db-1     | CREATE TYPE
db-1     | CREATE FUNCTION
db-1     | DO
db-1     | 
db-1     | 
db-1     | /usr/local/bin/docker-entrypoint.sh: ignoring /docker-entrypoint-initdb.d/postgresql.conf
db-1     | 
db-1     | waiting for server to shut down...2024-02-10 08:23:58.432 GMT [37] LOG:  received fast shutdown request
db-1     | .2024-02-10 08:23:58.434 GMT [37] LOG:  aborting any active transactions
db-1     | 2024-02-10 08:23:58.438 GMT [37] LOG:  background worker "logical replication launcher" (PID 42) exited with exit code 1
db-1     | 2024-02-10 08:23:58.494 GMT [38] LOG:  shutting down
db-1     | 2024-02-10 08:23:58.509 GMT [38] LOG:  checkpoint starting: shutdown immediate
db-1     | 2024-02-10 08:23:58.876 GMT [38] LOG:  checkpoint complete: wrote 946 buffers (1.4%); 0 WAL file(s) added, 0 removed, 0 recycled; write=0.306 s, sync=0.028 s, total=0.382 s; sync files=310, longest=0.004 s, average=0.001 s; distance=4331 kB, estimate=4331 kB; lsn=0/192B060, redo lsn=0/192B060
db-1     | 2024-02-10 08:23:58.919 GMT [37] LOG:  database system is shut down
db-1     |  done
db-1     | server stopped
db-1     | 
db-1     | PostgreSQL init process complete; ready for start up.
db-1     | 
db-1     | 2024-02-10 08:23:59.200 GMT [1] LOG:  starting PostgreSQL 16.1 on x86_64-pc-linux-musl, compiled by gcc (Alpine 13.2.1_git20231014) 13.2.1 20231014, 64-bit
db-1     | 2024-02-10 08:23:59.201 GMT [1] LOG:  listening on IPv4 address "0.0.0.0", port 5432
db-1     | 2024-02-10 08:23:59.201 GMT [1] LOG:  listening on IPv6 address "::", port 5432
db-1     | 2024-02-10 08:23:59.212 GMT [1] LOG:  listening on Unix socket "/var/run/postgresql/.s.PGSQL.5432"
db-1     | 2024-02-10 08:23:59.225 GMT [54] LOG:  database system was shut down at 2024-02-10 08:23:58 GMT
db-1     | 2024-02-10 08:23:59.235 GMT [1] LOG:  database system is ready to accept connections
db-1     | 2024-02-10 08:24:03.726 GMT [63] FATAL:  role "root" does not exist
nginx-1  | /docker-entrypoint.sh: /docker-entrypoint.d/ is not empty, will attempt to perform configuration
nginx-1  | /docker-entrypoint.sh: Looking for shell scripts in /docker-entrypoint.d/
nginx-1  | /docker-entrypoint.sh: Launching /docker-entrypoint.d/10-listen-on-ipv6-by-default.sh
nginx-1  | 10-listen-on-ipv6-by-default.sh: info: Getting the checksum of /etc/nginx/conf.d/default.conf
nginx-1  | 10-listen-on-ipv6-by-default.sh: info: Enabled listen on IPv6 in /etc/nginx/conf.d/default.conf
nginx-1  | /docker-entrypoint.sh: Launching /docker-entrypoint.d/20-envsubst-on-templates.sh
nginx-1  | /docker-entrypoint.sh: Launching /docker-entrypoint.d/30-tune-worker-processes.sh
nginx-1  | /docker-entrypoint.sh: Configuration complete; ready for start up
nginx-1  | 2024/02/10 08:24:06 [alert] 29#29: setrlimit(RLIMIT_NOFILE, 500000) failed (1: Operation not permitted)
nginx-1  | 2024/02/10 08:24:06 [alert] 31#31: setrlimit(RLIMIT_NOFILE, 500000) failed (1: Operation not permitted)
nginx-1  | 2024/02/10 08:24:06 [alert] 32#32: setrlimit(RLIMIT_NOFILE, 500000) failed (1: Operation not permitted)
nginx-1  | 2024/02/10 08:24:06 [alert] 30#30: setrlimit(RLIMIT_NOFILE, 500000) failed (1: Operation not permitted)
nginx-1  | 2024/02/10 08:24:07 [error] 29#29: *1 connect() failed (111: Connection refused) while connecting to upstream, client: 192.168.192.1, server: , request: "GET /clientes/1/extrato HTTP/1.1", upstream: "http://192.168.192.4:8080/clientes/1/extrato", host: "localhost:9999"
nginx-1  | 2024/02/10 08:24:07 [error] 29#29: *1 connect() failed (111: Connection refused) while connecting to upstream, client: 192.168.192.1, server: , request: "GET /clientes/1/extrato HTTP/1.1", upstream: "http://192.168.192.3:8080/clientes/1/extrato", host: "localhost:9999"
nginx-1  | 2024/02/10 08:24:09 [error] 31#31: *4 connect() failed (111: Connection refused) while connecting to upstream, client: 192.168.192.1, server: , request: "GET /clientes/1/extrato HTTP/1.1", upstream: "http://192.168.192.4:8080/clientes/1/extrato", host: "localhost:9999"
nginx-1  | 2024/02/10 08:24:09 [error] 31#31: *4 connect() failed (111: Connection refused) while connecting to upstream, client: 192.168.192.1, server: , request: "GET /clientes/1/extrato HTTP/1.1", upstream: "http://192.168.192.3:8080/clientes/1/extrato", host: "localhost:9999"
api02-1  | [2024-02-10 08:24:09 +0000] [6] [INFO] Starting gunicorn 21.2.0
api02-1  | [2024-02-10 08:24:09 +0000] [6] [INFO] Listening at: http://0.0.0.0:8080 (6)
api02-1  | [2024-02-10 08:24:09 +0000] [6] [INFO] Using worker: uvicorn.workers.UvicornWorker
api02-1  | [2024-02-10 08:24:09 +0000] [7] [INFO] Booting worker with pid: 7
api01-1  | [2024-02-10 08:24:09 +0000] [6] [INFO] Starting gunicorn 21.2.0
api01-1  | [2024-02-10 08:24:09 +0000] [6] [INFO] Listening at: http://0.0.0.0:8080 (6)
api01-1  | [2024-02-10 08:24:09 +0000] [6] [INFO] Using worker: uvicorn.workers.UvicornWorker
api01-1  | [2024-02-10 08:24:09 +0000] [7] [INFO] Booting worker with pid: 7
api02-1  | [2024-02-10 08:24:10 +0000] [7] [INFO] Started server process [7]
api02-1  | [2024-02-10 08:24:10 +0000] [7] [INFO] Waiting for application startup.
api01-1  | [2024-02-10 08:24:10 +0000] [7] [INFO] Started server process [7]
api01-1  | [2024-02-10 08:24:10 +0000] [7] [INFO] Waiting for application startup.
api02-1  | [2024-02-10 08:24:12 +0000] [7] [INFO] Application startup complete.
api01-1  | [2024-02-10 08:24:13 +0000] [7] [INFO] Application startup complete.
api01-1  | 192.168.192.5:44056 - "GET /clientes/1/extrato HTTP/1.0" 200
api01-1  | 192.168.192.5:44060 - "GET /clientes/1/extrato HTTP/1.0" 200
db-1     | 2024-02-10 08:24:13.836 GMT [89] FATAL:  role "root" does not exist
db-1     | 2024-02-10 08:24:23.965 GMT [96] FATAL:  role "root" does not exist
api02-1  | 192.168.192.5:48258 - "GET /clientes/1/extrato HTTP/1.0" 200
api02-1  | 192.168.192.5:48270 - "GET /clientes/6/extrato HTTP/1.0" 404
api01-1  | 192.168.192.5:54960 - "POST /clientes/1/transacoes HTTP/1.0" 200
api02-1  | 192.168.192.5:48274 - "POST /clientes/1/transacoes HTTP/1.0" 200
api01-1  | 192.168.192.5:54968 - "GET /clientes/1/extrato HTTP/1.0" 200
api02-1  | 192.168.192.5:48278 - "POST /clientes/1/transacoes HTTP/1.0" 422
api01-1  | 192.168.192.5:54980 - "POST /clientes/1/transacoes HTTP/1.0" 422
api02-1  | 192.168.192.5:48286 - "POST /clientes/1/transacoes HTTP/1.0" 422
api01-1  | 192.168.192.5:54992 - "POST /clientes/1/transacoes HTTP/1.0" 422
api02-1  | 192.168.192.5:48296 - "POST /clientes/1/transacoes HTTP/1.0" 422
api01-1  | 192.168.192.5:54998 - "GET /clientes/3/extrato HTTP/1.0" 200
api02-1  | 192.168.192.5:48310 - "POST /clientes/1/transacoes HTTP/1.0" 200
api01-1  | 192.168.192.5:55014 - "POST /clientes/4/transacoes HTTP/1.0" 200
api02-1  | 192.168.192.5:48316 - "GET /clientes/5/extrato HTTP/1.0" 200
api01-1  | 192.168.192.5:55022 - "POST /clientes/4/transacoes HTTP/1.0" 200
api02-1  | 192.168.192.5:48320 - "POST /clientes/5/transacoes HTTP/1.0" 200
api01-1  | 192.168.192.5:55034 - "POST /clientes/1/transacoes HTTP/1.0" 200
api01-1  | 192.168.192.5:55038 - "POST /clientes/2/transacoes HTTP/1.0" 200
api02-1  | 192.168.192.5:48332 - "POST /clientes/4/transacoes HTTP/1.0" 200
api02-1  | 192.168.192.5:48362 - "GET /clientes/4/extrato HTTP/1.0" 200
api02-1  | 192.168.192.5:48384 - "POST /clientes/4/transacoes HTTP/1.0" 200
api02-1  | 192.168.192.5:48348 - "POST /clientes/5/transacoes HTTP/1.0" 200
api01-1  | 192.168.192.5:55040 - "POST /clientes/4/transacoes HTTP/1.0" 200
api01-1  | 192.168.192.5:55042 - "POST /clientes/1/transacoes HTTP/1.0" 200
api02-1  | 192.168.192.5:48368 - "POST /clientes/1/transacoes HTTP/1.0" 200
api01-1  | 192.168.192.5:55050 - "POST /clientes/4/transacoes HTTP/1.0" 200
api02-1  | 192.168.192.5:48396 - "POST /clientes/5/transacoes HTTP/1.0" 200
api01-1  | 192.168.192.5:55054 - "POST /clientes/2/transacoes HTTP/1.0" 200
api01-1  | 192.168.192.5:55066 - "POST /clientes/2/transacoes HTTP/1.0" 200
api02-1  | 192.168.192.5:48400 - "POST /clientes/3/transacoes HTTP/1.0" 200
api01-1  | 192.168.192.5:55082 - "POST /clientes/2/transacoes HTTP/1.0" 200
api01-1  | 192.168.192.5:55088 - "GET /clientes/3/extrato HTTP/1.0" 200
api02-1  | 192.168.192.5:48402 - "POST /clientes/2/transacoes HTTP/1.0" 200
api02-1  | 192.168.192.5:48418 - "POST /clientes/1/transacoes HTTP/1.0" 200
api01-1  | 192.168.192.5:55098 - "POST /clientes/5/transacoes HTTP/1.0" 200
api02-1  | 192.168.192.5:48422 - "POST /clientes/2/transacoes HTTP/1.0" 200
api01-1  | 192.168.192.5:55112 - "POST /clientes/1/transacoes HTTP/1.0" 200
api02-1  | 192.168.192.5:48436 - "POST /clientes/5/transacoes HTTP/1.0" 200
api01-1  | 192.168.192.5:55120 - "POST /clientes/4/transacoes HTTP/1.0" 200
api02-1  | 192.168.192.5:48440 - "POST /clientes/2/transacoes HTTP/1.0" 200
api01-1  | 192.168.192.5:55134 - "POST /clientes/1/transacoes HTTP/1.0" 200
api02-1  | 192.168.192.5:48454 - "POST /clientes/5/transacoes HTTP/1.0" 200
api01-1  | 192.168.192.5:55138 - "POST /clientes/1/transacoes HTTP/1.0" 200
api01-1  | 192.168.192.5:55146 - "GET /clientes/1/extrato HTTP/1.0" 200
api02-1  | 192.168.192.5:48474 - "POST /clientes/3/transacoes HTTP/1.0" 200
api02-1  | 192.168.192.5:48468 - "POST /clientes/2/transacoes HTTP/1.0" 200
api01-1  | 192.168.192.5:55148 - "POST /clientes/3/transacoes HTTP/1.0" 200
api02-1  | 192.168.192.5:48486 - "POST /clientes/5/transacoes HTTP/1.0" 200
api01-1  | 192.168.192.5:55152 - "POST /clientes/5/transacoes HTTP/1.0" 200
api02-1  | 192.168.192.5:48500 - "POST /clientes/5/transacoes HTTP/1.0" 200
api01-1  | 192.168.192.5:55154 - "POST /clientes/3/transacoes HTTP/1.0" 200
api02-1  | 192.168.192.5:48512 - "POST /clientes/4/transacoes HTTP/1.0" 200
api01-1  | 192.168.192.5:55162 - "POST /clientes/2/transacoes HTTP/1.0" 200
api02-1  | 192.168.192.5:48520 - "POST /clientes/5/transacoes HTTP/1.0" 200
api01-1  | 192.168.192.5:55178 - "POST /clientes/5/transacoes HTTP/1.0" 200
api02-1  | 192.168.192.5:48526 - "POST /clientes/1/transacoes HTTP/1.0" 200
api01-1  | 192.168.192.5:55186 - "POST /clientes/5/transacoes HTTP/1.0" 200
api02-1  | 192.168.192.5:48540 - "POST /clientes/3/transacoes HTTP/1.0" 200
api01-1  | 192.168.192.5:55198 - "GET /clientes/3/extrato HTTP/1.0" 200
api02-1  | 192.168.192.5:48554 - "POST /clientes/4/transacoes HTTP/1.0" 200
api01-1  | 192.168.192.5:55206 - "POST /clientes/1/transacoes HTTP/1.0" 200
api02-1  | 192.168.192.5:48556 - "POST /clientes/1/transacoes HTTP/1.0" 200
api01-1  | 192.168.192.5:55210 - "POST /clientes/5/transacoes HTTP/1.0" 200
api02-1  | 192.168.192.5:48570 - "POST /clientes/4/transacoes HTTP/1.0" 200
api01-1  | 192.168.192.5:55226 - "POST /clientes/5/transacoes HTTP/1.0" 200
api02-1  | 192.168.192.5:48586 - "POST /clientes/3/transacoes HTTP/1.0" 200
api01-1  | 192.168.192.5:55240 - "POST /clientes/4/transacoes HTTP/1.0" 200
api02-1  | 192.168.192.5:48592 - "POST /clientes/1/transacoes HTTP/1.0" 200
api01-1  | 192.168.192.5:55254 - "GET /clientes/2/extrato HTTP/1.0" 200
api02-1  | 192.168.192.5:48598 - "POST /clientes/1/transacoes HTTP/1.0" 200
api01-1  | 192.168.192.5:55258 - "POST /clientes/3/transacoes HTTP/1.0" 200
api02-1  | 192.168.192.5:48614 - "POST /clientes/3/transacoes HTTP/1.0" 200
api01-1  | 192.168.192.5:55264 - "POST /clientes/1/transacoes HTTP/1.0" 200
api02-1  | 192.168.192.5:48616 - "POST /clientes/5/transacoes HTTP/1.0" 200
api01-1  | 192.168.192.5:55280 - "POST /clientes/5/transacoes HTTP/1.0" 200
api02-1  | 192.168.192.5:48628 - "POST /clientes/3/transacoes HTTP/1.0" 200
api01-1  | 192.168.192.5:55290 - "POST /clientes/4/transacoes HTTP/1.0" 200
api02-1  | 192.168.192.5:48658 - "GET /clientes/5/extrato HTTP/1.0" 200
api02-1  | 192.168.192.5:48642 - "POST /clientes/4/transacoes HTTP/1.0" 200
api01-1  | 192.168.192.5:55302 - "POST /clientes/2/transacoes HTTP/1.0" 200
api01-1  | 192.168.192.5:55310 - "POST /clientes/1/transacoes HTTP/1.0" 200
api02-1  | 192.168.192.5:48670 - "POST /clientes/4/transacoes HTTP/1.0" 200
api01-1  | 192.168.192.5:55318 - "POST /clientes/1/transacoes HTTP/1.0" 200
api02-1  | 192.168.192.5:48684 - "POST /clientes/1/transacoes HTTP/1.0" 200
api01-1  | 192.168.192.5:55328 - "POST /clientes/2/transacoes HTTP/1.0" 200
api02-1  | 192.168.192.5:48690 - "POST /clientes/1/transacoes HTTP/1.0" 200
api01-1  | 192.168.192.5:55336 - "POST /clientes/3/transacoes HTTP/1.0" 200
api02-1  | 192.168.192.5:48706 - "POST /clientes/2/transacoes HTTP/1.0" 200
api01-1  | 192.168.192.5:55342 - "POST /clientes/4/transacoes HTTP/1.0" 200
api02-1  | 192.168.192.5:48718 - "POST /clientes/4/transacoes HTTP/1.0" 200
api01-1  | 192.168.192.5:55346 - "POST /clientes/2/transacoes HTTP/1.0" 200
api02-1  | 192.168.192.5:48734 - "POST /clientes/3/transacoes HTTP/1.0" 200
api01-1  | 192.168.192.5:55362 - "POST /clientes/4/transacoes HTTP/1.0" 200
api02-1  | 192.168.192.5:48740 - "POST /clientes/4/transacoes HTTP/1.0" 200
api01-1  | 192.168.192.5:55366 - "POST /clientes/3/transacoes HTTP/1.0" 200
api02-1  | 192.168.192.5:48752 - "POST /clientes/4/transacoes HTTP/1.0" 200
api01-1  | 192.168.192.5:55372 - "POST /clientes/5/transacoes HTTP/1.0" 200
api02-1  | 192.168.192.5:48758 - "POST /clientes/5/transacoes HTTP/1.0" 200
api01-1  | 192.168.192.5:55388 - "GET /clientes/4/extrato HTTP/1.0" 200
api02-1  | 192.168.192.5:48764 - "POST /clientes/3/transacoes HTTP/1.0" 200
api01-1  | 192.168.192.5:55396 - "POST /clientes/5/transacoes HTTP/1.0" 200
api02-1  | 192.168.192.5:48774 - "POST /clientes/3/transacoes HTTP/1.0" 200
api01-1  | 192.168.192.5:55398 - "POST /clientes/3/transacoes HTTP/1.0" 200
api02-1  | 192.168.192.5:48786 - "POST /clientes/3/transacoes HTTP/1.0" 200
api01-1  | 192.168.192.5:55400 - "POST /clientes/1/transacoes HTTP/1.0" 200
api02-1  | 192.168.192.5:48798 - "POST /clientes/4/transacoes HTTP/1.0" 200
api01-1  | 192.168.192.5:55402 - "POST /clientes/5/transacoes HTTP/1.0" 200
api02-1  | 192.168.192.5:48802 - "POST /clientes/3/transacoes HTTP/1.0" 200
api01-1  | 192.168.192.5:55410 - "POST /clientes/3/transacoes HTTP/1.0" 200
api02-1  | 192.168.192.5:48804 - "POST /clientes/5/transacoes HTTP/1.0" 200
api01-1  | 192.168.192.5:55416 - "POST /clientes/2/transacoes HTTP/1.0" 200
api02-1  | 192.168.192.5:48808 - "GET /clientes/1/extrato HTTP/1.0" 200
api01-1  | 192.168.192.5:55424 - "POST /clientes/1/transacoes HTTP/1.0" 200
api02-1  | 192.168.192.5:48820 - "POST /clientes/5/transacoes HTTP/1.0" 200
api01-1  | 192.168.192.5:55428 - "POST /clientes/1/transacoes HTTP/1.0" 200
api02-1  | 192.168.192.5:48830 - "POST /clientes/2/transacoes HTTP/1.0" 200
api01-1  | 192.168.192.5:55442 - "POST /clientes/1/transacoes HTTP/1.0" 200
api02-1  | 192.168.192.5:48836 - "POST /clientes/2/transacoes HTTP/1.0" 200
api01-1  | 192.168.192.5:55444 - "POST /clientes/2/transacoes HTTP/1.0" 200
api02-1  | 192.168.192.5:48842 - "POST /clientes/4/transacoes HTTP/1.0" 200
api01-1  | 192.168.192.5:55450 - "POST /clientes/3/transacoes HTTP/1.0" 200
api02-1  | 192.168.192.5:48856 - "POST /clientes/1/transacoes HTTP/1.0" 200
api01-1  | 192.168.192.5:55456 - "POST /clientes/4/transacoes HTTP/1.0" 200
api02-1  | 192.168.192.5:48860 - "GET /clientes/2/extrato HTTP/1.0" 200
api02-1  | 192.168.192.5:48866 - "POST /clientes/3/transacoes HTTP/1.0" 200
api01-1  | 192.168.192.5:55472 - "POST /clientes/2/transacoes HTTP/1.0" 200
api01-1  | 192.168.192.5:48594 - "POST /clientes/5/transacoes HTTP/1.0" 200
db-1     | 2024-02-10 08:24:34.074 GMT [103] FATAL:  role "root" does not exist
api02-1  | 192.168.192.5:48354 - "POST /clientes/2/transacoes HTTP/1.0" 200
api01-1  | 192.168.192.5:48606 - "POST /clientes/5/transacoes HTTP/1.0" 200
api02-1  | 192.168.192.5:48364 - "POST /clientes/5/transacoes HTTP/1.0" 200
api01-1  | 192.168.192.5:48622 - "POST /clientes/2/transacoes HTTP/1.0" 200
api02-1  | 192.168.192.5:48366 - "POST /clientes/3/transacoes HTTP/1.0" 200
api02-1  | 192.168.192.5:48370 - "POST /clientes/1/transacoes HTTP/1.0" 200
api02-1  | 192.168.192.5:48372 - "POST /clientes/5/transacoes HTTP/1.0" 200
api01-1  | 192.168.192.5:48634 - "POST /clientes/1/transacoes HTTP/1.0" 200
api01-1  | 192.168.192.5:48644 - "POST /clientes/5/transacoes HTTP/1.0" 200
api01-1  | 192.168.192.5:48650 - "POST /clientes/1/transacoes HTTP/1.0" 200
api02-1  | 192.168.192.5:48388 - "GET /clientes/4/extrato HTTP/1.0" 200
api02-1  | 192.168.192.5:48380 - "POST /clientes/1/transacoes HTTP/1.0" 200
api01-1  | 192.168.192.5:48654 - "POST /clientes/1/transacoes HTTP/1.0" 200
api01-1  | 192.168.192.5:48660 - "POST /clientes/5/transacoes HTTP/1.0" 200
api02-1  | 192.168.192.5:48390 - "POST /clientes/4/transacoes HTTP/1.0" 200
api02-1  | 192.168.192.5:48398 - "POST /clientes/3/transacoes HTTP/1.0" 200
api01-1  | 192.168.192.5:48676 - "POST /clientes/1/transacoes HTTP/1.0" 200
api02-1  | 192.168.192.5:48414 - "POST /clientes/1/transacoes HTTP/1.0" 200
api01-1  | 192.168.192.5:48678 - "POST /clientes/3/transacoes HTTP/1.0" 200
api01-1  | 192.168.192.5:48688 - "POST /clientes/4/transacoes HTTP/1.0" 200
api02-1  | 192.168.192.5:48422 - "POST /clientes/4/transacoes HTTP/1.0" 200
api02-1  | 192.168.192.5:48434 - "POST /clientes/4/transacoes HTTP/1.0" 200
api01-1  | 192.168.192.5:48696 - "GET /clientes/2/extrato HTTP/1.0" 200
api01-1  | 192.168.192.5:48702 - "POST /clientes/4/transacoes HTTP/1.0" 200
api02-1  | 192.168.192.5:48446 - "POST /clientes/2/transacoes HTTP/1.0" 200
api01-1  | 192.168.192.5:48716 - "POST /clientes/5/transacoes HTTP/1.0" 200
api02-1  | 192.168.192.5:48458 - "POST /clientes/5/transacoes HTTP/1.0" 200
api01-1  | 192.168.192.5:48728 - "POST /clientes/2/transacoes HTTP/1.0" 200
api02-1  | 192.168.192.5:48468 - "POST /clientes/1/transacoes HTTP/1.0" 200
api01-1  | 192.168.192.5:48736 - "POST /clientes/2/transacoes HTTP/1.0" 200
api02-1  | 192.168.192.5:48482 - "POST /clientes/4/transacoes HTTP/1.0" 200
api01-1  | 192.168.192.5:48746 - "POST /clientes/3/transacoes HTTP/1.0" 200
api02-1  | 192.168.192.5:48498 - "POST /clientes/3/transacoes HTTP/1.0" 200
api01-1  | 192.168.192.5:48748 - "POST /clientes/2/transacoes HTTP/1.0" 200
api02-1  | 192.168.192.5:48508 - "POST /clientes/5/transacoes HTTP/1.0" 200
api01-1  | 192.168.192.5:48758 - "POST /clientes/5/transacoes HTTP/1.0" 200
api02-1  | 192.168.192.5:48510 - "POST /clientes/1/transacoes HTTP/1.0" 200
api01-1  | 192.168.192.5:48768 - "POST /clientes/4/transacoes HTTP/1.0" 200
api02-1  | 192.168.192.5:48526 - "POST /clientes/3/transacoes HTTP/1.0" 200
api01-1  | 192.168.192.5:48782 - "POST /clientes/1/transacoes HTTP/1.0" 200
api02-1  | 192.168.192.5:48540 - "POST /clientes/1/transacoes HTTP/1.0" 200
api01-1  | 192.168.192.5:48788 - "POST /clientes/5/transacoes HTTP/1.0" 200
api02-1  | 192.168.192.5:48556 - "POST /clientes/3/transacoes HTTP/1.0" 200
api01-1  | 192.168.192.5:48792 - "POST /clientes/5/transacoes HTTP/1.0" 200
api02-1  | 192.168.192.5:48564 - "POST /clientes/2/transacoes HTTP/1.0" 200
api01-1  | 192.168.192.5:48796 - "POST /clientes/5/transacoes HTTP/1.0" 200
api02-1  | 192.168.192.5:48572 - "POST /clientes/4/transacoes HTTP/1.0" 200
api01-1  | 192.168.192.5:48806 - "POST /clientes/3/transacoes HTTP/1.0" 200
api02-1  | 192.168.192.5:48586 - "POST /clientes/3/transacoes HTTP/1.0" 200
api01-1  | 192.168.192.5:48808 - "POST /clientes/4/transacoes HTTP/1.0" 200
api02-1  | 192.168.192.5:48600 - "POST /clientes/4/transacoes HTTP/1.0" 200
api01-1  | 192.168.192.5:48816 - "POST /clientes/1/transacoes HTTP/1.0" 200
api02-1  | 192.168.192.5:48608 - "GET /clientes/3/extrato HTTP/1.0" 200
api01-1  | 192.168.192.5:48824 - "POST /clientes/4/transacoes HTTP/1.0" 200
api02-1  | 192.168.192.5:48614 - "POST /clientes/5/transacoes HTTP/1.0" 200
api01-1  | 192.168.192.5:48836 - "POST /clientes/2/transacoes HTTP/1.0" 200
api02-1  | 192.168.192.5:48618 - "POST /clientes/1/transacoes HTTP/1.0" 200
api01-1  | 192.168.192.5:48842 - "POST /clientes/5/transacoes HTTP/1.0" 200
api02-1  | 192.168.192.5:48632 - "POST /clientes/3/transacoes HTTP/1.0" 200
api02-1  | 192.168.192.5:48638 - "POST /clientes/4/transacoes HTTP/1.0" 200
api01-1  | 192.168.192.5:48854 - "POST /clientes/3/transacoes HTTP/1.0" 200
api01-1  | 192.168.192.5:48870 - "POST /clientes/5/transacoes HTTP/1.0" 200
api01-1  | 192.168.192.5:48874 - "POST /clientes/4/transacoes HTTP/1.0" 200
api02-1  | 192.168.192.5:48654 - "POST /clientes/4/transacoes HTTP/1.0" 200
api02-1  | 192.168.192.5:48662 - "POST /clientes/1/transacoes HTTP/1.0" 200
api01-1  | 192.168.192.5:48888 - "POST /clientes/1/transacoes HTTP/1.0" 200
api02-1  | 192.168.192.5:48678 - "POST /clientes/4/transacoes HTTP/1.0" 200
api01-1  | 192.168.192.5:48894 - "POST /clientes/5/transacoes HTTP/1.0" 200
api02-1  | 192.168.192.5:48692 - "GET /clientes/3/extrato HTTP/1.0" 200
api01-1  | 192.168.192.5:48900 - "POST /clientes/5/transacoes HTTP/1.0" 200
api02-1  | 192.168.192.5:48708 - "POST /clientes/3/transacoes HTTP/1.0" 200
api01-1  | 192.168.192.5:48916 - "POST /clientes/4/transacoes HTTP/1.0" 200
api02-1  | 192.168.192.5:48720 - "POST /clientes/4/transacoes HTTP/1.0" 200
api01-1  | 192.168.192.5:48924 - "POST /clientes/4/transacoes HTTP/1.0" 200
api02-1  | 192.168.192.5:48722 - "POST /clientes/3/transacoes HTTP/1.0" 200
api01-1  | 192.168.192.5:48926 - "POST /clientes/3/transacoes HTTP/1.0" 200
api02-1  | 192.168.192.5:48730 - "POST /clientes/3/transacoes HTTP/1.0" 200
api01-1  | 192.168.192.5:48938 - "POST /clientes/5/transacoes HTTP/1.0" 200
api01-1  | 192.168.192.5:48940 - "POST /clientes/1/transacoes HTTP/1.0" 200
api02-1  | 192.168.192.5:48744 - "POST /clientes/4/transacoes HTTP/1.0" 200
api02-1  | 192.168.192.5:48754 - "POST /clientes/1/transacoes HTTP/1.0" 200
api02-1  | 192.168.192.5:48764 - "POST /clientes/2/transacoes HTTP/1.0" 200
api01-1  | 192.168.192.5:48944 - "POST /clientes/3/transacoes HTTP/1.0" 200
api02-1  | 192.168.192.5:48774 - "POST /clientes/5/transacoes HTTP/1.0" 200
api01-1  | 192.168.192.5:48946 - "GET /clientes/3/extrato HTTP/1.0" 200
api02-1  | 192.168.192.5:48780 - "POST /clientes/1/transacoes HTTP/1.0" 200
api01-1  | 192.168.192.5:48960 - "POST /clientes/1/transacoes HTTP/1.0" 200
api02-1  | 192.168.192.5:48788 - "POST /clientes/1/transacoes HTTP/1.0" 200
api01-1  | 192.168.192.5:48976 - "POST /clientes/1/transacoes HTTP/1.0" 200
api02-1  | 192.168.192.5:48804 - "POST /clientes/2/transacoes HTTP/1.0" 200
api01-1  | 192.168.192.5:48988 - "POST /clientes/4/transacoes HTTP/1.0" 200
api01-1  | 192.168.192.5:49004 - "POST /clientes/2/transacoes HTTP/1.0" 200
api02-1  | 192.168.192.5:48818 - "POST /clientes/3/transacoes HTTP/1.0" 200
api01-1  | 192.168.192.5:49008 - "POST /clientes/5/transacoes HTTP/1.0" 200
api02-1  | 192.168.192.5:48826 - "POST /clientes/1/transacoes HTTP/1.0" 200
api01-1  | 192.168.192.5:49022 - "POST /clientes/5/transacoes HTTP/1.0" 200
api02-1  | 192.168.192.5:48828 - "POST /clientes/4/transacoes HTTP/1.0" 200
api01-1  | 192.168.192.5:49032 - "POST /clientes/1/transacoes HTTP/1.0" 200
api02-1  | 192.168.192.5:48844 - "POST /clientes/3/transacoes HTTP/1.0" 200
api01-1  | 192.168.192.5:49034 - "POST /clientes/1/transacoes HTTP/1.0" 200
api02-1  | 192.168.192.5:48858 - "POST /clientes/1/transacoes HTTP/1.0" 200
api01-1  | 192.168.192.5:49040 - "POST /clientes/4/transacoes HTTP/1.0" 200
api02-1  | 192.168.192.5:48864 - "GET /clientes/3/extrato HTTP/1.0" 200
api01-1  | 192.168.192.5:49048 - "POST /clientes/2/transacoes HTTP/1.0" 200
api02-1  | 192.168.192.5:48880 - "POST /clientes/4/transacoes HTTP/1.0" 200
api01-1  | 192.168.192.5:49050 - "POST /clientes/3/transacoes HTTP/1.0" 200
api02-1  | 192.168.192.5:48890 - "POST /clientes/3/transacoes HTTP/1.0" 200
api01-1  | 192.168.192.5:49052 - "POST /clientes/1/transacoes HTTP/1.0" 200
api02-1  | 192.168.192.5:48902 - "POST /clientes/5/transacoes HTTP/1.0" 200
api01-1  | 192.168.192.5:49068 - "POST /clientes/1/transacoes HTTP/1.0" 200
api02-1  | 192.168.192.5:48910 - "POST /clientes/1/transacoes HTTP/1.0" 200
api01-1  | 192.168.192.5:49076 - "POST /clientes/1/transacoes HTTP/1.0" 200
api02-1  | 192.168.192.5:48924 - "POST /clientes/3/transacoes HTTP/1.0" 200
api01-1  | 192.168.192.5:49092 - "POST /clientes/1/transacoes HTTP/1.0" 200
api02-1  | 192.168.192.5:48934 - "POST /clientes/3/transacoes HTTP/1.0" 200
api01-1  | 192.168.192.5:49104 - "POST /clientes/4/transacoes HTTP/1.0" 200
api02-1  | 192.168.192.5:48950 - "POST /clientes/2/transacoes HTTP/1.0" 200
api01-1  | 192.168.192.5:49118 - "POST /clientes/4/transacoes HTTP/1.0" 200
api02-1  | 192.168.192.5:48958 - "POST /clientes/5/transacoes HTTP/1.0" 200
api01-1  | 192.168.192.5:49134 - "POST /clientes/5/transacoes HTTP/1.0" 200
api02-1  | 192.168.192.5:48964 - "GET /clientes/1/extrato HTTP/1.0" 200
api02-1  | 192.168.192.5:48980 - "POST /clientes/1/transacoes HTTP/1.0" 200
api01-1  | 192.168.192.5:49136 - "POST /clientes/3/transacoes HTTP/1.0" 200
api01-1  | 192.168.192.5:49146 - "POST /clientes/3/transacoes HTTP/1.0" 200
api02-1  | 192.168.192.5:48984 - "POST /clientes/5/transacoes HTTP/1.0" 200
api01-1  | 192.168.192.5:49160 - "POST /clientes/4/transacoes HTTP/1.0" 200
api02-1  | 192.168.192.5:48988 - "POST /clientes/4/transacoes HTTP/1.0" 200
api01-1  | 192.168.192.5:49166 - "POST /clientes/4/transacoes HTTP/1.0" 200
api02-1  | 192.168.192.5:49004 - "POST /clientes/1/transacoes HTTP/1.0" 200
api01-1  | 192.168.192.5:49182 - "POST /clientes/3/transacoes HTTP/1.0" 200
api01-1  | 192.168.192.5:49194 - "POST /clientes/1/transacoes HTTP/1.0" 200
api02-1  | 192.168.192.5:49006 - "POST /clientes/3/transacoes HTTP/1.0" 200
api02-1  | 192.168.192.5:49008 - "POST /clientes/5/transacoes HTTP/1.0" 200
api01-1  | 192.168.192.5:49200 - "POST /clientes/4/transacoes HTTP/1.0" 200
api02-1  | 192.168.192.5:49024 - "POST /clientes/2/transacoes HTTP/1.0" 200
api01-1  | 192.168.192.5:49210 - "POST /clientes/1/transacoes HTTP/1.0" 200
api02-1  | 192.168.192.5:49038 - "POST /clientes/5/transacoes HTTP/1.0" 200
api01-1  | 192.168.192.5:49214 - "POST /clientes/4/transacoes HTTP/1.0" 200
api02-1  | 192.168.192.5:49044 - "POST /clientes/2/transacoes HTTP/1.0" 200
api02-1  | 192.168.192.5:49060 - "GET /clientes/5/extrato HTTP/1.0" 200
api01-1  | 192.168.192.5:49222 - "POST /clientes/1/transacoes HTTP/1.0" 200
api02-1  | 192.168.192.5:49062 - "POST /clientes/5/transacoes HTTP/1.0" 200
api01-1  | 192.168.192.5:49228 - "POST /clientes/4/transacoes HTTP/1.0" 200
api02-1  | 192.168.192.5:49066 - "POST /clientes/1/transacoes HTTP/1.0" 200
api01-1  | 192.168.192.5:49238 - "POST /clientes/5/transacoes HTTP/1.0" 200
api01-1  | 192.168.192.5:49240 - "POST /clientes/2/transacoes HTTP/1.0" 200
api02-1  | 192.168.192.5:49082 - "POST /clientes/5/transacoes HTTP/1.0" 200
api01-1  | 192.168.192.5:49254 - "POST /clientes/1/transacoes HTTP/1.0" 200
api02-1  | 192.168.192.5:49090 - "POST /clientes/5/transacoes HTTP/1.0" 200
api01-1  | 192.168.192.5:49262 - "POST /clientes/4/transacoes HTTP/1.0" 200
api02-1  | 192.168.192.5:49104 - "POST /clientes/1/transacoes HTTP/1.0" 200
api01-1  | 192.168.192.5:49274 - "POST /clientes/3/transacoes HTTP/1.0" 200
api02-1  | 192.168.192.5:49118 - "POST /clientes/3/transacoes HTTP/1.0" 200
api01-1  | 192.168.192.5:49282 - "POST /clientes/4/transacoes HTTP/1.0" 200
api02-1  | 192.168.192.5:49134 - "POST /clientes/2/transacoes HTTP/1.0" 200
api01-1  | 192.168.192.5:49292 - "POST /clientes/1/transacoes HTTP/1.0" 200
api02-1  | 192.168.192.5:49140 - "POST /clientes/5/transacoes HTTP/1.0" 200
api01-1  | 192.168.192.5:49304 - "POST /clientes/2/transacoes HTTP/1.0" 200
api01-1  | 192.168.192.5:49320 - "GET /clientes/2/extrato HTTP/1.0" 200
api02-1  | 192.168.192.5:49154 - "POST /clientes/5/transacoes HTTP/1.0" 200
api02-1  | 192.168.192.5:49170 - "POST /clientes/4/transacoes HTTP/1.0" 200
api02-1  | 192.168.192.5:49172 - "POST /clientes/5/transacoes HTTP/1.0" 200
api01-1  | 192.168.192.5:49330 - "POST /clientes/1/transacoes HTTP/1.0" 200
api02-1  | 192.168.192.5:49174 - "POST /clientes/3/transacoes HTTP/1.0" 200
api01-1  | 192.168.192.5:49344 - "POST /clientes/4/transacoes HTTP/1.0" 200
api02-1  | 192.168.192.5:49184 - "POST /clientes/2/transacoes HTTP/1.0" 200
api01-1  | 192.168.192.5:49346 - "POST /clientes/1/transacoes HTTP/1.0" 200
api02-1  | 192.168.192.5:49192 - "POST /clientes/3/transacoes HTTP/1.0" 200
api01-1  | 192.168.192.5:49350 - "POST /clientes/5/transacoes HTTP/1.0" 200
api02-1  | 192.168.192.5:49204 - "POST /clientes/3/transacoes HTTP/1.0" 200
api01-1  | 192.168.192.5:49364 - "POST /clientes/3/transacoes HTTP/1.0" 200
api01-1  | 192.168.192.5:49366 - "POST /clientes/1/transacoes HTTP/1.0" 200
api02-1  | 192.168.192.5:49208 - "POST /clientes/4/transacoes HTTP/1.0" 200
api01-1  | 192.168.192.5:49372 - "POST /clientes/1/transacoes HTTP/1.0" 200
api02-1  | 192.168.192.5:49220 - "POST /clientes/1/transacoes HTTP/1.0" 200
api01-1  | 192.168.192.5:49378 - "POST /clientes/1/transacoes HTTP/1.0" 200
api02-1  | 192.168.192.5:49236 - "POST /clientes/4/transacoes HTTP/1.0" 200
api01-1  | 192.168.192.5:49392 - "POST /clientes/3/transacoes HTTP/1.0" 200
api02-1  | 192.168.192.5:49248 - "POST /clientes/2/transacoes HTTP/1.0" 200
api01-1  | 192.168.192.5:49404 - "GET /clientes/5/extrato HTTP/1.0" 200
api02-1  | 192.168.192.5:49256 - "POST /clientes/5/transacoes HTTP/1.0" 200
api01-1  | 192.168.192.5:49420 - "POST /clientes/1/transacoes HTTP/1.0" 200
api02-1  | 192.168.192.5:49258 - "POST /clientes/5/transacoes HTTP/1.0" 200
api01-1  | 192.168.192.5:49430 - "POST /clientes/3/transacoes HTTP/1.0" 200
api02-1  | 192.168.192.5:49272 - "POST /clientes/4/transacoes HTTP/1.0" 200
api01-1  | 192.168.192.5:49442 - "POST /clientes/2/transacoes HTTP/1.0" 200
api02-1  | 192.168.192.5:49282 - "POST /clientes/5/transacoes HTTP/1.0" 200
api01-1  | 192.168.192.5:49450 - "POST /clientes/5/transacoes HTTP/1.0" 200
api01-1  | 192.168.192.5:49460 - "POST /clientes/4/transacoes HTTP/1.0" 200
api02-1  | 192.168.192.5:49290 - "POST /clientes/3/transacoes HTTP/1.0" 200
api02-1  | 192.168.192.5:49296 - "POST /clientes/2/transacoes HTTP/1.0" 200
api01-1  | 192.168.192.5:49472 - "POST /clientes/1/transacoes HTTP/1.0" 200
api02-1  | 192.168.192.5:49308 - "POST /clientes/1/transacoes HTTP/1.0" 200
api01-1  | 192.168.192.5:49488 - "POST /clientes/2/transacoes HTTP/1.0" 200
api02-1  | 192.168.192.5:49324 - "POST /clientes/3/transacoes HTTP/1.0" 200
api01-1  | 192.168.192.5:49498 - "POST /clientes/3/transacoes HTTP/1.0" 200
api02-1  | 192.168.192.5:49330 - "POST /clientes/5/transacoes HTTP/1.0" 200
api01-1  | 192.168.192.5:49502 - "POST /clientes/2/transacoes HTTP/1.0" 200
api02-1  | 192.168.192.5:49336 - "POST /clientes/2/transacoes HTTP/1.0" 200
api01-1  | 192.168.192.5:49506 - "GET /clientes/1/extrato HTTP/1.0" 200
api02-1  | 192.168.192.5:49338 - "POST /clientes/1/transacoes HTTP/1.0" 200
api01-1  | 192.168.192.5:49512 - "POST /clientes/5/transacoes HTTP/1.0" 200
api02-1  | 192.168.192.5:49342 - "POST /clientes/5/transacoes HTTP/1.0" 200
api01-1  | 192.168.192.5:49516 - "POST /clientes/2/transacoes HTTP/1.0" 200
api02-1  | 192.168.192.5:49350 - "POST /clientes/1/transacoes HTTP/1.0" 200
api01-1  | 192.168.192.5:49526 - "POST /clientes/1/transacoes HTTP/1.0" 200
api02-1  | 192.168.192.5:49352 - "POST /clientes/3/transacoes HTTP/1.0" 200
api01-1  | 192.168.192.5:49528 - "POST /clientes/3/transacoes HTTP/1.0" 200
api02-1  | 192.168.192.5:49354 - "POST /clientes/5/transacoes HTTP/1.0" 200
api01-1  | 192.168.192.5:49536 - "POST /clientes/5/transacoes HTTP/1.0" 200
api02-1  | 192.168.192.5:49356 - "POST /clientes/4/transacoes HTTP/1.0" 200
api01-1  | 192.168.192.5:49544 - "POST /clientes/4/transacoes HTTP/1.0" 200
api02-1  | 192.168.192.5:49362 - "POST /clientes/4/transacoes HTTP/1.0" 200
api01-1  | 192.168.192.5:49550 - "POST /clientes/5/transacoes HTTP/1.0" 200
api02-1  | 192.168.192.5:49366 - "POST /clientes/5/transacoes HTTP/1.0" 200
api01-1  | 192.168.192.5:49552 - "POST /clientes/3/transacoes HTTP/1.0" 200
api02-1  | 192.168.192.5:49382 - "POST /clientes/2/transacoes HTTP/1.0" 200
api01-1  | 192.168.192.5:49564 - "POST /clientes/1/transacoes HTTP/1.0" 200
api02-1  | 192.168.192.5:49384 - "POST /clientes/2/transacoes HTTP/1.0" 200
api01-1  | 192.168.192.5:49566 - "POST /clientes/2/transacoes HTTP/1.0" 200
api02-1  | 192.168.192.5:49392 - "POST /clientes/3/transacoes HTTP/1.0" 200
api01-1  | 192.168.192.5:49582 - "GET /clientes/5/extrato HTTP/1.0" 200
api02-1  | 192.168.192.5:49398 - "POST /clientes/1/transacoes HTTP/1.0" 200
api01-1  | 192.168.192.5:49586 - "POST /clientes/1/transacoes HTTP/1.0" 200
api02-1  | 192.168.192.5:49404 - "POST /clientes/2/transacoes HTTP/1.0" 200
api01-1  | 192.168.192.5:49592 - "POST /clientes/5/transacoes HTTP/1.0" 200
api02-1  | 192.168.192.5:49416 - "POST /clientes/4/transacoes HTTP/1.0" 200
api01-1  | 192.168.192.5:49606 - "POST /clientes/4/transacoes HTTP/1.0" 200
api02-1  | 192.168.192.5:49418 - "POST /clientes/2/transacoes HTTP/1.0" 200
api01-1  | 192.168.192.5:49614 - "POST /clientes/1/transacoes HTTP/1.0" 422
api02-1  | 192.168.192.5:49428 - "POST /clientes/3/transacoes HTTP/1.0" 200
api01-1  | 192.168.192.5:49618 - "POST /clientes/2/transacoes HTTP/1.0" 200
api02-1  | 192.168.192.5:49432 - "POST /clientes/2/transacoes HTTP/1.0" 200
api01-1  | 192.168.192.5:49620 - "POST /clientes/4/transacoes HTTP/1.0" 200
api02-1  | 192.168.192.5:49436 - "POST /clientes/4/transacoes HTTP/1.0" 200
api01-1  | 192.168.192.5:49632 - "POST /clientes/3/transacoes HTTP/1.0" 200
api02-1  | 192.168.192.5:49450 - "POST /clientes/4/transacoes HTTP/1.0" 200
api01-1  | 192.168.192.5:49646 - "POST /clientes/2/transacoes HTTP/1.0" 200
api02-1  | 192.168.192.5:49458 - "POST /clientes/3/transacoes HTTP/1.0" 200
api01-1  | 192.168.192.5:49654 - "POST /clientes/2/transacoes HTTP/1.0" 200
api02-1  | 192.168.192.5:49472 - "POST /clientes/3/transacoes HTTP/1.0" 200
api01-1  | 192.168.192.5:49656 - "POST /clientes/2/transacoes HTTP/1.0" 200
api02-1  | 192.168.192.5:49476 - "POST /clientes/1/transacoes HTTP/1.0" 422
api01-1  | 192.168.192.5:49662 - "GET /clientes/4/extrato HTTP/1.0" 200
api02-1  | 192.168.192.5:49486 - "POST /clientes/4/transacoes HTTP/1.0" 200
api01-1  | 192.168.192.5:49666 - "POST /clientes/3/transacoes HTTP/1.0" 200
api02-1  | 192.168.192.5:49488 - "POST /clientes/4/transacoes HTTP/1.0" 200
api02-1  | 192.168.192.5:49518 - "POST /clientes/3/transacoes HTTP/1.0" 200
api01-1  | 192.168.192.5:49692 - "POST /clientes/4/transacoes HTTP/1.0" 200
api02-1  | 192.168.192.5:49534 - "POST /clientes/5/transacoes HTTP/1.0" 200
api02-1  | 192.168.192.5:49550 - "POST /clientes/3/transacoes HTTP/1.0" 200
api02-1  | 192.168.192.5:49552 - "POST /clientes/5/transacoes HTTP/1.0" 200
api02-1  | 192.168.192.5:49498 - "POST /clientes/3/transacoes HTTP/1.0" 200
api01-1  | 192.168.192.5:49746 - "POST /clientes/5/transacoes HTTP/1.0" 200
api02-1  | 192.168.192.5:49568 - "POST /clientes/5/transacoes HTTP/1.0" 200
api01-1  | 192.168.192.5:49752 - "POST /clientes/5/transacoes HTTP/1.0" 200
api01-1  | 192.168.192.5:49754 - "POST /clientes/4/transacoes HTTP/1.0" 200
api02-1  | 192.168.192.5:49578 - "POST /clientes/5/transacoes HTTP/1.0" 200
api01-1  | 192.168.192.5:49764 - "GET /clientes/1/extrato HTTP/1.0" 200
