 Network rinha-nginx-2024q1  Creating
 Network rinha-nginx-2024q1  Created
 Container rdenadai_python-db-1  Creating
 Container rdenadai_python-db-1  Created
 Container rdenadai_python-api02-1  Creating
 Container rdenadai_python-api01-1  Creating
 Container rdenadai_python-api01-1  Created
 Container rdenadai_python-api02-1  Created
 Container rdenadai_python-nginx-1  Creating
 Container rdenadai_python-nginx-1  Created
Attaching to api01-1, api02-1, db-1, nginx-1
db-1     | The files belonging to this database system will be owned by user "postgres".
db-1     | This user must also own the server process.
db-1     | 
db-1     | The database cluster will be initialized with locale "en_US.utf8".
db-1     | The default database encoding has accordingly been set to "UTF8".
db-1     | The default text search configuration will be set to "english".
db-1     | 
db-1     | Data page checksums are disabled.
db-1     | 
db-1     | fixing permissions on existing directory /var/lib/postgresql/data ... ok
db-1     | creating subdirectories ... ok
db-1     | selecting dynamic shared memory implementation ... posix
db-1     | selecting default max_connections ... 100
db-1     | selecting default shared_buffers ... 128MB
db-1     | selecting default time zone ... UTC
db-1     | creating configuration files ... ok
db-1     | running bootstrap script ... ok
db-1     | sh: locale: not found
db-1     | 2024-02-14 04:17:26.893 UTC [31] WARNING:  no usable system locales were found
db-1     | performing post-bootstrap initialization ... ok
db-1     | syncing data to disk ... ok
db-1     | 
db-1     | 
db-1     | Success. You can now start the database server using:
db-1     | 
db-1     |     pg_ctl -D /var/lib/postgresql/data -l logfile start
db-1     | 
db-1     | initdb: warning: enabling "trust" authentication for local connections
db-1     | initdb: hint: You can change this by editing pg_hba.conf or using the option -A, or --auth-local and --auth-host, the next time you run initdb.
db-1     | waiting for server to start....2024-02-14 04:17:29.596 GMT [37] LOG:  starting PostgreSQL 16.1 on x86_64-pc-linux-musl, compiled by gcc (Alpine 13.2.1_git20231014) 13.2.1 20231014, 64-bit
db-1     | 2024-02-14 04:17:29.611 GMT [37] LOG:  listening on Unix socket "/var/run/postgresql/.s.PGSQL.5432"
db-1     | 2024-02-14 04:17:29.644 GMT [40] LOG:  database system was shut down at 2024-02-14 04:17:28 GMT
db-1     | 2024-02-14 04:17:29.657 GMT [37] LOG:  database system is ready to accept connections
db-1     |  done
db-1     | server started
db-1     | CREATE DATABASE
db-1     | 
db-1     | 
db-1     | /usr/local/bin/docker-entrypoint.sh: running /docker-entrypoint-initdb.d/init.sql
db-1     | CREATE TABLE
db-1     | CREATE TABLE
db-1     | CREATE TABLE
db-1     | CREATE TYPE
db-1     | CREATE FUNCTION
db-1     | DO
db-1     | 
db-1     | 
db-1     | /usr/local/bin/docker-entrypoint.sh: ignoring /docker-entrypoint-initdb.d/postgresql.conf
db-1     | 
db-1     | waiting for server to shut down...2024-02-14 04:17:29.970 GMT [37] LOG:  received fast shutdown request
db-1     | .2024-02-14 04:17:29.976 GMT [37] LOG:  aborting any active transactions
db-1     | 2024-02-14 04:17:29.980 GMT [37] LOG:  background worker "logical replication launcher" (PID 42) exited with exit code 1
db-1     | 2024-02-14 04:17:29.980 GMT [38] LOG:  shutting down
db-1     | 2024-02-14 04:17:29.982 GMT [38] LOG:  checkpoint starting: shutdown immediate
db-1     | 2024-02-14 04:17:30.247 GMT [38] LOG:  checkpoint complete: wrote 946 buffers (1.4%); 0 WAL file(s) added, 0 removed, 0 recycled; write=0.225 s, sync=0.029 s, total=0.268 s; sync files=310, longest=0.005 s, average=0.001 s; distance=4330 kB, estimate=4330 kB; lsn=0/192AF60, redo lsn=0/192AF60
db-1     | 2024-02-14 04:17:30.270 GMT [37] LOG:  database system is shut down
db-1     |  done
db-1     | server stopped
db-1     | 
db-1     | PostgreSQL init process complete; ready for start up.
db-1     | 
db-1     | 2024-02-14 04:17:30.416 GMT [1] LOG:  starting PostgreSQL 16.1 on x86_64-pc-linux-musl, compiled by gcc (Alpine 13.2.1_git20231014) 13.2.1 20231014, 64-bit
db-1     | 2024-02-14 04:17:30.416 GMT [1] LOG:  listening on IPv4 address "0.0.0.0", port 5432
db-1     | 2024-02-14 04:17:30.416 GMT [1] LOG:  listening on IPv6 address "::", port 5432
db-1     | 2024-02-14 04:17:30.432 GMT [1] LOG:  listening on Unix socket "/var/run/postgresql/.s.PGSQL.5432"
db-1     | 2024-02-14 04:17:30.449 GMT [54] LOG:  database system was shut down at 2024-02-14 04:17:30 GMT
db-1     | 2024-02-14 04:17:30.456 GMT [1] LOG:  database system is ready to accept connections
db-1     | 2024-02-14 04:17:35.681 GMT [63] FATAL:  role "root" does not exist
nginx-1  | /docker-entrypoint.sh: /docker-entrypoint.d/ is not empty, will attempt to perform configuration
nginx-1  | /docker-entrypoint.sh: Looking for shell scripts in /docker-entrypoint.d/
nginx-1  | /docker-entrypoint.sh: Launching /docker-entrypoint.d/10-listen-on-ipv6-by-default.sh
nginx-1  | 10-listen-on-ipv6-by-default.sh: info: Getting the checksum of /etc/nginx/conf.d/default.conf
nginx-1  | 10-listen-on-ipv6-by-default.sh: info: Enabled listen on IPv6 in /etc/nginx/conf.d/default.conf
nginx-1  | /docker-entrypoint.sh: Launching /docker-entrypoint.d/20-envsubst-on-templates.sh
nginx-1  | /docker-entrypoint.sh: Launching /docker-entrypoint.d/30-tune-worker-processes.sh
nginx-1  | /docker-entrypoint.sh: Configuration complete; ready for start up
nginx-1  | 2024/02/14 04:17:38 [error] 30#30: *1 connect() failed (111: Connection refused) while connecting to upstream, client: 192.168.48.1, server: , request: "GET /clientes/1/extrato HTTP/1.1", upstream: "http://192.168.48.3:8080/clientes/1/extrato", host: "localhost:9999"
nginx-1  | 2024/02/14 04:17:38 [error] 30#30: *1 connect() failed (111: Connection refused) while connecting to upstream, client: 192.168.48.1, server: , request: "GET /clientes/1/extrato HTTP/1.1", upstream: "http://192.168.48.4:8080/clientes/1/extrato", host: "localhost:9999"
nginx-1  | 2024/02/14 04:17:40 [error] 31#31: *4 connect() failed (111: Connection refused) while connecting to upstream, client: 192.168.48.1, server: , request: "GET /clientes/1/extrato HTTP/1.1", upstream: "http://192.168.48.3:8080/clientes/1/extrato", host: "localhost:9999"
nginx-1  | 2024/02/14 04:17:40 [error] 31#31: *4 connect() failed (111: Connection refused) while connecting to upstream, client: 192.168.48.1, server: , request: "GET /clientes/1/extrato HTTP/1.1", upstream: "http://192.168.48.4:8080/clientes/1/extrato", host: "localhost:9999"
api01-1  | [2024-02-14 04:17:40 +0000] [7] [INFO] Starting gunicorn 21.2.0
api01-1  | [2024-02-14 04:17:40 +0000] [7] [INFO] Listening at: http://0.0.0.0:8080 (7)
api01-1  | [2024-02-14 04:17:40 +0000] [7] [INFO] Using worker: uvicorn.workers.UvicornWorker
api02-1  | [2024-02-14 04:17:40 +0000] [7] [INFO] Starting gunicorn 21.2.0
api02-1  | [2024-02-14 04:17:40 +0000] [7] [INFO] Listening at: http://0.0.0.0:8080 (7)
api02-1  | [2024-02-14 04:17:40 +0000] [7] [INFO] Using worker: uvicorn.workers.UvicornWorker
api01-1  | [2024-02-14 04:17:40 +0000] [8] [INFO] Booting worker with pid: 8
api02-1  | [2024-02-14 04:17:40 +0000] [8] [INFO] Booting worker with pid: 8
api01-1  | [2024-02-14 04:17:41 +0000] [8] [INFO] Started server process [8]
api01-1  | [2024-02-14 04:17:41 +0000] [8] [INFO] Waiting for application startup.
api02-1  | [2024-02-14 04:17:41 +0000] [8] [INFO] Started server process [8]
api02-1  | [2024-02-14 04:17:41 +0000] [8] [INFO] Waiting for application startup.
api01-1  | [2024-02-14 04:17:43 +0000] [8] [INFO] Application startup complete.
api01-1  | 192.168.48.5:37064 - "GET /clientes/1/extrato HTTP/1.0" 200
api01-1  | 192.168.48.5:37078 - "GET /clientes/1/extrato HTTP/1.0" 200
api02-1  | [2024-02-14 04:17:43 +0000] [8] [INFO] Application startup complete.
db-1     | 2024-02-14 04:17:45.774 GMT [90] FATAL:  role "root" does not exist
nginx-1  | 2024/02/14 04:17:51 [error] 30#30: *18 no live upstreams while connecting to upstream, client: 192.168.48.1, server: , request: "POST /clientes/1/transacoes HTTP/1.1", upstream: "http://api/clientes/1/transacoes", host: "localhost:9999"
nginx-1  | 2024/02/14 04:17:51 [error] 30#30: *20 no live upstreams while connecting to upstream, client: 192.168.48.1, server: , request: "POST /clientes/1/transacoes HTTP/1.1", upstream: "http://api/clientes/1/transacoes", host: "localhost:9999"
nginx-1  | 2024/02/14 04:17:51 [error] 30#30: *13 no live upstreams while connecting to upstream, client: 192.168.48.1, server: , request: "POST /clientes/1/transacoes HTTP/1.1", upstream: "http://api/clientes/1/transacoes", host: "localhost:9999"
nginx-1  | 2024/02/14 04:17:51 [error] 30#30: *15 no live upstreams while connecting to upstream, client: 192.168.48.1, server: , request: "POST /clientes/1/transacoes HTTP/1.1", upstream: "http://api/clientes/1/transacoes", host: "localhost:9999"
nginx-1  | 2024/02/14 04:17:51 [error] 30#30: *11 no live upstreams while connecting to upstream, client: 192.168.48.1, server: , request: "POST /clientes/1/transacoes HTTP/1.1", upstream: "http://api/clientes/1/transacoes", host: "localhost:9999"
nginx-1  | 2024/02/14 04:17:51 [error] 30#30: *16 no live upstreams while connecting to upstream, client: 192.168.48.1, server: , request: "POST /clientes/1/transacoes HTTP/1.1", upstream: "http://api/clientes/1/transacoes", host: "localhost:9999"
nginx-1  | 2024/02/14 04:17:51 [error] 30#30: *14 no live upstreams while connecting to upstream, client: 192.168.48.1, server: , request: "POST /clientes/1/transacoes HTTP/1.1", upstream: "http://api/clientes/1/transacoes", host: "localhost:9999"
api01-1  | 192.168.48.5:33362 - "POST /clientes/1/transacoes HTTP/1.0" 200
nginx-1  | 2024/02/14 04:17:51 [error] 30#30: *27 no live upstreams while connecting to upstream, client: 192.168.48.1, server: , request: "POST /clientes/1/transacoes HTTP/1.1", upstream: "http://api/clientes/1/transacoes", host: "localhost:9999"
api02-1  | 192.168.48.5:49716 - "POST /clientes/1/transacoes HTTP/1.0" 200
api02-1  | 192.168.48.5:49730 - "POST /clientes/1/transacoes HTTP/1.0" 200
api01-1  | 192.168.48.5:33366 - "POST /clientes/1/transacoes HTTP/1.0" 200
api02-1  | 192.168.48.5:49734 - "POST /clientes/1/transacoes HTTP/1.0" 200
api02-1  | 192.168.48.5:49748 - "POST /clientes/1/transacoes HTTP/1.0" 200
api01-1  | 192.168.48.5:33378 - "POST /clientes/1/transacoes HTTP/1.0" 200
api02-1  | 192.168.48.5:49754 - "POST /clientes/1/transacoes HTTP/1.0" 200
api01-1  | 192.168.48.5:33392 - "POST /clientes/1/transacoes HTTP/1.0" 200
api02-1  | 192.168.48.5:49790 - "POST /clientes/1/transacoes HTTP/1.0" 200
api02-1  | 192.168.48.5:49780 - "POST /clientes/1/transacoes HTTP/1.0" 200
api02-1  | 192.168.48.5:49756 - "POST /clientes/1/transacoes HTTP/1.0" 200
api01-1  | 192.168.48.5:33394 - "POST /clientes/1/transacoes HTTP/1.0" 200
api02-1  | 192.168.48.5:49808 - "POST /clientes/1/transacoes HTTP/1.0" 200
api02-1  | 192.168.48.5:49810 - "POST /clientes/1/transacoes HTTP/1.0" 200
api02-1  | 192.168.48.5:49768 - "POST /clientes/1/transacoes HTTP/1.0" 200
api02-1  | 192.168.48.5:49800 - "POST /clientes/1/transacoes HTTP/1.0" 200
api02-1  | 192.168.48.5:49820 - "GET /clientes/1/extrato HTTP/1.0" 200
api01-1  | 192.168.48.5:33414 - "POST /clientes/1/transacoes HTTP/1.0" 200
api01-1  | 192.168.48.5:33404 - "POST /clientes/1/transacoes HTTP/1.0" 200
api01-1  | 192.168.48.5:33424 - "POST /clientes/1/transacoes HTTP/1.0" 200
api02-1  | 192.168.48.5:49844 - "POST /clientes/1/transacoes HTTP/1.0" 200
api02-1  | 192.168.48.5:49858 - "POST /clientes/1/transacoes HTTP/1.0" 200
api02-1  | 192.168.48.5:49832 - "POST /clientes/1/transacoes HTTP/1.0" 200
api02-1  | 192.168.48.5:49828 - "POST /clientes/1/transacoes HTTP/1.0" 200
api02-1  | 192.168.48.5:49866 - "POST /clientes/1/transacoes HTTP/1.0" 200
api01-1  | 192.168.48.5:33406 - "POST /clientes/1/transacoes HTTP/1.0" 200
api02-1  | 192.168.48.5:49882 - "POST /clientes/1/transacoes HTTP/1.0" 200
api02-1  | 192.168.48.5:49884 - "POST /clientes/1/transacoes HTTP/1.0" 200
api01-1  | 192.168.48.5:33448 - "POST /clientes/1/transacoes HTTP/1.0" 200
api01-1  | 192.168.48.5:33432 - "POST /clientes/1/transacoes HTTP/1.0" 200
api01-1  | 192.168.48.5:33486 - "POST /clientes/1/transacoes HTTP/1.0" 200
api01-1  | 192.168.48.5:33502 - "POST /clientes/1/transacoes HTTP/1.0" 200
api02-1  | 192.168.48.5:49894 - "POST /clientes/1/transacoes HTTP/1.0" 200
api01-1  | 192.168.48.5:33472 - "POST /clientes/1/transacoes HTTP/1.0" 200
api02-1  | 192.168.48.5:49898 - "POST /clientes/1/transacoes HTTP/1.0" 200
api02-1  | 192.168.48.5:49888 - "POST /clientes/1/transacoes HTTP/1.0" 200
api01-1  | 192.168.48.5:33512 - "POST /clientes/1/transacoes HTTP/1.0" 200
api01-1  | 192.168.48.5:33508 - "POST /clientes/1/transacoes HTTP/1.0" 200
api01-1  | 192.168.48.5:33460 - "POST /clientes/1/transacoes HTTP/1.0" 200
api02-1  | 192.168.48.5:49910 - "POST /clientes/1/transacoes HTTP/1.0" 200
api02-1  | 192.168.48.5:49916 - "POST /clientes/1/transacoes HTTP/1.0" 200
api02-1  | 192.168.48.5:49918 - "POST /clientes/1/transacoes HTTP/1.0" 200
api02-1  | 192.168.48.5:49924 - "GET /clientes/1/extrato HTTP/1.0" 200
api01-1  | 192.168.48.5:56334 - "GET /clientes/6/extrato HTTP/1.0" 404
api01-1  | 192.168.48.5:56336 - "GET /clientes/5/extrato HTTP/1.0" 200
api01-1  | 192.168.48.5:56344 - "GET /clientes/1/extrato HTTP/1.0" 200
api02-1  | 192.168.48.5:43530 - "GET /clientes/2/extrato HTTP/1.0" 200
api02-1  | 192.168.48.5:43532 - "GET /clientes/3/extrato HTTP/1.0" 200
api01-1  | 192.168.48.5:56346 - "GET /clientes/4/extrato HTTP/1.0" 200
api01-1  | 192.168.48.5:56356 - "POST /clientes/3/transacoes HTTP/1.0" 200
api01-1  | 192.168.48.5:56366 - "POST /clientes/4/transacoes HTTP/1.0" 200
api02-1  | 192.168.48.5:43536 - "POST /clientes/2/transacoes HTTP/1.0" 200
api02-1  | 192.168.48.5:43552 - "POST /clientes/1/transacoes HTTP/1.0" 200
api02-1  | 192.168.48.5:43540 - "POST /clientes/5/transacoes HTTP/1.0" 200
api01-1  | 192.168.48.5:56374 - "POST /clientes/3/transacoes HTTP/1.0" 200
api02-1  | 192.168.48.5:43564 - "POST /clientes/1/transacoes HTTP/1.0" 200
api01-1  | 192.168.48.5:56390 - "POST /clientes/5/transacoes HTTP/1.0" 200
api02-1  | 192.168.48.5:43580 - "POST /clientes/4/transacoes HTTP/1.0" 200
api01-1  | 192.168.48.5:56416 - "GET /clientes/1/extrato HTTP/1.0" 200
api02-1  | 192.168.48.5:43596 - "GET /clientes/3/extrato HTTP/1.0" 200
api01-1  | 192.168.48.5:56402 - "POST /clientes/2/transacoes HTTP/1.0" 200
api02-1  | 192.168.48.5:43610 - "GET /clientes/5/extrato HTTP/1.0" 200
api02-1  | 192.168.48.5:43614 - "GET /clientes/4/extrato HTTP/1.0" 200
api01-1  | 192.168.48.5:56418 - "GET /clientes/2/extrato HTTP/1.0" 200
api01-1  | 192.168.48.5:56434 - "POST /clientes/5/transacoes HTTP/1.0" 422
api02-1  | 192.168.48.5:43616 - "POST /clientes/3/transacoes HTTP/1.0" 422
api02-1  | 192.168.48.5:43622 - "POST /clientes/2/transacoes HTTP/1.0" 422
api01-1  | 192.168.48.5:56438 - "POST /clientes/3/transacoes HTTP/1.0" 422
api02-1  | 192.168.48.5:43626 - "POST /clientes/3/transacoes HTTP/1.0" 422
api01-1  | 192.168.48.5:56454 - "POST /clientes/2/transacoes HTTP/1.0" 422
api01-1  | 192.168.48.5:56460 - "POST /clientes/1/transacoes HTTP/1.0" 422
api02-1  | 192.168.48.5:43636 - "POST /clientes/4/transacoes HTTP/1.0" 422
api01-1  | 192.168.48.5:56470 - "POST /clientes/2/transacoes HTTP/1.0" 422
api02-1  | 192.168.48.5:43648 - "POST /clientes/1/transacoes HTTP/1.0" 422
api02-1  | 192.168.48.5:43652 - "POST /clientes/3/transacoes HTTP/1.0" 422
api02-1  | 192.168.48.5:43658 - "POST /clientes/4/transacoes HTTP/1.0" 422
api01-1  | 192.168.48.5:56472 - "POST /clientes/5/transacoes HTTP/1.0" 422
api01-1  | 192.168.48.5:56478 - "POST /clientes/2/transacoes HTTP/1.0" 422
api01-1  | 192.168.48.5:56494 - "POST /clientes/1/transacoes HTTP/1.0" 422
api02-1  | 192.168.48.5:43668 - "POST /clientes/3/transacoes HTTP/1.0" 422
api02-1  | 192.168.48.5:43674 - "POST /clientes/4/transacoes HTTP/1.0" 422
api02-1  | 192.168.48.5:43686 - "POST /clientes/1/transacoes HTTP/1.0" 422
api01-1  | 192.168.48.5:56508 - "POST /clientes/5/transacoes HTTP/1.0" 422
api01-1  | 192.168.48.5:56520 - "POST /clientes/2/transacoes HTTP/1.0" 422
api02-1  | 192.168.48.5:43698 - "POST /clientes/4/transacoes HTTP/1.0" 422
api01-1  | 192.168.48.5:56534 - "POST /clientes/1/transacoes HTTP/1.0" 422
api02-1  | 192.168.48.5:43700 - "POST /clientes/5/transacoes HTTP/1.0" 422
api01-1  | 192.168.48.5:56538 - "POST /clientes/4/transacoes HTTP/1.0" 422
api01-1  | 192.168.48.5:56540 - "POST /clientes/5/transacoes HTTP/1.0" 422
db-1     | 2024-02-14 04:17:55.855 GMT [97] FATAL:  role "root" does not exist
api02-1  | 192.168.48.5:43714 - "GET /clientes/4/extrato HTTP/1.0" 200
api01-1  | 192.168.48.5:56542 - "POST /clientes/1/transacoes HTTP/1.0" 200
api02-1  | 192.168.48.5:43718 - "POST /clientes/1/transacoes HTTP/1.0" 200
api02-1  | 192.168.48.5:43724 - "GET /clientes/2/extrato HTTP/1.0" 200
api01-1  | 192.168.48.5:56556 - "POST /clientes/3/transacoes HTTP/1.0" 200
api01-1  | 192.168.48.5:56568 - "POST /clientes/1/transacoes HTTP/1.0" 200
api02-1  | 192.168.48.5:43730 - "POST /clientes/1/transacoes HTTP/1.0" 200
api02-1  | 192.168.48.5:43740 - "POST /clientes/4/transacoes HTTP/1.0" 200
api01-1  | 192.168.48.5:56570 - "POST /clientes/1/transacoes HTTP/1.0" 200
api01-1  | 192.168.48.5:56576 - "POST /clientes/2/transacoes HTTP/1.0" 200
api02-1  | 192.168.48.5:43764 - "GET /clientes/4/extrato HTTP/1.0" 200
api02-1  | 192.168.48.5:43748 - "POST /clientes/4/transacoes HTTP/1.0" 200
api01-1  | 192.168.48.5:56582 - "POST /clientes/5/transacoes HTTP/1.0" 200
api01-1  | 192.168.48.5:56586 - "POST /clientes/4/transacoes HTTP/1.0" 200
api02-1  | 192.168.48.5:43766 - "POST /clientes/1/transacoes HTTP/1.0" 200
api01-1  | 192.168.48.5:56590 - "POST /clientes/4/transacoes HTTP/1.0" 200
api02-1  | 192.168.48.5:43768 - "POST /clientes/1/transacoes HTTP/1.0" 200
api01-1  | 192.168.48.5:56594 - "POST /clientes/3/transacoes HTTP/1.0" 200
api02-1  | 192.168.48.5:43782 - "POST /clientes/2/transacoes HTTP/1.0" 200
api01-1  | 192.168.48.5:56600 - "POST /clientes/3/transacoes HTTP/1.0" 200
api02-1  | 192.168.48.5:43798 - "POST /clientes/2/transacoes HTTP/1.0" 200
api01-1  | 192.168.48.5:56610 - "GET /clientes/4/extrato HTTP/1.0" 200
api01-1  | 192.168.48.5:56604 - "POST /clientes/5/transacoes HTTP/1.0" 200
api02-1  | 192.168.48.5:43808 - "POST /clientes/4/transacoes HTTP/1.0" 200
api01-1  | 192.168.48.5:56620 - "POST /clientes/4/transacoes HTTP/1.0" 200
api02-1  | 192.168.48.5:43814 - "POST /clientes/1/transacoes HTTP/1.0" 200
api01-1  | 192.168.48.5:56624 - "POST /clientes/2/transacoes HTTP/1.0" 200
api02-1  | 192.168.48.5:43822 - "POST /clientes/1/transacoes HTTP/1.0" 200
api01-1  | 192.168.48.5:56630 - "POST /clientes/1/transacoes HTTP/1.0" 200
api02-1  | 192.168.48.5:43828 - "POST /clientes/2/transacoes HTTP/1.0" 200
api01-1  | 192.168.48.5:56646 - "POST /clientes/5/transacoes HTTP/1.0" 200
api02-1  | 192.168.48.5:43836 - "POST /clientes/1/transacoes HTTP/1.0" 200
api01-1  | 192.168.48.5:56658 - "POST /clientes/1/transacoes HTTP/1.0" 200
api02-1  | 192.168.48.5:43838 - "GET /clientes/5/extrato HTTP/1.0" 200
api01-1  | 192.168.48.5:56672 - "POST /clientes/4/transacoes HTTP/1.0" 200
api02-1  | 192.168.48.5:43852 - "POST /clientes/2/transacoes HTTP/1.0" 200
api01-1  | 192.168.48.5:56686 - "POST /clientes/1/transacoes HTTP/1.0" 200
api02-1  | 192.168.48.5:43860 - "POST /clientes/2/transacoes HTTP/1.0" 200
api02-1  | 192.168.48.5:43862 - "POST /clientes/5/transacoes HTTP/1.0" 200
api01-1  | 192.168.48.5:56700 - "POST /clientes/1/transacoes HTTP/1.0" 200
api02-1  | 192.168.48.5:43874 - "POST /clientes/2/transacoes HTTP/1.0" 200
api01-1  | 192.168.48.5:56706 - "POST /clientes/5/transacoes HTTP/1.0" 200
api02-1  | 192.168.48.5:43888 - "POST /clientes/2/transacoes HTTP/1.0" 200
api01-1  | 192.168.48.5:56720 - "POST /clientes/2/transacoes HTTP/1.0" 200
api02-1  | 192.168.48.5:43892 - "POST /clientes/5/transacoes HTTP/1.0" 200
api01-1  | 192.168.48.5:56734 - "POST /clientes/1/transacoes HTTP/1.0" 200
api02-1  | 192.168.48.5:43906 - "POST /clientes/2/transacoes HTTP/1.0" 200
api01-1  | 192.168.48.5:56738 - "POST /clientes/2/transacoes HTTP/1.0" 200
api02-1  | 192.168.48.5:43908 - "GET /clientes/5/extrato HTTP/1.0" 200
api01-1  | 192.168.48.5:56742 - "POST /clientes/1/transacoes HTTP/1.0" 200
api02-1  | 192.168.48.5:43916 - "POST /clientes/2/transacoes HTTP/1.0" 200
api01-1  | 192.168.48.5:56744 - "POST /clientes/5/transacoes HTTP/1.0" 200
api02-1  | 192.168.48.5:43920 - "POST /clientes/4/transacoes HTTP/1.0" 200
api01-1  | 192.168.48.5:56758 - "POST /clientes/4/transacoes HTTP/1.0" 200
api02-1  | 192.168.48.5:43932 - "POST /clientes/5/transacoes HTTP/1.0" 200
api01-1  | 192.168.48.5:56764 - "POST /clientes/1/transacoes HTTP/1.0" 200
api02-1  | 192.168.48.5:43936 - "POST /clientes/2/transacoes HTTP/1.0" 200
api01-1  | 192.168.48.5:56776 - "POST /clientes/5/transacoes HTTP/1.0" 200
api02-1  | 192.168.48.5:43966 - "GET /clientes/5/extrato HTTP/1.0" 200
api02-1  | 192.168.48.5:43950 - "POST /clientes/2/transacoes HTTP/1.0" 200
api01-1  | 192.168.48.5:56778 - "POST /clientes/4/transacoes HTTP/1.0" 200
api02-1  | 192.168.48.5:43968 - "POST /clientes/4/transacoes HTTP/1.0" 200
api01-1  | 192.168.48.5:56794 - "POST /clientes/1/transacoes HTTP/1.0" 200
api02-1  | 192.168.48.5:43984 - "POST /clientes/3/transacoes HTTP/1.0" 200
api01-1  | 192.168.48.5:56802 - "POST /clientes/4/transacoes HTTP/1.0" 200
api02-1  | 192.168.48.5:43986 - "POST /clientes/2/transacoes HTTP/1.0" 200
api01-1  | 192.168.48.5:56810 - "POST /clientes/5/transacoes HTTP/1.0" 200
api02-1  | 192.168.48.5:43992 - "GET /clientes/5/extrato HTTP/1.0" 200
api02-1  | 192.168.48.5:43990 - "POST /clientes/3/transacoes HTTP/1.0" 200
api01-1  | 192.168.48.5:56822 - "POST /clientes/4/transacoes HTTP/1.0" 200
api01-1  | 192.168.48.5:56838 - "POST /clientes/5/transacoes HTTP/1.0" 200
api02-1  | 192.168.48.5:43996 - "POST /clientes/4/transacoes HTTP/1.0" 200
api01-1  | 192.168.48.5:56852 - "POST /clientes/4/transacoes HTTP/1.0" 200
api01-1  | 192.168.48.5:56858 - "POST /clientes/1/transacoes HTTP/1.0" 200
api02-1  | 192.168.48.5:44006 - "POST /clientes/3/transacoes HTTP/1.0" 200
api01-1  | 192.168.48.5:56866 - "POST /clientes/4/transacoes HTTP/1.0" 200
api02-1  | 192.168.48.5:44008 - "POST /clientes/4/transacoes HTTP/1.0" 200
api01-1  | 192.168.48.5:56878 - "POST /clientes/4/transacoes HTTP/1.0" 200
api02-1  | 192.168.48.5:44024 - "POST /clientes/2/transacoes HTTP/1.0" 200
api01-1  | 192.168.48.5:56880 - "POST /clientes/3/transacoes HTTP/1.0" 200
api02-1  | 192.168.48.5:44034 - "POST /clientes/3/transacoes HTTP/1.0" 200
api01-1  | 192.168.48.5:56894 - "POST /clientes/5/transacoes HTTP/1.0" 200
api02-1  | 192.168.48.5:44044 - "POST /clientes/2/transacoes HTTP/1.0" 200
api01-1  | 192.168.48.5:56900 - "POST /clientes/5/transacoes HTTP/1.0" 200
api02-1  | 192.168.48.5:44054 - "POST /clientes/1/transacoes HTTP/1.0" 200
api01-1  | 192.168.48.5:56908 - "POST /clientes/4/transacoes HTTP/1.0" 200
api01-1  | 192.168.48.5:56910 - "POST /clientes/5/transacoes HTTP/1.0" 200
api02-1  | 192.168.48.5:44062 - "POST /clientes/2/transacoes HTTP/1.0" 200
api01-1  | 192.168.48.5:56932 - "GET /clientes/1/extrato HTTP/1.0" 200
api01-1  | 192.168.48.5:56916 - "POST /clientes/3/transacoes HTTP/1.0" 200
api02-1  | 192.168.48.5:44078 - "POST /clientes/1/transacoes HTTP/1.0" 200
api02-1  | 192.168.48.5:44090 - "POST /clientes/5/transacoes HTTP/1.0" 200
api01-1  | 192.168.48.5:56936 - "POST /clientes/4/transacoes HTTP/1.0" 200
api02-1  | 192.168.48.5:44102 - "POST /clientes/1/transacoes HTTP/1.0" 200
api01-1  | 192.168.48.5:56944 - "POST /clientes/4/transacoes HTTP/1.0" 200
api02-1  | 192.168.48.5:44116 - "POST /clientes/1/transacoes HTTP/1.0" 200
api01-1  | 192.168.48.5:56960 - "POST /clientes/1/transacoes HTTP/1.0" 200
api02-1  | 192.168.48.5:44126 - "POST /clientes/4/transacoes HTTP/1.0" 200
api01-1  | 192.168.48.5:56972 - "POST /clientes/3/transacoes HTTP/1.0" 200
api02-1  | 192.168.48.5:44136 - "POST /clientes/5/transacoes HTTP/1.0" 200
api01-1  | 192.168.48.5:56978 - "POST /clientes/5/transacoes HTTP/1.0" 200
api01-1  | 192.168.48.5:56986 - "GET /clientes/5/extrato HTTP/1.0" 200
api02-1  | 192.168.48.5:44146 - "POST /clientes/3/transacoes HTTP/1.0" 200
api02-1  | 192.168.48.5:44162 - "POST /clientes/4/transacoes HTTP/1.0" 200
api01-1  | 192.168.48.5:56992 - "POST /clientes/4/transacoes HTTP/1.0" 200
api02-1  | 192.168.48.5:44164 - "POST /clientes/4/transacoes HTTP/1.0" 200
api01-1  | 192.168.48.5:57000 - "POST /clientes/1/transacoes HTTP/1.0" 200
api02-1  | 192.168.48.5:44178 - "POST /clientes/1/transacoes HTTP/1.0" 200
api01-1  | 192.168.48.5:57006 - "POST /clientes/4/transacoes HTTP/1.0" 200
api02-1  | 192.168.48.5:44186 - "POST /clientes/1/transacoes HTTP/1.0" 200
api01-1  | 192.168.48.5:57020 - "POST /clientes/3/transacoes HTTP/1.0" 200
api02-1  | 192.168.48.5:44194 - "POST /clientes/5/transacoes HTTP/1.0" 200
api01-1  | 192.168.48.5:57032 - "POST /clientes/5/transacoes HTTP/1.0" 200
api01-1  | 192.168.48.5:57040 - "GET /clientes/1/extrato HTTP/1.0" 200
api02-1  | 192.168.48.5:44202 - "POST /clientes/3/transacoes HTTP/1.0" 200
api02-1  | 192.168.48.5:44216 - "POST /clientes/5/transacoes HTTP/1.0" 200
api02-1  | 192.168.48.5:44224 - "POST /clientes/5/transacoes HTTP/1.0" 200
api02-1  | 192.168.48.5:44230 - "POST /clientes/2/transacoes HTTP/1.0" 200
api01-1  | 192.168.48.5:57048 - "POST /clientes/4/transacoes HTTP/1.0" 200
api01-1  | 192.168.48.5:57062 - "POST /clientes/3/transacoes HTTP/1.0" 200
api01-1  | 192.168.48.5:57070 - "POST /clientes/2/transacoes HTTP/1.0" 200
api02-1  | 192.168.48.5:44234 - "POST /clientes/1/transacoes HTTP/1.0" 200
api02-1  | 192.168.48.5:44244 - "POST /clientes/2/transacoes HTTP/1.0" 200
api01-1  | 192.168.48.5:57080 - "POST /clientes/5/transacoes HTTP/1.0" 200
api02-1  | 192.168.48.5:44258 - "POST /clientes/1/transacoes HTTP/1.0" 200
api01-1  | 192.168.48.5:57088 - "POST /clientes/1/transacoes HTTP/1.0" 200
api02-1  | 192.168.48.5:44266 - "GET /clientes/1/extrato HTTP/1.0" 200
api01-1  | 192.168.48.5:57094 - "POST /clientes/4/transacoes HTTP/1.0" 200
api02-1  | 192.168.48.5:44262 - "POST /clientes/5/transacoes HTTP/1.0" 200
api01-1  | 192.168.48.5:57098 - "POST /clientes/1/transacoes HTTP/1.0" 200
api02-1  | 192.168.48.5:44268 - "POST /clientes/4/transacoes HTTP/1.0" 200
api01-1  | 192.168.48.5:57110 - "POST /clientes/2/transacoes HTTP/1.0" 200
api02-1  | 192.168.48.5:44278 - "POST /clientes/5/transacoes HTTP/1.0" 200
api01-1  | 192.168.48.5:57118 - "POST /clientes/2/transacoes HTTP/1.0" 200
api01-1  | 192.168.48.5:57126 - "POST /clientes/1/transacoes HTTP/1.0" 200
api02-1  | 192.168.48.5:44290 - "POST /clientes/3/transacoes HTTP/1.0" 200
api01-1  | 192.168.48.5:57128 - "POST /clientes/1/transacoes HTTP/1.0" 200
api02-1  | 192.168.48.5:44294 - "POST /clientes/3/transacoes HTTP/1.0" 200
api01-1  | 192.168.48.5:57130 - "POST /clientes/2/transacoes HTTP/1.0" 200
api02-1  | 192.168.48.5:40320 - "GET /clientes/1/extrato HTTP/1.0" 200
api02-1  | 192.168.48.5:40314 - "POST /clientes/3/transacoes HTTP/1.0" 200
api01-1  | 192.168.48.5:40394 - "POST /clientes/3/transacoes HTTP/1.0" 200
api01-1  | 192.168.48.5:40408 - "POST /clientes/5/transacoes HTTP/1.0" 200
api02-1  | 192.168.48.5:40330 - "POST /clientes/1/transacoes HTTP/1.0" 200
api01-1  | 192.168.48.5:40414 - "POST /clientes/1/transacoes HTTP/1.0" 200
api02-1  | 192.168.48.5:40336 - "POST /clientes/1/transacoes HTTP/1.0" 200
api01-1  | 192.168.48.5:40420 - "POST /clientes/1/transacoes HTTP/1.0" 200
api02-1  | 192.168.48.5:40340 - "POST /clientes/1/transacoes HTTP/1.0" 200
api01-1  | 192.168.48.5:40434 - "POST /clientes/3/transacoes HTTP/1.0" 200
api02-1  | 192.168.48.5:40348 - "POST /clientes/3/transacoes HTTP/1.0" 200
api01-1  | 192.168.48.5:40442 - "POST /clientes/5/transacoes HTTP/1.0" 200
api02-1  | 192.168.48.5:40356 - "POST /clientes/5/transacoes HTTP/1.0" 200
api01-1  | 192.168.48.5:40446 - "POST /clientes/3/transacoes HTTP/1.0" 200
api02-1  | 192.168.48.5:40358 - "POST /clientes/4/transacoes HTTP/1.0" 200
api01-1  | 192.168.48.5:40460 - "POST /clientes/1/transacoes HTTP/1.0" 200
api02-1  | 192.168.48.5:40374 - "POST /clientes/1/transacoes HTTP/1.0" 200
api01-1  | 192.168.48.5:40472 - "POST /clientes/1/transacoes HTTP/1.0" 200
api02-1  | 192.168.48.5:40378 - "POST /clientes/5/transacoes HTTP/1.0" 200
api01-1  | 192.168.48.5:40478 - "POST /clientes/5/transacoes HTTP/1.0" 200
api02-1  | 192.168.48.5:40382 - "POST /clientes/4/transacoes HTTP/1.0" 200
api01-1  | 192.168.48.5:40494 - "POST /clientes/5/transacoes HTTP/1.0" 200
api02-1  | 192.168.48.5:40384 - "POST /clientes/3/transacoes HTTP/1.0" 200
api01-1  | 192.168.48.5:40508 - "POST /clientes/1/transacoes HTTP/1.0" 200
api02-1  | 192.168.48.5:40386 - "POST /clientes/5/transacoes HTTP/1.0" 200
api01-1  | 192.168.48.5:40520 - "POST /clientes/1/transacoes HTTP/1.0" 200
api02-1  | 192.168.48.5:40396 - "POST /clientes/3/transacoes HTTP/1.0" 200
db-1     | 2024-02-14 04:18:05.935 GMT [104] FATAL:  role "root" does not exist
api02-1  | 192.168.48.5:40410 - "POST /clientes/4/transacoes HTTP/1.0" 200
api01-1  | 192.168.48.5:40532 - "POST /clientes/3/transacoes HTTP/1.0" 200
api02-1  | 192.168.48.5:40424 - "POST /clientes/3/transacoes HTTP/1.0" 200
api01-1  | 192.168.48.5:40546 - "POST /clientes/3/transacoes HTTP/1.0" 200
api02-1  | 192.168.48.5:40430 - "POST /clientes/2/transacoes HTTP/1.0" 200
api01-1  | 192.168.48.5:40550 - "GET /clientes/3/extrato HTTP/1.0" 200
api02-1  | 192.168.48.5:40436 - "POST /clientes/4/transacoes HTTP/1.0" 200
api01-1  | 192.168.48.5:40554 - "POST /clientes/1/transacoes HTTP/1.0" 200
api02-1  | 192.168.48.5:40446 - "POST /clientes/3/transacoes HTTP/1.0" 200
api01-1  | 192.168.48.5:40566 - "POST /clientes/4/transacoes HTTP/1.0" 200
api02-1  | 192.168.48.5:40454 - "POST /clientes/2/transacoes HTTP/1.0" 200
api02-1  | 192.168.48.5:40468 - "POST /clientes/5/transacoes HTTP/1.0" 200
api01-1  | 192.168.48.5:40572 - "POST /clientes/4/transacoes HTTP/1.0" 200
api01-1  | 192.168.48.5:40578 - "POST /clientes/2/transacoes HTTP/1.0" 200
api02-1  | 192.168.48.5:40484 - "POST /clientes/5/transacoes HTTP/1.0" 200
api01-1  | 192.168.48.5:40588 - "POST /clientes/3/transacoes HTTP/1.0" 200
api01-1  | 192.168.48.5:40592 - "POST /clientes/3/transacoes HTTP/1.0" 200
api02-1  | 192.168.48.5:40496 - "POST /clientes/4/transacoes HTTP/1.0" 200
api02-1  | 192.168.48.5:40502 - "POST /clientes/4/transacoes HTTP/1.0" 200
api01-1  | 192.168.48.5:40594 - "GET /clientes/3/extrato HTTP/1.0" 200
api02-1  | 192.168.48.5:40518 - "POST /clientes/4/transacoes HTTP/1.0" 200
api02-1  | 192.168.48.5:40534 - "POST /clientes/5/transacoes HTTP/1.0" 200
api01-1  | 192.168.48.5:40600 - "POST /clientes/2/transacoes HTTP/1.0" 200
api01-1  | 192.168.48.5:40606 - "POST /clientes/4/transacoes HTTP/1.0" 200
api02-1  | 192.168.48.5:40550 - "POST /clientes/3/transacoes HTTP/1.0" 200
api01-1  | 192.168.48.5:40622 - "POST /clientes/1/transacoes HTTP/1.0" 200
api02-1  | 192.168.48.5:40560 - "POST /clientes/5/transacoes HTTP/1.0" 200
api01-1  | 192.168.48.5:40636 - "POST /clientes/3/transacoes HTTP/1.0" 200
api02-1  | 192.168.48.5:40576 - "POST /clientes/4/transacoes HTTP/1.0" 200
api02-1  | 192.168.48.5:40588 - "POST /clientes/5/transacoes HTTP/1.0" 200
api01-1  | 192.168.48.5:40644 - "POST /clientes/2/transacoes HTTP/1.0" 200
api02-1  | 192.168.48.5:40598 - "POST /clientes/1/transacoes HTTP/1.0" 200
api01-1  | 192.168.48.5:40652 - "POST /clientes/3/transacoes HTTP/1.0" 200
api01-1  | 192.168.48.5:40650 - "POST /clientes/1/transacoes HTTP/1.0" 200
api02-1  | 192.168.48.5:40600 - "POST /clientes/3/transacoes HTTP/1.0" 200
api02-1  | 192.168.48.5:40616 - "GET /clientes/2/extrato HTTP/1.0" 200
api01-1  | 192.168.48.5:40676 - "POST /clientes/3/transacoes HTTP/1.0" 200
api01-1  | 192.168.48.5:40680 - "POST /clientes/2/transacoes HTTP/1.0" 200
api02-1  | 192.168.48.5:40620 - "POST /clientes/4/transacoes HTTP/1.0" 200
api01-1  | 192.168.48.5:40690 - "POST /clientes/2/transacoes HTTP/1.0" 200
api02-1  | 192.168.48.5:40636 - "POST /clientes/2/transacoes HTTP/1.0" 200
api01-1  | 192.168.48.5:40698 - "POST /clientes/5/transacoes HTTP/1.0" 200
api02-1  | 192.168.48.5:40652 - "POST /clientes/3/transacoes HTTP/1.0" 200
api01-1  | 192.168.48.5:40710 - "POST /clientes/2/transacoes HTTP/1.0" 200
api02-1  | 192.168.48.5:40658 - "POST /clientes/1/transacoes HTTP/1.0" 200
api01-1  | 192.168.48.5:40724 - "POST /clientes/3/transacoes HTTP/1.0" 200
api02-1  | 192.168.48.5:40668 - "POST /clientes/2/transacoes HTTP/1.0" 200
api01-1  | 192.168.48.5:40726 - "POST /clientes/1/transacoes HTTP/1.0" 200
api02-1  | 192.168.48.5:40670 - "POST /clientes/3/transacoes HTTP/1.0" 200
api01-1  | 192.168.48.5:40736 - "POST /clientes/3/transacoes HTTP/1.0" 200
api01-1  | 192.168.48.5:40752 - "POST /clientes/5/transacoes HTTP/1.0" 200
api02-1  | 192.168.48.5:40682 - "POST /clientes/2/transacoes HTTP/1.0" 200
api01-1  | 192.168.48.5:40764 - "POST /clientes/1/transacoes HTTP/1.0" 200
api02-1  | 192.168.48.5:40690 - "POST /clientes/5/transacoes HTTP/1.0" 200
api01-1  | 192.168.48.5:40776 - "GET /clientes/3/extrato HTTP/1.0" 200
api02-1  | 192.168.48.5:40698 - "POST /clientes/3/transacoes HTTP/1.0" 200
api01-1  | 192.168.48.5:40788 - "POST /clientes/2/transacoes HTTP/1.0" 200
api02-1  | 192.168.48.5:40714 - "POST /clientes/2/transacoes HTTP/1.0" 200
api01-1  | 192.168.48.5:40792 - "POST /clientes/1/transacoes HTTP/1.0" 200
api02-1  | 192.168.48.5:40722 - "POST /clientes/3/transacoes HTTP/1.0" 200
api01-1  | 192.168.48.5:40806 - "POST /clientes/4/transacoes HTTP/1.0" 200
api02-1  | 192.168.48.5:40734 - "POST /clientes/3/transacoes HTTP/1.0" 200
api01-1  | 192.168.48.5:40822 - "POST /clientes/2/transacoes HTTP/1.0" 200
api02-1  | 192.168.48.5:40736 - "POST /clientes/3/transacoes HTTP/1.0" 200
api02-1  | 192.168.48.5:40744 - "POST /clientes/5/transacoes HTTP/1.0" 200
api01-1  | 192.168.48.5:40830 - "POST /clientes/2/transacoes HTTP/1.0" 200
api02-1  | 192.168.48.5:40750 - "POST /clientes/5/transacoes HTTP/1.0" 200
api01-1  | 192.168.48.5:40840 - "POST /clientes/2/transacoes HTTP/1.0" 200
api02-1  | 192.168.48.5:40756 - "POST /clientes/2/transacoes HTTP/1.0" 200
api01-1  | 192.168.48.5:40854 - "POST /clientes/1/transacoes HTTP/1.0" 200
api02-1  | 192.168.48.5:40766 - "POST /clientes/4/transacoes HTTP/1.0" 200
api02-1  | 192.168.48.5:40778 - "GET /clientes/5/extrato HTTP/1.0" 200
api01-1  | 192.168.48.5:40856 - "POST /clientes/3/transacoes HTTP/1.0" 200
api01-1  | 192.168.48.5:40860 - "POST /clientes/2/transacoes HTTP/1.0" 200
api02-1  | 192.168.48.5:40792 - "POST /clientes/1/transacoes HTTP/1.0" 200
api02-1  | 192.168.48.5:40806 - "POST /clientes/3/transacoes HTTP/1.0" 200
api01-1  | 192.168.48.5:40864 - "POST /clientes/2/transacoes HTTP/1.0" 200
api01-1  | 192.168.48.5:40880 - "POST /clientes/3/transacoes HTTP/1.0" 200
api02-1  | 192.168.48.5:40812 - "POST /clientes/3/transacoes HTTP/1.0" 200
api02-1  | 192.168.48.5:40816 - "POST /clientes/1/transacoes HTTP/1.0" 200
api01-1  | 192.168.48.5:40888 - "POST /clientes/2/transacoes HTTP/1.0" 200
api02-1  | 192.168.48.5:40824 - "POST /clientes/1/transacoes HTTP/1.0" 200
api01-1  | 192.168.48.5:40896 - "POST /clientes/2/transacoes HTTP/1.0" 200
api01-1  | 192.168.48.5:40912 - "POST /clientes/3/transacoes HTTP/1.0" 200
api02-1  | 192.168.48.5:40830 - "POST /clientes/1/transacoes HTTP/1.0" 200
api02-1  | 192.168.48.5:40828 - "POST /clientes/5/transacoes HTTP/1.0" 200
api01-1  | 192.168.48.5:40918 - "POST /clientes/4/transacoes HTTP/1.0" 200
api01-1  | 192.168.48.5:40926 - "POST /clientes/2/transacoes HTTP/1.0" 200
api02-1  | 192.168.48.5:40844 - "POST /clientes/1/transacoes HTTP/1.0" 200
api01-1  | 192.168.48.5:40930 - "POST /clientes/5/transacoes HTTP/1.0" 200
api02-1  | 192.168.48.5:40852 - "GET /clientes/5/extrato HTTP/1.0" 200
api01-1  | 192.168.48.5:40944 - "POST /clientes/4/transacoes HTTP/1.0" 200
api02-1  | 192.168.48.5:40862 - "POST /clientes/1/transacoes HTTP/1.0" 200
api01-1  | 192.168.48.5:40960 - "POST /clientes/4/transacoes HTTP/1.0" 200
api01-1  | 192.168.48.5:40968 - "POST /clientes/2/transacoes HTTP/1.0" 200
api02-1  | 192.168.48.5:40876 - "POST /clientes/3/transacoes HTTP/1.0" 200
api02-1  | 192.168.48.5:40882 - "POST /clientes/2/transacoes HTTP/1.0" 200
api01-1  | 192.168.48.5:40978 - "POST /clientes/1/transacoes HTTP/1.0" 200
api02-1  | 192.168.48.5:40886 - "POST /clientes/3/transacoes HTTP/1.0" 200
api01-1  | 192.168.48.5:40992 - "POST /clientes/1/transacoes HTTP/1.0" 200
api02-1  | 192.168.48.5:40900 - "POST /clientes/4/transacoes HTTP/1.0" 200
api01-1  | 192.168.48.5:41004 - "POST /clientes/1/transacoes HTTP/1.0" 200
api02-1  | 192.168.48.5:40914 - "POST /clientes/4/transacoes HTTP/1.0" 200
api01-1  | 192.168.48.5:41020 - "POST /clientes/2/transacoes HTTP/1.0" 200
api02-1  | 192.168.48.5:40924 - "POST /clientes/1/transacoes HTTP/1.0" 200
api01-1  | 192.168.48.5:41024 - "POST /clientes/1/transacoes HTTP/1.0" 200
api02-1  | 192.168.48.5:40940 - "POST /clientes/4/transacoes HTTP/1.0" 200
api01-1  | 192.168.48.5:41030 - "POST /clientes/3/transacoes HTTP/1.0" 200
api01-1  | 192.168.48.5:41032 - "POST /clientes/4/transacoes HTTP/1.0" 200
api01-1  | 192.168.48.5:41038 - "GET /clientes/4/extrato HTTP/1.0" 200
api02-1  | 192.168.48.5:40950 - "POST /clientes/2/transacoes HTTP/1.0" 200
api02-1  | 192.168.48.5:40954 - "POST /clientes/1/transacoes HTTP/1.0" 200
api02-1  | 192.168.48.5:40964 - "POST /clientes/1/transacoes HTTP/1.0" 200
api01-1  | 192.168.48.5:41050 - "POST /clientes/3/transacoes HTTP/1.0" 200
api01-1  | 192.168.48.5:41056 - "POST /clientes/1/transacoes HTTP/1.0" 200
api02-1  | 192.168.48.5:40974 - "POST /clientes/2/transacoes HTTP/1.0" 200
api01-1  | 192.168.48.5:41058 - "POST /clientes/2/transacoes HTTP/1.0" 200
api02-1  | 192.168.48.5:40986 - "POST /clientes/5/transacoes HTTP/1.0" 200
api01-1  | 192.168.48.5:41070 - "POST /clientes/5/transacoes HTTP/1.0" 200
api02-1  | 192.168.48.5:40998 - "POST /clientes/3/transacoes HTTP/1.0" 200
api01-1  | 192.168.48.5:41072 - "POST /clientes/4/transacoes HTTP/1.0" 200
api02-1  | 192.168.48.5:41000 - "POST /clientes/3/transacoes HTTP/1.0" 200
api01-1  | 192.168.48.5:41076 - "POST /clientes/1/transacoes HTTP/1.0" 200
api02-1  | 192.168.48.5:41004 - "POST /clientes/4/transacoes HTTP/1.0" 200
api01-1  | 192.168.48.5:41080 - "POST /clientes/1/transacoes HTTP/1.0" 200
api02-1  | 192.168.48.5:41020 - "POST /clientes/3/transacoes HTTP/1.0" 200
