 Network rinha-nginx-2024q1  Creating
 Network rinha-nginx-2024q1  Created
 Container rdenadai_python-db-1  Creating
 Container rdenadai_python-db-1  Created
 Container rdenadai_python-api02-1  Creating
 Container rdenadai_python-api01-1  Creating
 Container rdenadai_python-api02-1  Created
 Container rdenadai_python-api01-1  Created
 Container rdenadai_python-nginx-1  Creating
 Container rdenadai_python-nginx-1  Created
Attaching to api01-1, api02-1, db-1, nginx-1
db-1     | The files belonging to this database system will be owned by user "postgres".
db-1     | This user must also own the server process.
db-1     | 
db-1     | The database cluster will be initialized with locale "en_US.utf8".
db-1     | The default database encoding has accordingly been set to "UTF8".
db-1     | The default text search configuration will be set to "english".
db-1     | 
db-1     | Data page checksums are disabled.
db-1     | 
db-1     | fixing permissions on existing directory /var/lib/postgresql/data ... ok
db-1     | creating subdirectories ... ok
db-1     | selecting dynamic shared memory implementation ... posix
db-1     | selecting default max_connections ... 100
db-1     | selecting default shared_buffers ... 128MB
db-1     | selecting default time zone ... UTC
db-1     | creating configuration files ... ok
db-1     | running bootstrap script ... ok
db-1     | sh: locale: not found
db-1     | 2024-02-14 00:01:33.306 UTC [30] WARNING:  no usable system locales were found
db-1     | performing post-bootstrap initialization ... ok
db-1     | syncing data to disk ... ok
db-1     | 
db-1     | 
db-1     | Success. You can now start the database server using:
db-1     | 
db-1     |     pg_ctl -D /var/lib/postgresql/data -l logfile start
db-1     | 
db-1     | initdb: warning: enabling "trust" authentication for local connections
db-1     | initdb: hint: You can change this by editing pg_hba.conf or using the option -A, or --auth-local and --auth-host, the next time you run initdb.
db-1     | waiting for server to start....2024-02-14 00:01:35.018 GMT [36] LOG:  starting PostgreSQL 16.1 on x86_64-pc-linux-musl, compiled by gcc (Alpine 13.2.1_git20231014) 13.2.1 20231014, 64-bit
db-1     | 2024-02-14 00:01:35.027 GMT [36] LOG:  listening on Unix socket "/var/run/postgresql/.s.PGSQL.5432"
db-1     | 2024-02-14 00:01:35.059 GMT [39] LOG:  database system was shut down at 2024-02-14 00:01:34 GMT
db-1     | 2024-02-14 00:01:35.073 GMT [36] LOG:  database system is ready to accept connections
db-1     |  done
db-1     | server started
db-1     | CREATE DATABASE
db-1     | 
db-1     | 
db-1     | /usr/local/bin/docker-entrypoint.sh: running /docker-entrypoint-initdb.d/init.sql
db-1     | CREATE TABLE
db-1     | CREATE TABLE
db-1     | CREATE TABLE
db-1     | CREATE TYPE
db-1     | CREATE FUNCTION
db-1     | DO
db-1     | 
db-1     | 
db-1     | /usr/local/bin/docker-entrypoint.sh: ignoring /docker-entrypoint-initdb.d/postgresql.conf
db-1     | 
db-1     | waiting for server to shut down...2024-02-14 00:01:35.440 GMT [36] LOG:  received fast shutdown request
db-1     | .2024-02-14 00:01:35.443 GMT [36] LOG:  aborting any active transactions
db-1     | 2024-02-14 00:01:35.495 GMT [36] LOG:  background worker "logical replication launcher" (PID 41) exited with exit code 1
db-1     | 2024-02-14 00:01:35.498 GMT [37] LOG:  shutting down
db-1     | 2024-02-14 00:01:35.504 GMT [37] LOG:  checkpoint starting: shutdown immediate
db-1     | 2024-02-14 00:01:35.836 GMT [37] LOG:  checkpoint complete: wrote 946 buffers (1.4%); 0 WAL file(s) added, 0 removed, 0 recycled; write=0.273 s, sync=0.043 s, total=0.338 s; sync files=310, longest=0.015 s, average=0.001 s; distance=4331 kB, estimate=4331 kB; lsn=0/192B060, redo lsn=0/192B060
db-1     | 2024-02-14 00:01:35.863 GMT [36] LOG:  database system is shut down
db-1     |  done
db-1     | server stopped
db-1     | 
db-1     | PostgreSQL init process complete; ready for start up.
db-1     | 
db-1     | 2024-02-14 00:01:36.110 GMT [1] LOG:  starting PostgreSQL 16.1 on x86_64-pc-linux-musl, compiled by gcc (Alpine 13.2.1_git20231014) 13.2.1 20231014, 64-bit
db-1     | 2024-02-14 00:01:36.110 GMT [1] LOG:  listening on IPv4 address "0.0.0.0", port 5432
db-1     | 2024-02-14 00:01:36.110 GMT [1] LOG:  listening on IPv6 address "::", port 5432
db-1     | 2024-02-14 00:01:36.127 GMT [1] LOG:  listening on Unix socket "/var/run/postgresql/.s.PGSQL.5432"
db-1     | 2024-02-14 00:01:36.141 GMT [53] LOG:  database system was shut down at 2024-02-14 00:01:35 GMT
db-1     | 2024-02-14 00:01:36.153 GMT [1] LOG:  database system is ready to accept connections
db-1     | 2024-02-14 00:01:42.017 GMT [62] FATAL:  role "root" does not exist
nginx-1  | /docker-entrypoint.sh: /docker-entrypoint.d/ is not empty, will attempt to perform configuration
nginx-1  | /docker-entrypoint.sh: Looking for shell scripts in /docker-entrypoint.d/
nginx-1  | /docker-entrypoint.sh: Launching /docker-entrypoint.d/10-listen-on-ipv6-by-default.sh
nginx-1  | 10-listen-on-ipv6-by-default.sh: info: Getting the checksum of /etc/nginx/conf.d/default.conf
nginx-1  | 10-listen-on-ipv6-by-default.sh: info: Enabled listen on IPv6 in /etc/nginx/conf.d/default.conf
nginx-1  | /docker-entrypoint.sh: Launching /docker-entrypoint.d/20-envsubst-on-templates.sh
nginx-1  | /docker-entrypoint.sh: Launching /docker-entrypoint.d/30-tune-worker-processes.sh
nginx-1  | /docker-entrypoint.sh: Configuration complete; ready for start up
nginx-1  | 2024/02/14 00:01:43 [alert] 30#30: setrlimit(RLIMIT_NOFILE, 500000) failed (1: Operation not permitted)
nginx-1  | 2024/02/14 00:01:43 [alert] 33#33: setrlimit(RLIMIT_NOFILE, 500000) failed (1: Operation not permitted)
nginx-1  | 2024/02/14 00:01:43 [alert] 31#31: setrlimit(RLIMIT_NOFILE, 500000) failed (1: Operation not permitted)
nginx-1  | 2024/02/14 00:01:43 [alert] 32#32: setrlimit(RLIMIT_NOFILE, 500000) failed (1: Operation not permitted)
nginx-1  | 2024/02/14 00:01:44 [error] 30#30: *1 connect() failed (111: Connection refused) while connecting to upstream, client: 192.168.128.1, server: , request: "GET /clientes/1/extrato HTTP/1.1", upstream: "http://192.168.128.3:8080/clientes/1/extrato", host: "localhost:9999"
nginx-1  | 2024/02/14 00:01:44 [error] 30#30: *1 connect() failed (111: Connection refused) while connecting to upstream, client: 192.168.128.1, server: , request: "GET /clientes/1/extrato HTTP/1.1", upstream: "http://192.168.128.4:8080/clientes/1/extrato", host: "localhost:9999"
nginx-1  | 2024/02/14 00:01:46 [error] 33#33: *4 connect() failed (111: Connection refused) while connecting to upstream, client: 192.168.128.1, server: , request: "GET /clientes/1/extrato HTTP/1.1", upstream: "http://192.168.128.3:8080/clientes/1/extrato", host: "localhost:9999"
nginx-1  | 2024/02/14 00:01:46 [error] 33#33: *4 connect() failed (111: Connection refused) while connecting to upstream, client: 192.168.128.1, server: , request: "GET /clientes/1/extrato HTTP/1.1", upstream: "http://192.168.128.4:8080/clientes/1/extrato", host: "localhost:9999"
api02-1  | [2024-02-14 00:01:46 +0000] [7] [INFO] Starting gunicorn 21.2.0
api01-1  | [2024-02-14 00:01:46 +0000] [7] [INFO] Starting gunicorn 21.2.0
api02-1  | [2024-02-14 00:01:46 +0000] [7] [INFO] Listening at: http://0.0.0.0:8080 (7)
api01-1  | [2024-02-14 00:01:46 +0000] [7] [INFO] Listening at: http://0.0.0.0:8080 (7)
api02-1  | [2024-02-14 00:01:46 +0000] [7] [INFO] Using worker: uvicorn.workers.UvicornWorker
api01-1  | [2024-02-14 00:01:46 +0000] [7] [INFO] Using worker: uvicorn.workers.UvicornWorker
api02-1  | [2024-02-14 00:01:46 +0000] [8] [INFO] Booting worker with pid: 8
api01-1  | [2024-02-14 00:01:46 +0000] [8] [INFO] Booting worker with pid: 8
api02-1  | [2024-02-14 00:01:47 +0000] [8] [INFO] Started server process [8]
api01-1  | [2024-02-14 00:01:47 +0000] [8] [INFO] Started server process [8]
api01-1  | [2024-02-14 00:01:47 +0000] [8] [INFO] Waiting for application startup.
api02-1  | [2024-02-14 00:01:47 +0000] [8] [INFO] Waiting for application startup.
api01-1  | [2024-02-14 00:01:48 +0000] [8] [INFO] Application startup complete.
api01-1  | 192.168.128.5:49532 - "GET /clientes/1/extrato HTTP/1.0" 200
api02-1  | [2024-02-14 00:01:48 +0000] [8] [INFO] Application startup complete.
api01-1  | 192.168.128.5:49538 - "GET /clientes/1/extrato HTTP/1.0" 200
db-1     | 2024-02-14 00:01:52.122 GMT [89] FATAL:  role "root" does not exist
nginx-1  | 2024/02/14 00:01:56 [error] 30#30: *16 no live upstreams while connecting to upstream, client: 192.168.128.1, server: , request: "POST /clientes/1/transacoes HTTP/1.1", upstream: "http://api/clientes/1/transacoes", host: "localhost:9999"
nginx-1  | 2024/02/14 00:01:56 [error] 30#30: *19 no live upstreams while connecting to upstream, client: 192.168.128.1, server: , request: "POST /clientes/1/transacoes HTTP/1.1", upstream: "http://api/clientes/1/transacoes", host: "localhost:9999"
api01-1  | 192.168.128.5:59058 - "POST /clientes/1/transacoes HTTP/1.0" 200
api02-1  | 192.168.128.5:44406 - "POST /clientes/1/transacoes HTTP/1.0" 200
api01-1  | 192.168.128.5:59090 - "POST /clientes/1/transacoes HTTP/1.0" 200
nginx-1  | 2024/02/14 00:01:56 [error] 33#33: *49 no live upstreams while connecting to upstream, client: 192.168.128.1, server: , request: "POST /clientes/1/transacoes HTTP/1.1", upstream: "http://api/clientes/1/transacoes", host: "localhost:9999"
nginx-1  | 2024/02/14 00:01:56 [error] 33#33: *50 no live upstreams while connecting to upstream, client: 192.168.128.1, server: , request: "POST /clientes/1/transacoes HTTP/1.1", upstream: "http://api/clientes/1/transacoes", host: "localhost:9999"
nginx-1  | 2024/02/14 00:01:56 [error] 33#33: *51 no live upstreams while connecting to upstream, client: 192.168.128.1, server: , request: "POST /clientes/1/transacoes HTTP/1.1", upstream: "http://api/clientes/1/transacoes", host: "localhost:9999"
api01-1  | 192.168.128.5:59114 - "POST /clientes/1/transacoes HTTP/1.0" 200
api01-1  | 192.168.128.5:59170 - "POST /clientes/1/transacoes HTTP/1.0" 200
api01-1  | 192.168.128.5:59074 - "POST /clientes/1/transacoes HTTP/1.0" 200
api01-1  | 192.168.128.5:59130 - "POST /clientes/1/transacoes HTTP/1.0" 200
api02-1  | 192.168.128.5:44444 - "POST /clientes/1/transacoes HTTP/1.0" 200
api02-1  | 192.168.128.5:44428 - "POST /clientes/1/transacoes HTTP/1.0" 200
api02-1  | 192.168.128.5:44420 - "POST /clientes/1/transacoes HTTP/1.0" 200
api01-1  | 192.168.128.5:59150 - "POST /clientes/1/transacoes HTTP/1.0" 200
api01-1  | 192.168.128.5:59100 - "POST /clientes/1/transacoes HTTP/1.0" 200
api01-1  | 192.168.128.5:59110 - "POST /clientes/1/transacoes HTTP/1.0" 200
api01-1  | 192.168.128.5:59186 - "POST /clientes/1/transacoes HTTP/1.0" 200
api01-1  | 192.168.128.5:59198 - "POST /clientes/1/transacoes HTTP/1.0" 200
api01-1  | 192.168.128.5:59188 - "POST /clientes/1/transacoes HTTP/1.0" 200
api01-1  | 192.168.128.5:59108 - "POST /clientes/1/transacoes HTTP/1.0" 200
api01-1  | 192.168.128.5:59124 - "POST /clientes/1/transacoes HTTP/1.0" 200
api01-1  | 192.168.128.5:59166 - "POST /clientes/1/transacoes HTTP/1.0" 200
api01-1  | 192.168.128.5:59144 - "POST /clientes/1/transacoes HTTP/1.0" 200
api02-1  | 192.168.128.5:44452 - "GET /clientes/1/extrato HTTP/1.0" 200
api02-1  | 192.168.128.5:44472 - "POST /clientes/1/transacoes HTTP/1.0" 200
api02-1  | 192.168.128.5:44458 - "POST /clientes/1/transacoes HTTP/1.0" 200
api01-1  | 192.168.128.5:59206 - "POST /clientes/1/transacoes HTTP/1.0" 200
api01-1  | 192.168.128.5:59218 - "POST /clientes/1/transacoes HTTP/1.0" 200
api01-1  | 192.168.128.5:59238 - "POST /clientes/1/transacoes HTTP/1.0" 200
api01-1  | 192.168.128.5:59230 - "POST /clientes/1/transacoes HTTP/1.0" 200
api01-1  | 192.168.128.5:59276 - "POST /clientes/1/transacoes HTTP/1.0" 200
api01-1  | 192.168.128.5:59272 - "POST /clientes/1/transacoes HTTP/1.0" 200
api01-1  | 192.168.128.5:59258 - "POST /clientes/1/transacoes HTTP/1.0" 200
api02-1  | 192.168.128.5:44482 - "POST /clientes/1/transacoes HTTP/1.0" 200
api02-1  | 192.168.128.5:44476 - "POST /clientes/1/transacoes HTTP/1.0" 200
api02-1  | 192.168.128.5:44484 - "POST /clientes/1/transacoes HTTP/1.0" 200
api01-1  | 192.168.128.5:59248 - "POST /clientes/1/transacoes HTTP/1.0" 200
api02-1  | 192.168.128.5:44548 - "POST /clientes/1/transacoes HTTP/1.0" 200
api02-1  | 192.168.128.5:44560 - "POST /clientes/1/transacoes HTTP/1.0" 200
api02-1  | 192.168.128.5:44534 - "POST /clientes/1/transacoes HTTP/1.0" 200
api02-1  | 192.168.128.5:44578 - "POST /clientes/1/transacoes HTTP/1.0" 200
api02-1  | 192.168.128.5:44520 - "POST /clientes/1/transacoes HTTP/1.0" 200
api02-1  | 192.168.128.5:44516 - "POST /clientes/1/transacoes HTTP/1.0" 200
api02-1  | 192.168.128.5:44498 - "POST /clientes/1/transacoes HTTP/1.0" 200
api02-1  | 192.168.128.5:44594 - "POST /clientes/1/transacoes HTTP/1.0" 200
api02-1  | 192.168.128.5:44570 - "POST /clientes/1/transacoes HTTP/1.0" 200
api02-1  | 192.168.128.5:44508 - "POST /clientes/1/transacoes HTTP/1.0" 200
api02-1  | 192.168.128.5:44608 - "POST /clientes/1/transacoes HTTP/1.0" 200
api02-1  | 192.168.128.5:44522 - "POST /clientes/1/transacoes HTTP/1.0" 200
api01-1  | 192.168.128.5:59282 - "GET /clientes/1/extrato HTTP/1.0" 200
api02-1  | 192.168.128.5:44620 - "GET /clientes/6/extrato HTTP/1.0" 404
api02-1  | 192.168.128.5:44628 - "GET /clientes/1/extrato HTTP/1.0" 200
api01-1  | 192.168.128.5:59290 - "GET /clientes/5/extrato HTTP/1.0" 200
api01-1  | 192.168.128.5:59304 - "GET /clientes/2/extrato HTTP/1.0" 200
api01-1  | 192.168.128.5:59310 - "GET /clientes/4/extrato HTTP/1.0" 200
api01-1  | 192.168.128.5:59314 - "GET /clientes/3/extrato HTTP/1.0" 200
api01-1  | 192.168.128.5:59326 - "POST /clientes/1/transacoes HTTP/1.0" 200
api02-1  | 192.168.128.5:44642 - "POST /clientes/4/transacoes HTTP/1.0" 200
api02-1  | 192.168.128.5:44646 - "POST /clientes/2/transacoes HTTP/1.0" 200
api02-1  | 192.168.128.5:44652 - "POST /clientes/5/transacoes HTTP/1.0" 200
api02-1  | 192.168.128.5:44656 - "POST /clientes/3/transacoes HTTP/1.0" 200
api02-1  | 192.168.128.5:44658 - "POST /clientes/5/transacoes HTTP/1.0" 200
api01-1  | 192.168.128.5:59338 - "POST /clientes/4/transacoes HTTP/1.0" 200
api01-1  | 192.168.128.5:59368 - "POST /clientes/3/transacoes HTTP/1.0" 200
api01-1  | 192.168.128.5:59352 - "POST /clientes/1/transacoes HTTP/1.0" 200
api01-1  | 192.168.128.5:59354 - "POST /clientes/2/transacoes HTTP/1.0" 200
api02-1  | 192.168.128.5:44668 - "GET /clientes/5/extrato HTTP/1.0" 200
api01-1  | 192.168.128.5:59374 - "GET /clientes/4/extrato HTTP/1.0" 200
api02-1  | 192.168.128.5:44684 - "GET /clientes/3/extrato HTTP/1.0" 200
api02-1  | 192.168.128.5:44696 - "GET /clientes/1/extrato HTTP/1.0" 200
api02-1  | 192.168.128.5:44704 - "GET /clientes/2/extrato HTTP/1.0" 200
api01-1  | 192.168.128.5:59382 - "POST /clientes/3/transacoes HTTP/1.0" 422
api02-1  | 192.168.128.5:44708 - "POST /clientes/3/transacoes HTTP/1.0" 422
api01-1  | 192.168.128.5:59384 - "POST /clientes/5/transacoes HTTP/1.0" 422
api02-1  | 192.168.128.5:44724 - "POST /clientes/5/transacoes HTTP/1.0" 422
api01-1  | 192.168.128.5:59390 - "POST /clientes/1/transacoes HTTP/1.0" 422
api01-1  | 192.168.128.5:59400 - "POST /clientes/3/transacoes HTTP/1.0" 422
api02-1  | 192.168.128.5:44734 - "POST /clientes/4/transacoes HTTP/1.0" 422
api01-1  | 192.168.128.5:59408 - "POST /clientes/5/transacoes HTTP/1.0" 422
api01-1  | 192.168.128.5:59410 - "POST /clientes/4/transacoes HTTP/1.0" 422
api01-1  | 192.168.128.5:59424 - "POST /clientes/2/transacoes HTTP/1.0" 422
api02-1  | 192.168.128.5:44740 - "POST /clientes/3/transacoes HTTP/1.0" 422
api02-1  | 192.168.128.5:44752 - "POST /clientes/1/transacoes HTTP/1.0" 422
api01-1  | 192.168.128.5:59432 - "POST /clientes/3/transacoes HTTP/1.0" 422
api02-1  | 192.168.128.5:44764 - "POST /clientes/5/transacoes HTTP/1.0" 422
api01-1  | 192.168.128.5:59446 - "POST /clientes/4/transacoes HTTP/1.0" 422
api02-1  | 192.168.128.5:44772 - "POST /clientes/1/transacoes HTTP/1.0" 422
api01-1  | 192.168.128.5:59456 - "POST /clientes/5/transacoes HTTP/1.0" 422
api02-1  | 192.168.128.5:44780 - "POST /clientes/2/transacoes HTTP/1.0" 422
api02-1  | 192.168.128.5:44790 - "POST /clientes/4/transacoes HTTP/1.0" 422
api01-1  | 192.168.128.5:59470 - "POST /clientes/1/transacoes HTTP/1.0" 422
api02-1  | 192.168.128.5:44802 - "POST /clientes/1/transacoes HTTP/1.0" 422
api01-1  | 192.168.128.5:59484 - "POST /clientes/2/transacoes HTTP/1.0" 422
api01-1  | 192.168.128.5:59486 - "POST /clientes/4/transacoes HTTP/1.0" 422
api02-1  | 192.168.128.5:44818 - "POST /clientes/2/transacoes HTTP/1.0" 422
api01-1  | 192.168.128.5:59496 - "POST /clientes/2/transacoes HTTP/1.0" 422
api02-1  | 192.168.128.5:44828 - "GET /clientes/4/extrato HTTP/1.0" 200
api01-1  | 192.168.128.5:59502 - "POST /clientes/4/transacoes HTTP/1.0" 200
api02-1  | 192.168.128.5:44844 - "POST /clientes/1/transacoes HTTP/1.0" 200
db-1     | 2024-02-14 00:02:02.201 GMT [97] FATAL:  role "root" does not exist
api01-1  | 192.168.128.5:59506 - "GET /clientes/4/extrato HTTP/1.0" 200
api02-1  | 192.168.128.5:44846 - "POST /clientes/3/transacoes HTTP/1.0" 200
api01-1  | 192.168.128.5:59516 - "POST /clientes/2/transacoes HTTP/1.0" 200
api02-1  | 192.168.128.5:44852 - "POST /clientes/2/transacoes HTTP/1.0" 200
api02-1  | 192.168.128.5:44866 - "POST /clientes/2/transacoes HTTP/1.0" 200
api01-1  | 192.168.128.5:59522 - "POST /clientes/3/transacoes HTTP/1.0" 200
api01-1  | 192.168.128.5:59528 - "POST /clientes/5/transacoes HTTP/1.0" 200
api01-1  | 192.168.128.5:59540 - "GET /clientes/4/extrato HTTP/1.0" 200
api02-1  | 192.168.128.5:44872 - "POST /clientes/1/transacoes HTTP/1.0" 200
api02-1  | 192.168.128.5:44888 - "POST /clientes/2/transacoes HTTP/1.0" 200
api01-1  | 192.168.128.5:59554 - "POST /clientes/2/transacoes HTTP/1.0" 200
api02-1  | 192.168.128.5:44902 - "POST /clientes/4/transacoes HTTP/1.0" 200
api01-1  | 192.168.128.5:59566 - "POST /clientes/2/transacoes HTTP/1.0" 200
api02-1  | 192.168.128.5:44910 - "POST /clientes/4/transacoes HTTP/1.0" 200
api01-1  | 192.168.128.5:59580 - "POST /clientes/2/transacoes HTTP/1.0" 200
api02-1  | 192.168.128.5:44920 - "POST /clientes/2/transacoes HTTP/1.0" 200
api01-1  | 192.168.128.5:59590 - "POST /clientes/1/transacoes HTTP/1.0" 200
api02-1  | 192.168.128.5:44936 - "POST /clientes/4/transacoes HTTP/1.0" 200
api01-1  | 192.168.128.5:59592 - "GET /clientes/1/extrato HTTP/1.0" 200
api02-1  | 192.168.128.5:44938 - "POST /clientes/2/transacoes HTTP/1.0" 200
api01-1  | 192.168.128.5:59604 - "POST /clientes/5/transacoes HTTP/1.0" 200
api02-1  | 192.168.128.5:44954 - "POST /clientes/2/transacoes HTTP/1.0" 200
api02-1  | 192.168.128.5:44956 - "POST /clientes/2/transacoes HTTP/1.0" 200
api01-1  | 192.168.128.5:59620 - "POST /clientes/3/transacoes HTTP/1.0" 200
api02-1  | 192.168.128.5:44966 - "POST /clientes/3/transacoes HTTP/1.0" 200
api01-1  | 192.168.128.5:59636 - "POST /clientes/3/transacoes HTTP/1.0" 200
api02-1  | 192.168.128.5:33060 - "POST /clientes/3/transacoes HTTP/1.0" 200
api01-1  | 192.168.128.5:53384 - "POST /clientes/4/transacoes HTTP/1.0" 200
api02-1  | 192.168.128.5:33068 - "POST /clientes/2/transacoes HTTP/1.0" 200
api01-1  | 192.168.128.5:53388 - "POST /clientes/3/transacoes HTTP/1.0" 200
api01-1  | 192.168.128.5:53394 - "GET /clientes/3/extrato HTTP/1.0" 200
api02-1  | 192.168.128.5:33084 - "POST /clientes/4/transacoes HTTP/1.0" 200
api02-1  | 192.168.128.5:33094 - "POST /clientes/5/transacoes HTTP/1.0" 200
api01-1  | 192.168.128.5:53410 - "POST /clientes/2/transacoes HTTP/1.0" 200
api02-1  | 192.168.128.5:33106 - "POST /clientes/4/transacoes HTTP/1.0" 200
api02-1  | 192.168.128.5:33118 - "POST /clientes/5/transacoes HTTP/1.0" 200
api01-1  | 192.168.128.5:53414 - "POST /clientes/1/transacoes HTTP/1.0" 200
api02-1  | 192.168.128.5:33124 - "POST /clientes/2/transacoes HTTP/1.0" 200
api01-1  | 192.168.128.5:53418 - "POST /clientes/3/transacoes HTTP/1.0" 200
api02-1  | 192.168.128.5:33128 - "POST /clientes/3/transacoes HTTP/1.0" 200
api01-1  | 192.168.128.5:53434 - "POST /clientes/3/transacoes HTTP/1.0" 200
api02-1  | 192.168.128.5:33140 - "POST /clientes/2/transacoes HTTP/1.0" 200
api01-1  | 192.168.128.5:53446 - "POST /clientes/1/transacoes HTTP/1.0" 200
api02-1  | 192.168.128.5:33142 - "POST /clientes/3/transacoes HTTP/1.0" 200
api01-1  | 192.168.128.5:53462 - "POST /clientes/3/transacoes HTTP/1.0" 200
api02-1  | 192.168.128.5:33154 - "POST /clientes/1/transacoes HTTP/1.0" 200
api01-1  | 192.168.128.5:53470 - "GET /clientes/1/extrato HTTP/1.0" 200
api02-1  | 192.168.128.5:33166 - "POST /clientes/5/transacoes HTTP/1.0" 200
api01-1  | 192.168.128.5:53472 - "POST /clientes/5/transacoes HTTP/1.0" 200
api02-1  | 192.168.128.5:33174 - "POST /clientes/1/transacoes HTTP/1.0" 200
api01-1  | 192.168.128.5:53474 - "POST /clientes/2/transacoes HTTP/1.0" 200
api02-1  | 192.168.128.5:33180 - "POST /clientes/2/transacoes HTTP/1.0" 200
api01-1  | 192.168.128.5:53490 - "POST /clientes/5/transacoes HTTP/1.0" 200
api02-1  | 192.168.128.5:33192 - "POST /clientes/2/transacoes HTTP/1.0" 200
api01-1  | 192.168.128.5:53506 - "POST /clientes/3/transacoes HTTP/1.0" 200
api02-1  | 192.168.128.5:33208 - "GET /clientes/5/extrato HTTP/1.0" 200
api01-1  | 192.168.128.5:53512 - "POST /clientes/1/transacoes HTTP/1.0" 200
api02-1  | 192.168.128.5:33210 - "POST /clientes/4/transacoes HTTP/1.0" 200
api01-1  | 192.168.128.5:53520 - "POST /clientes/2/transacoes HTTP/1.0" 200
api02-1  | 192.168.128.5:33226 - "POST /clientes/4/transacoes HTTP/1.0" 200
api01-1  | 192.168.128.5:53524 - "POST /clientes/4/transacoes HTTP/1.0" 200
api02-1  | 192.168.128.5:33234 - "POST /clientes/4/transacoes HTTP/1.0" 200
api01-1  | 192.168.128.5:53536 - "POST /clientes/2/transacoes HTTP/1.0" 200
api02-1  | 192.168.128.5:33244 - "POST /clientes/2/transacoes HTTP/1.0" 200
api02-1  | 192.168.128.5:33258 - "GET /clientes/3/extrato HTTP/1.0" 200
api01-1  | 192.168.128.5:53538 - "POST /clientes/1/transacoes HTTP/1.0" 200
api01-1  | 192.168.128.5:53540 - "POST /clientes/4/transacoes HTTP/1.0" 200
api02-1  | 192.168.128.5:33264 - "POST /clientes/5/transacoes HTTP/1.0" 200
api01-1  | 192.168.128.5:53550 - "POST /clientes/2/transacoes HTTP/1.0" 200
api01-1  | 192.168.128.5:53552 - "POST /clientes/5/transacoes HTTP/1.0" 200
api02-1  | 192.168.128.5:33280 - "POST /clientes/1/transacoes HTTP/1.0" 200
api01-1  | 192.168.128.5:53566 - "POST /clientes/1/transacoes HTTP/1.0" 200
api02-1  | 192.168.128.5:33284 - "POST /clientes/1/transacoes HTTP/1.0" 200
api01-1  | 192.168.128.5:53572 - "POST /clientes/3/transacoes HTTP/1.0" 200
api02-1  | 192.168.128.5:33286 - "POST /clientes/3/transacoes HTTP/1.0" 200
api01-1  | 192.168.128.5:53588 - "POST /clientes/1/transacoes HTTP/1.0" 200
api02-1  | 192.168.128.5:33292 - "POST /clientes/3/transacoes HTTP/1.0" 200
api01-1  | 192.168.128.5:53600 - "POST /clientes/2/transacoes HTTP/1.0" 200
api02-1  | 192.168.128.5:33300 - "POST /clientes/2/transacoes HTTP/1.0" 200
api01-1  | 192.168.128.5:53610 - "POST /clientes/4/transacoes HTTP/1.0" 200
api02-1  | 192.168.128.5:33312 - "POST /clientes/4/transacoes HTTP/1.0" 200
api01-1  | 192.168.128.5:53612 - "POST /clientes/3/transacoes HTTP/1.0" 200
api02-1  | 192.168.128.5:33316 - "POST /clientes/3/transacoes HTTP/1.0" 200
api01-1  | 192.168.128.5:53616 - "POST /clientes/3/transacoes HTTP/1.0" 200
api02-1  | 192.168.128.5:33332 - "POST /clientes/2/transacoes HTTP/1.0" 200
api01-1  | 192.168.128.5:53628 - "GET /clientes/3/extrato HTTP/1.0" 200
api02-1  | 192.168.128.5:33340 - "POST /clientes/1/transacoes HTTP/1.0" 200
api01-1  | 192.168.128.5:53644 - "POST /clientes/5/transacoes HTTP/1.0" 200
api02-1  | 192.168.128.5:33356 - "POST /clientes/1/transacoes HTTP/1.0" 200
api01-1  | 192.168.128.5:53658 - "POST /clientes/2/transacoes HTTP/1.0" 200
api02-1  | 192.168.128.5:33372 - "POST /clientes/2/transacoes HTTP/1.0" 200
api01-1  | 192.168.128.5:53660 - "POST /clientes/3/transacoes HTTP/1.0" 200
api02-1  | 192.168.128.5:33384 - "POST /clientes/1/transacoes HTTP/1.0" 200
api01-1  | 192.168.128.5:53662 - "POST /clientes/2/transacoes HTTP/1.0" 200
api02-1  | 192.168.128.5:33388 - "POST /clientes/2/transacoes HTTP/1.0" 200
api01-1  | 192.168.128.5:53670 - "POST /clientes/3/transacoes HTTP/1.0" 200
api02-1  | 192.168.128.5:33392 - "POST /clientes/1/transacoes HTTP/1.0" 200
api01-1  | 192.168.128.5:53672 - "POST /clientes/4/transacoes HTTP/1.0" 200
api02-1  | 192.168.128.5:33414 - "GET /clientes/1/extrato HTTP/1.0" 200
api02-1  | 192.168.128.5:33402 - "POST /clientes/2/transacoes HTTP/1.0" 200
api01-1  | 192.168.128.5:53682 - "POST /clientes/3/transacoes HTTP/1.0" 200
api02-1  | 192.168.128.5:33418 - "POST /clientes/1/transacoes HTTP/1.0" 200
api01-1  | 192.168.128.5:53696 - "POST /clientes/4/transacoes HTTP/1.0" 200
api02-1  | 192.168.128.5:33420 - "POST /clientes/1/transacoes HTTP/1.0" 200
api01-1  | 192.168.128.5:53702 - "POST /clientes/3/transacoes HTTP/1.0" 200
api02-1  | 192.168.128.5:33436 - "POST /clientes/5/transacoes HTTP/1.0" 200
api01-1  | 192.168.128.5:53706 - "POST /clientes/3/transacoes HTTP/1.0" 200
api02-1  | 192.168.128.5:33450 - "POST /clientes/4/transacoes HTTP/1.0" 200
api01-1  | 192.168.128.5:53722 - "POST /clientes/1/transacoes HTTP/1.0" 200
api02-1  | 192.168.128.5:33460 - "POST /clientes/5/transacoes HTTP/1.0" 200
api01-1  | 192.168.128.5:53746 - "GET /clientes/4/extrato HTTP/1.0" 200
api02-1  | 192.168.128.5:33466 - "POST /clientes/1/transacoes HTTP/1.0" 200
api01-1  | 192.168.128.5:53730 - "POST /clientes/5/transacoes HTTP/1.0" 200
api02-1  | 192.168.128.5:33480 - "POST /clientes/5/transacoes HTTP/1.0" 200
api01-1  | 192.168.128.5:53754 - "POST /clientes/1/transacoes HTTP/1.0" 200
api02-1  | 192.168.128.5:33496 - "POST /clientes/4/transacoes HTTP/1.0" 200
api01-1  | 192.168.128.5:53762 - "POST /clientes/1/transacoes HTTP/1.0" 200
api02-1  | 192.168.128.5:33508 - "POST /clientes/4/transacoes HTTP/1.0" 200
api01-1  | 192.168.128.5:53772 - "POST /clientes/2/transacoes HTTP/1.0" 200
api02-1  | 192.168.128.5:33512 - "POST /clientes/1/transacoes HTTP/1.0" 200
api01-1  | 192.168.128.5:53776 - "POST /clientes/5/transacoes HTTP/1.0" 200
api02-1  | 192.168.128.5:33516 - "POST /clientes/1/transacoes HTTP/1.0" 200
api01-1  | 192.168.128.5:53778 - "POST /clientes/4/transacoes HTTP/1.0" 200
api01-1  | 192.168.128.5:53784 - "GET /clientes/4/extrato HTTP/1.0" 200
api02-1  | 192.168.128.5:33518 - "POST /clientes/4/transacoes HTTP/1.0" 200
api02-1  | 192.168.128.5:33534 - "POST /clientes/5/transacoes HTTP/1.0" 200
api01-1  | 192.168.128.5:53796 - "POST /clientes/4/transacoes HTTP/1.0" 200
api02-1  | 192.168.128.5:33536 - "POST /clientes/4/transacoes HTTP/1.0" 200
api01-1  | 192.168.128.5:53798 - "POST /clientes/1/transacoes HTTP/1.0" 200
api02-1  | 192.168.128.5:33540 - "POST /clientes/4/transacoes HTTP/1.0" 200
api01-1  | 192.168.128.5:53812 - "POST /clientes/5/transacoes HTTP/1.0" 200
api01-1  | 192.168.128.5:53828 - "POST /clientes/3/transacoes HTTP/1.0" 200
api02-1  | 192.168.128.5:33546 - "POST /clientes/4/transacoes HTTP/1.0" 200
api02-1  | 192.168.128.5:33558 - "POST /clientes/4/transacoes HTTP/1.0" 200
api01-1  | 192.168.128.5:53844 - "POST /clientes/3/transacoes HTTP/1.0" 200
api01-1  | 192.168.128.5:53858 - "POST /clientes/4/transacoes HTTP/1.0" 200
api02-1  | 192.168.128.5:33560 - "GET /clientes/3/extrato HTTP/1.0" 200
api01-1  | 192.168.128.5:53868 - "POST /clientes/5/transacoes HTTP/1.0" 200
api02-1  | 192.168.128.5:33568 - "POST /clientes/2/transacoes HTTP/1.0" 200
api01-1  | 192.168.128.5:53878 - "POST /clientes/5/transacoes HTTP/1.0" 200
api02-1  | 192.168.128.5:33572 - "POST /clientes/2/transacoes HTTP/1.0" 200
api01-1  | 192.168.128.5:53888 - "POST /clientes/3/transacoes HTTP/1.0" 200
api02-1  | 192.168.128.5:33586 - "POST /clientes/3/transacoes HTTP/1.0" 200
api01-1  | 192.168.128.5:53892 - "POST /clientes/5/transacoes HTTP/1.0" 200
api02-1  | 192.168.128.5:33600 - "POST /clientes/5/transacoes HTTP/1.0" 200
api01-1  | 192.168.128.5:53898 - "POST /clientes/2/transacoes HTTP/1.0" 200
api02-1  | 192.168.128.5:33608 - "POST /clientes/2/transacoes HTTP/1.0" 200
api01-1  | 192.168.128.5:53914 - "POST /clientes/4/transacoes HTTP/1.0" 200
api02-1  | 192.168.128.5:33622 - "POST /clientes/1/transacoes HTTP/1.0" 200
api01-1  | 192.168.128.5:53928 - "POST /clientes/2/transacoes HTTP/1.0" 200
api02-1  | 192.168.128.5:33630 - "POST /clientes/4/transacoes HTTP/1.0" 200
api01-1  | 192.168.128.5:53938 - "POST /clientes/5/transacoes HTTP/1.0" 200
api02-1  | 192.168.128.5:33640 - "POST /clientes/5/transacoes HTTP/1.0" 200
api01-1  | 192.168.128.5:53952 - "POST /clientes/2/transacoes HTTP/1.0" 200
api02-1  | 192.168.128.5:33652 - "POST /clientes/4/transacoes HTTP/1.0" 200
api01-1  | 192.168.128.5:53956 - "POST /clientes/2/transacoes HTTP/1.0" 200
api02-1  | 192.168.128.5:33664 - "POST /clientes/3/transacoes HTTP/1.0" 200
api01-1  | 192.168.128.5:53970 - "POST /clientes/1/transacoes HTTP/1.0" 200
api02-1  | 192.168.128.5:33668 - "POST /clientes/4/transacoes HTTP/1.0" 200
api01-1  | 192.168.128.5:53982 - "POST /clientes/1/transacoes HTTP/1.0" 200
api02-1  | 192.168.128.5:33672 - "POST /clientes/1/transacoes HTTP/1.0" 200
api01-1  | 192.168.128.5:53988 - "POST /clientes/1/transacoes HTTP/1.0" 200
api02-1  | 192.168.128.5:33684 - "POST /clientes/3/transacoes HTTP/1.0" 200
api02-1  | 192.168.128.5:33696 - "POST /clientes/4/transacoes HTTP/1.0" 200
api01-1  | 192.168.128.5:53994 - "POST /clientes/3/transacoes HTTP/1.0" 200
api02-1  | 192.168.128.5:33704 - "POST /clientes/5/transacoes HTTP/1.0" 200
api02-1  | 192.168.128.5:33712 - "GET /clientes/2/extrato HTTP/1.0" 200
api01-1  | 192.168.128.5:54010 - "POST /clientes/5/transacoes HTTP/1.0" 200
api01-1  | 192.168.128.5:54012 - "POST /clientes/1/transacoes HTTP/1.0" 200
api02-1  | 192.168.128.5:33718 - "POST /clientes/5/transacoes HTTP/1.0" 200
api02-1  | 192.168.128.5:33730 - "POST /clientes/2/transacoes HTTP/1.0" 200
api01-1  | 192.168.128.5:54026 - "POST /clientes/5/transacoes HTTP/1.0" 200
api01-1  | 192.168.128.5:54042 - "POST /clientes/3/transacoes HTTP/1.0" 200
api01-1  | 192.168.128.5:54054 - "POST /clientes/2/transacoes HTTP/1.0" 200
api02-1  | 192.168.128.5:33742 - "POST /clientes/1/transacoes HTTP/1.0" 200
api02-1  | 192.168.128.5:33744 - "POST /clientes/1/transacoes HTTP/1.0" 200
api01-1  | 192.168.128.5:54068 - "POST /clientes/2/transacoes HTTP/1.0" 200
api02-1  | 192.168.128.5:33750 - "POST /clientes/1/transacoes HTTP/1.0" 200
api01-1  | 192.168.128.5:54082 - "POST /clientes/3/transacoes HTTP/1.0" 200
api02-1  | 192.168.128.5:33758 - "POST /clientes/1/transacoes HTTP/1.0" 200
api01-1  | 192.168.128.5:54092 - "POST /clientes/2/transacoes HTTP/1.0" 200
api02-1  | 192.168.128.5:33764 - "POST /clientes/3/transacoes HTTP/1.0" 200
api01-1  | 192.168.128.5:54114 - "GET /clientes/4/extrato HTTP/1.0" 200
api02-1  | 192.168.128.5:33774 - "POST /clientes/1/transacoes HTTP/1.0" 200
api01-1  | 192.168.128.5:54102 - "POST /clientes/4/transacoes HTTP/1.0" 200
api02-1  | 192.168.128.5:33782 - "POST /clientes/4/transacoes HTTP/1.0" 200
api01-1  | 192.168.128.5:54116 - "POST /clientes/4/transacoes HTTP/1.0" 200
api02-1  | 192.168.128.5:33786 - "POST /clientes/4/transacoes HTTP/1.0" 200
api01-1  | 192.168.128.5:54124 - "POST /clientes/4/transacoes HTTP/1.0" 200
api02-1  | 192.168.128.5:33792 - "POST /clientes/5/transacoes HTTP/1.0" 200
api01-1  | 192.168.128.5:54136 - "POST /clientes/3/transacoes HTTP/1.0" 200
api02-1  | 192.168.128.5:33802 - "POST /clientes/2/transacoes HTTP/1.0" 200
api01-1  | 192.168.128.5:54150 - "POST /clientes/3/transacoes HTTP/1.0" 200
api01-1  | 192.168.128.5:54154 - "POST /clientes/2/transacoes HTTP/1.0" 200
db-1     | 2024-02-14 00:02:12.275 GMT [104] FATAL:  role "root" does not exist
api02-1  | 192.168.128.5:33816 - "POST /clientes/3/transacoes HTTP/1.0" 200
api02-1  | 192.168.128.5:33824 - "POST /clientes/5/transacoes HTTP/1.0" 200
api01-1  | 192.168.128.5:54160 - "POST /clientes/2/transacoes HTTP/1.0" 200
api01-1  | 192.168.128.5:54166 - "POST /clientes/5/transacoes HTTP/1.0" 200
api01-1  | 192.168.128.5:54178 - "GET /clientes/5/extrato HTTP/1.0" 200
api02-1  | 192.168.128.5:33840 - "POST /clientes/2/transacoes HTTP/1.0" 200
api02-1  | 192.168.128.5:33838 - "POST /clientes/5/transacoes HTTP/1.0" 200
api01-1  | 192.168.128.5:54194 - "POST /clientes/2/transacoes HTTP/1.0" 200
api02-1  | 192.168.128.5:33852 - "POST /clientes/4/transacoes HTTP/1.0" 200
api01-1  | 192.168.128.5:54196 - "POST /clientes/4/transacoes HTTP/1.0" 200
api02-1  | 192.168.128.5:33862 - "POST /clientes/1/transacoes HTTP/1.0" 200
api01-1  | 192.168.128.5:54208 - "POST /clientes/1/transacoes HTTP/1.0" 200
api02-1  | 192.168.128.5:33868 - "POST /clientes/2/transacoes HTTP/1.0" 200
api01-1  | 192.168.128.5:54214 - "POST /clientes/1/transacoes HTTP/1.0" 200
api02-1  | 192.168.128.5:33884 - "POST /clientes/3/transacoes HTTP/1.0" 200
api01-1  | 192.168.128.5:54230 - "POST /clientes/3/transacoes HTTP/1.0" 200
api02-1  | 192.168.128.5:33894 - "POST /clientes/1/transacoes HTTP/1.0" 200
api01-1  | 192.168.128.5:54242 - "POST /clientes/4/transacoes HTTP/1.0" 200
api02-1  | 192.168.128.5:33896 - "POST /clientes/2/transacoes HTTP/1.0" 200
api01-1  | 192.168.128.5:54244 - "POST /clientes/3/transacoes HTTP/1.0" 200
api02-1  | 192.168.128.5:33900 - "POST /clientes/2/transacoes HTTP/1.0" 200
api01-1  | 192.168.128.5:54254 - "POST /clientes/1/transacoes HTTP/1.0" 200
api02-1  | 192.168.128.5:33910 - "GET /clientes/5/extrato HTTP/1.0" 200
api01-1  | 192.168.128.5:54270 - "POST /clientes/3/transacoes HTTP/1.0" 200
api02-1  | 192.168.128.5:33920 - "POST /clientes/2/transacoes HTTP/1.0" 200
api01-1  | 192.168.128.5:54280 - "POST /clientes/1/transacoes HTTP/1.0" 200
api02-1  | 192.168.128.5:33922 - "POST /clientes/2/transacoes HTTP/1.0" 200
api01-1  | 192.168.128.5:54296 - "POST /clientes/1/transacoes HTTP/1.0" 200
api02-1  | 192.168.128.5:33928 - "POST /clientes/5/transacoes HTTP/1.0" 200
api01-1  | 192.168.128.5:54298 - "POST /clientes/2/transacoes HTTP/1.0" 200
api02-1  | 192.168.128.5:33938 - "POST /clientes/1/transacoes HTTP/1.0" 200
api01-1  | 192.168.128.5:54312 - "POST /clientes/4/transacoes HTTP/1.0" 200
api02-1  | 192.168.128.5:33942 - "POST /clientes/3/transacoes HTTP/1.0" 200
api02-1  | 192.168.128.5:33954 - "POST /clientes/2/transacoes HTTP/1.0" 200
api01-1  | 192.168.128.5:54326 - "POST /clientes/1/transacoes HTTP/1.0" 200
api02-1  | 192.168.128.5:33962 - "POST /clientes/4/transacoes HTTP/1.0" 200
api01-1  | 192.168.128.5:54338 - "POST /clientes/3/transacoes HTTP/1.0" 200
api02-1  | 192.168.128.5:33970 - "POST /clientes/4/transacoes HTTP/1.0" 200
api01-1  | 192.168.128.5:54342 - "POST /clientes/2/transacoes HTTP/1.0" 200
api02-1  | 192.168.128.5:33978 - "POST /clientes/2/transacoes HTTP/1.0" 200
api02-1  | 192.168.128.5:33992 - "GET /clientes/2/extrato HTTP/1.0" 200
api01-1  | 192.168.128.5:54352 - "POST /clientes/4/transacoes HTTP/1.0" 200
api01-1  | 192.168.128.5:54356 - "POST /clientes/2/transacoes HTTP/1.0" 200
api02-1  | 192.168.128.5:34002 - "POST /clientes/1/transacoes HTTP/1.0" 200
api01-1  | 192.168.128.5:54372 - "POST /clientes/1/transacoes HTTP/1.0" 200
api02-1  | 192.168.128.5:34016 - "POST /clientes/4/transacoes HTTP/1.0" 200
api02-1  | 192.168.128.5:34030 - "POST /clientes/2/transacoes HTTP/1.0" 200
api01-1  | 192.168.128.5:54388 - "POST /clientes/1/transacoes HTTP/1.0" 200
api02-1  | 192.168.128.5:34044 - "POST /clientes/2/transacoes HTTP/1.0" 200
api01-1  | 192.168.128.5:54396 - "POST /clientes/4/transacoes HTTP/1.0" 200
api02-1  | 192.168.128.5:34054 - "POST /clientes/2/transacoes HTTP/1.0" 200
api01-1  | 192.168.128.5:54404 - "POST /clientes/1/transacoes HTTP/1.0" 200
api01-1  | 192.168.128.5:54408 - "POST /clientes/4/transacoes HTTP/1.0" 200
api02-1  | 192.168.128.5:34056 - "POST /clientes/3/transacoes HTTP/1.0" 200
api01-1  | 192.168.128.5:54424 - "POST /clientes/4/transacoes HTTP/1.0" 200
api02-1  | 192.168.128.5:34068 - "POST /clientes/1/transacoes HTTP/1.0" 200
api01-1  | 192.168.128.5:54430 - "POST /clientes/1/transacoes HTTP/1.0" 200
api01-1  | 192.168.128.5:54444 - "POST /clientes/2/transacoes HTTP/1.0" 200
api02-1  | 192.168.128.5:34084 - "POST /clientes/2/transacoes HTTP/1.0" 200
api01-1  | 192.168.128.5:54446 - "GET /clientes/1/extrato HTTP/1.0" 200
api02-1  | 192.168.128.5:34092 - "POST /clientes/4/transacoes HTTP/1.0" 200
api01-1  | 192.168.128.5:54452 - "POST /clientes/3/transacoes HTTP/1.0" 200
api02-1  | 192.168.128.5:34100 - "POST /clientes/3/transacoes HTTP/1.0" 200
api02-1  | 192.168.128.5:34114 - "POST /clientes/2/transacoes HTTP/1.0" 422
api01-1  | 192.168.128.5:54454 - "POST /clientes/1/transacoes HTTP/1.0" 200
api01-1  | 192.168.128.5:54468 - "POST /clientes/1/transacoes HTTP/1.0" 200
api02-1  | 192.168.128.5:34122 - "POST /clientes/4/transacoes HTTP/1.0" 200
api01-1  | 192.168.128.5:54476 - "POST /clientes/5/transacoes HTTP/1.0" 200
api02-1  | 192.168.128.5:34132 - "POST /clientes/1/transacoes HTTP/1.0" 200
api01-1  | 192.168.128.5:54482 - "POST /clientes/1/transacoes HTTP/1.0" 200
api02-1  | 192.168.128.5:34142 - "POST /clientes/5/transacoes HTTP/1.0" 200
api01-1  | 192.168.128.5:54486 - "POST /clientes/1/transacoes HTTP/1.0" 200
api01-1  | 192.168.128.5:54494 - "POST /clientes/5/transacoes HTTP/1.0" 200
api02-1  | 192.168.128.5:34148 - "POST /clientes/1/transacoes HTTP/1.0" 200
api01-1  | 192.168.128.5:54498 - "POST /clientes/3/transacoes HTTP/1.0" 200
api02-1  | 192.168.128.5:34162 - "POST /clientes/3/transacoes HTTP/1.0" 200
api01-1  | 192.168.128.5:54510 - "POST /clientes/5/transacoes HTTP/1.0" 200
api02-1  | 192.168.128.5:34176 - "POST /clientes/5/transacoes HTTP/1.0" 200
api02-1  | 192.168.128.5:34182 - "GET /clientes/3/extrato HTTP/1.0" 200
api01-1  | 192.168.128.5:54526 - "POST /clientes/1/transacoes HTTP/1.0" 200
api01-1  | 192.168.128.5:54528 - "POST /clientes/3/transacoes HTTP/1.0" 200
api02-1  | 192.168.128.5:34198 - "POST /clientes/5/transacoes HTTP/1.0" 200
api02-1  | 192.168.128.5:34202 - "POST /clientes/4/transacoes HTTP/1.0" 200
api01-1  | 192.168.128.5:54540 - "POST /clientes/3/transacoes HTTP/1.0" 200
api02-1  | 192.168.128.5:34216 - "POST /clientes/5/transacoes HTTP/1.0" 200
api01-1  | 192.168.128.5:54550 - "POST /clientes/5/transacoes HTTP/1.0" 200
api02-1  | 192.168.128.5:34218 - "POST /clientes/4/transacoes HTTP/1.0" 200
api01-1  | 192.168.128.5:54566 - "POST /clientes/5/transacoes HTTP/1.0" 200
api02-1  | 192.168.128.5:34228 - "POST /clientes/5/transacoes HTTP/1.0" 200
api01-1  | 192.168.128.5:54578 - "POST /clientes/3/transacoes HTTP/1.0" 200
api02-1  | 192.168.128.5:34240 - "POST /clientes/1/transacoes HTTP/1.0" 200
