 Network rinha-nginx-2024q1  Creating
 Network rinha-nginx-2024q1  Created
 Container rdenadai_python-db-1  Creating
 Container rdenadai_python-db-1  Created
 Container rdenadai_python-api01-1  Creating
 Container rdenadai_python-api02-1  Creating
 Container rdenadai_python-api02-1  Created
 Container rdenadai_python-api01-1  Created
 Container rdenadai_python-nginx-1  Creating
 Container rdenadai_python-nginx-1  Created
Attaching to api01-1, api02-1, db-1, nginx-1
db-1     | The files belonging to this database system will be owned by user "postgres".
db-1     | This user must also own the server process.
db-1     | 
db-1     | The database cluster will be initialized with locale "en_US.utf8".
db-1     | The default database encoding has accordingly been set to "UTF8".
db-1     | The default text search configuration will be set to "english".
db-1     | 
db-1     | Data page checksums are disabled.
db-1     | 
db-1     | fixing permissions on existing directory /var/lib/postgresql/data ... ok
db-1     | creating subdirectories ... ok
db-1     | selecting dynamic shared memory implementation ... posix
db-1     | selecting default max_connections ... 100
db-1     | selecting default shared_buffers ... 128MB
db-1     | selecting default time zone ... UTC
db-1     | creating configuration files ... ok
db-1     | running bootstrap script ... ok
db-1     | sh: locale: not found
db-1     | 2024-02-16 13:43:02.217 UTC [30] WARNING:  no usable system locales were found
db-1     | performing post-bootstrap initialization ... ok
db-1     | syncing data to disk ... ok
db-1     | 
db-1     | 
db-1     | Success. You can now start the database server using:
db-1     | 
db-1     |     pg_ctl -D /var/lib/postgresql/data -l logfile start
db-1     | 
db-1     | initdb: warning: enabling "trust" authentication for local connections
db-1     | initdb: hint: You can change this by editing pg_hba.conf or using the option -A, or --auth-local and --auth-host, the next time you run initdb.
db-1     | waiting for server to start....2024-02-16 13:43:03.717 GMT [36] LOG:  starting PostgreSQL 16.1 on x86_64-pc-linux-musl, compiled by gcc (Alpine 13.2.1_git20231014) 13.2.1 20231014, 64-bit
db-1     | 2024-02-16 13:43:03.721 GMT [36] LOG:  listening on Unix socket "/var/run/postgresql/.s.PGSQL.5432"
db-1     | 2024-02-16 13:43:03.730 GMT [39] LOG:  database system was shut down at 2024-02-16 13:43:03 GMT
db-1     | 2024-02-16 13:43:03.742 GMT [36] LOG:  database system is ready to accept connections
db-1     |  done
db-1     | server started
db-1     | CREATE DATABASE
db-1     | 
db-1     | 
db-1     | /usr/local/bin/docker-entrypoint.sh: running /docker-entrypoint-initdb.d/init.sql
db-1     | CREATE TABLE
db-1     | CREATE TABLE
db-1     | CREATE TABLE
db-1     | CREATE TYPE
db-1     | CREATE FUNCTION
db-1     | DO
db-1     | 
db-1     | 
db-1     | /usr/local/bin/docker-entrypoint.sh: ignoring /docker-entrypoint-initdb.d/postgresql.conf
db-1     | 
db-1     | waiting for server to shut down...2024-02-16 13:43:03.954 GMT [36] LOG:  received fast shutdown request
db-1     | .2024-02-16 13:43:03.957 GMT [36] LOG:  aborting any active transactions
db-1     | 2024-02-16 13:43:03.959 GMT [36] LOG:  background worker "logical replication launcher" (PID 41) exited with exit code 1
db-1     | 2024-02-16 13:43:03.967 GMT [37] LOG:  shutting down
db-1     | 2024-02-16 13:43:03.970 GMT [37] LOG:  checkpoint starting: shutdown immediate
db-1     | 2024-02-16 13:43:04.475 GMT [37] LOG:  checkpoint complete: wrote 946 buffers (1.4%); 0 WAL file(s) added, 0 removed, 0 recycled; write=0.296 s, sync=0.194 s, total=0.509 s; sync files=310, longest=0.170 s, average=0.001 s; distance=4330 kB, estimate=4330 kB; lsn=0/192AF60, redo lsn=0/192AF60
db-1     | 2024-02-16 13:43:04.491 GMT [36] LOG:  database system is shut down
db-1     |  done
db-1     | server stopped
db-1     | 
db-1     | PostgreSQL init process complete; ready for start up.
db-1     | 
db-1     | 2024-02-16 13:43:04.617 GMT [1] LOG:  starting PostgreSQL 16.1 on x86_64-pc-linux-musl, compiled by gcc (Alpine 13.2.1_git20231014) 13.2.1 20231014, 64-bit
db-1     | 2024-02-16 13:43:04.617 GMT [1] LOG:  listening on IPv4 address "0.0.0.0", port 5432
db-1     | 2024-02-16 13:43:04.617 GMT [1] LOG:  listening on IPv6 address "::", port 5432
db-1     | 2024-02-16 13:43:04.624 GMT [1] LOG:  listening on Unix socket "/var/run/postgresql/.s.PGSQL.5432"
db-1     | 2024-02-16 13:43:04.633 GMT [53] LOG:  database system was shut down at 2024-02-16 13:43:04 GMT
db-1     | 2024-02-16 13:43:04.640 GMT [1] LOG:  database system is ready to accept connections
db-1     | 2024-02-16 13:43:11.500 GMT [62] FATAL:  role "root" does not exist
nginx-1  | /docker-entrypoint.sh: /docker-entrypoint.d/ is not empty, will attempt to perform configuration
nginx-1  | /docker-entrypoint.sh: Looking for shell scripts in /docker-entrypoint.d/
nginx-1  | /docker-entrypoint.sh: Launching /docker-entrypoint.d/10-listen-on-ipv6-by-default.sh
nginx-1  | 10-listen-on-ipv6-by-default.sh: info: Getting the checksum of /etc/nginx/conf.d/default.conf
nginx-1  | 10-listen-on-ipv6-by-default.sh: info: Enabled listen on IPv6 in /etc/nginx/conf.d/default.conf
nginx-1  | /docker-entrypoint.sh: Launching /docker-entrypoint.d/20-envsubst-on-templates.sh
nginx-1  | /docker-entrypoint.sh: Launching /docker-entrypoint.d/30-tune-worker-processes.sh
nginx-1  | /docker-entrypoint.sh: Configuration complete; ready for start up
nginx-1  | 2024/02/16 13:43:13 [error] 30#30: *1 connect() failed (111: Connection refused) while connecting to upstream, client: 172.31.0.1, server: , request: "GET /clientes/1/extrato HTTP/1.1", upstream: "http://172.31.0.3:8080/clientes/1/extrato", host: "localhost:9999"
nginx-1  | 2024/02/16 13:43:13 [error] 30#30: *1 connect() failed (111: Connection refused) while connecting to upstream, client: 172.31.0.1, server: , request: "GET /clientes/1/extrato HTTP/1.1", upstream: "http://172.31.0.4:8080/clientes/1/extrato", host: "localhost:9999"
api01-1  | INFO:     Started server process [7]
api01-1  | INFO:     Waiting for application startup.
api02-1  | INFO:     Started server process [8]
api02-1  | INFO:     Waiting for application startup.
nginx-1  | 2024/02/16 13:43:15 [error] 32#32: *4 connect() failed (111: Connection refused) while connecting to upstream, client: 172.31.0.1, server: , request: "GET /clientes/1/extrato HTTP/1.1", upstream: "http://172.31.0.3:8080/clientes/1/extrato", host: "localhost:9999"
nginx-1  | 2024/02/16 13:43:15 [error] 32#32: *4 connect() failed (111: Connection refused) while connecting to upstream, client: 172.31.0.1, server: , request: "GET /clientes/1/extrato HTTP/1.1", upstream: "http://172.31.0.4:8080/clientes/1/extrato", host: "localhost:9999"
api01-1  | INFO:     Application startup complete.
api01-1  | INFO:     Uvicorn running on http://0.0.0.0:8080 (Press CTRL+C to quit)
api02-1  | INFO:     Application startup complete.
api02-1  | INFO:     Uvicorn running on http://0.0.0.0:8080 (Press CTRL+C to quit)
api01-1  | INFO:     172.31.0.5:49882 - "GET /clientes/1/extrato HTTP/1.0" 200 OK
api01-1  | INFO:     172.31.0.5:49894 - "GET /clientes/1/extrato HTTP/1.0" 200 OK
db-1     | 2024-02-16 13:43:21.544 GMT [89] FATAL:  role "root" does not exist
nginx-1  | 2024/02/16 13:43:22 [error] 32#32: *14 no live upstreams while connecting to upstream, client: 172.31.0.1, server: , request: "POST /clientes/1/transacoes HTTP/1.1", upstream: "http://api/clientes/1/transacoes", host: "localhost:9999"
nginx-1  | 2024/02/16 13:43:22 [error] 32#32: *15 no live upstreams while connecting to upstream, client: 172.31.0.1, server: , request: "POST /clientes/1/transacoes HTTP/1.1", upstream: "http://api/clientes/1/transacoes", host: "localhost:9999"
nginx-1  | 2024/02/16 13:43:22 [error] 32#32: *16 no live upstreams while connecting to upstream, client: 172.31.0.1, server: , request: "POST /clientes/1/transacoes HTTP/1.1", upstream: "http://api/clientes/1/transacoes", host: "localhost:9999"
nginx-1  | 2024/02/16 13:43:22 [error] 30#30: *19 no live upstreams while connecting to upstream, client: 172.31.0.1, server: , request: "POST /clientes/1/transacoes HTTP/1.1", upstream: "http://api/clientes/1/transacoes", host: "localhost:9999"
nginx-1  | 2024/02/16 13:43:22 [error] 32#32: *12 no live upstreams while connecting to upstream, client: 172.31.0.1, server: , request: "POST /clientes/1/transacoes HTTP/1.1", upstream: "http://api/clientes/1/transacoes", host: "localhost:9999"
nginx-1  | 2024/02/16 13:43:22 [error] 32#32: *11 no live upstreams while connecting to upstream, client: 172.31.0.1, server: , request: "POST /clientes/1/transacoes HTTP/1.1", upstream: "http://api/clientes/1/transacoes", host: "localhost:9999"
nginx-1  | 2024/02/16 13:43:22 [error] 30#30: *20 no live upstreams while connecting to upstream, client: 172.31.0.1, server: , request: "POST /clientes/1/transacoes HTTP/1.1", upstream: "http://api/clientes/1/transacoes", host: "localhost:9999"
nginx-1  | 2024/02/16 13:43:22 [error] 30#30: *18 no live upstreams while connecting to upstream, client: 172.31.0.1, server: , request: "POST /clientes/1/transacoes HTTP/1.1", upstream: "http://api/clientes/1/transacoes", host: "localhost:9999"
nginx-1  | 2024/02/16 13:43:22 [error] 32#32: *13 no live upstreams while connecting to upstream, client: 172.31.0.1, server: , request: "POST /clientes/1/transacoes HTTP/1.1", upstream: "http://api/clientes/1/transacoes", host: "localhost:9999"
nginx-1  | 2024/02/16 13:43:22 [error] 30#30: *17 no live upstreams while connecting to upstream, client: 172.31.0.1, server: , request: "POST /clientes/1/transacoes HTTP/1.1", upstream: "http://api/clientes/1/transacoes", host: "localhost:9999"
nginx-1  | 2024/02/16 13:43:22 [error] 30#30: *27 no live upstreams while connecting to upstream, client: 172.31.0.1, server: , request: "POST /clientes/1/transacoes HTTP/1.1", upstream: "http://api/clientes/1/transacoes", host: "localhost:9999"
nginx-1  | 2024/02/16 13:43:22 [error] 30#30: *26 no live upstreams while connecting to upstream, client: 172.31.0.1, server: , request: "POST /clientes/1/transacoes HTTP/1.1", upstream: "http://api/clientes/1/transacoes", host: "localhost:9999"
nginx-1  | 2024/02/16 13:43:22 [error] 30#30: *25 no live upstreams while connecting to upstream, client: 172.31.0.1, server: , request: "POST /clientes/1/transacoes HTTP/1.1", upstream: "http://api/clientes/1/transacoes", host: "localhost:9999"
nginx-1  | 2024/02/16 13:43:22 [error] 30#30: *28 no live upstreams while connecting to upstream, client: 172.31.0.1, server: , request: "POST /clientes/1/transacoes HTTP/1.1", upstream: "http://api/clientes/1/transacoes", host: "localhost:9999"
nginx-1  | 2024/02/16 13:43:22 [error] 30#30: *24 no live upstreams while connecting to upstream, client: 172.31.0.1, server: , request: "POST /clientes/1/transacoes HTTP/1.1", upstream: "http://api/clientes/1/transacoes", host: "localhost:9999"
nginx-1  | 2024/02/16 13:43:22 [error] 30#30: *23 no live upstreams while connecting to upstream, client: 172.31.0.1, server: , request: "POST /clientes/1/transacoes HTTP/1.1", upstream: "http://api/clientes/1/transacoes", host: "localhost:9999"
nginx-1  | 2024/02/16 13:43:22 [error] 30#30: *22 no live upstreams while connecting to upstream, client: 172.31.0.1, server: , request: "POST /clientes/1/transacoes HTTP/1.1", upstream: "http://api/clientes/1/transacoes", host: "localhost:9999"
nginx-1  | 2024/02/16 13:43:22 [error] 30#30: *21 no live upstreams while connecting to upstream, client: 172.31.0.1, server: , request: "POST /clientes/1/transacoes HTTP/1.1", upstream: "http://api/clientes/1/transacoes", host: "localhost:9999"
nginx-1  | 2024/02/16 13:43:22 [error] 30#30: *33 no live upstreams while connecting to upstream, client: 172.31.0.1, server: , request: "POST /clientes/1/transacoes HTTP/1.1", upstream: "http://api/clientes/1/transacoes", host: "localhost:9999"
nginx-1  | 2024/02/16 13:43:22 [error] 30#30: *29 no live upstreams while connecting to upstream, client: 172.31.0.1, server: , request: "POST /clientes/1/transacoes HTTP/1.1", upstream: "http://api/clientes/1/transacoes", host: "localhost:9999"
api01-1  | INFO:     172.31.0.5:49070 - "POST /clientes/1/transacoes HTTP/1.0" 200 OK
api02-1  | INFO:     172.31.0.5:56712 - "POST /clientes/1/transacoes HTTP/1.0" 200 OK
api02-1  | INFO:     172.31.0.5:56728 - "POST /clientes/1/transacoes HTTP/1.0" 200 OK
api01-1  | INFO:     172.31.0.5:49082 - "POST /clientes/1/transacoes HTTP/1.0" 200 OK
api02-1  | INFO:     172.31.0.5:56718 - "POST /clientes/1/transacoes HTTP/1.0" 200 OK
nginx-1  | 2024/02/16 13:43:23 [error] 30#30: *41 no live upstreams while connecting to upstream, client: 172.31.0.1, server: , request: "GET /clientes/1/extrato HTTP/1.1", upstream: "http://api/clientes/1/extrato", host: "localhost:9999"
nginx-1  | 2024/02/16 13:43:24 [error] 32#32: *43 no live upstreams while connecting to upstream, client: 172.31.0.1, server: , request: "POST /clientes/1/transacoes HTTP/1.1", upstream: "http://api/clientes/1/transacoes", host: "localhost:9999"
nginx-1  | 2024/02/16 13:43:24 [error] 32#32: *45 no live upstreams while connecting to upstream, client: 172.31.0.1, server: , request: "POST /clientes/1/transacoes HTTP/1.1", upstream: "http://api/clientes/1/transacoes", host: "localhost:9999"
nginx-1  | 2024/02/16 13:43:24 [error] 32#32: *44 no live upstreams while connecting to upstream, client: 172.31.0.1, server: , request: "POST /clientes/1/transacoes HTTP/1.1", upstream: "http://api/clientes/1/transacoes", host: "localhost:9999"
nginx-1  | 2024/02/16 13:43:24 [error] 32#32: *49 no live upstreams while connecting to upstream, client: 172.31.0.1, server: , request: "POST /clientes/1/transacoes HTTP/1.1", upstream: "http://api/clientes/1/transacoes", host: "localhost:9999"
nginx-1  | 2024/02/16 13:43:24 [error] 32#32: *47 no live upstreams while connecting to upstream, client: 172.31.0.1, server: , request: "POST /clientes/1/transacoes HTTP/1.1", upstream: "http://api/clientes/1/transacoes", host: "localhost:9999"
nginx-1  | 2024/02/16 13:43:24 [error] 32#32: *48 no live upstreams while connecting to upstream, client: 172.31.0.1, server: , request: "POST /clientes/1/transacoes HTTP/1.1", upstream: "http://api/clientes/1/transacoes", host: "localhost:9999"
nginx-1  | 2024/02/16 13:43:24 [error] 32#32: *51 no live upstreams while connecting to upstream, client: 172.31.0.1, server: , request: "POST /clientes/1/transacoes HTTP/1.1", upstream: "http://api/clientes/1/transacoes", host: "localhost:9999"
nginx-1  | 2024/02/16 13:43:24 [error] 32#32: *52 no live upstreams while connecting to upstream, client: 172.31.0.1, server: , request: "POST /clientes/1/transacoes HTTP/1.1", upstream: "http://api/clientes/1/transacoes", host: "localhost:9999"
nginx-1  | 2024/02/16 13:43:24 [error] 32#32: *50 no live upstreams while connecting to upstream, client: 172.31.0.1, server: , request: "POST /clientes/1/transacoes HTTP/1.1", upstream: "http://api/clientes/1/transacoes", host: "localhost:9999"
nginx-1  | 2024/02/16 13:43:24 [error] 32#32: *46 no live upstreams while connecting to upstream, client: 172.31.0.1, server: , request: "POST /clientes/1/transacoes HTTP/1.1", upstream: "http://api/clientes/1/transacoes", host: "localhost:9999"
api01-1  | INFO:     172.31.0.5:49084 - "POST /clientes/1/transacoes HTTP/1.0" 200 OK
api02-1  | INFO:     172.31.0.5:56734 - "POST /clientes/1/transacoes HTTP/1.0" 200 OK
api01-1  | INFO:     172.31.0.5:49092 - "POST /clientes/1/transacoes HTTP/1.0" 200 OK
api02-1  | INFO:     172.31.0.5:56738 - "POST /clientes/1/transacoes HTTP/1.0" 200 OK
api02-1  | INFO:     172.31.0.5:56750 - "POST /clientes/1/transacoes HTTP/1.0" 200 OK
api01-1  | INFO:     172.31.0.5:49110 - "POST /clientes/1/transacoes HTTP/1.0" 200 OK
api02-1  | INFO:     172.31.0.5:56770 - "POST /clientes/1/transacoes HTTP/1.0" 200 OK
api02-1  | INFO:     172.31.0.5:56762 - "POST /clientes/1/transacoes HTTP/1.0" 200 OK
api01-1  | INFO:     172.31.0.5:49096 - "POST /clientes/1/transacoes HTTP/1.0" 200 OK
api02-1  | INFO:     172.31.0.5:56774 - "POST /clientes/1/transacoes HTTP/1.0" 200 OK
api01-1  | INFO:     172.31.0.5:49126 - "POST /clientes/1/transacoes HTTP/1.0" 200 OK
api01-1  | INFO:     172.31.0.5:49136 - "POST /clientes/1/transacoes HTTP/1.0" 200 OK
api02-1  | INFO:     172.31.0.5:56798 - "POST /clientes/1/transacoes HTTP/1.0" 200 OK
api02-1  | INFO:     172.31.0.5:56790 - "POST /clientes/1/transacoes HTTP/1.0" 200 OK
api01-1  | INFO:     172.31.0.5:49148 - "POST /clientes/1/transacoes HTTP/1.0" 200 OK
api01-1  | INFO:     172.31.0.5:49150 - "GET /clientes/1/extrato HTTP/1.0" 200 OK
api02-1  | INFO:     172.31.0.5:56810 - "GET /clientes/6/extrato HTTP/1.0" 404 Not Found
api02-1  | INFO:     172.31.0.5:56818 - "GET /clientes/5/extrato HTTP/1.0" 200 OK
api01-1  | INFO:     172.31.0.5:49168 - "GET /clientes/2/extrato HTTP/1.0" 200 OK
api01-1  | INFO:     172.31.0.5:49158 - "GET /clientes/1/extrato HTTP/1.0" 200 OK
api01-1  | INFO:     172.31.0.5:49178 - "GET /clientes/3/extrato HTTP/1.0" 200 OK
api02-1  | INFO:     172.31.0.5:56830 - "GET /clientes/4/extrato HTTP/1.0" 200 OK
api01-1  | INFO:     172.31.0.5:49198 - "POST /clientes/2/transacoes HTTP/1.0" 200 OK
api01-1  | INFO:     172.31.0.5:49188 - "POST /clientes/3/transacoes HTTP/1.0" 200 OK
api02-1  | INFO:     172.31.0.5:56858 - "POST /clientes/5/transacoes HTTP/1.0" 200 OK
api02-1  | INFO:     172.31.0.5:56842 - "POST /clientes/1/transacoes HTTP/1.0" 200 OK
api02-1  | INFO:     172.31.0.5:56838 - "POST /clientes/4/transacoes HTTP/1.0" 200 OK
api01-1  | INFO:     172.31.0.5:49202 - "POST /clientes/1/transacoes HTTP/1.0" 200 OK
api02-1  | INFO:     172.31.0.5:56880 - "POST /clientes/2/transacoes HTTP/1.0" 200 OK
api02-1  | INFO:     172.31.0.5:56868 - "POST /clientes/4/transacoes HTTP/1.0" 200 OK
api01-1  | INFO:     172.31.0.5:49204 - "POST /clientes/5/transacoes HTTP/1.0" 200 OK
api01-1  | INFO:     172.31.0.5:49216 - "POST /clientes/3/transacoes HTTP/1.0" 200 OK
api02-1  | INFO:     172.31.0.5:56888 - "GET /clientes/1/extrato HTTP/1.0" 200 OK
api01-1  | INFO:     172.31.0.5:49224 - "GET /clientes/5/extrato HTTP/1.0" 200 OK
api02-1  | INFO:     172.31.0.5:56894 - "GET /clientes/4/extrato HTTP/1.0" 200 OK
api01-1  | INFO:     172.31.0.5:49232 - "GET /clientes/3/extrato HTTP/1.0" 200 OK
api02-1  | INFO:     172.31.0.5:56910 - "GET /clientes/2/extrato HTTP/1.0" 200 OK
api01-1  | INFO:     172.31.0.5:49240 - "POST /clientes/5/transacoes HTTP/1.0" 422 Unprocessable Entity
api02-1  | INFO:     172.31.0.5:56922 - "POST /clientes/4/transacoes HTTP/1.0" 422 Unprocessable Entity
api01-1  | INFO:     172.31.0.5:49254 - "POST /clientes/3/transacoes HTTP/1.0" 422 Unprocessable Entity
api02-1  | INFO:     172.31.0.5:56930 - "POST /clientes/4/transacoes HTTP/1.0" 422 Unprocessable Entity
api02-1  | INFO:     172.31.0.5:56932 - "POST /clientes/2/transacoes HTTP/1.0" 422 Unprocessable Entity
api01-1  | INFO:     172.31.0.5:49270 - "POST /clientes/3/transacoes HTTP/1.0" 422 Unprocessable Entity
api01-1  | INFO:     172.31.0.5:49286 - "POST /clientes/1/transacoes HTTP/1.0" 422 Unprocessable Entity
api02-1  | INFO:     172.31.0.5:56934 - "POST /clientes/2/transacoes HTTP/1.0" 422 Unprocessable Entity
api02-1  | INFO:     172.31.0.5:56950 - "POST /clientes/4/transacoes HTTP/1.0" 422 Unprocessable Entity
api01-1  | INFO:     172.31.0.5:49292 - "POST /clientes/3/transacoes HTTP/1.0" 422 Unprocessable Entity
api01-1  | INFO:     172.31.0.5:49306 - "POST /clientes/5/transacoes HTTP/1.0" 422 Unprocessable Entity
api02-1  | INFO:     172.31.0.5:56958 - "POST /clientes/4/transacoes HTTP/1.0" 422 Unprocessable Entity
api02-1  | INFO:     172.31.0.5:56960 - "POST /clientes/5/transacoes HTTP/1.0" 422 Unprocessable Entity
api01-1  | INFO:     172.31.0.5:49322 - "POST /clientes/3/transacoes HTTP/1.0" 422 Unprocessable Entity
api01-1  | INFO:     172.31.0.5:49332 - "POST /clientes/2/transacoes HTTP/1.0" 422 Unprocessable Entity
api02-1  | INFO:     172.31.0.5:56968 - "POST /clientes/3/transacoes HTTP/1.0" 422 Unprocessable Entity
api02-1  | INFO:     172.31.0.5:56970 - "POST /clientes/1/transacoes HTTP/1.0" 422 Unprocessable Entity
api02-1  | INFO:     172.31.0.5:56980 - "POST /clientes/2/transacoes HTTP/1.0" 422 Unprocessable Entity
api01-1  | INFO:     172.31.0.5:49338 - "POST /clientes/5/transacoes HTTP/1.0" 422 Unprocessable Entity
api01-1  | INFO:     172.31.0.5:49340 - "POST /clientes/4/transacoes HTTP/1.0" 422 Unprocessable Entity
api02-1  | INFO:     172.31.0.5:56994 - "POST /clientes/5/transacoes HTTP/1.0" 422 Unprocessable Entity
api01-1  | INFO:     172.31.0.5:49356 - "POST /clientes/2/transacoes HTTP/1.0" 422 Unprocessable Entity
api01-1  | INFO:     172.31.0.5:49370 - "POST /clientes/1/transacoes HTTP/1.0" 422 Unprocessable Entity
api02-1  | INFO:     172.31.0.5:56996 - "POST /clientes/1/transacoes HTTP/1.0" 422 Unprocessable Entity
api01-1  | INFO:     172.31.0.5:49372 - "POST /clientes/1/transacoes HTTP/1.0" 422 Unprocessable Entity
api02-1  | INFO:     172.31.0.5:56998 - "GET /clientes/1/extrato HTTP/1.0" 200 OK
api01-1  | INFO:     172.31.0.5:49388 - "POST /clientes/3/transacoes HTTP/1.0" 200 OK
api02-1  | INFO:     172.31.0.5:57004 - "POST /clientes/2/transacoes HTTP/1.0" 200 OK
api01-1  | INFO:     172.31.0.5:49400 - "GET /clientes/3/extrato HTTP/1.0" 200 OK
api02-1  | INFO:     172.31.0.5:57008 - "POST /clientes/1/transacoes HTTP/1.0" 200 OK
api01-1  | INFO:     172.31.0.5:49414 - "POST /clientes/5/transacoes HTTP/1.0" 200 OK
api02-1  | INFO:     172.31.0.5:57022 - "POST /clientes/3/transacoes HTTP/1.0" 200 OK
api02-1  | INFO:     172.31.0.5:57028 - "POST /clientes/1/transacoes HTTP/1.0" 200 OK
api01-1  | INFO:     172.31.0.5:49424 - "POST /clientes/2/transacoes HTTP/1.0" 200 OK
api01-1  | INFO:     172.31.0.5:57816 - "POST /clientes/4/transacoes HTTP/1.0" 200 OK
api02-1  | INFO:     172.31.0.5:45708 - "GET /clientes/1/extrato HTTP/1.0" 200 OK
api01-1  | INFO:     172.31.0.5:57826 - "POST /clientes/3/transacoes HTTP/1.0" 200 OK
api02-1  | INFO:     172.31.0.5:45712 - "POST /clientes/3/transacoes HTTP/1.0" 200 OK
api01-1  | INFO:     172.31.0.5:57838 - "POST /clientes/4/transacoes HTTP/1.0" 200 OK
api02-1  | INFO:     172.31.0.5:45714 - "POST /clientes/5/transacoes HTTP/1.0" 200 OK
api01-1  | INFO:     172.31.0.5:57848 - "POST /clientes/2/transacoes HTTP/1.0" 200 OK
api01-1  | INFO:     172.31.0.5:57852 - "POST /clientes/2/transacoes HTTP/1.0" 200 OK
api02-1  | INFO:     172.31.0.5:45726 - "POST /clientes/1/transacoes HTTP/1.0" 200 OK
api02-1  | INFO:     172.31.0.5:45732 - "POST /clientes/4/transacoes HTTP/1.0" 200 OK
api01-1  | INFO:     172.31.0.5:57856 - "POST /clientes/3/transacoes HTTP/1.0" 200 OK
api02-1  | INFO:     172.31.0.5:45742 - "POST /clientes/1/transacoes HTTP/1.0" 200 OK
api02-1  | INFO:     172.31.0.5:45746 - "GET /clientes/5/extrato HTTP/1.0" 200 OK
api01-1  | INFO:     172.31.0.5:57870 - "POST /clientes/5/transacoes HTTP/1.0" 200 OK
api01-1  | INFO:     172.31.0.5:57866 - "POST /clientes/2/transacoes HTTP/1.0" 200 OK
api02-1  | INFO:     172.31.0.5:45758 - "POST /clientes/3/transacoes HTTP/1.0" 200 OK
api01-1  | INFO:     172.31.0.5:57886 - "POST /clientes/1/transacoes HTTP/1.0" 200 OK
api02-1  | INFO:     172.31.0.5:45760 - "POST /clientes/4/transacoes HTTP/1.0" 200 OK
api01-1  | INFO:     172.31.0.5:57898 - "POST /clientes/3/transacoes HTTP/1.0" 200 OK
api02-1  | INFO:     172.31.0.5:45776 - "POST /clientes/5/transacoes HTTP/1.0" 200 OK
api01-1  | INFO:     172.31.0.5:57912 - "POST /clientes/2/transacoes HTTP/1.0" 200 OK
api02-1  | INFO:     172.31.0.5:45780 - "POST /clientes/4/transacoes HTTP/1.0" 200 OK
api01-1  | INFO:     172.31.0.5:57922 - "POST /clientes/2/transacoes HTTP/1.0" 200 OK
api02-1  | INFO:     172.31.0.5:45782 - "POST /clientes/4/transacoes HTTP/1.0" 200 OK
api01-1  | INFO:     172.31.0.5:57928 - "GET /clientes/1/extrato HTTP/1.0" 200 OK
api02-1  | INFO:     172.31.0.5:45796 - "POST /clientes/1/transacoes HTTP/1.0" 200 OK
api01-1  | INFO:     172.31.0.5:57938 - "POST /clientes/5/transacoes HTTP/1.0" 200 OK
api02-1  | INFO:     172.31.0.5:45800 - "POST /clientes/3/transacoes HTTP/1.0" 200 OK
api01-1  | INFO:     172.31.0.5:57942 - "POST /clientes/3/transacoes HTTP/1.0" 200 OK
api02-1  | INFO:     172.31.0.5:45816 - "POST /clientes/1/transacoes HTTP/1.0" 200 OK
db-1     | 2024-02-16 13:43:31.588 GMT [96] FATAL:  role "root" does not exist
api01-1  | INFO:     172.31.0.5:57950 - "POST /clientes/4/transacoes HTTP/1.0" 200 OK
api02-1  | INFO:     172.31.0.5:45818 - "POST /clientes/4/transacoes HTTP/1.0" 200 OK
api01-1  | INFO:     172.31.0.5:57966 - "POST /clientes/1/transacoes HTTP/1.0" 200 OK
api02-1  | INFO:     172.31.0.5:45834 - "POST /clientes/3/transacoes HTTP/1.0" 200 OK
api01-1  | INFO:     172.31.0.5:57982 - "POST /clientes/3/transacoes HTTP/1.0" 200 OK
api02-1  | INFO:     172.31.0.5:45844 - "POST /clientes/1/transacoes HTTP/1.0" 200 OK
api01-1  | INFO:     172.31.0.5:58020 - "GET /clientes/5/extrato HTTP/1.0" 200 OK
api01-1  | INFO:     172.31.0.5:57996 - "POST /clientes/5/transacoes HTTP/1.0" 200 OK
api01-1  | INFO:     172.31.0.5:58004 - "POST /clientes/3/transacoes HTTP/1.0" 200 OK
api02-1  | INFO:     172.31.0.5:45858 - "POST /clientes/1/transacoes HTTP/1.0" 200 OK
api02-1  | INFO:     172.31.0.5:45892 - "POST /clientes/4/transacoes HTTP/1.0" 200 OK
api02-1  | INFO:     172.31.0.5:45872 - "POST /clientes/3/transacoes HTTP/1.0" 200 OK
api02-1  | INFO:     172.31.0.5:45884 - "POST /clientes/1/transacoes HTTP/1.0" 200 OK
api01-1  | INFO:     172.31.0.5:58024 - "POST /clientes/1/transacoes HTTP/1.0" 200 OK
api01-1  | INFO:     172.31.0.5:58036 - "POST /clientes/4/transacoes HTTP/1.0" 200 OK
api02-1  | INFO:     172.31.0.5:45896 - "POST /clientes/1/transacoes HTTP/1.0" 200 OK
api01-1  | INFO:     172.31.0.5:58050 - "POST /clientes/4/transacoes HTTP/1.0" 200 OK
api02-1  | INFO:     172.31.0.5:45906 - "POST /clientes/4/transacoes HTTP/1.0" 200 OK
api01-1  | INFO:     172.31.0.5:58056 - "POST /clientes/3/transacoes HTTP/1.0" 200 OK
api02-1  | INFO:     172.31.0.5:45910 - "GET /clientes/4/extrato HTTP/1.0" 200 OK
api01-1  | INFO:     172.31.0.5:58068 - "POST /clientes/5/transacoes HTTP/1.0" 200 OK
api02-1  | INFO:     172.31.0.5:45918 - "POST /clientes/1/transacoes HTTP/1.0" 200 OK
api01-1  | INFO:     172.31.0.5:58084 - "POST /clientes/1/transacoes HTTP/1.0" 200 OK
api02-1  | INFO:     172.31.0.5:45934 - "POST /clientes/2/transacoes HTTP/1.0" 200 OK
api01-1  | INFO:     172.31.0.5:58098 - "POST /clientes/4/transacoes HTTP/1.0" 200 OK
api02-1  | INFO:     172.31.0.5:45946 - "POST /clientes/4/transacoes HTTP/1.0" 200 OK
api01-1  | INFO:     172.31.0.5:58100 - "POST /clientes/2/transacoes HTTP/1.0" 200 OK
api02-1  | INFO:     172.31.0.5:45958 - "POST /clientes/5/transacoes HTTP/1.0" 200 OK
api01-1  | INFO:     172.31.0.5:58110 - "GET /clientes/5/extrato HTTP/1.0" 200 OK
api02-1  | INFO:     172.31.0.5:45960 - "POST /clientes/4/transacoes HTTP/1.0" 200 OK
api02-1  | INFO:     172.31.0.5:45972 - "POST /clientes/2/transacoes HTTP/1.0" 200 OK
api01-1  | INFO:     172.31.0.5:58114 - "POST /clientes/4/transacoes HTTP/1.0" 200 OK
api02-1  | INFO:     172.31.0.5:45986 - "POST /clientes/3/transacoes HTTP/1.0" 200 OK
api01-1  | INFO:     172.31.0.5:58118 - "POST /clientes/3/transacoes HTTP/1.0" 200 OK
api02-1  | INFO:     172.31.0.5:45996 - "POST /clientes/2/transacoes HTTP/1.0" 200 OK
api01-1  | INFO:     172.31.0.5:58128 - "POST /clientes/3/transacoes HTTP/1.0" 200 OK
api02-1  | INFO:     172.31.0.5:46000 - "POST /clientes/2/transacoes HTTP/1.0" 200 OK
api01-1  | INFO:     172.31.0.5:58136 - "POST /clientes/4/transacoes HTTP/1.0" 200 OK
api02-1  | INFO:     172.31.0.5:46016 - "POST /clientes/2/transacoes HTTP/1.0" 200 OK
api01-1  | INFO:     172.31.0.5:58140 - "POST /clientes/4/transacoes HTTP/1.0" 200 OK
api02-1  | INFO:     172.31.0.5:46028 - "POST /clientes/1/transacoes HTTP/1.0" 200 OK
api01-1  | INFO:     172.31.0.5:58156 - "POST /clientes/2/transacoes HTTP/1.0" 200 OK
api02-1  | INFO:     172.31.0.5:46034 - "POST /clientes/2/transacoes HTTP/1.0" 200 OK
api01-1  | INFO:     172.31.0.5:58162 - "POST /clientes/2/transacoes HTTP/1.0" 200 OK
api02-1  | INFO:     172.31.0.5:46036 - "POST /clientes/1/transacoes HTTP/1.0" 200 OK
api01-1  | INFO:     172.31.0.5:58176 - "POST /clientes/4/transacoes HTTP/1.0" 200 OK
api02-1  | INFO:     172.31.0.5:46048 - "POST /clientes/1/transacoes HTTP/1.0" 200 OK
api01-1  | INFO:     172.31.0.5:58184 - "POST /clientes/5/transacoes HTTP/1.0" 200 OK
api02-1  | INFO:     172.31.0.5:46060 - "POST /clientes/1/transacoes HTTP/1.0" 200 OK
api01-1  | INFO:     172.31.0.5:58200 - "GET /clientes/5/extrato HTTP/1.0" 200 OK
api01-1  | INFO:     172.31.0.5:58198 - "POST /clientes/2/transacoes HTTP/1.0" 200 OK
api02-1  | INFO:     172.31.0.5:46072 - "POST /clientes/3/transacoes HTTP/1.0" 200 OK
api01-1  | INFO:     172.31.0.5:58208 - "POST /clientes/5/transacoes HTTP/1.0" 200 OK
api02-1  | INFO:     172.31.0.5:46078 - "POST /clientes/4/transacoes HTTP/1.0" 200 OK
api01-1  | INFO:     172.31.0.5:58212 - "POST /clientes/2/transacoes HTTP/1.0" 200 OK
api02-1  | INFO:     172.31.0.5:46090 - "POST /clientes/2/transacoes HTTP/1.0" 200 OK
api01-1  | INFO:     172.31.0.5:58214 - "POST /clientes/4/transacoes HTTP/1.0" 200 OK
api02-1  | INFO:     172.31.0.5:46106 - "POST /clientes/4/transacoes HTTP/1.0" 200 OK
api01-1  | INFO:     172.31.0.5:58226 - "POST /clientes/5/transacoes HTTP/1.0" 200 OK
api02-1  | INFO:     172.31.0.5:46108 - "POST /clientes/1/transacoes HTTP/1.0" 200 OK
api01-1  | INFO:     172.31.0.5:58234 - "POST /clientes/4/transacoes HTTP/1.0" 200 OK
api02-1  | INFO:     172.31.0.5:46120 - "POST /clientes/3/transacoes HTTP/1.0" 200 OK
api02-1  | INFO:     172.31.0.5:46124 - "GET /clientes/4/extrato HTTP/1.0" 200 OK
api01-1  | INFO:     172.31.0.5:58242 - "POST /clientes/2/transacoes HTTP/1.0" 200 OK
api01-1  | INFO:     172.31.0.5:58254 - "POST /clientes/1/transacoes HTTP/1.0" 200 OK
api02-1  | INFO:     172.31.0.5:46138 - "POST /clientes/5/transacoes HTTP/1.0" 200 OK
api01-1  | INFO:     172.31.0.5:58266 - "POST /clientes/2/transacoes HTTP/1.0" 200 OK
api02-1  | INFO:     172.31.0.5:46146 - "POST /clientes/3/transacoes HTTP/1.0" 200 OK
api01-1  | INFO:     172.31.0.5:58270 - "POST /clientes/5/transacoes HTTP/1.0" 200 OK
api02-1  | INFO:     172.31.0.5:46158 - "POST /clientes/2/transacoes HTTP/1.0" 200 OK
api01-1  | INFO:     172.31.0.5:58284 - "POST /clientes/5/transacoes HTTP/1.0" 200 OK
api02-1  | INFO:     172.31.0.5:46160 - "POST /clientes/1/transacoes HTTP/1.0" 200 OK
api01-1  | INFO:     172.31.0.5:58298 - "POST /clientes/3/transacoes HTTP/1.0" 200 OK
api02-1  | INFO:     172.31.0.5:46168 - "POST /clientes/3/transacoes HTTP/1.0" 200 OK
api01-1  | INFO:     172.31.0.5:58314 - "GET /clientes/4/extrato HTTP/1.0" 200 OK
api01-1  | INFO:     172.31.0.5:58306 - "POST /clientes/2/transacoes HTTP/1.0" 200 OK
api02-1  | INFO:     172.31.0.5:46180 - "POST /clientes/1/transacoes HTTP/1.0" 200 OK
api02-1  | INFO:     172.31.0.5:46184 - "POST /clientes/4/transacoes HTTP/1.0" 200 OK
api02-1  | INFO:     172.31.0.5:46190 - "POST /clientes/4/transacoes HTTP/1.0" 200 OK
api01-1  | INFO:     172.31.0.5:58318 - "POST /clientes/4/transacoes HTTP/1.0" 200 OK
api01-1  | INFO:     172.31.0.5:58320 - "POST /clientes/1/transacoes HTTP/1.0" 200 OK
api02-1  | INFO:     172.31.0.5:46194 - "POST /clientes/2/transacoes HTTP/1.0" 200 OK
api01-1  | INFO:     172.31.0.5:58334 - "POST /clientes/5/transacoes HTTP/1.0" 200 OK
api02-1  | INFO:     172.31.0.5:46202 - "POST /clientes/1/transacoes HTTP/1.0" 200 OK
api01-1  | INFO:     172.31.0.5:58342 - "POST /clientes/5/transacoes HTTP/1.0" 200 OK
api02-1  | INFO:     172.31.0.5:46212 - "POST /clientes/4/transacoes HTTP/1.0" 200 OK
api01-1  | INFO:     172.31.0.5:58358 - "POST /clientes/2/transacoes HTTP/1.0" 200 OK
api02-1  | INFO:     172.31.0.5:46218 - "GET /clientes/4/extrato HTTP/1.0" 200 OK
api01-1  | INFO:     172.31.0.5:58360 - "POST /clientes/2/transacoes HTTP/1.0" 200 OK
api02-1  | INFO:     172.31.0.5:46232 - "POST /clientes/2/transacoes HTTP/1.0" 200 OK
api01-1  | INFO:     172.31.0.5:58362 - "POST /clientes/3/transacoes HTTP/1.0" 200 OK
api02-1  | INFO:     172.31.0.5:46236 - "POST /clientes/2/transacoes HTTP/1.0" 200 OK
api01-1  | INFO:     172.31.0.5:58370 - "POST /clientes/4/transacoes HTTP/1.0" 200 OK
api02-1  | INFO:     172.31.0.5:46252 - "POST /clientes/3/transacoes HTTP/1.0" 200 OK
api01-1  | INFO:     172.31.0.5:58374 - "POST /clientes/3/transacoes HTTP/1.0" 200 OK
api02-1  | INFO:     172.31.0.5:46258 - "POST /clientes/5/transacoes HTTP/1.0" 200 OK
api01-1  | INFO:     172.31.0.5:58376 - "POST /clientes/2/transacoes HTTP/1.0" 200 OK
api02-1  | INFO:     172.31.0.5:46260 - "POST /clientes/5/transacoes HTTP/1.0" 200 OK
api01-1  | INFO:     172.31.0.5:58388 - "POST /clientes/4/transacoes HTTP/1.0" 200 OK
api02-1  | INFO:     172.31.0.5:46268 - "POST /clientes/1/transacoes HTTP/1.0" 200 OK
api02-1  | INFO:     172.31.0.5:46280 - "GET /clientes/1/extrato HTTP/1.0" 200 OK
api01-1  | INFO:     172.31.0.5:58400 - "POST /clientes/1/transacoes HTTP/1.0" 200 OK
api01-1  | INFO:     172.31.0.5:58412 - "POST /clientes/5/transacoes HTTP/1.0" 200 OK
api02-1  | INFO:     172.31.0.5:46284 - "POST /clientes/1/transacoes HTTP/1.0" 200 OK
api01-1  | INFO:     172.31.0.5:58422 - "POST /clientes/4/transacoes HTTP/1.0" 200 OK
api02-1  | INFO:     172.31.0.5:46292 - "POST /clientes/5/transacoes HTTP/1.0" 200 OK
api01-1  | INFO:     172.31.0.5:58434 - "POST /clientes/3/transacoes HTTP/1.0" 200 OK
api02-1  | INFO:     172.31.0.5:46298 - "POST /clientes/4/transacoes HTTP/1.0" 200 OK
api01-1  | INFO:     172.31.0.5:58442 - "POST /clientes/1/transacoes HTTP/1.0" 200 OK
api02-1  | INFO:     172.31.0.5:46314 - "POST /clientes/3/transacoes HTTP/1.0" 200 OK
api01-1  | INFO:     172.31.0.5:58448 - "POST /clientes/3/transacoes HTTP/1.0" 200 OK
api02-1  | INFO:     172.31.0.5:46328 - "POST /clientes/1/transacoes HTTP/1.0" 200 OK
api01-1  | INFO:     172.31.0.5:58460 - "POST /clientes/2/transacoes HTTP/1.0" 200 OK
api02-1  | INFO:     172.31.0.5:46336 - "POST /clientes/3/transacoes HTTP/1.0" 200 OK
api01-1  | INFO:     172.31.0.5:58476 - "POST /clientes/5/transacoes HTTP/1.0" 200 OK
api02-1  | INFO:     172.31.0.5:46344 - "POST /clientes/3/transacoes HTTP/1.0" 200 OK
api01-1  | INFO:     172.31.0.5:58492 - "POST /clientes/3/transacoes HTTP/1.0" 200 OK
api02-1  | INFO:     172.31.0.5:46348 - "POST /clientes/5/transacoes HTTP/1.0" 200 OK
api01-1  | INFO:     172.31.0.5:58498 - "POST /clientes/3/transacoes HTTP/1.0" 200 OK
api02-1  | INFO:     172.31.0.5:46364 - "POST /clientes/5/transacoes HTTP/1.0" 200 OK
api01-1  | INFO:     172.31.0.5:58508 - "POST /clientes/3/transacoes HTTP/1.0" 200 OK
api02-1  | INFO:     172.31.0.5:46372 - "POST /clientes/5/transacoes HTTP/1.0" 200 OK
api01-1  | INFO:     172.31.0.5:58510 - "POST /clientes/3/transacoes HTTP/1.0" 200 OK
api02-1  | INFO:     172.31.0.5:46384 - "POST /clientes/3/transacoes HTTP/1.0" 200 OK
api01-1  | INFO:     172.31.0.5:58516 - "POST /clientes/5/transacoes HTTP/1.0" 200 OK
api02-1  | INFO:     172.31.0.5:46398 - "POST /clientes/3/transacoes HTTP/1.0" 200 OK
api01-1  | INFO:     172.31.0.5:58530 - "POST /clientes/3/transacoes HTTP/1.0" 200 OK
api02-1  | INFO:     172.31.0.5:46400 - "POST /clientes/2/transacoes HTTP/1.0" 200 OK
api01-1  | INFO:     172.31.0.5:58534 - "POST /clientes/1/transacoes HTTP/1.0" 200 OK
api02-1  | INFO:     172.31.0.5:46412 - "POST /clientes/4/transacoes HTTP/1.0" 200 OK
api01-1  | INFO:     172.31.0.5:58536 - "GET /clientes/3/extrato HTTP/1.0" 200 OK
api02-1  | INFO:     172.31.0.5:46414 - "POST /clientes/4/transacoes HTTP/1.0" 200 OK
api02-1  | INFO:     172.31.0.5:46428 - "POST /clientes/1/transacoes HTTP/1.0" 200 OK
api01-1  | INFO:     172.31.0.5:58542 - "POST /clientes/4/transacoes HTTP/1.0" 200 OK
api02-1  | INFO:     172.31.0.5:46440 - "POST /clientes/4/transacoes HTTP/1.0" 200 OK
api01-1  | INFO:     172.31.0.5:58552 - "POST /clientes/2/transacoes HTTP/1.0" 200 OK
api02-1  | INFO:     172.31.0.5:46446 - "POST /clientes/4/transacoes HTTP/1.0" 200 OK
api01-1  | INFO:     172.31.0.5:58566 - "POST /clientes/4/transacoes HTTP/1.0" 200 OK
api02-1  | INFO:     172.31.0.5:46458 - "POST /clientes/3/transacoes HTTP/1.0" 200 OK
api01-1  | INFO:     172.31.0.5:58576 - "POST /clientes/1/transacoes HTTP/1.0" 200 OK
api02-1  | INFO:     172.31.0.5:46468 - "POST /clientes/3/transacoes HTTP/1.0" 200 OK
api01-1  | INFO:     172.31.0.5:58578 - "POST /clientes/4/transacoes HTTP/1.0" 200 OK
api02-1  | INFO:     172.31.0.5:46476 - "POST /clientes/2/transacoes HTTP/1.0" 200 OK
api01-1  | INFO:     172.31.0.5:58584 - "POST /clientes/3/transacoes HTTP/1.0" 200 OK
api02-1  | INFO:     172.31.0.5:46488 - "POST /clientes/1/transacoes HTTP/1.0" 200 OK
api01-1  | INFO:     172.31.0.5:58590 - "POST /clientes/4/transacoes HTTP/1.0" 200 OK
api01-1  | INFO:     172.31.0.5:58596 - "GET /clientes/3/extrato HTTP/1.0" 200 OK
api02-1  | INFO:     172.31.0.5:46492 - "POST /clientes/3/transacoes HTTP/1.0" 200 OK
api01-1  | INFO:     172.31.0.5:58598 - "POST /clientes/3/transacoes HTTP/1.0" 200 OK
api02-1  | INFO:     172.31.0.5:46506 - "POST /clientes/2/transacoes HTTP/1.0" 200 OK
api02-1  | INFO:     172.31.0.5:46514 - "POST /clientes/5/transacoes HTTP/1.0" 200 OK
api01-1  | INFO:     172.31.0.5:58606 - "POST /clientes/2/transacoes HTTP/1.0" 200 OK
api01-1  | INFO:     172.31.0.5:58616 - "POST /clientes/4/transacoes HTTP/1.0" 200 OK
api02-1  | INFO:     172.31.0.5:46530 - "POST /clientes/4/transacoes HTTP/1.0" 200 OK
api01-1  | INFO:     172.31.0.5:58630 - "POST /clientes/3/transacoes HTTP/1.0" 200 OK
api02-1  | INFO:     172.31.0.5:46540 - "POST /clientes/5/transacoes HTTP/1.0" 200 OK
api02-1  | INFO:     172.31.0.5:46542 - "POST /clientes/5/transacoes HTTP/1.0" 200 OK
api01-1  | INFO:     172.31.0.5:58632 - "POST /clientes/5/transacoes HTTP/1.0" 200 OK
api01-1  | INFO:     172.31.0.5:58648 - "POST /clientes/4/transacoes HTTP/1.0" 200 OK
api01-1  | INFO:     172.31.0.5:58650 - "POST /clientes/1/transacoes HTTP/1.0" 200 OK
api02-1  | INFO:     172.31.0.5:46544 - "POST /clientes/3/transacoes HTTP/1.0" 200 OK
api02-1  | INFO:     172.31.0.5:46550 - "POST /clientes/2/transacoes HTTP/1.0" 200 OK
api01-1  | INFO:     172.31.0.5:58662 - "GET /clientes/1/extrato HTTP/1.0" 200 OK
api02-1  | INFO:     172.31.0.5:46566 - "POST /clientes/3/transacoes HTTP/1.0" 200 OK
api01-1  | INFO:     172.31.0.5:58670 - "POST /clientes/4/transacoes HTTP/1.0" 200 OK
api02-1  | INFO:     172.31.0.5:46580 - "POST /clientes/5/transacoes HTTP/1.0" 200 OK
api01-1  | INFO:     172.31.0.5:58686 - "POST /clientes/3/transacoes HTTP/1.0" 200 OK
api02-1  | INFO:     172.31.0.5:46584 - "POST /clientes/5/transacoes HTTP/1.0" 200 OK
api01-1  | INFO:     172.31.0.5:58688 - "POST /clientes/1/transacoes HTTP/1.0" 200 OK
api02-1  | INFO:     172.31.0.5:46588 - "POST /clientes/5/transacoes HTTP/1.0" 200 OK
api01-1  | INFO:     172.31.0.5:58702 - "POST /clientes/5/transacoes HTTP/1.0" 200 OK
api02-1  | INFO:     172.31.0.5:46602 - "POST /clientes/4/transacoes HTTP/1.0" 200 OK
api01-1  | INFO:     172.31.0.5:58718 - "POST /clientes/4/transacoes HTTP/1.0" 200 OK
api02-1  | INFO:     172.31.0.5:46610 - "POST /clientes/4/transacoes HTTP/1.0" 200 OK
api01-1  | INFO:     172.31.0.5:58726 - "POST /clientes/5/transacoes HTTP/1.0" 200 OK
api02-1  | INFO:     172.31.0.5:46626 - "POST /clientes/2/transacoes HTTP/1.0" 200 OK
api01-1  | INFO:     172.31.0.5:58736 - "POST /clientes/5/transacoes HTTP/1.0" 200 OK
api02-1  | INFO:     172.31.0.5:46642 - "POST /clientes/1/transacoes HTTP/1.0" 200 OK
api01-1  | INFO:     172.31.0.5:58740 - "POST /clientes/2/transacoes HTTP/1.0" 200 OK
api02-1  | INFO:     172.31.0.5:46658 - "POST /clientes/3/transacoes HTTP/1.0" 200 OK
api02-1  | INFO:     172.31.0.5:46672 - "GET /clientes/3/extrato HTTP/1.0" 200 OK
api01-1  | INFO:     172.31.0.5:58750 - "POST /clientes/4/transacoes HTTP/1.0" 200 OK
api02-1  | INFO:     172.31.0.5:46682 - "POST /clientes/1/transacoes HTTP/1.0" 200 OK
api01-1  | INFO:     172.31.0.5:59134 - "POST /clientes/5/transacoes HTTP/1.0" 200 OK
api02-1  | INFO:     172.31.0.5:56694 - "POST /clientes/5/transacoes HTTP/1.0" 200 OK
api01-1  | INFO:     172.31.0.5:59138 - "POST /clientes/2/transacoes HTTP/1.0" 200 OK
api02-1  | INFO:     172.31.0.5:56700 - "POST /clientes/5/transacoes HTTP/1.0" 200 OK
api01-1  | INFO:     172.31.0.5:59144 - "POST /clientes/1/transacoes HTTP/1.0" 200 OK
api02-1  | INFO:     172.31.0.5:56704 - "POST /clientes/2/transacoes HTTP/1.0" 200 OK
api01-1  | INFO:     172.31.0.5:59156 - "POST /clientes/2/transacoes HTTP/1.0" 200 OK
api02-1  | INFO:     172.31.0.5:56710 - "POST /clientes/4/transacoes HTTP/1.0" 200 OK
api01-1  | INFO:     172.31.0.5:59172 - "POST /clientes/3/transacoes HTTP/1.0" 200 OK
api01-1  | INFO:     172.31.0.5:59182 - "POST /clientes/4/transacoes HTTP/1.0" 200 OK
api02-1  | INFO:     172.31.0.5:56726 - "POST /clientes/1/transacoes HTTP/1.0" 200 OK
api01-1  | INFO:     172.31.0.5:59194 - "POST /clientes/5/transacoes HTTP/1.0" 200 OK
api02-1  | INFO:     172.31.0.5:56730 - "POST /clientes/3/transacoes HTTP/1.0" 200 OK
api01-1  | INFO:     172.31.0.5:59202 - "POST /clientes/3/transacoes HTTP/1.0" 200 OK
api02-1  | INFO:     172.31.0.5:56736 - "POST /clientes/3/transacoes HTTP/1.0" 200 OK
api01-1  | INFO:     172.31.0.5:59218 - "GET /clientes/1/extrato HTTP/1.0" 200 OK
api02-1  | INFO:     172.31.0.5:56744 - "POST /clientes/2/transacoes HTTP/1.0" 200 OK
api02-1  | INFO:     172.31.0.5:56746 - "POST /clientes/5/transacoes HTTP/1.0" 200 OK
api01-1  | INFO:     172.31.0.5:59232 - "POST /clientes/2/transacoes HTTP/1.0" 422 Unprocessable Entity
api02-1  | INFO:     172.31.0.5:56748 - "POST /clientes/4/transacoes HTTP/1.0" 200 OK
api01-1  | INFO:     172.31.0.5:59236 - "POST /clientes/3/transacoes HTTP/1.0" 200 OK
api02-1  | INFO:     172.31.0.5:56750 - "POST /clientes/4/transacoes HTTP/1.0" 200 OK
api01-1  | INFO:     172.31.0.5:59264 - "POST /clientes/3/transacoes HTTP/1.0" 200 OK
api01-1  | INFO:     172.31.0.5:59250 - "POST /clientes/5/transacoes HTTP/1.0" 200 OK
api02-1  | INFO:     172.31.0.5:56756 - "POST /clientes/3/transacoes HTTP/1.0" 200 OK
api02-1  | INFO:     172.31.0.5:56770 - "POST /clientes/3/transacoes HTTP/1.0" 200 OK
api01-1  | INFO:     172.31.0.5:59276 - "POST /clientes/3/transacoes HTTP/1.0" 200 OK
api01-1  | INFO:     172.31.0.5:59288 - "POST /clientes/2/transacoes HTTP/1.0" 200 OK
api01-1  | INFO:     172.31.0.5:59300 - "POST /clientes/5/transacoes HTTP/1.0" 200 OK
api02-1  | INFO:     172.31.0.5:56772 - "POST /clientes/2/transacoes HTTP/1.0" 200 OK
api02-1  | INFO:     172.31.0.5:56778 - "POST /clientes/4/transacoes HTTP/1.0" 200 OK
api02-1  | INFO:     172.31.0.5:56784 - "POST /clientes/3/transacoes HTTP/1.0" 200 OK
api01-1  | INFO:     172.31.0.5:59312 - "POST /clientes/3/transacoes HTTP/1.0" 200 OK
api01-1  | INFO:     172.31.0.5:59314 - "POST /clientes/1/transacoes HTTP/1.0" 200 OK
api02-1  | INFO:     172.31.0.5:56794 - "GET /clientes/4/extrato HTTP/1.0" 200 OK
api02-1  | INFO:     172.31.0.5:56808 - "POST /clientes/5/transacoes HTTP/1.0" 200 OK
api01-1  | INFO:     172.31.0.5:59330 - "POST /clientes/5/transacoes HTTP/1.0" 200 OK
api01-1  | INFO:     172.31.0.5:59346 - "POST /clientes/4/transacoes HTTP/1.0" 200 OK
api02-1  | INFO:     172.31.0.5:56816 - "POST /clientes/5/transacoes HTTP/1.0" 200 OK
api01-1  | INFO:     172.31.0.5:59360 - "POST /clientes/2/transacoes HTTP/1.0" 200 OK
api02-1  | INFO:     172.31.0.5:56820 - "POST /clientes/2/transacoes HTTP/1.0" 200 OK
api02-1  | INFO:     172.31.0.5:56834 - "POST /clientes/5/transacoes HTTP/1.0" 200 OK
api01-1  | INFO:     172.31.0.5:59366 - "POST /clientes/4/transacoes HTTP/1.0" 200 OK
api01-1  | INFO:     172.31.0.5:59380 - "POST /clientes/1/transacoes HTTP/1.0" 200 OK
api01-1  | INFO:     172.31.0.5:59384 - "POST /clientes/4/transacoes HTTP/1.0" 200 OK
api02-1  | INFO:     172.31.0.5:56850 - "POST /clientes/2/transacoes HTTP/1.0" 200 OK
api02-1  | INFO:     172.31.0.5:56852 - "POST /clientes/1/transacoes HTTP/1.0" 200 OK
api02-1  | INFO:     172.31.0.5:56870 - "POST /clientes/5/transacoes HTTP/1.0" 200 OK
api01-1  | INFO:     172.31.0.5:59390 - "POST /clientes/3/transacoes HTTP/1.0" 200 OK
api02-1  | INFO:     172.31.0.5:56872 - "POST /clientes/1/transacoes HTTP/1.0" 200 OK
api01-1  | INFO:     172.31.0.5:59398 - "POST /clientes/2/transacoes HTTP/1.0" 200 OK
api02-1  | INFO:     172.31.0.5:56882 - "POST /clientes/1/transacoes HTTP/1.0" 200 OK
api01-1  | INFO:     172.31.0.5:59414 - "POST /clientes/5/transacoes HTTP/1.0" 200 OK
api01-1  | INFO:     172.31.0.5:59416 - "GET /clientes/3/extrato HTTP/1.0" 200 OK
api02-1  | INFO:     172.31.0.5:56892 - "POST /clientes/1/transacoes HTTP/1.0" 200 OK
api02-1  | INFO:     172.31.0.5:56906 - "POST /clientes/1/transacoes HTTP/1.0" 200 OK
api02-1  | INFO:     172.31.0.5:56908 - "POST /clientes/2/transacoes HTTP/1.0" 200 OK
api01-1  | INFO:     172.31.0.5:59432 - "POST /clientes/2/transacoes HTTP/1.0" 200 OK
api02-1  | INFO:     172.31.0.5:56918 - "POST /clientes/3/transacoes HTTP/1.0" 200 OK
api01-1  | INFO:     172.31.0.5:59438 - "POST /clientes/3/transacoes HTTP/1.0" 200 OK
api01-1  | INFO:     172.31.0.5:59448 - "POST /clientes/3/transacoes HTTP/1.0" 200 OK
api02-1  | INFO:     172.31.0.5:56934 - "POST /clientes/3/transacoes HTTP/1.0" 200 OK
api01-1  | INFO:     172.31.0.5:59456 - "POST /clientes/5/transacoes HTTP/1.0" 200 OK
api02-1  | INFO:     172.31.0.5:56936 - "POST /clientes/4/transacoes HTTP/1.0" 200 OK
api01-1  | INFO:     172.31.0.5:59464 - "POST /clientes/4/transacoes HTTP/1.0" 200 OK
api02-1  | INFO:     172.31.0.5:56952 - "POST /clientes/4/transacoes HTTP/1.0" 200 OK
api01-1  | INFO:     172.31.0.5:59480 - "POST /clientes/5/transacoes HTTP/1.0" 200 OK
api02-1  | INFO:     172.31.0.5:56960 - "POST /clientes/4/transacoes HTTP/1.0" 200 OK
api01-1  | INFO:     172.31.0.5:59496 - "POST /clientes/1/transacoes HTTP/1.0" 200 OK
api02-1  | INFO:     172.31.0.5:56972 - "POST /clientes/5/transacoes HTTP/1.0" 200 OK
api01-1  | INFO:     172.31.0.5:59510 - "POST /clientes/2/transacoes HTTP/1.0" 200 OK
api02-1  | INFO:     172.31.0.5:56974 - "POST /clientes/3/transacoes HTTP/1.0" 200 OK
api01-1  | INFO:     172.31.0.5:59520 - "POST /clientes/1/transacoes HTTP/1.0" 200 OK
api01-1  | INFO:     172.31.0.5:59536 - "POST /clientes/2/transacoes HTTP/1.0" 200 OK
api02-1  | INFO:     172.31.0.5:56990 - "GET /clientes/4/extrato HTTP/1.0" 200 OK
api01-1  | INFO:     172.31.0.5:59540 - "POST /clientes/5/transacoes HTTP/1.0" 200 OK
api02-1  | INFO:     172.31.0.5:56998 - "POST /clientes/5/transacoes HTTP/1.0" 200 OK
