 Network rinha-nginx-2024-q1  Creating
 Network rinha-nginx-2024-q1  Created
 Container paulo_sergio-db-1  Creating
 Container paulo_sergio-db-1  Created
 Container paulo_sergio-api02-1  Creating
 Container paulo_sergio-api01-1  Creating
 Container paulo_sergio-api02-1  Created
 Container paulo_sergio-api01-1  Created
 Container paulo_sergio-nginx-1  Creating
 Container paulo_sergio-nginx-1  Created
Attaching to api01-1, api02-1, db-1, nginx-1
db-1     | The files belonging to this database system will be owned by user "postgres".
db-1     | This user must also own the server process.
db-1     | 
db-1     | The database cluster will be initialized with locale "en_US.utf8".
db-1     | The default database encoding has accordingly been set to "UTF8".
db-1     | The default text search configuration will be set to "english".
db-1     | 
db-1     | Data page checksums are disabled.
db-1     | 
db-1     | fixing permissions on existing directory /var/lib/postgresql/data ... ok
db-1     | creating subdirectories ... ok
db-1     | selecting dynamic shared memory implementation ... posix
db-1     | selecting default max_connections ... 100
db-1     | selecting default shared_buffers ... 128MB
db-1     | selecting default time zone ... Etc/UTC
db-1     | creating configuration files ... ok
db-1     | running bootstrap script ... ok
nginx-1  | /docker-entrypoint.sh: /docker-entrypoint.d/ is not empty, will attempt to perform configuration
nginx-1  | /docker-entrypoint.sh: Looking for shell scripts in /docker-entrypoint.d/
nginx-1  | /docker-entrypoint.sh: Launching /docker-entrypoint.d/10-listen-on-ipv6-by-default.sh
nginx-1  | 10-listen-on-ipv6-by-default.sh: info: Getting the checksum of /etc/nginx/conf.d/default.conf
nginx-1  | 10-listen-on-ipv6-by-default.sh: info: Enabled listen on IPv6 in /etc/nginx/conf.d/default.conf
nginx-1  | /docker-entrypoint.sh: Sourcing /docker-entrypoint.d/15-local-resolvers.envsh
nginx-1  | /docker-entrypoint.sh: Launching /docker-entrypoint.d/20-envsubst-on-templates.sh
nginx-1  | /docker-entrypoint.sh: Launching /docker-entrypoint.d/30-tune-worker-processes.sh
nginx-1  | /docker-entrypoint.sh: Configuration complete; ready for start up
db-1     | performing post-bootstrap initialization ... ok
api01-1  | INFO:     Started server process [1]
api01-1  | INFO:     Waiting for application startup.
api01-1  | INFO:     Application startup complete.
api01-1  | INFO:     Uvicorn running on http://0.0.0.0:80 (Press CTRL+C to quit)
api02-1  | INFO:     Started server process [1]
api02-1  | INFO:     Waiting for application startup.
api02-1  | INFO:     Application startup complete.
api02-1  | INFO:     Uvicorn running on http://0.0.0.0:80 (Press CTRL+C to quit)
db-1     | syncing data to disk ... ok
db-1     | 
db-1     | 
db-1     | Success. You can now start the database server using:
db-1     | 
db-1     |     pg_ctl -D /var/lib/postgresql/data -l logfile start
db-1     | 
db-1     | initdb: warning: enabling "trust" authentication for local connections
db-1     | initdb: hint: You can change this by editing pg_hba.conf or using the option -A, or --auth-local and --auth-host, the next time you run initdb.
db-1     | waiting for server to start....2024-03-07 23:50:33.780 GMT [48] LOG:  starting PostgreSQL 16.2 (Debian 16.2-1.pgdg120+2) on x86_64-pc-linux-gnu, compiled by gcc (Debian 12.2.0-14) 12.2.0, 64-bit
db-1     | 2024-03-07 23:50:33.780 GMT [48] LOG:  listening on Unix socket "/var/run/postgresql/.s.PGSQL.5432"
db-1     | 2024-03-07 23:50:33.815 GMT [51] LOG:  database system was shut down at 2024-03-07 23:50:33 GMT
db-1     | 2024-03-07 23:50:33.818 GMT [48] LOG:  database system is ready to accept connections
db-1     |  done
db-1     | server started
db-1     | CREATE DATABASE
db-1     | 
db-1     | 
db-1     | /usr/local/bin/docker-entrypoint.sh: running /docker-entrypoint-initdb.d/script.sql
db-1     | CREATE TABLE
db-1     | CREATE TABLE
db-1     | CREATE INDEX
db-1     | INSERT 0 5
db-1     | 
db-1     | 
db-1     | waiting for server to shut down....2024-03-07 23:50:34.117 GMT [48] LOG:  received fast shutdown request
db-1     | 2024-03-07 23:50:34.117 GMT [48] LOG:  aborting any active transactions
db-1     | 2024-03-07 23:50:34.118 GMT [48] LOG:  background worker "logical replication launcher" (PID 54) exited with exit code 1
db-1     | 2024-03-07 23:50:34.119 GMT [49] LOG:  shutting down
db-1     | 2024-03-07 23:50:34.119 GMT [49] LOG:  checkpoint starting: shutdown immediate
db-1     | 2024-03-07 23:50:34.125 GMT [49] LOG:  checkpoint complete: wrote 936 buffers (2.9%); 0 WAL file(s) added, 0 removed, 0 recycled; write=0.006 s, sync=0.001 s, total=0.006 s; sync files=0, longest=0.000 s, average=0.000 s; distance=4287 kB, estimate=4287 kB; lsn=0/191A6A0, redo lsn=0/191A6A0
db-1     | 2024-03-07 23:50:34.131 GMT [48] LOG:  database system is shut down
db-1     |  done
db-1     | server stopped
db-1     | 
db-1     | PostgreSQL init process complete; ready for start up.
db-1     | 
db-1     | 2024-03-07 23:50:34.237 GMT [1] LOG:  starting PostgreSQL 16.2 (Debian 16.2-1.pgdg120+2) on x86_64-pc-linux-gnu, compiled by gcc (Debian 12.2.0-14) 12.2.0, 64-bit
db-1     | 2024-03-07 23:50:34.237 GMT [1] LOG:  listening on IPv4 address "0.0.0.0", port 5432
db-1     | 2024-03-07 23:50:34.237 GMT [1] LOG:  listening on IPv6 address "::", port 5432
db-1     | 2024-03-07 23:50:34.238 GMT [1] LOG:  listening on Unix socket "/var/run/postgresql/.s.PGSQL.5432"
db-1     | 2024-03-07 23:50:34.239 GMT [66] LOG:  database system was shut down at 2024-03-07 23:50:34 GMT
db-1     | 2024-03-07 23:50:34.242 GMT [1] LOG:  database system is ready to accept connections
api01-1  | INFO:     172.18.0.5:49366 - "GET /clientes/1/extrato HTTP/1.0" 200 OK
api02-1  | INFO:     172.18.0.5:55386 - "GET /clientes/1/extrato HTTP/1.0" 200 OK
api02-1  | INFO:     172.18.0.5:50654 - "POST /clientes/1/transacoes HTTP/1.0" 200 OK
api01-1  | INFO:     172.18.0.5:56004 - "POST /clientes/1/transacoes HTTP/1.0" 200 OK
api02-1  | INFO:     172.18.0.5:50670 - "POST /clientes/1/transacoes HTTP/1.0" 200 OK
api02-1  | INFO:     172.18.0.5:50686 - "POST /clientes/1/transacoes HTTP/1.0" 200 OK
api01-1  | INFO:     172.18.0.5:56008 - "POST /clientes/1/transacoes HTTP/1.0" 200 OK
api01-1  | INFO:     172.18.0.5:56014 - "POST /clientes/1/transacoes HTTP/1.0" 200 OK
api02-1  | INFO:     172.18.0.5:50700 - "POST /clientes/1/transacoes HTTP/1.0" 200 OK
api01-1  | INFO:     172.18.0.5:56024 - "POST /clientes/1/transacoes HTTP/1.0" 200 OK
api02-1  | INFO:     172.18.0.5:50706 - "POST /clientes/1/transacoes HTTP/1.0" 200 OK
api01-1  | INFO:     172.18.0.5:56032 - "POST /clientes/1/transacoes HTTP/1.0" 200 OK
api02-1  | INFO:     172.18.0.5:50718 - "POST /clientes/1/transacoes HTTP/1.0" 200 OK
api02-1  | INFO:     172.18.0.5:50732 - "POST /clientes/1/transacoes HTTP/1.0" 200 OK
api01-1  | INFO:     172.18.0.5:56036 - "POST /clientes/1/transacoes HTTP/1.0" 200 OK
api01-1  | INFO:     172.18.0.5:56050 - "POST /clientes/1/transacoes HTTP/1.0" 200 OK
api02-1  | INFO:     172.18.0.5:50746 - "POST /clientes/1/transacoes HTTP/1.0" 200 OK
api01-1  | INFO:     172.18.0.5:56052 - "POST /clientes/1/transacoes HTTP/1.0" 200 OK
api02-1  | INFO:     172.18.0.5:50748 - "POST /clientes/1/transacoes HTTP/1.0" 200 OK
api01-1  | INFO:     172.18.0.5:56066 - "POST /clientes/1/transacoes HTTP/1.0" 200 OK
api01-1  | INFO:     172.18.0.5:56074 - "POST /clientes/1/transacoes HTTP/1.0" 200 OK
api02-1  | INFO:     172.18.0.5:50754 - "POST /clientes/1/transacoes HTTP/1.0" 200 OK
api02-1  | INFO:     172.18.0.5:50756 - "POST /clientes/1/transacoes HTTP/1.0" 200 OK
api01-1  | INFO:     172.18.0.5:56076 - "POST /clientes/1/transacoes HTTP/1.0" 200 OK
api02-1  | INFO:     172.18.0.5:50758 - "POST /clientes/1/transacoes HTTP/1.0" 200 OK
api01-1  | INFO:     172.18.0.5:56088 - "POST /clientes/1/transacoes HTTP/1.0" 200 OK
api01-1  | INFO:     172.18.0.5:56094 - "POST /clientes/1/transacoes HTTP/1.0" 200 OK
api02-1  | INFO:     172.18.0.5:50772 - "GET /clientes/1/extrato HTTP/1.0" 200 OK
api02-1  | INFO:     172.18.0.5:50780 - "POST /clientes/1/transacoes HTTP/1.0" 200 OK
api01-1  | INFO:     172.18.0.5:56110 - "POST /clientes/1/transacoes HTTP/1.0" 200 OK
api02-1  | INFO:     172.18.0.5:50792 - "POST /clientes/1/transacoes HTTP/1.0" 200 OK
api01-1  | INFO:     172.18.0.5:56124 - "POST /clientes/1/transacoes HTTP/1.0" 200 OK
api02-1  | INFO:     172.18.0.5:50806 - "POST /clientes/1/transacoes HTTP/1.0" 200 OK
api01-1  | INFO:     172.18.0.5:56134 - "POST /clientes/1/transacoes HTTP/1.0" 200 OK
api02-1  | INFO:     172.18.0.5:50812 - "POST /clientes/1/transacoes HTTP/1.0" 200 OK
api01-1  | INFO:     172.18.0.5:56138 - "POST /clientes/1/transacoes HTTP/1.0" 200 OK
api02-1  | INFO:     172.18.0.5:50822 - "POST /clientes/1/transacoes HTTP/1.0" 200 OK
api01-1  | INFO:     172.18.0.5:56144 - "POST /clientes/1/transacoes HTTP/1.0" 200 OK
api02-1  | INFO:     172.18.0.5:50824 - "POST /clientes/1/transacoes HTTP/1.0" 200 OK
api01-1  | INFO:     172.18.0.5:56154 - "POST /clientes/1/transacoes HTTP/1.0" 200 OK
api02-1  | INFO:     172.18.0.5:50836 - "POST /clientes/1/transacoes HTTP/1.0" 200 OK
api01-1  | INFO:     172.18.0.5:56162 - "POST /clientes/1/transacoes HTTP/1.0" 200 OK
api02-1  | INFO:     172.18.0.5:50848 - "POST /clientes/1/transacoes HTTP/1.0" 200 OK
api01-1  | INFO:     172.18.0.5:56178 - "POST /clientes/1/transacoes HTTP/1.0" 200 OK
api02-1  | INFO:     172.18.0.5:50854 - "POST /clientes/1/transacoes HTTP/1.0" 200 OK
api01-1  | INFO:     172.18.0.5:56182 - "POST /clientes/1/transacoes HTTP/1.0" 200 OK
api02-1  | INFO:     172.18.0.5:50868 - "POST /clientes/1/transacoes HTTP/1.0" 200 OK
api01-1  | INFO:     172.18.0.5:56188 - "POST /clientes/1/transacoes HTTP/1.0" 200 OK
api02-1  | INFO:     172.18.0.5:50874 - "POST /clientes/1/transacoes HTTP/1.0" 200 OK
api01-1  | INFO:     172.18.0.5:56198 - "POST /clientes/1/transacoes HTTP/1.0" 200 OK
api02-1  | INFO:     172.18.0.5:50890 - "POST /clientes/1/transacoes HTTP/1.0" 200 OK
api01-1  | INFO:     172.18.0.5:56206 - "POST /clientes/1/transacoes HTTP/1.0" 200 OK
api01-1  | INFO:     172.18.0.5:56220 - "POST /clientes/1/transacoes HTTP/1.0" 200 OK
api02-1  | INFO:     172.18.0.5:50892 - "GET /clientes/1/extrato HTTP/1.0" 200 OK
api01-1  | INFO:     172.18.0.5:56236 - "GET /clientes/6/extrato HTTP/1.0" 404 Not Found
api01-1  | INFO:     172.18.0.5:56246 - "GET /clientes/4/extrato HTTP/1.0" 200 OK
api02-1  | INFO:     172.18.0.5:50904 - "GET /clientes/1/extrato HTTP/1.0" 200 OK
api01-1  | INFO:     172.18.0.5:56262 - "GET /clientes/3/extrato HTTP/1.0" 200 OK
api02-1  | INFO:     172.18.0.5:50916 - "GET /clientes/5/extrato HTTP/1.0" 200 OK
api02-1  | INFO:     172.18.0.5:50926 - "GET /clientes/2/extrato HTTP/1.0" 200 OK
api01-1  | INFO:     172.18.0.5:56264 - "POST /clientes/4/transacoes HTTP/1.0" 200 OK
api02-1  | INFO:     172.18.0.5:50940 - "POST /clientes/5/transacoes HTTP/1.0" 200 OK
api01-1  | INFO:     172.18.0.5:56274 - "POST /clientes/1/transacoes HTTP/1.0" 200 OK
api02-1  | INFO:     172.18.0.5:50948 - "POST /clientes/3/transacoes HTTP/1.0" 200 OK
api01-1  | INFO:     172.18.0.5:56276 - "POST /clientes/2/transacoes HTTP/1.0" 200 OK
api02-1  | INFO:     172.18.0.5:50952 - "POST /clientes/4/transacoes HTTP/1.0" 200 OK
api01-1  | INFO:     172.18.0.5:56286 - "POST /clientes/5/transacoes HTTP/1.0" 200 OK
api02-1  | INFO:     172.18.0.5:50958 - "POST /clientes/1/transacoes HTTP/1.0" 200 OK
api01-1  | INFO:     172.18.0.5:56298 - "POST /clientes/3/transacoes HTTP/1.0" 200 OK
api02-1  | INFO:     172.18.0.5:50964 - "POST /clientes/2/transacoes HTTP/1.0" 200 OK
api02-1  | INFO:     172.18.0.5:50976 - "GET /clientes/5/extrato HTTP/1.0" 200 OK
api01-1  | INFO:     172.18.0.5:56310 - "GET /clientes/4/extrato HTTP/1.0" 200 OK
api02-1  | INFO:     172.18.0.5:50980 - "GET /clientes/3/extrato HTTP/1.0" 200 OK
api01-1  | INFO:     172.18.0.5:56312 - "GET /clientes/1/extrato HTTP/1.0" 200 OK
api01-1  | INFO:     172.18.0.5:56322 - "GET /clientes/2/extrato HTTP/1.0" 200 OK
api02-1  | INFO:     172.18.0.5:50992 - "POST /clientes/3/transacoes HTTP/1.0" 200 OK
api02-1  | INFO:     172.18.0.5:50998 - "POST /clientes/5/transacoes HTTP/1.0" 200 OK
api01-1  | INFO:     172.18.0.5:56334 - "POST /clientes/4/transacoes HTTP/1.0" 200 OK
api01-1  | INFO:     172.18.0.5:56342 - "POST /clientes/2/transacoes HTTP/1.0" 200 OK
api02-1  | INFO:     172.18.0.5:51008 - "POST /clientes/1/transacoes HTTP/1.0" 200 OK
api01-1  | INFO:     172.18.0.5:56344 - "GET /clientes/1/extrato HTTP/1.0" 200 OK
api02-1  | INFO:     172.18.0.5:51024 - "GET /clientes/2/extrato HTTP/1.0" 200 OK
api01-1  | INFO:     172.18.0.5:56354 - "GET /clientes/1/extrato HTTP/1.0" 200 OK
api02-1  | INFO:     172.18.0.5:51032 - "GET /clientes/2/extrato HTTP/1.0" 200 OK
api02-1  | INFO:     172.18.0.5:51046 - "GET /clientes/2/extrato HTTP/1.0" 200 OK
api01-1  | INFO:     172.18.0.5:56370 - "GET /clientes/2/extrato HTTP/1.0" 200 OK
api01-1  | INFO:     172.18.0.5:56372 - "GET /clientes/1/extrato HTTP/1.0" 200 OK
api02-1  | INFO:     172.18.0.5:51058 - "GET /clientes/1/extrato HTTP/1.0" 200 OK
api01-1  | INFO:     172.18.0.5:56378 - "GET /clientes/4/extrato HTTP/1.0" 200 OK
api02-1  | INFO:     172.18.0.5:51066 - "GET /clientes/4/extrato HTTP/1.0" 200 OK
api02-1  | INFO:     172.18.0.5:51082 - "GET /clientes/4/extrato HTTP/1.0" 200 OK
api01-1  | INFO:     172.18.0.5:56384 - "GET /clientes/4/extrato HTTP/1.0" 200 OK
api02-1  | INFO:     172.18.0.5:51088 - "GET /clientes/5/extrato HTTP/1.0" 200 OK
api01-1  | INFO:     172.18.0.5:56390 - "GET /clientes/5/extrato HTTP/1.0" 200 OK
api02-1  | INFO:     172.18.0.5:51102 - "GET /clientes/5/extrato HTTP/1.0" 200 OK
api01-1  | INFO:     172.18.0.5:56404 - "GET /clientes/5/extrato HTTP/1.0" 200 OK
api02-1  | INFO:     172.18.0.5:51118 - "GET /clientes/3/extrato HTTP/1.0" 200 OK
api02-1  | INFO:     172.18.0.5:51126 - "GET /clientes/3/extrato HTTP/1.0" 200 OK
api01-1  | INFO:     172.18.0.5:56418 - "GET /clientes/3/extrato HTTP/1.0" 200 OK
api01-1  | INFO:     172.18.0.5:56428 - "GET /clientes/3/extrato HTTP/1.0" 200 OK
api01-1  | INFO:     172.18.0.5:56440 - "POST /clientes/2/transacoes HTTP/1.0" 422 Unprocessable Entity
api01-1  | INFO:     172.18.0.5:56444 - "POST /clientes/4/transacoes HTTP/1.0" 422 Unprocessable Entity
api02-1  | INFO:     172.18.0.5:51142 - "POST /clientes/1/transacoes HTTP/1.0" 422 Unprocessable Entity
api02-1  | INFO:     172.18.0.5:51144 - "POST /clientes/5/transacoes HTTP/1.0" 422 Unprocessable Entity
api01-1  | INFO:     172.18.0.5:56448 - "POST /clientes/2/transacoes HTTP/1.0" 422 Unprocessable Entity
api01-1  | INFO:     172.18.0.5:56464 - "POST /clientes/1/transacoes HTTP/1.0" 422 Unprocessable Entity
api01-1  | INFO:     172.18.0.5:56474 - "POST /clientes/3/transacoes HTTP/1.0" 422 Unprocessable Entity
api02-1  | INFO:     172.18.0.5:51150 - "POST /clientes/4/transacoes HTTP/1.0" 422 Unprocessable Entity
api02-1  | INFO:     172.18.0.5:51152 - "POST /clientes/5/transacoes HTTP/1.0" 422 Unprocessable Entity
api02-1  | INFO:     172.18.0.5:51164 - "POST /clientes/4/transacoes HTTP/1.0" 422 Unprocessable Entity
api02-1  | INFO:     172.18.0.5:51178 - "POST /clientes/2/transacoes HTTP/1.0" 422 Unprocessable Entity
api02-1  | INFO:     172.18.0.5:51180 - "POST /clientes/4/transacoes HTTP/1.0" 422 Unprocessable Entity
api02-1  | INFO:     172.18.0.5:51186 - "POST /clientes/2/transacoes HTTP/1.0" 422 Unprocessable Entity
api01-1  | INFO:     172.18.0.5:56484 - "POST /clientes/1/transacoes HTTP/1.0" 422 Unprocessable Entity
api01-1  | INFO:     172.18.0.5:56500 - "POST /clientes/3/transacoes HTTP/1.0" 422 Unprocessable Entity
api02-1  | INFO:     172.18.0.5:51196 - "POST /clientes/1/transacoes HTTP/1.0" 422 Unprocessable Entity
api02-1  | INFO:     172.18.0.5:51198 - "POST /clientes/2/transacoes HTTP/1.0" 422 Unprocessable Entity
api01-1  | INFO:     172.18.0.5:56510 - "POST /clientes/5/transacoes HTTP/1.0" 422 Unprocessable Entity
api01-1  | INFO:     172.18.0.5:56520 - "POST /clientes/4/transacoes HTTP/1.0" 422 Unprocessable Entity
api01-1  | INFO:     172.18.0.5:56528 - "POST /clientes/3/transacoes HTTP/1.0" 422 Unprocessable Entity
api02-1  | INFO:     172.18.0.5:51214 - "POST /clientes/3/transacoes HTTP/1.0" 422 Unprocessable Entity
api01-1  | INFO:     172.18.0.5:56538 - "POST /clientes/1/transacoes HTTP/1.0" 422 Unprocessable Entity
api01-1  | INFO:     172.18.0.5:56550 - "POST /clientes/5/transacoes HTTP/1.0" 422 Unprocessable Entity
api02-1  | INFO:     172.18.0.5:51218 - "POST /clientes/3/transacoes HTTP/1.0" 422 Unprocessable Entity
api01-1  | INFO:     172.18.0.5:56564 - "POST /clientes/5/transacoes HTTP/1.0" 422 Unprocessable Entity
api02-1  | INFO:     172.18.0.5:51230 - "GET /clientes/1/extrato HTTP/1.0" 200 OK
api01-1  | INFO:     172.18.0.5:56566 - "POST /clientes/4/transacoes HTTP/1.0" 200 OK
api02-1  | INFO:     172.18.0.5:51244 - "POST /clientes/3/transacoes HTTP/1.0" 200 OK
api01-1  | INFO:     172.18.0.5:56570 - "POST /clientes/2/transacoes HTTP/1.0" 200 OK
api02-1  | INFO:     172.18.0.5:51256 - "GET /clientes/5/extrato HTTP/1.0" 200 OK
api01-1  | INFO:     172.18.0.5:56574 - "POST /clientes/3/transacoes HTTP/1.0" 200 OK
api02-1  | INFO:     172.18.0.5:51266 - "POST /clientes/5/transacoes HTTP/1.0" 200 OK
api01-1  | INFO:     172.18.0.5:56584 - "POST /clientes/3/transacoes HTTP/1.0" 200 OK
api02-1  | INFO:     172.18.0.5:51270 - "POST /clientes/5/transacoes HTTP/1.0" 200 OK
api01-1  | INFO:     172.18.0.5:56594 - "POST /clientes/5/transacoes HTTP/1.0" 200 OK
api02-1  | INFO:     172.18.0.5:51286 - "GET /clientes/2/extrato HTTP/1.0" 200 OK
api01-1  | INFO:     172.18.0.5:56606 - "POST /clientes/2/transacoes HTTP/1.0" 200 OK
api02-1  | INFO:     172.18.0.5:51292 - "POST /clientes/5/transacoes HTTP/1.0" 200 OK
api01-1  | INFO:     172.18.0.5:56622 - "POST /clientes/3/transacoes HTTP/1.0" 200 OK
api02-1  | INFO:     172.18.0.5:51304 - "POST /clientes/1/transacoes HTTP/1.0" 200 OK
api01-1  | INFO:     172.18.0.5:56626 - "POST /clientes/1/transacoes HTTP/1.0" 200 OK
api02-1  | INFO:     172.18.0.5:51308 - "POST /clientes/4/transacoes HTTP/1.0" 200 OK
api01-1  | INFO:     172.18.0.5:56634 - "POST /clientes/4/transacoes HTTP/1.0" 200 OK
api02-1  | INFO:     172.18.0.5:51312 - "POST /clientes/3/transacoes HTTP/1.0" 200 OK
api01-1  | INFO:     172.18.0.5:56638 - "POST /clientes/1/transacoes HTTP/1.0" 200 OK
api02-1  | INFO:     172.18.0.5:51316 - "POST /clientes/3/transacoes HTTP/1.0" 200 OK
api01-1  | INFO:     172.18.0.5:56652 - "GET /clientes/3/extrato HTTP/1.0" 200 OK
api02-1  | INFO:     172.18.0.5:51318 - "POST /clientes/1/transacoes HTTP/1.0" 200 OK
api01-1  | INFO:     172.18.0.5:56664 - "POST /clientes/5/transacoes HTTP/1.0" 200 OK
api02-1  | INFO:     172.18.0.5:51322 - "POST /clientes/1/transacoes HTTP/1.0" 200 OK
api01-1  | INFO:     172.18.0.5:56670 - "POST /clientes/2/transacoes HTTP/1.0" 200 OK
api02-1  | INFO:     172.18.0.5:51338 - "POST /clientes/5/transacoes HTTP/1.0" 200 OK
api01-1  | INFO:     172.18.0.5:56676 - "POST /clientes/1/transacoes HTTP/1.0" 200 OK
api02-1  | INFO:     172.18.0.5:51346 - "POST /clientes/2/transacoes HTTP/1.0" 200 OK
api01-1  | INFO:     172.18.0.5:60986 - "POST /clientes/3/transacoes HTTP/1.0" 200 OK
api02-1  | INFO:     172.18.0.5:52892 - "POST /clientes/2/transacoes HTTP/1.0" 200 OK
api01-1  | INFO:     172.18.0.5:60992 - "POST /clientes/5/transacoes HTTP/1.0" 200 OK
api02-1  | INFO:     172.18.0.5:52896 - "POST /clientes/5/transacoes HTTP/1.0" 200 OK
api02-1  | INFO:     172.18.0.5:52898 - "GET /clientes/4/extrato HTTP/1.0" 200 OK
api01-1  | INFO:     172.18.0.5:60994 - "POST /clientes/4/transacoes HTTP/1.0" 200 OK
api01-1  | INFO:     172.18.0.5:60996 - "POST /clientes/3/transacoes HTTP/1.0" 200 OK
api02-1  | INFO:     172.18.0.5:52906 - "POST /clientes/3/transacoes HTTP/1.0" 200 OK
api01-1  | INFO:     172.18.0.5:32772 - "POST /clientes/5/transacoes HTTP/1.0" 200 OK
api02-1  | INFO:     172.18.0.5:52912 - "POST /clientes/3/transacoes HTTP/1.0" 200 OK
api01-1  | INFO:     172.18.0.5:32788 - "POST /clientes/4/transacoes HTTP/1.0" 200 OK
api02-1  | INFO:     172.18.0.5:52914 - "POST /clientes/5/transacoes HTTP/1.0" 200 OK
api01-1  | INFO:     172.18.0.5:32800 - "POST /clientes/2/transacoes HTTP/1.0" 200 OK
api02-1  | INFO:     172.18.0.5:52918 - "POST /clientes/3/transacoes HTTP/1.0" 200 OK
api01-1  | INFO:     172.18.0.5:32802 - "POST /clientes/5/transacoes HTTP/1.0" 200 OK
api02-1  | INFO:     172.18.0.5:52922 - "POST /clientes/2/transacoes HTTP/1.0" 200 OK
api01-1  | INFO:     172.18.0.5:32816 - "POST /clientes/5/transacoes HTTP/1.0" 200 OK
api02-1  | INFO:     172.18.0.5:52932 - "POST /clientes/4/transacoes HTTP/1.0" 200 OK
api01-1  | INFO:     172.18.0.5:32818 - "POST /clientes/4/transacoes HTTP/1.0" 200 OK
api01-1  | INFO:     172.18.0.5:32826 - "GET /clientes/2/extrato HTTP/1.0" 200 OK
api02-1  | INFO:     172.18.0.5:52948 - "POST /clientes/2/transacoes HTTP/1.0" 200 OK
api02-1  | INFO:     172.18.0.5:52956 - "POST /clientes/1/transacoes HTTP/1.0" 200 OK
api01-1  | INFO:     172.18.0.5:32828 - "POST /clientes/4/transacoes HTTP/1.0" 200 OK
api02-1  | INFO:     172.18.0.5:52958 - "POST /clientes/5/transacoes HTTP/1.0" 200 OK
api01-1  | INFO:     172.18.0.5:32840 - "POST /clientes/3/transacoes HTTP/1.0" 200 OK
api02-1  | INFO:     172.18.0.5:52966 - "POST /clientes/2/transacoes HTTP/1.0" 200 OK
api01-1  | INFO:     172.18.0.5:32852 - "POST /clientes/5/transacoes HTTP/1.0" 200 OK
api02-1  | INFO:     172.18.0.5:52972 - "POST /clientes/2/transacoes HTTP/1.0" 200 OK
api01-1  | INFO:     172.18.0.5:32854 - "POST /clientes/1/transacoes HTTP/1.0" 200 OK
api02-1  | INFO:     172.18.0.5:52974 - "GET /clientes/1/extrato HTTP/1.0" 200 OK
api01-1  | INFO:     172.18.0.5:32856 - "POST /clientes/4/transacoes HTTP/1.0" 200 OK
api02-1  | INFO:     172.18.0.5:52984 - "POST /clientes/4/transacoes HTTP/1.0" 200 OK
api01-1  | INFO:     172.18.0.5:32862 - "POST /clientes/5/transacoes HTTP/1.0" 200 OK
api02-1  | INFO:     172.18.0.5:52988 - "POST /clientes/4/transacoes HTTP/1.0" 200 OK
api01-1  | INFO:     172.18.0.5:32878 - "POST /clientes/5/transacoes HTTP/1.0" 200 OK
api02-1  | INFO:     172.18.0.5:53004 - "POST /clientes/2/transacoes HTTP/1.0" 200 OK
api01-1  | INFO:     172.18.0.5:32886 - "POST /clientes/4/transacoes HTTP/1.0" 200 OK
api02-1  | INFO:     172.18.0.5:53006 - "POST /clientes/2/transacoes HTTP/1.0" 200 OK
api02-1  | INFO:     172.18.0.5:53014 - "POST /clientes/5/transacoes HTTP/1.0" 200 OK
api01-1  | INFO:     172.18.0.5:32890 - "GET /clientes/5/extrato HTTP/1.0" 200 OK
api01-1  | INFO:     172.18.0.5:32894 - "POST /clientes/5/transacoes HTTP/1.0" 200 OK
api02-1  | INFO:     172.18.0.5:53018 - "POST /clientes/2/transacoes HTTP/1.0" 200 OK
api01-1  | INFO:     172.18.0.5:32904 - "POST /clientes/4/transacoes HTTP/1.0" 200 OK
api02-1  | INFO:     172.18.0.5:53028 - "POST /clientes/2/transacoes HTTP/1.0" 200 OK
api01-1  | INFO:     172.18.0.5:32914 - "POST /clientes/5/transacoes HTTP/1.0" 200 OK
api02-1  | INFO:     172.18.0.5:53034 - "POST /clientes/1/transacoes HTTP/1.0" 200 OK
api01-1  | INFO:     172.18.0.5:32922 - "POST /clientes/5/transacoes HTTP/1.0" 200 OK
api02-1  | INFO:     172.18.0.5:53042 - "POST /clientes/1/transacoes HTTP/1.0" 200 OK
api01-1  | INFO:     172.18.0.5:32934 - "POST /clientes/5/transacoes HTTP/1.0" 200 OK
api02-1  | INFO:     172.18.0.5:53044 - "POST /clientes/3/transacoes HTTP/1.0" 200 OK
api01-1  | INFO:     172.18.0.5:32938 - "POST /clientes/2/transacoes HTTP/1.0" 200 OK
api02-1  | INFO:     172.18.0.5:53060 - "POST /clientes/5/transacoes HTTP/1.0" 200 OK
api01-1  | INFO:     172.18.0.5:32944 - "POST /clientes/4/transacoes HTTP/1.0" 200 OK
api02-1  | INFO:     172.18.0.5:53068 - "POST /clientes/5/transacoes HTTP/1.0" 200 OK
api01-1  | INFO:     172.18.0.5:32950 - "POST /clientes/2/transacoes HTTP/1.0" 200 OK
api02-1  | INFO:     172.18.0.5:53076 - "POST /clientes/4/transacoes HTTP/1.0" 200 OK
api01-1  | INFO:     172.18.0.5:32954 - "POST /clientes/3/transacoes HTTP/1.0" 200 OK
api02-1  | INFO:     172.18.0.5:53092 - "POST /clientes/4/transacoes HTTP/1.0" 200 OK
api01-1  | INFO:     172.18.0.5:32964 - "POST /clientes/4/transacoes HTTP/1.0" 200 OK
api01-1  | INFO:     172.18.0.5:32968 - "POST /clientes/2/transacoes HTTP/1.0" 200 OK
api02-1  | INFO:     172.18.0.5:53096 - "GET /clientes/4/extrato HTTP/1.0" 200 OK
api02-1  | INFO:     172.18.0.5:53110 - "POST /clientes/3/transacoes HTTP/1.0" 200 OK
api01-1  | INFO:     172.18.0.5:32982 - "POST /clientes/5/transacoes HTTP/1.0" 200 OK
api02-1  | INFO:     172.18.0.5:53126 - "POST /clientes/3/transacoes HTTP/1.0" 200 OK
api01-1  | INFO:     172.18.0.5:32984 - "POST /clientes/3/transacoes HTTP/1.0" 200 OK
api02-1  | INFO:     172.18.0.5:53128 - "POST /clientes/1/transacoes HTTP/1.0" 200 OK
api01-1  | INFO:     172.18.0.5:32988 - "POST /clientes/1/transacoes HTTP/1.0" 200 OK
api02-1  | INFO:     172.18.0.5:53138 - "POST /clientes/1/transacoes HTTP/1.0" 200 OK
api01-1  | INFO:     172.18.0.5:32990 - "POST /clientes/1/transacoes HTTP/1.0" 200 OK
api02-1  | INFO:     172.18.0.5:53146 - "POST /clientes/1/transacoes HTTP/1.0" 200 OK
api01-1  | INFO:     172.18.0.5:33002 - "POST /clientes/5/transacoes HTTP/1.0" 200 OK
api02-1  | INFO:     172.18.0.5:53152 - "POST /clientes/1/transacoes HTTP/1.0" 200 OK
api01-1  | INFO:     172.18.0.5:33016 - "GET /clientes/2/extrato HTTP/1.0" 200 OK
api02-1  | INFO:     172.18.0.5:53162 - "POST /clientes/4/transacoes HTTP/1.0" 200 OK
api01-1  | INFO:     172.18.0.5:33022 - "POST /clientes/4/transacoes HTTP/1.0" 200 OK
api02-1  | INFO:     172.18.0.5:53176 - "POST /clientes/2/transacoes HTTP/1.0" 200 OK
api01-1  | INFO:     172.18.0.5:33038 - "POST /clientes/1/transacoes HTTP/1.0" 200 OK
api02-1  | INFO:     172.18.0.5:53190 - "POST /clientes/4/transacoes HTTP/1.0" 200 OK
api01-1  | INFO:     172.18.0.5:33052 - "POST /clientes/2/transacoes HTTP/1.0" 200 OK
api02-1  | INFO:     172.18.0.5:53196 - "POST /clientes/3/transacoes HTTP/1.0" 200 OK
api01-1  | INFO:     172.18.0.5:33054 - "POST /clientes/3/transacoes HTTP/1.0" 200 OK
api02-1  | INFO:     172.18.0.5:53206 - "POST /clientes/5/transacoes HTTP/1.0" 200 OK
api01-1  | INFO:     172.18.0.5:33064 - "POST /clientes/3/transacoes HTTP/1.0" 200 OK
api02-1  | INFO:     172.18.0.5:53210 - "POST /clientes/5/transacoes HTTP/1.0" 200 OK
api02-1  | INFO:     172.18.0.5:53226 - "POST /clientes/2/transacoes HTTP/1.0" 200 OK
api01-1  | INFO:     172.18.0.5:33078 - "GET /clientes/4/extrato HTTP/1.0" 200 OK
api01-1  | INFO:     172.18.0.5:33088 - "POST /clientes/2/transacoes HTTP/1.0" 200 OK
api02-1  | INFO:     172.18.0.5:53236 - "POST /clientes/4/transacoes HTTP/1.0" 200 OK
api02-1  | INFO:     172.18.0.5:53240 - "POST /clientes/4/transacoes HTTP/1.0" 200 OK
api01-1  | INFO:     172.18.0.5:33094 - "POST /clientes/4/transacoes HTTP/1.0" 200 OK
api01-1  | INFO:     172.18.0.5:33100 - "POST /clientes/5/transacoes HTTP/1.0" 200 OK
api02-1  | INFO:     172.18.0.5:53244 - "POST /clientes/5/transacoes HTTP/1.0" 200 OK
api01-1  | INFO:     172.18.0.5:33112 - "POST /clientes/4/transacoes HTTP/1.0" 200 OK
api02-1  | INFO:     172.18.0.5:53248 - "POST /clientes/4/transacoes HTTP/1.0" 200 OK
api02-1  | INFO:     172.18.0.5:53254 - "POST /clientes/4/transacoes HTTP/1.0" 200 OK
api01-1  | INFO:     172.18.0.5:33128 - "POST /clientes/3/transacoes HTTP/1.0" 200 OK
api01-1  | INFO:     172.18.0.5:33140 - "POST /clientes/5/transacoes HTTP/1.0" 200 OK
api02-1  | INFO:     172.18.0.5:53270 - "GET /clientes/4/extrato HTTP/1.0" 200 OK
api01-1  | INFO:     172.18.0.5:33148 - "POST /clientes/3/transacoes HTTP/1.0" 200 OK
api02-1  | INFO:     172.18.0.5:53282 - "POST /clientes/1/transacoes HTTP/1.0" 200 OK
api01-1  | INFO:     172.18.0.5:33164 - "POST /clientes/3/transacoes HTTP/1.0" 200 OK
api02-1  | INFO:     172.18.0.5:53294 - "POST /clientes/1/transacoes HTTP/1.0" 200 OK
api01-1  | INFO:     172.18.0.5:33180 - "POST /clientes/2/transacoes HTTP/1.0" 200 OK
api02-1  | INFO:     172.18.0.5:53308 - "POST /clientes/2/transacoes HTTP/1.0" 200 OK
api02-1  | INFO:     172.18.0.5:53310 - "POST /clientes/4/transacoes HTTP/1.0" 200 OK
api01-1  | INFO:     172.18.0.5:33182 - "POST /clientes/1/transacoes HTTP/1.0" 200 OK
api01-1  | INFO:     172.18.0.5:33190 - "POST /clientes/5/transacoes HTTP/1.0" 200 OK
api01-1  | INFO:     172.18.0.5:33198 - "POST /clientes/3/transacoes HTTP/1.0" 200 OK
api02-1  | INFO:     172.18.0.5:53318 - "POST /clientes/4/transacoes HTTP/1.0" 200 OK
api02-1  | INFO:     172.18.0.5:53332 - "POST /clientes/3/transacoes HTTP/1.0" 200 OK
api01-1  | INFO:     172.18.0.5:33208 - "GET /clientes/5/extrato HTTP/1.0" 200 OK
api02-1  | INFO:     172.18.0.5:53340 - "POST /clientes/1/transacoes HTTP/1.0" 200 OK
api01-1  | INFO:     172.18.0.5:33218 - "POST /clientes/4/transacoes HTTP/1.0" 200 OK
api02-1  | INFO:     172.18.0.5:53344 - "POST /clientes/3/transacoes HTTP/1.0" 200 OK
api01-1  | INFO:     172.18.0.5:33222 - "POST /clientes/3/transacoes HTTP/1.0" 200 OK
api02-1  | INFO:     172.18.0.5:53360 - "POST /clientes/5/transacoes HTTP/1.0" 200 OK
api01-1  | INFO:     172.18.0.5:33224 - "POST /clientes/1/transacoes HTTP/1.0" 200 OK
api02-1  | INFO:     172.18.0.5:53362 - "POST /clientes/1/transacoes HTTP/1.0" 200 OK
api01-1  | INFO:     172.18.0.5:33226 - "POST /clientes/4/transacoes HTTP/1.0" 200 OK
api02-1  | INFO:     172.18.0.5:53370 - "POST /clientes/1/transacoes HTTP/1.0" 200 OK
api01-1  | INFO:     172.18.0.5:33236 - "POST /clientes/3/transacoes HTTP/1.0" 200 OK
api02-1  | INFO:     172.18.0.5:53380 - "POST /clientes/1/transacoes HTTP/1.0" 200 OK
api01-1  | INFO:     172.18.0.5:33242 - "POST /clientes/5/transacoes HTTP/1.0" 200 OK
api02-1  | INFO:     172.18.0.5:53390 - "POST /clientes/3/transacoes HTTP/1.0" 200 OK
api01-1  | INFO:     172.18.0.5:33250 - "POST /clientes/2/transacoes HTTP/1.0" 200 OK
api02-1  | INFO:     172.18.0.5:53402 - "POST /clientes/3/transacoes HTTP/1.0" 200 OK
api01-1  | INFO:     172.18.0.5:33260 - "POST /clientes/3/transacoes HTTP/1.0" 200 OK
api02-1  | INFO:     172.18.0.5:53410 - "POST /clientes/4/transacoes HTTP/1.0" 200 OK
api01-1  | INFO:     172.18.0.5:33266 - "POST /clientes/1/transacoes HTTP/1.0" 200 OK
api02-1  | INFO:     172.18.0.5:53414 - "POST /clientes/3/transacoes HTTP/1.0" 200 OK
api01-1  | INFO:     172.18.0.5:33278 - "POST /clientes/3/transacoes HTTP/1.0" 200 OK
api02-1  | INFO:     172.18.0.5:53418 - "POST /clientes/1/transacoes HTTP/1.0" 200 OK
api01-1  | INFO:     172.18.0.5:33286 - "POST /clientes/3/transacoes HTTP/1.0" 200 OK
api02-1  | INFO:     172.18.0.5:53430 - "POST /clientes/4/transacoes HTTP/1.0" 200 OK
api01-1  | INFO:     172.18.0.5:33294 - "POST /clientes/5/transacoes HTTP/1.0" 200 OK
api02-1  | INFO:     172.18.0.5:53436 - "POST /clientes/4/transacoes HTTP/1.0" 200 OK
api01-1  | INFO:     172.18.0.5:33298 - "POST /clientes/3/transacoes HTTP/1.0" 200 OK
api02-1  | INFO:     172.18.0.5:53452 - "POST /clientes/3/transacoes HTTP/1.0" 200 OK
api01-1  | INFO:     172.18.0.5:33310 - "POST /clientes/3/transacoes HTTP/1.0" 200 OK
api02-1  | INFO:     172.18.0.5:53462 - "POST /clientes/4/transacoes HTTP/1.0" 200 OK
api02-1  | INFO:     172.18.0.5:53470 - "GET /clientes/4/extrato HTTP/1.0" 200 OK
api01-1  | INFO:     172.18.0.5:33320 - "POST /clientes/5/transacoes HTTP/1.0" 200 OK
api01-1  | INFO:     172.18.0.5:33336 - "POST /clientes/1/transacoes HTTP/1.0" 200 OK
api02-1  | INFO:     172.18.0.5:53486 - "POST /clientes/5/transacoes HTTP/1.0" 200 OK
api02-1  | INFO:     172.18.0.5:53494 - "POST /clientes/1/transacoes HTTP/1.0" 200 OK
api01-1  | INFO:     172.18.0.5:33342 - "POST /clientes/3/transacoes HTTP/1.0" 200 OK
api01-1  | INFO:     172.18.0.5:33344 - "POST /clientes/4/transacoes HTTP/1.0" 200 OK
api01-1  | INFO:     172.18.0.5:33346 - "POST /clientes/3/transacoes HTTP/1.0" 200 OK
api02-1  | INFO:     172.18.0.5:53502 - "POST /clientes/1/transacoes HTTP/1.0" 200 OK
api02-1  | INFO:     172.18.0.5:53516 - "POST /clientes/2/transacoes HTTP/1.0" 200 OK
api01-1  | INFO:     172.18.0.5:33348 - "POST /clientes/3/transacoes HTTP/1.0" 200 OK
api02-1  | INFO:     172.18.0.5:53524 - "POST /clientes/3/transacoes HTTP/1.0" 200 OK
api01-1  | INFO:     172.18.0.5:33354 - "POST /clientes/5/transacoes HTTP/1.0" 200 OK
api01-1  | INFO:     172.18.0.5:33370 - "POST /clientes/1/transacoes HTTP/1.0" 200 OK
api02-1  | INFO:     172.18.0.5:53528 - "POST /clientes/4/transacoes HTTP/1.0" 200 OK
api02-1  | INFO:     172.18.0.5:53530 - "POST /clientes/2/transacoes HTTP/1.0" 200 OK
api02-1  | INFO:     172.18.0.5:53540 - "POST /clientes/4/transacoes HTTP/1.0" 200 OK
api01-1  | INFO:     172.18.0.5:33382 - "POST /clientes/2/transacoes HTTP/1.0" 200 OK
api01-1  | INFO:     172.18.0.5:33386 - "GET /clientes/1/extrato HTTP/1.0" 200 OK
api02-1  | INFO:     172.18.0.5:53556 - "POST /clientes/5/transacoes HTTP/1.0" 200 OK
api02-1  | INFO:     172.18.0.5:53560 - "POST /clientes/2/transacoes HTTP/1.0" 200 OK
api01-1  | INFO:     172.18.0.5:33394 - "POST /clientes/5/transacoes HTTP/1.0" 200 OK
api01-1  | INFO:     172.18.0.5:33404 - "POST /clientes/3/transacoes HTTP/1.0" 200 OK
api01-1  | INFO:     172.18.0.5:33408 - "POST /clientes/1/transacoes HTTP/1.0" 200 OK
api02-1  | INFO:     172.18.0.5:53564 - "POST /clientes/5/transacoes HTTP/1.0" 200 OK
api02-1  | INFO:     172.18.0.5:53566 - "POST /clientes/1/transacoes HTTP/1.0" 200 OK
api01-1  | INFO:     172.18.0.5:33424 - "POST /clientes/2/transacoes HTTP/1.0" 200 OK
api02-1  | INFO:     172.18.0.5:53570 - "POST /clientes/4/transacoes HTTP/1.0" 200 OK
api01-1  | INFO:     172.18.0.5:33430 - "POST /clientes/2/transacoes HTTP/1.0" 200 OK
api01-1  | INFO:     172.18.0.5:33436 - "POST /clientes/3/transacoes HTTP/1.0" 200 OK
api02-1  | INFO:     172.18.0.5:53580 - "POST /clientes/5/transacoes HTTP/1.0" 200 OK
api02-1  | INFO:     172.18.0.5:53594 - "POST /clientes/2/transacoes HTTP/1.0" 200 OK
api02-1  | INFO:     172.18.0.5:53598 - "POST /clientes/1/transacoes HTTP/1.0" 200 OK
api01-1  | INFO:     172.18.0.5:33450 - "POST /clientes/2/transacoes HTTP/1.0" 200 OK
api01-1  | INFO:     172.18.0.5:33452 - "GET /clientes/3/extrato HTTP/1.0" 200 OK
api02-1  | INFO:     172.18.0.5:53602 - "POST /clientes/2/transacoes HTTP/1.0" 200 OK
api01-1  | INFO:     172.18.0.5:33466 - "POST /clientes/3/transacoes HTTP/1.0" 200 OK
api02-1  | INFO:     172.18.0.5:53604 - "POST /clientes/4/transacoes HTTP/1.0" 200 OK
api01-1  | INFO:     172.18.0.5:33468 - "POST /clientes/4/transacoes HTTP/1.0" 200 OK
api02-1  | INFO:     172.18.0.5:53612 - "POST /clientes/5/transacoes HTTP/1.0" 200 OK
api01-1  | INFO:     172.18.0.5:33478 - "POST /clientes/1/transacoes HTTP/1.0" 200 OK
api02-1  | INFO:     172.18.0.5:53620 - "POST /clientes/1/transacoes HTTP/1.0" 200 OK
api01-1  | INFO:     172.18.0.5:33484 - "POST /clientes/1/transacoes HTTP/1.0" 200 OK
api02-1  | INFO:     172.18.0.5:53628 - "POST /clientes/5/transacoes HTTP/1.0" 200 OK
api01-1  | INFO:     172.18.0.5:33494 - "POST /clientes/4/transacoes HTTP/1.0" 200 OK
api02-1  | INFO:     172.18.0.5:53638 - "POST /clientes/2/transacoes HTTP/1.0" 200 OK
api01-1  | INFO:     172.18.0.5:33506 - "POST /clientes/1/transacoes HTTP/1.0" 200 OK
api02-1  | INFO:     172.18.0.5:53640 - "POST /clientes/3/transacoes HTTP/1.0" 200 OK
api01-1  | INFO:     172.18.0.5:33512 - "POST /clientes/5/transacoes HTTP/1.0" 200 OK
api02-1  | INFO:     172.18.0.5:53642 - "POST /clientes/5/transacoes HTTP/1.0" 200 OK
api02-1  | INFO:     172.18.0.5:53658 - "POST /clientes/2/transacoes HTTP/1.0" 200 OK
api01-1  | INFO:     172.18.0.5:33528 - "GET /clientes/4/extrato HTTP/1.0" 200 OK
api01-1  | INFO:     172.18.0.5:33536 - "POST /clientes/3/transacoes HTTP/1.0" 200 OK
api02-1  | INFO:     172.18.0.5:53662 - "POST /clientes/5/transacoes HTTP/1.0" 200 OK
api01-1  | INFO:     172.18.0.5:33538 - "POST /clientes/4/transacoes HTTP/1.0" 200 OK
api02-1  | INFO:     172.18.0.5:53674 - "POST /clientes/5/transacoes HTTP/1.0" 200 OK
api01-1  | INFO:     172.18.0.5:33546 - "POST /clientes/3/transacoes HTTP/1.0" 200 OK
api02-1  | INFO:     172.18.0.5:53688 - "POST /clientes/5/transacoes HTTP/1.0" 200 OK
api01-1  | INFO:     172.18.0.5:33560 - "POST /clientes/5/transacoes HTTP/1.0" 200 OK
api02-1  | INFO:     172.18.0.5:53698 - "POST /clientes/5/transacoes HTTP/1.0" 200 OK
api01-1  | INFO:     172.18.0.5:33566 - "POST /clientes/3/transacoes HTTP/1.0" 200 OK
api02-1  | INFO:     172.18.0.5:53710 - "POST /clientes/1/transacoes HTTP/1.0" 200 OK
api01-1  | INFO:     172.18.0.5:33578 - "POST /clientes/5/transacoes HTTP/1.0" 200 OK
api02-1  | INFO:     172.18.0.5:53712 - "POST /clientes/1/transacoes HTTP/1.0" 200 OK
api01-1  | INFO:     172.18.0.5:33592 - "POST /clientes/1/transacoes HTTP/1.0" 200 OK
api02-1  | INFO:     172.18.0.5:53714 - "POST /clientes/4/transacoes HTTP/1.0" 200 OK
api01-1  | INFO:     172.18.0.5:33602 - "POST /clientes/2/transacoes HTTP/1.0" 200 OK
api02-1  | INFO:     172.18.0.5:53716 - "POST /clientes/2/transacoes HTTP/1.0" 200 OK
api02-1  | INFO:     172.18.0.5:53722 - "POST /clientes/3/transacoes HTTP/1.0" 200 OK
api01-1  | INFO:     172.18.0.5:33604 - "GET /clientes/4/extrato HTTP/1.0" 200 OK
api01-1  | INFO:     172.18.0.5:33620 - "POST /clientes/4/transacoes HTTP/1.0" 200 OK
api02-1  | INFO:     172.18.0.5:53724 - "POST /clientes/4/transacoes HTTP/1.0" 200 OK
api01-1  | INFO:     172.18.0.5:33632 - "POST /clientes/3/transacoes HTTP/1.0" 200 OK
api02-1  | INFO:     172.18.0.5:53734 - "POST /clientes/3/transacoes HTTP/1.0" 200 OK
api01-1  | INFO:     172.18.0.5:33640 - "POST /clientes/1/transacoes HTTP/1.0" 200 OK
api02-1  | INFO:     172.18.0.5:53748 - "POST /clientes/5/transacoes HTTP/1.0" 200 OK
api01-1  | INFO:     172.18.0.5:33642 - "POST /clientes/1/transacoes HTTP/1.0" 200 OK
api02-1  | INFO:     172.18.0.5:53754 - "POST /clientes/2/transacoes HTTP/1.0" 200 OK
api01-1  | INFO:     172.18.0.5:33644 - "POST /clientes/4/transacoes HTTP/1.0" 200 OK
api02-1  | INFO:     172.18.0.5:53770 - "POST /clientes/4/transacoes HTTP/1.0" 200 OK
api01-1  | INFO:     172.18.0.5:33648 - "POST /clientes/1/transacoes HTTP/1.0" 200 OK
api01-1  | INFO:     172.18.0.5:33660 - "POST /clientes/4/transacoes HTTP/1.0" 200 OK
api02-1  | INFO:     172.18.0.5:53778 - "POST /clientes/1/transacoes HTTP/1.0" 200 OK
api02-1  | INFO:     172.18.0.5:53786 - "POST /clientes/3/transacoes HTTP/1.0" 200 OK
api01-1  | INFO:     172.18.0.5:33670 - "POST /clientes/1/transacoes HTTP/1.0" 200 OK
api02-1  | INFO:     172.18.0.5:53794 - "POST /clientes/1/transacoes HTTP/1.0" 200 OK
api01-1  | INFO:     172.18.0.5:33676 - "POST /clientes/5/transacoes HTTP/1.0" 200 OK
api01-1  | INFO:     172.18.0.5:33684 - "GET /clientes/5/extrato HTTP/1.0" 200 OK
api02-1  | INFO:     172.18.0.5:53800 - "POST /clientes/4/transacoes HTTP/1.0" 200 OK
api02-1  | INFO:     172.18.0.5:53806 - "POST /clientes/2/transacoes HTTP/1.0" 200 OK
api01-1  | INFO:     172.18.0.5:33694 - "POST /clientes/5/transacoes HTTP/1.0" 200 OK
api02-1  | INFO:     172.18.0.5:53810 - "POST /clientes/2/transacoes HTTP/1.0" 200 OK
api01-1  | INFO:     172.18.0.5:33704 - "POST /clientes/3/transacoes HTTP/1.0" 200 OK
api02-1  | INFO:     172.18.0.5:53814 - "POST /clientes/1/transacoes HTTP/1.0" 200 OK
api01-1  | INFO:     172.18.0.5:33712 - "POST /clientes/3/transacoes HTTP/1.0" 200 OK
api02-1  | INFO:     172.18.0.5:53824 - "POST /clientes/1/transacoes HTTP/1.0" 200 OK
api01-1  | INFO:     172.18.0.5:33716 - "POST /clientes/3/transacoes HTTP/1.0" 200 OK
api02-1  | INFO:     172.18.0.5:53830 - "POST /clientes/5/transacoes HTTP/1.0" 200 OK
api01-1  | INFO:     172.18.0.5:33732 - "POST /clientes/1/transacoes HTTP/1.0" 200 OK
api02-1  | INFO:     172.18.0.5:53838 - "POST /clientes/3/transacoes HTTP/1.0" 200 OK
api01-1  | INFO:     172.18.0.5:33738 - "POST /clientes/1/transacoes HTTP/1.0" 200 OK
api02-1  | INFO:     172.18.0.5:53854 - "POST /clientes/1/transacoes HTTP/1.0" 200 OK
api01-1  | INFO:     172.18.0.5:33752 - "POST /clientes/3/transacoes HTTP/1.0" 200 OK
api02-1  | INFO:     172.18.0.5:53870 - "POST /clientes/3/transacoes HTTP/1.0" 200 OK
api01-1  | INFO:     172.18.0.5:33766 - "POST /clientes/1/transacoes HTTP/1.0" 200 OK
api02-1  | INFO:     172.18.0.5:53884 - "POST /clientes/3/transacoes HTTP/1.0" 200 OK
api02-1  | INFO:     172.18.0.5:53888 - "POST /clientes/4/transacoes HTTP/1.0" 200 OK
api01-1  | INFO:     172.18.0.5:33782 - "GET /clientes/5/extrato HTTP/1.0" 200 OK
api01-1  | INFO:     172.18.0.5:33790 - "POST /clientes/2/transacoes HTTP/1.0" 200 OK
api02-1  | INFO:     172.18.0.5:53896 - "POST /clientes/4/transacoes HTTP/1.0" 200 OK
api01-1  | INFO:     172.18.0.5:33802 - "POST /clientes/1/transacoes HTTP/1.0" 200 OK
api02-1  | INFO:     172.18.0.5:53910 - "POST /clientes/3/transacoes HTTP/1.0" 200 OK
api01-1  | INFO:     172.18.0.5:33818 - "POST /clientes/2/transacoes HTTP/1.0" 200 OK
api02-1  | INFO:     172.18.0.5:53918 - "POST /clientes/4/transacoes HTTP/1.0" 200 OK
api01-1  | INFO:     172.18.0.5:33824 - "POST /clientes/2/transacoes HTTP/1.0" 200 OK
api02-1  | INFO:     172.18.0.5:53924 - "POST /clientes/2/transacoes HTTP/1.0" 200 OK
api01-1  | INFO:     172.18.0.5:33838 - "POST /clientes/2/transacoes HTTP/1.0" 200 OK
