api02-1    | 2024-03-02T00:08:16.057Z  INFO 1 --- [tor-tcp-epoll-2] c.g.r.c.transacao.TransacaoService       : clientId=5 clientSaldo=5008 clienteLimite=500000 transacaoValor=2361 transacaoTipo=CREDIT transacaoDescricao=Jtgdfx3b2N
api01-1    | 2024-03-02T00:08:16.092Z  INFO 1 --- [tor-tcp-epoll-3] c.g.r.c.transacao.TransacaoService       : clientId=1 clientSaldo=-10071 clienteLimite=100000 transacaoValor=3001 transacaoTipo=DEBIT transacaoDescricao=9wCaza0IMj
api01-1    | 2024-03-02T00:08:16.235Z  INFO 1 --- [tor-tcp-epoll-3] c.g.r.c.transacao.TransacaoService       : clientId=1 clientSaldo=-10082 clienteLimite=100000 transacaoValor=11 transacaoTipo=DEBIT transacaoDescricao=hUFd9D0Eaa
api02-1    | 2024-03-02T00:08:16.306Z  INFO 1 --- [tor-tcp-epoll-2] c.g.r.c.transacao.TransacaoService       : clientId=3 clientSaldo=526 clienteLimite=1000000 transacaoValor=9018 transacaoTipo=CREDIT transacaoDescricao=IzfHPpAuI2
api01-1    | 2024-03-02T00:08:16.378Z  INFO 1 --- [tor-tcp-epoll-3] c.g.r.c.transacao.TransacaoService       : clientId=4 clientSaldo=-24425 clienteLimite=10000000 transacaoValor=7655 transacaoTipo=DEBIT transacaoDescricao=NueqYhQhZ0
api02-1    | 2024-03-02T00:08:16.522Z  INFO 1 --- [tor-tcp-epoll-2] c.g.r.c.transacao.TransacaoService       : clientId=1 clientSaldo=-15210 clienteLimite=100000 transacaoValor=5128 transacaoTipo=DEBIT transacaoDescricao=alLRRcWmhx
api01-1    | 2024-03-02T00:08:16.557Z  INFO 1 --- [tor-tcp-epoll-3] c.g.r.c.transacao.TransacaoService       : clientId=3 clientSaldo=5860 clienteLimite=1000000 transacaoValor=5334 transacaoTipo=CREDIT transacaoDescricao=RRCR96JMKF
api02-1    | 2024-03-02T00:08:16.665Z  INFO 1 --- [tor-tcp-epoll-2] c.g.r.c.transacao.TransacaoService       : clientId=2 clientSaldo=-13014 clienteLimite=80000 transacaoValor=9626 transacaoTipo=DEBIT transacaoDescricao=eXb2vQ0TVH
api02-1    | 2024-03-02T00:08:16.806Z  INFO 1 --- [tor-tcp-epoll-4] c.g.r.cliente.extrato.ExtratoService     : clienteId=2 clienteSaldo=-13014 clienteLimite=80000
api01-1    | 2024-03-02T00:08:16.807Z  INFO 1 --- [tor-tcp-epoll-3] c.g.r.c.transacao.TransacaoService       : clientId=3 clientSaldo=552 clienteLimite=1000000 transacaoValor=5308 transacaoTipo=DEBIT transacaoDescricao=7onntcVq9e
api01-1    | 2024-03-02T00:08:16.809Z  INFO 1 --- [tor-tcp-epoll-1] c.g.r.c.transacao.TransacaoService       : clientId=3 clientSaldo=4888 clienteLimite=1000000 transacaoValor=4336 transacaoTipo=CREDIT transacaoDescricao=p3zPUbioZf
api02-1    | 2024-03-02T00:08:16.917Z  INFO 1 --- [tor-tcp-epoll-4] c.g.r.c.transacao.TransacaoService       : clientId=4 clientSaldo=-26590 clienteLimite=10000000 transacaoValor=2165 transacaoTipo=DEBIT transacaoDescricao=A8jHeVEIQE
api01-1    | 2024-03-02T00:08:17.006Z  INFO 1 --- [tor-tcp-epoll-1] c.g.r.c.transacao.TransacaoService       : clientId=4 clientSaldo=-17474 clienteLimite=10000000 transacaoValor=9116 transacaoTipo=CREDIT transacaoDescricao=lRvyEwQKRQ
api02-1    | 2024-03-02T00:08:17.028Z  INFO 1 --- [tor-tcp-epoll-4] c.g.r.c.transacao.TransacaoService       : clientId=1 clientSaldo=-19204 clienteLimite=100000 transacaoValor=3994 transacaoTipo=DEBIT transacaoDescricao=jDWQkEQqi0
api01-1    | 2024-03-02T00:08:17.140Z  INFO 1 --- [tor-tcp-epoll-1] c.g.r.c.transacao.TransacaoService       : clientId=2 clientSaldo=-19735 clienteLimite=80000 transacaoValor=6721 transacaoTipo=DEBIT transacaoDescricao=6b64PDotmS
api02-1    | 2024-03-02T00:08:17.206Z  INFO 1 --- [tor-tcp-epoll-4] c.g.r.c.transacao.TransacaoService       : clientId=3 clientSaldo=8505 clienteLimite=1000000 transacaoValor=3617 transacaoTipo=CREDIT transacaoDescricao=YfEpjv9QT4
api01-1    | 2024-03-02T00:08:17.251Z  INFO 1 --- [tor-tcp-epoll-1] c.g.r.c.transacao.TransacaoService       : clientId=5 clientSaldo=3892 clienteLimite=500000 transacaoValor=1116 transacaoTipo=DEBIT transacaoDescricao=OTUYa9etbj
api02-1    | 2024-03-02T00:08:17.362Z  INFO 1 --- [tor-tcp-epoll-4] c.g.r.c.transacao.TransacaoService       : clientId=5 clientSaldo=-4028 clienteLimite=500000 transacaoValor=7920 transacaoTipo=DEBIT transacaoDescricao=AXkwIkMKIB
api01-1    | 2024-03-02T00:08:17.407Z  INFO 1 --- [tor-tcp-epoll-1] c.g.r.c.transacao.TransacaoService       : clientId=5 clientSaldo=845 clienteLimite=500000 transacaoValor=4873 transacaoTipo=CREDIT transacaoDescricao=XDKVuvgbnH
api02-1    | 2024-03-02T00:08:17.474Z  INFO 1 --- [tor-tcp-epoll-4] c.g.r.c.transacao.TransacaoService       : clientId=2 clientSaldo=-20436 clienteLimite=80000 transacaoValor=701 transacaoTipo=DEBIT transacaoDescricao=QCzzrtyxhX
api01-1    | 2024-03-02T00:08:17.585Z  INFO 1 --- [tor-tcp-epoll-1] c.g.r.c.transacao.TransacaoService       : clientId=4 clientSaldo=-26204 clienteLimite=10000000 transacaoValor=8730 transacaoTipo=DEBIT transacaoDescricao=Zngi40Il45
api02-1    | 2024-03-02T00:08:17.606Z  INFO 1 --- [tor-tcp-epoll-4] c.g.r.c.transacao.TransacaoService       : clientId=4 clientSaldo=-21753 clienteLimite=10000000 transacaoValor=4451 transacaoTipo=CREDIT transacaoDescricao=3oY9hYTFft
api01-1    | 2024-03-02T00:08:17.696Z  INFO 1 --- [tor-tcp-epoll-1] c.g.r.c.transacao.TransacaoService       : clientId=1 clientSaldo=-24741 clienteLimite=100000 transacaoValor=5537 transacaoTipo=DEBIT transacaoDescricao=CzmsZzBuZu
api02-1    | 2024-03-02T00:08:17.806Z  INFO 1 --- [tor-tcp-epoll-3] c.g.r.cliente.extrato.ExtratoService     : clienteId=4 clienteSaldo=-21753 clienteLimite=10000000
api02-1    | 2024-03-02T00:08:17.807Z  INFO 1 --- [tor-tcp-epoll-4] c.g.r.c.transacao.TransacaoService       : clientId=4 clientSaldo=-21000 clienteLimite=10000000 transacaoValor=753 transacaoTipo=CREDIT transacaoDescricao=M7qPhOtlHr
api01-1    | 2024-03-02T00:08:17.808Z  INFO 1 --- [tor-tcp-epoll-1] c.g.r.c.transacao.TransacaoService       : clientId=2 clientSaldo=-29712 clienteLimite=80000 transacaoValor=9276 transacaoTipo=DEBIT transacaoDescricao=YtkBIUFIjk
api02-1    | 2024-03-02T00:08:17.898Z  INFO 1 --- [tor-tcp-epoll-4] c.g.r.c.transacao.TransacaoService       : clientId=1 clientSaldo=-32892 clienteLimite=100000 transacaoValor=8151 transacaoTipo=DEBIT transacaoDescricao=NHTDoscK9T
api01-1    | 2024-03-02T00:08:17.972Z  INFO 1 --- [tor-tcp-epoll-1] c.g.r.c.transacao.TransacaoService       : clientId=3 clientSaldo=10541 clienteLimite=1000000 transacaoValor=2036 transacaoTipo=CREDIT transacaoDescricao=p3ZrEGVa3l
api02-1    | 2024-03-02T00:08:17.988Z  INFO 1 --- [tor-tcp-epoll-4] c.g.r.c.transacao.TransacaoService       : clientId=1 clientSaldo=-36020 clienteLimite=100000 transacaoValor=3128 transacaoTipo=DEBIT transacaoDescricao=24nE6g7AqM
api01-1    | 2024-03-02T00:08:18.079Z  INFO 1 --- [tor-tcp-epoll-1] c.g.r.c.transacao.TransacaoService       : clientId=4 clientSaldo=-29668 clienteLimite=10000000 transacaoValor=8668 transacaoTipo=DEBIT transacaoDescricao=LTaNY649QZ
api02-1    | 2024-03-02T00:08:18.139Z  INFO 1 --- [tor-tcp-epoll-4] c.g.r.c.transacao.TransacaoService       : clientId=3 clientSaldo=10943 clienteLimite=1000000 transacaoValor=402 transacaoTipo=CREDIT transacaoDescricao=GCi4eNQeQA
api01-1    | 2024-03-02T00:08:18.169Z  INFO 1 --- [tor-tcp-epoll-1] c.g.r.c.transacao.TransacaoService       : clientId=1 clientSaldo=-38180 clienteLimite=100000 transacaoValor=2160 transacaoTipo=DEBIT transacaoDescricao=7nPvNq2YDw
api02-1    | 2024-03-02T00:08:18.261Z  INFO 1 --- [tor-tcp-epoll-4] c.g.r.c.transacao.TransacaoService       : clientId=2 clientSaldo=-35297 clienteLimite=80000 transacaoValor=5585 transacaoTipo=DEBIT transacaoDescricao=JP35A7OyV4
api01-1    | 2024-03-02T00:08:18.305Z  INFO 1 --- [tor-tcp-epoll-3] c.g.r.cliente.extrato.ExtratoService     : clienteId=4 clienteSaldo=-29668 clienteLimite=10000000
api02-1    | 2024-03-02T00:08:18.307Z  INFO 1 --- [tor-tcp-epoll-4] c.g.r.c.transacao.TransacaoService       : clientId=4 clientSaldo=-24212 clienteLimite=10000000 transacaoValor=5456 transacaoTipo=CREDIT transacaoDescricao=BdtVB0nckA
api01-1    | 2024-03-02T00:08:18.352Z  INFO 1 --- [tor-tcp-epoll-3] c.g.r.c.transacao.TransacaoService       : clientId=1 clientSaldo=-44413 clienteLimite=100000 transacaoValor=6233 transacaoTipo=DEBIT transacaoDescricao=kIdsaYhz5D
api02-1    | 2024-03-02T00:08:18.444Z  INFO 1 --- [tor-tcp-epoll-4] c.g.r.c.transacao.TransacaoService       : clientId=1 clientSaldo=-45189 clienteLimite=100000 transacaoValor=776 transacaoTipo=DEBIT transacaoDescricao=eHNsvec2tL
api01-1    | 2024-03-02T00:08:18.471Z  INFO 1 --- [tor-tcp-epoll-3] c.g.r.c.transacao.TransacaoService       : clientId=2 clientSaldo=-33803 clienteLimite=80000 transacaoValor=1494 transacaoTipo=CREDIT transacaoDescricao=lRXRa8NDCt
api02-1    | 2024-03-02T00:08:18.534Z  INFO 1 --- [tor-tcp-epoll-4] c.g.r.c.transacao.TransacaoService       : clientId=2 clientSaldo=-36527 clienteLimite=80000 transacaoValor=2724 transacaoTipo=DEBIT transacaoDescricao=PaYwLFpFW7
api01-1    | 2024-03-02T00:08:18.624Z  INFO 1 --- [tor-tcp-epoll-3] c.g.r.c.transacao.TransacaoService       : clientId=4 clientSaldo=-31429 clienteLimite=10000000 transacaoValor=7217 transacaoTipo=DEBIT transacaoDescricao=RgXnc2qQz7
api02-1    | 2024-03-02T00:08:18.639Z  INFO 1 --- [tor-tcp-epoll-4] c.g.r.c.transacao.TransacaoService       : clientId=3 clientSaldo=19391 clienteLimite=1000000 transacaoValor=8448 transacaoTipo=CREDIT transacaoDescricao=JoNlDUZ7nS
api01-1    | 2024-03-02T00:08:18.717Z  INFO 1 --- [tor-tcp-epoll-3] c.g.r.c.transacao.TransacaoService       : clientId=1 clientSaldo=-51797 clienteLimite=100000 transacaoValor=6608 transacaoTipo=DEBIT transacaoDescricao=cNSkJiBm47
api02-1    | 2024-03-02T00:08:18.805Z  INFO 1 --- [tor-tcp-epoll-4] c.g.r.cliente.extrato.ExtratoService     : clienteId=3 clienteSaldo=19391 clienteLimite=1000000
api01-1    | 2024-03-02T00:08:18.806Z  INFO 1 --- [tor-tcp-epoll-3] c.g.r.c.transacao.TransacaoService       : clientId=3 clientSaldo=10414 clienteLimite=1000000 transacaoValor=8977 transacaoTipo=DEBIT transacaoDescricao=ohi2ons3d5
api02-1    | 2024-03-02T00:08:18.807Z  INFO 1 --- [tor-tcp-epoll-3] c.g.r.c.transacao.TransacaoService       : clientId=4 clientSaldo=-27730 clienteLimite=10000000 transacaoValor=3699 transacaoTipo=CREDIT transacaoDescricao=UfH7TYMFIe
api02-1    | 2024-03-02T00:08:18.883Z  INFO 1 --- [tor-tcp-epoll-3] c.g.r.c.transacao.TransacaoService       : clientId=4 clientSaldo=-34533 clienteLimite=10000000 transacaoValor=6803 transacaoTipo=DEBIT transacaoDescricao=Fko7T3ecDV
api01-1    | 2024-03-02T00:08:18.949Z  INFO 1 --- [tor-tcp-epoll-3] c.g.r.c.transacao.TransacaoService       : clientId=5 clientSaldo=1807 clienteLimite=500000 transacaoValor=962 transacaoTipo=CREDIT transacaoDescricao=cLgmtLoFYc
api02-1    | 2024-03-02T00:08:18.960Z  INFO 1 --- [tor-tcp-epoll-3] c.g.r.c.transacao.TransacaoService       : clientId=1 clientSaldo=-56205 clienteLimite=100000 transacaoValor=4408 transacaoTipo=DEBIT transacaoDescricao=QsP48suauU
api01-1    | 2024-03-02T00:08:19.036Z  INFO 1 --- [tor-tcp-epoll-3] c.g.r.c.transacao.TransacaoService       : clientId=1 clientSaldo=-62285 clienteLimite=100000 transacaoValor=6080 transacaoTipo=DEBIT transacaoDescricao=2pX9Wuuae1
api02-1    | 2024-03-02T00:08:19.092Z  INFO 1 --- [tor-tcp-epoll-3] c.g.r.c.transacao.TransacaoService       : clientId=5 clientSaldo=4868 clienteLimite=500000 transacaoValor=3061 transacaoTipo=CREDIT transacaoDescricao=nQQCgyWcgl
api01-1    | 2024-03-02T00:08:19.114Z  INFO 1 --- [tor-tcp-epoll-3] c.g.r.c.transacao.TransacaoService       : clientId=4 clientSaldo=-40050 clienteLimite=10000000 transacaoValor=5517 transacaoTipo=DEBIT transacaoDescricao=vjFekCGXzs
api01-1    | 2024-03-02T00:08:19.191Z  INFO 1 --- [tor-tcp-epoll-3] c.g.r.c.transacao.TransacaoService       : clientId=4 clientSaldo=-46300 clienteLimite=10000000 transacaoValor=6250 transacaoTipo=DEBIT transacaoDescricao=0NIWAppTd6
api02-1    | 2024-03-02T00:08:19.234Z  INFO 1 --- [tor-tcp-epoll-3] c.g.r.c.transacao.TransacaoService       : clientId=5 clientSaldo=9128 clienteLimite=500000 transacaoValor=4260 transacaoTipo=CREDIT transacaoDescricao=d3ZrOFHxzg
api01-1    | 2024-03-02T00:08:19.267Z  INFO 1 --- [tor-tcp-epoll-3] c.g.r.c.transacao.TransacaoService       : clientId=4 clientSaldo=-49880 clienteLimite=10000000 transacaoValor=3580 transacaoTipo=DEBIT transacaoDescricao=lLPLzanvfU
api02-1    | 2024-03-02T00:08:19.360Z  INFO 1 --- [tor-tcp-epoll-3] c.g.r.c.transacao.TransacaoService       : clientId=3 clientSaldo=3222 clienteLimite=1000000 transacaoValor=7192 transacaoTipo=DEBIT transacaoDescricao=fkzdDjUMxZ
api01-1    | 2024-03-02T00:08:19.377Z  INFO 1 --- [tor-tcp-epoll-3] c.g.r.c.transacao.TransacaoService       : clientId=3 clientSaldo=11413 clienteLimite=1000000 transacaoValor=8191 transacaoTipo=CREDIT transacaoDescricao=xuIGclLQoH
api02-1    | 2024-03-02T00:08:19.421Z  INFO 1 --- [tor-tcp-epoll-3] c.g.r.c.transacao.TransacaoService       : clientId=2 clientSaldo=-37241 clienteLimite=80000 transacaoValor=714 transacaoTipo=DEBIT transacaoDescricao=1CpxGeFE8E
api01-1    | 2024-03-02T00:08:19.499Z  INFO 1 --- [tor-tcp-epoll-3] c.g.r.c.transacao.TransacaoService       : clientId=5 clientSaldo=7769 clienteLimite=500000 transacaoValor=1359 transacaoTipo=DEBIT transacaoDescricao=UAsB5JiINH
api02-1    | 2024-03-02T00:08:19.519Z  INFO 1 --- [tor-tcp-epoll-3] c.g.r.c.transacao.TransacaoService       : clientId=3 clientSaldo=20839 clienteLimite=1000000 transacaoValor=9426 transacaoTipo=CREDIT transacaoDescricao=3RriLoDtu2
api01-1    | 2024-03-02T00:08:19.576Z  INFO 1 --- [tor-tcp-epoll-3] c.g.r.c.transacao.TransacaoService       : clientId=5 clientSaldo=4280 clienteLimite=500000 transacaoValor=3489 transacaoTipo=DEBIT transacaoDescricao=FPlfucnnXr
api02-1    | 2024-03-02T00:08:19.653Z  INFO 1 --- [tor-tcp-epoll-3] c.g.r.c.transacao.TransacaoService       : clientId=3 clientSaldo=15141 clienteLimite=1000000 transacaoValor=5698 transacaoTipo=DEBIT transacaoDescricao=BXoHDiE5XW
api01-1    | 2024-03-02T00:08:19.662Z  INFO 1 --- [tor-tcp-epoll-3] c.g.r.c.transacao.TransacaoService       : clientId=4 clientSaldo=-42851 clienteLimite=10000000 transacaoValor=7029 transacaoTipo=CREDIT transacaoDescricao=01OW49pbT3
api02-1    | 2024-03-02T00:08:19.730Z  INFO 1 --- [tor-tcp-epoll-3] c.g.r.c.transacao.TransacaoService       : clientId=2 clientSaldo=-38498 clienteLimite=80000 transacaoValor=1257 transacaoTipo=DEBIT transacaoDescricao=3U65YStxGK
api01-1    | 2024-03-02T00:08:19.815Z  INFO 1 --- [tor-tcp-epoll-1] c.g.r.cliente.extrato.ExtratoService     : clienteId=3 clienteSaldo=15141 clienteLimite=1000000
api01-1    | 2024-03-02T00:08:19.817Z  INFO 1 --- [tor-tcp-epoll-3] c.g.r.c.transacao.TransacaoService       : clientId=4 clientSaldo=-48024 clienteLimite=10000000 transacaoValor=5173 transacaoTipo=DEBIT transacaoDescricao=282mXM4H7K
api02-1    | 2024-03-02T00:08:19.818Z  INFO 1 --- [tor-tcp-epoll-3] c.g.r.c.transacao.TransacaoService       : clientId=4 clientSaldo=-38378 clienteLimite=10000000 transacaoValor=9646 transacaoTipo=CREDIT transacaoDescricao=eBp0dEERF2
api01-1    | 2024-03-02T00:08:19.872Z  INFO 1 --- [tor-tcp-epoll-3] c.g.r.c.transacao.TransacaoService       : clientId=2 clientSaldo=-44102 clienteLimite=80000 transacaoValor=5604 transacaoTipo=DEBIT transacaoDescricao=iy2hrfvgPc
api02-1    | 2024-03-02T00:08:19.931Z  INFO 1 --- [tor-tcp-epoll-3] c.g.r.c.transacao.TransacaoService       : clientId=3 clientSaldo=17599 clienteLimite=1000000 transacaoValor=2458 transacaoTipo=CREDIT transacaoDescricao=2M3CAms2dq
api01-1    | 2024-03-02T00:08:19.938Z  INFO 1 --- [tor-tcp-epoll-3] c.g.r.c.transacao.TransacaoService       : clientId=5 clientSaldo=-4046 clienteLimite=500000 transacaoValor=8326 transacaoTipo=DEBIT transacaoDescricao=JqdRHd0eLE
api02-1    | 2024-03-02T00:08:20.006Z  INFO 1 --- [tor-tcp-epoll-3] c.g.r.c.transacao.TransacaoService       : clientId=3 clientSaldo=14773 clienteLimite=1000000 transacaoValor=2826 transacaoTipo=DEBIT transacaoDescricao=D3YWAwQvLw
api01-1    | 2024-03-02T00:08:20.057Z  INFO 1 --- [tor-tcp-epoll-3] c.g.r.c.transacao.TransacaoService       : clientId=1 clientSaldo=-58689 clienteLimite=100000 transacaoValor=3596 transacaoTipo=CREDIT transacaoDescricao=QIzaosRMUn
api02-1    | 2024-03-02T00:08:20.072Z  INFO 1 --- [tor-tcp-epoll-3] c.g.r.c.transacao.TransacaoService       : clientId=2 clientSaldo=-48302 clienteLimite=80000 transacaoValor=4200 transacaoTipo=DEBIT transacaoDescricao=rJlV1DPtha
api01-1    | 2024-03-02T00:08:20.139Z  INFO 1 --- [tor-tcp-epoll-3] c.g.r.c.transacao.TransacaoService       : clientId=1 clientSaldo=-60266 clienteLimite=100000 transacaoValor=1577 transacaoTipo=DEBIT transacaoDescricao=euw2r1GKer
api02-1    | 2024-03-02T00:08:20.182Z  INFO 1 --- [tor-tcp-epoll-3] c.g.r.c.transacao.TransacaoService       : clientId=5 clientSaldo=5169 clienteLimite=500000 transacaoValor=9215 transacaoTipo=CREDIT transacaoDescricao=Um0nqKm3cP
api01-1    | 2024-03-02T00:08:20.206Z  INFO 1 --- [tor-tcp-epoll-3] c.g.r.c.transacao.TransacaoService       : clientId=2 clientSaldo=-58001 clienteLimite=80000 transacaoValor=9699 transacaoTipo=DEBIT transacaoDescricao=Ro7o7P7dr0
api02-1    | 2024-03-02T00:08:20.273Z  INFO 1 --- [tor-tcp-epoll-3] c.g.r.c.transacao.TransacaoService       : clientId=2 clientSaldo=-63440 clienteLimite=80000 transacaoValor=5439 transacaoTipo=DEBIT transacaoDescricao=BUepPBrebW
api01-1    | 2024-03-02T00:08:20.304Z  INFO 1 --- [tor-tcp-epoll-1] c.g.r.cliente.extrato.ExtratoService     : clienteId=4 clienteSaldo=-38378 clienteLimite=10000000
api02-1    | 2024-03-02T00:08:20.306Z  INFO 1 --- [tor-tcp-epoll-3] c.g.r.c.transacao.TransacaoService       : clientId=5 clientSaldo=9786 clienteLimite=500000 transacaoValor=4617 transacaoTipo=CREDIT transacaoDescricao=6CkIkDLEub
api01-1    | 2024-03-02T00:08:20.339Z  INFO 1 --- [tor-tcp-epoll-1] c.g.r.c.transacao.TransacaoService       : clientId=4 clientSaldo=-42483 clienteLimite=10000000 transacaoValor=4105 transacaoTipo=DEBIT transacaoDescricao=TTkqbejnJl
api02-1    | 2024-03-02T00:08:20.406Z  INFO 1 --- [tor-tcp-epoll-3] c.g.r.c.transacao.TransacaoService       : clientId=1 clientSaldo=-62094 clienteLimite=100000 transacaoValor=1828 transacaoTipo=DEBIT transacaoDescricao=AFLpa3zRf9
api01-1    | 2024-03-02T00:08:20.431Z  INFO 1 --- [tor-tcp-epoll-1] c.g.r.c.transacao.TransacaoService       : clientId=1 clientSaldo=-54231 clienteLimite=100000 transacaoValor=7863 transacaoTipo=CREDIT transacaoDescricao=qc98ESNKmN
api02-1    | 2024-03-02T00:08:20.472Z  INFO 1 --- [tor-tcp-epoll-3] c.g.r.c.transacao.TransacaoService       : clientId=2 clientSaldo=-67891 clienteLimite=80000 transacaoValor=4451 transacaoTipo=DEBIT transacaoDescricao=cxhG0iqkso
api01-1    | 2024-03-02T00:08:20.539Z  INFO 1 --- [tor-tcp-epoll-1] c.g.r.c.transacao.TransacaoService       : clientId=1 clientSaldo=-62931 clienteLimite=100000 transacaoValor=8700 transacaoTipo=DEBIT transacaoDescricao=ZGq9kpuRVK
api02-1    | 2024-03-02T00:08:20.556Z  INFO 1 --- [tor-tcp-epoll-3] c.g.r.c.transacao.TransacaoService       : clientId=1 clientSaldo=-61008 clienteLimite=100000 transacaoValor=1923 transacaoTipo=CREDIT transacaoDescricao=xSjx0zRIN9
api01-1    | 2024-03-02T00:08:20.606Z  INFO 1 --- [tor-tcp-epoll-1] c.g.r.c.transacao.TransacaoService       : clientId=4 clientSaldo=-47693 clienteLimite=10000000 transacaoValor=5210 transacaoTipo=DEBIT transacaoDescricao=FzmY13bSBO
api02-1    | 2024-03-02T00:08:20.673Z  INFO 1 --- [tor-tcp-epoll-3] c.g.r.c.transacao.TransacaoService       : clientId=2 clientSaldo=-68767 clienteLimite=80000 transacaoValor=876 transacaoTipo=DEBIT transacaoDescricao=L3pM8Ff6qq
api01-1    | 2024-03-02T00:08:20.681Z  INFO 1 --- [tor-tcp-epoll-1] c.g.r.c.transacao.TransacaoService       : clientId=4 clientSaldo=-41487 clienteLimite=10000000 transacaoValor=6206 transacaoTipo=CREDIT transacaoDescricao=759naNDOrY
api02-1    | 2024-03-02T00:08:20.740Z  INFO 1 --- [tor-tcp-epoll-3] c.g.r.c.transacao.TransacaoService       : clientId=1 clientSaldo=-63278 clienteLimite=100000 transacaoValor=2270 transacaoTipo=DEBIT transacaoDescricao=ZMdjNMmwzO
api01-1    | 2024-03-02T00:08:20.804Z  INFO 1 --- [tor-tcp-epoll-3] c.g.r.cliente.extrato.ExtratoService     : clienteId=5 clienteSaldo=9786 clienteLimite=500000
api02-1    | 2024-03-02T00:08:20.806Z  INFO 1 --- [tor-tcp-epoll-3] c.g.r.c.transacao.TransacaoService       : clientId=5 clientSaldo=18905 clienteLimite=500000 transacaoValor=9119 transacaoTipo=CREDIT transacaoDescricao=1QV6TlqdHG
api01-1    | 2024-03-02T00:08:20.808Z  INFO 1 --- [tor-tcp-epoll-3] c.g.r.c.transacao.TransacaoService       : clientId=5 clientSaldo=16663 clienteLimite=500000 transacaoValor=2242 transacaoTipo=DEBIT transacaoDescricao=Tmvgj5bCHe
api02-1    | 2024-03-02T00:08:20.868Z  INFO 1 --- [tor-tcp-epoll-3] c.g.r.c.transacao.TransacaoService       : clientId=4 clientSaldo=-43783 clienteLimite=10000000 transacaoValor=2296 transacaoTipo=DEBIT transacaoDescricao=qLXdhVcqPs
api01-1    | 2024-03-02T00:08:20.931Z  INFO 1 --- [tor-tcp-epoll-3] c.g.r.c.transacao.TransacaoService       : clientId=2 clientSaldo=-77613 clienteLimite=80000 transacaoValor=8846 transacaoTipo=DEBIT transacaoDescricao=uTd86PDiKd
api02-1    | 2024-03-02T00:08:20.933Z  INFO 1 --- [tor-tcp-epoll-3] c.g.r.c.transacao.TransacaoService       : clientId=1 clientSaldo=-55356 clienteLimite=100000 transacaoValor=7922 transacaoTipo=CREDIT transacaoDescricao=Y7lkSZLghX
api01-1    | 2024-03-02T00:08:20.993Z  INFO 1 --- [tor-tcp-epoll-3] c.g.r.c.transacao.TransacaoService       : clientId=1 clientSaldo=-62384 clienteLimite=100000 transacaoValor=7028 transacaoTipo=DEBIT transacaoDescricao=d8pkRi6Q6N
api01-1    | 2024-03-02T00:08:21.057Z  INFO 1 --- [tor-tcp-epoll-3] c.g.r.c.transacao.TransacaoService       : clientId=4 clientSaldo=-49625 clienteLimite=10000000 transacaoValor=5842 transacaoTipo=DEBIT transacaoDescricao=CpAfNtYxYl
api02-1    | 2024-03-02T00:08:21.058Z  INFO 1 --- [tor-tcp-epoll-3] c.g.r.c.transacao.TransacaoService       : clientId=4 clientSaldo=-47748 clienteLimite=10000000 transacaoValor=1877 transacaoTipo=CREDIT transacaoDescricao=jpOHSaEgge
api02-1    | 2024-03-02T00:08:21.118Z  INFO 1 --- [tor-tcp-epoll-3] c.g.r.c.transacao.TransacaoService       : clientId=2 clientSaldo=-79979 clienteLimite=80000 transacaoValor=2366 transacaoTipo=DEBIT transacaoDescricao=F2lUD17F2s
api02-1    | 2024-03-02T00:08:21.182Z  INFO 1 --- [tor-tcp-epoll-3] c.g.r.c.transacao.TransacaoService       : clientId=1 clientSaldo=-61252 clienteLimite=100000 transacaoValor=1132 transacaoTipo=CREDIT transacaoDescricao=kdE7MJbRsy
api01-1    | 2024-03-02T00:08:21.183Z  INFO 1 --- [tor-tcp-epoll-3] c.g.r.c.transacao.TransacaoService       : clientId=4 clientSaldo=-56754 clienteLimite=10000000 transacaoValor=9006 transacaoTipo=DEBIT transacaoDescricao=kxpW1HDIY4
api02-1    | 2024-03-02T00:08:21.244Z  INFO 1 --- [tor-tcp-epoll-3] c.g.r.c.transacao.TransacaoService       : clientId=1 clientSaldo=-63273 clienteLimite=100000 transacaoValor=2021 transacaoTipo=DEBIT transacaoDescricao=NejT6TruC7
api02-1    | 2024-03-02T00:08:21.305Z  INFO 1 --- [tor-tcp-epoll-4] c.g.r.cliente.extrato.ExtratoService     : clienteId=3 clienteSaldo=14773 clienteLimite=1000000
api01-1    | 2024-03-02T00:08:21.306Z  INFO 1 --- [tor-tcp-epoll-3] c.g.r.c.transacao.TransacaoService       : clientId=5 clientSaldo=9687 clienteLimite=500000 transacaoValor=6976 transacaoTipo=DEBIT transacaoDescricao=kg9PwExwOx
api01-1    | 2024-03-02T00:08:21.307Z  INFO 1 --- [tor-tcp-epoll-1] c.g.r.c.transacao.TransacaoService       : clientId=4 clientSaldo=-56027 clienteLimite=10000000 transacaoValor=727 transacaoTipo=CREDIT transacaoDescricao=FP4QTfHvEo
api02-1    | 2024-03-02T00:08:21.368Z  INFO 1 --- [tor-tcp-epoll-4] c.g.r.c.transacao.TransacaoService       : clientId=4 clientSaldo=-60362 clienteLimite=10000000 transacaoValor=4335 transacaoTipo=DEBIT transacaoDescricao=S1lSgeBKEB
api02-1    | 2024-03-02T00:08:21.432Z  INFO 1 --- [tor-tcp-epoll-4] c.g.r.c.transacao.TransacaoService       : clientId=3 clientSaldo=22356 clienteLimite=1000000 transacaoValor=7583 transacaoTipo=CREDIT transacaoDescricao=cTIwVA17ae
api01-1    | 2024-03-02T00:08:21.433Z  INFO 1 --- [tor-tcp-epoll-1] c.g.r.c.transacao.TransacaoService       : clientId=4 clientSaldo=-63049 clienteLimite=10000000 transacaoValor=2687 transacaoTipo=DEBIT transacaoDescricao=TMkN8Bm7s5
api01-1    | 2024-03-02T00:08:21.493Z  INFO 1 --- [tor-tcp-epoll-1] c.g.r.c.transacao.TransacaoService       : clientId=1 clientSaldo=-63544 clienteLimite=100000 transacaoValor=271 transacaoTipo=DEBIT transacaoDescricao=8rmepWVNpJ
api02-1    | 2024-03-02T00:08:21.556Z  INFO 1 --- [tor-tcp-epoll-4] c.g.r.c.transacao.TransacaoService       : clientId=5 clientSaldo=-167 clienteLimite=500000 transacaoValor=9854 transacaoTipo=DEBIT transacaoDescricao=HuKXocUNS5
api01-1    | 2024-03-02T00:08:21.558Z  INFO 1 --- [tor-tcp-epoll-1] c.g.r.c.transacao.TransacaoService       : clientId=1 clientSaldo=-57287 clienteLimite=100000 transacaoValor=6257 transacaoTipo=CREDIT transacaoDescricao=8xieFCWXXc
api02-1    | 2024-03-02T00:08:21.619Z  INFO 1 --- [tor-tcp-epoll-4] c.g.r.c.transacao.TransacaoService       : clientId=3 clientSaldo=15391 clienteLimite=1000000 transacaoValor=6965 transacaoTipo=DEBIT transacaoDescricao=dAPWXN1SMJ
api01-1    | 2024-03-02T00:08:21.683Z  INFO 1 --- [tor-tcp-epoll-1] c.g.r.c.transacao.TransacaoService       : clientId=3 clientSaldo=11812 clienteLimite=1000000 transacaoValor=3579 transacaoTipo=DEBIT transacaoDescricao=0cre73hP5v
api02-1    | 2024-03-02T00:08:21.684Z  INFO 1 --- [tor-tcp-epoll-4] c.g.r.c.transacao.TransacaoService       : clientId=5 clientSaldo=7486 clienteLimite=500000 transacaoValor=7653 transacaoTipo=CREDIT transacaoDescricao=aydmyiBVaI
api02-1    | 2024-03-02T00:08:21.742Z ERROR 1 --- [tor-tcp-epoll-4] c.g.r.c.transacao.TransacaoService       : clientId=2 transacaoValor=5162 transacaoTipo=DEBIT transacaoDescricao=R4ZFQBmMGk
api02-1    | 
api02-1    | com.gui9394.rinha_de_backend_2024_q1.cliente.ClienteLimiteExcedidoException: 422 UNPROCESSABLE_ENTITY "Saldo null superior ao limite null do cliente 2"
api02-1    | 	at com.gui9394.rinha_de_backend_2024_q1.cliente.transacao.TransacaoNovaStatus$3.process(TransacaoNovaStatus.java:44) ~[na:na]
api02-1    | 	at com.gui9394.rinha_de_backend_2024_q1.cliente.transacao.TransacaoService.lambda$nova$0(TransacaoService.java:23) ~[com.gui9394.rinha_de_backend_2024_q1.MainApplication:na]
api02-1    | 	at reactor.core.publisher.FluxPeekFuseable$PeekConditionalSubscriber.onNext(FluxPeekFuseable.java:840) ~[na:na]
api02-1    | 	at reactor.core.publisher.FluxMap$MapConditionalSubscriber.onNext(FluxMap.java:224) ~[na:na]
api02-1    | 	at reactor.core.publisher.MonoNext$NextSubscriber.onNext(MonoNext.java:82) ~[com.gui9394.rinha_de_backend_2024_q1.MainApplication:3.6.2]
api02-1    | 	at reactor.core.publisher.FluxOnErrorResume$ResumeSubscriber.onNext(FluxOnErrorResume.java:79) ~[na:na]
api02-1    | 	at reactor.core.publisher.FluxUsingWhen$UsingWhenSubscriber.onNext(FluxUsingWhen.java:348) ~[com.gui9394.rinha_de_backend_2024_q1.MainApplication:3.6.2]
api02-1    | 	at reactor.core.publisher.FluxFlatMap$FlatMapMain.tryEmit(FluxFlatMap.java:547) ~[com.gui9394.rinha_de_backend_2024_q1.MainApplication:3.6.2]
api02-1    | 	at reactor.core.publisher.FluxFlatMap$FlatMapInner.onNext(FluxFlatMap.java:988) ~[com.gui9394.rinha_de_backend_2024_q1.MainApplication:3.6.2]
api02-1    | 	at reactor.core.publisher.FluxHandle$HandleSubscriber.onNext(FluxHandle.java:129) ~[na:na]
api02-1    | 	at reactor.core.publisher.MonoFlatMapMany$FlatMapManyInner.onNext(MonoFlatMapMany.java:251) ~[na:na]
api02-1    | 	at reactor.core.publisher.FluxHandleFuseable$HandleFuseableSubscriber.onNext(FluxHandleFuseable.java:194) ~[na:na]
api02-1    | 	at reactor.core.publisher.FluxFilterFuseable$FilterFuseableConditionalSubscriber.onNext(FluxFilterFuseable.java:337) ~[na:na]
api02-1    | 	at reactor.core.publisher.FluxContextWrite$ContextWriteSubscriber.onNext(FluxContextWrite.java:107) ~[na:na]
api02-1    | 	at reactor.core.publisher.FluxPeekFuseable$PeekConditionalSubscriber.onNext(FluxPeekFuseable.java:854) ~[na:na]
api02-1    | 	at reactor.core.publisher.FluxPeekFuseable$PeekConditionalSubscriber.onNext(FluxPeekFuseable.java:854) ~[na:na]
api02-1    | 	at io.r2dbc.postgresql.util.FluxDiscardOnCancel$FluxDiscardOnCancelSubscriber.onNext(FluxDiscardOnCancel.java:91) ~[na:na]
api02-1    | 	at reactor.core.publisher.FluxDoFinally$DoFinallySubscriber.onNext(FluxDoFinally.java:113) ~[com.gui9394.rinha_de_backend_2024_q1.MainApplication:3.6.2]
api02-1    | 	at reactor.core.publisher.FluxHandle$HandleSubscriber.onNext(FluxHandle.java:129) ~[na:na]
api02-1    | 	at reactor.core.publisher.FluxCreate$BufferAsyncSink.drain(FluxCreate.java:880) ~[com.gui9394.rinha_de_backend_2024_q1.MainApplication:3.6.2]
api02-1    | 	at reactor.core.publisher.FluxCreate$BufferAsyncSink.next(FluxCreate.java:805) ~[com.gui9394.rinha_de_backend_2024_q1.MainApplication:3.6.2]
api02-1    | 	at reactor.core.publisher.FluxCreate$SerializedFluxSink.next(FluxCreate.java:163) ~[com.gui9394.rinha_de_backend_2024_q1.MainApplication:3.6.2]
