 Network rinha-nginx-2024-q1  Creating
 Network rinha-nginx-2024-q1  Created
 Container paulo_sergio_alpine-db-1  Creating
 Container paulo_sergio_alpine-db-1  Created
 Container paulo_sergio_alpine-api02-1  Creating
 Container paulo_sergio_alpine-api01-1  Creating
 Container paulo_sergio_alpine-api01-1  Created
 Container paulo_sergio_alpine-api02-1  Created
 Container paulo_sergio_alpine-nginx-1  Creating
 Container paulo_sergio_alpine-nginx-1  Created
Attaching to api01-1, api02-1, db-1, nginx-1
db-1     | The files belonging to this database system will be owned by user "postgres".
db-1     | This user must also own the server process.
db-1     | 
db-1     | The database cluster will be initialized with locale "en_US.utf8".
db-1     | The default database encoding has accordingly been set to "UTF8".
db-1     | The default text search configuration will be set to "english".
db-1     | 
db-1     | Data page checksums are disabled.
db-1     | 
db-1     | fixing permissions on existing directory /var/lib/postgresql/data ... ok
db-1     | creating subdirectories ... ok
db-1     | selecting dynamic shared memory implementation ... posix
db-1     | selecting default max_connections ... 100
db-1     | selecting default shared_buffers ... 128MB
db-1     | selecting default time zone ... UTC
db-1     | creating configuration files ... ok
db-1     | running bootstrap script ... ok
nginx-1  | /docker-entrypoint.sh: /docker-entrypoint.d/ is not empty, will attempt to perform configuration
nginx-1  | /docker-entrypoint.sh: Looking for shell scripts in /docker-entrypoint.d/
nginx-1  | /docker-entrypoint.sh: Launching /docker-entrypoint.d/10-listen-on-ipv6-by-default.sh
nginx-1  | 10-listen-on-ipv6-by-default.sh: info: Getting the checksum of /etc/nginx/conf.d/default.conf
nginx-1  | 10-listen-on-ipv6-by-default.sh: info: Enabled listen on IPv6 in /etc/nginx/conf.d/default.conf
nginx-1  | /docker-entrypoint.sh: Sourcing /docker-entrypoint.d/15-local-resolvers.envsh
nginx-1  | /docker-entrypoint.sh: Launching /docker-entrypoint.d/20-envsubst-on-templates.sh
nginx-1  | /docker-entrypoint.sh: Launching /docker-entrypoint.d/30-tune-worker-processes.sh
nginx-1  | /docker-entrypoint.sh: Configuration complete; ready for start up
db-1     | sh: locale: not found
db-1     | 2024-03-08 21:15:56.348 UTC [30] WARNING:  no usable system locales were found
db-1     | performing post-bootstrap initialization ... ok
api01-1  | INFO:     Started server process [1]
api01-1  | INFO:     Waiting for application startup.
api01-1  | INFO:     Application startup complete.
api01-1  | INFO:     Uvicorn running on http://0.0.0.0:80 (Press CTRL+C to quit)
api02-1  | INFO:     Started server process [1]
api02-1  | INFO:     Waiting for application startup.
api02-1  | INFO:     Application startup complete.
api02-1  | INFO:     Uvicorn running on http://0.0.0.0:80 (Press CTRL+C to quit)
db-1     | syncing data to disk ... ok
db-1     | 
db-1     | 
db-1     | Success. You can now start the database server using:
db-1     | 
db-1     |     pg_ctl -D /var/lib/postgresql/data -l logfile start
db-1     | 
db-1     | initdb: warning: enabling "trust" authentication for local connections
db-1     | initdb: hint: You can change this by editing pg_hba.conf or using the option -A, or --auth-local and --auth-host, the next time you run initdb.
db-1     | waiting for server to start....2024-03-08 21:15:57.865 GMT [36] LOG:  starting PostgreSQL 16.2 on x86_64-pc-linux-musl, compiled by gcc (Alpine 13.2.1_git20231014) 13.2.1 20231014, 64-bit
db-1     | 2024-03-08 21:15:57.865 GMT [36] LOG:  listening on Unix socket "/var/run/postgresql/.s.PGSQL.5432"
db-1     | 2024-03-08 21:15:57.866 GMT [39] LOG:  database system was shut down at 2024-03-08 21:15:57 GMT
db-1     | 2024-03-08 21:15:57.869 GMT [36] LOG:  database system is ready to accept connections
db-1     |  done
db-1     | server started
db-1     | CREATE DATABASE
db-1     | 
db-1     | 
db-1     | /usr/local/bin/docker-entrypoint.sh: running /docker-entrypoint-initdb.d/script.sql
db-1     | CREATE TABLE
db-1     | CREATE TABLE
db-1     | CREATE INDEX
db-1     | INSERT 0 5
db-1     | 
db-1     | 
db-1     | waiting for server to shut down....2024-03-08 21:15:58.036 GMT [36] LOG:  received fast shutdown request
db-1     | 2024-03-08 21:15:58.036 GMT [36] LOG:  aborting any active transactions
db-1     | 2024-03-08 21:15:58.044 GMT [36] LOG:  background worker "logical replication launcher" (PID 42) exited with exit code 1
db-1     | 2024-03-08 21:15:58.045 GMT [37] LOG:  shutting down
db-1     | 2024-03-08 21:15:58.045 GMT [37] LOG:  checkpoint starting: shutdown immediate
db-1     | 2024-03-08 21:15:58.120 GMT [37] LOG:  checkpoint complete: wrote 938 buffers (2.9%); 0 WAL file(s) added, 0 removed, 0 recycled; write=0.074 s, sync=0.001 s, total=0.075 s; sync files=0, longest=0.000 s, average=0.000 s; distance=4299 kB, estimate=4299 kB; lsn=0/1923068, redo lsn=0/1923068
db-1     | 2024-03-08 21:15:58.125 GMT [36] LOG:  database system is shut down
db-1     |  done
db-1     | server stopped
db-1     | 
db-1     | PostgreSQL init process complete; ready for start up.
db-1     | 
db-1     | 2024-03-08 21:15:58.155 GMT [1] LOG:  starting PostgreSQL 16.2 on x86_64-pc-linux-musl, compiled by gcc (Alpine 13.2.1_git20231014) 13.2.1 20231014, 64-bit
db-1     | 2024-03-08 21:15:58.155 GMT [1] LOG:  listening on IPv4 address "0.0.0.0", port 5432
db-1     | 2024-03-08 21:15:58.156 GMT [1] LOG:  listening on IPv6 address "::", port 5432
db-1     | 2024-03-08 21:15:58.156 GMT [1] LOG:  listening on Unix socket "/var/run/postgresql/.s.PGSQL.5432"
db-1     | 2024-03-08 21:15:58.157 GMT [54] LOG:  database system was shut down at 2024-03-08 21:15:58 GMT
db-1     | 2024-03-08 21:15:58.160 GMT [1] LOG:  database system is ready to accept connections
api01-1  | INFO:     172.18.0.5:56356 - "GET /clientes/1/extrato HTTP/1.0" 200 OK
api02-1  | INFO:     172.18.0.5:38608 - "GET /clientes/1/extrato HTTP/1.0" 200 OK
api01-1  | INFO:     172.18.0.5:56372 - "POST /clientes/1/transacoes HTTP/1.0" 200 OK
api02-1  | INFO:     172.18.0.5:38618 - "POST /clientes/1/transacoes HTTP/1.0" 200 OK
api01-1  | INFO:     172.18.0.5:56382 - "POST /clientes/1/transacoes HTTP/1.0" 200 OK
api01-1  | INFO:     172.18.0.5:56392 - "POST /clientes/1/transacoes HTTP/1.0" 200 OK
api02-1  | INFO:     172.18.0.5:38630 - "POST /clientes/1/transacoes HTTP/1.0" 200 OK
api01-1  | INFO:     172.18.0.5:56396 - "POST /clientes/1/transacoes HTTP/1.0" 200 OK
api02-1  | INFO:     172.18.0.5:38638 - "POST /clientes/1/transacoes HTTP/1.0" 200 OK
api01-1  | INFO:     172.18.0.5:56402 - "POST /clientes/1/transacoes HTTP/1.0" 200 OK
api02-1  | INFO:     172.18.0.5:38654 - "POST /clientes/1/transacoes HTTP/1.0" 200 OK
api01-1  | INFO:     172.18.0.5:56406 - "POST /clientes/1/transacoes HTTP/1.0" 200 OK
api02-1  | INFO:     172.18.0.5:38656 - "POST /clientes/1/transacoes HTTP/1.0" 200 OK
api01-1  | INFO:     172.18.0.5:56412 - "POST /clientes/1/transacoes HTTP/1.0" 200 OK
api02-1  | INFO:     172.18.0.5:38672 - "POST /clientes/1/transacoes HTTP/1.0" 200 OK
api01-1  | INFO:     172.18.0.5:56420 - "POST /clientes/1/transacoes HTTP/1.0" 200 OK
api02-1  | INFO:     172.18.0.5:38688 - "POST /clientes/1/transacoes HTTP/1.0" 200 OK
api01-1  | INFO:     172.18.0.5:56428 - "POST /clientes/1/transacoes HTTP/1.0" 200 OK
api02-1  | INFO:     172.18.0.5:38704 - "POST /clientes/1/transacoes HTTP/1.0" 200 OK
api01-1  | INFO:     172.18.0.5:56434 - "POST /clientes/1/transacoes HTTP/1.0" 200 OK
api02-1  | INFO:     172.18.0.5:38708 - "POST /clientes/1/transacoes HTTP/1.0" 200 OK
api01-1  | INFO:     172.18.0.5:56442 - "POST /clientes/1/transacoes HTTP/1.0" 200 OK
api02-1  | INFO:     172.18.0.5:38714 - "POST /clientes/1/transacoes HTTP/1.0" 200 OK
api01-1  | INFO:     172.18.0.5:56452 - "POST /clientes/1/transacoes HTTP/1.0" 200 OK
api02-1  | INFO:     172.18.0.5:38722 - "POST /clientes/1/transacoes HTTP/1.0" 200 OK
api01-1  | INFO:     172.18.0.5:56466 - "POST /clientes/1/transacoes HTTP/1.0" 200 OK
api02-1  | INFO:     172.18.0.5:38734 - "POST /clientes/1/transacoes HTTP/1.0" 200 OK
api02-1  | INFO:     172.18.0.5:38740 - "GET /clientes/1/extrato HTTP/1.0" 200 OK
api01-1  | INFO:     172.18.0.5:56482 - "POST /clientes/1/transacoes HTTP/1.0" 200 OK
api02-1  | INFO:     172.18.0.5:38742 - "POST /clientes/1/transacoes HTTP/1.0" 200 OK
api01-1  | INFO:     172.18.0.5:56484 - "POST /clientes/1/transacoes HTTP/1.0" 200 OK
api02-1  | INFO:     172.18.0.5:38754 - "POST /clientes/1/transacoes HTTP/1.0" 200 OK
api01-1  | INFO:     172.18.0.5:56490 - "POST /clientes/1/transacoes HTTP/1.0" 200 OK
api02-1  | INFO:     172.18.0.5:38762 - "POST /clientes/1/transacoes HTTP/1.0" 200 OK
api01-1  | INFO:     172.18.0.5:56494 - "POST /clientes/1/transacoes HTTP/1.0" 200 OK
api02-1  | INFO:     172.18.0.5:38774 - "POST /clientes/1/transacoes HTTP/1.0" 200 OK
api01-1  | INFO:     172.18.0.5:56504 - "POST /clientes/1/transacoes HTTP/1.0" 200 OK
api02-1  | INFO:     172.18.0.5:38782 - "POST /clientes/1/transacoes HTTP/1.0" 200 OK
api01-1  | INFO:     172.18.0.5:56506 - "POST /clientes/1/transacoes HTTP/1.0" 200 OK
api02-1  | INFO:     172.18.0.5:38796 - "POST /clientes/1/transacoes HTTP/1.0" 200 OK
api01-1  | INFO:     172.18.0.5:56514 - "POST /clientes/1/transacoes HTTP/1.0" 200 OK
api02-1  | INFO:     172.18.0.5:38802 - "POST /clientes/1/transacoes HTTP/1.0" 200 OK
api01-1  | INFO:     172.18.0.5:56522 - "POST /clientes/1/transacoes HTTP/1.0" 200 OK
api02-1  | INFO:     172.18.0.5:38806 - "POST /clientes/1/transacoes HTTP/1.0" 200 OK
api01-1  | INFO:     172.18.0.5:56526 - "POST /clientes/1/transacoes HTTP/1.0" 200 OK
api02-1  | INFO:     172.18.0.5:38810 - "POST /clientes/1/transacoes HTTP/1.0" 200 OK
api01-1  | INFO:     172.18.0.5:56528 - "POST /clientes/1/transacoes HTTP/1.0" 200 OK
api02-1  | INFO:     172.18.0.5:38826 - "POST /clientes/1/transacoes HTTP/1.0" 200 OK
api01-1  | INFO:     172.18.0.5:56532 - "POST /clientes/1/transacoes HTTP/1.0" 200 OK
api02-1  | INFO:     172.18.0.5:38836 - "POST /clientes/1/transacoes HTTP/1.0" 200 OK
api01-1  | INFO:     172.18.0.5:56544 - "POST /clientes/1/transacoes HTTP/1.0" 200 OK
api02-1  | INFO:     172.18.0.5:38850 - "POST /clientes/1/transacoes HTTP/1.0" 200 OK
api01-1  | INFO:     172.18.0.5:56556 - "POST /clientes/1/transacoes HTTP/1.0" 200 OK
api02-1  | INFO:     172.18.0.5:38862 - "GET /clientes/1/extrato HTTP/1.0" 200 OK
api01-1  | INFO:     172.18.0.5:56572 - "GET /clientes/6/extrato HTTP/1.0" 404 Not Found
api01-1  | INFO:     172.18.0.5:56584 - "GET /clientes/3/extrato HTTP/1.0" 200 OK
api02-1  | INFO:     172.18.0.5:38866 - "GET /clientes/1/extrato HTTP/1.0" 200 OK
api01-1  | INFO:     172.18.0.5:56588 - "GET /clientes/4/extrato HTTP/1.0" 200 OK
api02-1  | INFO:     172.18.0.5:38880 - "GET /clientes/5/extrato HTTP/1.0" 200 OK
api02-1  | INFO:     172.18.0.5:38890 - "GET /clientes/2/extrato HTTP/1.0" 200 OK
api01-1  | INFO:     172.18.0.5:56600 - "POST /clientes/3/transacoes HTTP/1.0" 200 OK
api02-1  | INFO:     172.18.0.5:38894 - "POST /clientes/1/transacoes HTTP/1.0" 200 OK
api01-1  | INFO:     172.18.0.5:56606 - "POST /clientes/4/transacoes HTTP/1.0" 200 OK
api02-1  | INFO:     172.18.0.5:38906 - "POST /clientes/5/transacoes HTTP/1.0" 200 OK
api01-1  | INFO:     172.18.0.5:56614 - "POST /clientes/2/transacoes HTTP/1.0" 200 OK
api01-1  | INFO:     172.18.0.5:56626 - "POST /clientes/4/transacoes HTTP/1.0" 200 OK
api02-1  | INFO:     172.18.0.5:38916 - "POST /clientes/1/transacoes HTTP/1.0" 200 OK
api01-1  | INFO:     172.18.0.5:56634 - "POST /clientes/5/transacoes HTTP/1.0" 200 OK
api02-1  | INFO:     172.18.0.5:38918 - "POST /clientes/3/transacoes HTTP/1.0" 200 OK
api01-1  | INFO:     172.18.0.5:56640 - "GET /clientes/4/extrato HTTP/1.0" 200 OK
api02-1  | INFO:     172.18.0.5:38922 - "POST /clientes/2/transacoes HTTP/1.0" 200 OK
api01-1  | INFO:     172.18.0.5:56642 - "GET /clientes/5/extrato HTTP/1.0" 200 OK
api02-1  | INFO:     172.18.0.5:38934 - "GET /clientes/1/extrato HTTP/1.0" 200 OK
api01-1  | INFO:     172.18.0.5:56654 - "GET /clientes/2/extrato HTTP/1.0" 200 OK
api02-1  | INFO:     172.18.0.5:38946 - "GET /clientes/3/extrato HTTP/1.0" 200 OK
api01-1  | INFO:     172.18.0.5:56670 - "POST /clientes/4/transacoes HTTP/1.0" 200 OK
api02-1  | INFO:     172.18.0.5:38952 - "POST /clientes/5/transacoes HTTP/1.0" 200 OK
api02-1  | INFO:     172.18.0.5:38966 - "POST /clientes/2/transacoes HTTP/1.0" 200 OK
api01-1  | INFO:     172.18.0.5:56684 - "POST /clientes/1/transacoes HTTP/1.0" 200 OK
api02-1  | INFO:     172.18.0.5:38970 - "POST /clientes/3/transacoes HTTP/1.0" 200 OK
api02-1  | INFO:     172.18.0.5:38974 - "GET /clientes/5/extrato HTTP/1.0" 200 OK
api01-1  | INFO:     172.18.0.5:56700 - "GET /clientes/1/extrato HTTP/1.0" 200 OK
api01-1  | INFO:     172.18.0.5:56716 - "GET /clientes/4/extrato HTTP/1.0" 200 OK
api02-1  | INFO:     172.18.0.5:38978 - "GET /clientes/3/extrato HTTP/1.0" 200 OK
api01-1  | INFO:     172.18.0.5:56726 - "GET /clientes/2/extrato HTTP/1.0" 200 OK
api02-1  | INFO:     172.18.0.5:38992 - "GET /clientes/1/extrato HTTP/1.0" 200 OK
api01-1  | INFO:     172.18.0.5:56730 - "GET /clientes/1/extrato HTTP/1.0" 200 OK
api02-1  | INFO:     172.18.0.5:39000 - "GET /clientes/1/extrato HTTP/1.0" 200 OK
api01-1  | INFO:     172.18.0.5:56742 - "GET /clientes/5/extrato HTTP/1.0" 200 OK
api02-1  | INFO:     172.18.0.5:39010 - "GET /clientes/5/extrato HTTP/1.0" 200 OK
api02-1  | INFO:     172.18.0.5:39020 - "GET /clientes/2/extrato HTTP/1.0" 200 OK
api01-1  | INFO:     172.18.0.5:56758 - "GET /clientes/5/extrato HTTP/1.0" 200 OK
api01-1  | INFO:     172.18.0.5:56764 - "GET /clientes/4/extrato HTTP/1.0" 200 OK
api02-1  | INFO:     172.18.0.5:39032 - "GET /clientes/2/extrato HTTP/1.0" 200 OK
api01-1  | INFO:     172.18.0.5:56772 - "GET /clientes/2/extrato HTTP/1.0" 200 OK
api02-1  | INFO:     172.18.0.5:39048 - "GET /clientes/4/extrato HTTP/1.0" 200 OK
api01-1  | INFO:     172.18.0.5:56784 - "GET /clientes/4/extrato HTTP/1.0" 200 OK
api02-1  | INFO:     172.18.0.5:39056 - "GET /clientes/3/extrato HTTP/1.0" 200 OK
api01-1  | INFO:     172.18.0.5:56792 - "GET /clientes/3/extrato HTTP/1.0" 200 OK
api01-1  | INFO:     172.18.0.5:56802 - "POST /clientes/1/transacoes HTTP/1.0" 422 Unprocessable Entity
api01-1  | INFO:     172.18.0.5:56814 - "POST /clientes/2/transacoes HTTP/1.0" 422 Unprocessable Entity
api02-1  | INFO:     172.18.0.5:39070 - "GET /clientes/3/extrato HTTP/1.0" 200 OK
api01-1  | INFO:     172.18.0.5:56816 - "POST /clientes/1/transacoes HTTP/1.0" 422 Unprocessable Entity
api02-1  | INFO:     172.18.0.5:39074 - "POST /clientes/5/transacoes HTTP/1.0" 422 Unprocessable Entity
api02-1  | INFO:     172.18.0.5:39082 - "POST /clientes/4/transacoes HTTP/1.0" 422 Unprocessable Entity
api02-1  | INFO:     172.18.0.5:39096 - "POST /clientes/3/transacoes HTTP/1.0" 422 Unprocessable Entity
api02-1  | INFO:     172.18.0.5:39110 - "POST /clientes/2/transacoes HTTP/1.0" 422 Unprocessable Entity
api01-1  | INFO:     172.18.0.5:56826 - "POST /clientes/5/transacoes HTTP/1.0" 422 Unprocessable Entity
api01-1  | INFO:     172.18.0.5:56836 - "POST /clientes/1/transacoes HTTP/1.0" 422 Unprocessable Entity
api02-1  | INFO:     172.18.0.5:39120 - "POST /clientes/3/transacoes HTTP/1.0" 422 Unprocessable Entity
api01-1  | INFO:     172.18.0.5:56852 - "POST /clientes/4/transacoes HTTP/1.0" 422 Unprocessable Entity
api02-1  | INFO:     172.18.0.5:39134 - "POST /clientes/2/transacoes HTTP/1.0" 422 Unprocessable Entity
api01-1  | INFO:     172.18.0.5:56862 - "POST /clientes/1/transacoes HTTP/1.0" 422 Unprocessable Entity
api02-1  | INFO:     172.18.0.5:39138 - "POST /clientes/5/transacoes HTTP/1.0" 422 Unprocessable Entity
api01-1  | INFO:     172.18.0.5:56872 - "POST /clientes/4/transacoes HTTP/1.0" 422 Unprocessable Entity
api01-1  | INFO:     172.18.0.5:56876 - "POST /clientes/1/transacoes HTTP/1.0" 422 Unprocessable Entity
api01-1  | INFO:     172.18.0.5:56880 - "POST /clientes/4/transacoes HTTP/1.0" 422 Unprocessable Entity
api02-1  | INFO:     172.18.0.5:39148 - "POST /clientes/2/transacoes HTTP/1.0" 422 Unprocessable Entity
api02-1  | INFO:     172.18.0.5:39156 - "POST /clientes/3/transacoes HTTP/1.0" 422 Unprocessable Entity
api02-1  | INFO:     172.18.0.5:39172 - "POST /clientes/5/transacoes HTTP/1.0" 422 Unprocessable Entity
api01-1  | INFO:     172.18.0.5:56886 - "POST /clientes/2/transacoes HTTP/1.0" 422 Unprocessable Entity
api01-1  | INFO:     172.18.0.5:56888 - "POST /clientes/4/transacoes HTTP/1.0" 422 Unprocessable Entity
api02-1  | INFO:     172.18.0.5:39174 - "POST /clientes/3/transacoes HTTP/1.0" 422 Unprocessable Entity
api02-1  | INFO:     172.18.0.5:39190 - "POST /clientes/5/transacoes HTTP/1.0" 422 Unprocessable Entity
api01-1  | INFO:     172.18.0.5:56896 - "POST /clientes/3/transacoes HTTP/1.0" 422 Unprocessable Entity
api02-1  | INFO:     172.18.0.5:60324 - "GET /clientes/5/extrato HTTP/1.0" 200 OK
api01-1  | INFO:     172.18.0.5:42974 - "POST /clientes/4/transacoes HTTP/1.0" 200 OK
api02-1  | INFO:     172.18.0.5:60328 - "POST /clientes/1/transacoes HTTP/1.0" 200 OK
api02-1  | INFO:     172.18.0.5:60342 - "GET /clientes/5/extrato HTTP/1.0" 200 OK
api01-1  | INFO:     172.18.0.5:42988 - "POST /clientes/3/transacoes HTTP/1.0" 200 OK
api01-1  | INFO:     172.18.0.5:42994 - "POST /clientes/4/transacoes HTTP/1.0" 200 OK
api02-1  | INFO:     172.18.0.5:60354 - "POST /clientes/2/transacoes HTTP/1.0" 200 OK
api02-1  | INFO:     172.18.0.5:60370 - "POST /clientes/4/transacoes HTTP/1.0" 200 OK
api01-1  | INFO:     172.18.0.5:42996 - "POST /clientes/5/transacoes HTTP/1.0" 200 OK
api01-1  | INFO:     172.18.0.5:43004 - "POST /clientes/5/transacoes HTTP/1.0" 200 OK
api02-1  | INFO:     172.18.0.5:60372 - "POST /clientes/2/transacoes HTTP/1.0" 200 OK
api01-1  | INFO:     172.18.0.5:43020 - "GET /clientes/3/extrato HTTP/1.0" 200 OK
api02-1  | INFO:     172.18.0.5:60382 - "POST /clientes/1/transacoes HTTP/1.0" 200 OK
api01-1  | INFO:     172.18.0.5:43026 - "POST /clientes/5/transacoes HTTP/1.0" 200 OK
api02-1  | INFO:     172.18.0.5:60394 - "POST /clientes/4/transacoes HTTP/1.0" 200 OK
api01-1  | INFO:     172.18.0.5:43038 - "POST /clientes/2/transacoes HTTP/1.0" 200 OK
api02-1  | INFO:     172.18.0.5:60396 - "POST /clientes/1/transacoes HTTP/1.0" 200 OK
api01-1  | INFO:     172.18.0.5:43048 - "POST /clientes/5/transacoes HTTP/1.0" 200 OK
api02-1  | INFO:     172.18.0.5:60398 - "POST /clientes/3/transacoes HTTP/1.0" 200 OK
api01-1  | INFO:     172.18.0.5:43062 - "POST /clientes/2/transacoes HTTP/1.0" 200 OK
api02-1  | INFO:     172.18.0.5:60412 - "POST /clientes/5/transacoes HTTP/1.0" 200 OK
api01-1  | INFO:     172.18.0.5:43078 - "POST /clientes/4/transacoes HTTP/1.0" 200 OK
api02-1  | INFO:     172.18.0.5:60414 - "POST /clientes/1/transacoes HTTP/1.0" 200 OK
api01-1  | INFO:     172.18.0.5:43082 - "GET /clientes/5/extrato HTTP/1.0" 200 OK
api02-1  | INFO:     172.18.0.5:60422 - "POST /clientes/2/transacoes HTTP/1.0" 200 OK
api01-1  | INFO:     172.18.0.5:43096 - "POST /clientes/3/transacoes HTTP/1.0" 200 OK
api02-1  | INFO:     172.18.0.5:60428 - "POST /clientes/2/transacoes HTTP/1.0" 200 OK
api01-1  | INFO:     172.18.0.5:43102 - "POST /clientes/2/transacoes HTTP/1.0" 200 OK
api02-1  | INFO:     172.18.0.5:60444 - "POST /clientes/2/transacoes HTTP/1.0" 200 OK
api01-1  | INFO:     172.18.0.5:43104 - "POST /clientes/4/transacoes HTTP/1.0" 200 OK
api02-1  | INFO:     172.18.0.5:60452 - "POST /clientes/4/transacoes HTTP/1.0" 200 OK
api01-1  | INFO:     172.18.0.5:43110 - "POST /clientes/4/transacoes HTTP/1.0" 200 OK
api02-1  | INFO:     172.18.0.5:60468 - "POST /clientes/1/transacoes HTTP/1.0" 200 OK
api01-1  | INFO:     172.18.0.5:43124 - "POST /clientes/5/transacoes HTTP/1.0" 200 OK
api02-1  | INFO:     172.18.0.5:60470 - "GET /clientes/1/extrato HTTP/1.0" 200 OK
api01-1  | INFO:     172.18.0.5:43138 - "POST /clientes/3/transacoes HTTP/1.0" 200 OK
api02-1  | INFO:     172.18.0.5:60480 - "POST /clientes/3/transacoes HTTP/1.0" 200 OK
api01-1  | INFO:     172.18.0.5:43148 - "POST /clientes/3/transacoes HTTP/1.0" 200 OK
api02-1  | INFO:     172.18.0.5:60488 - "POST /clientes/3/transacoes HTTP/1.0" 200 OK
api01-1  | INFO:     172.18.0.5:43162 - "POST /clientes/3/transacoes HTTP/1.0" 200 OK
api02-1  | INFO:     172.18.0.5:60492 - "POST /clientes/3/transacoes HTTP/1.0" 200 OK
api01-1  | INFO:     172.18.0.5:43174 - "POST /clientes/3/transacoes HTTP/1.0" 200 OK
api02-1  | INFO:     172.18.0.5:60500 - "POST /clientes/5/transacoes HTTP/1.0" 200 OK
api01-1  | INFO:     172.18.0.5:43178 - "POST /clientes/3/transacoes HTTP/1.0" 200 OK
api02-1  | INFO:     172.18.0.5:60504 - "POST /clientes/4/transacoes HTTP/1.0" 200 OK
api01-1  | INFO:     172.18.0.5:43194 - "POST /clientes/3/transacoes HTTP/1.0" 200 OK
api02-1  | INFO:     172.18.0.5:60514 - "POST /clientes/1/transacoes HTTP/1.0" 200 OK
api01-1  | INFO:     172.18.0.5:43202 - "POST /clientes/5/transacoes HTTP/1.0" 200 OK
api02-1  | INFO:     172.18.0.5:60516 - "POST /clientes/4/transacoes HTTP/1.0" 200 OK
api01-1  | INFO:     172.18.0.5:43210 - "POST /clientes/3/transacoes HTTP/1.0" 200 OK
api02-1  | INFO:     172.18.0.5:60518 - "GET /clientes/3/extrato HTTP/1.0" 200 OK
api01-1  | INFO:     172.18.0.5:43226 - "POST /clientes/4/transacoes HTTP/1.0" 200 OK
api02-1  | INFO:     172.18.0.5:60522 - "POST /clientes/4/transacoes HTTP/1.0" 200 OK
api01-1  | INFO:     172.18.0.5:43228 - "POST /clientes/1/transacoes HTTP/1.0" 200 OK
api02-1  | INFO:     172.18.0.5:60538 - "POST /clientes/1/transacoes HTTP/1.0" 200 OK
api01-1  | INFO:     172.18.0.5:43230 - "POST /clientes/4/transacoes HTTP/1.0" 200 OK
api02-1  | INFO:     172.18.0.5:60548 - "POST /clientes/2/transacoes HTTP/1.0" 200 OK
api01-1  | INFO:     172.18.0.5:43244 - "POST /clientes/4/transacoes HTTP/1.0" 200 OK
api01-1  | INFO:     172.18.0.5:43256 - "POST /clientes/3/transacoes HTTP/1.0" 200 OK
api02-1  | INFO:     172.18.0.5:60552 - "GET /clientes/5/extrato HTTP/1.0" 200 OK
api02-1  | INFO:     172.18.0.5:60562 - "POST /clientes/2/transacoes HTTP/1.0" 200 OK
api01-1  | INFO:     172.18.0.5:43272 - "POST /clientes/4/transacoes HTTP/1.0" 200 OK
api02-1  | INFO:     172.18.0.5:60568 - "POST /clientes/3/transacoes HTTP/1.0" 200 OK
api01-1  | INFO:     172.18.0.5:43278 - "POST /clientes/4/transacoes HTTP/1.0" 200 OK
api02-1  | INFO:     172.18.0.5:60572 - "POST /clientes/4/transacoes HTTP/1.0" 200 OK
api01-1  | INFO:     172.18.0.5:43288 - "POST /clientes/1/transacoes HTTP/1.0" 200 OK
api02-1  | INFO:     172.18.0.5:60582 - "POST /clientes/4/transacoes HTTP/1.0" 200 OK
api02-1  | INFO:     172.18.0.5:60588 - "POST /clientes/2/transacoes HTTP/1.0" 200 OK
api01-1  | INFO:     172.18.0.5:43302 - "GET /clientes/1/extrato HTTP/1.0" 200 OK
api01-1  | INFO:     172.18.0.5:43304 - "POST /clientes/5/transacoes HTTP/1.0" 200 OK
api02-1  | INFO:     172.18.0.5:60592 - "POST /clientes/5/transacoes HTTP/1.0" 200 OK
api01-1  | INFO:     172.18.0.5:43318 - "POST /clientes/1/transacoes HTTP/1.0" 200 OK
api02-1  | INFO:     172.18.0.5:60598 - "POST /clientes/4/transacoes HTTP/1.0" 200 OK
api01-1  | INFO:     172.18.0.5:43320 - "POST /clientes/3/transacoes HTTP/1.0" 200 OK
api02-1  | INFO:     172.18.0.5:60604 - "POST /clientes/4/transacoes HTTP/1.0" 200 OK
api01-1  | INFO:     172.18.0.5:43328 - "POST /clientes/2/transacoes HTTP/1.0" 200 OK
api02-1  | INFO:     172.18.0.5:60612 - "POST /clientes/5/transacoes HTTP/1.0" 200 OK
api01-1  | INFO:     172.18.0.5:43342 - "POST /clientes/1/transacoes HTTP/1.0" 200 OK
api02-1  | INFO:     172.18.0.5:60618 - "POST /clientes/2/transacoes HTTP/1.0" 200 OK
api01-1  | INFO:     172.18.0.5:43344 - "POST /clientes/1/transacoes HTTP/1.0" 200 OK
api02-1  | INFO:     172.18.0.5:60630 - "POST /clientes/1/transacoes HTTP/1.0" 200 OK
api01-1  | INFO:     172.18.0.5:43350 - "POST /clientes/2/transacoes HTTP/1.0" 200 OK
api02-1  | INFO:     172.18.0.5:60642 - "POST /clientes/1/transacoes HTTP/1.0" 200 OK
api01-1  | INFO:     172.18.0.5:43360 - "POST /clientes/2/transacoes HTTP/1.0" 200 OK
api02-1  | INFO:     172.18.0.5:60652 - "POST /clientes/5/transacoes HTTP/1.0" 200 OK
api01-1  | INFO:     172.18.0.5:43370 - "POST /clientes/2/transacoes HTTP/1.0" 200 OK
api02-1  | INFO:     172.18.0.5:60656 - "POST /clientes/3/transacoes HTTP/1.0" 200 OK
api01-1  | INFO:     172.18.0.5:43378 - "POST /clientes/4/transacoes HTTP/1.0" 200 OK
api02-1  | INFO:     172.18.0.5:60668 - "POST /clientes/2/transacoes HTTP/1.0" 200 OK
api01-1  | INFO:     172.18.0.5:43388 - "GET /clientes/5/extrato HTTP/1.0" 200 OK
api02-1  | INFO:     172.18.0.5:60680 - "POST /clientes/5/transacoes HTTP/1.0" 200 OK
api01-1  | INFO:     172.18.0.5:43400 - "POST /clientes/2/transacoes HTTP/1.0" 200 OK
api02-1  | INFO:     172.18.0.5:60690 - "POST /clientes/1/transacoes HTTP/1.0" 200 OK
api01-1  | INFO:     172.18.0.5:43414 - "POST /clientes/4/transacoes HTTP/1.0" 200 OK
api02-1  | INFO:     172.18.0.5:60706 - "POST /clientes/5/transacoes HTTP/1.0" 200 OK
api01-1  | INFO:     172.18.0.5:43428 - "POST /clientes/1/transacoes HTTP/1.0" 200 OK
api02-1  | INFO:     172.18.0.5:60722 - "POST /clientes/5/transacoes HTTP/1.0" 200 OK
api01-1  | INFO:     172.18.0.5:43430 - "POST /clientes/5/transacoes HTTP/1.0" 200 OK
api02-1  | INFO:     172.18.0.5:60726 - "POST /clientes/4/transacoes HTTP/1.0" 200 OK
api01-1  | INFO:     172.18.0.5:43440 - "POST /clientes/3/transacoes HTTP/1.0" 200 OK
api02-1  | INFO:     172.18.0.5:60742 - "POST /clientes/5/transacoes HTTP/1.0" 200 OK
api01-1  | INFO:     172.18.0.5:43456 - "GET /clientes/4/extrato HTTP/1.0" 200 OK
api02-1  | INFO:     172.18.0.5:60750 - "POST /clientes/2/transacoes HTTP/1.0" 200 OK
api01-1  | INFO:     172.18.0.5:43464 - "POST /clientes/4/transacoes HTTP/1.0" 200 OK
api02-1  | INFO:     172.18.0.5:60758 - "POST /clientes/3/transacoes HTTP/1.0" 200 OK
api01-1  | INFO:     172.18.0.5:43476 - "POST /clientes/3/transacoes HTTP/1.0" 200 OK
api02-1  | INFO:     172.18.0.5:60766 - "POST /clientes/5/transacoes HTTP/1.0" 200 OK
api01-1  | INFO:     172.18.0.5:43484 - "POST /clientes/2/transacoes HTTP/1.0" 200 OK
api02-1  | INFO:     172.18.0.5:60778 - "POST /clientes/2/transacoes HTTP/1.0" 200 OK
api01-1  | INFO:     172.18.0.5:43486 - "POST /clientes/3/transacoes HTTP/1.0" 200 OK
api02-1  | INFO:     172.18.0.5:60782 - "POST /clientes/5/transacoes HTTP/1.0" 200 OK
api01-1  | INFO:     172.18.0.5:43494 - "POST /clientes/4/transacoes HTTP/1.0" 200 OK
api02-1  | INFO:     172.18.0.5:60786 - "POST /clientes/1/transacoes HTTP/1.0" 200 OK
api01-1  | INFO:     172.18.0.5:43496 - "GET /clientes/3/extrato HTTP/1.0" 200 OK
api02-1  | INFO:     172.18.0.5:60800 - "POST /clientes/3/transacoes HTTP/1.0" 200 OK
api01-1  | INFO:     172.18.0.5:43512 - "POST /clientes/1/transacoes HTTP/1.0" 200 OK
api02-1  | INFO:     172.18.0.5:60812 - "POST /clientes/1/transacoes HTTP/1.0" 200 OK
api02-1  | INFO:     172.18.0.5:60818 - "POST /clientes/1/transacoes HTTP/1.0" 200 OK
api01-1  | INFO:     172.18.0.5:43514 - "POST /clientes/1/transacoes HTTP/1.0" 200 OK
api01-1  | INFO:     172.18.0.5:43516 - "POST /clientes/2/transacoes HTTP/1.0" 200 OK
api01-1  | INFO:     172.18.0.5:43532 - "POST /clientes/5/transacoes HTTP/1.0" 200 OK
api02-1  | INFO:     172.18.0.5:60826 - "POST /clientes/5/transacoes HTTP/1.0" 200 OK
api02-1  | INFO:     172.18.0.5:60832 - "POST /clientes/4/transacoes HTTP/1.0" 200 OK
api01-1  | INFO:     172.18.0.5:43536 - "POST /clientes/2/transacoes HTTP/1.0" 200 OK
api02-1  | INFO:     172.18.0.5:60838 - "POST /clientes/1/transacoes HTTP/1.0" 200 OK
api01-1  | INFO:     172.18.0.5:43550 - "POST /clientes/3/transacoes HTTP/1.0" 200 OK
api01-1  | INFO:     172.18.0.5:43560 - "POST /clientes/1/transacoes HTTP/1.0" 200 OK
api02-1  | INFO:     172.18.0.5:60848 - "POST /clientes/4/transacoes HTTP/1.0" 200 OK
api02-1  | INFO:     172.18.0.5:60862 - "GET /clientes/1/extrato HTTP/1.0" 200 OK
api01-1  | INFO:     172.18.0.5:43564 - "POST /clientes/1/transacoes HTTP/1.0" 200 OK
api02-1  | INFO:     172.18.0.5:60872 - "POST /clientes/4/transacoes HTTP/1.0" 200 OK
api01-1  | INFO:     172.18.0.5:43574 - "POST /clientes/5/transacoes HTTP/1.0" 200 OK
api02-1  | INFO:     172.18.0.5:60882 - "POST /clientes/4/transacoes HTTP/1.0" 200 OK
api02-1  | INFO:     172.18.0.5:60894 - "POST /clientes/3/transacoes HTTP/1.0" 200 OK
api01-1  | INFO:     172.18.0.5:43576 - "POST /clientes/1/transacoes HTTP/1.0" 200 OK
api01-1  | INFO:     172.18.0.5:43588 - "POST /clientes/2/transacoes HTTP/1.0" 200 OK
api02-1  | INFO:     172.18.0.5:60898 - "POST /clientes/5/transacoes HTTP/1.0" 200 OK
api01-1  | INFO:     172.18.0.5:43604 - "POST /clientes/4/transacoes HTTP/1.0" 200 OK
api02-1  | INFO:     172.18.0.5:60912 - "POST /clientes/1/transacoes HTTP/1.0" 200 OK
api01-1  | INFO:     172.18.0.5:43606 - "GET /clientes/2/extrato HTTP/1.0" 200 OK
api02-1  | INFO:     172.18.0.5:60922 - "POST /clientes/1/transacoes HTTP/1.0" 200 OK
api01-1  | INFO:     172.18.0.5:43616 - "POST /clientes/2/transacoes HTTP/1.0" 200 OK
api02-1  | INFO:     172.18.0.5:60932 - "POST /clientes/1/transacoes HTTP/1.0" 200 OK
api01-1  | INFO:     172.18.0.5:43618 - "POST /clientes/4/transacoes HTTP/1.0" 200 OK
api02-1  | INFO:     172.18.0.5:60936 - "POST /clientes/1/transacoes HTTP/1.0" 200 OK
api01-1  | INFO:     172.18.0.5:43632 - "POST /clientes/5/transacoes HTTP/1.0" 200 OK
api02-1  | INFO:     172.18.0.5:60946 - "POST /clientes/3/transacoes HTTP/1.0" 200 OK
api01-1  | INFO:     172.18.0.5:43644 - "POST /clientes/3/transacoes HTTP/1.0" 200 OK
api02-1  | INFO:     172.18.0.5:60962 - "POST /clientes/4/transacoes HTTP/1.0" 200 OK
api01-1  | INFO:     172.18.0.5:43648 - "POST /clientes/4/transacoes HTTP/1.0" 200 OK
api02-1  | INFO:     172.18.0.5:60974 - "POST /clientes/3/transacoes HTTP/1.0" 200 OK
api01-1  | INFO:     172.18.0.5:43664 - "POST /clientes/3/transacoes HTTP/1.0" 200 OK
api02-1  | INFO:     172.18.0.5:60990 - "POST /clientes/1/transacoes HTTP/1.0" 200 OK
api01-1  | INFO:     172.18.0.5:43668 - "POST /clientes/3/transacoes HTTP/1.0" 200 OK
api02-1  | INFO:     172.18.0.5:60994 - "POST /clientes/4/transacoes HTTP/1.0" 200 OK
api01-1  | INFO:     172.18.0.5:43670 - "POST /clientes/5/transacoes HTTP/1.0" 200 OK
api02-1  | INFO:     172.18.0.5:32778 - "POST /clientes/5/transacoes HTTP/1.0" 200 OK
api01-1  | INFO:     172.18.0.5:43678 - "POST /clientes/3/transacoes HTTP/1.0" 200 OK
api02-1  | INFO:     172.18.0.5:32782 - "POST /clientes/1/transacoes HTTP/1.0" 200 OK
api01-1  | INFO:     172.18.0.5:43682 - "POST /clientes/5/transacoes HTTP/1.0" 200 OK
api02-1  | INFO:     172.18.0.5:32790 - "POST /clientes/2/transacoes HTTP/1.0" 200 OK
api01-1  | INFO:     172.18.0.5:43698 - "POST /clientes/2/transacoes HTTP/1.0" 200 OK
api02-1  | INFO:     172.18.0.5:32798 - "POST /clientes/4/transacoes HTTP/1.0" 200 OK
api01-1  | INFO:     172.18.0.5:43714 - "POST /clientes/1/transacoes HTTP/1.0" 200 OK
api02-1  | INFO:     172.18.0.5:32802 - "POST /clientes/3/transacoes HTTP/1.0" 200 OK
api01-1  | INFO:     172.18.0.5:43716 - "POST /clientes/1/transacoes HTTP/1.0" 200 OK
api02-1  | INFO:     172.18.0.5:32808 - "POST /clientes/3/transacoes HTTP/1.0" 200 OK
api01-1  | INFO:     172.18.0.5:52030 - "POST /clientes/3/transacoes HTTP/1.0" 200 OK
api02-1  | INFO:     172.18.0.5:40224 - "POST /clientes/1/transacoes HTTP/1.0" 200 OK
api02-1  | INFO:     172.18.0.5:40232 - "POST /clientes/3/transacoes HTTP/1.0" 200 OK
api01-1  | INFO:     172.18.0.5:52038 - "GET /clientes/3/extrato HTTP/1.0" 200 OK
api01-1  | INFO:     172.18.0.5:52052 - "POST /clientes/5/transacoes HTTP/1.0" 200 OK
api02-1  | INFO:     172.18.0.5:40236 - "POST /clientes/2/transacoes HTTP/1.0" 200 OK
api01-1  | INFO:     172.18.0.5:52058 - "POST /clientes/1/transacoes HTTP/1.0" 200 OK
api02-1  | INFO:     172.18.0.5:40240 - "POST /clientes/5/transacoes HTTP/1.0" 200 OK
api01-1  | INFO:     172.18.0.5:52060 - "POST /clientes/4/transacoes HTTP/1.0" 200 OK
api01-1  | INFO:     172.18.0.5:52076 - "POST /clientes/5/transacoes HTTP/1.0" 200 OK
api02-1  | INFO:     172.18.0.5:40244 - "POST /clientes/3/transacoes HTTP/1.0" 200 OK
api02-1  | INFO:     172.18.0.5:40256 - "POST /clientes/3/transacoes HTTP/1.0" 200 OK
api01-1  | INFO:     172.18.0.5:52082 - "POST /clientes/4/transacoes HTTP/1.0" 200 OK
api02-1  | INFO:     172.18.0.5:40270 - "POST /clientes/4/transacoes HTTP/1.0" 200 OK
api01-1  | INFO:     172.18.0.5:52090 - "POST /clientes/5/transacoes HTTP/1.0" 200 OK
api01-1  | INFO:     172.18.0.5:52102 - "POST /clientes/4/transacoes HTTP/1.0" 200 OK
api02-1  | INFO:     172.18.0.5:40286 - "POST /clientes/3/transacoes HTTP/1.0" 200 OK
api02-1  | INFO:     172.18.0.5:40294 - "POST /clientes/4/transacoes HTTP/1.0" 200 OK
api02-1  | INFO:     172.18.0.5:40298 - "POST /clientes/5/transacoes HTTP/1.0" 200 OK
api01-1  | INFO:     172.18.0.5:52112 - "GET /clientes/1/extrato HTTP/1.0" 200 OK
api01-1  | INFO:     172.18.0.5:52128 - "POST /clientes/3/transacoes HTTP/1.0" 200 OK
api02-1  | INFO:     172.18.0.5:40314 - "POST /clientes/4/transacoes HTTP/1.0" 200 OK
api02-1  | INFO:     172.18.0.5:40322 - "POST /clientes/4/transacoes HTTP/1.0" 200 OK
api01-1  | INFO:     172.18.0.5:52130 - "POST /clientes/1/transacoes HTTP/1.0" 200 OK
api01-1  | INFO:     172.18.0.5:52134 - "POST /clientes/2/transacoes HTTP/1.0" 200 OK
api02-1  | INFO:     172.18.0.5:40324 - "POST /clientes/5/transacoes HTTP/1.0" 200 OK
api01-1  | INFO:     172.18.0.5:52148 - "POST /clientes/1/transacoes HTTP/1.0" 200 OK
api02-1  | INFO:     172.18.0.5:40334 - "POST /clientes/3/transacoes HTTP/1.0" 200 OK
api02-1  | INFO:     172.18.0.5:40348 - "POST /clientes/1/transacoes HTTP/1.0" 200 OK
api01-1  | INFO:     172.18.0.5:52158 - "POST /clientes/5/transacoes HTTP/1.0" 200 OK
api01-1  | INFO:     172.18.0.5:52160 - "POST /clientes/5/transacoes HTTP/1.0" 200 OK
api01-1  | INFO:     172.18.0.5:52174 - "POST /clientes/5/transacoes HTTP/1.0" 200 OK
api02-1  | INFO:     172.18.0.5:40350 - "POST /clientes/3/transacoes HTTP/1.0" 200 OK
api02-1  | INFO:     172.18.0.5:40358 - "POST /clientes/5/transacoes HTTP/1.0" 200 OK
api02-1  | INFO:     172.18.0.5:40370 - "POST /clientes/4/transacoes HTTP/1.0" 200 OK
api01-1  | INFO:     172.18.0.5:52178 - "GET /clientes/3/extrato HTTP/1.0" 200 OK
api01-1  | INFO:     172.18.0.5:52188 - "POST /clientes/3/transacoes HTTP/1.0" 200 OK
api02-1  | INFO:     172.18.0.5:40386 - "POST /clientes/3/transacoes HTTP/1.0" 200 OK
api01-1  | INFO:     172.18.0.5:52196 - "POST /clientes/2/transacoes HTTP/1.0" 200 OK
api02-1  | INFO:     172.18.0.5:40400 - "POST /clientes/4/transacoes HTTP/1.0" 200 OK
api01-1  | INFO:     172.18.0.5:52208 - "POST /clientes/2/transacoes HTTP/1.0" 200 OK
api02-1  | INFO:     172.18.0.5:40412 - "POST /clientes/3/transacoes HTTP/1.0" 200 OK
api01-1  | INFO:     172.18.0.5:52216 - "POST /clientes/5/transacoes HTTP/1.0" 200 OK
api02-1  | INFO:     172.18.0.5:40422 - "POST /clientes/3/transacoes HTTP/1.0" 200 OK
api01-1  | INFO:     172.18.0.5:52230 - "POST /clientes/5/transacoes HTTP/1.0" 200 OK
api02-1  | INFO:     172.18.0.5:40430 - "POST /clientes/2/transacoes HTTP/1.0" 200 OK
api01-1  | INFO:     172.18.0.5:52246 - "POST /clientes/2/transacoes HTTP/1.0" 200 OK
api02-1  | INFO:     172.18.0.5:40440 - "POST /clientes/4/transacoes HTTP/1.0" 200 OK
api01-1  | INFO:     172.18.0.5:52250 - "POST /clientes/3/transacoes HTTP/1.0" 200 OK
api02-1  | INFO:     172.18.0.5:40446 - "POST /clientes/3/transacoes HTTP/1.0" 200 OK
api01-1  | INFO:     172.18.0.5:52266 - "POST /clientes/5/transacoes HTTP/1.0" 200 OK
api02-1  | INFO:     172.18.0.5:40454 - "POST /clientes/1/transacoes HTTP/1.0" 200 OK
api02-1  | INFO:     172.18.0.5:40460 - "POST /clientes/2/transacoes HTTP/1.0" 200 OK
api01-1  | INFO:     172.18.0.5:52270 - "POST /clientes/1/transacoes HTTP/1.0" 200 OK
api01-1  | INFO:     172.18.0.5:52286 - "GET /clientes/1/extrato HTTP/1.0" 200 OK
api02-1  | INFO:     172.18.0.5:40476 - "POST /clientes/2/transacoes HTTP/1.0" 200 OK
api01-1  | INFO:     172.18.0.5:52300 - "POST /clientes/4/transacoes HTTP/1.0" 200 OK
api02-1  | INFO:     172.18.0.5:40484 - "POST /clientes/5/transacoes HTTP/1.0" 200 OK
api01-1  | INFO:     172.18.0.5:52312 - "POST /clientes/1/transacoes HTTP/1.0" 200 OK
api02-1  | INFO:     172.18.0.5:40488 - "POST /clientes/4/transacoes HTTP/1.0" 200 OK
api01-1  | INFO:     172.18.0.5:52314 - "POST /clientes/5/transacoes HTTP/1.0" 200 OK
api02-1  | INFO:     172.18.0.5:40490 - "POST /clientes/4/transacoes HTTP/1.0" 200 OK
api01-1  | INFO:     172.18.0.5:52316 - "POST /clientes/1/transacoes HTTP/1.0" 200 OK
api02-1  | INFO:     172.18.0.5:40500 - "POST /clientes/5/transacoes HTTP/1.0" 200 OK
api01-1  | INFO:     172.18.0.5:52320 - "POST /clientes/2/transacoes HTTP/1.0" 422 Unprocessable Entity
api02-1  | INFO:     172.18.0.5:40506 - "POST /clientes/4/transacoes HTTP/1.0" 200 OK
api01-1  | INFO:     172.18.0.5:52332 - "POST /clientes/5/transacoes HTTP/1.0" 200 OK
api02-1  | INFO:     172.18.0.5:40516 - "POST /clientes/5/transacoes HTTP/1.0" 200 OK
api01-1  | INFO:     172.18.0.5:52336 - "POST /clientes/4/transacoes HTTP/1.0" 200 OK
api02-1  | INFO:     172.18.0.5:40522 - "POST /clientes/3/transacoes HTTP/1.0" 200 OK
api02-1  | INFO:     172.18.0.5:40536 - "POST /clientes/1/transacoes HTTP/1.0" 200 OK
api01-1  | INFO:     172.18.0.5:52346 - "GET /clientes/1/extrato HTTP/1.0" 200 OK
api01-1  | INFO:     172.18.0.5:52358 - "POST /clientes/4/transacoes HTTP/1.0" 200 OK
api02-1  | INFO:     172.18.0.5:40538 - "POST /clientes/2/transacoes HTTP/1.0" 422 Unprocessable Entity
api01-1  | INFO:     172.18.0.5:52362 - "POST /clientes/2/transacoes HTTP/1.0" 422 Unprocessable Entity
api02-1  | INFO:     172.18.0.5:40554 - "POST /clientes/3/transacoes HTTP/1.0" 200 OK
api01-1  | INFO:     172.18.0.5:52364 - "POST /clientes/2/transacoes HTTP/1.0" 422 Unprocessable Entity
api02-1  | INFO:     172.18.0.5:40558 - "POST /clientes/4/transacoes HTTP/1.0" 200 OK
api01-1  | INFO:     172.18.0.5:52374 - "POST /clientes/2/transacoes HTTP/1.0" 200 OK
api02-1  | INFO:     172.18.0.5:40562 - "POST /clientes/4/transacoes HTTP/1.0" 200 OK
api02-1  | INFO:     172.18.0.5:40574 - "POST /clientes/4/transacoes HTTP/1.0" 200 OK
api01-1  | INFO:     172.18.0.5:52386 - "POST /clientes/2/transacoes HTTP/1.0" 200 OK
api01-1  | INFO:     172.18.0.5:52390 - "POST /clientes/2/transacoes HTTP/1.0" 200 OK
api01-1  | INFO:     172.18.0.5:52402 - "POST /clientes/5/transacoes HTTP/1.0" 200 OK
api02-1  | INFO:     172.18.0.5:40580 - "POST /clientes/3/transacoes HTTP/1.0" 200 OK
api02-1  | INFO:     172.18.0.5:40592 - "POST /clientes/3/transacoes HTTP/1.0" 200 OK
api02-1  | INFO:     172.18.0.5:40602 - "POST /clientes/1/transacoes HTTP/1.0" 200 OK
api01-1  | INFO:     172.18.0.5:52410 - "POST /clientes/5/transacoes HTTP/1.0" 200 OK
api01-1  | INFO:     172.18.0.5:52424 - "POST /clientes/4/transacoes HTTP/1.0" 200 OK
api01-1  | INFO:     172.18.0.5:52430 - "POST /clientes/3/transacoes HTTP/1.0" 200 OK
api02-1  | INFO:     172.18.0.5:40606 - "GET /clientes/2/extrato HTTP/1.0" 200 OK
api02-1  | INFO:     172.18.0.5:40610 - "POST /clientes/3/transacoes HTTP/1.0" 200 OK
api01-1  | INFO:     172.18.0.5:52434 - "POST /clientes/2/transacoes HTTP/1.0" 200 OK
api01-1  | INFO:     172.18.0.5:52448 - "POST /clientes/4/transacoes HTTP/1.0" 200 OK
api02-1  | INFO:     172.18.0.5:40626 - "POST /clientes/4/transacoes HTTP/1.0" 200 OK
api02-1  | INFO:     172.18.0.5:40634 - "POST /clientes/5/transacoes HTTP/1.0" 200 OK
api01-1  | INFO:     172.18.0.5:52458 - "POST /clientes/1/transacoes HTTP/1.0" 200 OK
api02-1  | INFO:     172.18.0.5:40642 - "POST /clientes/5/transacoes HTTP/1.0" 200 OK
api01-1  | INFO:     172.18.0.5:52464 - "POST /clientes/2/transacoes HTTP/1.0" 200 OK
api02-1  | INFO:     172.18.0.5:40648 - "POST /clientes/5/transacoes HTTP/1.0" 200 OK
api01-1  | INFO:     172.18.0.5:52472 - "POST /clientes/5/transacoes HTTP/1.0" 200 OK
api02-1  | INFO:     172.18.0.5:40650 - "POST /clientes/1/transacoes HTTP/1.0" 200 OK
api02-1  | INFO:     172.18.0.5:40666 - "POST /clientes/3/transacoes HTTP/1.0" 200 OK
api01-1  | INFO:     172.18.0.5:52488 - "POST /clientes/4/transacoes HTTP/1.0" 200 OK
api01-1  | INFO:     172.18.0.5:52490 - "POST /clientes/3/transacoes HTTP/1.0" 200 OK
api02-1  | INFO:     172.18.0.5:40676 - "POST /clientes/5/transacoes HTTP/1.0" 200 OK
api01-1  | INFO:     172.18.0.5:52498 - "POST /clientes/5/transacoes HTTP/1.0" 200 OK
api02-1  | INFO:     172.18.0.5:40688 - "POST /clientes/2/transacoes HTTP/1.0" 422 Unprocessable Entity
api02-1  | INFO:     172.18.0.5:40694 - "GET /clientes/1/extrato HTTP/1.0" 200 OK
api01-1  | INFO:     172.18.0.5:52504 - "POST /clientes/2/transacoes HTTP/1.0" 200 OK
api01-1  | INFO:     172.18.0.5:52506 - "POST /clientes/1/transacoes HTTP/1.0" 200 OK
api02-1  | INFO:     172.18.0.5:40700 - "POST /clientes/3/transacoes HTTP/1.0" 200 OK
api01-1  | INFO:     172.18.0.5:52522 - "POST /clientes/3/transacoes HTTP/1.0" 200 OK
api02-1  | INFO:     172.18.0.5:40702 - "POST /clientes/2/transacoes HTTP/1.0" 422 Unprocessable Entity
api01-1  | INFO:     172.18.0.5:52528 - "POST /clientes/2/transacoes HTTP/1.0" 200 OK
api02-1  | INFO:     172.18.0.5:40706 - "POST /clientes/3/transacoes HTTP/1.0" 200 OK
api01-1  | INFO:     172.18.0.5:52540 - "POST /clientes/5/transacoes HTTP/1.0" 200 OK
