 Network rinha-nginx-2024q1  Creating
 Network rinha-nginx-2024q1  Created
 Container jairoandre-db-1  Creating
 Container jairoandre-db-1  Created
 Container jairoandre-api02-1  Creating
 Container jairoandre-api01-1  Creating
 Container jairoandre-api02-1  Created
 Container jairoandre-api01-1  Created
 Container jairoandre-nginx-1  Creating
 Container jairoandre-nginx-1  Created
Attaching to api01-1, api02-1, db-1, nginx-1
db-1     | The files belonging to this database system will be owned by user "postgres".
db-1     | This user must also own the server process.
db-1     | 
db-1     | The database cluster will be initialized with locale "en_US.utf8".
db-1     | The default database encoding has accordingly been set to "UTF8".
db-1     | The default text search configuration will be set to "english".
db-1     | 
db-1     | Data page checksums are disabled.
db-1     | 
db-1     | fixing permissions on existing directory /var/lib/postgresql/data ... ok
db-1     | creating subdirectories ... ok
db-1     | selecting dynamic shared memory implementation ... posix
api01-1  | Trying to connect to the database: postgres://root:root@db:5432/rb2024
api02-1  | Trying to connect to the database: postgres://root:root@db:5432/rb2024
db-1     | selecting default max_connections ... 100
db-1     | selecting default shared_buffers ... 128MB
db-1     | selecting default time zone ... Etc/UTC
db-1     | creating configuration files ... ok
nginx-1  | /docker-entrypoint.sh: /docker-entrypoint.d/ is not empty, will attempt to perform configuration
nginx-1  | /docker-entrypoint.sh: Looking for shell scripts in /docker-entrypoint.d/
nginx-1  | /docker-entrypoint.sh: Launching /docker-entrypoint.d/10-listen-on-ipv6-by-default.sh
nginx-1  | 10-listen-on-ipv6-by-default.sh: info: Getting the checksum of /etc/nginx/conf.d/default.conf
nginx-1  | 10-listen-on-ipv6-by-default.sh: info: Enabled listen on IPv6 in /etc/nginx/conf.d/default.conf
nginx-1  | /docker-entrypoint.sh: Sourcing /docker-entrypoint.d/15-local-resolvers.envsh
nginx-1  | /docker-entrypoint.sh: Launching /docker-entrypoint.d/20-envsubst-on-templates.sh
nginx-1  | /docker-entrypoint.sh: Launching /docker-entrypoint.d/30-tune-worker-processes.sh
nginx-1  | /docker-entrypoint.sh: Configuration complete; ready for start up
db-1     | running bootstrap script ... ok
db-1     | performing post-bootstrap initialization ... ok
nginx-1  | 2024/02/25 21:27:22 [error] 29#29: *1 connect() failed (111: Connection refused) while connecting to upstream, client: 172.26.0.1, server: , request: "GET /clientes/1/extrato HTTP/1.1", upstream: "http://172.26.0.3:9999/clientes/1/extrato", host: "localhost:9999"
nginx-1  | 2024/02/25 21:27:22 [error] 29#29: *1 connect() failed (111: Connection refused) while connecting to upstream, client: 172.26.0.1, server: , request: "GET /clientes/1/extrato HTTP/1.1", upstream: "http://172.26.0.4:9999/clientes/1/extrato", host: "localhost:9999"
db-1     | initdb: warning: enabling "trust" authentication for local connections
db-1     | You can change this by editing pg_hba.conf or using the option -A, or
db-1     | --auth-local and --auth-host, the next time you run initdb.
db-1     | syncing data to disk ... ok
db-1     | 
db-1     | 
db-1     | Success. You can now start the database server using:
db-1     | 
db-1     |     pg_ctl -D /var/lib/postgresql/data -l logfile start
db-1     | 
db-1     | waiting for server to start....2024-02-25 21:27:23.015 UTC [48] LOG:  starting PostgreSQL 13.14 (Debian 13.14-1.pgdg120+2) on x86_64-pc-linux-gnu, compiled by gcc (Debian 12.2.0-14) 12.2.0, 64-bit
db-1     | 2024-02-25 21:27:23.018 UTC [48] LOG:  listening on Unix socket "/var/run/postgresql/.s.PGSQL.5432"
db-1     | 2024-02-25 21:27:23.028 UTC [49] LOG:  database system was shut down at 2024-02-25 21:27:22 UTC
db-1     | 2024-02-25 21:27:23.034 UTC [48] LOG:  database system is ready to accept connections
db-1     |  done
db-1     | server started
db-1     | CREATE DATABASE
db-1     | 
db-1     | 
db-1     | /usr/local/bin/docker-entrypoint.sh: running /docker-entrypoint-initdb.d/ddl.sql
db-1     | CREATE TABLE
db-1     | CREATE TABLE
db-1     | CREATE VIEW
db-1     | INSERT 0 5
db-1     | 
db-1     | 
db-1     | waiting for server to shut down....2024-02-25 21:27:24.231 UTC [48] LOG:  received fast shutdown request
db-1     | 2024-02-25 21:27:24.234 UTC [48] LOG:  aborting any active transactions
db-1     | 2024-02-25 21:27:24.236 UTC [48] LOG:  background worker "logical replication launcher" (PID 55) exited with exit code 1
db-1     | 2024-02-25 21:27:24.314 UTC [50] LOG:  shutting down
nginx-1  | 2024/02/25 21:27:24 [error] 29#29: *4 no live upstreams while connecting to upstream, client: 172.26.0.1, server: , request: "GET /clientes/1/extrato HTTP/1.1", upstream: "http://api/clientes/1/extrato", host: "localhost:9999"
db-1     | 2024-02-25 21:27:24.426 UTC [48] LOG:  database system is shut down
db-1     |  done
db-1     | server stopped
db-1     | 
db-1     | PostgreSQL init process complete; ready for start up.
db-1     | 
db-1     | 2024-02-25 21:27:24.528 UTC [1] LOG:  starting PostgreSQL 13.14 (Debian 13.14-1.pgdg120+2) on x86_64-pc-linux-gnu, compiled by gcc (Debian 12.2.0-14) 12.2.0, 64-bit
db-1     | 2024-02-25 21:27:24.528 UTC [1] LOG:  listening on IPv4 address "0.0.0.0", port 5432
db-1     | 2024-02-25 21:27:24.528 UTC [1] LOG:  listening on IPv6 address "::", port 5432
db-1     | 2024-02-25 21:27:24.534 UTC [1] LOG:  listening on Unix socket "/var/run/postgresql/.s.PGSQL.5432"
db-1     | 2024-02-25 21:27:24.546 UTC [65] LOG:  database system was shut down at 2024-02-25 21:27:24 UTC
db-1     | 2024-02-25 21:27:24.615 UTC [1] LOG:  database system is ready to accept connections
nginx-1  | 2024/02/25 21:27:26 [error] 29#29: *5 no live upstreams while connecting to upstream, client: 172.26.0.1, server: , request: "GET /clientes/1/extrato HTTP/1.1", upstream: "http://api/clientes/1/extrato", host: "localhost:9999"
nginx-1  | 2024/02/25 21:27:28 [error] 29#29: *6 no live upstreams while connecting to upstream, client: 172.26.0.1, server: , request: "GET /clientes/1/extrato HTTP/1.1", upstream: "http://api/clientes/1/extrato", host: "localhost:9999"
api02-1  | [2024-02-25T21:27:29Z INFO  actix_server::builder] starting 1 workers
api02-1  | [2024-02-25T21:27:29Z INFO  actix_server::server] Actix runtime found; starting in Actix runtime
api01-1  | [2024-02-25T21:27:29Z INFO  actix_server::builder] starting 1 workers
api01-1  | [2024-02-25T21:27:29Z INFO  actix_server::server] Actix runtime found; starting in Actix runtime
nginx-1  | 2024/02/25 21:27:30 [error] 29#29: *7 no live upstreams while connecting to upstream, client: 172.26.0.1, server: , request: "GET /clientes/1/extrato HTTP/1.1", upstream: "http://api/clientes/1/extrato", host: "localhost:9999"
nginx-1  | 2024/02/25 21:27:32 [error] 29#29: *8 no live upstreams while connecting to upstream, client: 172.26.0.1, server: , request: "GET /clientes/1/extrato HTTP/1.1", upstream: "http://api/clientes/1/extrato", host: "localhost:9999"
api02-1  | [2024-02-25T21:27:34Z INFO  actix_web::middleware::logger] 172.26.0.5 "GET /clientes/1/extrato HTTP/1.0" 200 114 "-" "curl/7.81.0" 0.005373
api02-1  | [2024-02-25T21:27:34Z INFO  actix_web::middleware::logger] 172.26.0.5 "GET /clientes/1/extrato HTTP/1.0" 200 114 "-" "curl/7.81.0" 0.000667
api02-1  | [2024-02-25T21:27:39Z INFO  actix_web::middleware::logger] 172.26.0.5 "POST /clientes/1/transacoes HTTP/1.0" 200 28 "-" "Agente do Caos - 2024/Q1" 0.005153
api01-1  | [2024-02-25T21:27:39Z INFO  actix_web::middleware::logger] 172.26.0.5 "POST /clientes/1/transacoes HTTP/1.0" 200 28 "-" "Agente do Caos - 2024/Q1" 0.011832
api02-1  | [2024-02-25T21:27:39Z INFO  actix_web::middleware::logger] 172.26.0.5 "POST /clientes/1/transacoes HTTP/1.0" 200 28 "-" "Agente do Caos - 2024/Q1" 0.033570
api01-1  | [2024-02-25T21:27:39Z INFO  actix_web::middleware::logger] 172.26.0.5 "POST /clientes/1/transacoes HTTP/1.0" 200 28 "-" "Agente do Caos - 2024/Q1" 0.121200
api02-1  | [2024-02-25T21:27:39Z INFO  actix_web::middleware::logger] 172.26.0.5 "POST /clientes/1/transacoes HTTP/1.0" 200 28 "-" "Agente do Caos - 2024/Q1" 0.132886
api02-1  | [2024-02-25T21:27:39Z INFO  actix_web::middleware::logger] 172.26.0.5 "POST /clientes/1/transacoes HTTP/1.0" 200 28 "-" "Agente do Caos - 2024/Q1" 0.134774
api02-1  | [2024-02-25T21:27:39Z INFO  actix_web::middleware::logger] 172.26.0.5 "POST /clientes/1/transacoes HTTP/1.0" 200 28 "-" "Agente do Caos - 2024/Q1" 0.126203
api01-1  | [2024-02-25T21:27:39Z INFO  actix_web::middleware::logger] 172.26.0.5 "POST /clientes/1/transacoes HTTP/1.0" 200 28 "-" "Agente do Caos - 2024/Q1" 0.126000
api02-1  | [2024-02-25T21:27:39Z INFO  actix_web::middleware::logger] 172.26.0.5 "POST /clientes/1/transacoes HTTP/1.0" 200 28 "-" "Agente do Caos - 2024/Q1" 0.217198
api02-1  | [2024-02-25T21:27:39Z INFO  actix_web::middleware::logger] 172.26.0.5 "POST /clientes/1/transacoes HTTP/1.0" 200 29 "-" "Agente do Caos - 2024/Q1" 0.219473
api02-1  | [2024-02-25T21:27:39Z INFO  actix_web::middleware::logger] 172.26.0.5 "POST /clientes/1/transacoes HTTP/1.0" 200 29 "-" "Agente do Caos - 2024/Q1" 0.234231
api02-1  | [2024-02-25T21:27:39Z INFO  actix_web::middleware::logger] 172.26.0.5 "POST /clientes/1/transacoes HTTP/1.0" 200 29 "-" "Agente do Caos - 2024/Q1" 0.221425
api01-1  | [2024-02-25T21:27:39Z INFO  actix_web::middleware::logger] 172.26.0.5 "POST /clientes/1/transacoes HTTP/1.0" 200 29 "-" "Agente do Caos - 2024/Q1" 0.222431
api02-1  | [2024-02-25T21:27:39Z INFO  actix_web::middleware::logger] 172.26.0.5 "POST /clientes/1/transacoes HTTP/1.0" 200 29 "-" "Agente do Caos - 2024/Q1" 0.211168
api02-1  | [2024-02-25T21:27:39Z INFO  actix_web::middleware::logger] 172.26.0.5 "POST /clientes/1/transacoes HTTP/1.0" 200 29 "-" "Agente do Caos - 2024/Q1" 0.226713
api01-1  | [2024-02-25T21:27:39Z INFO  actix_web::middleware::logger] 172.26.0.5 "POST /clientes/1/transacoes HTTP/1.0" 200 29 "-" "Agente do Caos - 2024/Q1" 0.234624
api02-1  | [2024-02-25T21:27:39Z INFO  actix_web::middleware::logger] 172.26.0.5 "POST /clientes/1/transacoes HTTP/1.0" 200 29 "-" "Agente do Caos - 2024/Q1" 0.217507
api01-1  | [2024-02-25T21:27:39Z INFO  actix_web::middleware::logger] 172.26.0.5 "POST /clientes/1/transacoes HTTP/1.0" 200 29 "-" "Agente do Caos - 2024/Q1" 0.233655
api01-1  | [2024-02-25T21:27:39Z INFO  actix_web::middleware::logger] 172.26.0.5 "POST /clientes/1/transacoes HTTP/1.0" 200 29 "-" "Agente do Caos - 2024/Q1" 0.300248
api02-1  | [2024-02-25T21:27:39Z INFO  actix_web::middleware::logger] 172.26.0.5 "POST /clientes/1/transacoes HTTP/1.0" 200 29 "-" "Agente do Caos - 2024/Q1" 0.302420
api02-1  | [2024-02-25T21:27:39Z INFO  actix_web::middleware::logger] 172.26.0.5 "POST /clientes/1/transacoes HTTP/1.0" 200 29 "-" "Agente do Caos - 2024/Q1" 0.320946
api01-1  | [2024-02-25T21:27:39Z INFO  actix_web::middleware::logger] 172.26.0.5 "POST /clientes/1/transacoes HTTP/1.0" 200 29 "-" "Agente do Caos - 2024/Q1" 0.325639
api01-1  | [2024-02-25T21:27:39Z INFO  actix_web::middleware::logger] 172.26.0.5 "POST /clientes/1/transacoes HTTP/1.0" 200 29 "-" "Agente do Caos - 2024/Q1" 0.310238
api01-1  | [2024-02-25T21:27:39Z INFO  actix_web::middleware::logger] 172.26.0.5 "POST /clientes/1/transacoes HTTP/1.0" 200 29 "-" "Agente do Caos - 2024/Q1" 0.330876
api02-1  | [2024-02-25T21:27:39Z INFO  actix_web::middleware::logger] 172.26.0.5 "POST /clientes/1/transacoes HTTP/1.0" 200 29 "-" "Agente do Caos - 2024/Q1" 0.338111
api01-1  | [2024-02-25T21:27:40Z INFO  actix_web::middleware::logger] 172.26.0.5 "GET /clientes/1/extrato HTTP/1.0" 200 1005 "-" "Agente do Caos - 2024/Q1" 0.001742
api02-1  | [2024-02-25T21:27:41Z INFO  actix_web::middleware::logger] 172.26.0.5 "POST /clientes/1/transacoes HTTP/1.0" 200 29 "-" "Agente do Caos - 2024/Q1" 0.004192
api01-1  | [2024-02-25T21:27:41Z INFO  actix_web::middleware::logger] 172.26.0.5 "POST /clientes/1/transacoes HTTP/1.0" 200 29 "-" "Agente do Caos - 2024/Q1" 0.008086
api02-1  | [2024-02-25T21:27:41Z INFO  actix_web::middleware::logger] 172.26.0.5 "POST /clientes/1/transacoes HTTP/1.0" 200 29 "-" "Agente do Caos - 2024/Q1" 0.007234
api02-1  | [2024-02-25T21:27:41Z INFO  actix_web::middleware::logger] 172.26.0.5 "POST /clientes/1/transacoes HTTP/1.0" 200 29 "-" "Agente do Caos - 2024/Q1" 0.013022
api01-1  | [2024-02-25T21:27:41Z INFO  actix_web::middleware::logger] 172.26.0.5 "POST /clientes/1/transacoes HTTP/1.0" 200 29 "-" "Agente do Caos - 2024/Q1" 0.014830
api01-1  | [2024-02-25T21:27:41Z INFO  actix_web::middleware::logger] 172.26.0.5 "POST /clientes/1/transacoes HTTP/1.0" 200 29 "-" "Agente do Caos - 2024/Q1" 0.015547
api02-1  | [2024-02-25T21:27:41Z INFO  actix_web::middleware::logger] 172.26.0.5 "POST /clientes/1/transacoes HTTP/1.0" 200 29 "-" "Agente do Caos - 2024/Q1" 0.015410
api02-1  | [2024-02-25T21:27:41Z INFO  actix_web::middleware::logger] 172.26.0.5 "POST /clientes/1/transacoes HTTP/1.0" 200 29 "-" "Agente do Caos - 2024/Q1" 0.022495
api01-1  | [2024-02-25T21:27:41Z INFO  actix_web::middleware::logger] 172.26.0.5 "POST /clientes/1/transacoes HTTP/1.0" 200 29 "-" "Agente do Caos - 2024/Q1" 0.019324
api02-1  | [2024-02-25T21:27:41Z INFO  actix_web::middleware::logger] 172.26.0.5 "POST /clientes/1/transacoes HTTP/1.0" 200 29 "-" "Agente do Caos - 2024/Q1" 0.024731
api01-1  | [2024-02-25T21:27:41Z INFO  actix_web::middleware::logger] 172.26.0.5 "POST /clientes/1/transacoes HTTP/1.0" 200 29 "-" "Agente do Caos - 2024/Q1" 0.027017
api01-1  | [2024-02-25T21:27:41Z INFO  actix_web::middleware::logger] 172.26.0.5 "POST /clientes/1/transacoes HTTP/1.0" 200 29 "-" "Agente do Caos - 2024/Q1" 0.023982
api02-1  | [2024-02-25T21:27:41Z INFO  actix_web::middleware::logger] 172.26.0.5 "POST /clientes/1/transacoes HTTP/1.0" 200 29 "-" "Agente do Caos - 2024/Q1" 0.024685
api01-1  | [2024-02-25T21:27:41Z INFO  actix_web::middleware::logger] 172.26.0.5 "POST /clientes/1/transacoes HTTP/1.0" 200 29 "-" "Agente do Caos - 2024/Q1" 0.043989
api02-1  | [2024-02-25T21:27:41Z INFO  actix_web::middleware::logger] 172.26.0.5 "POST /clientes/1/transacoes HTTP/1.0" 200 29 "-" "Agente do Caos - 2024/Q1" 0.051157
api01-1  | [2024-02-25T21:27:41Z INFO  actix_web::middleware::logger] 172.26.0.5 "POST /clientes/1/transacoes HTTP/1.0" 200 28 "-" "Agente do Caos - 2024/Q1" 0.049188
api01-1  | [2024-02-25T21:27:41Z INFO  actix_web::middleware::logger] 172.26.0.5 "POST /clientes/1/transacoes HTTP/1.0" 200 28 "-" "Agente do Caos - 2024/Q1" 0.046688
api02-1  | [2024-02-25T21:27:41Z INFO  actix_web::middleware::logger] 172.26.0.5 "POST /clientes/1/transacoes HTTP/1.0" 200 28 "-" "Agente do Caos - 2024/Q1" 0.047887
api01-1  | [2024-02-25T21:27:41Z INFO  actix_web::middleware::logger] 172.26.0.5 "POST /clientes/1/transacoes HTTP/1.0" 200 28 "-" "Agente do Caos - 2024/Q1" 0.059307
api01-1  | [2024-02-25T21:27:41Z INFO  actix_web::middleware::logger] 172.26.0.5 "POST /clientes/1/transacoes HTTP/1.0" 200 28 "-" "Agente do Caos - 2024/Q1" 0.058140
api02-1  | [2024-02-25T21:27:41Z INFO  actix_web::middleware::logger] 172.26.0.5 "POST /clientes/1/transacoes HTTP/1.0" 200 28 "-" "Agente do Caos - 2024/Q1" 0.058301
api01-1  | [2024-02-25T21:27:41Z INFO  actix_web::middleware::logger] 172.26.0.5 "POST /clientes/1/transacoes HTTP/1.0" 200 28 "-" "Agente do Caos - 2024/Q1" 0.057316
api02-1  | [2024-02-25T21:27:41Z INFO  actix_web::middleware::logger] 172.26.0.5 "POST /clientes/1/transacoes HTTP/1.0" 200 28 "-" "Agente do Caos - 2024/Q1" 0.060828
api02-1  | [2024-02-25T21:27:41Z INFO  actix_web::middleware::logger] 172.26.0.5 "POST /clientes/1/transacoes HTTP/1.0" 200 28 "-" "Agente do Caos - 2024/Q1" 0.060137
api02-1  | [2024-02-25T21:27:41Z INFO  actix_web::middleware::logger] 172.26.0.5 "POST /clientes/1/transacoes HTTP/1.0" 200 27 "-" "Agente do Caos - 2024/Q1" 0.063771
api01-1  | [2024-02-25T21:27:42Z INFO  actix_web::middleware::logger] 172.26.0.5 "GET /clientes/1/extrato HTTP/1.0" 200 1003 "-" "Agente do Caos - 2024/Q1" 0.001773
api02-1  | [2024-02-25T21:27:43Z INFO  actix_web::middleware::logger] 172.26.0.5 "GET /clientes/6/extrato HTTP/1.0" 404 16 "-" "Agente do Caos - 2024/Q1" 0.000668
api02-1  | no rows returned by a query that expected to return at least one row
api01-1  | [2024-02-25T21:27:43Z INFO  actix_web::middleware::logger] 172.26.0.5 "GET /clientes/2/extrato HTTP/1.0" 200 113 "-" "Agente do Caos - 2024/Q1" 0.001634
api02-1  | [2024-02-25T21:27:43Z INFO  actix_web::middleware::logger] 172.26.0.5 "GET /clientes/1/extrato HTTP/1.0" 200 1003 "-" "Agente do Caos - 2024/Q1" 0.002458
api01-1  | [2024-02-25T21:27:43Z INFO  actix_web::middleware::logger] 172.26.0.5 "GET /clientes/5/extrato HTTP/1.0" 200 114 "-" "Agente do Caos - 2024/Q1" 0.003772
api01-1  | [2024-02-25T21:27:43Z INFO  actix_web::middleware::logger] 172.26.0.5 "GET /clientes/3/extrato HTTP/1.0" 200 115 "-" "Agente do Caos - 2024/Q1" 0.002817
api02-1  | [2024-02-25T21:27:43Z INFO  actix_web::middleware::logger] 172.26.0.5 "GET /clientes/4/extrato HTTP/1.0" 200 116 "-" "Agente do Caos - 2024/Q1" 0.004662
api02-1  | [2024-02-25T21:27:43Z INFO  actix_web::middleware::logger] 172.26.0.5 "POST /clientes/2/transacoes HTTP/1.0" 200 26 "-" "Agente do Caos - 2024/Q1" 0.002446
api01-1  | [2024-02-25T21:27:43Z INFO  actix_web::middleware::logger] 172.26.0.5 "POST /clientes/1/transacoes HTTP/1.0" 200 27 "-" "Agente do Caos - 2024/Q1" 0.002712
api02-1  | [2024-02-25T21:27:43Z INFO  actix_web::middleware::logger] 172.26.0.5 "POST /clientes/5/transacoes HTTP/1.0" 200 27 "-" "Agente do Caos - 2024/Q1" 0.002501
api02-1  | [2024-02-25T21:27:43Z INFO  actix_web::middleware::logger] 172.26.0.5 "POST /clientes/3/transacoes HTTP/1.0" 200 28 "-" "Agente do Caos - 2024/Q1" 0.003313
api01-1  | [2024-02-25T21:27:43Z INFO  actix_web::middleware::logger] 172.26.0.5 "POST /clientes/4/transacoes HTTP/1.0" 200 29 "-" "Agente do Caos - 2024/Q1" 0.003614
api01-1  | [2024-02-25T21:27:43Z INFO  actix_web::middleware::logger] 172.26.0.5 "POST /clientes/2/transacoes HTTP/1.0" 200 26 "-" "Agente do Caos - 2024/Q1" 0.002047
api02-1  | [2024-02-25T21:27:43Z INFO  actix_web::middleware::logger] 172.26.0.5 "POST /clientes/5/transacoes HTTP/1.0" 200 27 "-" "Agente do Caos - 2024/Q1" 0.002203
api01-1  | [2024-02-25T21:27:43Z INFO  actix_web::middleware::logger] 172.26.0.5 "POST /clientes/1/transacoes HTTP/1.0" 200 27 "-" "Agente do Caos - 2024/Q1" 0.002168
api02-1  | [2024-02-25T21:27:43Z INFO  actix_web::middleware::logger] 172.26.0.5 "POST /clientes/4/transacoes HTTP/1.0" 200 29 "-" "Agente do Caos - 2024/Q1" 0.002161
api01-1  | [2024-02-25T21:27:43Z INFO  actix_web::middleware::logger] 172.26.0.5 "POST /clientes/3/transacoes HTTP/1.0" 200 28 "-" "Agente do Caos - 2024/Q1" 0.003261
api02-1  | [2024-02-25T21:27:43Z INFO  actix_web::middleware::logger] 172.26.0.5 "GET /clientes/2/extrato HTTP/1.0" 200 283 "-" "Agente do Caos - 2024/Q1" 0.002356
api02-1  | [2024-02-25T21:27:43Z INFO  actix_web::middleware::logger] 172.26.0.5 "GET /clientes/4/extrato HTTP/1.0" 200 286 "-" "Agente do Caos - 2024/Q1" 0.000857
api01-1  | [2024-02-25T21:27:43Z INFO  actix_web::middleware::logger] 172.26.0.5 "GET /clientes/5/extrato HTTP/1.0" 200 284 "-" "Agente do Caos - 2024/Q1" 0.001499
api01-1  | [2024-02-25T21:27:43Z INFO  actix_web::middleware::logger] 172.26.0.5 "GET /clientes/1/extrato HTTP/1.0" 200 996 "-" "Agente do Caos - 2024/Q1" 0.023688
api02-1  | [2024-02-25T21:27:43Z INFO  actix_web::middleware::logger] 172.26.0.5 "GET /clientes/3/extrato HTTP/1.0" 200 285 "-" "Agente do Caos - 2024/Q1" 0.021078
api01-1  | [2024-02-25T21:27:43Z INFO  actix_web::middleware::logger] 172.26.0.5 "POST /clientes/4/transacoes HTTP/1.0" 200 29 "-" "Agente do Caos - 2024/Q1" 0.017398
api01-1  | [2024-02-25T21:27:43Z INFO  actix_web::middleware::logger] 172.26.0.5 "POST /clientes/5/transacoes HTTP/1.0" 200 27 "-" "Agente do Caos - 2024/Q1" 0.016721
api02-1  | [2024-02-25T21:27:43Z INFO  actix_web::middleware::logger] 172.26.0.5 "POST /clientes/2/transacoes HTTP/1.0" 200 26 "-" "Agente do Caos - 2024/Q1" 0.017646
api02-1  | [2024-02-25T21:27:43Z INFO  actix_web::middleware::logger] 172.26.0.5 "POST /clientes/3/transacoes HTTP/1.0" 200 28 "-" "Agente do Caos - 2024/Q1" 0.001985
api01-1  | [2024-02-25T21:27:43Z INFO  actix_web::middleware::logger] 172.26.0.5 "POST /clientes/1/transacoes HTTP/1.0" 200 27 "-" "Agente do Caos - 2024/Q1" 0.002161
api02-1  | [2024-02-25T21:27:43Z INFO  actix_web::middleware::logger] 172.26.0.5 "GET /clientes/4/extrato HTTP/1.0" 200 372 "-" "Agente do Caos - 2024/Q1" 0.001154
api02-1  | [2024-02-25T21:27:43Z INFO  actix_web::middleware::logger] 172.26.0.5 "GET /clientes/4/extrato HTTP/1.0" 200 372 "-" "Agente do Caos - 2024/Q1" 0.001837
api01-1  | [2024-02-25T21:27:43Z INFO  actix_web::middleware::logger] 172.26.0.5 "GET /clientes/4/extrato HTTP/1.0" 200 372 "-" "Agente do Caos - 2024/Q1" 0.001196
api01-1  | [2024-02-25T21:27:43Z INFO  actix_web::middleware::logger] 172.26.0.5 "GET /clientes/4/extrato HTTP/1.0" 200 372 "-" "Agente do Caos - 2024/Q1" 0.001728
api01-1  | [2024-02-25T21:27:43Z INFO  actix_web::middleware::logger] 172.26.0.5 "GET /clientes/2/extrato HTTP/1.0" 200 369 "-" "Agente do Caos - 2024/Q1" 0.001167
api02-1  | [2024-02-25T21:27:43Z INFO  actix_web::middleware::logger] 172.26.0.5 "GET /clientes/1/extrato HTTP/1.0" 200 993 "-" "Agente do Caos - 2024/Q1" 0.001777
api02-1  | [2024-02-25T21:27:43Z INFO  actix_web::middleware::logger] 172.26.0.5 "GET /clientes/2/extrato HTTP/1.0" 200 369 "-" "Agente do Caos - 2024/Q1" 0.000976
api02-1  | [2024-02-25T21:27:43Z INFO  actix_web::middleware::logger] 172.26.0.5 "GET /clientes/1/extrato HTTP/1.0" 200 993 "-" "Agente do Caos - 2024/Q1" 0.001207
api01-1  | [2024-02-25T21:27:43Z INFO  actix_web::middleware::logger] 172.26.0.5 "GET /clientes/3/extrato HTTP/1.0" 200 371 "-" "Agente do Caos - 2024/Q1" 0.000767
api02-1  | [2024-02-25T21:27:43Z INFO  actix_web::middleware::logger] 172.26.0.5 "GET /clientes/3/extrato HTTP/1.0" 200 371 "-" "Agente do Caos - 2024/Q1" 0.000797
api02-1  | [2024-02-25T21:27:43Z INFO  actix_web::middleware::logger] 172.26.0.5 "GET /clientes/3/extrato HTTP/1.0" 200 371 "-" "Agente do Caos - 2024/Q1" 0.000736
api01-1  | [2024-02-25T21:27:43Z INFO  actix_web::middleware::logger] 172.26.0.5 "GET /clientes/1/extrato HTTP/1.0" 200 993 "-" "Agente do Caos - 2024/Q1" 0.003352
api01-1  | [2024-02-25T21:27:43Z INFO  actix_web::middleware::logger] 172.26.0.5 "GET /clientes/5/extrato HTTP/1.0" 200 370 "-" "Agente do Caos - 2024/Q1" 0.002858
api01-1  | [2024-02-25T21:27:43Z INFO  actix_web::middleware::logger] 172.26.0.5 "GET /clientes/3/extrato HTTP/1.0" 200 371 "-" "Agente do Caos - 2024/Q1" 0.002204
api02-1  | [2024-02-25T21:27:43Z INFO  actix_web::middleware::logger] 172.26.0.5 "POST /clientes/4/transacoes HTTP/1.0" 400 92 "-" "Agente do Caos - 2024/Q1" 0.000055
api01-1  | [2024-02-25T21:27:43Z INFO  actix_web::middleware::logger] 172.26.0.5 "POST /clientes/4/transacoes HTTP/1.0" 422 17 "-" "Agente do Caos - 2024/Q1" 0.000042
api01-1  | [2024-02-25T21:27:43Z INFO  actix_web::middleware::logger] 172.26.0.5 "POST /clientes/3/transacoes HTTP/1.0" 400 92 "-" "Agente do Caos - 2024/Q1" 0.000051
api02-1  | [2024-02-25T21:27:43Z INFO  actix_web::middleware::logger] 172.26.0.5 "POST /clientes/3/transacoes HTTP/1.0" 422 17 "-" "Agente do Caos - 2024/Q1" 0.000039
api01-1  | [2024-02-25T21:27:43Z INFO  actix_web::middleware::logger] 172.26.0.5 "GET /clientes/2/extrato HTTP/1.0" 200 369 "-" "Agente do Caos - 2024/Q1" 0.075383
api02-1  | [2024-02-25T21:27:43Z INFO  actix_web::middleware::logger] 172.26.0.5 "GET /clientes/5/extrato HTTP/1.0" 200 370 "-" "Agente do Caos - 2024/Q1" 0.069233
api02-1  | [2024-02-25T21:27:43Z INFO  actix_web::middleware::logger] 172.26.0.5 "GET /clientes/2/extrato HTTP/1.0" 200 369 "-" "Agente do Caos - 2024/Q1" 0.075707
api02-1  | [2024-02-25T21:27:43Z INFO  actix_web::middleware::logger] 172.26.0.5 "GET /clientes/5/extrato HTTP/1.0" 200 370 "-" "Agente do Caos - 2024/Q1" 0.065200
api01-1  | [2024-02-25T21:27:43Z INFO  actix_web::middleware::logger] 172.26.0.5 "POST /clientes/3/transacoes HTTP/1.0" 422 21 "-" "Agente do Caos - 2024/Q1" 0.049223
api01-1  | [2024-02-25T21:27:43Z INFO  actix_web::middleware::logger] 172.26.0.5 "GET /clientes/5/extrato HTTP/1.0" 200 370 "-" "Agente do Caos - 2024/Q1" 0.065141
api01-1  | [2024-02-25T21:27:43Z INFO  actix_web::middleware::logger] 172.26.0.5 "GET /clientes/1/extrato HTTP/1.0" 200 993 "-" "Agente do Caos - 2024/Q1" 0.064344
db-1     | 2024-02-25 21:27:43.616 UTC [75] ERROR:  value too long for type character varying(10)
db-1     | 2024-02-25 21:27:43.616 UTC [75] STATEMENT:  INSERT INTO transactions (client_id, amount, transaction_type, details) VALUES ($1, $2, $3, $4)
db-1     | 2024-02-25 21:27:43.616 UTC [81] ERROR:  value too long for type character varying(10)
db-1     | 2024-02-25 21:27:43.616 UTC [81] STATEMENT:  INSERT INTO transactions (client_id, amount, transaction_type, details) VALUES ($1, $2, $3, $4)
api02-1  | [2024-02-25T21:27:43Z INFO  actix_web::middleware::logger] 172.26.0.5 "POST /clientes/4/transacoes HTTP/1.0" 422 21 "-" "Agente do Caos - 2024/Q1" 0.054126
api01-1  | [2024-02-25T21:27:43Z INFO  actix_web::middleware::logger] 172.26.0.5 "POST /clientes/2/transacoes HTTP/1.0" 400 92 "-" "Agente do Caos - 2024/Q1" 0.000049
db-1     | 2024-02-25 21:27:43.621 UTC [74] ERROR:  new row for relation "transactions" violates check constraint "c_details"
db-1     | 2024-02-25 21:27:43.621 UTC [74] DETAIL:  Failing row contains (68, 4, 1, c, , 2024-02-25 21:27:43.62092).
db-1     | 2024-02-25 21:27:43.621 UTC [74] STATEMENT:  INSERT INTO transactions (client_id, amount, transaction_type, details) VALUES ($1, $2, $3, $4)
api02-1  | [2024-02-25T21:27:43Z INFO  actix_web::middleware::logger] 172.26.0.5 "POST /clientes/4/transacoes HTTP/1.0" 422 21 "-" "Agente do Caos - 2024/Q1" 0.001276
api02-1  | [2024-02-25T21:27:43Z INFO  actix_web::middleware::logger] 172.26.0.5 "POST /clientes/2/transacoes HTTP/1.0" 422 17 "-" "Agente do Caos - 2024/Q1" 0.000038
api01-1  | [2024-02-25T21:27:43Z INFO  actix_web::middleware::logger] 172.26.0.5 "POST /clientes/5/transacoes HTTP/1.0" 400 92 "-" "Agente do Caos - 2024/Q1" 0.000048
api02-1  | [2024-02-25T21:27:43Z INFO  actix_web::middleware::logger] 172.26.0.5 "POST /clientes/1/transacoes HTTP/1.0" 400 92 "-" "Agente do Caos - 2024/Q1" 0.000043
db-1     | 2024-02-25 21:27:43.625 UTC [80] ERROR:  value too long for type character varying(10)
db-1     | 2024-02-25 21:27:43.625 UTC [80] STATEMENT:  INSERT INTO transactions (client_id, amount, transaction_type, details) VALUES ($1, $2, $3, $4)
api01-1  | [2024-02-25T21:27:43Z INFO  actix_web::middleware::logger] 172.26.0.5 "POST /clientes/2/transacoes HTTP/1.0" 422 21 "-" "Agente do Caos - 2024/Q1" 0.000870
api01-1  | [2024-02-25T21:27:43Z INFO  actix_web::middleware::logger] 172.26.0.5 "POST /clientes/5/transacoes HTTP/1.0" 422 17 "-" "Agente do Caos - 2024/Q1" 0.000035
api02-1  | [2024-02-25T21:27:43Z INFO  actix_web::middleware::logger] 172.26.0.5 "POST /clientes/1/transacoes HTTP/1.0" 422 17 "-" "Agente do Caos - 2024/Q1" 0.000041
db-1     | 2024-02-25 21:27:43.628 UTC [76] ERROR:  new row for relation "transactions" violates check constraint "c_details"
db-1     | 2024-02-25 21:27:43.628 UTC [76] DETAIL:  Failing row contains (70, 2, 1, c, , 2024-02-25 21:27:43.627247).
db-1     | 2024-02-25 21:27:43.628 UTC [76] STATEMENT:  INSERT INTO transactions (client_id, amount, transaction_type, details) VALUES ($1, $2, $3, $4)
api02-1  | [2024-02-25T21:27:43Z INFO  actix_web::middleware::logger] 172.26.0.5 "POST /clientes/2/transacoes HTTP/1.0" 422 21 "-" "Agente do Caos - 2024/Q1" 0.001179
db-1     | 2024-02-25 21:27:43.629 UTC [72] ERROR:  value too long for type character varying(10)
db-1     | 2024-02-25 21:27:43.629 UTC [72] STATEMENT:  INSERT INTO transactions (client_id, amount, transaction_type, details) VALUES ($1, $2, $3, $4)
api02-1  | [2024-02-25T21:27:43Z INFO  actix_web::middleware::logger] 172.26.0.5 "POST /clientes/2/transacoes HTTP/1.0" 422 24 "-" "Agente do Caos - 2024/Q1" 0.000034
api01-1  | [2024-02-25T21:27:43Z INFO  actix_web::middleware::logger] 172.26.0.5 "POST /clientes/5/transacoes HTTP/1.0" 422 21 "-" "Agente do Caos - 2024/Q1" 0.000902
db-1     | 2024-02-25 21:27:43.631 UTC [81] ERROR:  value too long for type character varying(10)
db-1     | 2024-02-25 21:27:43.631 UTC [81] STATEMENT:  INSERT INTO transactions (client_id, amount, transaction_type, details) VALUES ($1, $2, $3, $4)
api01-1  | [2024-02-25T21:27:43Z INFO  actix_web::middleware::logger] 172.26.0.5 "POST /clientes/1/transacoes HTTP/1.0" 422 21 "-" "Agente do Caos - 2024/Q1" 0.000846
api02-1  | [2024-02-25T21:27:43Z INFO  actix_web::middleware::logger] 172.26.0.5 "POST /clientes/4/transacoes HTTP/1.0" 422 24 "-" "Agente do Caos - 2024/Q1" 0.000034
db-1     | 2024-02-25 21:27:43.634 UTC [79] ERROR:  new row for relation "transactions" violates check constraint "c_details"
db-1     | 2024-02-25 21:27:43.634 UTC [79] DETAIL:  Failing row contains (73, 1, 1, c, , 2024-02-25 21:27:43.633689).
db-1     | 2024-02-25 21:27:43.634 UTC [79] STATEMENT:  INSERT INTO transactions (client_id, amount, transaction_type, details) VALUES ($1, $2, $3, $4)
api01-1  | [2024-02-25T21:27:43Z INFO  actix_web::middleware::logger] 172.26.0.5 "POST /clientes/1/transacoes HTTP/1.0" 422 21 "-" "Agente do Caos - 2024/Q1" 0.000829
db-1     | 2024-02-25 21:27:43.635 UTC [77] ERROR:  new row for relation "transactions" violates check constraint "c_details"
db-1     | 2024-02-25 21:27:43.635 UTC [77] DETAIL:  Failing row contains (74, 5, 1, c, , 2024-02-25 21:27:43.634344).
db-1     | 2024-02-25 21:27:43.635 UTC [77] STATEMENT:  INSERT INTO transactions (client_id, amount, transaction_type, details) VALUES ($1, $2, $3, $4)
api02-1  | [2024-02-25T21:27:43Z INFO  actix_web::middleware::logger] 172.26.0.5 "POST /clientes/5/transacoes HTTP/1.0" 422 21 "-" "Agente do Caos - 2024/Q1" 0.001071
api02-1  | [2024-02-25T21:27:43Z INFO  actix_web::middleware::logger] 172.26.0.5 "POST /clientes/5/transacoes HTTP/1.0" 422 24 "-" "Agente do Caos - 2024/Q1" 0.000032
db-1     | 2024-02-25 21:27:43.637 UTC [78] ERROR:  new row for relation "transactions" violates check constraint "c_details"
db-1     | 2024-02-25 21:27:43.637 UTC [78] DETAIL:  Failing row contains (75, 3, 1, c, , 2024-02-25 21:27:43.637206).
db-1     | 2024-02-25 21:27:43.637 UTC [78] STATEMENT:  INSERT INTO transactions (client_id, amount, transaction_type, details) VALUES ($1, $2, $3, $4)
api01-1  | [2024-02-25T21:27:43Z INFO  actix_web::middleware::logger] 172.26.0.5 "POST /clientes/3/transacoes HTTP/1.0" 422 21 "-" "Agente do Caos - 2024/Q1" 0.000946
api01-1  | [2024-02-25T21:27:43Z INFO  actix_web::middleware::logger] 172.26.0.5 "POST /clientes/1/transacoes HTTP/1.0" 422 24 "-" "Agente do Caos - 2024/Q1" 0.000032
api02-1  | [2024-02-25T21:27:43Z INFO  actix_web::middleware::logger] 172.26.0.5 "POST /clientes/3/transacoes HTTP/1.0" 422 24 "-" "Agente do Caos - 2024/Q1" 0.000032
api01-1  | [2024-02-25T21:27:44Z INFO  actix_web::middleware::logger] 172.26.0.5 "GET /clientes/2/extrato HTTP/1.0" 200 369 "-" "Agente do Caos - 2024/Q1" 0.001265
api02-1  | [2024-02-25T21:27:44Z INFO  actix_web::middleware::logger] 172.26.0.5 "POST /clientes/5/transacoes HTTP/1.0" 200 30 "-" "Agente do Caos - 2024/Q1" 0.002855
api01-1  | [2024-02-25T21:27:44Z INFO  actix_web::middleware::logger] 172.26.0.5 "POST /clientes/2/transacoes HTTP/1.0" 200 29 "-" "Agente do Caos - 2024/Q1" 0.003058
api02-1  | [2024-02-25T21:27:45Z INFO  actix_web::middleware::logger] 172.26.0.5 "GET /clientes/3/extrato HTTP/1.0" 200 371 "-" "Agente do Caos - 2024/Q1" 0.001241
api01-1  | [2024-02-25T21:27:45Z INFO  actix_web::middleware::logger] 172.26.0.5 "POST /clientes/5/transacoes HTTP/1.0" 200 31 "-" "Agente do Caos - 2024/Q1" 0.002402
api02-1  | [2024-02-25T21:27:45Z INFO  actix_web::middleware::logger] 172.26.0.5 "POST /clientes/4/transacoes HTTP/1.0" 200 33 "-" "Agente do Caos - 2024/Q1" 0.002476
api01-1  | [2024-02-25T21:27:45Z INFO  actix_web::middleware::logger] 172.26.0.5 "POST /clientes/1/transacoes HTTP/1.0" 200 31 "-" "Agente do Caos - 2024/Q1" 0.002671
api02-1  | [2024-02-25T21:27:45Z INFO  actix_web::middleware::logger] 172.26.0.5 "POST /clientes/4/transacoes HTTP/1.0" 200 32 "-" "Agente do Caos - 2024/Q1" 0.002770
api01-1  | [2024-02-25T21:27:45Z INFO  actix_web::middleware::logger] 172.26.0.5 "POST /clientes/3/transacoes HTTP/1.0" 200 32 "-" "Agente do Caos - 2024/Q1" 0.003999
api02-1  | [2024-02-25T21:27:46Z INFO  actix_web::middleware::logger] 172.26.0.5 "POST /clientes/4/transacoes HTTP/1.0" 200 33 "-" "Agente do Caos - 2024/Q1" 0.002319
api01-1  | [2024-02-25T21:27:46Z INFO  actix_web::middleware::logger] 172.26.0.5 "GET /clientes/3/extrato HTTP/1.0" 200 468 "-" "Agente do Caos - 2024/Q1" 0.001160
api02-1  | [2024-02-25T21:27:46Z INFO  actix_web::middleware::logger] 172.26.0.5 "POST /clientes/1/transacoes HTTP/1.0" 200 32 "-" "Agente do Caos - 2024/Q1" 0.002643
api01-1  | [2024-02-25T21:27:46Z INFO  actix_web::middleware::logger] 172.26.0.5 "POST /clientes/4/transacoes HTTP/1.0" 200 32 "-" "Agente do Caos - 2024/Q1" 0.002841
api02-1  | [2024-02-25T21:27:46Z INFO  actix_web::middleware::logger] 172.26.0.5 "POST /clientes/1/transacoes HTTP/1.0" 200 32 "-" "Agente do Caos - 2024/Q1" 0.002519
api01-1  | [2024-02-25T21:27:46Z INFO  actix_web::middleware::logger] 172.26.0.5 "POST /clientes/1/transacoes HTTP/1.0" 200 31 "-" "Agente do Caos - 2024/Q1" 0.002075
api02-1  | [2024-02-25T21:27:46Z INFO  actix_web::middleware::logger] 172.26.0.5 "POST /clientes/4/transacoes HTTP/1.0" 200 33 "-" "Agente do Caos - 2024/Q1" 0.002015
api02-1  | [2024-02-25T21:27:46Z INFO  actix_web::middleware::logger] 172.26.0.5 "POST /clientes/2/transacoes HTTP/1.0" 200 29 "-" "Agente do Caos - 2024/Q1" 0.002573
api01-1  | [2024-02-25T21:27:46Z INFO  actix_web::middleware::logger] 172.26.0.5 "POST /clientes/4/transacoes HTTP/1.0" 200 34 "-" "Agente do Caos - 2024/Q1" 0.004018
api01-1  | [2024-02-25T21:27:47Z INFO  actix_web::middleware::logger] 172.26.0.5 "POST /clientes/4/transacoes HTTP/1.0" 200 34 "-" "Agente do Caos - 2024/Q1" 0.002160
api02-1  | [2024-02-25T21:27:47Z INFO  actix_web::middleware::logger] 172.26.0.5 "POST /clientes/1/transacoes HTTP/1.0" 200 30 "-" "Agente do Caos - 2024/Q1" 0.002048
api01-1  | [2024-02-25T21:27:47Z INFO  actix_web::middleware::logger] 172.26.0.5 "POST /clientes/4/transacoes HTTP/1.0" 200 34 "-" "Agente do Caos - 2024/Q1" 0.002203
api02-1  | [2024-02-25T21:27:47Z INFO  actix_web::middleware::logger] 172.26.0.5 "GET /clientes/1/extrato HTTP/1.0" 200 1016 "-" "Agente do Caos - 2024/Q1" 0.001881
api01-1  | [2024-02-25T21:27:47Z INFO  actix_web::middleware::logger] 172.26.0.5 "POST /clientes/3/transacoes HTTP/1.0" 200 32 "-" "Agente do Caos - 2024/Q1" 0.002608
api02-1  | [2024-02-25T21:27:47Z INFO  actix_web::middleware::logger] 172.26.0.5 "POST /clientes/2/transacoes HTTP/1.0" 200 29 "-" "Agente do Caos - 2024/Q1" 0.003251
api01-1  | [2024-02-25T21:27:47Z INFO  actix_web::middleware::logger] 172.26.0.5 "POST /clientes/2/transacoes HTTP/1.0" 200 30 "-" "Agente do Caos - 2024/Q1" 0.002552
api02-1  | [2024-02-25T21:27:47Z INFO  actix_web::middleware::logger] 172.26.0.5 "POST /clientes/4/transacoes HTTP/1.0" 200 34 "-" "Agente do Caos - 2024/Q1" 0.002948
api01-1  | [2024-02-25T21:27:47Z INFO  actix_web::middleware::logger] 172.26.0.5 "POST /clientes/2/transacoes HTTP/1.0" 200 31 "-" "Agente do Caos - 2024/Q1" 0.002131
api02-1  | [2024-02-25T21:27:47Z INFO  actix_web::middleware::logger] 172.26.0.5 "POST /clientes/3/transacoes HTTP/1.0" 200 33 "-" "Agente do Caos - 2024/Q1" 0.002107
api01-1  | [2024-02-25T21:27:47Z INFO  actix_web::middleware::logger] 172.26.0.5 "POST /clientes/4/transacoes HTTP/1.0" 200 33 "-" "Agente do Caos - 2024/Q1" 0.002325
api02-1  | [2024-02-25T21:27:48Z INFO  actix_web::middleware::logger] 172.26.0.5 "POST /clientes/2/transacoes HTTP/1.0" 200 31 "-" "Agente do Caos - 2024/Q1" 0.002359
api01-1  | [2024-02-25T21:27:48Z INFO  actix_web::middleware::logger] 172.26.0.5 "POST /clientes/5/transacoes HTTP/1.0" 200 31 "-" "Agente do Caos - 2024/Q1" 0.002111
api02-1  | [2024-02-25T21:27:48Z INFO  actix_web::middleware::logger] 172.26.0.5 "POST /clientes/2/transacoes HTTP/1.0" 200 31 "-" "Agente do Caos - 2024/Q1" 0.002646
api01-1  | [2024-02-25T21:27:48Z INFO  actix_web::middleware::logger] 172.26.0.5 "POST /clientes/4/transacoes HTTP/1.0" 200 34 "-" "Agente do Caos - 2024/Q1" 0.002601
api02-1  | [2024-02-25T21:27:48Z INFO  actix_web::middleware::logger] 172.26.0.5 "GET /clientes/4/extrato HTTP/1.0" 200 1048 "-" "Agente do Caos - 2024/Q1" 0.001224
api02-1  | [2024-02-25T21:27:48Z INFO  actix_web::middleware::logger] 172.26.0.5 "POST /clientes/4/transacoes HTTP/1.0" 200 34 "-" "Agente do Caos - 2024/Q1" 0.002528
api01-1  | [2024-02-25T21:27:48Z INFO  actix_web::middleware::logger] 172.26.0.5 "POST /clientes/2/transacoes HTTP/1.0" 200 30 "-" "Agente do Caos - 2024/Q1" 0.004145
api01-1  | [2024-02-25T21:27:48Z INFO  actix_web::middleware::logger] 172.26.0.5 "POST /clientes/3/transacoes HTTP/1.0" 200 33 "-" "Agente do Caos - 2024/Q1" 0.002501
api02-1  | [2024-02-25T21:27:48Z INFO  actix_web::middleware::logger] 172.26.0.5 "POST /clientes/5/transacoes HTTP/1.0" 200 31 "-" "Agente do Caos - 2024/Q1" 0.002281
api01-1  | [2024-02-25T21:27:48Z INFO  actix_web::middleware::logger] 172.26.0.5 "POST /clientes/4/transacoes HTTP/1.0" 200 34 "-" "Agente do Caos - 2024/Q1" 0.002225
api02-1  | [2024-02-25T21:27:48Z INFO  actix_web::middleware::logger] 172.26.0.5 "POST /clientes/1/transacoes HTTP/1.0" 200 31 "-" "Agente do Caos - 2024/Q1" 0.002114
api01-1  | [2024-02-25T21:27:48Z INFO  actix_web::middleware::logger] 172.26.0.5 "POST /clientes/3/transacoes HTTP/1.0" 200 33 "-" "Agente do Caos - 2024/Q1" 0.002428
api02-1  | [2024-02-25T21:27:48Z INFO  actix_web::middleware::logger] 172.26.0.5 "POST /clientes/2/transacoes HTTP/1.0" 200 30 "-" "Agente do Caos - 2024/Q1" 0.002512
api01-1  | [2024-02-25T21:27:49Z INFO  actix_web::middleware::logger] 172.26.0.5 "POST /clientes/4/transacoes HTTP/1.0" 200 34 "-" "Agente do Caos - 2024/Q1" 0.002176
api02-1  | [2024-02-25T21:27:49Z INFO  actix_web::middleware::logger] 172.26.0.5 "POST /clientes/3/transacoes HTTP/1.0" 200 33 "-" "Agente do Caos - 2024/Q1" 0.002175
api01-1  | [2024-02-25T21:27:49Z INFO  actix_web::middleware::logger] 172.26.0.5 "POST /clientes/5/transacoes HTTP/1.0" 200 31 "-" "Agente do Caos - 2024/Q1" 0.002179
api02-1  | [2024-02-25T21:27:49Z INFO  actix_web::middleware::logger] 172.26.0.5 "POST /clientes/1/transacoes HTTP/1.0" 200 32 "-" "Agente do Caos - 2024/Q1" 0.002228
api01-1  | [2024-02-25T21:27:49Z INFO  actix_web::middleware::logger] 172.26.0.5 "POST /clientes/4/transacoes HTTP/1.0" 200 34 "-" "Agente do Caos - 2024/Q1" 0.002246
api02-1  | [2024-02-25T21:27:49Z INFO  actix_web::middleware::logger] 172.26.0.5 "POST /clientes/4/transacoes HTTP/1.0" 200 34 "-" "Agente do Caos - 2024/Q1" 0.002284
api01-1  | [2024-02-25T21:27:49Z INFO  actix_web::middleware::logger] 172.26.0.5 "GET /clientes/4/extrato HTTP/1.0" 200 1047 "-" "Agente do Caos - 2024/Q1" 0.001192
api01-1  | [2024-02-25T21:27:49Z INFO  actix_web::middleware::logger] 172.26.0.5 "POST /clientes/4/transacoes HTTP/1.0" 200 34 "-" "Agente do Caos - 2024/Q1" 0.002435
api02-1  | [2024-02-25T21:27:49Z INFO  actix_web::middleware::logger] 172.26.0.5 "POST /clientes/2/transacoes HTTP/1.0" 200 30 "-" "Agente do Caos - 2024/Q1" 0.004352
api02-1  | [2024-02-25T21:27:49Z INFO  actix_web::middleware::logger] 172.26.0.5 "POST /clientes/5/transacoes HTTP/1.0" 200 30 "-" "Agente do Caos - 2024/Q1" 0.002298
api01-1  | [2024-02-25T21:27:49Z INFO  actix_web::middleware::logger] 172.26.0.5 "POST /clientes/3/transacoes HTTP/1.0" 200 32 "-" "Agente do Caos - 2024/Q1" 0.002288
api02-1  | [2024-02-25T21:27:49Z INFO  actix_web::middleware::logger] 172.26.0.5 "POST /clientes/3/transacoes HTTP/1.0" 200 32 "-" "Agente do Caos - 2024/Q1" 0.002027
api01-1  | [2024-02-25T21:27:49Z INFO  actix_web::middleware::logger] 172.26.0.5 "POST /clientes/1/transacoes HTTP/1.0" 200 32 "-" "Agente do Caos - 2024/Q1" 0.002143
api02-1  | [2024-02-25T21:27:49Z INFO  actix_web::middleware::logger] 172.26.0.5 "POST /clientes/2/transacoes HTTP/1.0" 200 30 "-" "Agente do Caos - 2024/Q1" 0.002477
api01-1  | [2024-02-25T21:27:49Z INFO  actix_web::middleware::logger] 172.26.0.5 "POST /clientes/5/transacoes HTTP/1.0" 200 31 "-" "Agente do Caos - 2024/Q1" 0.002480
api02-1  | [2024-02-25T21:27:49Z INFO  actix_web::middleware::logger] 172.26.0.5 "POST /clientes/5/transacoes HTTP/1.0" 200 31 "-" "Agente do Caos - 2024/Q1" 0.002073
api02-1  | [2024-02-25T21:27:49Z INFO  actix_web::middleware::logger] 172.26.0.5 "GET /clientes/3/extrato HTTP/1.0" 200 1035 "-" "Agente do Caos - 2024/Q1" 0.000945
api01-1  | [2024-02-25T21:27:49Z INFO  actix_web::middleware::logger] 172.26.0.5 "POST /clientes/5/transacoes HTTP/1.0" 200 30 "-" "Agente do Caos - 2024/Q1" 0.002589
api01-1  | [2024-02-25T21:27:50Z INFO  actix_web::middleware::logger] 172.26.0.5 "POST /clientes/5/transacoes HTTP/1.0" 200 31 "-" "Agente do Caos - 2024/Q1" 0.002466
api02-1  | [2024-02-25T21:27:50Z INFO  actix_web::middleware::logger] 172.26.0.5 "POST /clientes/2/transacoes HTTP/1.0" 200 30 "-" "Agente do Caos - 2024/Q1" 0.002212
api01-1  | [2024-02-25T21:27:50Z INFO  actix_web::middleware::logger] 172.26.0.5 "POST /clientes/4/transacoes HTTP/1.0" 200 34 "-" "Agente do Caos - 2024/Q1" 0.002486
api02-1  | [2024-02-25T21:27:50Z INFO  actix_web::middleware::logger] 172.26.0.5 "POST /clientes/4/transacoes HTTP/1.0" 200 34 "-" "Agente do Caos - 2024/Q1" 0.002585
api01-1  | [2024-02-25T21:27:50Z INFO  actix_web::middleware::logger] 172.26.0.5 "POST /clientes/3/transacoes HTTP/1.0" 200 33 "-" "Agente do Caos - 2024/Q1" 0.002992
api02-1  | [2024-02-25T21:27:50Z INFO  actix_web::middleware::logger] 172.26.0.5 "POST /clientes/3/transacoes HTTP/1.0" 200 32 "-" "Agente do Caos - 2024/Q1" 0.002581
api01-1  | [2024-02-25T21:27:50Z INFO  actix_web::middleware::logger] 172.26.0.5 "POST /clientes/1/transacoes HTTP/1.0" 200 32 "-" "Agente do Caos - 2024/Q1" 0.002307
api02-1  | [2024-02-25T21:27:50Z INFO  actix_web::middleware::logger] 172.26.0.5 "GET /clientes/1/extrato HTTP/1.0" 200 1040 "-" "Agente do Caos - 2024/Q1" 0.001182
api01-1  | [2024-02-25T21:27:50Z INFO  actix_web::middleware::logger] 172.26.0.5 "POST /clientes/3/transacoes HTTP/1.0" 200 32 "-" "Agente do Caos - 2024/Q1" 0.002541
api02-1  | [2024-02-25T21:27:50Z INFO  actix_web::middleware::logger] 172.26.0.5 "POST /clientes/4/transacoes HTTP/1.0" 200 34 "-" "Agente do Caos - 2024/Q1" 0.003053
api01-1  | [2024-02-25T21:27:50Z INFO  actix_web::middleware::logger] 172.26.0.5 "POST /clientes/5/transacoes HTTP/1.0" 200 31 "-" "Agente do Caos - 2024/Q1" 0.003748
api02-1  | [2024-02-25T21:27:50Z INFO  actix_web::middleware::logger] 172.26.0.5 "POST /clientes/4/transacoes HTTP/1.0" 200 34 "-" "Agente do Caos - 2024/Q1" 0.002133
api01-1  | [2024-02-25T21:27:50Z INFO  actix_web::middleware::logger] 172.26.0.5 "POST /clientes/2/transacoes HTTP/1.0" 200 30 "-" "Agente do Caos - 2024/Q1" 0.002325
api02-1  | [2024-02-25T21:27:50Z INFO  actix_web::middleware::logger] 172.26.0.5 "POST /clientes/5/transacoes HTTP/1.0" 200 32 "-" "Agente do Caos - 2024/Q1" 0.002408
api01-1  | [2024-02-25T21:27:50Z INFO  actix_web::middleware::logger] 172.26.0.5 "POST /clientes/1/transacoes HTTP/1.0" 200 32 "-" "Agente do Caos - 2024/Q1" 0.002080
api02-1  | [2024-02-25T21:27:50Z INFO  actix_web::middleware::logger] 172.26.0.5 "POST /clientes/3/transacoes HTTP/1.0" 200 33 "-" "Agente do Caos - 2024/Q1" 0.002291
api01-1  | [2024-02-25T21:27:50Z INFO  actix_web::middleware::logger] 172.26.0.5 "POST /clientes/5/transacoes HTTP/1.0" 200 32 "-" "Agente do Caos - 2024/Q1" 0.002110
api02-1  | [2024-02-25T21:27:50Z INFO  actix_web::middleware::logger] 172.26.0.5 "POST /clientes/5/transacoes HTTP/1.0" 200 31 "-" "Agente do Caos - 2024/Q1" 0.002499
api01-1  | [2024-02-25T21:27:50Z INFO  actix_web::middleware::logger] 172.26.0.5 "POST /clientes/1/transacoes HTTP/1.0" 200 32 "-" "Agente do Caos - 2024/Q1" 0.002162
api02-1  | [2024-02-25T21:27:51Z INFO  actix_web::middleware::logger] 172.26.0.5 "POST /clientes/1/transacoes HTTP/1.0" 200 32 "-" "Agente do Caos - 2024/Q1" 0.002327
api01-1  | [2024-02-25T21:27:51Z INFO  actix_web::middleware::logger] 172.26.0.5 "POST /clientes/3/transacoes HTTP/1.0" 200 32 "-" "Agente do Caos - 2024/Q1" 0.002287
api02-1  | [2024-02-25T21:27:51Z INFO  actix_web::middleware::logger] 172.26.0.5 "POST /clientes/4/transacoes HTTP/1.0" 200 34 "-" "Agente do Caos - 2024/Q1" 0.002565
api01-1  | [2024-02-25T21:27:51Z INFO  actix_web::middleware::logger] 172.26.0.5 "POST /clientes/1/transacoes HTTP/1.0" 200 32 "-" "Agente do Caos - 2024/Q1" 0.002338
api02-1  | [2024-02-25T21:27:51Z INFO  actix_web::middleware::logger] 172.26.0.5 "POST /clientes/5/transacoes HTTP/1.0" 200 30 "-" "Agente do Caos - 2024/Q1" 0.002288
api01-1  | [2024-02-25T21:27:51Z INFO  actix_web::middleware::logger] 172.26.0.5 "POST /clientes/4/transacoes HTTP/1.0" 200 34 "-" "Agente do Caos - 2024/Q1" 0.002300
api02-1  | [2024-02-25T21:27:51Z INFO  actix_web::middleware::logger] 172.26.0.5 "POST /clientes/2/transacoes HTTP/1.0" 200 31 "-" "Agente do Caos - 2024/Q1" 0.002325
api01-1  | [2024-02-25T21:27:51Z INFO  actix_web::middleware::logger] 172.26.0.5 "POST /clientes/3/transacoes HTTP/1.0" 200 32 "-" "Agente do Caos - 2024/Q1" 0.001901
api02-1  | [2024-02-25T21:27:51Z INFO  actix_web::middleware::logger] 172.26.0.5 "POST /clientes/3/transacoes HTTP/1.0" 200 32 "-" "Agente do Caos - 2024/Q1" 0.002215
api01-1  | [2024-02-25T21:27:51Z INFO  actix_web::middleware::logger] 172.26.0.5 "GET /clientes/5/extrato HTTP/1.0" 200 1046 "-" "Agente do Caos - 2024/Q1" 0.001132
api02-1  | [2024-02-25T21:27:51Z INFO  actix_web::middleware::logger] 172.26.0.5 "POST /clientes/3/transacoes HTTP/1.0" 200 33 "-" "Agente do Caos - 2024/Q1" 0.002663
api01-1  | [2024-02-25T21:27:51Z INFO  actix_web::middleware::logger] 172.26.0.5 "POST /clientes/2/transacoes HTTP/1.0" 200 31 "-" "Agente do Caos - 2024/Q1" 0.003692
api02-1  | [2024-02-25T21:27:51Z INFO  actix_web::middleware::logger] 172.26.0.5 "POST /clientes/1/transacoes HTTP/1.0" 200 32 "-" "Agente do Caos - 2024/Q1" 0.002132
api01-1  | [2024-02-25T21:27:51Z INFO  actix_web::middleware::logger] 172.26.0.5 "POST /clientes/3/transacoes HTTP/1.0" 200 33 "-" "Agente do Caos - 2024/Q1" 0.002620
api02-1  | [2024-02-25T21:27:51Z INFO  actix_web::middleware::logger] 172.26.0.5 "POST /clientes/3/transacoes HTTP/1.0" 200 33 "-" "Agente do Caos - 2024/Q1" 0.001857
api01-1  | [2024-02-25T21:27:51Z INFO  actix_web::middleware::logger] 172.26.0.5 "POST /clientes/2/transacoes HTTP/1.0" 200 31 "-" "Agente do Caos - 2024/Q1" 0.002180
api02-1  | [2024-02-25T21:27:51Z INFO  actix_web::middleware::logger] 172.26.0.5 "POST /clientes/4/transacoes HTTP/1.0" 200 34 "-" "Agente do Caos - 2024/Q1" 0.002220
api01-1  | [2024-02-25T21:27:51Z INFO  actix_web::middleware::logger] 172.26.0.5 "POST /clientes/2/transacoes HTTP/1.0" 200 31 "-" "Agente do Caos - 2024/Q1" 0.001921
api02-1  | [2024-02-25T21:27:51Z INFO  actix_web::middleware::logger] 172.26.0.5 "POST /clientes/3/transacoes HTTP/1.0" 200 33 "-" "Agente do Caos - 2024/Q1" 0.002260
api01-1  | [2024-02-25T21:27:51Z INFO  actix_web::middleware::logger] 172.26.0.5 "POST /clientes/3/transacoes HTTP/1.0" 200 33 "-" "Agente do Caos - 2024/Q1" 0.002133
api02-1  | [2024-02-25T21:27:51Z INFO  actix_web::middleware::logger] 172.26.0.5 "POST /clientes/3/transacoes HTTP/1.0" 200 33 "-" "Agente do Caos - 2024/Q1" 0.002077
api01-1  | [2024-02-25T21:27:51Z INFO  actix_web::middleware::logger] 172.26.0.5 "POST /clientes/3/transacoes HTTP/1.0" 200 33 "-" "Agente do Caos - 2024/Q1" 0.002286
api01-1  | [2024-02-25T21:27:51Z INFO  actix_web::middleware::logger] 172.26.0.5 "GET /clientes/3/extrato HTTP/1.0" 200 1048 "-" "Agente do Caos - 2024/Q1" 0.001061
api02-1  | [2024-02-25T21:27:51Z INFO  actix_web::middleware::logger] 172.26.0.5 "POST /clientes/2/transacoes HTTP/1.0" 200 31 "-" "Agente do Caos - 2024/Q1" 0.002293
api02-1  | [2024-02-25T21:27:51Z INFO  actix_web::middleware::logger] 172.26.0.5 "POST /clientes/1/transacoes HTTP/1.0" 200 32 "-" "Agente do Caos - 2024/Q1" 0.002208
api01-1  | [2024-02-25T21:27:52Z INFO  actix_web::middleware::logger] 172.26.0.5 "POST /clientes/5/transacoes HTTP/1.0" 200 29 "-" "Agente do Caos - 2024/Q1" 0.002195
api02-1  | [2024-02-25T21:27:52Z INFO  actix_web::middleware::logger] 172.26.0.5 "POST /clientes/1/transacoes HTTP/1.0" 200 32 "-" "Agente do Caos - 2024/Q1" 0.002095
api01-1  | [2024-02-25T21:27:52Z INFO  actix_web::middleware::logger] 172.26.0.5 "POST /clientes/4/transacoes HTTP/1.0" 200 34 "-" "Agente do Caos - 2024/Q1" 0.002163
api02-1  | [2024-02-25T21:27:52Z INFO  actix_web::middleware::logger] 172.26.0.5 "POST /clientes/4/transacoes HTTP/1.0" 200 34 "-" "Agente do Caos - 2024/Q1" 0.002384
api01-1  | [2024-02-25T21:27:52Z INFO  actix_web::middleware::logger] 172.26.0.5 "POST /clientes/3/transacoes HTTP/1.0" 200 33 "-" "Agente do Caos - 2024/Q1" 0.001911
api02-1  | [2024-02-25T21:27:52Z INFO  actix_web::middleware::logger] 172.26.0.5 "POST /clientes/3/transacoes HTTP/1.0" 200 33 "-" "Agente do Caos - 2024/Q1" 0.002492
api01-1  | [2024-02-25T21:27:52Z INFO  actix_web::middleware::logger] 172.26.0.5 "POST /clientes/3/transacoes HTTP/1.0" 200 33 "-" "Agente do Caos - 2024/Q1" 0.002643
api02-1  | [2024-02-25T21:27:52Z INFO  actix_web::middleware::logger] 172.26.0.5 "POST /clientes/3/transacoes HTTP/1.0" 200 33 "-" "Agente do Caos - 2024/Q1" 0.001814
api01-1  | [2024-02-25T21:27:52Z INFO  actix_web::middleware::logger] 172.26.0.5 "POST /clientes/4/transacoes HTTP/1.0" 200 34 "-" "Agente do Caos - 2024/Q1" 0.002235
