 Network rinha-nginx-2024q1  Creating
 Network rinha-nginx-2024q1  Created
 Container vinicius-julio-api02-1  Creating
 Container vinicius-julio-api01-1  Creating
 Container vinicius-julio-api01-1  Created
 Container vinicius-julio-api02-1  Created
 Container vinicius-julio-nginx-1  Creating
 Container vinicius-julio-nginx-1  Created
Attaching to api01-1, api02-1, nginx-1
nginx-1  | /docker-entrypoint.sh: /docker-entrypoint.d/ is not empty, will attempt to perform configuration
nginx-1  | /docker-entrypoint.sh: Looking for shell scripts in /docker-entrypoint.d/
nginx-1  | /docker-entrypoint.sh: Launching /docker-entrypoint.d/10-listen-on-ipv6-by-default.sh
nginx-1  | 10-listen-on-ipv6-by-default.sh: info: Getting the checksum of /etc/nginx/conf.d/default.conf
nginx-1  | 10-listen-on-ipv6-by-default.sh: info: Enabled listen on IPv6 in /etc/nginx/conf.d/default.conf
nginx-1  | /docker-entrypoint.sh: Sourcing /docker-entrypoint.d/15-local-resolvers.envsh
nginx-1  | /docker-entrypoint.sh: Launching /docker-entrypoint.d/20-envsubst-on-templates.sh
nginx-1  | /docker-entrypoint.sh: Launching /docker-entrypoint.d/30-tune-worker-processes.sh
nginx-1  | /docker-entrypoint.sh: Configuration complete; ready for start up
api01-1  | Listening on 0.0.0.0:3000
api02-1  | Listening on 0.0.0.0:3000
api01-1  | 192.168.208.4 - - [Sun, 03 Mar 2024 21:52:04 GMT] "GET /clientes/1/extrato HTTP/1.1" 200 99b 437us
api01-1  | ***************** zap.zig:274
api02-1  | 192.168.208.4 - - [Sun, 03 Mar 2024 21:52:04 GMT] "GET /clientes/1/extrato HTTP/1.1" 200 99b 464us
api02-1  | ***************** zap.zig:274
api01-1  | 192.168.208.4 - - [Sun, 03 Mar 2024 21:52:09 GMT] "POST /clientes/1/transacoes HTTP/1.1" 200 -- 596us
api02-1  | 192.168.208.4 - - [Sun, 03 Mar 2024 21:52:09 GMT] "POST /clientes/1/transacoes HTTP/1.1" 200 -- 731us
api01-1  | 192.168.208.4 - - [Sun, 03 Mar 2024 21:52:09 GMT] "POST /clientes/1/transacoes HTTP/1.1" 200 -- 686us
api02-1  | 192.168.208.4 - - [Sun, 03 Mar 2024 21:52:09 GMT] "POST /clientes/1/transacoes HTTP/1.1" 200 -- 781us
api01-1  | 192.168.208.4 - - [Sun, 03 Mar 2024 21:52:09 GMT] "POST /clientes/1/transacoes HTTP/1.1" 200 -- 863us
api02-1  | 192.168.208.4 - - [Sun, 03 Mar 2024 21:52:09 GMT] "POST /clientes/1/transacoes HTTP/1.1" 200 -- 640us
api02-1  | 192.168.208.4 - - [Sun, 03 Mar 2024 21:52:09 GMT] "POST /clientes/1/transacoes HTTP/1.1" 200 -- 589us
api01-1  | 192.168.208.4 - - [Sun, 03 Mar 2024 21:52:09 GMT] "POST /clientes/1/transacoes HTTP/1.1" 200 -- 1313us
api01-1  | 192.168.208.4 - - [Sun, 03 Mar 2024 21:52:09 GMT] "POST /clientes/1/transacoes HTTP/1.1" 200 -- 645us
api02-1  | 192.168.208.4 - - [Sun, 03 Mar 2024 21:52:09 GMT] "POST /clientes/1/transacoes HTTP/1.1" 200 -- 770us
api02-1  | 192.168.208.4 - - [Sun, 03 Mar 2024 21:52:09 GMT] "POST /clientes/1/transacoes HTTP/1.1" 200 -- 764us
api02-1  | 192.168.208.4 - - [Sun, 03 Mar 2024 21:52:09 GMT] "POST /clientes/1/transacoes HTTP/1.1" 200 -- 599us
api01-1  | 192.168.208.4 - - [Sun, 03 Mar 2024 21:52:09 GMT] "POST /clientes/1/transacoes HTTP/1.1" 200 -- 2212us
api01-1  | 192.168.208.4 - - [Sun, 03 Mar 2024 21:52:09 GMT] "POST /clientes/1/transacoes HTTP/1.1" 200 -- 666us
api02-1  | 192.168.208.4 - - [Sun, 03 Mar 2024 21:52:09 GMT] "POST /clientes/1/transacoes HTTP/1.1" 200 -- 672us
api01-1  | 192.168.208.4 - - [Sun, 03 Mar 2024 21:52:09 GMT] "POST /clientes/1/transacoes HTTP/1.1" 200 -- 1043us
api01-1  | 192.168.208.4 - - [Sun, 03 Mar 2024 21:52:09 GMT] "POST /clientes/1/transacoes HTTP/1.1" 200 -- 989us
api02-1  | 192.168.208.4 - - [Sun, 03 Mar 2024 21:52:09 GMT] "POST /clientes/1/transacoes HTTP/1.1" 200 -- 1020us
api01-1  | 192.168.208.4 - - [Sun, 03 Mar 2024 21:52:09 GMT] "POST /clientes/1/transacoes HTTP/1.1" 200 -- 727us
api02-1  | 192.168.208.4 - - [Sun, 03 Mar 2024 21:52:09 GMT] "POST /clientes/1/transacoes HTTP/1.1" 200 -- 639us
api02-1  | 192.168.208.4 - - [Sun, 03 Mar 2024 21:52:09 GMT] "POST /clientes/1/transacoes HTTP/1.1" 200 -- 653us
api02-1  | 192.168.208.4 - - [Sun, 03 Mar 2024 21:52:09 GMT] "POST /clientes/1/transacoes HTTP/1.1" 200 28b 38353us
api01-1  | 192.168.208.4 - - [Sun, 03 Mar 2024 21:52:09 GMT] "POST /clientes/1/transacoes HTTP/1.1" 200 28b 43484us
api02-1  | ***************** zap.zig:274
api01-1  | ***************** zap.zig:274
api01-1  | 192.168.208.4 - - [Sun, 03 Mar 2024 21:52:09 GMT] "POST /clientes/1/transacoes HTTP/1.1" 200 28b 133030us
api01-1  | 192.168.208.4 - - [Sun, 03 Mar 2024 21:52:09 GMT] "POST /clientes/1/transacoes HTTP/1.1" 200 28b 38974us
api01-1  | ***************** zap.zig:274
api01-1  | ***************** zap.zig:274
api02-1  | 192.168.208.4 - - [Sun, 03 Mar 2024 21:52:10 GMT] "GET /clientes/1/extrato HTTP/1.1" 200 184b 343us
api02-1  | ***************** zap.zig:274
api01-1  | 192.168.208.4 - - [Sun, 03 Mar 2024 21:52:11 GMT] "POST /clientes/1/transacoes HTTP/1.1" 200 -- 835us
api01-1  | 192.168.208.4 - - [Sun, 03 Mar 2024 21:52:11 GMT] "POST /clientes/1/transacoes HTTP/1.1" 200 -- 628us
api01-1  | 192.168.208.4 - - [Sun, 03 Mar 2024 21:52:11 GMT] "POST /clientes/1/transacoes HTTP/1.1" 200 -- 668us
api02-1  | 192.168.208.4 - - [Sun, 03 Mar 2024 21:52:11 GMT] "POST /clientes/1/transacoes HTTP/1.1" 200 -- 2725us
api01-1  | 192.168.208.4 - - [Sun, 03 Mar 2024 21:52:11 GMT] "POST /clientes/1/transacoes HTTP/1.1" 200 -- 693us
api02-1  | 192.168.208.4 - - [Sun, 03 Mar 2024 21:52:11 GMT] "POST /clientes/1/transacoes HTTP/1.1" 200 -- 991us
api02-1  | 192.168.208.4 - - [Sun, 03 Mar 2024 21:52:11 GMT] "POST /clientes/1/transacoes HTTP/1.1" 200 -- 590us
api01-1  | 192.168.208.4 - - [Sun, 03 Mar 2024 21:52:11 GMT] "POST /clientes/1/transacoes HTTP/1.1" 200 -- 675us
api02-1  | 192.168.208.4 - - [Sun, 03 Mar 2024 21:52:11 GMT] "POST /clientes/1/transacoes HTTP/1.1" 200 -- 743us
api02-1  | 192.168.208.4 - - [Sun, 03 Mar 2024 21:52:11 GMT] "POST /clientes/1/transacoes HTTP/1.1" 200 -- 604us
api01-1  | 192.168.208.4 - - [Sun, 03 Mar 2024 21:52:11 GMT] "POST /clientes/1/transacoes HTTP/1.1" 200 -- 584us
api02-1  | 192.168.208.4 - - [Sun, 03 Mar 2024 21:52:11 GMT] "POST /clientes/1/transacoes HTTP/1.1" 200 -- 565us
api01-1  | 192.168.208.4 - - [Sun, 03 Mar 2024 21:52:11 GMT] "POST /clientes/1/transacoes HTTP/1.1" 200 -- 617us
api02-1  | 192.168.208.4 - - [Sun, 03 Mar 2024 21:52:11 GMT] "POST /clientes/1/transacoes HTTP/1.1" 200 -- 529us
api01-1  | 192.168.208.4 - - [Sun, 03 Mar 2024 21:52:11 GMT] "POST /clientes/1/transacoes HTTP/1.1" 200 -- 720us
api01-1  | 192.168.208.4 - - [Sun, 03 Mar 2024 21:52:11 GMT] "POST /clientes/1/transacoes HTTP/1.1" 200 -- 601us
api02-1  | 192.168.208.4 - - [Sun, 03 Mar 2024 21:52:11 GMT] "POST /clientes/1/transacoes HTTP/1.1" 200 -- 723us
api01-1  | 192.168.208.4 - - [Sun, 03 Mar 2024 21:52:11 GMT] "POST /clientes/1/transacoes HTTP/1.1" 200 -- 822us
api02-1  | 192.168.208.4 - - [Sun, 03 Mar 2024 21:52:11 GMT] "POST /clientes/1/transacoes HTTP/1.1" 200 -- 1092us
api01-1  | 192.168.208.4 - - [Sun, 03 Mar 2024 21:52:11 GMT] "POST /clientes/1/transacoes HTTP/1.1" 200 -- 596us
api02-1  | 192.168.208.4 - - [Sun, 03 Mar 2024 21:52:11 GMT] "POST /clientes/1/transacoes HTTP/1.1" 200 -- 1160us
api02-1  | 192.168.208.4 - - [Sun, 03 Mar 2024 21:52:11 GMT] "POST /clientes/1/transacoes HTTP/1.1" 200 -- 705us
api02-1  | 192.168.208.4 - - [Sun, 03 Mar 2024 21:52:11 GMT] "POST /clientes/1/transacoes HTTP/1.1" 200 28b 50508us
api01-1  | 192.168.208.4 - - [Sun, 03 Mar 2024 21:52:11 GMT] "POST /clientes/1/transacoes HTTP/1.1" 200 28b 65794us
api01-1  | 192.168.208.4 - - [Sun, 03 Mar 2024 21:52:11 GMT] "POST /clientes/1/transacoes HTTP/1.1" 200 28b 83903us
api02-1  | ***************** zap.zig:274
api01-1  | ***************** zap.zig:274
api01-1  | ***************** zap.zig:274
api02-1  | 192.168.208.4 - - [Sun, 03 Mar 2024 21:52:12 GMT] "GET /clientes/1/extrato HTTP/1.1" 200 268b 356us
api02-1  | ***************** zap.zig:274
api01-1  | 192.168.208.4 - - [Sun, 03 Mar 2024 21:52:13 GMT] "GET /clientes/6/extrato HTTP/1.1" 404 -- 165us
api02-1  | 192.168.208.4 - - [Sun, 03 Mar 2024 21:52:13 GMT] "GET /clientes/5/extrato HTTP/1.1" 200 99b 289us
api02-1  | ***************** zap.zig:274
api01-1  | 192.168.208.4 - - [Sun, 03 Mar 2024 21:52:13 GMT] "GET /clientes/1/extrato HTTP/1.1" 200 269b 892us
api01-1  | 192.168.208.4 - - [Sun, 03 Mar 2024 21:52:13 GMT] "GET /clientes/2/extrato HTTP/1.1" 200 98b 355us
api01-1  | ***************** zap.zig:274
api02-1  | 192.168.208.4 - - [Sun, 03 Mar 2024 21:52:13 GMT] "GET /clientes/3/extrato HTTP/1.1" 200 100b 278us
api02-1  | ***************** zap.zig:274
api01-1  | ***************** zap.zig:274
api02-1  | 192.168.208.4 - - [Sun, 03 Mar 2024 21:52:13 GMT] "GET /clientes/4/extrato HTTP/1.1" 200 101b 206us
api02-1  | ***************** zap.zig:274
api02-1  | 192.168.208.4 - - [Sun, 03 Mar 2024 21:52:13 GMT] "POST /clientes/2/transacoes HTTP/1.1" 200 -- 622us
api01-1  | 192.168.208.4 - - [Sun, 03 Mar 2024 21:52:13 GMT] "POST /clientes/1/transacoes HTTP/1.1" 200 -- 861us
api01-1  | 192.168.208.4 - - [Sun, 03 Mar 2024 21:52:13 GMT] "POST /clientes/5/transacoes HTTP/1.1" 200 -- 686us
api01-1  | 192.168.208.4 - - [Sun, 03 Mar 2024 21:52:13 GMT] "POST /clientes/2/transacoes HTTP/1.1" 200 -- 722us
api02-1  | 192.168.208.4 - - [Sun, 03 Mar 2024 21:52:13 GMT] "POST /clientes/1/transacoes HTTP/1.1" 200 -- 612us
api02-1  | 192.168.208.4 - - [Sun, 03 Mar 2024 21:52:13 GMT] "POST /clientes/5/transacoes HTTP/1.1" 200 -- 579us
api01-1  | 192.168.208.4 - - [Sun, 03 Mar 2024 21:52:13 GMT] "GET /clientes/1/extrato HTTP/1.1" 200 -- 545us
api02-1  | 192.168.208.4 - - [Sun, 03 Mar 2024 21:52:13 GMT] "GET /clientes/5/extrato HTTP/1.1" 200 -- 804us
api02-1  | 192.168.208.4 - - [Sun, 03 Mar 2024 21:52:13 GMT] "POST /clientes/1/transacoes HTTP/1.1" 200 -- 619us
api01-1  | 192.168.208.4 - - [Sun, 03 Mar 2024 21:52:13 GMT] "POST /clientes/5/transacoes HTTP/1.1" 200 -- 888us
api01-1  | 192.168.208.4 - - [Sun, 03 Mar 2024 21:52:13 GMT] "GET /clientes/2/extrato HTTP/1.1" 200 -- 563us
api02-1  | 192.168.208.4 - - [Sun, 03 Mar 2024 21:52:13 GMT] "POST /clientes/5/transacoes HTTP/1.1" 422 -- 101us
api02-1  | 192.168.208.4 - - [Sun, 03 Mar 2024 21:52:13 GMT] "POST /clientes/2/transacoes HTTP/1.1" 200 -- 639us
api01-1  | 192.168.208.4 - - [Sun, 03 Mar 2024 21:52:13 GMT] "POST /clientes/5/transacoes HTTP/1.1" 200 -- 618us
api01-1  | 192.168.208.4 - - [Sun, 03 Mar 2024 21:52:13 GMT] "POST /clientes/1/transacoes HTTP/1.1" 422 -- 79us
api02-1  | 192.168.208.4 - - [Sun, 03 Mar 2024 21:52:13 GMT] "POST /clientes/5/transacoes HTTP/1.1" 200 -- 741us
api01-1  | 192.168.208.4 - - [Sun, 03 Mar 2024 21:52:13 GMT] "POST /clientes/2/transacoes HTTP/1.1" 422 -- 82us
api02-1  | 192.168.208.4 - - [Sun, 03 Mar 2024 21:52:13 GMT] "POST /clientes/1/transacoes HTTP/1.1" 200 -- 638us
api01-1  | 192.168.208.4 - - [Sun, 03 Mar 2024 21:52:13 GMT] "POST /clientes/5/transacoes HTTP/1.1" 200 -- 558us
api02-1  | 192.168.208.4 - - [Sun, 03 Mar 2024 21:52:13 GMT] "POST /clientes/2/transacoes HTTP/1.1" 200 -- 565us
api01-1  | 192.168.208.4 - - [Sun, 03 Mar 2024 21:52:13 GMT] "POST /clientes/1/transacoes HTTP/1.1" 200 -- 612us
api02-1  | 192.168.208.4 - - [Sun, 03 Mar 2024 21:52:13 GMT] "POST /clientes/5/transacoes HTTP/1.1" 422 -- 76us
api01-1  | 192.168.208.4 - - [Sun, 03 Mar 2024 21:52:13 GMT] "POST /clientes/1/transacoes HTTP/1.1" 200 -- 583us
api02-1  | 192.168.208.4 - - [Sun, 03 Mar 2024 21:52:13 GMT] "POST /clientes/2/transacoes HTTP/1.1" 200 -- 568us
api01-1  | 192.168.208.4 - - [Sun, 03 Mar 2024 21:52:13 GMT] "POST /clientes/4/transacoes HTTP/1.1" 200 29b 29854us
api01-1  | 192.168.208.4 - - [Sun, 03 Mar 2024 21:52:13 GMT] "POST /clientes/1/transacoes HTTP/1.1" 422 -- 91us
api02-1  | 192.168.208.4 - - [Sun, 03 Mar 2024 21:52:13 GMT] "POST /clientes/2/transacoes HTTP/1.1" 200 -- 583us
api02-1  | 192.168.208.4 - - [Sun, 03 Mar 2024 21:52:13 GMT] "POST /clientes/4/transacoes HTTP/1.1" 200 -- 629us
api01-1  | 192.168.208.4 - - [Sun, 03 Mar 2024 21:52:13 GMT] "POST /clientes/2/transacoes HTTP/1.1" 422 -- 104us
api01-1  | 192.168.208.4 - - [Sun, 03 Mar 2024 21:52:13 GMT] "GET /clientes/4/extrato HTTP/1.1" 200 -- 507us
api02-1  | 192.168.208.4 - - [Sun, 03 Mar 2024 21:52:13 GMT] "POST /clientes/4/transacoes HTTP/1.1" 200 -- 645us
api02-1  | 192.168.208.4 - - [Sun, 03 Mar 2024 21:52:13 GMT] "POST /clientes/3/transacoes HTTP/1.1" 200 28b 38238us
api01-1  | 192.168.208.4 - - [Sun, 03 Mar 2024 21:52:13 GMT] "POST /clientes/4/transacoes HTTP/1.1" 422 -- 98us
api02-1  | 192.168.208.4 - - [Sun, 03 Mar 2024 21:52:13 GMT] "POST /clientes/3/transacoes HTTP/1.1" 200 -- 578us
api01-1  | 192.168.208.4 - - [Sun, 03 Mar 2024 21:52:13 GMT] "POST /clientes/4/transacoes HTTP/1.1" 200 -- 572us
api02-1  | 192.168.208.4 - - [Sun, 03 Mar 2024 21:52:13 GMT] "GET /clientes/3/extrato HTTP/1.1" 200 -- 570us
api01-1  | 192.168.208.4 - - [Sun, 03 Mar 2024 21:52:13 GMT] "POST /clientes/4/transacoes HTTP/1.1" 200 -- 625us
api02-1  | 192.168.208.4 - - [Sun, 03 Mar 2024 21:52:13 GMT] "POST /clientes/3/transacoes HTTP/1.1" 200 -- 781us
api01-1  | 192.168.208.4 - - [Sun, 03 Mar 2024 21:52:13 GMT] "POST /clientes/4/transacoes HTTP/1.1" 200 -- 675us
api02-1  | 192.168.208.4 - - [Sun, 03 Mar 2024 21:52:13 GMT] "POST /clientes/3/transacoes HTTP/1.1" 422 -- 73us
api02-1  | 192.168.208.4 - - [Sun, 03 Mar 2024 21:52:13 GMT] "POST /clientes/4/transacoes HTTP/1.1" 422 -- 94us
api01-1  | 192.168.208.4 - - [Sun, 03 Mar 2024 21:52:13 GMT] "POST /clientes/3/transacoes HTTP/1.1" 200 -- 587us
api01-1  | 192.168.208.4 - - [Sun, 03 Mar 2024 21:52:13 GMT] "POST /clientes/3/transacoes HTTP/1.1" 200 -- 533us
api02-1  | 192.168.208.4 - - [Sun, 03 Mar 2024 21:52:13 GMT] "POST /clientes/3/transacoes HTTP/1.1" 200 -- 616us
api01-1  | 192.168.208.4 - - [Sun, 03 Mar 2024 21:52:13 GMT] "POST /clientes/3/transacoes HTTP/1.1" 422 -- 62us
api01-1  | ***************** zap.zig:274
api02-1  | ***************** zap.zig:274
api02-1  | 192.168.208.4 - - [Sun, 03 Mar 2024 21:52:14 GMT] "GET /clientes/4/extrato HTTP/1.1" 200 101b 813us
api02-1  | ***************** zap.zig:274
api02-1  | 192.168.208.4 - - [Sun, 03 Mar 2024 21:52:14 GMT] "POST /clientes/4/transacoes HTTP/1.1" 200 33b 34443us
api01-1  | 192.168.208.4 - - [Sun, 03 Mar 2024 21:52:14 GMT] "POST /clientes/5/transacoes HTTP/1.1" 200 29b 35254us
api02-1  | ***************** zap.zig:274
api01-1  | ***************** zap.zig:274
api01-1  | 192.168.208.4 - - [Sun, 03 Mar 2024 21:52:15 GMT] "GET /clientes/4/extrato HTTP/1.1" 200 -- 507us
api01-1  | 192.168.208.4 - - [Sun, 03 Mar 2024 21:52:15 GMT] "POST /clientes/2/transacoes HTTP/1.1" 200 29b 44794us
api02-1  | 192.168.208.4 - - [Sun, 03 Mar 2024 21:52:15 GMT] "POST /clientes/2/transacoes HTTP/1.1" 200 29b 47544us
api02-1  | ***************** zap.zig:274
api01-1  | ***************** zap.zig:274
api02-1  | 192.168.208.4 - - [Sun, 03 Mar 2024 21:52:15 GMT] "POST /clientes/4/transacoes HTTP/1.1" 200 34b 18626us
api02-1  | ***************** zap.zig:274
api02-1  | 192.168.208.4 - - [Sun, 03 Mar 2024 21:52:15 GMT] "POST /clientes/4/transacoes HTTP/1.1" 200 34b 26420us
api01-1  | 192.168.208.4 - - [Sun, 03 Mar 2024 21:52:15 GMT] "POST /clientes/4/transacoes HTTP/1.1" 200 33b 29269us
api02-1  | ***************** zap.zig:274
api01-1  | ***************** zap.zig:274
api01-1  | 192.168.208.4 - - [Sun, 03 Mar 2024 21:52:15 GMT] "POST /clientes/3/transacoes HTTP/1.1" 200 32b 21414us
api01-1  | ***************** zap.zig:274
api02-1  | 192.168.208.4 - - [Sun, 03 Mar 2024 21:52:16 GMT] "GET /clientes/2/extrato HTTP/1.1" 200 189b 533us
api02-1  | ***************** zap.zig:274
api01-1  | 192.168.208.4 - - [Sun, 03 Mar 2024 21:52:16 GMT] "POST /clientes/1/transacoes HTTP/1.1" 200 30b 34249us
api02-1  | 192.168.208.4 - - [Sun, 03 Mar 2024 21:52:16 GMT] "POST /clientes/1/transacoes HTTP/1.1" 200 30b 44442us
api01-1  | ***************** zap.zig:274
api02-1  | ***************** zap.zig:274
api01-1  | 192.168.208.4 - - [Sun, 03 Mar 2024 21:52:16 GMT] "POST /clientes/1/transacoes HTTP/1.1" 200 32b 25088us
api01-1  | ***************** zap.zig:274
api02-1  | 192.168.208.4 - - [Sun, 03 Mar 2024 21:52:16 GMT] "POST /clientes/1/transacoes HTTP/1.1" 200 31b 22779us
api02-1  | ***************** zap.zig:274
api01-1  | 192.168.208.4 - - [Sun, 03 Mar 2024 21:52:16 GMT] "POST /clientes/4/transacoes HTTP/1.1" 200 34b 18413us
api01-1  | ***************** zap.zig:274
api01-1  | 192.168.208.4 - - [Sun, 03 Mar 2024 21:52:16 GMT] "POST /clientes/1/transacoes HTTP/1.1" 200 32b 21500us
api02-1  | 192.168.208.4 - - [Sun, 03 Mar 2024 21:52:16 GMT] "POST /clientes/2/transacoes HTTP/1.1" 200 30b 21539us
api01-1  | ***************** zap.zig:274
api02-1  | ***************** zap.zig:274
api02-1  | 192.168.208.4 - - [Sun, 03 Mar 2024 21:52:16 GMT] "POST /clientes/4/transacoes HTTP/1.1" 200 34b 20778us
api02-1  | ***************** zap.zig:274
api01-1  | 192.168.208.4 - - [Sun, 03 Mar 2024 21:52:16 GMT] "POST /clientes/3/transacoes HTTP/1.1" 200 32b 42256us
api01-1  | ***************** zap.zig:274
api02-1  | 192.168.208.4 - - [Sun, 03 Mar 2024 21:52:17 GMT] "POST /clientes/4/transacoes HTTP/1.1" 200 34b 21675us
api02-1  | ***************** zap.zig:274
api01-1  | 192.168.208.4 - - [Sun, 03 Mar 2024 21:52:17 GMT] "GET /clientes/5/extrato HTTP/1.1" 200 -- 526us
api02-1  | 192.168.208.4 - - [Sun, 03 Mar 2024 21:52:17 GMT] "POST /clientes/5/transacoes HTTP/1.1" 200 30b 27032us
api01-1  | 192.168.208.4 - - [Sun, 03 Mar 2024 21:52:17 GMT] "POST /clientes/2/transacoes HTTP/1.1" 200 30b 27162us
api02-1  | ***************** zap.zig:274
api01-1  | ***************** zap.zig:274
api02-1  | 192.168.208.4 - - [Sun, 03 Mar 2024 21:52:17 GMT] "POST /clientes/1/transacoes HTTP/1.1" 200 31b 21119us
api02-1  | ***************** zap.zig:274
api01-1  | 192.168.208.4 - - [Sun, 03 Mar 2024 21:52:17 GMT] "POST /clientes/1/transacoes HTTP/1.1" 200 32b 18649us
api01-1  | ***************** zap.zig:274
api02-1  | 192.168.208.4 - - [Sun, 03 Mar 2024 21:52:17 GMT] "POST /clientes/5/transacoes HTTP/1.1" 200 31b 28557us
api02-1  | ***************** zap.zig:274
api01-1  | 192.168.208.4 - - [Sun, 03 Mar 2024 21:52:17 GMT] "POST /clientes/2/transacoes HTTP/1.1" 200 31b 21190us
api01-1  | ***************** zap.zig:274
api02-1  | 192.168.208.4 - - [Sun, 03 Mar 2024 21:52:17 GMT] "POST /clientes/4/transacoes HTTP/1.1" 200 34b 19295us
api02-1  | ***************** zap.zig:274
api01-1  | 192.168.208.4 - - [Sun, 03 Mar 2024 21:52:17 GMT] "POST /clientes/4/transacoes HTTP/1.1" 200 34b 37908us
api01-1  | ***************** zap.zig:274
api02-1  | 192.168.208.4 - - [Sun, 03 Mar 2024 21:52:17 GMT] "POST /clientes/4/transacoes HTTP/1.1" 200 34b 19596us
api02-1  | ***************** zap.zig:274
api01-1  | 192.168.208.4 - - [Sun, 03 Mar 2024 21:52:17 GMT] "POST /clientes/1/transacoes HTTP/1.1" 200 31b 53474us
api01-1  | ***************** zap.zig:274
api02-1  | 192.168.208.4 - - [Sun, 03 Mar 2024 21:52:18 GMT] "POST /clientes/2/transacoes HTTP/1.1" 200 30b 19216us
api02-1  | ***************** zap.zig:274
api02-1  | 192.168.208.4 - - [Sun, 03 Mar 2024 21:52:18 GMT] "GET /clientes/4/extrato HTTP/1.1" 200 372b 307us
api02-1  | ***************** zap.zig:274
api01-1  | 192.168.208.4 - - [Sun, 03 Mar 2024 21:52:18 GMT] "POST /clientes/4/transacoes HTTP/1.1" 200 -- 613us
api01-1  | 192.168.208.4 - - [Sun, 03 Mar 2024 21:52:18 GMT] "POST /clientes/3/transacoes HTTP/1.1" 200 31b 21815us
api01-1  | ***************** zap.zig:274
api02-1  | 192.168.208.4 - - [Sun, 03 Mar 2024 21:52:18 GMT] "POST /clientes/5/transacoes HTTP/1.1" 200 30b 20901us
api02-1  | ***************** zap.zig:274
api01-1  | 192.168.208.4 - - [Sun, 03 Mar 2024 21:52:18 GMT] "POST /clientes/5/transacoes HTTP/1.1" 200 30b 19382us
api01-1  | ***************** zap.zig:274
api02-1  | 192.168.208.4 - - [Sun, 03 Mar 2024 21:52:18 GMT] "POST /clientes/4/transacoes HTTP/1.1" 200 34b 46529us
api02-1  | ***************** zap.zig:274
api01-1  | 192.168.208.4 - - [Sun, 03 Mar 2024 21:52:18 GMT] "POST /clientes/4/transacoes HTTP/1.1" 200 34b 20232us
api01-1  | ***************** zap.zig:274
api02-1  | 192.168.208.4 - - [Sun, 03 Mar 2024 21:52:18 GMT] "POST /clientes/3/transacoes HTTP/1.1" 200 31b 19589us
api02-1  | ***************** zap.zig:274
api01-1  | 192.168.208.4 - - [Sun, 03 Mar 2024 21:52:18 GMT] "POST /clientes/1/transacoes HTTP/1.1" 200 31b 31352us
api01-1  | ***************** zap.zig:274
api02-1  | 192.168.208.4 - - [Sun, 03 Mar 2024 21:52:18 GMT] "POST /clientes/1/transacoes HTTP/1.1" 200 31b 36908us
api02-1  | ***************** zap.zig:274
api01-1  | 192.168.208.4 - - [Sun, 03 Mar 2024 21:52:18 GMT] "POST /clientes/3/transacoes HTTP/1.1" 200 32b 47131us
api01-1  | ***************** zap.zig:274
api02-1  | 192.168.208.4 - - [Sun, 03 Mar 2024 21:52:18 GMT] "POST /clientes/2/transacoes HTTP/1.1" 200 29b 37491us
api02-1  | ***************** zap.zig:274
api01-1  | 192.168.208.4 - - [Sun, 03 Mar 2024 21:52:18 GMT] "POST /clientes/4/transacoes HTTP/1.1" 200 34b 48724us
api02-1  | 192.168.208.4 - - [Sun, 03 Mar 2024 21:52:18 GMT] "POST /clientes/1/transacoes HTTP/1.1" 200 31b 45500us
api01-1  | ***************** zap.zig:274
api02-1  | ***************** zap.zig:274
api01-1  | 192.168.208.4 - - [Sun, 03 Mar 2024 21:52:19 GMT] "POST /clientes/3/transacoes HTTP/1.1" 200 31b 32354us
api01-1  | ***************** zap.zig:274
api01-1  | 192.168.208.4 - - [Sun, 03 Mar 2024 21:52:19 GMT] "GET /clientes/2/extrato HTTP/1.1" 200 279b 405us
api01-1  | ***************** zap.zig:274
api02-1  | 192.168.208.4 - - [Sun, 03 Mar 2024 21:52:19 GMT] "POST /clientes/4/transacoes HTTP/1.1" 200 -- 728us
api02-1  | 192.168.208.4 - - [Sun, 03 Mar 2024 21:52:19 GMT] "POST /clientes/2/transacoes HTTP/1.1" 200 30b 33020us
api02-1  | ***************** zap.zig:274
api01-1  | 192.168.208.4 - - [Sun, 03 Mar 2024 21:52:19 GMT] "POST /clientes/1/transacoes HTTP/1.1" 200 32b 18799us
api01-1  | ***************** zap.zig:274
api02-1  | 192.168.208.4 - - [Sun, 03 Mar 2024 21:52:19 GMT] "POST /clientes/2/transacoes HTTP/1.1" 200 30b 26964us
api01-1  | 192.168.208.4 - - [Sun, 03 Mar 2024 21:52:19 GMT] "POST /clientes/5/transacoes HTTP/1.1" 200 31b 32461us
api02-1  | ***************** zap.zig:274
api01-1  | ***************** zap.zig:274
api02-1  | 192.168.208.4 - - [Sun, 03 Mar 2024 21:52:19 GMT] "POST /clientes/5/transacoes HTTP/1.1" 200 30b 21121us
api02-1  | ***************** zap.zig:274
api01-1  | 192.168.208.4 - - [Sun, 03 Mar 2024 21:52:19 GMT] "POST /clientes/3/transacoes HTTP/1.1" 200 31b 28196us
api01-1  | ***************** zap.zig:274
api02-1  | 192.168.208.4 - - [Sun, 03 Mar 2024 21:52:19 GMT] "POST /clientes/2/transacoes HTTP/1.1" 200 30b 42936us
api02-1  | ***************** zap.zig:274
api01-1  | 192.168.208.4 - - [Sun, 03 Mar 2024 21:52:19 GMT] "POST /clientes/4/transacoes HTTP/1.1" 200 34b 24106us
api01-1  | 192.168.208.4 - - [Sun, 03 Mar 2024 21:52:19 GMT] "POST /clientes/4/transacoes HTTP/1.1" 200 -- 547us
api02-1  | 192.168.208.4 - - [Sun, 03 Mar 2024 21:52:19 GMT] "GET /clientes/2/extrato HTTP/1.1" 200 280b 2784us
api02-1  | ***************** zap.zig:274
api01-1  | ***************** zap.zig:274
api02-1  | 192.168.208.4 - - [Sun, 03 Mar 2024 21:52:19 GMT] "POST /clientes/4/transacoes HTTP/1.1" 200 34b 18337us
api02-1  | ***************** zap.zig:274
api01-1  | 192.168.208.4 - - [Sun, 03 Mar 2024 21:52:19 GMT] "POST /clientes/2/transacoes HTTP/1.1" 200 31b 20521us
api01-1  | ***************** zap.zig:274
api02-1  | 192.168.208.4 - - [Sun, 03 Mar 2024 21:52:19 GMT] "POST /clientes/4/transacoes HTTP/1.1" 200 34b 46787us
api02-1  | ***************** zap.zig:274
api01-1  | 192.168.208.4 - - [Sun, 03 Mar 2024 21:52:19 GMT] "POST /clientes/1/transacoes HTTP/1.1" 200 32b 53203us
api01-1  | ***************** zap.zig:274
api02-1  | 192.168.208.4 - - [Sun, 03 Mar 2024 21:52:19 GMT] "POST /clientes/5/transacoes HTTP/1.1" 200 31b 38120us
api01-1  | 192.168.208.4 - - [Sun, 03 Mar 2024 21:52:19 GMT] "POST /clientes/4/transacoes HTTP/1.1" 200 34b 47950us
api02-1  | ***************** zap.zig:274
api01-1  | ***************** zap.zig:274
api02-1  | 192.168.208.4 - - [Sun, 03 Mar 2024 21:52:20 GMT] "POST /clientes/4/transacoes HTTP/1.1" 200 34b 58200us
api02-1  | ***************** zap.zig:274
api01-1  | 192.168.208.4 - - [Sun, 03 Mar 2024 21:52:20 GMT] "GET /clientes/5/extrato HTTP/1.1" 200 368b 380us
api01-1  | ***************** zap.zig:274
api01-1  | 192.168.208.4 - - [Sun, 03 Mar 2024 21:52:20 GMT] "POST /clientes/5/transacoes HTTP/1.1" 200 32b 32638us
api02-1  | 192.168.208.4 - - [Sun, 03 Mar 2024 21:52:20 GMT] "POST /clientes/4/transacoes HTTP/1.1" 200 34b 54162us
api01-1  | ***************** zap.zig:274
api02-1  | ***************** zap.zig:274
api02-1  | 192.168.208.4 - - [Sun, 03 Mar 2024 21:52:20 GMT] "POST /clientes/1/transacoes HTTP/1.1" 200 31b 60733us
api01-1  | 192.168.208.4 - - [Sun, 03 Mar 2024 21:52:20 GMT] "POST /clientes/4/transacoes HTTP/1.1" 200 34b 37822us
api02-1  | ***************** zap.zig:274
api01-1  | ***************** zap.zig:274
api02-1  | 192.168.208.4 - - [Sun, 03 Mar 2024 21:52:20 GMT] "POST /clientes/4/transacoes HTTP/1.1" 200 34b 100470us
api01-1  | 192.168.208.4 - - [Sun, 03 Mar 2024 21:52:20 GMT] "POST /clientes/3/transacoes HTTP/1.1" 200 32b 71532us
api02-1  | ***************** zap.zig:274
api02-1  | 192.168.208.4 - - [Sun, 03 Mar 2024 21:52:20 GMT] "POST /clientes/1/transacoes HTTP/1.1" 200 31b 78966us
api01-1  | ***************** zap.zig:274
api01-1  | 192.168.208.4 - - [Sun, 03 Mar 2024 21:52:20 GMT] "POST /clientes/3/transacoes HTTP/1.1" 200 33b 123728us
api02-1  | 192.168.208.4 - - [Sun, 03 Mar 2024 21:52:20 GMT] "POST /clientes/4/transacoes HTTP/1.1" 200 -- 614us
api02-1  | ***************** zap.zig:274
api02-1  | 192.168.208.4 - - [Sun, 03 Mar 2024 21:52:20 GMT] "POST /clientes/3/transacoes HTTP/1.1" 200 31b 118024us
api01-1  | 192.168.208.4 - - [Sun, 03 Mar 2024 21:52:20 GMT] "POST /clientes/5/transacoes HTTP/1.1" 200 32b 83380us
api01-1  | 192.168.208.4 - - [Sun, 03 Mar 2024 21:52:20 GMT] "POST /clientes/4/transacoes HTTP/1.1" 200 -- 580us
api01-1  | ***************** zap.zig:274
api02-1  | ***************** zap.zig:274
api01-1  | ***************** zap.zig:274
api02-1  | 192.168.208.4 - - [Sun, 03 Mar 2024 21:52:20 GMT] "POST /clientes/2/transacoes HTTP/1.1" 200 30b 41009us
api02-1  | ***************** zap.zig:274
api01-1  | 192.168.208.4 - - [Sun, 03 Mar 2024 21:52:20 GMT] "POST /clientes/2/transacoes HTTP/1.1" 200 31b 54759us
api01-1  | ***************** zap.zig:274
api02-1  | 192.168.208.4 - - [Sun, 03 Mar 2024 21:52:20 GMT] "POST /clientes/2/transacoes HTTP/1.1" 200 31b 60442us
api01-1  | 192.168.208.4 - - [Sun, 03 Mar 2024 21:52:20 GMT] "POST /clientes/1/transacoes HTTP/1.1" 200 32b 53531us
api02-1  | 192.168.208.4 - - [Sun, 03 Mar 2024 21:52:20 GMT] "POST /clientes/1/transacoes HTTP/1.1" 200 -- 576us
api02-1  | ***************** zap.zig:274
api01-1  | ***************** zap.zig:274
api01-1  | 192.168.208.4 - - [Sun, 03 Mar 2024 21:52:21 GMT] "POST /clientes/1/transacoes HTTP/1.1" 200 32b 27027us
api02-1  | 192.168.208.4 - - [Sun, 03 Mar 2024 21:52:21 GMT] "POST /clientes/1/transacoes HTTP/1.1" 200 31b 57708us
api01-1  | ***************** zap.zig:274
api02-1  | ***************** zap.zig:274
api02-1  | 192.168.208.4 - - [Sun, 03 Mar 2024 21:52:21 GMT] "GET /clientes/4/extrato HTTP/1.1" 200 283b 3330us
api01-1  | 192.168.208.4 - - [Sun, 03 Mar 2024 21:52:21 GMT] "POST /clientes/4/transacoes HTTP/1.1" 200 34b 80502us
api02-1  | 192.168.208.4 - - [Sun, 03 Mar 2024 21:52:21 GMT] "POST /clientes/5/transacoes HTTP/1.1" 200 31b 54100us
api01-1  | 192.168.208.4 - - [Sun, 03 Mar 2024 21:52:21 GMT] "POST /clientes/1/transacoes HTTP/1.1" 200 -- 571us
api01-1  | 192.168.208.4 - - [Sun, 03 Mar 2024 21:52:21 GMT] "POST /clientes/3/transacoes HTTP/1.1" 200 33b 72730us
api01-1  | ***************** zap.zig:274
api02-1  | ***************** zap.zig:274
api01-1  | ***************** zap.zig:274
api02-1  | 192.168.208.4 - - [Sun, 03 Mar 2024 21:52:21 GMT] "POST /clientes/3/transacoes HTTP/1.1" 200 31b 44372us
api01-1  | 192.168.208.4 - - [Sun, 03 Mar 2024 21:52:21 GMT] "POST /clientes/2/transacoes HTTP/1.1" 200 31b 59588us
api02-1  | 192.168.208.4 - - [Sun, 03 Mar 2024 21:52:21 GMT] "POST /clientes/2/transacoes HTTP/1.1" 200 -- 601us
api02-1  | ***************** zap.zig:274
api01-1  | ***************** zap.zig:274
api01-1  | 192.168.208.4 - - [Sun, 03 Mar 2024 21:52:21 GMT] "POST /clientes/5/transacoes HTTP/1.1" 200 31b 17579us
api02-1  | 192.168.208.4 - - [Sun, 03 Mar 2024 21:52:21 GMT] "POST /clientes/4/transacoes HTTP/1.1" 200 34b 58477us
api01-1  | ***************** zap.zig:274
api02-1  | ***************** zap.zig:274
api01-1  | 192.168.208.4 - - [Sun, 03 Mar 2024 21:52:21 GMT] "POST /clientes/3/transacoes HTTP/1.1" 200 33b 44105us
api02-1  | 192.168.208.4 - - [Sun, 03 Mar 2024 21:52:21 GMT] "POST /clientes/2/transacoes HTTP/1.1" 200 31b 50477us
api01-1  | ***************** zap.zig:274
api01-1  | 192.168.208.4 - - [Sun, 03 Mar 2024 21:52:21 GMT] "POST /clientes/4/transacoes HTTP/1.1" 200 34b 68481us
api02-1  | ***************** zap.zig:274
api02-1  | 192.168.208.4 - - [Sun, 03 Mar 2024 21:52:21 GMT] "POST /clientes/2/transacoes HTTP/1.1" 200 -- 620us
api01-1  | 192.168.208.4 - - [Sun, 03 Mar 2024 21:52:21 GMT] "GET /clientes/2/extrato HTTP/1.1" 200 457b 12551us
api02-1  | 192.168.208.4 - - [Sun, 03 Mar 2024 21:52:21 GMT] "POST /clientes/5/transacoes HTTP/1.1" 200 32b 62370us
api01-1  | 192.168.208.4 - - [Sun, 03 Mar 2024 21:52:21 GMT] "POST /clientes/5/transacoes HTTP/1.1" 200 -- 559us
api01-1  | ***************** zap.zig:274
api01-1  | ***************** zap.zig:274
api02-1  | ***************** zap.zig:274
api02-1  | 192.168.208.4 - - [Sun, 03 Mar 2024 21:52:21 GMT] "POST /clientes/4/transacoes HTTP/1.1" 200 34b 20738us
api02-1  | ***************** zap.zig:274
api01-1  | 192.168.208.4 - - [Sun, 03 Mar 2024 21:52:21 GMT] "POST /clientes/2/transacoes HTTP/1.1" 200 31b 52675us
api02-1  | 192.168.208.4 - - [Sun, 03 Mar 2024 21:52:21 GMT] "POST /clientes/5/transacoes HTTP/1.1" 200 32b 55041us
api01-1  | ***************** zap.zig:274
api02-1  | ***************** zap.zig:274
api01-1  | 192.168.208.4 - - [Sun, 03 Mar 2024 21:52:21 GMT] "POST /clientes/4/transacoes HTTP/1.1" 200 34b 66376us
api02-1  | 192.168.208.4 - - [Sun, 03 Mar 2024 21:52:21 GMT] "POST /clientes/5/transacoes HTTP/1.1" 200 32b 71236us
api02-1  | 192.168.208.4 - - [Sun, 03 Mar 2024 21:52:22 GMT] "POST /clientes/4/transacoes HTTP/1.1" 200 -- 600us
api01-1  | ***************** zap.zig:274
api02-1  | ***************** zap.zig:274
api01-1  | 192.168.208.4 - - [Sun, 03 Mar 2024 21:52:22 GMT] "POST /clientes/3/transacoes HTTP/1.1" 200 33b 121646us
api02-1  | 192.168.208.4 - - [Sun, 03 Mar 2024 21:52:22 GMT] "POST /clientes/2/transacoes HTTP/1.1" 200 30b 47119us
api01-1  | 192.168.208.4 - - [Sun, 03 Mar 2024 21:52:22 GMT] "POST /clientes/5/transacoes HTTP/1.1" 200 31b 108185us
api02-1  | 192.168.208.4 - - [Sun, 03 Mar 2024 21:52:22 GMT] "GET /clientes/1/extrato HTTP/1.1" 200 -- 493us
api01-1  | 192.168.208.4 - - [Sun, 03 Mar 2024 21:52:22 GMT] "POST /clientes/1/transacoes HTTP/1.1" 200 -- 597us
api01-1  | 192.168.208.4 - - [Sun, 03 Mar 2024 21:52:22 GMT] "POST /clientes/3/transacoes HTTP/1.1" 200 -- 659us
api01-1  | ***************** zap.zig:274
api02-1  | ***************** zap.zig:274
api01-1  | ***************** zap.zig:274
api02-1  | 192.168.208.4 - - [Sun, 03 Mar 2024 21:52:22 GMT] "POST /clientes/2/transacoes HTTP/1.1" 200 31b 19117us
api02-1  | ***************** zap.zig:274
api01-1  | 192.168.208.4 - - [Sun, 03 Mar 2024 21:52:22 GMT] "POST /clientes/2/transacoes HTTP/1.1" 200 31b 31855us
api02-1  | 192.168.208.4 - - [Sun, 03 Mar 2024 21:52:22 GMT] "POST /clientes/4/transacoes HTTP/1.1" 200 34b 39699us
api01-1  | 192.168.208.4 - - [Sun, 03 Mar 2024 21:52:22 GMT] "POST /clientes/2/transacoes HTTP/1.1" 200 -- 577us
api01-1  | ***************** zap.zig:274
api02-1  | ***************** zap.zig:274
api01-1  | 192.168.208.4 - - [Sun, 03 Mar 2024 21:52:22 GMT] "POST /clientes/4/transacoes HTTP/1.1" 200 34b 28942us
api02-1  | 192.168.208.4 - - [Sun, 03 Mar 2024 21:52:22 GMT] "POST /clientes/4/transacoes HTTP/1.1" 200 34b 29058us
api02-1  | ***************** zap.zig:274
api01-1  | ***************** zap.zig:274
api02-1  | 192.168.208.4 - - [Sun, 03 Mar 2024 21:52:22 GMT] "POST /clientes/3/transacoes HTTP/1.1" 200 31b 51186us
api01-1  | 192.168.208.4 - - [Sun, 03 Mar 2024 21:52:22 GMT] "POST /clientes/5/transacoes HTTP/1.1" 200 31b 57628us
api01-1  | 192.168.208.4 - - [Sun, 03 Mar 2024 21:52:22 GMT] "POST /clientes/3/transacoes HTTP/1.1" 200 -- 552us
api02-1  | ***************** zap.zig:274
api02-1  | 192.168.208.4 - - [Sun, 03 Mar 2024 21:52:22 GMT] "POST /clientes/4/transacoes HTTP/1.1" 200 34b 91824us
api01-1  | ***************** zap.zig:274
api01-1  | 192.168.208.4 - - [Sun, 03 Mar 2024 21:52:22 GMT] "GET /clientes/1/extrato HTTP/1.1" 200 459b 391us
api01-1  | ***************** zap.zig:274
api02-1  | 192.168.208.4 - - [Sun, 03 Mar 2024 21:52:22 GMT] "POST /clientes/1/transacoes HTTP/1.1" 200 -- 651us
api02-1  | ***************** zap.zig:274
api02-1  | 192.168.208.4 - - [Sun, 03 Mar 2024 21:52:22 GMT] "POST /clientes/3/transacoes HTTP/1.1" 200 31b 58833us
api02-1  | ***************** zap.zig:274
api01-1  | 192.168.208.4 - - [Sun, 03 Mar 2024 21:52:22 GMT] "POST /clientes/1/transacoes HTTP/1.1" 200 32b 49106us
api01-1  | 192.168.208.4 - - [Sun, 03 Mar 2024 21:52:22 GMT] "POST /clientes/4/transacoes HTTP/1.1" 200 -- 543us
api01-1  | ***************** zap.zig:274
api02-1  | 192.168.208.4 - - [Sun, 03 Mar 2024 21:52:22 GMT] "POST /clientes/4/transacoes HTTP/1.1" 200 34b 56824us
api02-1  | ***************** zap.zig:274
api02-1  | 192.168.208.4 - - [Sun, 03 Mar 2024 21:52:22 GMT] "POST /clientes/4/transacoes HTTP/1.1" 200 34b 34418us
api02-1  | ***************** zap.zig:274
api02-1  | 192.168.208.4 - - [Sun, 03 Mar 2024 21:52:22 GMT] "POST /clientes/5/transacoes HTTP/1.1" 200 32b 52779us
api01-1  | 192.168.208.4 - - [Sun, 03 Mar 2024 21:52:22 GMT] "POST /clientes/3/transacoes HTTP/1.1" 200 33b 55100us
api02-1  | ***************** zap.zig:274
api01-1  | ***************** zap.zig:274
api01-1  | 192.168.208.4 - - [Sun, 03 Mar 2024 21:52:23 GMT] "POST /clientes/4/transacoes HTTP/1.1" 200 34b 100008us
api02-1  | 192.168.208.4 - - [Sun, 03 Mar 2024 21:52:23 GMT] "POST /clientes/3/transacoes HTTP/1.1" 200 32b 51573us
api01-1  | 192.168.208.4 - - [Sun, 03 Mar 2024 21:52:23 GMT] "GET /clientes/3/extrato HTTP/1.1" 200 -- 712us
api02-1  | 192.168.208.4 - - [Sun, 03 Mar 2024 21:52:23 GMT] "POST /clientes/4/transacoes HTTP/1.1" 200 -- 706us
api01-1  | 192.168.208.4 - - [Sun, 03 Mar 2024 21:52:23 GMT] "POST /clientes/3/transacoes HTTP/1.1" 200 -- 669us
api01-1  | 192.168.208.4 - - [Sun, 03 Mar 2024 21:52:23 GMT] "POST /clientes/1/transacoes HTTP/1.1" 200 32b 127447us
api02-1  | ***************** zap.zig:274
api01-1  | ***************** zap.zig:274
api02-1  | 192.168.208.4 - - [Sun, 03 Mar 2024 21:52:23 GMT] "POST /clientes/1/transacoes HTTP/1.1" 200 31b 113837us
api02-1  | 192.168.208.4 - - [Sun, 03 Mar 2024 21:52:23 GMT] "POST /clientes/3/transacoes HTTP/1.1" 200 -- 562us
api01-1  | ***************** zap.zig:274
api02-1  | ***************** zap.zig:274
api01-1  | 192.168.208.4 - - [Sun, 03 Mar 2024 21:52:23 GMT] "POST /clientes/2/transacoes HTTP/1.1" 200 31b 45327us
api01-1  | 192.168.208.4 - - [Sun, 03 Mar 2024 21:52:23 GMT] "POST /clientes/1/transacoes HTTP/1.1" 200 -- 570us
api02-1  | 192.168.208.4 - - [Sun, 03 Mar 2024 21:52:23 GMT] "POST /clientes/3/transacoes HTTP/1.1" 200 32b 64224us
api02-1  | 192.168.208.4 - - [Sun, 03 Mar 2024 21:52:23 GMT] "POST /clientes/3/transacoes HTTP/1.1" 200 -- 668us
api01-1  | ***************** zap.zig:274
api02-1  | ***************** zap.zig:274
api01-1  | 192.168.208.4 - - [Sun, 03 Mar 2024 21:52:23 GMT] "POST /clientes/3/transacoes HTTP/1.1" 200 33b 47577us
api01-1  | ***************** zap.zig:274
api02-1  | 192.168.208.4 - - [Sun, 03 Mar 2024 21:52:23 GMT] "POST /clientes/3/transacoes HTTP/1.1" 200 32b 48551us
api01-1  | 192.168.208.4 - - [Sun, 03 Mar 2024 21:52:23 GMT] "POST /clientes/1/transacoes HTTP/1.1" 200 32b 51393us
api02-1  | ***************** zap.zig:274
api02-1  | 192.168.208.4 - - [Sun, 03 Mar 2024 21:52:23 GMT] "POST /clientes/4/transacoes HTTP/1.1" 200 35b 96603us
api01-1  | ***************** zap.zig:274
api01-1  | 192.168.208.4 - - [Sun, 03 Mar 2024 21:52:23 GMT] "POST /clientes/3/transacoes HTTP/1.1" 200 33b 98028us
api02-1  | 192.168.208.4 - - [Sun, 03 Mar 2024 21:52:23 GMT] "POST /clientes/5/transacoes HTTP/1.1" 200 -- 591us
api01-1  | 192.168.208.4 - - [Sun, 03 Mar 2024 21:52:23 GMT] "POST /clientes/3/transacoes HTTP/1.1" 200 -- 578us
api02-1  | 192.168.208.4 - - [Sun, 03 Mar 2024 21:52:23 GMT] "POST /clientes/2/transacoes HTTP/1.1" 200 31b 113110us
api02-1  | 192.168.208.4 - - [Sun, 03 Mar 2024 21:52:23 GMT] "POST /clientes/4/transacoes HTTP/1.1" 200 -- 577us
api02-1  | ***************** zap.zig:274
api01-1  | 192.168.208.4 - - [Sun, 03 Mar 2024 21:52:23 GMT] "POST /clientes/1/transacoes HTTP/1.1" 200 -- 593us
api01-1  | 192.168.208.4 - - [Sun, 03 Mar 2024 21:52:23 GMT] "POST /clientes/5/transacoes HTTP/1.1" 200 31b 165918us
api01-1  | ***************** zap.zig:274
api02-1  | ***************** zap.zig:274
api02-1  | 192.168.208.4 - - [Sun, 03 Mar 2024 21:52:23 GMT] "POST /clientes/4/transacoes HTTP/1.1" 200 35b 88401us
api01-1  | 192.168.208.4 - - [Sun, 03 Mar 2024 21:52:23 GMT] "POST /clientes/3/transacoes HTTP/1.1" 200 -- 576us
api01-1  | ***************** zap.zig:274
api01-1  | 192.168.208.4 - - [Sun, 03 Mar 2024 21:52:23 GMT] "POST /clientes/1/transacoes HTTP/1.1" 200 32b 94099us
api02-1  | 192.168.208.4 - - [Sun, 03 Mar 2024 21:52:23 GMT] "POST /clientes/5/transacoes HTTP/1.1" 200 -- 576us
api02-1  | 192.168.208.4 - - [Sun, 03 Mar 2024 21:52:23 GMT] "POST /clientes/3/transacoes HTTP/1.1" 200 32b 83367us
api01-1  | ***************** zap.zig:274
api02-1  | 192.168.208.4 - - [Sun, 03 Mar 2024 21:52:23 GMT] "POST /clientes/2/transacoes HTTP/1.1" 200 -- 545us
api02-1  | ***************** zap.zig:274
api01-1  | 192.168.208.4 - - [Sun, 03 Mar 2024 21:52:23 GMT] "POST /clientes/4/transacoes HTTP/1.1" 200 34b 57549us
api02-1  | ***************** zap.zig:274
api01-1  | 192.168.208.4 - - [Sun, 03 Mar 2024 21:52:24 GMT] "POST /clientes/4/transacoes HTTP/1.1" 200 -- 578us
api01-1  | 192.168.208.4 - - [Sun, 03 Mar 2024 21:52:23 GMT] "POST /clientes/2/transacoes HTTP/1.1" 200 31b 80047us
api02-1  | 192.168.208.4 - - [Sun, 03 Mar 2024 21:52:24 GMT] "POST /clientes/2/transacoes HTTP/1.1" 200 31b 48359us
api01-1  | ***************** zap.zig:274
api01-1  | ***************** zap.zig:274
api02-1  | 192.168.208.4 - - [Sun, 03 Mar 2024 21:52:24 GMT] "POST /clientes/1/transacoes HTTP/1.1" 200 -- 54557us
api01-1  | 192.168.208.4 - - [Sun, 03 Mar 2024 21:52:24 GMT] "GET /clientes/2/extrato HTTP/1.1" 200 -- 535us
api01-1  | 192.168.208.4 - - [Sun, 03 Mar 2024 21:52:24 GMT] "POST /clientes/4/transacoes HTTP/1.1" 200 34b 23319us
api02-1  | 192.168.208.4 - - [Sun, 03 Mar 2024 21:52:24 GMT] "POST /clientes/2/transacoes HTTP/1.1" 200 30b 23335us
api02-1  | 192.168.208.4 - - [Sun, 03 Mar 2024 21:52:24 GMT] "POST /clientes/3/transacoes HTTP/1.1" 200 -- 585us
api01-1  | ***************** zap.zig:274
api02-1  | ***************** zap.zig:274
api01-1  | 192.168.208.4 - - [Sun, 03 Mar 2024 21:52:24 GMT] "POST /clientes/5/transacoes HTTP/1.1" 200 31b 28507us
api02-1  | 192.168.208.4 - - [Sun, 03 Mar 2024 21:52:24 GMT] "POST /clientes/1/transacoes HTTP/1.1" 200 31b 41874us
api01-1  | 192.168.208.4 - - [Sun, 03 Mar 2024 21:52:24 GMT] "POST /clientes/5/transacoes HTTP/1.1" 200 -- 573us
api01-1  | ***************** zap.zig:274
api02-1  | ***************** zap.zig:274
api01-1  | 192.168.208.4 - - [Sun, 03 Mar 2024 21:52:24 GMT] "POST /clientes/2/transacoes HTTP/1.1" 200 31b 23999us
api02-1  | 192.168.208.4 - - [Sun, 03 Mar 2024 21:52:24 GMT] "POST /clientes/4/transacoes HTTP/1.1" 200 35b 25241us
api01-1  | ***************** zap.zig:274
api02-1  | 192.168.208.4 - - [Sun, 03 Mar 2024 21:52:24 GMT] "POST /clientes/2/transacoes HTTP/1.1" 200 -- 571us
api02-1  | ***************** zap.zig:274
api02-1  | 192.168.208.4 - - [Sun, 03 Mar 2024 21:52:24 GMT] "POST /clientes/4/transacoes HTTP/1.1" 200 35b 79528us
api01-1  | 192.168.208.4 - - [Sun, 03 Mar 2024 21:52:24 GMT] "POST /clientes/3/transacoes HTTP/1.1" 200 -- 615us
api01-1  | 192.168.208.4 - - [Sun, 03 Mar 2024 21:52:24 GMT] "POST /clientes/3/transacoes HTTP/1.1" 200 33b 56661us
api02-1  | ***************** zap.zig:274
api01-1  | ***************** zap.zig:274
api02-1  | 192.168.208.4 - - [Sun, 03 Mar 2024 21:52:24 GMT] "POST /clientes/1/transacoes HTTP/1.1" 200 31b 56349us
api01-1  | 192.168.208.4 - - [Sun, 03 Mar 2024 21:52:24 GMT] "POST /clientes/5/transacoes HTTP/1.1" 200 31b 57414us
api01-1  | 192.168.208.4 - - [Sun, 03 Mar 2024 21:52:24 GMT] "GET /clientes/4/extrato HTTP/1.1" 200 -- 976us
api02-1  | 192.168.208.4 - - [Sun, 03 Mar 2024 21:52:24 GMT] "POST /clientes/4/transacoes HTTP/1.1" 200 -- 614us
api01-1  | 192.168.208.4 - - [Sun, 03 Mar 2024 21:52:24 GMT] "POST /clientes/3/transacoes HTTP/1.1" 200 -- 1267us
api01-1  | ***************** zap.zig:274
api02-1  | 192.168.208.4 - - [Sun, 03 Mar 2024 21:52:24 GMT] "POST /clientes/4/transacoes HTTP/1.1" 200 -- 598us
api02-1  | 192.168.208.4 - - [Sun, 03 Mar 2024 21:52:24 GMT] "POST /clientes/4/transacoes HTTP/1.1" 200 35b 108444us
api02-1  | ***************** zap.zig:274
api02-1  | ***************** zap.zig:274
api01-1  | 192.168.208.4 - - [Sun, 03 Mar 2024 21:52:24 GMT] "POST /clientes/1/transacoes HTTP/1.1" 200 -- 562us
api01-1  | 192.168.208.4 - - [Sun, 03 Mar 2024 21:52:24 GMT] "POST /clientes/2/transacoes HTTP/1.1" 200 30b 51179us
api02-1  | 192.168.208.4 - - [Sun, 03 Mar 2024 21:52:24 GMT] "POST /clientes/4/transacoes HTTP/1.1" 200 35b 60676us
api01-1  | ***************** zap.zig:274
api02-1  | ***************** zap.zig:274
api02-1  | 192.168.208.4 - - [Sun, 03 Mar 2024 21:52:24 GMT] "POST /clientes/4/transacoes HTTP/1.1" 200 -- 974us
api01-1  | 192.168.208.4 - - [Sun, 03 Mar 2024 21:52:24 GMT] "POST /clientes/2/transacoes HTTP/1.1" 200 30b 64759us
api01-1  | 192.168.208.4 - - [Sun, 03 Mar 2024 21:52:24 GMT] "POST /clientes/4/transacoes HTTP/1.1" 200 -- 712us
api02-1  | 192.168.208.4 - - [Sun, 03 Mar 2024 21:52:24 GMT] "POST /clientes/2/transacoes HTTP/1.1" 200 -- 771us
api02-1  | 192.168.208.4 - - [Sun, 03 Mar 2024 21:52:24 GMT] "POST /clientes/1/transacoes HTTP/1.1" 200 31b 110799us
api01-1  | 192.168.208.4 - - [Sun, 03 Mar 2024 21:52:25 GMT] "POST /clientes/1/transacoes HTTP/1.1" 200 -- 654us
api01-1  | ***************** zap.zig:274
api02-1  | ***************** zap.zig:274
api02-1  | 192.168.208.4 - - [Sun, 03 Mar 2024 21:52:25 GMT] "POST /clientes/5/transacoes HTTP/1.1" 200 -- 595us
api02-1  | 192.168.208.4 - - [Sun, 03 Mar 2024 21:52:25 GMT] "POST /clientes/3/transacoes HTTP/1.1" 200 31b 52261us
api01-1  | 192.168.208.4 - - [Sun, 03 Mar 2024 21:52:25 GMT] "POST /clientes/2/transacoes HTTP/1.1" 200 30b 53813us
api02-1  | 192.168.208.4 - - [Sun, 03 Mar 2024 21:52:25 GMT] "POST /clientes/5/transacoes HTTP/1.1" 200 -- 581us
api01-1  | 192.168.208.4 - - [Sun, 03 Mar 2024 21:52:25 GMT] "POST /clientes/2/transacoes HTTP/1.1" 200 -- 780us
api02-1  | ***************** zap.zig:274
api01-1  | ***************** zap.zig:274
api01-1  | 192.168.208.4 - - [Sun, 03 Mar 2024 21:52:25 GMT] "GET /clientes/3/extrato HTTP/1.1" 200 370b 8219us
api01-1  | ***************** zap.zig:274
api02-1  | 192.168.208.4 - - [Sun, 03 Mar 2024 21:52:25 GMT] "POST /clientes/5/transacoes HTTP/1.1" 200 32b 20100us
api02-1  | ***************** zap.zig:274
api01-1  | 192.168.208.4 - - [Sun, 03 Mar 2024 21:52:25 GMT] "POST /clientes/3/transacoes HTTP/1.1" 200 -- 583us
