 Network rinha-nginx-2024q1  Creating
 Network rinha-nginx-2024q1  Created
 Container isaquealves-db-1  Creating
 Container isaquealves-db-1  Created
 Container isaquealves-host2-1  Creating
 Container isaquealves-host1-1  Creating
 Container isaquealves-host2-1  Created
 Container isaquealves-host1-1  Created
 Container isaquealves-nginx-1  Creating
 Container isaquealves-nginx-1  Created
Attaching to db-1, host1-1, host2-1, nginx-1
db-1     | The files belonging to this database system will be owned by user "postgres".
db-1     | This user must also own the server process.
db-1     | 
db-1     | The database cluster will be initialized with locale "en_US.utf8".
db-1     | The default database encoding has accordingly been set to "UTF8".
db-1     | The default text search configuration will be set to "english".
db-1     | 
db-1     | Data page checksums are disabled.
db-1     | 
db-1     | fixing permissions on existing directory /var/lib/postgresql/data ... ok
db-1     | creating subdirectories ... ok
db-1     | selecting dynamic shared memory implementation ... posix
db-1     | selecting default max_connections ... 100
db-1     | selecting default shared_buffers ... 128MB
db-1     | selecting default time zone ... Etc/UTC
db-1     | creating configuration files ... ok
db-1     | running bootstrap script ... ok
db-1     | performing post-bootstrap initialization ... ok
db-1     | syncing data to disk ... ok
db-1     | 
db-1     | 
db-1     | Success. You can now start the database server using:
db-1     | 
db-1     |     pg_ctl -D /var/lib/postgresql/data -l logfile start
db-1     | 
db-1     | initdb: warning: enabling "trust" authentication for local connections
db-1     | initdb: hint: You can change this by editing pg_hba.conf or using the option -A, or --auth-local and --auth-host, the next time you run initdb.
db-1     | waiting for server to start.... done
db-1     | server started
db-1     | CREATE DATABASE
db-1     | 
db-1     | 
db-1     | /usr/local/bin/docker-entrypoint.sh: running /docker-entrypoint-initdb.d/script.sql
db-1     | CREATE TABLE
db-1     | CREATE TABLE
db-1     | CREATE TABLE
db-1     | CREATE TABLE
db-1     | REVOKE
db-1     | CREATE VIEW
db-1     | CREATE TYPE
db-1     | CREATE FUNCTION
db-1     | DO
db-1     | 
db-1     | 
db-1     | waiting for server to shut down.... done
db-1     | server stopped
db-1     | 
db-1     | PostgreSQL init process complete; ready for start up.
db-1     | 
nginx-1  | /docker-entrypoint.sh: /docker-entrypoint.d/ is not empty, will attempt to perform configuration
nginx-1  | /docker-entrypoint.sh: Looking for shell scripts in /docker-entrypoint.d/
nginx-1  | /docker-entrypoint.sh: Launching /docker-entrypoint.d/10-listen-on-ipv6-by-default.sh
nginx-1  | 10-listen-on-ipv6-by-default.sh: info: Getting the checksum of /etc/nginx/conf.d/default.conf
nginx-1  | 10-listen-on-ipv6-by-default.sh: info: Enabled listen on IPv6 in /etc/nginx/conf.d/default.conf
nginx-1  | /docker-entrypoint.sh: Sourcing /docker-entrypoint.d/15-local-resolvers.envsh
nginx-1  | /docker-entrypoint.sh: Launching /docker-entrypoint.d/20-envsubst-on-templates.sh
nginx-1  | /docker-entrypoint.sh: Launching /docker-entrypoint.d/30-tune-worker-processes.sh
nginx-1  | /docker-entrypoint.sh: Configuration complete; ready for start up
host1-1  | INFO:     Started server process [1]
host1-1  | INFO:     Waiting for application startup.
host2-1  | INFO:     Started server process [1]
host2-1  | INFO:     Waiting for application startup.
host1-1  | INFO:     Application startup complete.
host1-1  | INFO:     Uvicorn running on http://0.0.0.0:8080 (Press CTRL+C to quit)
host2-1  | INFO:     Application startup complete.
host2-1  | INFO:     Uvicorn running on http://0.0.0.0:8080 (Press CTRL+C to quit)
host1-1  | INFO:     192.168.48.5:46492 - "GET /clientes/1/extrato HTTP/1.1" 200 OK
host1-1  | INFO:     192.168.48.5:46508 - "GET /clientes/1/extrato HTTP/1.1" 200 OK
host2-1  | INFO:     192.168.48.5:49750 - "POST /clientes/1/transacoes HTTP/1.1" 200 OK
host1-1  | INFO:     192.168.48.5:46492 - "POST /clientes/1/transacoes HTTP/1.1" 200 OK
host2-1  | INFO:     192.168.48.5:49760 - "POST /clientes/1/transacoes HTTP/1.1" 200 OK
host2-1  | INFO:     192.168.48.5:49772 - "POST /clientes/1/transacoes HTTP/1.1" 200 OK
host1-1  | INFO:     192.168.48.5:46508 - "POST /clientes/1/transacoes HTTP/1.1" 200 OK
host2-1  | INFO:     192.168.48.5:49768 - "POST /clientes/1/transacoes HTTP/1.1" 200 OK
host1-1  | INFO:     192.168.48.5:46508 - "POST /clientes/1/transacoes HTTP/1.1" 200 OK
host1-1  | INFO:     192.168.48.5:46492 - "POST /clientes/1/transacoes HTTP/1.1" 200 OK
host2-1  | INFO:     192.168.48.5:49768 - "POST /clientes/1/transacoes HTTP/1.1" 200 OK
host1-1  | INFO:     192.168.48.5:55946 - "POST /clientes/1/transacoes HTTP/1.1" 200 OK
host2-1  | INFO:     192.168.48.5:49772 - "POST /clientes/1/transacoes HTTP/1.1" 200 OK
host2-1  | INFO:     192.168.48.5:49760 - "GET /clientes/1/extrato HTTP/1.1" 200 OK
host1-1  | INFO:     192.168.48.5:46492 - "GET /clientes/6/extrato HTTP/1.1" 404 Not Found
host2-1  | INFO:     192.168.48.5:49760 - "GET /clientes/5/extrato HTTP/1.1" 200 OK
host2-1  | INFO:     192.168.48.5:49750 - "GET /clientes/1/extrato HTTP/1.1" 200 OK
host1-1  | INFO:     192.168.48.5:55962 - "GET /clientes/2/extrato HTTP/1.1" 200 OK
host1-1  | INFO:     192.168.48.5:46492 - "GET /clientes/4/extrato HTTP/1.1" 200 OK
host1-1  | INFO:     192.168.48.5:55946 - "GET /clientes/3/extrato HTTP/1.1" 200 OK
host2-1  | INFO:     192.168.48.5:49750 - "POST /clientes/5/transacoes HTTP/1.1" 200 OK
host2-1  | INFO:     192.168.48.5:49760 - "POST /clientes/4/transacoes HTTP/1.1" 200 OK
host1-1  | INFO:     192.168.48.5:46492 - "POST /clientes/2/transacoes HTTP/1.1" 200 OK
host2-1  | INFO:     192.168.48.5:49772 - "POST /clientes/3/transacoes HTTP/1.1" 200 OK
host1-1  | INFO:     192.168.48.5:55962 - "POST /clientes/1/transacoes HTTP/1.1" 200 OK
host1-1  | INFO:     192.168.48.5:55962 - "POST /clientes/4/transacoes HTTP/1.1" 200 OK
host1-1  | INFO:     192.168.48.5:55946 - "POST /clientes/3/transacoes HTTP/1.1" 200 OK
host2-1  | INFO:     192.168.48.5:49750 - "POST /clientes/5/transacoes HTTP/1.1" 200 OK
host1-1  | INFO:     192.168.48.5:46492 - "POST /clientes/1/transacoes HTTP/1.1" 200 OK
host2-1  | INFO:     192.168.48.5:49760 - "POST /clientes/2/transacoes HTTP/1.1" 200 OK
host2-1  | INFO:     192.168.48.5:49780 - "GET /clientes/4/extrato HTTP/1.1" 200 OK
host2-1  | INFO:     192.168.48.5:49772 - "GET /clientes/3/extrato HTTP/1.1" 200 OK
host1-1  | INFO:     192.168.48.5:46492 - "GET /clientes/2/extrato HTTP/1.1" 200 OK
host2-1  | INFO:     192.168.48.5:49780 - "GET /clientes/1/extrato HTTP/1.1" 200 OK
host1-1  | INFO:     192.168.48.5:46492 - "GET /clientes/5/extrato HTTP/1.1" 200 OK
host2-1  | INFO:     192.168.48.5:49780 - "POST /clientes/2/transacoes HTTP/1.1" 200 OK
host2-1  | INFO:     192.168.48.5:49760 - "POST /clientes/5/transacoes HTTP/1.1" 200 OK
host1-1  | INFO:     192.168.48.5:46492 - "POST /clientes/4/transacoes HTTP/1.1" 200 OK
host1-1  | INFO:     192.168.48.5:55946 - "POST /clientes/3/transacoes HTTP/1.1" 200 OK
host1-1  | INFO:     192.168.48.5:55962 - "POST /clientes/1/transacoes HTTP/1.1" 200 OK
host1-1  | INFO:     192.168.48.5:55962 - "GET /clientes/4/extrato HTTP/1.1" 200 OK
host2-1  | INFO:     192.168.48.5:49772 - "GET /clientes/3/extrato HTTP/1.1" 200 OK
host2-1  | INFO:     192.168.48.5:49760 - "GET /clientes/1/extrato HTTP/1.1" 200 OK
host1-1  | INFO:     192.168.48.5:55968 - "GET /clientes/5/extrato HTTP/1.1" 200 OK
host1-1  | INFO:     192.168.48.5:55946 - "GET /clientes/3/extrato HTTP/1.1" 200 OK
host2-1  | INFO:     192.168.48.5:49750 - "GET /clientes/3/extrato HTTP/1.1" 200 OK
host2-1  | INFO:     192.168.48.5:49786 - "GET /clientes/5/extrato HTTP/1.1" 200 OK
host1-1  | INFO:     192.168.48.5:46492 - "GET /clientes/5/extrato HTTP/1.1" 200 OK
host2-1  | INFO:     192.168.48.5:49780 - "GET /clientes/2/extrato HTTP/1.1" 200 OK
host2-1  | INFO:     192.168.48.5:49772 - "GET /clientes/3/extrato HTTP/1.1" 200 OK
host1-1  | INFO:     192.168.48.5:55976 - "POST /clientes/2/transacoes HTTP/1.1" 422 Unprocessable Entity
host1-1  | INFO:     192.168.48.5:55968 - "GET /clientes/1/extrato HTTP/1.1" 200 OK
host2-1  | INFO:     192.168.48.5:49800 - "GET /clientes/1/extrato HTTP/1.1" 200 OK
host2-1  | INFO:     192.168.48.5:49786 - "GET /clientes/4/extrato HTTP/1.1" 200 OK
host1-1  | INFO:     192.168.48.5:46492 - "GET /clientes/4/extrato HTTP/1.1" 200 OK
host2-1  | INFO:     192.168.48.5:49780 - "GET /clientes/4/extrato HTTP/1.1" 200 OK
host2-1  | INFO:     192.168.48.5:49786 - "POST /clientes/2/transacoes HTTP/1.1" 422 Unprocessable Entity
host1-1  | INFO:     192.168.48.5:55968 - "POST /clientes/2/transacoes HTTP/1.1" 422 Unprocessable Entity
host1-1  | INFO:     192.168.48.5:55946 - "POST /clientes/3/transacoes HTTP/1.1" 422 Unprocessable Entity
host2-1  | INFO:     192.168.48.5:49786 - "POST /clientes/5/transacoes HTTP/1.1" 422 Unprocessable Entity
host2-1  | INFO:     192.168.48.5:49780 - "POST /clientes/3/transacoes HTTP/1.1" 422 Unprocessable Entity
host1-1  | INFO:     192.168.48.5:46492 - "POST /clientes/2/transacoes HTTP/1.1" 422 Unprocessable Entity
host1-1  | INFO:     192.168.48.5:55968 - "POST /clientes/5/transacoes HTTP/1.1" 422 Unprocessable Entity
host2-1  | INFO:     192.168.48.5:49786 - "POST /clientes/2/transacoes HTTP/1.1" 422 Unprocessable Entity
host2-1  | INFO:     192.168.48.5:49772 - "POST /clientes/3/transacoes HTTP/1.1" 422 Unprocessable Entity
host1-1  | INFO:     192.168.48.5:55968 - "POST /clientes/5/transacoes HTTP/1.1" 422 Unprocessable Entity
host1-1  | INFO:     192.168.48.5:46492 - "POST /clientes/1/transacoes HTTP/1.1" 422 Unprocessable Entity
host1-1  | INFO:     192.168.48.5:55946 - "POST /clientes/3/transacoes HTTP/1.1" 422 Unprocessable Entity
host2-1  | INFO:     192.168.48.5:49780 - "POST /clientes/5/transacoes HTTP/1.1" 422 Unprocessable Entity
host2-1  | INFO:     192.168.48.5:49786 - "POST /clientes/1/transacoes HTTP/1.1" 422 Unprocessable Entity
host1-1  | INFO:     192.168.48.5:55968 - "POST /clientes/1/transacoes HTTP/1.1" 422 Unprocessable Entity
host2-1  | INFO:     192.168.48.5:49786 - "POST /clientes/5/transacoes HTTP/1.1" 422 Unprocessable Entity
host1-1  | INFO:     192.168.48.5:46492 - "POST /clientes/4/transacoes HTTP/1.1" 422 Unprocessable Entity
host2-1  | INFO:     192.168.48.5:49772 - "POST /clientes/3/transacoes HTTP/1.1" 422 Unprocessable Entity
host1-1  | INFO:     192.168.48.5:55968 - "POST /clientes/1/transacoes HTTP/1.1" 422 Unprocessable Entity
host2-1  | INFO:     192.168.48.5:49786 - "POST /clientes/4/transacoes HTTP/1.1" 422 Unprocessable Entity
host2-1  | INFO:     192.168.48.5:49780 - "POST /clientes/4/transacoes HTTP/1.1" 422 Unprocessable Entity
host1-1  | INFO:     192.168.48.5:46492 - "POST /clientes/1/transacoes HTTP/1.1" 422 Unprocessable Entity
host2-1  | INFO:     192.168.48.5:49780 - "POST /clientes/4/transacoes HTTP/1.1" 422 Unprocessable Entity
host1-1  | INFO:     192.168.48.5:46492 - "POST /clientes/4/transacoes HTTP/1.1" 422 Unprocessable Entity
host2-1  | INFO:     192.168.48.5:49780 - "GET /clientes/3/extrato HTTP/1.1" 200 OK
host1-1  | INFO:     192.168.48.5:46492 - "POST /clientes/5/transacoes HTTP/1.1" 200 OK
host2-1  | INFO:     192.168.48.5:49750 - "POST /clientes/5/transacoes HTTP/1.1" 200 OK
host2-1  | INFO:     192.168.48.5:49772 - "GET /clientes/4/extrato HTTP/1.1" 200 OK
host1-1  | INFO:     192.168.48.5:55946 - "POST /clientes/2/transacoes HTTP/1.1" 200 OK
host2-1  | INFO:     192.168.48.5:49810 - "POST /clientes/1/transacoes HTTP/1.1" 200 OK
host1-1  | INFO:     192.168.48.5:55946 - "POST /clientes/5/transacoes HTTP/1.1" 200 OK
host2-1  | INFO:     192.168.48.5:49772 - "POST /clientes/2/transacoes HTTP/1.1" 200 OK
host1-1  | INFO:     192.168.48.5:55946 - "POST /clientes/5/transacoes HTTP/1.1" 200 OK
host2-1  | INFO:     192.168.48.5:49772 - "POST /clientes/5/transacoes HTTP/1.1" 200 OK
host1-1  | INFO:     192.168.48.5:55968 - "GET /clientes/2/extrato HTTP/1.1" 200 OK
host2-1  | INFO:     192.168.48.5:49810 - "POST /clientes/4/transacoes HTTP/1.1" 200 OK
host2-1  | INFO:     192.168.48.5:49786 - "POST /clientes/1/transacoes HTTP/1.1" 200 OK
host1-1  | INFO:     192.168.48.5:55992 - "POST /clientes/2/transacoes HTTP/1.1" 200 OK
host2-1  | INFO:     192.168.48.5:49810 - "POST /clientes/3/transacoes HTTP/1.1" 200 OK
host1-1  | INFO:     192.168.48.5:55992 - "POST /clientes/3/transacoes HTTP/1.1" 200 OK
host2-1  | INFO:     192.168.48.5:49810 - "POST /clientes/5/transacoes HTTP/1.1" 200 OK
host1-1  | INFO:     192.168.48.5:55992 - "POST /clientes/2/transacoes HTTP/1.1" 200 OK
host2-1  | INFO:     192.168.48.5:49810 - "POST /clientes/5/transacoes HTTP/1.1" 200 OK
host1-1  | INFO:     192.168.48.5:55992 - "POST /clientes/5/transacoes HTTP/1.1" 200 OK
host2-1  | INFO:     192.168.48.5:49810 - "POST /clientes/5/transacoes HTTP/1.1" 200 OK
host2-1  | INFO:     192.168.48.5:49810 - "GET /clientes/1/extrato HTTP/1.1" 200 OK
host1-1  | INFO:     192.168.48.5:55992 - "POST /clientes/1/transacoes HTTP/1.1" 200 OK
host1-1  | INFO:     192.168.48.5:34630 - "POST /clientes/3/transacoes HTTP/1.1" 200 OK
host2-1  | INFO:     192.168.48.5:49810 - "POST /clientes/2/transacoes HTTP/1.1" 200 OK
host1-1  | INFO:     192.168.48.5:34630 - "POST /clientes/4/transacoes HTTP/1.1" 200 OK
host1-1  | INFO:     192.168.48.5:55968 - "POST /clientes/1/transacoes HTTP/1.1" 200 OK
host2-1  | INFO:     192.168.48.5:49786 - "POST /clientes/1/transacoes HTTP/1.1" 200 OK
host1-1  | INFO:     192.168.48.5:55968 - "POST /clientes/1/transacoes HTTP/1.1" 200 OK
host2-1  | INFO:     192.168.48.5:49786 - "POST /clientes/1/transacoes HTTP/1.1" 200 OK
host1-1  | INFO:     192.168.48.5:55968 - "POST /clientes/5/transacoes HTTP/1.1" 200 OK
host2-1  | INFO:     192.168.48.5:49786 - "POST /clientes/2/transacoes HTTP/1.1" 200 OK
host1-1  | INFO:     192.168.48.5:55968 - "POST /clientes/4/transacoes HTTP/1.1" 200 OK
host2-1  | INFO:     192.168.48.5:49786 - "GET /clientes/5/extrato HTTP/1.1" 200 OK
host2-1  | INFO:     192.168.48.5:49800 - "POST /clientes/5/transacoes HTTP/1.1" 200 OK
host1-1  | INFO:     192.168.48.5:55968 - "POST /clientes/5/transacoes HTTP/1.1" 200 OK
host1-1  | INFO:     192.168.48.5:55968 - "POST /clientes/4/transacoes HTTP/1.1" 200 OK
host2-1  | INFO:     192.168.48.5:49800 - "POST /clientes/2/transacoes HTTP/1.1" 200 OK
host1-1  | INFO:     192.168.48.5:55968 - "POST /clientes/4/transacoes HTTP/1.1" 200 OK
host1-1  | INFO:     192.168.48.5:46492 - "POST /clientes/1/transacoes HTTP/1.1" 200 OK
host2-1  | INFO:     192.168.48.5:49750 - "POST /clientes/3/transacoes HTTP/1.1" 200 OK
host1-1  | INFO:     192.168.48.5:46492 - "POST /clientes/5/transacoes HTTP/1.1" 200 OK
host2-1  | INFO:     192.168.48.5:49750 - "POST /clientes/2/transacoes HTTP/1.1" 200 OK
host1-1  | INFO:     192.168.48.5:46492 - "POST /clientes/3/transacoes HTTP/1.1" 200 OK
host2-1  | INFO:     192.168.48.5:49750 - "POST /clientes/1/transacoes HTTP/1.1" 200 OK
host1-1  | INFO:     192.168.48.5:46492 - "POST /clientes/4/transacoes HTTP/1.1" 200 OK
host2-1  | INFO:     192.168.48.5:49750 - "POST /clientes/5/transacoes HTTP/1.1" 200 OK
host1-1  | INFO:     192.168.48.5:46492 - "POST /clientes/4/transacoes HTTP/1.1" 200 OK
host2-1  | INFO:     192.168.48.5:49750 - "GET /clientes/5/extrato HTTP/1.1" 200 OK
host1-1  | INFO:     192.168.48.5:46492 - "POST /clientes/1/transacoes HTTP/1.1" 200 OK
host1-1  | INFO:     192.168.48.5:55946 - "POST /clientes/3/transacoes HTTP/1.1" 200 OK
host2-1  | INFO:     192.168.48.5:49750 - "POST /clientes/3/transacoes HTTP/1.1" 200 OK
host1-1  | INFO:     192.168.48.5:46492 - "POST /clientes/3/transacoes HTTP/1.1" 200 OK
host2-1  | INFO:     192.168.48.5:49750 - "POST /clientes/3/transacoes HTTP/1.1" 200 OK
host1-1  | INFO:     192.168.48.5:46492 - "POST /clientes/4/transacoes HTTP/1.1" 200 OK
host2-1  | INFO:     192.168.48.5:49750 - "POST /clientes/1/transacoes HTTP/1.1" 200 OK
host2-1  | INFO:     192.168.48.5:49772 - "POST /clientes/3/transacoes HTTP/1.1" 200 OK
host1-1  | INFO:     192.168.48.5:55946 - "POST /clientes/4/transacoes HTTP/1.1" 200 OK
host2-1  | INFO:     192.168.48.5:49772 - "GET /clientes/2/extrato HTTP/1.1" 200 OK
host1-1  | INFO:     192.168.48.5:55946 - "POST /clientes/4/transacoes HTTP/1.1" 200 OK
host2-1  | INFO:     192.168.48.5:49772 - "POST /clientes/4/transacoes HTTP/1.1" 200 OK
host1-1  | INFO:     192.168.48.5:55946 - "POST /clientes/5/transacoes HTTP/1.1" 200 OK
host2-1  | INFO:     192.168.48.5:49772 - "POST /clientes/3/transacoes HTTP/1.1" 200 OK
host1-1  | INFO:     192.168.48.5:55946 - "POST /clientes/5/transacoes HTTP/1.1" 200 OK
host2-1  | INFO:     192.168.48.5:49772 - "POST /clientes/5/transacoes HTTP/1.1" 200 OK
host1-1  | INFO:     192.168.48.5:55946 - "POST /clientes/2/transacoes HTTP/1.1" 200 OK
host2-1  | INFO:     192.168.48.5:49772 - "POST /clientes/5/transacoes HTTP/1.1" 200 OK
host1-1  | INFO:     192.168.48.5:34630 - "GET /clientes/1/extrato HTTP/1.1" 200 OK
host2-1  | INFO:     192.168.48.5:49810 - "POST /clientes/1/transacoes HTTP/1.1" 200 OK
host1-1  | INFO:     192.168.48.5:55946 - "POST /clientes/2/transacoes HTTP/1.1" 200 OK
host2-1  | INFO:     192.168.48.5:49772 - "POST /clientes/3/transacoes HTTP/1.1" 200 OK
host1-1  | INFO:     192.168.48.5:55946 - "POST /clientes/1/transacoes HTTP/1.1" 200 OK
host2-1  | INFO:     192.168.48.5:49772 - "POST /clientes/4/transacoes HTTP/1.1" 200 OK
host2-1  | INFO:     192.168.48.5:49810 - "POST /clientes/2/transacoes HTTP/1.1" 200 OK
host1-1  | INFO:     192.168.48.5:34630 - "POST /clientes/3/transacoes HTTP/1.1" 200 OK
host2-1  | INFO:     192.168.48.5:49810 - "POST /clientes/3/transacoes HTTP/1.1" 200 OK
host1-1  | INFO:     192.168.48.5:34630 - "POST /clientes/5/transacoes HTTP/1.1" 200 OK
host2-1  | INFO:     192.168.48.5:49810 - "POST /clientes/5/transacoes HTTP/1.1" 200 OK
host1-1  | INFO:     192.168.48.5:34630 - "POST /clientes/3/transacoes HTTP/1.1" 200 OK
host2-1  | INFO:     192.168.48.5:49810 - "POST /clientes/4/transacoes HTTP/1.1" 200 OK
host1-1  | INFO:     192.168.48.5:34630 - "POST /clientes/2/transacoes HTTP/1.1" 200 OK
host2-1  | INFO:     192.168.48.5:49810 - "POST /clientes/1/transacoes HTTP/1.1" 200 OK
host1-1  | INFO:     192.168.48.5:34630 - "POST /clientes/5/transacoes HTTP/1.1" 200 OK
host2-1  | INFO:     192.168.48.5:49810 - "POST /clientes/3/transacoes HTTP/1.1" 200 OK
host1-1  | INFO:     192.168.48.5:34630 - "POST /clientes/1/transacoes HTTP/1.1" 200 OK
host2-1  | INFO:     192.168.48.5:49810 - "POST /clientes/2/transacoes HTTP/1.1" 200 OK
host1-1  | INFO:     192.168.48.5:34630 - "POST /clientes/4/transacoes HTTP/1.1" 200 OK
host2-1  | INFO:     192.168.48.5:49800 - "POST /clientes/5/transacoes HTTP/1.1" 200 OK
host1-1  | INFO:     192.168.48.5:55946 - "GET /clientes/2/extrato HTTP/1.1" 200 OK
host2-1  | INFO:     192.168.48.5:49772 - "POST /clientes/5/transacoes HTTP/1.1" 200 OK
host1-1  | INFO:     192.168.48.5:46508 - "POST /clientes/3/transacoes HTTP/1.1" 200 OK
host1-1  | INFO:     192.168.48.5:55968 - "POST /clientes/5/transacoes HTTP/1.1" 200 OK
host2-1  | INFO:     192.168.48.5:49800 - "POST /clientes/5/transacoes HTTP/1.1" 200 OK
host1-1  | INFO:     192.168.48.5:55968 - "POST /clientes/1/transacoes HTTP/1.1" 200 OK
host2-1  | INFO:     192.168.48.5:49800 - "POST /clientes/3/transacoes HTTP/1.1" 200 OK
host1-1  | INFO:     192.168.48.5:55968 - "POST /clientes/2/transacoes HTTP/1.1" 200 OK
host2-1  | INFO:     192.168.48.5:49800 - "POST /clientes/5/transacoes HTTP/1.1" 200 OK
host1-1  | INFO:     192.168.48.5:55968 - "POST /clientes/1/transacoes HTTP/1.1" 200 OK
host2-1  | INFO:     192.168.48.5:49800 - "POST /clientes/5/transacoes HTTP/1.1" 200 OK
host1-1  | INFO:     192.168.48.5:55968 - "POST /clientes/3/transacoes HTTP/1.1" 200 OK
host2-1  | INFO:     192.168.48.5:49800 - "POST /clientes/1/transacoes HTTP/1.1" 200 OK
host1-1  | INFO:     192.168.48.5:55968 - "GET /clientes/4/extrato HTTP/1.1" 200 OK
host2-1  | INFO:     192.168.48.5:49800 - "POST /clientes/4/transacoes HTTP/1.1" 200 OK
host1-1  | INFO:     192.168.48.5:55968 - "POST /clientes/3/transacoes HTTP/1.1" 200 OK
host2-1  | INFO:     192.168.48.5:49800 - "POST /clientes/1/transacoes HTTP/1.1" 200 OK
host1-1  | INFO:     192.168.48.5:55968 - "POST /clientes/2/transacoes HTTP/1.1" 200 OK
host1-1  | INFO:     192.168.48.5:46492 - "POST /clientes/5/transacoes HTTP/1.1" 200 OK
host2-1  | INFO:     192.168.48.5:49750 - "POST /clientes/2/transacoes HTTP/1.1" 200 OK
host1-1  | INFO:     192.168.48.5:46492 - "POST /clientes/3/transacoes HTTP/1.1" 200 OK
host2-1  | INFO:     192.168.48.5:49750 - "POST /clientes/2/transacoes HTTP/1.1" 200 OK
host1-1  | INFO:     192.168.48.5:46492 - "POST /clientes/2/transacoes HTTP/1.1" 200 OK
host2-1  | INFO:     192.168.48.5:49750 - "POST /clientes/1/transacoes HTTP/1.1" 200 OK
host1-1  | INFO:     192.168.48.5:46492 - "POST /clientes/3/transacoes HTTP/1.1" 200 OK
host2-1  | INFO:     192.168.48.5:49750 - "GET /clientes/1/extrato HTTP/1.1" 200 OK
host1-1  | INFO:     192.168.48.5:46492 - "POST /clientes/3/transacoes HTTP/1.1" 200 OK
host2-1  | INFO:     192.168.48.5:49780 - "POST /clientes/1/transacoes HTTP/1.1" 200 OK
host1-1  | INFO:     192.168.48.5:46492 - "POST /clientes/3/transacoes HTTP/1.1" 200 OK
host2-1  | INFO:     192.168.48.5:49780 - "POST /clientes/1/transacoes HTTP/1.1" 200 OK
host1-1  | INFO:     192.168.48.5:46492 - "POST /clientes/5/transacoes HTTP/1.1" 200 OK
host2-1  | INFO:     192.168.48.5:49780 - "POST /clientes/5/transacoes HTTP/1.1" 200 OK
host1-1  | INFO:     192.168.48.5:46492 - "POST /clientes/3/transacoes HTTP/1.1" 200 OK
host2-1  | INFO:     192.168.48.5:49780 - "POST /clientes/4/transacoes HTTP/1.1" 200 OK
host2-1  | INFO:     192.168.48.5:49772 - "POST /clientes/2/transacoes HTTP/1.1" 200 OK
host1-1  | INFO:     192.168.48.5:46508 - "POST /clientes/2/transacoes HTTP/1.1" 200 OK
host2-1  | INFO:     192.168.48.5:49772 - "POST /clientes/4/transacoes HTTP/1.1" 200 OK
host1-1  | INFO:     192.168.48.5:46508 - "POST /clientes/3/transacoes HTTP/1.1" 200 OK
host2-1  | INFO:     192.168.48.5:49772 - "GET /clientes/2/extrato HTTP/1.1" 200 OK
host1-1  | INFO:     192.168.48.5:46508 - "POST /clientes/3/transacoes HTTP/1.1" 200 OK
host2-1  | INFO:     192.168.48.5:49768 - "POST /clientes/4/transacoes HTTP/1.1" 200 OK
host1-1  | INFO:     192.168.48.5:46508 - "POST /clientes/2/transacoes HTTP/1.1" 200 OK
host2-1  | INFO:     192.168.48.5:49768 - "POST /clientes/5/transacoes HTTP/1.1" 200 OK
host1-1  | INFO:     192.168.48.5:46508 - "POST /clientes/3/transacoes HTTP/1.1" 200 OK
host2-1  | INFO:     192.168.48.5:49768 - "POST /clientes/4/transacoes HTTP/1.1" 200 OK
host1-1  | INFO:     192.168.48.5:46508 - "POST /clientes/2/transacoes HTTP/1.1" 200 OK
host2-1  | INFO:     192.168.48.5:49768 - "POST /clientes/5/transacoes HTTP/1.1" 200 OK
host2-1  | INFO:     192.168.48.5:49810 - "POST /clientes/1/transacoes HTTP/1.1" 200 OK
host1-1  | INFO:     192.168.48.5:34630 - "POST /clientes/1/transacoes HTTP/1.1" 200 OK
host2-1  | INFO:     192.168.48.5:49810 - "POST /clientes/5/transacoes HTTP/1.1" 200 OK
host1-1  | INFO:     192.168.48.5:34630 - "POST /clientes/2/transacoes HTTP/1.1" 200 OK
host2-1  | INFO:     192.168.48.5:49800 - "GET /clientes/1/extrato HTTP/1.1" 200 OK
host2-1  | INFO:     192.168.48.5:49810 - "POST /clientes/2/transacoes HTTP/1.1" 200 OK
host1-1  | INFO:     192.168.48.5:34630 - "POST /clientes/3/transacoes HTTP/1.1" 200 OK
host2-1  | INFO:     192.168.48.5:49810 - "POST /clientes/4/transacoes HTTP/1.1" 200 OK
host1-1  | INFO:     192.168.48.5:34630 - "POST /clientes/2/transacoes HTTP/1.1" 200 OK
host2-1  | INFO:     192.168.48.5:49810 - "POST /clientes/3/transacoes HTTP/1.1" 200 OK
host1-1  | INFO:     192.168.48.5:34630 - "POST /clientes/1/transacoes HTTP/1.1" 200 OK
host2-1  | INFO:     192.168.48.5:49810 - "POST /clientes/5/transacoes HTTP/1.1" 200 OK
host1-1  | INFO:     192.168.48.5:34630 - "POST /clientes/4/transacoes HTTP/1.1" 200 OK
host2-1  | INFO:     192.168.48.5:49810 - "POST /clientes/2/transacoes HTTP/1.1" 200 OK
host1-1  | INFO:     192.168.48.5:34630 - "POST /clientes/4/transacoes HTTP/1.1" 200 OK
host2-1  | INFO:     192.168.48.5:49810 - "POST /clientes/4/transacoes HTTP/1.1" 200 OK
host1-1  | INFO:     192.168.48.5:34630 - "POST /clientes/4/transacoes HTTP/1.1" 200 OK
host1-1  | INFO:     192.168.48.5:55968 - "POST /clientes/1/transacoes HTTP/1.1" 200 OK
host2-1  | INFO:     192.168.48.5:49800 - "POST /clientes/2/transacoes HTTP/1.1" 200 OK
host1-1  | INFO:     192.168.48.5:55968 - "POST /clientes/2/transacoes HTTP/1.1" 200 OK
host2-1  | INFO:     192.168.48.5:49800 - "POST /clientes/2/transacoes HTTP/1.1" 200 OK
host1-1  | INFO:     192.168.48.5:55968 - "POST /clientes/1/transacoes HTTP/1.1" 200 OK
host2-1  | INFO:     192.168.48.5:49800 - "POST /clientes/3/transacoes HTTP/1.1" 200 OK
host1-1  | INFO:     192.168.48.5:55968 - "POST /clientes/5/transacoes HTTP/1.1" 200 OK
host2-1  | INFO:     192.168.48.5:49800 - "POST /clientes/4/transacoes HTTP/1.1" 200 OK
host1-1  | INFO:     192.168.48.5:55968 - "POST /clientes/5/transacoes HTTP/1.1" 200 OK
host2-1  | INFO:     192.168.48.5:49800 - "POST /clientes/3/transacoes HTTP/1.1" 200 OK
host1-1  | INFO:     192.168.48.5:55968 - "POST /clientes/2/transacoes HTTP/1.1" 200 OK
host2-1  | INFO:     192.168.48.5:49800 - "POST /clientes/4/transacoes HTTP/1.1" 200 OK
host1-1  | INFO:     192.168.48.5:55968 - "POST /clientes/5/transacoes HTTP/1.1" 200 OK
host2-1  | INFO:     192.168.48.5:49800 - "POST /clientes/3/transacoes HTTP/1.1" 200 OK
host1-1  | INFO:     192.168.48.5:55968 - "POST /clientes/3/transacoes HTTP/1.1" 200 OK
host1-1  | INFO:     192.168.48.5:46492 - "POST /clientes/5/transacoes HTTP/1.1" 200 OK
host2-1  | INFO:     192.168.48.5:49780 - "POST /clientes/4/transacoes HTTP/1.1" 200 OK
host1-1  | INFO:     192.168.48.5:55962 - "GET /clientes/4/extrato HTTP/1.1" 200 OK
host1-1  | INFO:     192.168.48.5:46492 - "POST /clientes/3/transacoes HTTP/1.1" 200 OK
host2-1  | INFO:     192.168.48.5:49780 - "POST /clientes/4/transacoes HTTP/1.1" 200 OK
host2-1  | INFO:     192.168.48.5:49780 - "POST /clientes/2/transacoes HTTP/1.1" 200 OK
host1-1  | INFO:     192.168.48.5:46492 - "POST /clientes/5/transacoes HTTP/1.1" 200 OK
host2-1  | INFO:     192.168.48.5:49780 - "POST /clientes/3/transacoes HTTP/1.1" 200 OK
host1-1  | INFO:     192.168.48.5:46492 - "POST /clientes/2/transacoes HTTP/1.1" 200 OK
host2-1  | INFO:     192.168.48.5:49780 - "POST /clientes/2/transacoes HTTP/1.1" 200 OK
host1-1  | INFO:     192.168.48.5:46492 - "POST /clientes/3/transacoes HTTP/1.1" 200 OK
host2-1  | INFO:     192.168.48.5:49780 - "POST /clientes/1/transacoes HTTP/1.1" 200 OK
host1-1  | INFO:     192.168.48.5:46492 - "POST /clientes/5/transacoes HTTP/1.1" 200 OK
host2-1  | INFO:     192.168.48.5:49780 - "POST /clientes/5/transacoes HTTP/1.1" 200 OK
host1-1  | INFO:     192.168.48.5:46492 - "POST /clientes/2/transacoes HTTP/1.1" 200 OK
host2-1  | INFO:     192.168.48.5:49780 - "POST /clientes/3/transacoes HTTP/1.1" 200 OK
host1-1  | INFO:     192.168.48.5:46508 - "POST /clientes/5/transacoes HTTP/1.1" 200 OK
host2-1  | INFO:     192.168.48.5:49768 - "POST /clientes/4/transacoes HTTP/1.1" 200 OK
host2-1  | INFO:     192.168.48.5:49810 - "GET /clientes/4/extrato HTTP/1.1" 200 OK
host1-1  | INFO:     192.168.48.5:34630 - "POST /clientes/3/transacoes HTTP/1.1" 200 OK
host1-1  | INFO:     192.168.48.5:46508 - "POST /clientes/4/transacoes HTTP/1.1" 200 OK
host2-1  | INFO:     192.168.48.5:49768 - "POST /clientes/3/transacoes HTTP/1.1" 200 OK
host1-1  | INFO:     192.168.48.5:46508 - "POST /clientes/4/transacoes HTTP/1.1" 200 OK
host2-1  | INFO:     192.168.48.5:49768 - "POST /clientes/5/transacoes HTTP/1.1" 200 OK
host1-1  | INFO:     192.168.48.5:46508 - "POST /clientes/5/transacoes HTTP/1.1" 200 OK
host2-1  | INFO:     192.168.48.5:49768 - "POST /clientes/1/transacoes HTTP/1.1" 200 OK
host1-1  | INFO:     192.168.48.5:46508 - "POST /clientes/2/transacoes HTTP/1.1" 200 OK
host2-1  | INFO:     192.168.48.5:49768 - "POST /clientes/4/transacoes HTTP/1.1" 200 OK
host1-1  | INFO:     192.168.48.5:46508 - "POST /clientes/2/transacoes HTTP/1.1" 200 OK
host2-1  | INFO:     192.168.48.5:49768 - "POST /clientes/1/transacoes HTTP/1.1" 200 OK
host1-1  | INFO:     192.168.48.5:46508 - "POST /clientes/4/transacoes HTTP/1.1" 200 OK
host2-1  | INFO:     192.168.48.5:49768 - "POST /clientes/1/transacoes HTTP/1.1" 200 OK
host1-1  | INFO:     192.168.48.5:46508 - "POST /clientes/1/transacoes HTTP/1.1" 200 OK
host2-1  | INFO:     192.168.48.5:49768 - "POST /clientes/1/transacoes HTTP/1.1" 200 OK
host2-1  | INFO:     192.168.48.5:49810 - "GET /clientes/3/extrato HTTP/1.1" 200 OK
host1-1  | INFO:     192.168.48.5:34630 - "POST /clientes/2/transacoes HTTP/1.1" 200 OK
host2-1  | INFO:     192.168.48.5:57604 - "POST /clientes/4/transacoes HTTP/1.1" 200 OK
host1-1  | INFO:     192.168.48.5:34630 - "POST /clientes/2/transacoes HTTP/1.1" 200 OK
host2-1  | INFO:     192.168.48.5:57604 - "POST /clientes/2/transacoes HTTP/1.1" 200 OK
host1-1  | INFO:     192.168.48.5:34630 - "POST /clientes/4/transacoes HTTP/1.1" 200 OK
host2-1  | INFO:     192.168.48.5:57604 - "POST /clientes/1/transacoes HTTP/1.1" 200 OK
host1-1  | INFO:     192.168.48.5:34630 - "POST /clientes/1/transacoes HTTP/1.1" 200 OK
host2-1  | INFO:     192.168.48.5:57604 - "POST /clientes/2/transacoes HTTP/1.1" 200 OK
host1-1  | INFO:     192.168.48.5:34630 - "POST /clientes/1/transacoes HTTP/1.1" 200 OK
host2-1  | INFO:     192.168.48.5:57604 - "POST /clientes/5/transacoes HTTP/1.1" 200 OK
host1-1  | INFO:     192.168.48.5:34630 - "POST /clientes/1/transacoes HTTP/1.1" 200 OK
host2-1  | INFO:     192.168.48.5:57604 - "POST /clientes/1/transacoes HTTP/1.1" 200 OK
host1-1  | INFO:     192.168.48.5:34630 - "POST /clientes/1/transacoes HTTP/1.1" 200 OK
host2-1  | INFO:     192.168.48.5:49800 - "POST /clientes/2/transacoes HTTP/1.1" 200 OK
host1-1  | INFO:     192.168.48.5:55968 - "POST /clientes/1/transacoes HTTP/1.1" 200 OK
host2-1  | INFO:     192.168.48.5:49800 - "POST /clientes/1/transacoes HTTP/1.1" 200 OK
host1-1  | INFO:     192.168.48.5:55968 - "POST /clientes/4/transacoes HTTP/1.1" 200 OK
host2-1  | INFO:     192.168.48.5:49800 - "GET /clientes/4/extrato HTTP/1.1" 200 OK
host1-1  | INFO:     192.168.48.5:46492 - "POST /clientes/3/transacoes HTTP/1.1" 200 OK
host1-1  | INFO:     192.168.48.5:55968 - "POST /clientes/2/transacoes HTTP/1.1" 200 OK
host2-1  | INFO:     192.168.48.5:49800 - "POST /clientes/2/transacoes HTTP/1.1" 200 OK
host1-1  | INFO:     192.168.48.5:55968 - "POST /clientes/3/transacoes HTTP/1.1" 200 OK
host2-1  | INFO:     192.168.48.5:49800 - "POST /clientes/3/transacoes HTTP/1.1" 200 OK
host1-1  | INFO:     192.168.48.5:55968 - "POST /clientes/3/transacoes HTTP/1.1" 200 OK
host2-1  | INFO:     192.168.48.5:49800 - "POST /clientes/4/transacoes HTTP/1.1" 200 OK
host1-1  | INFO:     192.168.48.5:55968 - "POST /clientes/3/transacoes HTTP/1.1" 200 OK
host2-1  | INFO:     192.168.48.5:49800 - "POST /clientes/2/transacoes HTTP/1.1" 422 Unprocessable Entity
host1-1  | INFO:     192.168.48.5:55968 - "POST /clientes/5/transacoes HTTP/1.1" 200 OK
host2-1  | INFO:     192.168.48.5:49800 - "POST /clientes/5/transacoes HTTP/1.1" 200 OK
host1-1  | INFO:     192.168.48.5:55968 - "POST /clientes/1/transacoes HTTP/1.1" 200 OK
host2-1  | INFO:     192.168.48.5:49780 - "POST /clientes/1/transacoes HTTP/1.1" 200 OK
host1-1  | INFO:     192.168.48.5:46492 - "POST /clientes/3/transacoes HTTP/1.1" 200 OK
host2-1  | INFO:     192.168.48.5:49780 - "POST /clientes/1/transacoes HTTP/1.1" 200 OK
host1-1  | INFO:     192.168.48.5:46492 - "POST /clientes/1/transacoes HTTP/1.1" 200 OK
host2-1  | INFO:     192.168.48.5:49780 - "POST /clientes/4/transacoes HTTP/1.1" 200 OK
host2-1  | INFO:     192.168.48.5:49780 - "GET /clientes/2/extrato HTTP/1.1" 200 OK
host1-1  | INFO:     192.168.48.5:46492 - "POST /clientes/1/transacoes HTTP/1.1" 200 OK
host1-1  | INFO:     192.168.48.5:55962 - "POST /clientes/5/transacoes HTTP/1.1" 200 OK
host2-1  | INFO:     192.168.48.5:49780 - "POST /clientes/3/transacoes HTTP/1.1" 200 OK
host2-1  | INFO:     192.168.48.5:49768 - "POST /clientes/2/transacoes HTTP/1.1" 200 OK
host1-1  | INFO:     192.168.48.5:46508 - "POST /clientes/5/transacoes HTTP/1.1" 200 OK
host1-1  | INFO:     192.168.48.5:55962 - "POST /clientes/2/transacoes HTTP/1.1" 200 OK
host1-1  | INFO:     192.168.48.5:46492 - "POST /clientes/2/transacoes HTTP/1.1" 422 Unprocessable Entity
host1-1  | INFO:     192.168.48.5:55962 - "POST /clientes/1/transacoes HTTP/1.1" 200 OK
host2-1  | INFO:     192.168.48.5:49780 - "POST /clientes/5/transacoes HTTP/1.1" 200 OK
host2-1  | INFO:     192.168.48.5:49750 - "POST /clientes/4/transacoes HTTP/1.1" 200 OK
host2-1  | INFO:     192.168.48.5:49760 - "POST /clientes/3/transacoes HTTP/1.1" 200 OK
host1-1  | INFO:     192.168.48.5:34632 - "POST /clientes/1/transacoes HTTP/1.1" 200 OK
host1-1  | INFO:     192.168.48.5:46508 - "POST /clientes/5/transacoes HTTP/1.1" 200 OK
host2-1  | INFO:     192.168.48.5:49768 - "POST /clientes/3/transacoes HTTP/1.1" 200 OK
host2-1  | INFO:     192.168.48.5:57618 - "POST /clientes/1/transacoes HTTP/1.1" 200 OK
host2-1  | INFO:     192.168.48.5:49772 - "POST /clientes/3/transacoes HTTP/1.1" 200 OK
host1-1  | INFO:     192.168.48.5:55946 - "POST /clientes/5/transacoes HTTP/1.1" 200 OK
host1-1  | INFO:     192.168.48.5:55946 - "POST /clientes/2/transacoes HTTP/1.1" 422 Unprocessable Entity
host1-1  | INFO:     192.168.48.5:55968 - "GET /clientes/5/extrato HTTP/1.1" 200 OK
host2-1  | INFO:     192.168.48.5:49772 - "POST /clientes/2/transacoes HTTP/1.1" 422 Unprocessable Entity
host2-1  | INFO:     192.168.48.5:49800 - "POST /clientes/5/transacoes HTTP/1.1" 200 OK
host1-1  | INFO:     192.168.48.5:55946 - "POST /clientes/1/transacoes HTTP/1.1" 200 OK
host2-1  | INFO:     192.168.48.5:49772 - "POST /clientes/2/transacoes HTTP/1.1" 422 Unprocessable Entity
host2-1  | INFO:     192.168.48.5:57604 - "POST /clientes/4/transacoes HTTP/1.1" 200 OK
host1-1  | INFO:     192.168.48.5:55946 - "POST /clientes/2/transacoes HTTP/1.1" 422 Unprocessable Entity
host2-1  | INFO:     192.168.48.5:49772 - "POST /clientes/2/transacoes HTTP/1.1" 422 Unprocessable Entity
host1-1  | INFO:     192.168.48.5:55946 - "POST /clientes/5/transacoes HTTP/1.1" 200 OK
host2-1  | INFO:     192.168.48.5:49772 - "POST /clientes/2/transacoes HTTP/1.1" 422 Unprocessable Entity
host1-1  | INFO:     192.168.48.5:34630 - "POST /clientes/5/transacoes HTTP/1.1" 200 OK
host2-1  | INFO:     192.168.48.5:57604 - "POST /clientes/3/transacoes HTTP/1.1" 200 OK
host1-1  | INFO:     192.168.48.5:34630 - "POST /clientes/3/transacoes HTTP/1.1" 200 OK
host2-1  | INFO:     192.168.48.5:49800 - "POST /clientes/2/transacoes HTTP/1.1" 200 OK
host2-1  | INFO:     192.168.48.5:57604 - "POST /clientes/5/transacoes HTTP/1.1" 200 OK
host1-1  | INFO:     192.168.48.5:34630 - "POST /clientes/3/transacoes HTTP/1.1" 200 OK
host1-1  | INFO:     192.168.48.5:34630 - "POST /clientes/2/transacoes HTTP/1.1" 200 OK
host2-1  | INFO:     192.168.48.5:57604 - "POST /clientes/2/transacoes HTTP/1.1" 200 OK
host2-1  | INFO:     192.168.48.5:57604 - "POST /clientes/4/transacoes HTTP/1.1" 200 OK
host2-1  | INFO:     192.168.48.5:49800 - "GET /clientes/2/extrato HTTP/1.1" 200 OK
host1-1  | INFO:     192.168.48.5:55968 - "POST /clientes/3/transacoes HTTP/1.1" 200 OK
host1-1  | INFO:     192.168.48.5:34630 - "POST /clientes/3/transacoes HTTP/1.1" 200 OK
host2-1  | INFO:     192.168.48.5:57604 - "POST /clientes/1/transacoes HTTP/1.1" 200 OK
host1-1  | INFO:     192.168.48.5:34630 - "POST /clientes/1/transacoes HTTP/1.1" 200 OK
host2-1  | INFO:     192.168.48.5:57604 - "POST /clientes/3/transacoes HTTP/1.1" 200 OK
host1-1  | INFO:     192.168.48.5:34630 - "POST /clientes/1/transacoes HTTP/1.1" 200 OK
host2-1  | INFO:     192.168.48.5:57604 - "POST /clientes/1/transacoes HTTP/1.1" 200 OK
host1-1  | INFO:     192.168.48.5:34630 - "POST /clientes/1/transacoes HTTP/1.1" 200 OK
host1-1  | INFO:     192.168.48.5:55968 - "POST /clientes/1/transacoes HTTP/1.1" 200 OK
host2-1  | INFO:     192.168.48.5:49800 - "POST /clientes/2/transacoes HTTP/1.1" 200 OK
host1-1  | INFO:     192.168.48.5:55968 - "POST /clientes/4/transacoes HTTP/1.1" 200 OK
host2-1  | INFO:     192.168.48.5:49800 - "POST /clientes/1/transacoes HTTP/1.1" 200 OK
host1-1  | INFO:     192.168.48.5:55968 - "POST /clientes/2/transacoes HTTP/1.1" 200 OK
host2-1  | INFO:     192.168.48.5:49800 - "POST /clientes/1/transacoes HTTP/1.1" 200 OK
host1-1  | INFO:     192.168.48.5:55968 - "POST /clientes/1/transacoes HTTP/1.1" 200 OK
host2-1  | INFO:     192.168.48.5:49800 - "POST /clientes/4/transacoes HTTP/1.1" 200 OK
host1-1  | INFO:     192.168.48.5:55968 - "POST /clientes/4/transacoes HTTP/1.1" 200 OK
host2-1  | INFO:     192.168.48.5:49800 - "POST /clientes/5/transacoes HTTP/1.1" 200 OK
host1-1  | INFO:     192.168.48.5:55968 - "POST /clientes/4/transacoes HTTP/1.1" 200 OK
host1-1  | INFO:     192.168.48.5:55962 - "POST /clientes/2/transacoes HTTP/1.1" 200 OK
host2-1  | INFO:     192.168.48.5:49772 - "GET /clientes/2/extrato HTTP/1.1" 200 OK
host1-1  | INFO:     192.168.48.5:55946 - "POST /clientes/2/transacoes HTTP/1.1" 200 OK
host2-1  | INFO:     192.168.48.5:49750 - "POST /clientes/1/transacoes HTTP/1.1" 200 OK
host1-1  | INFO:     192.168.48.5:55962 - "POST /clientes/4/transacoes HTTP/1.1" 200 OK
host2-1  | INFO:     192.168.48.5:49750 - "POST /clientes/1/transacoes HTTP/1.1" 200 OK
host1-1  | INFO:     192.168.48.5:55962 - "POST /clientes/5/transacoes HTTP/1.1" 200 OK
host2-1  | INFO:     192.168.48.5:49750 - "POST /clientes/5/transacoes HTTP/1.1" 200 OK
host1-1  | INFO:     192.168.48.5:55962 - "POST /clientes/3/transacoes HTTP/1.1" 200 OK
host2-1  | INFO:     192.168.48.5:49750 - "POST /clientes/1/transacoes HTTP/1.1" 200 OK
host1-1  | INFO:     192.168.48.5:55962 - "POST /clientes/3/transacoes HTTP/1.1" 200 OK
host2-1  | INFO:     192.168.48.5:49750 - "POST /clientes/3/transacoes HTTP/1.1" 200 OK
host1-1  | INFO:     192.168.48.5:55962 - "POST /clientes/2/transacoes HTTP/1.1" 200 OK
host2-1  | INFO:     192.168.48.5:49750 - "POST /clientes/3/transacoes HTTP/1.1" 200 OK
host1-1  | INFO:     192.168.48.5:55962 - "POST /clientes/3/transacoes HTTP/1.1" 200 OK
host2-1  | INFO:     192.168.48.5:49750 - "POST /clientes/4/transacoes HTTP/1.1" 200 OK
host1-1  | INFO:     192.168.48.5:55962 - "POST /clientes/4/transacoes HTTP/1.1" 200 OK
host2-1  | INFO:     192.168.48.5:49750 - "POST /clientes/1/transacoes HTTP/1.1" 200 OK
host1-1  | INFO:     192.168.48.5:55946 - "POST /clientes/3/transacoes HTTP/1.1" 200 OK
host2-1  | INFO:     192.168.48.5:49772 - "POST /clientes/4/transacoes HTTP/1.1" 200 OK
host1-1  | INFO:     192.168.48.5:55946 - "POST /clientes/3/transacoes HTTP/1.1" 200 OK
host2-1  | INFO:     192.168.48.5:57618 - "GET /clientes/2/extrato HTTP/1.1" 200 OK
host2-1  | INFO:     192.168.48.5:49772 - "POST /clientes/3/transacoes HTTP/1.1" 200 OK
host1-1  | INFO:     192.168.48.5:55946 - "POST /clientes/2/transacoes HTTP/1.1" 200 OK
host1-1  | INFO:     192.168.48.5:55946 - "POST /clientes/1/transacoes HTTP/1.1" 200 OK
host2-1  | INFO:     192.168.48.5:49772 - "POST /clientes/5/transacoes HTTP/1.1" 200 OK
host1-1  | INFO:     192.168.48.5:55946 - "POST /clientes/5/transacoes HTTP/1.1" 200 OK
host2-1  | INFO:     192.168.48.5:49772 - "POST /clientes/5/transacoes HTTP/1.1" 200 OK
host1-1  | INFO:     192.168.48.5:55946 - "POST /clientes/5/transacoes HTTP/1.1" 200 OK
host2-1  | INFO:     192.168.48.5:49772 - "POST /clientes/3/transacoes HTTP/1.1" 200 OK
host1-1  | INFO:     192.168.48.5:55946 - "POST /clientes/3/transacoes HTTP/1.1" 200 OK
host2-1  | INFO:     192.168.48.5:49772 - "POST /clientes/4/transacoes HTTP/1.1" 200 OK
host2-1  | INFO:     192.168.48.5:57604 - "POST /clientes/2/transacoes HTTP/1.1" 200 OK
host1-1  | INFO:     192.168.48.5:34630 - "POST /clientes/1/transacoes HTTP/1.1" 200 OK
host1-1  | INFO:     192.168.48.5:34630 - "POST /clientes/3/transacoes HTTP/1.1" 200 OK
host2-1  | INFO:     192.168.48.5:57604 - "POST /clientes/4/transacoes HTTP/1.1" 200 OK
host2-1  | INFO:     192.168.48.5:57604 - "POST /clientes/5/transacoes HTTP/1.1" 200 OK
host2-1  | INFO:     192.168.48.5:57604 - "POST /clientes/5/transacoes HTTP/1.1" 200 OK
host1-1  | INFO:     192.168.48.5:34630 - "POST /clientes/3/transacoes HTTP/1.1" 200 OK
host1-1  | INFO:     192.168.48.5:34630 - "POST /clientes/2/transacoes HTTP/1.1" 422 Unprocessable Entity
host1-1  | INFO:     192.168.48.5:34630 - "POST /clientes/4/transacoes HTTP/1.1" 200 OK
host2-1  | INFO:     192.168.48.5:57604 - "POST /clientes/5/transacoes HTTP/1.1" 200 OK
host2-1  | INFO:     192.168.48.5:57604 - "POST /clientes/2/transacoes HTTP/1.1" 200 OK
host1-1  | INFO:     192.168.48.5:34630 - "GET /clientes/2/extrato HTTP/1.1" 200 OK
host2-1  | INFO:     192.168.48.5:57604 - "POST /clientes/3/transacoes HTTP/1.1" 200 OK
host1-1  | INFO:     192.168.48.5:55992 - "POST /clientes/5/transacoes HTTP/1.1" 200 OK
host2-1  | INFO:     192.168.48.5:57604 - "POST /clientes/4/transacoes HTTP/1.1" 200 OK
host1-1  | INFO:     192.168.48.5:55992 - "POST /clientes/2/transacoes HTTP/1.1" 200 OK
