api01-1     | I, [2024-02-19T14:44:03.338215 #22]  INFO -- : [ce76a239-3f42-479b-9a6b-300cc5963212] Completed 200 OK in 772ms (Views: 0.1ms | ActiveRecord: 601.5ms | Allocations: 24888)
api02-1     | I, [2024-02-19T14:44:03.537698 #31]  INFO -- : [535cc374-ce1f-45e6-9811-09385cbac20f] Started GET "/clientes/1/extrato" for 192.168.224.5 at 2024-02-19 14:44:03 +0000
api02-1     | I, [2024-02-19T14:44:03.538243 #31]  INFO -- : [535cc374-ce1f-45e6-9811-09385cbac20f] Processing by AccountsController#show as */*
api02-1     | I, [2024-02-19T14:44:03.538283 #31]  INFO -- : [535cc374-ce1f-45e6-9811-09385cbac20f]   Parameters: {"id"=>"1"}
api02-1     | I, [2024-02-19T14:44:03.541108 #31]  INFO -- : [535cc374-ce1f-45e6-9811-09385cbac20f] Completed 200 OK in 3ms (Views: 0.1ms | ActiveRecord: 0.5ms | Allocations: 972)
api01-1     | I, [2024-02-19T14:44:04.539385 #18]  INFO -- : [eb7b0020-ab31-412b-bb9f-c60f30fc0e7c] Started GET "/clientes/6/extrato" for 192.168.224.5 at 2024-02-19 14:44:04 +0000
api01-1     | I, [2024-02-19T14:44:04.540128 #18]  INFO -- : [eb7b0020-ab31-412b-bb9f-c60f30fc0e7c] Processing by AccountsController#show as */*
api01-1     | I, [2024-02-19T14:44:04.540174 #18]  INFO -- : [eb7b0020-ab31-412b-bb9f-c60f30fc0e7c]   Parameters: {"id"=>"6"}
api02-1     | I, [2024-02-19T14:44:04.542609 #31]  INFO -- : [ce01e420-af0f-469d-bd35-fc5df54171cb] Started GET "/clientes/5/extrato" for 192.168.224.5 at 2024-02-19 14:44:04 +0000
api01-1     | I, [2024-02-19T14:44:04.542795 #18]  INFO -- : [eb7b0020-ab31-412b-bb9f-c60f30fc0e7c] Completed 404 Not Found in 3ms (Views: 0.3ms | ActiveRecord: 0.4ms | Allocations: 515)
api02-1     | I, [2024-02-19T14:44:04.543240 #31]  INFO -- : [ce01e420-af0f-469d-bd35-fc5df54171cb] Processing by AccountsController#show as */*
api02-1     | I, [2024-02-19T14:44:04.543416 #31]  INFO -- : [ce01e420-af0f-469d-bd35-fc5df54171cb]   Parameters: {"id"=>"5"}
api02-1     | I, [2024-02-19T14:44:04.544379 #24]  INFO -- : [8db322ad-7481-486c-875b-efacff3cb628] Started GET "/clientes/4/extrato" for 192.168.224.5 at 2024-02-19 14:44:04 +0000
api02-1     | I, [2024-02-19T14:44:04.544988 #24]  INFO -- : [8db322ad-7481-486c-875b-efacff3cb628] Processing by AccountsController#show as */*
api02-1     | I, [2024-02-19T14:44:04.545022 #24]  INFO -- : [8db322ad-7481-486c-875b-efacff3cb628]   Parameters: {"id"=>"4"}
api01-1     | I, [2024-02-19T14:44:04.544328 #22]  INFO -- : [a01f163d-5fca-4557-9494-7d70357578b7] Started GET "/clientes/2/extrato" for 192.168.224.5 at 2024-02-19 14:44:04 +0000
api01-1     | I, [2024-02-19T14:44:04.544544 #18]  INFO -- : [55ce0bc3-3666-4484-877a-8c00bea8bff1] Started GET "/clientes/3/extrato" for 192.168.224.5 at 2024-02-19 14:44:04 +0000
api01-1     | I, [2024-02-19T14:44:04.544970 #18]  INFO -- : [55ce0bc3-3666-4484-877a-8c00bea8bff1] Processing by AccountsController#show as */*
api01-1     | I, [2024-02-19T14:44:04.545002 #18]  INFO -- : [55ce0bc3-3666-4484-877a-8c00bea8bff1]   Parameters: {"id"=>"3"}
api01-1     | I, [2024-02-19T14:44:04.545026 #22]  INFO -- : [a01f163d-5fca-4557-9494-7d70357578b7] Processing by AccountsController#show as */*
api01-1     | I, [2024-02-19T14:44:04.545068 #22]  INFO -- : [a01f163d-5fca-4557-9494-7d70357578b7]   Parameters: {"id"=>"2"}
api02-1     | I, [2024-02-19T14:44:04.547438 #31]  INFO -- : [ce01e420-af0f-469d-bd35-fc5df54171cb] Completed 200 OK in 4ms (Views: 0.1ms | ActiveRecord: 0.7ms | Allocations: 463)
api02-1     | I, [2024-02-19T14:44:04.548515 #31]  INFO -- : [c6a5142b-a0ce-4bd8-b640-66ae38f46d38] Started GET "/clientes/1/extrato" for 192.168.224.5 at 2024-02-19 14:44:04 +0000
api02-1     | I, [2024-02-19T14:44:04.548956 #24]  INFO -- : [8db322ad-7481-486c-875b-efacff3cb628] Completed 200 OK in 4ms (Views: 0.1ms | ActiveRecord: 0.8ms | Allocations: 545)
api02-1     | I, [2024-02-19T14:44:04.549035 #31]  INFO -- : [c6a5142b-a0ce-4bd8-b640-66ae38f46d38] Processing by AccountsController#show as */*
api02-1     | I, [2024-02-19T14:44:04.549066 #31]  INFO -- : [c6a5142b-a0ce-4bd8-b640-66ae38f46d38]   Parameters: {"id"=>"1"}
api02-1     | I, [2024-02-19T14:44:04.551843 #24]  INFO -- : [ae347c9f-22db-44ce-acba-589866c2fa0f] Started POST "/clientes/5/transacoes" for 192.168.224.5 at 2024-02-19 14:44:04 +0000
api02-1     | I, [2024-02-19T14:44:04.552561 #24]  INFO -- : [ae347c9f-22db-44ce-acba-589866c2fa0f] Processing by AccountEntriesController#create as */*
api02-1     | I, [2024-02-19T14:44:04.552605 #24]  INFO -- : [ae347c9f-22db-44ce-acba-589866c2fa0f]   Parameters: {"valor"=>1, "tipo"=>"c", "descricao"=>"toma", "account_id"=>"5", "account_entry"=>{}}
api02-1     | I, [2024-02-19T14:44:04.554433 #31]  INFO -- : [c6a5142b-a0ce-4bd8-b640-66ae38f46d38] Completed 200 OK in 5ms (Views: 0.1ms | ActiveRecord: 0.8ms | Allocations: 976)
api02-1     | I, [2024-02-19T14:44:04.556693 #24]  INFO -- : [ae347c9f-22db-44ce-acba-589866c2fa0f] Completed 200 OK in 4ms (Views: 0.1ms | ActiveRecord: 2.5ms | Allocations: 1001)
api01-1     | I, [2024-02-19T14:44:04.561951 #22]  INFO -- : [cc607e6c-d83e-4c20-9f8c-be50f578aed8] Started POST "/clientes/1/transacoes" for 192.168.224.5 at 2024-02-19 14:44:04 +0000
api01-1     | I, [2024-02-19T14:44:04.562875 #18]  INFO -- : [575125a9-1ccf-4f03-adf3-ddac7614b5a0] Started POST "/clientes/4/transacoes" for 192.168.224.5 at 2024-02-19 14:44:04 +0000
api01-1     | I, [2024-02-19T14:44:04.563292 #22]  INFO -- : [cc607e6c-d83e-4c20-9f8c-be50f578aed8] Processing by AccountEntriesController#create as */*
api01-1     | I, [2024-02-19T14:44:04.563345 #22]  INFO -- : [cc607e6c-d83e-4c20-9f8c-be50f578aed8]   Parameters: {"valor"=>1, "tipo"=>"c", "descricao"=>"toma", "account_id"=>"1", "account_entry"=>{}}
api01-1     | I, [2024-02-19T14:44:04.563591 #18]  INFO -- : [575125a9-1ccf-4f03-adf3-ddac7614b5a0] Processing by AccountEntriesController#create as */*
api01-1     | I, [2024-02-19T14:44:04.563640 #18]  INFO -- : [575125a9-1ccf-4f03-adf3-ddac7614b5a0]   Parameters: {"valor"=>1, "tipo"=>"c", "descricao"=>"toma", "account_id"=>"4", "account_entry"=>{}}
api02-1     | I, [2024-02-19T14:44:04.565881 #24]  INFO -- : [783f8e7a-4b2d-4bd3-bdef-5239511f7939] Started POST "/clientes/5/transacoes" for 192.168.224.5 at 2024-02-19 14:44:04 +0000
api02-1     | I, [2024-02-19T14:44:04.566604 #24]  INFO -- : [783f8e7a-4b2d-4bd3-bdef-5239511f7939] Processing by AccountEntriesController#create as */*
api02-1     | I, [2024-02-19T14:44:04.566666 #24]  INFO -- : [783f8e7a-4b2d-4bd3-bdef-5239511f7939]   Parameters: {"valor"=>1, "tipo"=>"d", "descricao"=>"devolve", "account_id"=>"5", "account_entry"=>{}}
api01-1     | I, [2024-02-19T14:44:04.566939 #18]  INFO -- : [55ce0bc3-3666-4484-877a-8c00bea8bff1] Completed 200 OK in 22ms (Views: 0.1ms | ActiveRecord: 9.3ms | Allocations: 7607)
api01-1     | I, [2024-02-19T14:44:04.569478 #22]  INFO -- : [a01f163d-5fca-4557-9494-7d70357578b7] Completed 200 OK in 24ms (Views: 0.1ms | ActiveRecord: 9.6ms | Allocations: 8013)
api01-1     | I, [2024-02-19T14:44:04.570636 #22]  INFO -- : [cc607e6c-d83e-4c20-9f8c-be50f578aed8] Completed 200 OK in 7ms (Views: 0.1ms | ActiveRecord: 4.9ms | Allocations: 1990)
api01-1     | I, [2024-02-19T14:44:04.571526 #18]  INFO -- : [575125a9-1ccf-4f03-adf3-ddac7614b5a0] Completed 200 OK in 8ms (Views: 0.1ms | ActiveRecord: 5.7ms | Allocations: 1344)
api01-1     | I, [2024-02-19T14:44:04.571025 #22]  INFO -- : [9283fc7b-fa6e-4ff0-b1fc-49323c471cdd] Started POST "/clientes/3/transacoes" for 192.168.224.5 at 2024-02-19 14:44:04 +0000
api01-1     | I, [2024-02-19T14:44:04.574130 #22]  INFO -- : [9283fc7b-fa6e-4ff0-b1fc-49323c471cdd] Processing by AccountEntriesController#create as */*
api01-1     | I, [2024-02-19T14:44:04.574181 #22]  INFO -- : [9283fc7b-fa6e-4ff0-b1fc-49323c471cdd]   Parameters: {"valor"=>1, "tipo"=>"c", "descricao"=>"toma", "account_id"=>"3", "account_entry"=>{}}
api02-1     | I, [2024-02-19T14:44:04.574284 #31]  INFO -- : [ab33f9f9-af9d-457d-a6de-69b60600ad46] Started POST "/clientes/2/transacoes" for 192.168.224.5 at 2024-02-19 14:44:04 +0000
api02-1     | I, [2024-02-19T14:44:04.574448 #24]  INFO -- : [783f8e7a-4b2d-4bd3-bdef-5239511f7939] Completed 200 OK in 8ms (Views: 0.1ms | ActiveRecord: 6.0ms | Allocations: 1001)
api02-1     | I, [2024-02-19T14:44:04.575797 #31]  INFO -- : [ab33f9f9-af9d-457d-a6de-69b60600ad46] Processing by AccountEntriesController#create as */*
api01-1     | I, [2024-02-19T14:44:04.575530 #18]  INFO -- : [4d48bafa-06f0-4f59-9454-3ef0916dc021] Started POST "/clientes/4/transacoes" for 192.168.224.5 at 2024-02-19 14:44:04 +0000
api02-1     | I, [2024-02-19T14:44:04.575895 #31]  INFO -- : [ab33f9f9-af9d-457d-a6de-69b60600ad46]   Parameters: {"valor"=>1, "tipo"=>"c", "descricao"=>"toma", "account_id"=>"2", "account_entry"=>{}}
api01-1     | I, [2024-02-19T14:44:04.576435 #18]  INFO -- : [4d48bafa-06f0-4f59-9454-3ef0916dc021] Processing by AccountEntriesController#create as */*
api01-1     | I, [2024-02-19T14:44:04.576539 #18]  INFO -- : [4d48bafa-06f0-4f59-9454-3ef0916dc021]   Parameters: {"valor"=>1, "tipo"=>"d", "descricao"=>"devolve", "account_id"=>"4", "account_entry"=>{}}
api02-1     | I, [2024-02-19T14:44:04.576254 #24]  INFO -- : [fcf9e19c-b2db-431c-a360-ca9968f92067] Started POST "/clientes/1/transacoes" for 192.168.224.5 at 2024-02-19 14:44:04 +0000
api02-1     | I, [2024-02-19T14:44:04.576910 #24]  INFO -- : [fcf9e19c-b2db-431c-a360-ca9968f92067] Processing by AccountEntriesController#create as */*
api02-1     | I, [2024-02-19T14:44:04.576960 #24]  INFO -- : [fcf9e19c-b2db-431c-a360-ca9968f92067]   Parameters: {"valor"=>1, "tipo"=>"d", "descricao"=>"devolve", "account_id"=>"1", "account_entry"=>{}}
api02-1     | I, [2024-02-19T14:44:04.580166 #31]  INFO -- : [ab33f9f9-af9d-457d-a6de-69b60600ad46] Completed 200 OK in 4ms (Views: 0.1ms | ActiveRecord: 2.4ms | Allocations: 1001)
api02-1     | I, [2024-02-19T14:44:04.582204 #24]  INFO -- : [fcf9e19c-b2db-431c-a360-ca9968f92067] Completed 200 OK in 5ms (Views: 0.1ms | ActiveRecord: 3.7ms | Allocations: 1001)
api01-1     | I, [2024-02-19T14:44:04.581641 #22]  INFO -- : [9283fc7b-fa6e-4ff0-b1fc-49323c471cdd] Completed 200 OK in 7ms (Views: 0.1ms | ActiveRecord: 5.8ms | Allocations: 1017)
api01-1     | I, [2024-02-19T14:44:04.581767 #18]  INFO -- : [4d48bafa-06f0-4f59-9454-3ef0916dc021] Completed 200 OK in 5ms (Views: 0.1ms | ActiveRecord: 3.5ms | Allocations: 1006)
api01-1     | I, [2024-02-19T14:44:04.582911 #22]  INFO -- : [a209796b-ccd7-46e0-a4e4-2a2bc53bbb9d] Started GET "/clientes/5/extrato" for 192.168.224.5 at 2024-02-19 14:44:04 +0000
api02-1     | I, [2024-02-19T14:44:04.582823 #31]  INFO -- : [3c84fde2-0044-4aa0-bfca-0f446f190f4f] Started POST "/clientes/2/transacoes" for 192.168.224.5 at 2024-02-19 14:44:04 +0000
api01-1     | I, [2024-02-19T14:44:04.583480 #22]  INFO -- : [a209796b-ccd7-46e0-a4e4-2a2bc53bbb9d] Processing by AccountsController#show as */*
api01-1     | I, [2024-02-19T14:44:04.583586 #22]  INFO -- : [a209796b-ccd7-46e0-a4e4-2a2bc53bbb9d]   Parameters: {"id"=>"5"}
api02-1     | I, [2024-02-19T14:44:04.583642 #31]  INFO -- : [3c84fde2-0044-4aa0-bfca-0f446f190f4f] Processing by AccountEntriesController#create as */*
api02-1     | I, [2024-02-19T14:44:04.583717 #31]  INFO -- : [3c84fde2-0044-4aa0-bfca-0f446f190f4f]   Parameters: {"valor"=>1, "tipo"=>"d", "descricao"=>"devolve", "account_id"=>"2", "account_entry"=>{}}
api02-1     | I, [2024-02-19T14:44:04.585591 #24]  INFO -- : [d1cd45b7-aa39-4904-aab9-cbe107bf5cce] Started POST "/clientes/3/transacoes" for 192.168.224.5 at 2024-02-19 14:44:04 +0000
api02-1     | I, [2024-02-19T14:44:04.586334 #24]  INFO -- : [d1cd45b7-aa39-4904-aab9-cbe107bf5cce] Processing by AccountEntriesController#create as */*
api02-1     | I, [2024-02-19T14:44:04.586372 #24]  INFO -- : [d1cd45b7-aa39-4904-aab9-cbe107bf5cce]   Parameters: {"valor"=>1, "tipo"=>"d", "descricao"=>"devolve", "account_id"=>"3", "account_entry"=>{}}
api01-1     | I, [2024-02-19T14:44:04.586570 #18]  INFO -- : [904d8237-17ee-49a8-8586-1750626ac944] Started GET "/clientes/4/extrato" for 192.168.224.5 at 2024-02-19 14:44:04 +0000
api01-1     | I, [2024-02-19T14:44:04.587049 #18]  INFO -- : [904d8237-17ee-49a8-8586-1750626ac944] Processing by AccountsController#show as */*
api01-1     | I, [2024-02-19T14:44:04.587082 #18]  INFO -- : [904d8237-17ee-49a8-8586-1750626ac944]   Parameters: {"id"=>"4"}
api02-1     | I, [2024-02-19T14:44:04.589717 #31]  INFO -- : [3c84fde2-0044-4aa0-bfca-0f446f190f4f] Completed 200 OK in 6ms (Views: 0.2ms | ActiveRecord: 3.7ms | Allocations: 1006)
api02-1     | I, [2024-02-19T14:44:04.591252 #24]  INFO -- : [d1cd45b7-aa39-4904-aab9-cbe107bf5cce] Completed 200 OK in 5ms (Views: 0.1ms | ActiveRecord: 3.1ms | Allocations: 1001)
api02-1     | I, [2024-02-19T14:44:04.592777 #24]  INFO -- : [2141d4b7-ed51-4b95-84de-9e8d607db39d] Started GET "/clientes/2/extrato" for 192.168.224.5 at 2024-02-19 14:44:04 +0000
api02-1     | I, [2024-02-19T14:44:04.593665 #24]  INFO -- : [2141d4b7-ed51-4b95-84de-9e8d607db39d] Processing by AccountsController#show as */*
api02-1     | I, [2024-02-19T14:44:04.593825 #24]  INFO -- : [2141d4b7-ed51-4b95-84de-9e8d607db39d]   Parameters: {"id"=>"2"}
api02-1     | I, [2024-02-19T14:44:04.598860 #24]  INFO -- : [2141d4b7-ed51-4b95-84de-9e8d607db39d] Completed 200 OK in 5ms (Views: 0.1ms | ActiveRecord: 0.5ms | Allocations: 4449)
api02-1     | I, [2024-02-19T14:44:04.606198 #24]  INFO -- : [53f15cfd-2763-4c16-815d-27f52f545079] Started POST "/clientes/2/transacoes" for 192.168.224.5 at 2024-02-19 14:44:04 +0000
api02-1     | I, [2024-02-19T14:44:04.606792 #24]  INFO -- : [53f15cfd-2763-4c16-815d-27f52f545079] Processing by AccountEntriesController#create as */*
api02-1     | I, [2024-02-19T14:44:04.606835 #24]  INFO -- : [53f15cfd-2763-4c16-815d-27f52f545079]   Parameters: {"valor"=>1, "tipo"=>"c", "descricao"=>"danada", "account_id"=>"2", "account_entry"=>{}}
api02-1     | I, [2024-02-19T14:44:04.610139 #24]  INFO -- : [53f15cfd-2763-4c16-815d-27f52f545079] Completed 200 OK in 3ms (Views: 0.1ms | ActiveRecord: 2.2ms | Allocations: 1001)
api01-1     | I, [2024-02-19T14:44:04.614834 #22]  INFO -- : [a209796b-ccd7-46e0-a4e4-2a2bc53bbb9d] Completed 200 OK in 31ms (Views: 0.1ms | ActiveRecord: 1.2ms | Allocations: 4499)
api01-1     | I, [2024-02-19T14:44:04.616634 #18]  INFO -- : [904d8237-17ee-49a8-8586-1750626ac944] Completed 200 OK in 29ms (Views: 0.1ms | ActiveRecord: 0.7ms | Allocations: 4494)
api01-1     | I, [2024-02-19T14:44:04.618164 #22]  INFO -- : [b3e861cb-b1f5-4ec5-acf4-69e149733502] Started GET "/clientes/1/extrato" for 192.168.224.5 at 2024-02-19 14:44:04 +0000
api01-1     | I, [2024-02-19T14:44:04.618822 #22]  INFO -- : [b3e861cb-b1f5-4ec5-acf4-69e149733502] Processing by AccountsController#show as */*
api01-1     | I, [2024-02-19T14:44:04.618871 #22]  INFO -- : [b3e861cb-b1f5-4ec5-acf4-69e149733502]   Parameters: {"id"=>"1"}
api01-1     | I, [2024-02-19T14:44:04.619941 #18]  INFO -- : [eb3aa93e-f810-4de1-883c-14de75b8d73b] Started POST "/clientes/5/transacoes" for 192.168.224.5 at 2024-02-19 14:44:04 +0000
api01-1     | I, [2024-02-19T14:44:04.620612 #18]  INFO -- : [eb3aa93e-f810-4de1-883c-14de75b8d73b] Processing by AccountEntriesController#create as */*
api01-1     | I, [2024-02-19T14:44:04.620655 #18]  INFO -- : [eb3aa93e-f810-4de1-883c-14de75b8d73b]   Parameters: {"valor"=>1, "tipo"=>"c", "descricao"=>"danada", "account_id"=>"5", "account_entry"=>{}}
api02-1     | I, [2024-02-19T14:44:04.620104 #31]  INFO -- : [e8f461ca-8fd3-4aff-bef2-f6229fd20e08] Started POST "/clientes/4/transacoes" for 192.168.224.5 at 2024-02-19 14:44:04 +0000
api02-1     | I, [2024-02-19T14:44:04.620850 #31]  INFO -- : [e8f461ca-8fd3-4aff-bef2-f6229fd20e08] Processing by AccountEntriesController#create as */*
api02-1     | I, [2024-02-19T14:44:04.620897 #31]  INFO -- : [e8f461ca-8fd3-4aff-bef2-f6229fd20e08]   Parameters: {"valor"=>1, "tipo"=>"c", "descricao"=>"danada", "account_id"=>"4", "account_entry"=>{}}
api01-1     | I, [2024-02-19T14:44:04.623607 #22]  INFO -- : [b9cf3b57-0157-4cca-9f00-7f98f828f5cd] Started GET "/clientes/3/extrato" for 192.168.224.5 at 2024-02-19 14:44:04 +0000
api01-1     | I, [2024-02-19T14:44:04.624140 #22]  INFO -- : [b9cf3b57-0157-4cca-9f00-7f98f828f5cd] Processing by AccountsController#show as */*
api01-1     | I, [2024-02-19T14:44:04.624221 #22]  INFO -- : [b9cf3b57-0157-4cca-9f00-7f98f828f5cd]   Parameters: {"id"=>"3"}
api02-1     | I, [2024-02-19T14:44:04.625149 #31]  INFO -- : [e8f461ca-8fd3-4aff-bef2-f6229fd20e08] Completed 200 OK in 4ms (Views: 0.1ms | ActiveRecord: 2.6ms | Allocations: 1001)
api02-1     | I, [2024-02-19T14:44:04.626945 #24]  INFO -- : [9ee7d0bb-874f-4bd1-9431-31d5b9f407ca] Started GET "/clientes/2/extrato" for 192.168.224.5 at 2024-02-19 14:44:04 +0000
api02-1     | I, [2024-02-19T14:44:04.627773 #24]  INFO -- : [9ee7d0bb-874f-4bd1-9431-31d5b9f407ca] Processing by AccountsController#show as */*
api02-1     | I, [2024-02-19T14:44:04.627815 #24]  INFO -- : [9ee7d0bb-874f-4bd1-9431-31d5b9f407ca]   Parameters: {"id"=>"2"}
api01-1     | I, [2024-02-19T14:44:04.629742 #22]  INFO -- : [b3e861cb-b1f5-4ec5-acf4-69e149733502] Completed 200 OK in 11ms (Views: 0.1ms | ActiveRecord: 3.9ms | Allocations: 1534)
api01-1     | I, [2024-02-19T14:44:04.631428 #18]  INFO -- : [eb3aa93e-f810-4de1-883c-14de75b8d73b] Completed 200 OK in 11ms (Views: 1.4ms | ActiveRecord: 7.7ms | Allocations: 1006)
api01-1     | I, [2024-02-19T14:44:04.631929 #22]  INFO -- : [d3845cc3-2267-4a95-be56-c4846a847c24] Started GET "/clientes/2/extrato" for 192.168.224.5 at 2024-02-19 14:44:04 +0000
api01-1     | I, [2024-02-19T14:44:04.632483 #22]  INFO -- : [d3845cc3-2267-4a95-be56-c4846a847c24] Processing by AccountsController#show as */*
api01-1     | I, [2024-02-19T14:44:04.632733 #18]  INFO -- : [2117975c-528a-4eeb-ab6e-7ecd36d0b4b7] Started GET "/clientes/4/extrato" for 192.168.224.5 at 2024-02-19 14:44:04 +0000
api01-1     | I, [2024-02-19T14:44:04.633249 #18]  INFO -- : [2117975c-528a-4eeb-ab6e-7ecd36d0b4b7] Processing by AccountsController#show as */*
api01-1     | I, [2024-02-19T14:44:04.633530 #22]  INFO -- : [d3845cc3-2267-4a95-be56-c4846a847c24]   Parameters: {"id"=>"2"}
api01-1     | I, [2024-02-19T14:44:04.633743 #18]  INFO -- : [2117975c-528a-4eeb-ab6e-7ecd36d0b4b7]   Parameters: {"id"=>"4"}
api01-1     | I, [2024-02-19T14:44:04.633495 #22]  INFO -- : [b9cf3b57-0157-4cca-9f00-7f98f828f5cd] Completed 200 OK in 9ms (Views: 0.2ms | ActiveRecord: 3.5ms | Allocations: 2200)
api01-1     | I, [2024-02-19T14:44:04.635002 #22]  INFO -- : [b664ec6f-6b99-46ec-b863-e096f4e37411] Started GET "/clientes/2/extrato" for 192.168.224.5 at 2024-02-19 14:44:04 +0000
api02-1     | I, [2024-02-19T14:44:04.630567 #31]  INFO -- : [2327eefd-c4d1-47d1-aa03-fe3063598a88] Started GET "/clientes/2/extrato" for 192.168.224.5 at 2024-02-19 14:44:04 +0000
api02-1     | I, [2024-02-19T14:44:04.633541 #31]  INFO -- : [2327eefd-c4d1-47d1-aa03-fe3063598a88] Processing by AccountsController#show as */*
api01-1     | I, [2024-02-19T14:44:04.635603 #22]  INFO -- : [b664ec6f-6b99-46ec-b863-e096f4e37411] Processing by AccountsController#show as */*
api01-1     | I, [2024-02-19T14:44:04.635741 #22]  INFO -- : [b664ec6f-6b99-46ec-b863-e096f4e37411]   Parameters: {"id"=>"2"}
api02-1     | I, [2024-02-19T14:44:04.639327 #31]  INFO -- : [2327eefd-c4d1-47d1-aa03-fe3063598a88]   Parameters: {"id"=>"2"}
api01-1     | I, [2024-02-19T14:44:04.638424 #22]  INFO -- : [d3845cc3-2267-4a95-be56-c4846a847c24] Completed 200 OK in 5ms (Views: 0.1ms | ActiveRecord: 0.5ms | Allocations: 1372)
api02-1     | I, [2024-02-19T14:44:04.640630 #31]  INFO -- : [30a412fb-f9da-4c95-9810-2817ff038743] Started GET "/clientes/4/extrato" for 192.168.224.5 at 2024-02-19 14:44:04 +0000
api02-1     | I, [2024-02-19T14:44:04.640777 #24]  INFO -- : [9ee7d0bb-874f-4bd1-9431-31d5b9f407ca] Completed 200 OK in 13ms (Views: 0.1ms | ActiveRecord: 7.5ms | Allocations: 655)
api01-1     | I, [2024-02-19T14:44:04.637493 #18]  INFO -- : [bc5e59e2-6919-4f5e-9a3b-162e151e933f] Started GET "/clientes/4/extrato" for 192.168.224.5 at 2024-02-19 14:44:04 +0000
api01-1     | I, [2024-02-19T14:44:04.640627 #18]  INFO -- : [bc5e59e2-6919-4f5e-9a3b-162e151e933f] Processing by AccountsController#show as */*
api01-1     | I, [2024-02-19T14:44:04.640732 #18]  INFO -- : [bc5e59e2-6919-4f5e-9a3b-162e151e933f]   Parameters: {"id"=>"4"}
api01-1     | I, [2024-02-19T14:44:04.641250 #22]  INFO -- : [3e470e53-6fde-4f2d-babe-58c69daebaa1] Started GET "/clientes/5/extrato" for 192.168.224.5 at 2024-02-19 14:44:04 +0000
api02-1     | I, [2024-02-19T14:44:04.643230 #31]  INFO -- : [30a412fb-f9da-4c95-9810-2817ff038743] Processing by AccountsController#show as */*
api02-1     | I, [2024-02-19T14:44:04.643298 #31]  INFO -- : [30a412fb-f9da-4c95-9810-2817ff038743]   Parameters: {"id"=>"4"}
api01-1     | I, [2024-02-19T14:44:04.641680 #22]  INFO -- : [3e470e53-6fde-4f2d-babe-58c69daebaa1] Processing by AccountsController#show as */*
api01-1     | I, [2024-02-19T14:44:04.641717 #22]  INFO -- : [3e470e53-6fde-4f2d-babe-58c69daebaa1]   Parameters: {"id"=>"5"}
api01-1     | I, [2024-02-19T14:44:04.642643 #22]  INFO -- : [b664ec6f-6b99-46ec-b863-e096f4e37411] Completed 200 OK in 7ms (Views: 0.1ms | ActiveRecord: 5.0ms | Allocations: 1967)
api02-1     | I, [2024-02-19T14:44:04.644699 #24]  INFO -- : [ad48597d-6734-4cfd-bd1b-047d4d305711] Started POST "/clientes/3/transacoes" for 192.168.224.5 at 2024-02-19 14:44:04 +0000
api01-1     | I, [2024-02-19T14:44:04.645547 #22]  INFO -- : [3ef9407f-affe-4074-a9c8-fd65f767b400] Started GET "/clientes/5/extrato" for 192.168.224.5 at 2024-02-19 14:44:04 +0000
api02-1     | I, [2024-02-19T14:44:04.646284 #24]  INFO -- : [ad48597d-6734-4cfd-bd1b-047d4d305711] Processing by AccountEntriesController#create as */*
api01-1     | I, [2024-02-19T14:44:04.647808 #22]  INFO -- : [3ef9407f-affe-4074-a9c8-fd65f767b400] Processing by AccountsController#show as */*
api01-1     | I, [2024-02-19T14:44:04.647866 #22]  INFO -- : [3ef9407f-affe-4074-a9c8-fd65f767b400]   Parameters: {"id"=>"5"}
api02-1     | I, [2024-02-19T14:44:04.648033 #24]  INFO -- : [ad48597d-6734-4cfd-bd1b-047d4d305711]   Parameters: {"valor"=>1, "tipo"=>"c", "descricao"=>"danada", "account_id"=>"3", "account_entry"=>{}}
api02-1     | I, [2024-02-19T14:44:04.649346 #31]  INFO -- : [6cbe2e9a-84da-4cd6-a38a-e3df14122fbd] Started GET "/clientes/5/extrato" for 192.168.224.5 at 2024-02-19 14:44:04 +0000
api02-1     | I, [2024-02-19T14:44:04.645364 #24]  INFO -- : [dd3949be-b59d-467d-a85d-f288aad66553] Started GET "/clientes/4/extrato" for 192.168.224.5 at 2024-02-19 14:44:04 +0000
api02-1     | I, [2024-02-19T14:44:04.650066 #24]  INFO -- : [dd3949be-b59d-467d-a85d-f288aad66553] Processing by AccountsController#show as */*
