 Network rinha-backend-2024  Creating
 Network rinha-backend-2024  Created
 Container matheuswilliam-db-1  Creating
 Container matheuswilliam-db-1  Created
 Container matheuswilliam-api02-1  Creating
 Container matheuswilliam-api01-1  Creating
 Container matheuswilliam-api01-1  Created
 Container matheuswilliam-api02-1  Created
 Container matheuswilliam-nginx-1  Creating
 Container matheuswilliam-nginx-1  Created
Attaching to api01-1, api02-1, db-1, nginx-1
db-1     | The files belonging to this database system will be owned by user "postgres".
db-1     | This user must also own the server process.
db-1     | 
db-1     | The database cluster will be initialized with locale "en_US.utf8".
db-1     | The default database encoding has accordingly been set to "UTF8".
db-1     | The default text search configuration will be set to "english".
db-1     | 
db-1     | Data page checksums are disabled.
db-1     | 
db-1     | fixing permissions on existing directory /var/lib/postgresql/data ... ok
db-1     | creating subdirectories ... ok
db-1     | selecting dynamic shared memory implementation ... posix
db-1     | selecting default max_connections ... 100
db-1     | selecting default shared_buffers ... 128MB
db-1     | selecting default time zone ... UTC
db-1     | creating configuration files ... ok
api01-1  | db:5432 - no response
api02-1  | db:5432 - no response
db-1     | running bootstrap script ... ok
nginx-1  | /docker-entrypoint.sh: /docker-entrypoint.d/ is not empty, will attempt to perform configuration
nginx-1  | /docker-entrypoint.sh: Looking for shell scripts in /docker-entrypoint.d/
nginx-1  | /docker-entrypoint.sh: Launching /docker-entrypoint.d/10-listen-on-ipv6-by-default.sh
nginx-1  | 10-listen-on-ipv6-by-default.sh: info: Getting the checksum of /etc/nginx/conf.d/default.conf
nginx-1  | 10-listen-on-ipv6-by-default.sh: info: Enabled listen on IPv6 in /etc/nginx/conf.d/default.conf
nginx-1  | /docker-entrypoint.sh: Sourcing /docker-entrypoint.d/15-local-resolvers.envsh
nginx-1  | /docker-entrypoint.sh: Launching /docker-entrypoint.d/20-envsubst-on-templates.sh
nginx-1  | /docker-entrypoint.sh: Launching /docker-entrypoint.d/30-tune-worker-processes.sh
nginx-1  | /docker-entrypoint.sh: Configuration complete; ready for start up
db-1     | sh: locale: not found
db-1     | 2024-02-19 12:14:57.538 UTC [30] WARNING:  no usable system locales were found
api01-1  | db:5432 - no response
api02-1  | db:5432 - no response
db-1     | performing post-bootstrap initialization ... ok
api01-1  | db:5432 - no response
api02-1  | db:5432 - no response
db-1     | initdb: warning: enabling "trust" authentication for local connections
db-1     | initdb: hint: You can change this by editing pg_hba.conf or using the option -A, or --auth-local and --auth-host, the next time you run initdb.
db-1     | syncing data to disk ... ok
db-1     | 
db-1     | 
db-1     | Success. You can now start the database server using:
db-1     | 
db-1     |     pg_ctl -D /var/lib/postgresql/data -l logfile start
db-1     | 
db-1     | waiting for server to start....2024-02-19 12:14:59.404 UTC [36] LOG:  starting PostgreSQL 16.2 on x86_64-pc-linux-musl, compiled by gcc (Alpine 13.2.1_git20231014) 13.2.1 20231014, 64-bit
db-1     | 2024-02-19 12:14:59.407 UTC [36] LOG:  listening on Unix socket "/var/run/postgresql/.s.PGSQL.5432"
db-1     | 2024-02-19 12:14:59.420 UTC [39] LOG:  database system was shut down at 2024-02-19 12:14:58 UTC
db-1     | 2024-02-19 12:14:59.427 UTC [36] LOG:  database system is ready to accept connections
db-1     |  done
db-1     | server started
db-1     | CREATE DATABASE
db-1     | 
db-1     | 
db-1     | /usr/local/bin/docker-entrypoint.sh: running /docker-entrypoint-initdb.d/init.sql
db-1     | CREATE TABLE
db-1     | CREATE TABLE
db-1     | CREATE INDEX
db-1     | CREATE INDEX
db-1     | INSERT 0 5
db-1     | 
db-1     | 
db-1     | /usr/local/bin/docker-entrypoint.sh: ignoring /docker-entrypoint-initdb.d/postgresql.conf
db-1     | 
db-1     | waiting for server to shut down....2024-02-19 12:14:59.628 UTC [36] LOG:  received fast shutdown request
db-1     | 2024-02-19 12:14:59.631 UTC [36] LOG:  aborting any active transactions
db-1     | 2024-02-19 12:14:59.634 UTC [36] LOG:  background worker "logical replication launcher" (PID 42) exited with exit code 1
db-1     | 2024-02-19 12:14:59.634 UTC [37] LOG:  shutting down
db-1     | 2024-02-19 12:14:59.636 UTC [37] LOG:  checkpoint starting: shutdown immediate
api01-1  | db:5432 - no response
api02-1  | db:5432 - no response
db-1     | 2024-02-19 12:15:00.149 UTC [37] LOG:  checkpoint complete: wrote 944 buffers (5.8%); 0 WAL file(s) added, 0 removed, 0 recycled; write=0.391 s, sync=0.101 s, total=0.516 s; sync files=313, longest=0.064 s, average=0.001 s; distance=4299 kB, estimate=4299 kB; lsn=0/19230D0, redo lsn=0/19230D0
db-1     | 2024-02-19 12:15:00.155 UTC [36] LOG:  database system is shut down
nginx-1  | 2024/02/19 12:15:00 [error] 29#29: *1 connect() failed (111: Connection refused) while connecting to upstream, client: 192.168.64.1, server: , request: "GET /clientes/1/extrato HTTP/1.1", upstream: "http://192.168.64.4:8080/clientes/1/extrato", host: "localhost:9999"
nginx-1  | 2024/02/19 12:15:00 [error] 29#29: *1 connect() failed (111: Connection refused) while connecting to upstream, client: 192.168.64.1, server: , request: "GET /clientes/1/extrato HTTP/1.1", upstream: "http://192.168.64.3:8080/clientes/1/extrato", host: "localhost:9999"
db-1     |  done
db-1     | server stopped
db-1     | 
db-1     | PostgreSQL init process complete; ready for start up.
db-1     | 
db-1     | 2024-02-19 12:15:00.254 UTC [1] LOG:  starting PostgreSQL 16.2 on x86_64-pc-linux-musl, compiled by gcc (Alpine 13.2.1_git20231014) 13.2.1 20231014, 64-bit
db-1     | 2024-02-19 12:15:00.254 UTC [1] LOG:  listening on IPv4 address "0.0.0.0", port 5432
db-1     | 2024-02-19 12:15:00.254 UTC [1] LOG:  listening on IPv6 address "::", port 5432
db-1     | 2024-02-19 12:15:00.260 UTC [1] LOG:  listening on Unix socket "/var/run/postgresql/.s.PGSQL.5432"
db-1     | 2024-02-19 12:15:00.269 UTC [54] LOG:  database system was shut down at 2024-02-19 12:15:00 UTC
db-1     | 2024-02-19 12:15:00.280 UTC [1] LOG:  database system is ready to accept connections
api01-1  | db:5432 - accepting connections
api02-1  | db:5432 - accepting connections
nginx-1  | 2024/02/19 12:15:02 [error] 29#29: *4 no live upstreams while connecting to upstream, client: 192.168.64.1, server: , request: "GET /clientes/1/extrato HTTP/1.1", upstream: "http://api/clientes/1/extrato", host: "localhost:9999"
nginx-1  | 2024/02/19 12:15:04 [error] 29#29: *5 no live upstreams while connecting to upstream, client: 192.168.64.1, server: , request: "GET /clientes/1/extrato HTTP/1.1", upstream: "http://api/clientes/1/extrato", host: "localhost:9999"
nginx-1  | 2024/02/19 12:15:06 [error] 29#29: *6 no live upstreams while connecting to upstream, client: 192.168.64.1, server: , request: "GET /clientes/1/extrato HTTP/1.1", upstream: "http://api/clientes/1/extrato", host: "localhost:9999"
nginx-1  | 2024/02/19 12:15:08 [error] 29#29: *7 no live upstreams while connecting to upstream, client: 192.168.64.1, server: , request: "GET /clientes/1/extrato HTTP/1.1", upstream: "http://api/clientes/1/extrato", host: "localhost:9999"
nginx-1  | 2024/02/19 12:15:10 [error] 29#29: *8 no live upstreams while connecting to upstream, client: 192.168.64.1, server: , request: "GET /clientes/1/extrato HTTP/1.1", upstream: "http://api/clientes/1/extrato", host: "localhost:9999"
nginx-1 exited with code 0
nginx-1 exited with code 0
api02-1 exited with code 0
api02-1 exited with code 137
api01-1 exited with code 0
api01-1 exited with code 137
db-1     | 2024-02-19 12:19:37.286 UTC [1] LOG:  received fast shutdown request
db-1     | 2024-02-19 12:19:37.295 UTC [1] LOG:  aborting any active transactions
db-1     | 2024-02-19 12:19:37.298 UTC [1] LOG:  background worker "logical replication launcher" (PID 57) exited with exit code 1
db-1     | 2024-02-19 12:19:37.298 UTC [52] LOG:  shutting down
db-1     | 2024-02-19 12:19:37.301 UTC [52] LOG:  checkpoint starting: shutdown immediate
db-1     | 2024-02-19 12:19:37.408 UTC [52] LOG:  checkpoint complete: wrote 569 buffers (3.5%); 0 WAL file(s) added, 0 removed, 0 recycled; write=0.012 s, sync=0.085 s, total=0.110 s; sync files=27, longest=0.079 s, average=0.004 s; distance=3951 kB, estimate=3951 kB; lsn=0/1CFED58, redo lsn=0/1CFED58
db-1     | 2024-02-19 12:19:37.413 UTC [1] LOG:  database system is shut down
db-1 exited with code 0
