 Network rinha-net  Creating
 Network rinha-net  Created
 Container olukkas-db-1  Creating
 Container olukkas-db-1  Created
 Container olukkas-app1-1  Creating
 Container olukkas-app2-1  Creating
 Container olukkas-app2-1  Created
 Container olukkas-app1-1  Created
 Container olukkas-nginx-1  Creating
 Container olukkas-nginx-1  Created
Attaching to app1-1, app2-1, db-1, nginx-1
db-1     | The files belonging to this database system will be owned by user "postgres".
db-1     | This user must also own the server process.
db-1     | 
db-1     | The database cluster will be initialized with locale "en_US.utf8".
db-1     | The default database encoding has accordingly been set to "UTF8".
db-1     | The default text search configuration will be set to "english".
db-1     | 
db-1     | Data page checksums are disabled.
db-1     | 
db-1     | fixing permissions on existing directory /var/lib/postgresql/data ... ok
db-1     | creating subdirectories ... ok
db-1     | selecting default max_connections ... 100
db-1     | selecting default shared_buffers ... 128MB
db-1     | selecting default timezone ... Etc/UTC
db-1     | selecting dynamic shared memory implementation ... posix
db-1     | creating configuration files ... ok
app2-1   | listening on port: 3000
app1-1   | listening on port: 3000
db-1     | creating template1 database in /var/lib/postgresql/data/base/1 ... ok
db-1     | initializing pg_authid ... ok
db-1     | setting password ... ok
db-1     | initializing dependencies ... ok
db-1     | creating system views ... ok
nginx-1  | /docker-entrypoint.sh: /docker-entrypoint.d/ is not empty, will attempt to perform configuration
nginx-1  | /docker-entrypoint.sh: Looking for shell scripts in /docker-entrypoint.d/
nginx-1  | /docker-entrypoint.sh: Launching /docker-entrypoint.d/10-listen-on-ipv6-by-default.sh
nginx-1  | 10-listen-on-ipv6-by-default.sh: info: Getting the checksum of /etc/nginx/conf.d/default.conf
nginx-1  | 10-listen-on-ipv6-by-default.sh: info: Enabled listen on IPv6 in /etc/nginx/conf.d/default.conf
nginx-1  | /docker-entrypoint.sh: Sourcing /docker-entrypoint.d/15-local-resolvers.envsh
nginx-1  | /docker-entrypoint.sh: Launching /docker-entrypoint.d/20-envsubst-on-templates.sh
nginx-1  | /docker-entrypoint.sh: Launching /docker-entrypoint.d/30-tune-worker-processes.sh
nginx-1  | /docker-entrypoint.sh: Configuration complete; ready for start up
db-1     | loading system objects' descriptions ... ok
db-1     | creating collations ... ok
db-1     | creating conversions ... ok
db-1     | creating dictionaries ... ok
db-1     | setting privileges on built-in objects ... ok
db-1     | creating information schema ... ok
db-1     | loading PL/pgSQL server-side language ... ok
db-1     | vacuuming database template1 ... ok
db-1     | copying template1 to template0 ... ok
db-1     | copying template1 to postgres ... ok
db-1     | syncing data to disk ... ok
db-1     | 
db-1     | Success. You can now start the database server using:
db-1     | 
db-1     |     postgres -D /var/lib/postgresql/data
db-1     | or
db-1     |     pg_ctl -D /var/lib/postgresql/data -l logfile start
db-1     | 
db-1     | 
db-1     | WARNING: enabling "trust" authentication for local connections
db-1     | You can change this by editing pg_hba.conf or using the option -A, or
db-1     | --auth-local and --auth-host, the next time you run initdb.
db-1     | waiting for server to start....LOG:  database system was shut down at 2024-02-19 14:56:01 UTC
db-1     | LOG:  MultiXact member wraparound protections are now enabled
db-1     | LOG:  autovacuum launcher started
db-1     | LOG:  database system is ready to accept connections
db-1     |  done
db-1     | server started
app1-1   | 2024/02/19 14:56:03 "GET http://api/clientes/1/extrato HTTP/1.0" from 172.19.0.5:33438 - 500 54B in 1.031162ms
db-1     | CREATE DATABASE
db-1     | 
db-1     | 
db-1     | /usr/local/bin/docker-entrypoint.sh: running /docker-entrypoint-initdb.d/init.sql
db-1     | CREATE TABLE
db-1     | CREATE TABLE
db-1     | INSERT 0 5
db-1     | 
db-1     | 
db-1     | LOG:  received fast shutdown request
db-1     | waiting for server to shut down...LOG:  aborting any active transactions
db-1     | .LOG:  autovacuum launcher shutting down
db-1     | LOG:  shutting down
db-1     | LOG:  database system is shut down
db-1     |  done
db-1     | server stopped
db-1     | 
db-1     | PostgreSQL init process complete; ready for start up.
db-1     | 
db-1     | LOG:  database system was shut down at 2024-02-19 14:56:04 UTC
db-1     | LOG:  MultiXact member wraparound protections are now enabled
db-1     | LOG:  autovacuum launcher started
db-1     | LOG:  database system is ready to accept connections
app2-1   | 2024/02/19 14:56:05 "GET http://api/clientes/1/extrato HTTP/1.0" from 172.19.0.5:48064 - 200 112B in 5.672468ms
app1-1   | 2024/02/19 14:56:05 "GET http://api/clientes/1/extrato HTTP/1.0" from 172.19.0.5:33444 - 200 112B in 3.396028ms
app2-1   | 2024/02/19 14:56:10 "POST http://api/clientes/1/transacoes HTTP/1.0" from 172.19.0.5:45166 - 422 19B in 586.351µs
app2-1   | 2024/02/19 14:56:10 "POST http://api/clientes/1/transacoes HTTP/1.0" from 172.19.0.5:45176 - 422 19B in 841.991µs
app1-1   | 2024/02/19 14:56:10 "POST http://api/clientes/1/transacoes HTTP/1.0" from 172.19.0.5:51866 - 422 19B in 2.981454ms
app2-1   | 2024/02/19 14:56:10 "POST http://api/clientes/1/transacoes HTTP/1.0" from 172.19.0.5:45192 - 422 19B in 3.795993ms
app1-1   | 2024/02/19 14:56:10 "POST http://api/clientes/1/transacoes HTTP/1.0" from 172.19.0.5:51874 - 422 19B in 4.740205ms
app2-1   | 2024/02/19 14:56:10 "POST http://api/clientes/1/transacoes HTTP/1.0" from 172.19.0.5:45266 - 422 19B in 932.417µs
app2-1   | 2024/02/19 14:56:10 "POST http://api/clientes/1/transacoes HTTP/1.0" from 172.19.0.5:45284 - 422 19B in 443.249µs
app2-1   | 2024/02/19 14:56:10 "POST http://api/clientes/1/transacoes HTTP/1.0" from 172.19.0.5:45208 - 422 19B in 3.912828ms
app1-1   | 2024/02/19 14:56:10 "POST http://api/clientes/1/transacoes HTTP/1.0" from 172.19.0.5:51926 - 422 19B in 5.556307ms
app1-1   | 2024/02/19 14:56:10 "POST http://api/clientes/1/transacoes HTTP/1.0" from 172.19.0.5:51906 - 422 19B in 5.59225ms
app1-1   | 2024/02/19 14:56:10 "POST http://api/clientes/1/transacoes HTTP/1.0" from 172.19.0.5:51958 - 422 19B in 11.232362ms
app1-1   | 2024/02/19 14:56:10 "POST http://api/clientes/1/transacoes HTTP/1.0" from 172.19.0.5:51880 - 422 19B in 13.808525ms
app2-1   | 2024/02/19 14:56:10 "POST http://api/clientes/1/transacoes HTTP/1.0" from 172.19.0.5:45240 - 422 19B in 18.410926ms
app1-1   | 2024/02/19 14:56:10 "POST http://api/clientes/1/transacoes HTTP/1.0" from 172.19.0.5:51944 - 422 19B in 15.190448ms
app1-1   | 2024/02/19 14:56:10 "POST http://api/clientes/1/transacoes HTTP/1.0" from 172.19.0.5:51896 - 422 19B in 16.112944ms
app1-1   | 2024/02/19 14:56:10 "POST http://api/clientes/1/transacoes HTTP/1.0" from 172.19.0.5:51920 - 422 19B in 18.701882ms
app1-1   | 2024/02/19 14:56:10 "POST http://api/clientes/1/transacoes HTTP/1.0" from 172.19.0.5:51966 - 422 19B in 18.67355ms
app2-1   | 2024/02/19 14:56:10 "POST http://api/clientes/1/transacoes HTTP/1.0" from 172.19.0.5:45260 - 422 19B in 20.851242ms
app2-1   | 2024/02/19 14:56:10 "POST http://api/clientes/1/transacoes HTTP/1.0" from 172.19.0.5:45258 - 422 19B in 26.468454ms
app1-1   | 2024/02/19 14:56:10 "POST http://api/clientes/1/transacoes HTTP/1.0" from 172.19.0.5:51970 - 422 19B in 24.968908ms
app1-1   | 2024/02/19 14:56:10 "POST http://api/clientes/1/transacoes HTTP/1.0" from 172.19.0.5:51928 - 422 19B in 28.625181ms
app2-1   | 2024/02/19 14:56:10 "POST http://api/clientes/1/transacoes HTTP/1.0" from 172.19.0.5:45216 - 422 19B in 28.948796ms
app2-1   | 2024/02/19 14:56:10 "POST http://api/clientes/1/transacoes HTTP/1.0" from 172.19.0.5:45248 - 422 19B in 29.335429ms
app2-1   | 2024/02/19 14:56:10 "POST http://api/clientes/1/transacoes HTTP/1.0" from 172.19.0.5:45280 - 422 19B in 29.47615ms
app2-1   | 2024/02/19 14:56:10 "POST http://api/clientes/1/transacoes HTTP/1.0" from 172.19.0.5:45226 - 422 19B in 32.378434ms
app1-1   | 2024/02/19 14:56:11 "GET http://api/clientes/1/extrato HTTP/1.0" from 172.19.0.5:51986 - 200 110B in 953.432µs
app2-1   | 2024/02/19 14:56:12 "POST http://api/clientes/1/transacoes HTTP/1.0" from 172.19.0.5:45304 - 200 28B in 7.979193ms
app2-1   | 2024/02/19 14:56:12 "POST http://api/clientes/1/transacoes HTTP/1.0" from 172.19.0.5:45292 - 200 28B in 11.87187ms
app1-1   | 2024/02/19 14:56:12 "POST http://api/clientes/1/transacoes HTTP/1.0" from 172.19.0.5:51988 - 200 28B in 13.060284ms
app1-1   | 2024/02/19 14:56:12 "POST http://api/clientes/1/transacoes HTTP/1.0" from 172.19.0.5:51992 - 200 28B in 13.890429ms
app2-1   | 2024/02/19 14:56:12 "POST http://api/clientes/1/transacoes HTTP/1.0" from 172.19.0.5:45330 - 200 28B in 17.464482ms
app1-1   | 2024/02/19 14:56:12 "POST http://api/clientes/1/transacoes HTTP/1.0" from 172.19.0.5:52076 - 200 28B in 3.377478ms
app2-1   | 2024/02/19 14:56:12 "POST http://api/clientes/1/transacoes HTTP/1.0" from 172.19.0.5:45366 - 200 28B in 9.688787ms
app1-1   | 2024/02/19 14:56:12 "POST http://api/clientes/1/transacoes HTTP/1.0" from 172.19.0.5:52098 - 200 28B in 5.292988ms
app1-1   | 2024/02/19 14:56:12 "POST http://api/clientes/1/transacoes HTTP/1.0" from 172.19.0.5:52010 - 200 28B in 23.665656ms
app2-1   | 2024/02/19 14:56:12 "POST http://api/clientes/1/transacoes HTTP/1.0" from 172.19.0.5:45344 - 200 28B in 20.720647ms
app2-1   | 2024/02/19 14:56:12 "POST http://api/clientes/1/transacoes HTTP/1.0" from 172.19.0.5:45320 - 200 28B in 30.45456ms
app1-1   | 2024/02/19 14:56:12 "POST http://api/clientes/1/transacoes HTTP/1.0" from 172.19.0.5:52006 - 200 28B in 31.930194ms
app2-1   | 2024/02/19 14:56:12 "POST http://api/clientes/1/transacoes HTTP/1.0" from 172.19.0.5:45358 - 200 28B in 26.997788ms
app1-1   | 2024/02/19 14:56:12 "POST http://api/clientes/1/transacoes HTTP/1.0" from 172.19.0.5:52032 - 200 28B in 28.610377ms
app1-1   | 2024/02/19 14:56:12 "POST http://api/clientes/1/transacoes HTTP/1.0" from 172.19.0.5:52092 - 200 28B in 25.445433ms
app2-1   | 2024/02/19 14:56:12 "POST http://api/clientes/1/transacoes HTTP/1.0" from 172.19.0.5:45376 - 200 28B in 27.829424ms
app2-1   | 2024/02/19 14:56:12 "POST http://api/clientes/1/transacoes HTTP/1.0" from 172.19.0.5:45388 - 200 28B in 23.385664ms
app2-1   | 2024/02/19 14:56:12 "POST http://api/clientes/1/transacoes HTTP/1.0" from 172.19.0.5:45336 - 200 28B in 41.601115ms
app1-1   | 2024/02/19 14:56:12 "POST http://api/clientes/1/transacoes HTTP/1.0" from 172.19.0.5:52024 - 200 28B in 37.628123ms
app1-1   | 2024/02/19 14:56:12 "POST http://api/clientes/1/transacoes HTTP/1.0" from 172.19.0.5:52056 - 200 28B in 36.217893ms
app1-1   | 2024/02/19 14:56:12 "POST http://api/clientes/1/transacoes HTTP/1.0" from 172.19.0.5:52064 - 200 28B in 38.028532ms
app2-1   | 2024/02/19 14:56:12 "POST http://api/clientes/1/transacoes HTTP/1.0" from 172.19.0.5:45348 - 200 28B in 43.154106ms
app1-1   | 2024/02/19 14:56:12 "POST http://api/clientes/1/transacoes HTTP/1.0" from 172.19.0.5:52040 - 200 28B in 44.44537ms
app2-1   | 2024/02/19 14:56:12 "POST http://api/clientes/1/transacoes HTTP/1.0" from 172.19.0.5:45378 - 200 28B in 41.85787ms
app2-1   | 2024/02/19 14:56:12 "POST http://api/clientes/1/transacoes HTTP/1.0" from 172.19.0.5:45386 - 200 28B in 37.569745ms
app1-1   | 2024/02/19 14:56:13 "GET http://api/clientes/1/extrato HTTP/1.0" from 172.19.0.5:52110 - 200 1027B in 1.075154ms
app2-1   | 2024/02/19 14:56:14 "GET http://api/clientes/6/extrato HTTP/1.0" from 172.19.0.5:45394 - 404 27B in 526.573µs
app1-1   | 2024/02/19 14:56:14 "GET http://api/clientes/5/extrato HTTP/1.0" from 172.19.0.5:52118 - 200 112B in 806.6µs
app1-1   | 2024/02/19 14:56:14 "GET http://api/clientes/3/extrato HTTP/1.0" from 172.19.0.5:52124 - 200 113B in 1.665352ms
app1-1   | 2024/02/19 14:56:14 "GET http://api/clientes/1/extrato HTTP/1.0" from 172.19.0.5:52130 - 200 1028B in 1.267225ms
app2-1   | 2024/02/19 14:56:14 "GET http://api/clientes/2/extrato HTTP/1.0" from 172.19.0.5:45422 - 200 111B in 2.418482ms
app2-1   | 2024/02/19 14:56:14 "GET http://api/clientes/4/extrato HTTP/1.0" from 172.19.0.5:45408 - 200 114B in 3.673711ms
app1-1   | 2024/02/19 14:56:14 "POST http://api/clientes/4/transacoes HTTP/1.0" from 172.19.0.5:52136 - 200 30B in 3.42361ms
app2-1   | 2024/02/19 14:56:14 "POST http://api/clientes/2/transacoes HTTP/1.0" from 172.19.0.5:45436 - 200 27B in 4.632864ms
app2-1   | 2024/02/19 14:56:14 "POST http://api/clientes/3/transacoes HTTP/1.0" from 172.19.0.5:45426 - 200 29B in 5.479411ms
app1-1   | 2024/02/19 14:56:14 "POST http://api/clientes/5/transacoes HTTP/1.0" from 172.19.0.5:52138 - 200 28B in 4.619397ms
app2-1   | 2024/02/19 14:56:14 "POST http://api/clientes/1/transacoes HTTP/1.0" from 172.19.0.5:45450 - 200 28B in 6.386218ms
app1-1   | 2024/02/19 14:56:14 "POST http://api/clientes/4/transacoes HTTP/1.0" from 172.19.0.5:52154 - 200 30B in 2.449058ms
app1-1   | 2024/02/19 14:56:14 "POST http://api/clientes/5/transacoes HTTP/1.0" from 172.19.0.5:52166 - 200 28B in 3.376618ms
app2-1   | 2024/02/19 14:56:14 "POST http://api/clientes/2/transacoes HTTP/1.0" from 172.19.0.5:45462 - 200 27B in 4.099132ms
app2-1   | 2024/02/19 14:56:14 "GET http://api/clientes/4/extrato HTTP/1.0" from 172.19.0.5:45470 - 200 288B in 609.324µs
app1-1   | 2024/02/19 14:56:14 "POST http://api/clientes/3/transacoes HTTP/1.0" from 172.19.0.5:52182 - 200 29B in 3.386215ms
app2-1   | 2024/02/19 14:56:14 "POST http://api/clientes/1/transacoes HTTP/1.0" from 172.19.0.5:45468 - 200 28B in 4.433559ms
app2-1   | 2024/02/19 14:56:14 "GET http://api/clientes/2/extrato HTTP/1.0" from 172.19.0.5:45474 - 200 285B in 763.891µs
app1-1   | 2024/02/19 14:56:14 "GET http://api/clientes/3/extrato HTTP/1.0" from 172.19.0.5:52206 - 200 287B in 852.086µs
app2-1   | 2024/02/19 14:56:14 "GET http://api/clientes/1/extrato HTTP/1.0" from 172.19.0.5:45490 - 200 1021B in 1.398551ms
app1-1   | 2024/02/19 14:56:14 "GET http://api/clientes/5/extrato HTTP/1.0" from 172.19.0.5:52192 - 200 286B in 4.775047ms
app2-1   | 2024/02/19 14:56:14 "POST http://api/clientes/2/transacoes HTTP/1.0" from 172.19.0.5:45508 - 200 27B in 3.786414ms
app1-1   | 2024/02/19 14:56:14 "POST http://api/clientes/4/transacoes HTTP/1.0" from 172.19.0.5:52212 - 200 30B in 5.917322ms
app1-1   | 2024/02/19 14:56:14 "POST http://api/clientes/3/transacoes HTTP/1.0" from 172.19.0.5:52216 - 200 29B in 5.488246ms
app2-1   | 2024/02/19 14:56:14 "POST http://api/clientes/5/transacoes HTTP/1.0" from 172.19.0.5:45498 - 200 28B in 5.51484ms
app1-1   | 2024/02/19 14:56:14 "POST http://api/clientes/1/transacoes HTTP/1.0" from 172.19.0.5:52232 - 200 28B in 8.729026ms
app2-1   | 2024/02/19 14:56:14 "GET http://api/clientes/5/extrato HTTP/1.0" from 172.19.0.5:45520 - 200 375B in 723.596µs
app1-1   | 2024/02/19 14:56:14 "GET http://api/clientes/3/extrato HTTP/1.0" from 172.19.0.5:52246 - 200 376B in 768.374µs
app1-1   | 2024/02/19 14:56:14 "GET http://api/clientes/2/extrato HTTP/1.0" from 172.19.0.5:52248 - 200 374B in 684.175µs
app2-1   | 2024/02/19 14:56:14 "GET http://api/clientes/1/extrato HTTP/1.0" from 172.19.0.5:45512 - 200 1018B in 1.747708ms
app2-1   | 2024/02/19 14:56:14 "GET http://api/clientes/4/extrato HTTP/1.0" from 172.19.0.5:45524 - 200 376B in 859.711µs
app1-1   | 2024/02/19 14:56:14 "GET http://api/clientes/5/extrato HTTP/1.0" from 172.19.0.5:52262 - 200 375B in 538.197µs
app2-1   | 2024/02/19 14:56:14 "GET http://api/clientes/3/extrato HTTP/1.0" from 172.19.0.5:45536 - 200 376B in 634.272µs
app1-1   | 2024/02/19 14:56:14 "GET http://api/clientes/3/extrato HTTP/1.0" from 172.19.0.5:52278 - 200 376B in 486.345µs
app2-1   | 2024/02/19 14:56:14 "GET http://api/clientes/3/extrato HTTP/1.0" from 172.19.0.5:45550 - 200 375B in 659.592µs
app1-1   | 2024/02/19 14:56:14 "GET http://api/clientes/4/extrato HTTP/1.0" from 172.19.0.5:52286 - 200 375B in 678.114µs
app2-1   | 2024/02/19 14:56:14 "GET http://api/clientes/4/extrato HTTP/1.0" from 172.19.0.5:45566 - 200 376B in 458.02µs
app1-1   | 2024/02/19 14:56:14 "GET http://api/clientes/4/extrato HTTP/1.0" from 172.19.0.5:52300 - 200 376B in 644.309µs
app1-1   | 2024/02/19 14:56:14 "GET http://api/clientes/2/extrato HTTP/1.0" from 172.19.0.5:52316 - 200 374B in 708.911µs
app2-1   | 2024/02/19 14:56:14 "GET http://api/clientes/2/extrato HTTP/1.0" from 172.19.0.5:45588 - 200 374B in 455.025µs
app2-1   | 2024/02/19 14:56:14 "GET http://api/clientes/2/extrato HTTP/1.0" from 172.19.0.5:45580 - 200 374B in 1.638394ms
app1-1   | 2024/02/19 14:56:14 "GET http://api/clientes/5/extrato HTTP/1.0" from 172.19.0.5:52332 - 200 375B in 708.577µs
app2-1   | 2024/02/19 14:56:14 "GET http://api/clientes/1/extrato HTTP/1.0" from 172.19.0.5:45590 - 200 1018B in 692.015µs
app2-1   | 2024/02/19 14:56:14 "POST http://api/clientes/2/transacoes HTTP/1.0" from 172.19.0.5:45592 - 400 85B in 355.278µs
app1-1   | 2024/02/19 14:56:14 "GET http://api/clientes/1/extrato HTTP/1.0" from 172.19.0.5:52364 - 200 1018B in 771.724µs
app1-1   | 2024/02/19 14:56:14 "GET http://api/clientes/1/extrato HTTP/1.0" from 172.19.0.5:52348 - 200 1018B in 1.872724ms
app1-1   | 2024/02/19 14:56:14 "POST http://api/clientes/3/transacoes HTTP/1.0" from 172.19.0.5:52368 - 400 85B in 276.706µs
app2-1   | 2024/02/19 14:56:14 "GET http://api/clientes/5/extrato HTTP/1.0" from 172.19.0.5:45604 - 200 375B in 589.641µs
app2-1   | 2024/02/19 14:56:14 "POST http://api/clientes/4/transacoes HTTP/1.0" from 172.19.0.5:45608 - 400 85B in 331.017µs
app1-1   | 2024/02/19 14:56:14 "POST http://api/clientes/3/transacoes HTTP/1.0" from 172.19.0.5:52372 - 400 32B in 283.666µs
app2-1   | 2024/02/19 14:56:14 "POST http://api/clientes/2/transacoes HTTP/1.0" from 172.19.0.5:45616 - 400 32B in 338.806µs
app1-1   | 2024/02/19 14:56:14 "POST http://api/clientes/4/transacoes HTTP/1.0" from 172.19.0.5:52386 - 400 32B in 259.386µs
app2-1   | 2024/02/19 14:56:14 "POST http://api/clientes/5/transacoes HTTP/1.0" from 172.19.0.5:45620 - 400 85B in 374.817µs
app1-1   | 2024/02/19 14:56:14 "POST http://api/clientes/4/transacoes HTTP/1.0" from 172.19.0.5:52400 - 400 63B in 329.346µs
app2-1   | 2024/02/19 14:56:14 "POST http://api/clientes/3/transacoes HTTP/1.0" from 172.19.0.5:45624 - 400 63B in 329.117µs
app1-1   | 2024/02/19 14:56:14 "POST http://api/clientes/2/transacoes HTTP/1.0" from 172.19.0.5:52406 - 400 63B in 287.543µs
app1-1   | 2024/02/19 14:56:14 "POST http://api/clientes/2/transacoes HTTP/1.0" from 172.19.0.5:52416 - 400 43B in 337.562µs
app2-1   | 2024/02/19 14:56:14 "POST http://api/clientes/3/transacoes HTTP/1.0" from 172.19.0.5:45640 - 400 43B in 330.516µs
app2-1   | 2024/02/19 14:56:14 "POST http://api/clientes/4/transacoes HTTP/1.0" from 172.19.0.5:45646 - 400 43B in 346.535µs
app1-1   | 2024/02/19 14:56:14 "POST http://api/clientes/5/transacoes HTTP/1.0" from 172.19.0.5:52426 - 400 32B in 256.291µs
app2-1   | 2024/02/19 14:56:14 "POST http://api/clientes/3/transacoes HTTP/1.0" from 172.19.0.5:45660 - 400 43B in 312.874µs
app1-1   | 2024/02/19 14:56:14 "POST http://api/clientes/2/transacoes HTTP/1.0" from 172.19.0.5:52438 - 400 43B in 278.348µs
app2-1   | 2024/02/19 14:56:14 "POST http://api/clientes/4/transacoes HTTP/1.0" from 172.19.0.5:45662 - 400 43B in 321.488µs
app1-1   | 2024/02/19 14:56:14 "POST http://api/clientes/5/transacoes HTTP/1.0" from 172.19.0.5:52446 - 400 63B in 253.223µs
app2-1   | 2024/02/19 14:56:14 "POST http://api/clientes/5/transacoes HTTP/1.0" from 172.19.0.5:45672 - 400 43B in 393.432µs
app1-1   | 2024/02/19 14:56:14 "POST http://api/clientes/1/transacoes HTTP/1.0" from 172.19.0.5:52456 - 400 85B in 502.541µs
app2-1   | 2024/02/19 14:56:14 "POST http://api/clientes/1/transacoes HTTP/1.0" from 172.19.0.5:45674 - 400 32B in 354.041µs
app1-1   | 2024/02/19 14:56:14 "POST http://api/clientes/5/transacoes HTTP/1.0" from 172.19.0.5:52464 - 400 43B in 279.248µs
app2-1   | 2024/02/19 14:56:14 "POST http://api/clientes/1/transacoes HTTP/1.0" from 172.19.0.5:45682 - 400 63B in 359.575µs
app1-1   | 2024/02/19 14:56:14 "POST http://api/clientes/1/transacoes HTTP/1.0" from 172.19.0.5:52480 - 400 43B in 348.136µs
app2-1   | 2024/02/19 14:56:14 "POST http://api/clientes/1/transacoes HTTP/1.0" from 172.19.0.5:45686 - 400 43B in 349.701µs
app1-1   | 2024/02/19 14:56:15 "GET http://api/clientes/4/extrato HTTP/1.0" from 172.19.0.5:52484 - 200 376B in 1.276457ms
app1-1   | 2024/02/19 14:56:15 "POST http://api/clientes/2/transacoes HTTP/1.0" from 172.19.0.5:52488 - 422 19B in 256.212µs
app2-1   | 2024/02/19 14:56:15 "POST http://api/clientes/4/transacoes HTTP/1.0" from 172.19.0.5:45702 - 200 33B in 5.492098ms
app2-1   | 2024/02/19 14:56:16 "GET http://api/clientes/2/extrato HTTP/1.0" from 172.19.0.5:45708 - 200 374B in 1.030898ms
app1-1   | 2024/02/19 14:56:16 "POST http://api/clientes/3/transacoes HTTP/1.0" from 172.19.0.5:52492 - 200 32B in 3.833197ms
app2-1   | 2024/02/19 14:56:16 "POST http://api/clientes/4/transacoes HTTP/1.0" from 172.19.0.5:45714 - 200 33B in 4.309146ms
app1-1   | 2024/02/19 14:56:16 "POST http://api/clientes/4/transacoes HTTP/1.0" from 172.19.0.5:52496 - 422 19B in 490.309µs
app1-1   | 2024/02/19 14:56:17 "POST http://api/clientes/3/transacoes HTTP/1.0" from 172.19.0.5:52500 - 422 19B in 484.646µs
app2-1   | 2024/02/19 14:56:17 "POST http://api/clientes/5/transacoes HTTP/1.0" from 172.19.0.5:45718 - 200 31B in 3.27904ms
app2-1   | 2024/02/19 14:56:17 "POST http://api/clientes/1/transacoes HTTP/1.0" from 172.19.0.5:45728 - 422 19B in 424.095µs
app1-1   | 2024/02/19 14:56:17 "GET http://api/clientes/1/extrato HTTP/1.0" from 172.19.0.5:52502 - 200 1018B in 4.168646ms
app1-1   | 2024/02/19 14:56:17 "POST http://api/clientes/5/transacoes HTTP/1.0" from 172.19.0.5:52518 - 200 32B in 5.092579ms
app2-1   | 2024/02/19 14:56:17 "POST http://api/clientes/5/transacoes HTTP/1.0" from 172.19.0.5:45732 - 200 31B in 7.513553ms
app2-1   | 2024/02/19 14:56:17 "POST http://api/clientes/2/transacoes HTTP/1.0" from 172.19.0.5:45748 - 422 19B in 456.993µs
app1-1   | 2024/02/19 14:56:17 "POST http://api/clientes/4/transacoes HTTP/1.0" from 172.19.0.5:52522 - 200 33B in 2.533339ms
app2-1   | 2024/02/19 14:56:18 "POST http://api/clientes/2/transacoes HTTP/1.0" from 172.19.0.5:45760 - 422 19B in 404.341µs
app1-1   | 2024/02/19 14:56:18 "POST http://api/clientes/2/transacoes HTTP/1.0" from 172.19.0.5:52524 - 422 19B in 478.197µs
app2-1   | 2024/02/19 14:56:18 "POST http://api/clientes/3/transacoes HTTP/1.0" from 172.19.0.5:45768 - 200 32B in 2.688847ms
app1-1   | 2024/02/19 14:56:18 "POST http://api/clientes/3/transacoes HTTP/1.0" from 172.19.0.5:52538 - 200 32B in 2.806352ms
app2-1   | 2024/02/19 14:56:18 "POST http://api/clientes/2/transacoes HTTP/1.0" from 172.19.0.5:45776 - 200 30B in 2.706225ms
app1-1   | 2024/02/19 14:56:18 "POST http://api/clientes/1/transacoes HTTP/1.0" from 172.19.0.5:52540 - 422 19B in 887.162µs
app1-1   | 2024/02/19 14:56:18 "GET http://api/clientes/1/extrato HTTP/1.0" from 172.19.0.5:52546 - 200 1018B in 957.686µs
app2-1   | 2024/02/19 14:56:18 "POST http://api/clientes/2/transacoes HTTP/1.0" from 172.19.0.5:45798 - 200 29B in 3.018931ms
app2-1   | 2024/02/19 14:56:18 "POST http://api/clientes/5/transacoes HTTP/1.0" from 172.19.0.5:45790 - 200 32B in 5.449054ms
app1-1   | 2024/02/19 14:56:18 "POST http://api/clientes/5/transacoes HTTP/1.0" from 172.19.0.5:52550 - 200 31B in 2.832467ms
app2-1   | 2024/02/19 14:56:18 "POST http://api/clientes/2/transacoes HTTP/1.0" from 172.19.0.5:41314 - 200 30B in 2.672086ms
app1-1   | 2024/02/19 14:56:18 "POST http://api/clientes/1/transacoes HTTP/1.0" from 172.19.0.5:43140 - 422 19B in 445.749µs
app2-1   | 2024/02/19 14:56:19 "POST http://api/clientes/3/transacoes HTTP/1.0" from 172.19.0.5:41320 - 422 19B in 415.652µs
app1-1   | 2024/02/19 14:56:19 "POST http://api/clientes/5/transacoes HTTP/1.0" from 172.19.0.5:43154 - 200 32B in 2.740202ms
app2-1   | 2024/02/19 14:56:19 "POST http://api/clientes/2/transacoes HTTP/1.0" from 172.19.0.5:41324 - 200 30B in 2.73796ms
app1-1   | 2024/02/19 14:56:19 "POST http://api/clientes/4/transacoes HTTP/1.0" from 172.19.0.5:43166 - 200 34B in 2.615684ms
app2-1   | 2024/02/19 14:56:19 "POST http://api/clientes/2/transacoes HTTP/1.0" from 172.19.0.5:41334 - 200 30B in 2.66072ms
app1-1   | 2024/02/19 14:56:19 "POST http://api/clientes/2/transacoes HTTP/1.0" from 172.19.0.5:43170 - 200 30B in 2.719414ms
app1-1   | 2024/02/19 14:56:19 "POST http://api/clientes/3/transacoes HTTP/1.0" from 172.19.0.5:43182 - 422 19B in 502.678µs
app2-1   | 2024/02/19 14:56:19 "GET http://api/clientes/1/extrato HTTP/1.0" from 172.19.0.5:41346 - 200 1018B in 989.146µs
app2-1   | 2024/02/19 14:56:19 "POST http://api/clientes/4/transacoes HTTP/1.0" from 172.19.0.5:41350 - 200 33B in 2.635614ms
app1-1   | 2024/02/19 14:56:19 "POST http://api/clientes/3/transacoes HTTP/1.0" from 172.19.0.5:43196 - 200 31B in 3.044507ms
app2-1   | 2024/02/19 14:56:19 "POST http://api/clientes/4/transacoes HTTP/1.0" from 172.19.0.5:41352 - 200 34B in 2.305443ms
app1-1   | 2024/02/19 14:56:19 "POST http://api/clientes/4/transacoes HTTP/1.0" from 172.19.0.5:43210 - 200 34B in 2.6608ms
app2-1   | 2024/02/19 14:56:20 "POST http://api/clientes/4/transacoes HTTP/1.0" from 172.19.0.5:41356 - 200 33B in 2.703374ms
app1-1   | 2024/02/19 14:56:20 "POST http://api/clientes/5/transacoes HTTP/1.0" from 172.19.0.5:43222 - 200 32B in 2.408841ms
app2-1   | 2024/02/19 14:56:20 "POST http://api/clientes/2/transacoes HTTP/1.0" from 172.19.0.5:41370 - 200 31B in 2.432839ms
app1-1   | 2024/02/19 14:56:20 "POST http://api/clientes/5/transacoes HTTP/1.0" from 172.19.0.5:43234 - 200 32B in 3.037397ms
app2-1   | 2024/02/19 14:56:20 "POST http://api/clientes/2/transacoes HTTP/1.0" from 172.19.0.5:41374 - 200 30B in 2.750045ms
app1-1   | 2024/02/19 14:56:20 "POST http://api/clientes/3/transacoes HTTP/1.0" from 172.19.0.5:43244 - 422 19B in 428.995µs
app2-1   | 2024/02/19 14:56:20 "POST http://api/clientes/1/transacoes HTTP/1.0" from 172.19.0.5:41388 - 422 19B in 437.46µs
app1-1   | 2024/02/19 14:56:20 "POST http://api/clientes/1/transacoes HTTP/1.0" from 172.19.0.5:43260 - 200 31B in 2.304783ms
app2-1   | 2024/02/19 14:56:20 "POST http://api/clientes/1/transacoes HTTP/1.0" from 172.19.0.5:41394 - 200 31B in 2.496308ms
app1-1   | 2024/02/19 14:56:20 "GET http://api/clientes/1/extrato HTTP/1.0" from 172.19.0.5:43268 - 200 1029B in 802.473µs
app2-1   | 2024/02/19 14:56:20 "POST http://api/clientes/3/transacoes HTTP/1.0" from 172.19.0.5:41410 - 200 32B in 2.841599ms
app1-1   | 2024/02/19 14:56:20 "POST http://api/clientes/2/transacoes HTTP/1.0" from 172.19.0.5:43274 - 200 31B in 2.475566ms
app2-1   | 2024/02/19 14:56:20 "POST http://api/clientes/3/transacoes HTTP/1.0" from 172.19.0.5:41426 - 422 19B in 393.346µs
app1-1   | 2024/02/19 14:56:20 "POST http://api/clientes/1/transacoes HTTP/1.0" from 172.19.0.5:43278 - 200 31B in 5.59138ms
app2-1   | 2024/02/19 14:56:20 "POST http://api/clientes/5/transacoes HTTP/1.0" from 172.19.0.5:41438 - 200 31B in 3.384849ms
app1-1   | 2024/02/19 14:56:20 "POST http://api/clientes/5/transacoes HTTP/1.0" from 172.19.0.5:43282 - 200 31B in 3.039452ms
app2-1   | 2024/02/19 14:56:21 "POST http://api/clientes/5/transacoes HTTP/1.0" from 172.19.0.5:41448 - 200 31B in 2.516143ms
app1-1   | 2024/02/19 14:56:21 "POST http://api/clientes/1/transacoes HTTP/1.0" from 172.19.0.5:43298 - 200 32B in 3.304951ms
app2-1   | 2024/02/19 14:56:21 "POST http://api/clientes/1/transacoes HTTP/1.0" from 172.19.0.5:41450 - 422 19B in 477.764µs
app2-1   | 2024/02/19 14:56:21 "GET http://api/clientes/3/extrato HTTP/1.0" from 172.19.0.5:41462 - 200 857B in 1.22283ms
app1-1   | 2024/02/19 14:56:21 "POST http://api/clientes/5/transacoes HTTP/1.0" from 172.19.0.5:43300 - 200 31B in 2.746333ms
app1-1   | 2024/02/19 14:56:21 "POST http://api/clientes/1/transacoes HTTP/1.0" from 172.19.0.5:43308 - 422 19B in 447.1µs
app2-1   | 2024/02/19 14:56:21 "POST http://api/clientes/5/transacoes HTTP/1.0" from 172.19.0.5:41470 - 200 31B in 2.80945ms
app1-1   | 2024/02/19 14:56:21 "POST http://api/clientes/2/transacoes HTTP/1.0" from 172.19.0.5:43320 - 200 31B in 2.585082ms
app2-1   | 2024/02/19 14:56:21 "POST http://api/clientes/5/transacoes HTTP/1.0" from 172.19.0.5:41472 - 200 31B in 2.469693ms
app1-1   | 2024/02/19 14:56:21 "POST http://api/clientes/2/transacoes HTTP/1.0" from 172.19.0.5:43328 - 200 30B in 2.370677ms
app2-1   | 2024/02/19 14:56:21 "POST http://api/clientes/3/transacoes HTTP/1.0" from 172.19.0.5:41484 - 200 32B in 2.367362ms
app1-1   | 2024/02/19 14:56:21 "POST http://api/clientes/5/transacoes HTTP/1.0" from 172.19.0.5:43336 - 422 19B in 507.917µs
app1-1   | 2024/02/19 14:56:21 "GET http://api/clientes/1/extrato HTTP/1.0" from 172.19.0.5:43348 - 200 1039B in 992.987µs
app2-1   | 2024/02/19 14:56:21 "POST http://api/clientes/5/transacoes HTTP/1.0" from 172.19.0.5:41496 - 200 32B in 3.97514ms
app2-1   | 2024/02/19 14:56:21 "POST http://api/clientes/2/transacoes HTTP/1.0" from 172.19.0.5:41510 - 200 30B in 4.089333ms
app1-1   | 2024/02/19 14:56:21 "POST http://api/clientes/4/transacoes HTTP/1.0" from 172.19.0.5:43358 - 422 19B in 509.523µs
app2-1   | 2024/02/19 14:56:21 "POST http://api/clientes/3/transacoes HTTP/1.0" from 172.19.0.5:41516 - 200 32B in 2.61714ms
app1-1   | 2024/02/19 14:56:21 "POST http://api/clientes/1/transacoes HTTP/1.0" from 172.19.0.5:43372 - 422 19B in 389.981µs
app2-1   | 2024/02/19 14:56:21 "POST http://api/clientes/2/transacoes HTTP/1.0" from 172.19.0.5:41518 - 422 19B in 382.283µs
app1-1   | 2024/02/19 14:56:21 "POST http://api/clientes/3/transacoes HTTP/1.0" from 172.19.0.5:43382 - 200 33B in 2.653828ms
app2-1   | 2024/02/19 14:56:22 "POST http://api/clientes/4/transacoes HTTP/1.0" from 172.19.0.5:41522 - 200 32B in 2.795217ms
app1-1   | 2024/02/19 14:56:22 "POST http://api/clientes/1/transacoes HTTP/1.0" from 172.19.0.5:43394 - 422 19B in 541.616µs
app2-1   | 2024/02/19 14:56:22 "POST http://api/clientes/4/transacoes HTTP/1.0" from 172.19.0.5:41532 - 200 33B in 2.809069ms
app1-1   | 2024/02/19 14:56:22 "POST http://api/clientes/4/transacoes HTTP/1.0" from 172.19.0.5:43404 - 200 33B in 3.352341ms
app2-1   | 2024/02/19 14:56:22 "POST http://api/clientes/1/transacoes HTTP/1.0" from 172.19.0.5:41536 - 422 19B in 484.824µs
app1-1   | 2024/02/19 14:56:22 "POST http://api/clientes/4/transacoes HTTP/1.0" from 172.19.0.5:43408 - 200 34B in 2.32095ms
app2-1   | 2024/02/19 14:56:22 "POST http://api/clientes/4/transacoes HTTP/1.0" from 172.19.0.5:41548 - 200 34B in 2.445108ms
app1-1   | 2024/02/19 14:56:22 "POST http://api/clientes/1/transacoes HTTP/1.0" from 172.19.0.5:43410 - 422 19B in 428.457µs
app2-1   | 2024/02/19 14:56:22 "POST http://api/clientes/5/transacoes HTTP/1.0" from 172.19.0.5:41564 - 200 32B in 2.684605ms
app1-1   | 2024/02/19 14:56:22 "POST http://api/clientes/2/transacoes HTTP/1.0" from 172.19.0.5:43414 - 422 19B in 442.792µs
app2-1   | 2024/02/19 14:56:22 "POST http://api/clientes/5/transacoes HTTP/1.0" from 172.19.0.5:41568 - 200 31B in 2.459987ms
app1-1   | 2024/02/19 14:56:22 "POST http://api/clientes/1/transacoes HTTP/1.0" from 172.19.0.5:43420 - 200 31B in 2.617433ms
app2-1   | 2024/02/19 14:56:22 "POST http://api/clientes/4/transacoes HTTP/1.0" from 172.19.0.5:41572 - 200 33B in 2.53691ms
app1-1   | 2024/02/19 14:56:22 "GET http://api/clientes/5/extrato HTTP/1.0" from 172.19.0.5:43424 - 200 1068B in 826.196µs
app1-1   | 2024/02/19 14:56:22 "POST http://api/clientes/5/transacoes HTTP/1.0" from 172.19.0.5:43436 - 200 31B in 2.494782ms
app2-1   | 2024/02/19 14:56:22 "POST http://api/clientes/4/transacoes HTTP/1.0" from 172.19.0.5:41580 - 200 33B in 3.692185ms
app2-1   | 2024/02/19 14:56:22 "POST http://api/clientes/5/transacoes HTTP/1.0" from 172.19.0.5:41596 - 200 31B in 2.371672ms
app1-1   | 2024/02/19 14:56:22 "POST http://api/clientes/5/transacoes HTTP/1.0" from 172.19.0.5:43446 - 200 31B in 2.414371ms
app2-1   | 2024/02/19 14:56:22 "POST http://api/clientes/4/transacoes HTTP/1.0" from 172.19.0.5:41610 - 200 32B in 2.328741ms
app1-1   | 2024/02/19 14:56:22 "POST http://api/clientes/5/transacoes HTTP/1.0" from 172.19.0.5:43460 - 200 32B in 2.921235ms
app2-1   | 2024/02/19 14:56:22 "POST http://api/clientes/2/transacoes HTTP/1.0" from 172.19.0.5:41612 - 200 30B in 2.485401ms
app1-1   | 2024/02/19 14:56:22 "POST http://api/clientes/1/transacoes HTTP/1.0" from 172.19.0.5:43462 - 200 31B in 2.537191ms
app2-1   | 2024/02/19 14:56:23 "POST http://api/clientes/4/transacoes HTTP/1.0" from 172.19.0.5:41616 - 422 19B in 413.01µs
app1-1   | 2024/02/19 14:56:23 "POST http://api/clientes/1/transacoes HTTP/1.0" from 172.19.0.5:43472 - 200 31B in 3.448231ms
app2-1   | 2024/02/19 14:56:23 "POST http://api/clientes/5/transacoes HTTP/1.0" from 172.19.0.5:41630 - 422 19B in 420.856µs
app1-1   | 2024/02/19 14:56:23 "POST http://api/clientes/5/transacoes HTTP/1.0" from 172.19.0.5:43480 - 422 19B in 388.763µs
app2-1   | 2024/02/19 14:56:23 "GET http://api/clientes/2/extrato HTTP/1.0" from 172.19.0.5:41640 - 200 1071B in 804.437µs
app1-1   | 2024/02/19 14:56:23 "POST http://api/clientes/4/transacoes HTTP/1.0" from 172.19.0.5:43486 - 200 33B in 2.558636ms
app2-1   | 2024/02/19 14:56:23 "POST http://api/clientes/5/transacoes HTTP/1.0" from 172.19.0.5:41656 - 422 19B in 380.942µs
app1-1   | 2024/02/19 14:56:23 "POST http://api/clientes/4/transacoes HTTP/1.0" from 172.19.0.5:43496 - 200 33B in 2.707728ms
app2-1   | 2024/02/19 14:56:23 "POST http://api/clientes/4/transacoes HTTP/1.0" from 172.19.0.5:41666 - 200 33B in 2.455755ms
app1-1   | 2024/02/19 14:56:23 "POST http://api/clientes/2/transacoes HTTP/1.0" from 172.19.0.5:43504 - 200 30B in 2.457971ms
app2-1   | 2024/02/19 14:56:23 "POST http://api/clientes/3/transacoes HTTP/1.0" from 172.19.0.5:41674 - 200 33B in 2.621586ms
app1-1   | 2024/02/19 14:56:23 "POST http://api/clientes/2/transacoes HTTP/1.0" from 172.19.0.5:43512 - 200 31B in 2.720354ms
app2-1   | 2024/02/19 14:56:23 "POST http://api/clientes/3/transacoes HTTP/1.0" from 172.19.0.5:41682 - 200 32B in 2.766479ms
app1-1   | 2024/02/19 14:56:23 "POST http://api/clientes/3/transacoes HTTP/1.0" from 172.19.0.5:43514 - 200 32B in 3.392755ms
app2-1   | 2024/02/19 14:56:23 "POST http://api/clientes/5/transacoes HTTP/1.0" from 172.19.0.5:41686 - 200 31B in 2.551542ms
app1-1   | 2024/02/19 14:56:23 "POST http://api/clientes/2/transacoes HTTP/1.0" from 172.19.0.5:43530 - 200 31B in 2.692633ms
app2-1   | 2024/02/19 14:56:23 "GET http://api/clientes/4/extrato HTTP/1.0" from 172.19.0.5:41698 - 200 1072B in 1.001864ms
app1-1   | 2024/02/19 14:56:23 "POST http://api/clientes/5/transacoes HTTP/1.0" from 172.19.0.5:43538 - 200 32B in 3.469367ms
app2-1   | 2024/02/19 14:56:23 "POST http://api/clientes/4/transacoes HTTP/1.0" from 172.19.0.5:41702 - 200 34B in 5.38029ms
app1-1   | 2024/02/19 14:56:23 "POST http://api/clientes/3/transacoes HTTP/1.0" from 172.19.0.5:43540 - 200 33B in 2.423929ms
app2-1   | 2024/02/19 14:56:23 "POST http://api/clientes/2/transacoes HTTP/1.0" from 172.19.0.5:41718 - 200 31B in 2.888941ms
app1-1   | 2024/02/19 14:56:23 "POST http://api/clientes/3/transacoes HTTP/1.0" from 172.19.0.5:43544 - 200 31B in 4.360886ms
app2-1   | 2024/02/19 14:56:23 "POST http://api/clientes/5/transacoes HTTP/1.0" from 172.19.0.5:41724 - 200 32B in 2.592576ms
app2-1   | 2024/02/19 14:56:23 "POST http://api/clientes/1/transacoes HTTP/1.0" from 172.19.0.5:41740 - 200 32B in 2.831126ms
app1-1   | 2024/02/19 14:56:23 "POST http://api/clientes/1/transacoes HTTP/1.0" from 172.19.0.5:43560 - 200 31B in 4.132831ms
app1-1   | 2024/02/19 14:56:24 "POST http://api/clientes/3/transacoes HTTP/1.0" from 172.19.0.5:43566 - 422 19B in 380.871µs
app2-1   | 2024/02/19 14:56:24 "POST http://api/clientes/2/transacoes HTTP/1.0" from 172.19.0.5:41742 - 200 30B in 2.732995ms
app1-1   | 2024/02/19 14:56:24 "POST http://api/clientes/1/transacoes HTTP/1.0" from 172.19.0.5:43580 - 200 32B in 4.817217ms
app2-1   | 2024/02/19 14:56:24 "POST http://api/clientes/4/transacoes HTTP/1.0" from 172.19.0.5:41758 - 422 19B in 424.736µs
app1-1   | 2024/02/19 14:56:24 "GET http://api/clientes/3/extrato HTTP/1.0" from 172.19.0.5:43588 - 200 1068B in 990.386µs
app2-1   | 2024/02/19 14:56:24 "POST http://api/clientes/1/transacoes HTTP/1.0" from 172.19.0.5:41768 - 200 31B in 2.895123ms
app1-1   | 2024/02/19 14:56:24 "POST http://api/clientes/3/transacoes HTTP/1.0" from 172.19.0.5:43602 - 200 32B in 3.245459ms
app2-1   | 2024/02/19 14:56:24 "POST http://api/clientes/1/transacoes HTTP/1.0" from 172.19.0.5:41770 - 422 19B in 451.63µs
app2-1   | 2024/02/19 14:56:24 "POST http://api/clientes/5/transacoes HTTP/1.0" from 172.19.0.5:41786 - 200 32B in 3.068359ms
app1-1   | 2024/02/19 14:56:24 "POST http://api/clientes/3/transacoes HTTP/1.0" from 172.19.0.5:43606 - 200 32B in 4.39849ms
app1-1   | 2024/02/19 14:56:24 "POST http://api/clientes/4/transacoes HTTP/1.0" from 172.19.0.5:43618 - 422 19B in 416.571µs
app2-1   | 2024/02/19 14:56:24 "POST http://api/clientes/4/transacoes HTTP/1.0" from 172.19.0.5:41800 - 422 19B in 502.142µs
app1-1   | 2024/02/19 14:56:24 "POST http://api/clientes/4/transacoes HTTP/1.0" from 172.19.0.5:43634 - 200 33B in 2.733598ms
app2-1   | 2024/02/19 14:56:24 "POST http://api/clientes/2/transacoes HTTP/1.0" from 172.19.0.5:41812 - 422 19B in 506.97µs
app1-1   | 2024/02/19 14:56:24 "POST http://api/clientes/3/transacoes HTTP/1.0" from 172.19.0.5:43644 - 422 19B in 537.686µs
app2-1   | 2024/02/19 14:56:24 "POST http://api/clientes/3/transacoes HTTP/1.0" from 172.19.0.5:41828 - 200 32B in 2.927101ms
app1-1   | 2024/02/19 14:56:24 "POST http://api/clientes/3/transacoes HTTP/1.0" from 172.19.0.5:43648 - 200 32B in 2.602971ms
app2-1   | 2024/02/19 14:56:24 "GET http://api/clientes/3/extrato HTTP/1.0" from 172.19.0.5:41838 - 200 1071B in 1.01941ms
app1-1   | 2024/02/19 14:56:24 "POST http://api/clientes/2/transacoes HTTP/1.0" from 172.19.0.5:43664 - 200 30B in 2.478803ms
app2-1   | 2024/02/19 14:56:24 "POST http://api/clientes/2/transacoes HTTP/1.0" from 172.19.0.5:41842 - 200 31B in 3.27748ms
app1-1   | 2024/02/19 14:56:24 "POST http://api/clientes/4/transacoes HTTP/1.0" from 172.19.0.5:43680 - 200 34B in 2.561201ms
app2-1   | 2024/02/19 14:56:24 "POST http://api/clientes/2/transacoes HTTP/1.0" from 172.19.0.5:41852 - 200 30B in 2.456677ms
app1-1   | 2024/02/19 14:56:24 "POST http://api/clientes/5/transacoes HTTP/1.0" from 172.19.0.5:43686 - 200 32B in 2.741066ms
app2-1   | 2024/02/19 14:56:24 "POST http://api/clientes/1/transacoes HTTP/1.0" from 172.19.0.5:41858 - 422 19B in 529.781µs
app1-1   | 2024/02/19 14:56:24 "POST http://api/clientes/5/transacoes HTTP/1.0" from 172.19.0.5:43694 - 200 32B in 2.548264ms
app2-1   | 2024/02/19 14:56:24 "POST http://api/clientes/2/transacoes HTTP/1.0" from 172.19.0.5:41868 - 200 31B in 2.431533ms
app1-1   | 2024/02/19 14:56:24 "POST http://api/clientes/1/transacoes HTTP/1.0" from 172.19.0.5:43702 - 422 19B in 386.706µs
app2-1   | 2024/02/19 14:56:24 "POST http://api/clientes/5/transacoes HTTP/1.0" from 172.19.0.5:41882 - 200 32B in 2.606027ms
app1-1   | 2024/02/19 14:56:25 "POST http://api/clientes/2/transacoes HTTP/1.0" from 172.19.0.5:43704 - 422 19B in 384.942µs
app2-1   | 2024/02/19 14:56:25 "POST http://api/clientes/3/transacoes HTTP/1.0" from 172.19.0.5:41898 - 200 33B in 3.282629ms
app1-1   | 2024/02/19 14:56:25 "POST http://api/clientes/3/transacoes HTTP/1.0" from 172.19.0.5:43710 - 200 31B in 2.571474ms
app2-1   | 2024/02/19 14:56:25 "POST http://api/clientes/4/transacoes HTTP/1.0" from 172.19.0.5:41910 - 422 19B in 410.982µs
app1-1   | 2024/02/19 14:56:25 "POST http://api/clientes/5/transacoes HTTP/1.0" from 172.19.0.5:43716 - 200 32B in 2.597732ms
app2-1   | 2024/02/19 14:56:25 "POST http://api/clientes/3/transacoes HTTP/1.0" from 172.19.0.5:41918 - 200 32B in 2.624759ms
app1-1   | 2024/02/19 14:56:25 "POST http://api/clientes/1/transacoes HTTP/1.0" from 172.19.0.5:43732 - 422 19B in 412.225µs
app2-1   | 2024/02/19 14:56:25 "POST http://api/clientes/4/transacoes HTTP/1.0" from 172.19.0.5:41934 - 422 19B in 403.28µs
app1-1   | 2024/02/19 14:56:25 "POST http://api/clientes/2/transacoes HTTP/1.0" from 172.19.0.5:43746 - 200 30B in 2.627884ms
app2-1   | 2024/02/19 14:56:25 "POST http://api/clientes/4/transacoes HTTP/1.0" from 172.19.0.5:41946 - 422 19B in 466.478µs
app1-1   | 2024/02/19 14:56:25 "POST http://api/clientes/5/transacoes HTTP/1.0" from 172.19.0.5:43752 - 200 32B in 3.535347ms
app2-1   | 2024/02/19 14:56:25 "POST http://api/clientes/3/transacoes HTTP/1.0" from 172.19.0.5:41952 - 200 32B in 2.458962ms
app1-1   | 2024/02/19 14:56:25 "POST http://api/clientes/1/transacoes HTTP/1.0" from 172.19.0.5:43768 - 200 31B in 3.138429ms
app2-1   | 2024/02/19 14:56:25 "POST http://api/clientes/2/transacoes HTTP/1.0" from 172.19.0.5:41958 - 200 29B in 2.598428ms
app1-1   | 2024/02/19 14:56:25 "POST http://api/clientes/3/transacoes HTTP/1.0" from 172.19.0.5:43776 - 200 33B in 2.282102ms
app2-1   | 2024/02/19 14:56:25 "POST http://api/clientes/5/transacoes HTTP/1.0" from 172.19.0.5:41974 - 200 31B in 2.607813ms
app1-1   | 2024/02/19 14:56:25 "POST http://api/clientes/3/transacoes HTTP/1.0" from 172.19.0.5:43790 - 200 32B in 2.755361ms
app2-1   | 2024/02/19 14:56:25 "POST http://api/clientes/5/transacoes HTTP/1.0" from 172.19.0.5:41980 - 200 32B in 2.541673ms
app1-1   | 2024/02/19 14:56:25 "POST http://api/clientes/2/transacoes HTTP/1.0" from 172.19.0.5:43800 - 422 19B in 414.57µs
app2-1   | 2024/02/19 14:56:25 "POST http://api/clientes/4/transacoes HTTP/1.0" from 172.19.0.5:41986 - 422 19B in 528.526µs
app1-1   | 2024/02/19 14:56:25 "GET http://api/clientes/5/extrato HTTP/1.0" from 172.19.0.5:43816 - 200 1071B in 889.788µs
app2-1   | 2024/02/19 14:56:25 "POST http://api/clientes/3/transacoes HTTP/1.0" from 172.19.0.5:41988 - 200 33B in 3.579107ms
app1-1   | 2024/02/19 14:56:25 "POST http://api/clientes/1/transacoes HTTP/1.0" from 172.19.0.5:43832 - 200 31B in 2.496849ms
app1-1   | 2024/02/19 14:56:25 "POST http://api/clientes/4/transacoes HTTP/1.0" from 172.19.0.5:43844 - 422 19B in 364.973µs
app2-1   | 2024/02/19 14:56:25 "POST http://api/clientes/5/transacoes HTTP/1.0" from 172.19.0.5:41998 - 200 32B in 5.47846ms
app2-1   | 2024/02/19 14:56:25 "POST http://api/clientes/2/transacoes HTTP/1.0" from 172.19.0.5:42006 - 422 19B in 431.304µs
app1-1   | 2024/02/19 14:56:25 "POST http://api/clientes/1/transacoes HTTP/1.0" from 172.19.0.5:43850 - 422 19B in 563.295µs
app2-1   | 2024/02/19 14:56:25 "POST http://api/clientes/1/transacoes HTTP/1.0" from 172.19.0.5:42022 - 200 31B in 2.587947ms
app1-1   | 2024/02/19 14:56:25 "POST http://api/clientes/4/transacoes HTTP/1.0" from 172.19.0.5:43852 - 422 19B in 398.973µs
app2-1   | 2024/02/19 14:56:25 "POST http://api/clientes/5/transacoes HTTP/1.0" from 172.19.0.5:42028 - 200 32B in 3.066797ms
app1-1   | 2024/02/19 14:56:25 "POST http://api/clientes/1/transacoes HTTP/1.0" from 172.19.0.5:43868 - 200 31B in 4.323981ms
app2-1   | 2024/02/19 14:56:26 "POST http://api/clientes/4/transacoes HTTP/1.0" from 172.19.0.5:42036 - 422 19B in 484.612µs
app2-1   | 2024/02/19 14:56:26 "POST http://api/clientes/5/transacoes HTTP/1.0" from 172.19.0.5:42040 - 200 32B in 2.921834ms
app1-1   | 2024/02/19 14:56:26 "POST http://api/clientes/3/transacoes HTTP/1.0" from 172.19.0.5:43880 - 200 33B in 4.275463ms
app1-1   | 2024/02/19 14:56:26 "POST http://api/clientes/1/transacoes HTTP/1.0" from 172.19.0.5:43888 - 422 19B in 417.061µs
app2-1   | 2024/02/19 14:56:26 "POST http://api/clientes/4/transacoes HTTP/1.0" from 172.19.0.5:42048 - 422 19B in 490.889µs
app2-1   | 2024/02/19 14:56:26 "GET http://api/clientes/5/extrato HTTP/1.0" from 172.19.0.5:42064 - 200 1069B in 1.049811ms
app1-1   | 2024/02/19 14:56:26 "POST http://api/clientes/2/transacoes HTTP/1.0" from 172.19.0.5:43894 - 200 31B in 2.897898ms
app1-1   | 2024/02/19 14:56:26 "POST http://api/clientes/4/transacoes HTTP/1.0" from 172.19.0.5:43910 - 422 19B in 501.98µs
app1-1   | 2024/02/19 14:56:26 "POST http://api/clientes/5/transacoes HTTP/1.0" from 172.19.0.5:43924 - 200 32B in 2.594783ms
app2-1   | 2024/02/19 14:56:26 "POST http://api/clientes/1/transacoes HTTP/1.0" from 172.19.0.5:42072 - 200 31B in 4.043895ms
app2-1   | 2024/02/19 14:56:26 "POST http://api/clientes/4/transacoes HTTP/1.0" from 172.19.0.5:42084 - 422 19B in 397.005µs
app2-1   | 2024/02/19 14:56:26 "POST http://api/clientes/4/transacoes HTTP/1.0" from 172.19.0.5:42094 - 422 19B in 453.419µs
app1-1   | 2024/02/19 14:56:26 "POST http://api/clientes/2/transacoes HTTP/1.0" from 172.19.0.5:43932 - 200 31B in 2.459815ms
app1-1   | 2024/02/19 14:56:26 "POST http://api/clientes/3/transacoes HTTP/1.0" from 172.19.0.5:43936 - 200 32B in 2.433075ms
app2-1   | 2024/02/19 14:56:26 "POST http://api/clientes/4/transacoes HTTP/1.0" from 172.19.0.5:42100 - 200 33B in 2.961227ms
app1-1   | 2024/02/19 14:56:26 "POST http://api/clientes/3/transacoes HTTP/1.0" from 172.19.0.5:43946 - 200 33B in 3.795191ms
app2-1   | 2024/02/19 14:56:26 "POST http://api/clientes/4/transacoes HTTP/1.0" from 172.19.0.5:42110 - 200 33B in 2.646775ms
app1-1   | 2024/02/19 14:56:26 "POST http://api/clientes/4/transacoes HTTP/1.0" from 172.19.0.5:43962 - 200 33B in 2.586996ms
app2-1   | 2024/02/19 14:56:26 "POST http://api/clientes/4/transacoes HTTP/1.0" from 172.19.0.5:42126 - 200 33B in 4.806298ms
app1-1   | 2024/02/19 14:56:26 "POST http://api/clientes/3/transacoes HTTP/1.0" from 172.19.0.5:43964 - 422 19B in 402.056µs
app1-1   | 2024/02/19 14:56:26 "GET http://api/clientes/3/extrato HTTP/1.0" from 172.19.0.5:43978 - 200 1074B in 699.793µs
app2-1   | 2024/02/19 14:56:26 "POST http://api/clientes/3/transacoes HTTP/1.0" from 172.19.0.5:42142 - 200 32B in 3.100129ms
app2-1   | 2024/02/19 14:56:26 "POST http://api/clientes/5/transacoes HTTP/1.0" from 172.19.0.5:42154 - 200 32B in 3.759204ms
app1-1   | 2024/02/19 14:56:26 "POST http://api/clientes/5/transacoes HTTP/1.0" from 172.19.0.5:43988 - 200 32B in 2.361975ms
app2-1   | 2024/02/19 14:56:26 "POST http://api/clientes/5/transacoes HTTP/1.0" from 172.19.0.5:42160 - 200 32B in 2.535328ms
app1-1   | 2024/02/19 14:56:26 "POST http://api/clientes/1/transacoes HTTP/1.0" from 172.19.0.5:43990 - 200 31B in 2.180594ms
app2-1   | 2024/02/19 14:56:26 "POST http://api/clientes/3/transacoes HTTP/1.0" from 172.19.0.5:42162 - 200 32B in 2.257022ms
app1-1   | 2024/02/19 14:56:26 "POST http://api/clientes/2/transacoes HTTP/1.0" from 172.19.0.5:44004 - 200 31B in 2.484463ms
app2-1   | 2024/02/19 14:56:26 "POST http://api/clientes/1/transacoes HTTP/1.0" from 172.19.0.5:42176 - 200 30B in 2.584727ms
app1-1   | 2024/02/19 14:56:26 "POST http://api/clientes/4/transacoes HTTP/1.0" from 172.19.0.5:44006 - 200 33B in 2.313616ms
app2-1   | 2024/02/19 14:56:26 "POST http://api/clientes/2/transacoes HTTP/1.0" from 172.19.0.5:42186 - 200 31B in 2.369398ms
app1-1   | 2024/02/19 14:56:26 "POST http://api/clientes/4/transacoes HTTP/1.0" from 172.19.0.5:44010 - 200 34B in 2.412027ms
app2-1   | 2024/02/19 14:56:27 "POST http://api/clientes/1/transacoes HTTP/1.0" from 172.19.0.5:42192 - 422 19B in 402.084µs
app1-1   | 2024/02/19 14:56:27 "POST http://api/clientes/4/transacoes HTTP/1.0" from 172.19.0.5:44024 - 200 34B in 2.62829ms
app2-1   | 2024/02/19 14:56:27 "POST http://api/clientes/2/transacoes HTTP/1.0" from 172.19.0.5:42194 - 200 31B in 2.497489ms
app1-1   | 2024/02/19 14:56:27 "POST http://api/clientes/5/transacoes HTTP/1.0" from 172.19.0.5:44028 - 200 32B in 2.983441ms
app2-1   | 2024/02/19 14:56:27 "POST http://api/clientes/1/transacoes HTTP/1.0" from 172.19.0.5:42206 - 200 31B in 2.206251ms
app1-1   | 2024/02/19 14:56:27 "POST http://api/clientes/1/transacoes HTTP/1.0" from 172.19.0.5:44036 - 200 31B in 2.438866ms
app2-1   | 2024/02/19 14:56:27 "GET http://api/clientes/4/extrato HTTP/1.0" from 172.19.0.5:42210 - 200 1073B in 865.2µs
app2-1   | 2024/02/19 14:56:27 "POST http://api/clientes/1/transacoes HTTP/1.0" from 172.19.0.5:42214 - 422 19B in 471.339µs
app1-1   | 2024/02/19 14:56:27 "POST http://api/clientes/2/transacoes HTTP/1.0" from 172.19.0.5:44040 - 200 31B in 2.78089ms
app1-1   | 2024/02/19 14:56:27 "POST http://api/clientes/3/transacoes HTTP/1.0" from 172.19.0.5:44046 - 422 19B in 380.104µs
app2-1   | 2024/02/19 14:56:27 "POST http://api/clientes/3/transacoes HTTP/1.0" from 172.19.0.5:42226 - 200 32B in 2.75203ms
app1-1   | 2024/02/19 14:56:27 "POST http://api/clientes/4/transacoes HTTP/1.0" from 172.19.0.5:44056 - 422 19B in 400.042µs
app2-1   | 2024/02/19 14:56:27 "POST http://api/clientes/2/transacoes HTTP/1.0" from 172.19.0.5:42232 - 200 31B in 2.597571ms
app1-1   | 2024/02/19 14:56:27 "POST http://api/clientes/3/transacoes HTTP/1.0" from 172.19.0.5:44062 - 200 32B in 2.241531ms
app2-1   | 2024/02/19 14:56:27 "POST http://api/clientes/1/transacoes HTTP/1.0" from 172.19.0.5:42240 - 422 19B in 393.703µs
app1-1   | 2024/02/19 14:56:27 "POST http://api/clientes/2/transacoes HTTP/1.0" from 172.19.0.5:44076 - 200 31B in 2.863901ms
app2-1   | 2024/02/19 14:56:27 "POST http://api/clientes/2/transacoes HTTP/1.0" from 172.19.0.5:42248 - 200 31B in 6.545326ms
app1-1   | 2024/02/19 14:56:27 "POST http://api/clientes/5/transacoes HTTP/1.0" from 172.19.0.5:44092 - 200 31B in 2.693628ms
app2-1   | 2024/02/19 14:56:27 "POST http://api/clientes/4/transacoes HTTP/1.0" from 172.19.0.5:42254 - 422 19B in 404.353µs
app1-1   | 2024/02/19 14:56:27 "POST http://api/clientes/2/transacoes HTTP/1.0" from 172.19.0.5:44096 - 200 31B in 2.618714ms
app2-1   | 2024/02/19 14:56:27 "POST http://api/clientes/4/transacoes HTTP/1.0" from 172.19.0.5:42264 - 422 19B in 418.703µs
app1-1   | 2024/02/19 14:56:27 "POST http://api/clientes/4/transacoes HTTP/1.0" from 172.19.0.5:44110 - 422 19B in 389.978µs
app2-1   | 2024/02/19 14:56:27 "POST http://api/clientes/5/transacoes HTTP/1.0" from 172.19.0.5:42276 - 200 31B in 2.533376ms
