 app2 Pulling 
 db Pulling 
 app1 Pulling 
 6da0b81e178e Pulling fs layer 
 6da0b81e178e Pulling fs layer 
 619014d83c02 Pulling fs layer 
 7ec0fe6664f6 Pulling fs layer 
 9ca7ba8f7764 Pulling fs layer 
 9e1155d037e2 Pulling fs layer 
 febcfb7f8870 Pulling fs layer 
 8c78c79412b5 Pulling fs layer 
 5a35744405c5 Pulling fs layer 
 27717922e067 Pulling fs layer 
 36f0c5255550 Pulling fs layer 
 dbf0a396f422 Pulling fs layer 
 ec4c06ea33e5 Pulling fs layer 
 e8dd33eba6d1 Pulling fs layer 
 51c81b3b2c20 Pulling fs layer 
 2a03dd76f5d7 Pulling fs layer 
 9e1155d037e2 Waiting 
 febcfb7f8870 Waiting 
 8c78c79412b5 Waiting 
 5a35744405c5 Waiting 
 27717922e067 Waiting 
 36f0c5255550 Waiting 
 dbf0a396f422 Waiting 
 ec4c06ea33e5 Waiting 
 e8dd33eba6d1 Waiting 
 51c81b3b2c20 Waiting 
 2a03dd76f5d7 Waiting 
 9ca7ba8f7764 Waiting 
 6da0b81e178e Downloading [>                                                  ]  52.52kB/5.146MB
 6da0b81e178e Downloading [>                                                  ]  52.52kB/5.146MB
 6da0b81e178e Downloading [==================================>                ]  3.519MB/5.146MB
 6da0b81e178e Downloading [==================================>                ]  3.519MB/5.146MB
 619014d83c02 Downloading [>                                                  ]  229.4kB/22.52MB
 7ec0fe6664f6 Downloading [>                                                  ]  45.71kB/4.501MB
 6da0b81e178e Verifying Checksum 
 6da0b81e178e Download complete 
 6da0b81e178e Verifying Checksum 
 6da0b81e178e Download complete 
 6da0b81e178e Extracting [>                                                  ]  65.54kB/5.146MB
 6da0b81e178e Extracting [>                                                  ]  65.54kB/5.146MB
 619014d83c02 Downloading [===============>                                   ]  7.125MB/22.52MB
 7ec0fe6664f6 Downloading [======================>                            ]  2.022MB/4.501MB
 6da0b81e178e Extracting [==================================================>]  5.146MB/5.146MB
 6da0b81e178e Extracting [==================================================>]  5.146MB/5.146MB
 6da0b81e178e Pull complete 
 6da0b81e178e Pull complete 
 619014d83c02 Downloading [============================>                      ]  12.62MB/22.52MB
 7ec0fe6664f6 Downloading [===============================================>   ]  4.291MB/4.501MB
 7ec0fe6664f6 Verifying Checksum 
 7ec0fe6664f6 Download complete 
 619014d83c02 Downloading [===========================================>       ]  19.53MB/22.52MB
 app1 Pulled 
 app2 Pulled 
 619014d83c02 Verifying Checksum 
 619014d83c02 Download complete 
 619014d83c02 Extracting [>                                                  ]  229.4kB/22.52MB
 9ca7ba8f7764 Downloading [=====================>                             ]     758B/1.779kB
 9ca7ba8f7764 Downloading [==================================================>]  1.779kB/1.779kB
 9ca7ba8f7764 Verifying Checksum 
 9ca7ba8f7764 Download complete 
 619014d83c02 Extracting [======>                                            ]  2.753MB/22.52MB
 619014d83c02 Extracting [================>                                  ]  7.569MB/22.52MB
 9e1155d037e2 Downloading [>                                                  ]  13.69kB/1.351MB
 619014d83c02 Extracting [===========================>                       ]  12.39MB/22.52MB
 9e1155d037e2 Verifying Checksum 
 9e1155d037e2 Download complete 
 619014d83c02 Extracting [==================================>                ]   15.6MB/22.52MB
 febcfb7f8870 Downloading [>                                                  ]  63.75kB/6.183MB
 619014d83c02 Extracting [=========================================>         ]  18.81MB/22.52MB
 febcfb7f8870 Download complete 
 8c78c79412b5 Downloading [>                                                  ]  4.107kB/295.6kB
 8c78c79412b5 Verifying Checksum 
 8c78c79412b5 Download complete 
 619014d83c02 Extracting [===========================================>       ]  19.73MB/22.52MB
 5a35744405c5 Downloading [==================================================>]     115B/115B
 5a35744405c5 Verifying Checksum 
 5a35744405c5 Download complete 
 619014d83c02 Extracting [=============================================>     ]  20.41MB/22.52MB
 27717922e067 Downloading [=======>                                           ]     758B/4.79kB
 27717922e067 Downloading [==================================================>]   4.79kB/4.79kB
 27717922e067 Verifying Checksum 
 27717922e067 Download complete 
 619014d83c02 Extracting [===============================================>   ]  21.56MB/22.52MB
 619014d83c02 Extracting [================================================>  ]  21.79MB/22.52MB
 dbf0a396f422 Downloading [=====>                                             ]     759B/7.348kB
 dbf0a396f422 Downloading [==================================================>]  7.348kB/7.348kB
 dbf0a396f422 Verifying Checksum 
 dbf0a396f422 Download complete 
 619014d83c02 Extracting [==================================================>]  22.52MB/22.52MB
 36f0c5255550 Downloading [>                                                  ]  537.4kB/53.62MB
 619014d83c02 Pull complete 
 7ec0fe6664f6 Extracting [>                                                  ]  65.54kB/4.501MB
 36f0c5255550 Downloading [=>                                                 ]  1.611MB/53.62MB
 7ec0fe6664f6 Extracting [=================================================> ]  4.456MB/4.501MB
 7ec0fe6664f6 Extracting [==================================================>]  4.501MB/4.501MB
 36f0c5255550 Downloading [===>                                               ]  3.224MB/53.62MB
 ec4c06ea33e5 Downloading [==================================================>]     130B/130B
 ec4c06ea33e5 Verifying Checksum 
 ec4c06ea33e5 Download complete 
 7ec0fe6664f6 Pull complete 
 e8dd33eba6d1 Downloading [==================================================>]     172B/172B
 e8dd33eba6d1 Verifying Checksum 
 e8dd33eba6d1 Download complete 
 9ca7ba8f7764 Extracting [==================================================>]  1.779kB/1.779kB
 9ca7ba8f7764 Extracting [==================================================>]  1.779kB/1.779kB
 36f0c5255550 Downloading [======>                                            ]  6.993MB/53.62MB
 9ca7ba8f7764 Pull complete 
 9e1155d037e2 Extracting [=>                                                 ]  32.77kB/1.351MB
 9e1155d037e2 Extracting [==================================================>]  1.351MB/1.351MB
 36f0c5255550 Downloading [===========>                                       ]  11.82MB/53.62MB
 9e1155d037e2 Pull complete 
 febcfb7f8870 Extracting [>                                                  ]  65.54kB/6.183MB
 36f0c5255550 Downloading [==================>                                ]  19.36MB/53.62MB
 febcfb7f8870 Extracting [===========================>                       ]  3.408MB/6.183MB
 36f0c5255550 Downloading [==========================>                        ]  28.46MB/53.62MB
 febcfb7f8870 Extracting [=================================>                 ]  4.194MB/6.183MB
 51c81b3b2c20 Downloading [=========>                                         ]     759B/4.191kB
 51c81b3b2c20 Downloading [==================================================>]  4.191kB/4.191kB
 51c81b3b2c20 Verifying Checksum 
 51c81b3b2c20 Download complete 
 febcfb7f8870 Extracting [==================================================>]  6.183MB/6.183MB
 febcfb7f8870 Pull complete 
 8c78c79412b5 Extracting [=====>                                             ]  32.77kB/295.6kB
 36f0c5255550 Downloading [==============================>                    ]  32.21MB/53.62MB
 8c78c79412b5 Extracting [==================================================>]  295.6kB/295.6kB
 8c78c79412b5 Pull complete 
 5a35744405c5 Extracting [==================================================>]     115B/115B
 5a35744405c5 Extracting [==================================================>]     115B/115B
 2a03dd76f5d7 Downloading [==================================================>]     121B/121B
 2a03dd76f5d7 Verifying Checksum 
 2a03dd76f5d7 Download complete 
 5a35744405c5 Pull complete 
 27717922e067 Extracting [==================================================>]   4.79kB/4.79kB
 27717922e067 Extracting [==================================================>]   4.79kB/4.79kB
 36f0c5255550 Downloading [======================================>            ]  41.31MB/53.62MB
 27717922e067 Pull complete 
 36f0c5255550 Downloading [===============================================>   ]  50.43MB/53.62MB
 36f0c5255550 Verifying Checksum 
 36f0c5255550 Download complete 
 36f0c5255550 Extracting [>                                                  ]  557.1kB/53.62MB
 36f0c5255550 Extracting [===>                                               ]  3.342MB/53.62MB
 36f0c5255550 Extracting [======>                                            ]  7.242MB/53.62MB
 36f0c5255550 Extracting [=========>                                         ]  10.58MB/53.62MB
 36f0c5255550 Extracting [===========>                                       ]  12.26MB/53.62MB
 36f0c5255550 Extracting [============>                                      ]  13.93MB/53.62MB
 36f0c5255550 Extracting [================>                                  ]  17.83MB/53.62MB
 36f0c5255550 Extracting [====================>                              ]  22.28MB/53.62MB
 36f0c5255550 Extracting [=========================>                         ]   27.3MB/53.62MB
 36f0c5255550 Extracting [=============================>                     ]   31.2MB/53.62MB
 36f0c5255550 Extracting [================================>                  ]  34.54MB/53.62MB
 36f0c5255550 Extracting [==================================>                ]  37.32MB/53.62MB
 36f0c5255550 Extracting [====================================>              ]  39.55MB/53.62MB
 36f0c5255550 Extracting [======================================>            ]  41.22MB/53.62MB
 36f0c5255550 Extracting [=======================================>           ]  42.34MB/53.62MB
 36f0c5255550 Extracting [========================================>          ]  43.45MB/53.62MB
 36f0c5255550 Extracting [===========================================>       ]  46.24MB/53.62MB
 36f0c5255550 Extracting [============================================>      ]  47.91MB/53.62MB
 36f0c5255550 Extracting [==============================================>    ]  49.58MB/53.62MB
 36f0c5255550 Extracting [===============================================>   ]  51.25MB/53.62MB
 36f0c5255550 Extracting [================================================>  ]  52.36MB/53.62MB
 36f0c5255550 Extracting [==================================================>]  53.62MB/53.62MB
 36f0c5255550 Pull complete 
 dbf0a396f422 Extracting [==================================================>]  7.348kB/7.348kB
 dbf0a396f422 Extracting [==================================================>]  7.348kB/7.348kB
 dbf0a396f422 Pull complete 
 ec4c06ea33e5 Extracting [==================================================>]     130B/130B
 ec4c06ea33e5 Extracting [==================================================>]     130B/130B
 ec4c06ea33e5 Pull complete 
 e8dd33eba6d1 Extracting [==================================================>]     172B/172B
 e8dd33eba6d1 Extracting [==================================================>]     172B/172B
 e8dd33eba6d1 Pull complete 
 51c81b3b2c20 Extracting [==================================================>]  4.191kB/4.191kB
 51c81b3b2c20 Extracting [==================================================>]  4.191kB/4.191kB
 51c81b3b2c20 Pull complete 
 2a03dd76f5d7 Extracting [==================================================>]     121B/121B
 2a03dd76f5d7 Extracting [==================================================>]     121B/121B
 2a03dd76f5d7 Pull complete 
 db Pulled 
 Network rinha-net  Creating
 Network rinha-net  Created
 Container olukkas-db-1  Creating
 Container olukkas-db-1  Created
 Container olukkas-app2-1  Creating
 Container olukkas-app1-1  Creating
 Container olukkas-app2-1  Created
 Container olukkas-app1-1  Created
 Container olukkas-nginx-1  Creating
 Container olukkas-nginx-1  Created
Attaching to app1-1, app2-1, db-1, nginx-1
db-1     | The files belonging to this database system will be owned by user "postgres".
db-1     | This user must also own the server process.
db-1     | 
db-1     | The database cluster will be initialized with locale "en_US.utf8".
db-1     | The default database encoding has accordingly been set to "UTF8".
db-1     | The default text search configuration will be set to "english".
db-1     | 
db-1     | Data page checksums are disabled.
db-1     | 
db-1     | fixing permissions on existing directory /var/lib/postgresql/data ... ok
db-1     | creating subdirectories ... ok
db-1     | selecting default max_connections ... 100
db-1     | selecting default shared_buffers ... 128MB
db-1     | selecting default timezone ... Etc/UTC
db-1     | selecting dynamic shared memory implementation ... posix
db-1     | creating configuration files ... ok
app2-1   | listening on port: 3000
app1-1   | listening on port: 3000
nginx-1  | /docker-entrypoint.sh: /docker-entrypoint.d/ is not empty, will attempt to perform configuration
nginx-1  | /docker-entrypoint.sh: Looking for shell scripts in /docker-entrypoint.d/
nginx-1  | /docker-entrypoint.sh: Launching /docker-entrypoint.d/10-listen-on-ipv6-by-default.sh
nginx-1  | 10-listen-on-ipv6-by-default.sh: info: Getting the checksum of /etc/nginx/conf.d/default.conf
nginx-1  | 10-listen-on-ipv6-by-default.sh: info: Enabled listen on IPv6 in /etc/nginx/conf.d/default.conf
nginx-1  | /docker-entrypoint.sh: Sourcing /docker-entrypoint.d/15-local-resolvers.envsh
nginx-1  | /docker-entrypoint.sh: Launching /docker-entrypoint.d/20-envsubst-on-templates.sh
nginx-1  | /docker-entrypoint.sh: Launching /docker-entrypoint.d/30-tune-worker-processes.sh
nginx-1  | /docker-entrypoint.sh: Configuration complete; ready for start up
db-1     | creating template1 database in /var/lib/postgresql/data/base/1 ... ok
db-1     | initializing pg_authid ... ok
db-1     | setting password ... ok
db-1     | initializing dependencies ... ok
db-1     | creating system views ... ok
db-1     | loading system objects' descriptions ... ok
db-1     | creating collations ... ok
db-1     | creating conversions ... ok
db-1     | creating dictionaries ... ok
db-1     | setting privileges on built-in objects ... ok
app1-1   | 2024/02/09 01:16:04 "GET http://api/clientes/1/extrato HTTP/1.0" from 172.27.0.5:46832 - 500 54B in 937.539µs
db-1     | creating information schema ... ok
db-1     | loading PL/pgSQL server-side language ... ok
db-1     | vacuuming database template1 ... ok
db-1     | copying template1 to template0 ... ok
db-1     | copying template1 to postgres ... ok
db-1     | syncing data to disk ... ok
db-1     | 
db-1     | Success. You can now start the database server using:
db-1     | 
db-1     |     postgres -D /var/lib/postgresql/data
db-1     | or
db-1     |     pg_ctl -D /var/lib/postgresql/data -l logfile start
db-1     | 
db-1     | 
db-1     | WARNING: enabling "trust" authentication for local connections
db-1     | You can change this by editing pg_hba.conf or using the option -A, or
db-1     | --auth-local and --auth-host, the next time you run initdb.
db-1     | waiting for server to start....LOG:  database system was shut down at 2024-02-09 01:16:04 UTC
db-1     | LOG:  MultiXact member wraparound protections are now enabled
db-1     | LOG:  autovacuum launcher started
db-1     | LOG:  database system is ready to accept connections
app2-1   | 2024/02/09 01:16:06 "GET http://api/clientes/1/extrato HTTP/1.0" from 172.27.0.5:33950 - 500 54B in 838.965µs
db-1     |  done
db-1     | server started
db-1     | CREATE DATABASE
db-1     | 
db-1     | 
db-1     | /usr/local/bin/docker-entrypoint.sh: running /docker-entrypoint-initdb.d/init.sql
db-1     | CREATE TABLE
db-1     | CREATE TABLE
db-1     | INSERT 0 5
db-1     | 
db-1     | 
db-1     | LOG:  received fast shutdown request
db-1     | LOG:  aborting any active transactions
db-1     | waiting for server to shut down...LOG:  autovacuum launcher shutting down
db-1     | .LOG:  shutting down
db-1     | LOG:  database system is shut down
app1-1   | 2024/02/09 01:16:08 "GET http://api/clientes/1/extrato HTTP/1.0" from 172.27.0.5:46844 - 500 54B in 598.54µs
db-1     |  done
db-1     | server stopped
db-1     | 
db-1     | PostgreSQL init process complete; ready for start up.
db-1     | 
db-1     | LOG:  database system was shut down at 2024-02-09 01:16:07 UTC
db-1     | LOG:  MultiXact member wraparound protections are now enabled
db-1     | LOG:  autovacuum launcher started
db-1     | LOG:  database system is ready to accept connections
app2-1   | 2024/02/09 01:16:10 "GET http://api/clientes/1/extrato HTTP/1.0" from 172.27.0.5:37690 - 200 112B in 10.382983ms
app1-1   | 2024/02/09 01:16:10 "GET http://api/clientes/1/extrato HTTP/1.0" from 172.27.0.5:32974 - 200 112B in 8.495318ms
app2-1   | 2024/02/09 01:16:19 "GET http://api/clientes/1/extrato HTTP/1.0" from 172.27.0.5:42488 - 200 112B in 887.185µs
app1-1   | 2024/02/09 01:16:19 "GET http://api/clientes/6/extrato HTTP/1.0" from 172.27.0.5:52400 - 404 27B in 651.051µs
app2-1   | 2024/02/09 01:16:19 "POST http://api/clientes/1/transacoes HTTP/1.0" from 172.27.0.5:42492 - 200 28B in 15.968992ms
app1-1   | 2024/02/09 01:16:19 "POST http://api/clientes/1/transacoes HTTP/1.0" from 172.27.0.5:52416 - 200 28B in 13.780979ms
app2-1   | 2024/02/09 01:16:19 "GET http://api/clientes/1/extrato HTTP/1.0" from 172.27.0.5:42502 - 200 284B in 832.592µs
app1-1   | 2024/02/09 01:16:19 "POST http://api/clientes/1/transacoes HTTP/1.0" from 172.27.0.5:52426 - 400 85B in 392.277µs
app2-1   | 2024/02/09 01:16:19 "POST http://api/clientes/1/transacoes HTTP/1.0" from 172.27.0.5:42504 - 400 32B in 519.741µs
app1-1   | 2024/02/09 01:16:19 "POST http://api/clientes/1/transacoes HTTP/1.0" from 172.27.0.5:52432 - 400 63B in 451.321µs
app2-1   | 2024/02/09 01:16:19 "POST http://api/clientes/1/transacoes HTTP/1.0" from 172.27.0.5:42508 - 400 43B in 398.209µs
app1-1   | 2024/02/09 01:16:19 "POST http://api/clientes/1/transacoes HTTP/1.0" from 172.27.0.5:52438 - 400 43B in 448.372µs
app2-1   | 2024/02/09 01:16:20 "GET http://api/clientes/4/extrato HTTP/1.0" from 172.27.0.5:42520 - 200 114B in 1.216335ms
app1-1   | 2024/02/09 01:16:20 "POST http://api/clientes/5/transacoes HTTP/1.0" from 172.27.0.5:52446 - 422 19B in 650.42µs
app2-1   | 2024/02/09 01:16:20 "POST http://api/clientes/5/transacoes HTTP/1.0" from 172.27.0.5:42530 - 200 31B in 26.737689ms
app1-1   | 2024/02/09 01:16:21 "POST http://api/clientes/1/transacoes HTTP/1.0" from 172.27.0.5:52460 - 422 19B in 642.628µs
app1-1   | 2024/02/09 01:16:21 "GET http://api/clientes/2/extrato HTTP/1.0" from 172.27.0.5:52470 - 200 111B in 1.397448ms
app2-1   | 2024/02/09 01:16:21 "POST http://api/clientes/1/transacoes HTTP/1.0" from 172.27.0.5:42536 - 200 31B in 37.411214ms
app2-1   | 2024/02/09 01:16:21 "POST http://api/clientes/2/transacoes HTTP/1.0" from 172.27.0.5:42544 - 422 19B in 511.195µs
app2-1   | 2024/02/09 01:16:21 "POST http://api/clientes/3/transacoes HTTP/1.0" from 172.27.0.5:42554 - 422 19B in 475.437µs
app1-1   | 2024/02/09 01:16:21 "POST http://api/clientes/2/transacoes HTTP/1.0" from 172.27.0.5:52480 - 200 30B in 18.336572ms
app1-1   | 2024/02/09 01:16:22 "POST http://api/clientes/5/transacoes HTTP/1.0" from 172.27.0.5:52494 - 200 31B in 4.160872ms
app1-1   | 2024/02/09 01:16:22 "GET http://api/clientes/4/extrato HTTP/1.0" from 172.27.0.5:52502 - 200 114B in 862.179µs
app2-1   | 2024/02/09 01:16:22 "POST http://api/clientes/1/transacoes HTTP/1.0" from 172.27.0.5:42560 - 200 32B in 16.317649ms
app2-1   | 2024/02/09 01:16:22 "POST http://api/clientes/3/transacoes HTTP/1.0" from 172.27.0.5:42570 - 200 32B in 10.146093ms
app1-1   | 2024/02/09 01:16:22 "POST http://api/clientes/5/transacoes HTTP/1.0" from 172.27.0.5:52514 - 422 19B in 484.909µs
app2-1   | 2024/02/09 01:16:22 "POST http://api/clientes/5/transacoes HTTP/1.0" from 172.27.0.5:42582 - 200 31B in 13.322978ms
app1-1   | 2024/02/09 01:16:22 "POST http://api/clientes/3/transacoes HTTP/1.0" from 172.27.0.5:52518 - 200 33B in 14.281869ms
app1-1   | 2024/02/09 01:16:22 "POST http://api/clientes/3/transacoes HTTP/1.0" from 172.27.0.5:52530 - 422 19B in 502.09µs
app2-1   | 2024/02/09 01:16:22 "POST http://api/clientes/4/transacoes HTTP/1.0" from 172.27.0.5:42594 - 200 33B in 22.775546ms
app2-1   | 2024/02/09 01:16:23 "POST http://api/clientes/5/transacoes HTTP/1.0" from 172.27.0.5:42600 - 200 30B in 20.603911ms
app1-1   | 2024/02/09 01:16:23 "POST http://api/clientes/4/transacoes HTTP/1.0" from 172.27.0.5:52546 - 200 34B in 27.528157ms
app2-1   | 2024/02/09 01:16:23 "POST http://api/clientes/3/transacoes HTTP/1.0" from 172.27.0.5:42614 - 422 19B in 487.118µs
app1-1   | 2024/02/09 01:16:23 "GET http://api/clientes/2/extrato HTTP/1.0" from 172.27.0.5:52560 - 200 204B in 852.191µs
app2-1   | 2024/02/09 01:16:23 "POST http://api/clientes/4/transacoes HTTP/1.0" from 172.27.0.5:42624 - 200 33B in 22.05305ms
app1-1   | 2024/02/09 01:16:23 "POST http://api/clientes/3/transacoes HTTP/1.0" from 172.27.0.5:52564 - 200 33B in 18.566197ms
app2-1   | 2024/02/09 01:16:23 "POST http://api/clientes/4/transacoes HTTP/1.0" from 172.27.0.5:42634 - 200 34B in 9.853904ms
app1-1   | 2024/02/09 01:16:23 "POST http://api/clientes/5/transacoes HTTP/1.0" from 172.27.0.5:52566 - 200 31B in 10.607703ms
app2-1   | 2024/02/09 01:16:23 "POST http://api/clientes/1/transacoes HTTP/1.0" from 172.27.0.5:42646 - 422 19B in 456.331µs
app1-1   | 2024/02/09 01:16:23 "POST http://api/clientes/2/transacoes HTTP/1.0" from 172.27.0.5:52576 - 422 19B in 569.912µs
app2-1   | 2024/02/09 01:16:23 "POST http://api/clientes/1/transacoes HTTP/1.0" from 172.27.0.5:42656 - 200 31B in 30.068273ms
app1-1   | 2024/02/09 01:16:24 "POST http://api/clientes/2/transacoes HTTP/1.0" from 172.27.0.5:52588 - 200 30B in 22.092798ms
app2-1   | 2024/02/09 01:16:24 "POST http://api/clientes/3/transacoes HTTP/1.0" from 172.27.0.5:42660 - 422 19B in 610.793µs
app1-1   | 2024/02/09 01:16:24 "POST http://api/clientes/4/transacoes HTTP/1.0" from 172.27.0.5:52590 - 200 33B in 19.514654ms
app2-1   | 2024/02/09 01:16:24 "POST http://api/clientes/5/transacoes HTTP/1.0" from 172.27.0.5:42668 - 200 31B in 14.877453ms
app1-1   | 2024/02/09 01:16:24 "GET http://api/clientes/5/extrato HTTP/1.0" from 172.27.0.5:52604 - 200 687B in 1.211185ms
app2-1   | 2024/02/09 01:16:24 "POST http://api/clientes/3/transacoes HTTP/1.0" from 172.27.0.5:42670 - 200 32B in 15.217691ms
app1-1   | 2024/02/09 01:16:24 "POST http://api/clientes/5/transacoes HTTP/1.0" from 172.27.0.5:52620 - 200 31B in 17.445198ms
app2-1   | 2024/02/09 01:16:24 "POST http://api/clientes/4/transacoes HTTP/1.0" from 172.27.0.5:42676 - 422 19B in 622.847µs
app1-1   | 2024/02/09 01:16:24 "POST http://api/clientes/5/transacoes HTTP/1.0" from 172.27.0.5:52634 - 200 31B in 8.080083ms
app2-1   | 2024/02/09 01:16:24 "POST http://api/clientes/1/transacoes HTTP/1.0" from 172.27.0.5:42688 - 422 19B in 472.385µs
app1-1   | 2024/02/09 01:16:24 "POST http://api/clientes/2/transacoes HTTP/1.0" from 172.27.0.5:52640 - 200 29B in 5.059327ms
app2-1   | 2024/02/09 01:16:24 "POST http://api/clientes/2/transacoes HTTP/1.0" from 172.27.0.5:42702 - 200 30B in 9.236461ms
app1-1   | 2024/02/09 01:16:24 "POST http://api/clientes/4/transacoes HTTP/1.0" from 172.27.0.5:52650 - 422 19B in 490.072µs
app2-1   | 2024/02/09 01:16:24 "POST http://api/clientes/1/transacoes HTTP/1.0" from 172.27.0.5:42708 - 200 31B in 8.995344ms
app1-1   | 2024/02/09 01:16:25 "POST http://api/clientes/2/transacoes HTTP/1.0" from 172.27.0.5:52658 - 200 31B in 8.870099ms
app2-1   | 2024/02/09 01:16:25 "POST http://api/clientes/1/transacoes HTTP/1.0" from 172.27.0.5:42724 - 422 19B in 470.33µs
app1-1   | 2024/02/09 01:16:25 "POST http://api/clientes/1/transacoes HTTP/1.0" from 172.27.0.5:52668 - 422 19B in 385.275µs
app2-1   | 2024/02/09 01:16:25 "POST http://api/clientes/2/transacoes HTTP/1.0" from 172.27.0.5:42740 - 200 31B in 8.371279ms
app1-1   | 2024/02/09 01:16:25 "POST http://api/clientes/1/transacoes HTTP/1.0" from 172.27.0.5:52674 - 422 19B in 445.919µs
app2-1   | 2024/02/09 01:16:25 "GET http://api/clientes/5/extrato HTTP/1.0" from 172.27.0.5:42746 - 200 880B in 1.759413ms
app2-1   | 2024/02/09 01:16:25 "POST http://api/clientes/1/transacoes HTTP/1.0" from 172.27.0.5:42748 - 422 19B in 497.643µs
app1-1   | 2024/02/09 01:16:25 "POST http://api/clientes/4/transacoes HTTP/1.0" from 172.27.0.5:52686 - 200 32B in 8.24302ms
app1-1   | 2024/02/09 01:16:25 "POST http://api/clientes/3/transacoes HTTP/1.0" from 172.27.0.5:52690 - 200 32B in 7.976432ms
app2-1   | 2024/02/09 01:16:25 "POST http://api/clientes/4/transacoes HTTP/1.0" from 172.27.0.5:42758 - 200 33B in 7.394251ms
app1-1   | 2024/02/09 01:16:25 "POST http://api/clientes/2/transacoes HTTP/1.0" from 172.27.0.5:52700 - 200 30B in 5.515261ms
app2-1   | 2024/02/09 01:16:25 "POST http://api/clientes/2/transacoes HTTP/1.0" from 172.27.0.5:42772 - 200 30B in 6.297073ms
app1-1   | 2024/02/09 01:16:25 "POST http://api/clientes/1/transacoes HTTP/1.0" from 172.27.0.5:52708 - 200 30B in 6.759169ms
app2-1   | 2024/02/09 01:16:25 "POST http://api/clientes/2/transacoes HTTP/1.0" from 172.27.0.5:42786 - 200 29B in 5.081648ms
app1-1   | 2024/02/09 01:16:25 "POST http://api/clientes/3/transacoes HTTP/1.0" from 172.27.0.5:52712 - 200 32B in 9.024588ms
app2-1   | 2024/02/09 01:16:25 "GET http://api/clientes/4/extrato HTTP/1.0" from 172.27.0.5:42788 - 200 785B in 966.234µs
app1-1   | 2024/02/09 01:16:25 "POST http://api/clientes/1/transacoes HTTP/1.0" from 172.27.0.5:52722 - 200 31B in 10.758775ms
app2-1   | 2024/02/09 01:16:25 "POST http://api/clientes/1/transacoes HTTP/1.0" from 172.27.0.5:42802 - 200 32B in 7.469881ms
app1-1   | 2024/02/09 01:16:26 "POST http://api/clientes/4/transacoes HTTP/1.0" from 172.27.0.5:52738 - 200 34B in 5.463298ms
app2-1   | 2024/02/09 01:16:26 "POST http://api/clientes/5/transacoes HTTP/1.0" from 172.27.0.5:42818 - 200 32B in 9.024218ms
app1-1   | 2024/02/09 01:16:26 "POST http://api/clientes/3/transacoes HTTP/1.0" from 172.27.0.5:52748 - 200 32B in 5.856788ms
app2-1   | 2024/02/09 01:16:26 "POST http://api/clientes/1/transacoes HTTP/1.0" from 172.27.0.5:42834 - 422 19B in 487.466µs
app1-1   | 2024/02/09 01:16:26 "POST http://api/clientes/2/transacoes HTTP/1.0" from 172.27.0.5:52750 - 200 29B in 11.139563ms
app2-1   | 2024/02/09 01:16:26 "POST http://api/clientes/2/transacoes HTTP/1.0" from 172.27.0.5:42838 - 422 19B in 539.367µs
app2-1   | 2024/02/09 01:16:26 "POST http://api/clientes/4/transacoes HTTP/1.0" from 172.27.0.5:42850 - 422 19B in 612.897µs
app1-1   | 2024/02/09 01:16:26 "GET http://api/clientes/3/extrato HTTP/1.0" from 172.27.0.5:52760 - 200 779B in 7.672715ms
app1-1   | 2024/02/09 01:16:26 "POST http://api/clientes/2/transacoes HTTP/1.0" from 172.27.0.5:52752 - 200 30B in 8.779919ms
app2-1   | 2024/02/09 01:16:26 "POST http://api/clientes/2/transacoes HTTP/1.0" from 172.27.0.5:42860 - 200 30B in 7.43712ms
app1-1   | 2024/02/09 01:16:26 "POST http://api/clientes/4/transacoes HTTP/1.0" from 172.27.0.5:52768 - 200 34B in 6.602844ms
app2-1   | 2024/02/09 01:16:26 "POST http://api/clientes/5/transacoes HTTP/1.0" from 172.27.0.5:42872 - 200 32B in 4.215881ms
app1-1   | 2024/02/09 01:16:26 "POST http://api/clientes/5/transacoes HTTP/1.0" from 172.27.0.5:52778 - 200 32B in 5.763168ms
app2-1   | 2024/02/09 01:16:26 "POST http://api/clientes/4/transacoes HTTP/1.0" from 172.27.0.5:42882 - 200 33B in 5.483762ms
app1-1   | 2024/02/09 01:16:26 "POST http://api/clientes/2/transacoes HTTP/1.0" from 172.27.0.5:52784 - 200 31B in 2.08008ms
app2-1   | 2024/02/09 01:16:26 "POST http://api/clientes/3/transacoes HTTP/1.0" from 172.27.0.5:42894 - 422 19B in 622.743µs
app1-1   | 2024/02/09 01:16:26 "POST http://api/clientes/2/transacoes HTTP/1.0" from 172.27.0.5:52788 - 200 30B in 7.487422ms
app2-1   | 2024/02/09 01:16:26 "POST http://api/clientes/4/transacoes HTTP/1.0" from 172.27.0.5:42904 - 200 33B in 4.754717ms
app1-1   | 2024/02/09 01:16:26 "POST http://api/clientes/5/transacoes HTTP/1.0" from 172.27.0.5:52794 - 200 31B in 2.778538ms
app2-1   | 2024/02/09 01:16:26 "POST http://api/clientes/2/transacoes HTTP/1.0" from 172.27.0.5:42920 - 200 31B in 4.675792ms
app1-1   | 2024/02/09 01:16:27 "POST http://api/clientes/4/transacoes HTTP/1.0" from 172.27.0.5:52804 - 422 19B in 546.711µs
app2-1   | 2024/02/09 01:16:27 "POST http://api/clientes/1/transacoes HTTP/1.0" from 172.27.0.5:42926 - 422 19B in 534.194µs
app1-1   | 2024/02/09 01:16:27 "POST http://api/clientes/2/transacoes HTTP/1.0" from 172.27.0.5:52814 - 200 31B in 6.313232ms
app2-1   | 2024/02/09 01:16:27 "POST http://api/clientes/4/transacoes HTTP/1.0" from 172.27.0.5:42932 - 422 19B in 528.372µs
app1-1   | 2024/02/09 01:16:27 "POST http://api/clientes/5/transacoes HTTP/1.0" from 172.27.0.5:52816 - 200 31B in 11.26493ms
app2-1   | 2024/02/09 01:16:27 "POST http://api/clientes/5/transacoes HTTP/1.0" from 172.27.0.5:42942 - 200 31B in 13.187666ms
app1-1   | 2024/02/09 01:16:27 "POST http://api/clientes/4/transacoes HTTP/1.0" from 172.27.0.5:52820 - 422 19B in 487.578µs
app2-1   | 2024/02/09 01:16:27 "POST http://api/clientes/3/transacoes HTTP/1.0" from 172.27.0.5:42958 - 422 19B in 597.902µs
app2-1   | 2024/02/09 01:16:27 "GET http://api/clientes/4/extrato HTTP/1.0" from 172.27.0.5:42968 - 200 1072B in 883.29µs
app1-1   | 2024/02/09 01:16:27 "POST http://api/clientes/1/transacoes HTTP/1.0" from 172.27.0.5:52826 - 200 31B in 18.778921ms
app1-1   | 2024/02/09 01:16:27 "POST http://api/clientes/5/transacoes HTTP/1.0" from 172.27.0.5:52838 - 200 31B in 21.065725ms
app1-1   | 2024/02/09 01:16:27 "POST http://api/clientes/1/transacoes HTTP/1.0" from 172.27.0.5:52854 - 422 19B in 423.855µs
app2-1   | 2024/02/09 01:16:27 "POST http://api/clientes/3/transacoes HTTP/1.0" from 172.27.0.5:42978 - 200 32B in 18.293945ms
app2-1   | 2024/02/09 01:16:27 "POST http://api/clientes/2/transacoes HTTP/1.0" from 172.27.0.5:42988 - 200 31B in 24.394276ms
app1-1   | 2024/02/09 01:16:27 "POST http://api/clientes/2/transacoes HTTP/1.0" from 172.27.0.5:52860 - 200 31B in 19.652725ms
app2-1   | 2024/02/09 01:16:27 "POST http://api/clientes/2/transacoes HTTP/1.0" from 172.27.0.5:42998 - 200 31B in 17.300333ms
app1-1   | 2024/02/09 01:16:27 "POST http://api/clientes/4/transacoes HTTP/1.0" from 172.27.0.5:52874 - 422 19B in 429.288µs
app2-1   | 2024/02/09 01:16:27 "POST http://api/clientes/1/transacoes HTTP/1.0" from 172.27.0.5:43008 - 200 31B in 14.437955ms
app1-1   | 2024/02/09 01:16:27 "POST http://api/clientes/1/transacoes HTTP/1.0" from 172.27.0.5:52886 - 200 31B in 25.139204ms
app2-1   | 2024/02/09 01:16:27 "GET http://api/clientes/1/extrato HTTP/1.0" from 172.27.0.5:43024 - 200 1070B in 1.192814ms
app1-1   | 2024/02/09 01:16:27 "POST http://api/clientes/4/transacoes HTTP/1.0" from 172.27.0.5:52904 - 422 19B in 771.636µs
app2-1   | 2024/02/09 01:16:28 "POST http://api/clientes/2/transacoes HTTP/1.0" from 172.27.0.5:43018 - 200 30B in 287.072997ms
app1-1   | 2024/02/09 01:16:28 "POST http://api/clientes/2/transacoes HTTP/1.0" from 172.27.0.5:52940 - 422 19B in 4.446862ms
app2-1   | 2024/02/09 01:16:28 "POST http://api/clientes/1/transacoes HTTP/1.0" from 172.27.0.5:43076 - 422 19B in 615.58µs
app1-1   | 2024/02/09 01:16:28 "POST http://api/clientes/5/transacoes HTTP/1.0" from 172.27.0.5:52898 - 200 31B in 502.916503ms
app2-1   | 2024/02/09 01:16:28 "POST http://api/clientes/3/transacoes HTTP/1.0" from 172.27.0.5:43038 - 200 31B in 402.496846ms
app2-1   | 2024/02/09 01:16:28 "POST http://api/clientes/1/transacoes HTTP/1.0" from 172.27.0.5:43066 - 200 31B in 264.584104ms
app1-1   | 2024/02/09 01:16:28 "POST http://api/clientes/4/transacoes HTTP/1.0" from 172.27.0.5:52952 - 200 33B in 140.496115ms
app2-1   | 2024/02/09 01:16:28 "POST http://api/clientes/2/transacoes HTTP/1.0" from 172.27.0.5:43100 - 422 19B in 408.967µs
app1-1   | 2024/02/09 01:16:28 "GET http://api/clientes/4/extrato HTTP/1.0" from 172.27.0.5:52972 - 200 1071B in 1.776033ms
app1-1   | 2024/02/09 01:16:28 "POST http://api/clientes/5/transacoes HTTP/1.0" from 172.27.0.5:52924 - 200 32B in 291.847288ms
app2-1   | 2024/02/09 01:16:28 "POST http://api/clientes/3/transacoes HTTP/1.0" from 172.27.0.5:43050 - 200 32B in 359.654687ms
app1-1   | 2024/02/09 01:16:28 "POST http://api/clientes/4/transacoes HTTP/1.0" from 172.27.0.5:52962 - 200 33B in 20.718061ms
app2-1   | 2024/02/09 01:16:28 "POST http://api/clientes/3/transacoes HTTP/1.0" from 172.27.0.5:43090 - 200 33B in 112.652862ms
app1-1   | 2024/02/09 01:16:28 "POST http://api/clientes/3/transacoes HTTP/1.0" from 172.27.0.5:52920 - 200 33B in 430.653838ms
app2-1   | 2024/02/09 01:16:28 "POST http://api/clientes/1/transacoes HTTP/1.0" from 172.27.0.5:43114 - 200 31B in 14.411313ms
app1-1   | 2024/02/09 01:16:28 "POST http://api/clientes/2/transacoes HTTP/1.0" from 172.27.0.5:52980 - 422 19B in 574.427µs
app2-1   | 2024/02/09 01:16:28 "POST http://api/clientes/2/transacoes HTTP/1.0" from 172.27.0.5:43116 - 200 30B in 21.765604ms
app1-1   | 2024/02/09 01:16:28 "POST http://api/clientes/3/transacoes HTTP/1.0" from 172.27.0.5:52986 - 200 33B in 22.388761ms
app1-1   | 2024/02/09 01:16:28 "POST http://api/clientes/4/transacoes HTTP/1.0" from 172.27.0.5:52996 - 422 19B in 501.714µs
app2-1   | 2024/02/09 01:16:28 "POST http://api/clientes/1/transacoes HTTP/1.0" from 172.27.0.5:43120 - 200 31B in 11.358513ms
app2-1   | 2024/02/09 01:16:28 "POST http://api/clientes/4/transacoes HTTP/1.0" from 172.27.0.5:43124 - 422 19B in 597.502µs
app2-1   | 2024/02/09 01:16:28 "POST http://api/clientes/5/transacoes HTTP/1.0" from 172.27.0.5:43140 - 422 19B in 496.692µs
app1-1   | 2024/02/09 01:16:28 "POST http://api/clientes/5/transacoes HTTP/1.0" from 172.27.0.5:53012 - 200 31B in 6.448638ms
app1-1   | 2024/02/09 01:16:28 "POST http://api/clientes/2/transacoes HTTP/1.0" from 172.27.0.5:53014 - 200 30B in 13.737521ms
app1-1   | 2024/02/09 01:16:28 "POST http://api/clientes/5/transacoes HTTP/1.0" from 172.27.0.5:53030 - 422 19B in 541.083µs
app2-1   | 2024/02/09 01:16:28 "GET http://api/clientes/3/extrato HTTP/1.0" from 172.27.0.5:43152 - 200 1069B in 1.281113ms
app2-1   | 2024/02/09 01:16:28 "POST http://api/clientes/5/transacoes HTTP/1.0" from 172.27.0.5:43146 - 200 31B in 20.765033ms
app1-1   | 2024/02/09 01:16:28 "POST http://api/clientes/1/transacoes HTTP/1.0" from 172.27.0.5:53034 - 200 31B in 9.055014ms
app1-1   | 2024/02/09 01:16:29 "POST http://api/clientes/4/transacoes HTTP/1.0" from 172.27.0.5:36074 - 422 19B in 429.143µs
app2-1   | 2024/02/09 01:16:29 "POST http://api/clientes/2/transacoes HTTP/1.0" from 172.27.0.5:36170 - 200 30B in 10.873552ms
app2-1   | 2024/02/09 01:16:29 "POST http://api/clientes/3/transacoes HTTP/1.0" from 172.27.0.5:36182 - 200 32B in 8.568878ms
app2-1   | 2024/02/09 01:16:29 "POST http://api/clientes/1/transacoes HTTP/1.0" from 172.27.0.5:36192 - 200 31B in 10.8727ms
app1-1   | 2024/02/09 01:16:29 "POST http://api/clientes/3/transacoes HTTP/1.0" from 172.27.0.5:36090 - 200 33B in 11.700571ms
app1-1   | 2024/02/09 01:16:29 "POST http://api/clientes/1/transacoes HTTP/1.0" from 172.27.0.5:36102 - 200 32B in 19.404159ms
app1-1   | 2024/02/09 01:16:29 "POST http://api/clientes/1/transacoes HTTP/1.0" from 172.27.0.5:36118 - 422 19B in 337.756µs
app2-1   | 2024/02/09 01:16:29 "POST http://api/clientes/3/transacoes HTTP/1.0" from 172.27.0.5:36206 - 200 33B in 4.793612ms
app2-1   | 2024/02/09 01:16:29 "POST http://api/clientes/5/transacoes HTTP/1.0" from 172.27.0.5:36210 - 422 19B in 450.22µs
app1-1   | 2024/02/09 01:16:29 "GET http://api/clientes/4/extrato HTTP/1.0" from 172.27.0.5:36142 - 200 1071B in 1.209845ms
app1-1   | 2024/02/09 01:16:29 "POST http://api/clientes/2/transacoes HTTP/1.0" from 172.27.0.5:36134 - 200 30B in 12.21644ms
app2-1   | 2024/02/09 01:16:29 "POST http://api/clientes/2/transacoes HTTP/1.0" from 172.27.0.5:36226 - 200 30B in 12.08699ms
app2-1   | 2024/02/09 01:16:29 "POST http://api/clientes/2/transacoes HTTP/1.0" from 172.27.0.5:36234 - 200 30B in 10.579042ms
app2-1   | 2024/02/09 01:16:29 "POST http://api/clientes/1/transacoes HTTP/1.0" from 172.27.0.5:36248 - 422 19B in 414.745µs
app1-1   | 2024/02/09 01:16:29 "POST http://api/clientes/1/transacoes HTTP/1.0" from 172.27.0.5:36156 - 200 31B in 9.642712ms
app1-1   | 2024/02/09 01:16:29 "POST http://api/clientes/5/transacoes HTTP/1.0" from 172.27.0.5:36170 - 422 19B in 531.608µs
app1-1   | 2024/02/09 01:16:29 "POST http://api/clientes/4/transacoes HTTP/1.0" from 172.27.0.5:36182 - 422 19B in 481.806µs
app2-1   | 2024/02/09 01:16:29 "POST http://api/clientes/3/transacoes HTTP/1.0" from 172.27.0.5:36250 - 200 33B in 8.690664ms
app2-1   | 2024/02/09 01:16:29 "POST http://api/clientes/2/transacoes HTTP/1.0" from 172.27.0.5:36254 - 200 30B in 8.942305ms
app1-1   | 2024/02/09 01:16:29 "POST http://api/clientes/1/transacoes HTTP/1.0" from 172.27.0.5:36192 - 200 32B in 9.00183ms
app2-1   | 2024/02/09 01:16:29 "POST http://api/clientes/3/transacoes HTTP/1.0" from 172.27.0.5:36262 - 200 33B in 2.041558ms
app1-1   | 2024/02/09 01:16:29 "POST http://api/clientes/4/transacoes HTTP/1.0" from 172.27.0.5:36198 - 422 19B in 526.299µs
app2-1   | 2024/02/09 01:16:29 "POST http://api/clientes/4/transacoes HTTP/1.0" from 172.27.0.5:36272 - 200 33B in 4.416371ms
app1-1   | 2024/02/09 01:16:29 "POST http://api/clientes/3/transacoes HTTP/1.0" from 172.27.0.5:36214 - 200 33B in 2.067123ms
app2-1   | 2024/02/09 01:16:29 "POST http://api/clientes/4/transacoes HTTP/1.0" from 172.27.0.5:36276 - 200 34B in 8.986935ms
app1-1   | 2024/02/09 01:16:29 "POST http://api/clientes/2/transacoes HTTP/1.0" from 172.27.0.5:36216 - 200 30B in 9.27366ms
app2-1   | 2024/02/09 01:16:29 "POST http://api/clientes/1/transacoes HTTP/1.0" from 172.27.0.5:36282 - 200 31B in 1.979538ms
app1-1   | 2024/02/09 01:16:29 "POST http://api/clientes/2/transacoes HTTP/1.0" from 172.27.0.5:36224 - 200 30B in 8.733571ms
app2-1   | 2024/02/09 01:16:30 "POST http://api/clientes/4/transacoes HTTP/1.0" from 172.27.0.5:36290 - 200 33B in 2.240058ms
app1-1   | 2024/02/09 01:16:30 "POST http://api/clientes/4/transacoes HTTP/1.0" from 172.27.0.5:36226 - 200 34B in 25.958933ms
app2-1   | 2024/02/09 01:16:30 "POST http://api/clientes/2/transacoes HTTP/1.0" from 172.27.0.5:36306 - 422 19B in 422.543µs
app1-1   | 2024/02/09 01:16:30 "POST http://api/clientes/2/transacoes HTTP/1.0" from 172.27.0.5:36234 - 200 30B in 3.944593ms
app2-1   | 2024/02/09 01:16:30 "POST http://api/clientes/3/transacoes HTTP/1.0" from 172.27.0.5:36312 - 200 32B in 10.705254ms
app1-1   | 2024/02/09 01:16:30 "POST http://api/clientes/4/transacoes HTTP/1.0" from 172.27.0.5:36236 - 422 19B in 440.829µs
app2-1   | 2024/02/09 01:16:30 "POST http://api/clientes/4/transacoes HTTP/1.0" from 172.27.0.5:36328 - 200 33B in 14.254375ms
app1-1   | 2024/02/09 01:16:30 "POST http://api/clientes/1/transacoes HTTP/1.0" from 172.27.0.5:36244 - 200 30B in 5.384021ms
app2-1   | 2024/02/09 01:16:30 "POST http://api/clientes/1/transacoes HTTP/1.0" from 172.27.0.5:36330 - 422 19B in 479.475µs
app1-1   | 2024/02/09 01:16:30 "POST http://api/clientes/4/transacoes HTTP/1.0" from 172.27.0.5:36258 - 200 34B in 3.714426ms
app2-1   | 2024/02/09 01:16:30 "POST http://api/clientes/4/transacoes HTTP/1.0" from 172.27.0.5:36332 - 200 33B in 19.799606ms
app2-1   | 2024/02/09 01:16:30 "GET http://api/clientes/3/extrato HTTP/1.0" from 172.27.0.5:36344 - 200 1070B in 1.717897ms
app1-1   | 2024/02/09 01:16:30 "POST http://api/clientes/5/transacoes HTTP/1.0" from 172.27.0.5:36270 - 200 32B in 10.266699ms
app1-1   | 2024/02/09 01:16:30 "POST http://api/clientes/3/transacoes HTTP/1.0" from 172.27.0.5:36284 - 200 32B in 8.79316ms
app2-1   | 2024/02/09 01:16:30 "POST http://api/clientes/5/transacoes HTTP/1.0" from 172.27.0.5:36360 - 200 31B in 11.933551ms
app2-1   | 2024/02/09 01:16:30 "POST http://api/clientes/4/transacoes HTTP/1.0" from 172.27.0.5:36370 - 200 34B in 11.649212ms
app1-1   | 2024/02/09 01:16:30 "POST http://api/clientes/3/transacoes HTTP/1.0" from 172.27.0.5:36288 - 200 33B in 12.672762ms
app1-1   | 2024/02/09 01:16:30 "POST http://api/clientes/2/transacoes HTTP/1.0" from 172.27.0.5:36294 - 200 29B in 11.802435ms
app2-1   | 2024/02/09 01:16:30 "POST http://api/clientes/4/transacoes HTTP/1.0" from 172.27.0.5:36376 - 200 33B in 16.56836ms
app1-1   | 2024/02/09 01:16:30 "POST http://api/clientes/2/transacoes HTTP/1.0" from 172.27.0.5:36298 - 200 30B in 17.24898ms
app2-1   | 2024/02/09 01:16:30 "POST http://api/clientes/5/transacoes HTTP/1.0" from 172.27.0.5:36392 - 200 31B in 11.804825ms
app2-1   | 2024/02/09 01:16:30 "POST http://api/clientes/2/transacoes HTTP/1.0" from 172.27.0.5:36408 - 200 30B in 11.488912ms
app1-1   | 2024/02/09 01:16:30 "POST http://api/clientes/4/transacoes HTTP/1.0" from 172.27.0.5:36306 - 200 34B in 12.373905ms
app1-1   | 2024/02/09 01:16:30 "POST http://api/clientes/4/transacoes HTTP/1.0" from 172.27.0.5:36320 - 200 33B in 16.092644ms
app1-1   | 2024/02/09 01:16:30 "POST http://api/clientes/3/transacoes HTTP/1.0" from 172.27.0.5:36332 - 422 19B in 434.308µs
app2-1   | 2024/02/09 01:16:30 "POST http://api/clientes/2/transacoes HTTP/1.0" from 172.27.0.5:36414 - 200 31B in 6.265148ms
app2-1   | 2024/02/09 01:16:30 "POST http://api/clientes/2/transacoes HTTP/1.0" from 172.27.0.5:36428 - 200 31B in 5.967157ms
app2-1   | 2024/02/09 01:16:30 "GET http://api/clientes/1/extrato HTTP/1.0" from 172.27.0.5:36434 - 200 1069B in 1.064351ms
app1-1   | 2024/02/09 01:16:30 "POST http://api/clientes/1/transacoes HTTP/1.0" from 172.27.0.5:36356 - 422 19B in 757.353µs
app1-1   | 2024/02/09 01:16:30 "POST http://api/clientes/5/transacoes HTTP/1.0" from 172.27.0.5:36348 - 200 32B in 6.601674ms
app2-1   | 2024/02/09 01:16:30 "POST http://api/clientes/5/transacoes HTTP/1.0" from 172.27.0.5:36448 - 200 31B in 8.377982ms
app2-1   | 2024/02/09 01:16:31 "POST http://api/clientes/1/transacoes HTTP/1.0" from 172.27.0.5:36454 - 422 19B in 389.565µs
app1-1   | 2024/02/09 01:16:31 "POST http://api/clientes/3/transacoes HTTP/1.0" from 172.27.0.5:36372 - 200 33B in 16.975448ms
app1-1   | 2024/02/09 01:16:31 "POST http://api/clientes/3/transacoes HTTP/1.0" from 172.27.0.5:36378 - 422 19B in 390.895µs
app2-1   | 2024/02/09 01:16:31 "POST http://api/clientes/1/transacoes HTTP/1.0" from 172.27.0.5:36456 - 200 31B in 11.496774ms
app1-1   | 2024/02/09 01:16:31 "POST http://api/clientes/4/transacoes HTTP/1.0" from 172.27.0.5:36380 - 200 32B in 11.163247ms
app2-1   | 2024/02/09 01:16:31 "POST http://api/clientes/1/transacoes HTTP/1.0" from 172.27.0.5:36458 - 200 31B in 11.274897ms
app1-1   | 2024/02/09 01:16:31 "POST http://api/clientes/5/transacoes HTTP/1.0" from 172.27.0.5:36384 - 200 31B in 11.741636ms
app2-1   | 2024/02/09 01:16:31 "POST http://api/clientes/5/transacoes HTTP/1.0" from 172.27.0.5:36462 - 200 32B in 12.222205ms
app1-1   | 2024/02/09 01:16:31 "POST http://api/clientes/5/transacoes HTTP/1.0" from 172.27.0.5:36390 - 422 19B in 443.528µs
app1-1   | 2024/02/09 01:16:31 "POST http://api/clientes/3/transacoes HTTP/1.0" from 172.27.0.5:36400 - 422 19B in 334.43µs
app2-1   | 2024/02/09 01:16:31 "POST http://api/clientes/1/transacoes HTTP/1.0" from 172.27.0.5:36468 - 200 32B in 11.673366ms
app2-1   | 2024/02/09 01:16:31 "POST http://api/clientes/1/transacoes HTTP/1.0" from 172.27.0.5:36482 - 200 31B in 11.053399ms
app1-1   | 2024/02/09 01:16:31 "POST http://api/clientes/5/transacoes HTTP/1.0" from 172.27.0.5:36418 - 422 19B in 478.243µs
app1-1   | 2024/02/09 01:16:31 "GET http://api/clientes/4/extrato HTTP/1.0" from 172.27.0.5:36408 - 200 1072B in 1.174645ms
app2-1   | 2024/02/09 01:16:31 "POST http://api/clientes/3/transacoes HTTP/1.0" from 172.27.0.5:36494 - 200 33B in 11.958902ms
app2-1   | 2024/02/09 01:16:31 "POST http://api/clientes/1/transacoes HTTP/1.0" from 172.27.0.5:36500 - 422 19B in 483.24µs
app2-1   | 2024/02/09 01:16:31 "POST http://api/clientes/3/transacoes HTTP/1.0" from 172.27.0.5:36516 - 422 19B in 474.846µs
app1-1   | 2024/02/09 01:16:31 "POST http://api/clientes/3/transacoes HTTP/1.0" from 172.27.0.5:36434 - 200 32B in 8.919967ms
app1-1   | 2024/02/09 01:16:31 "POST http://api/clientes/1/transacoes HTTP/1.0" from 172.27.0.5:36438 - 422 19B in 410.042µs
app2-1   | 2024/02/09 01:16:31 "POST http://api/clientes/1/transacoes HTTP/1.0" from 172.27.0.5:36518 - 200 31B in 5.364303ms
app1-1   | 2024/02/09 01:16:31 "POST http://api/clientes/4/transacoes HTTP/1.0" from 172.27.0.5:36452 - 422 19B in 522.73µs
