 Network rinha-net  Creating
 Network rinha-net  Created
 Container olukkas-db-1  Creating
 Container olukkas-db-1  Created
 Container olukkas-app1-1  Creating
 Container olukkas-app2-1  Creating
 Container olukkas-app1-1  Created
 Container olukkas-app2-1  Created
 Container olukkas-nginx-1  Creating
 Container olukkas-nginx-1  Created
Attaching to app1-1, app2-1, db-1, nginx-1
db-1     | The files belonging to this database system will be owned by user "postgres".
db-1     | This user must also own the server process.
db-1     | 
db-1     | The database cluster will be initialized with locale "en_US.utf8".
db-1     | The default database encoding has accordingly been set to "UTF8".
db-1     | The default text search configuration will be set to "english".
db-1     | 
db-1     | Data page checksums are disabled.
db-1     | 
db-1     | fixing permissions on existing directory /var/lib/postgresql/data ... ok
db-1     | creating subdirectories ... ok
db-1     | selecting default max_connections ... 100
db-1     | selecting default shared_buffers ... 128MB
db-1     | selecting default timezone ... Etc/UTC
db-1     | selecting dynamic shared memory implementation ... posix
db-1     | creating configuration files ... ok
app2-1   | listening on port: 3000
app1-1   | listening on port: 3000
db-1     | creating template1 database in /var/lib/postgresql/data/base/1 ... ok
db-1     | initializing pg_authid ... ok
db-1     | setting password ... ok
db-1     | initializing dependencies ... ok
db-1     | creating system views ... ok
db-1     | loading system objects' descriptions ... ok
db-1     | creating collations ... ok
nginx-1  | /docker-entrypoint.sh: /docker-entrypoint.d/ is not empty, will attempt to perform configuration
nginx-1  | /docker-entrypoint.sh: Looking for shell scripts in /docker-entrypoint.d/
nginx-1  | /docker-entrypoint.sh: Launching /docker-entrypoint.d/10-listen-on-ipv6-by-default.sh
nginx-1  | 10-listen-on-ipv6-by-default.sh: info: Getting the checksum of /etc/nginx/conf.d/default.conf
nginx-1  | 10-listen-on-ipv6-by-default.sh: info: Enabled listen on IPv6 in /etc/nginx/conf.d/default.conf
nginx-1  | /docker-entrypoint.sh: Sourcing /docker-entrypoint.d/15-local-resolvers.envsh
nginx-1  | /docker-entrypoint.sh: Launching /docker-entrypoint.d/20-envsubst-on-templates.sh
nginx-1  | /docker-entrypoint.sh: Launching /docker-entrypoint.d/30-tune-worker-processes.sh
nginx-1  | /docker-entrypoint.sh: Configuration complete; ready for start up
db-1     | creating conversions ... ok
db-1     | creating dictionaries ... ok
db-1     | setting privileges on built-in objects ... ok
db-1     | creating information schema ... ok
db-1     | loading PL/pgSQL server-side language ... ok
db-1     | vacuuming database template1 ... ok
db-1     | copying template1 to template0 ... ok
db-1     | copying template1 to postgres ... ok
db-1     | 
db-1     | WARNING: enabling "trust" authentication for local connections
db-1     | You can change this by editing pg_hba.conf or using the option -A, or
db-1     | --auth-local and --auth-host, the next time you run initdb.
db-1     | syncing data to disk ... ok
db-1     | 
db-1     | Success. You can now start the database server using:
db-1     | 
db-1     |     postgres -D /var/lib/postgresql/data
db-1     | or
db-1     |     pg_ctl -D /var/lib/postgresql/data -l logfile start
db-1     | 
db-1     | waiting for server to start....LOG:  database system was shut down at 2024-02-16 13:20:04 UTC
db-1     | LOG:  MultiXact member wraparound protections are now enabled
db-1     | LOG:  autovacuum launcher started
db-1     | LOG:  database system is ready to accept connections
db-1     |  done
db-1     | server started
app1-1   | 2024/02/16 13:20:06 "GET http://api/clientes/1/extrato HTTP/1.0" from 172.26.0.5:54860 - 500 54B in 756.094µs
db-1     | CREATE DATABASE
db-1     | 
db-1     | 
db-1     | /usr/local/bin/docker-entrypoint.sh: running /docker-entrypoint-initdb.d/init.sql
db-1     | CREATE TABLE
db-1     | CREATE TABLE
db-1     | INSERT 0 5
db-1     | 
db-1     | 
db-1     | LOG:  received fast shutdown request
db-1     | LOG:  aborting any active transactions
db-1     | waiting for server to shut down....LOG:  autovacuum launcher shutting down
db-1     | LOG:  shutting down
db-1     | LOG:  database system is shut down
db-1     |  done
db-1     | server stopped
db-1     | 
db-1     | PostgreSQL init process complete; ready for start up.
db-1     | 
db-1     | LOG:  database system was shut down at 2024-02-16 13:20:07 UTC
db-1     | LOG:  MultiXact member wraparound protections are now enabled
db-1     | LOG:  autovacuum launcher started
db-1     | LOG:  database system is ready to accept connections
app2-1   | 2024/02/16 13:20:08 "GET http://api/clientes/1/extrato HTTP/1.0" from 172.26.0.5:59290 - 200 112B in 5.582088ms
app1-1   | 2024/02/16 13:20:08 "GET http://api/clientes/1/extrato HTTP/1.0" from 172.26.0.5:54874 - 200 112B in 2.825286ms
app2-1   | 2024/02/16 13:20:13 "POST http://api/clientes/1/transacoes HTTP/1.0" from 172.26.0.5:35830 - 422 19B in 658.221µs
app1-1   | 2024/02/16 13:20:13 "POST http://api/clientes/1/transacoes HTTP/1.0" from 172.26.0.5:56046 - 422 19B in 405.616µs
app1-1   | 2024/02/16 13:20:13 "POST http://api/clientes/1/transacoes HTTP/1.0" from 172.26.0.5:56058 - 422 19B in 2.41597ms
app2-1   | 2024/02/16 13:20:13 "POST http://api/clientes/1/transacoes HTTP/1.0" from 172.26.0.5:35834 - 422 19B in 1.946284ms
app2-1   | 2024/02/16 13:20:13 "POST http://api/clientes/1/transacoes HTTP/1.0" from 172.26.0.5:35844 - 422 19B in 4.415436ms
app2-1   | 2024/02/16 13:20:13 "POST http://api/clientes/1/transacoes HTTP/1.0" from 172.26.0.5:35848 - 422 19B in 7.598163ms
app2-1   | 2024/02/16 13:20:13 "POST http://api/clientes/1/transacoes HTTP/1.0" from 172.26.0.5:35838 - 422 19B in 10.341655ms
app1-1   | 2024/02/16 13:20:13 "POST http://api/clientes/1/transacoes HTTP/1.0" from 172.26.0.5:56086 - 422 19B in 11.462754ms
app1-1   | 2024/02/16 13:20:13 "POST http://api/clientes/1/transacoes HTTP/1.0" from 172.26.0.5:56074 - 422 19B in 12.151858ms
app1-1   | 2024/02/16 13:20:13 "POST http://api/clientes/1/transacoes HTTP/1.0" from 172.26.0.5:56090 - 422 19B in 2.974101ms
app2-1   | 2024/02/16 13:20:13 "POST http://api/clientes/1/transacoes HTTP/1.0" from 172.26.0.5:35874 - 422 19B in 1.323339ms
app2-1   | 2024/02/16 13:20:13 "POST http://api/clientes/1/transacoes HTTP/1.0" from 172.26.0.5:35858 - 422 19B in 2.872618ms
app1-1   | 2024/02/16 13:20:13 "POST http://api/clientes/1/transacoes HTTP/1.0" from 172.26.0.5:56106 - 422 19B in 2.638198ms
app2-1   | 2024/02/16 13:20:13 "POST http://api/clientes/1/transacoes HTTP/1.0" from 172.26.0.5:35884 - 422 19B in 3.623312ms
app2-1   | 2024/02/16 13:20:13 "POST http://api/clientes/1/transacoes HTTP/1.0" from 172.26.0.5:35880 - 422 19B in 9.581382ms
app1-1   | 2024/02/16 13:20:13 "POST http://api/clientes/1/transacoes HTTP/1.0" from 172.26.0.5:56144 - 422 19B in 10.35708ms
app2-1   | 2024/02/16 13:20:13 "POST http://api/clientes/1/transacoes HTTP/1.0" from 172.26.0.5:35886 - 422 19B in 11.233972ms
app2-1   | 2024/02/16 13:20:13 "POST http://api/clientes/1/transacoes HTTP/1.0" from 172.26.0.5:35890 - 422 19B in 12.962252ms
app1-1   | 2024/02/16 13:20:13 "POST http://api/clientes/1/transacoes HTTP/1.0" from 172.26.0.5:56134 - 422 19B in 14.337025ms
app1-1   | 2024/02/16 13:20:13 "POST http://api/clientes/1/transacoes HTTP/1.0" from 172.26.0.5:56158 - 422 19B in 15.433347ms
app1-1   | 2024/02/16 13:20:13 "POST http://api/clientes/1/transacoes HTTP/1.0" from 172.26.0.5:56096 - 422 19B in 15.903172ms
app1-1   | 2024/02/16 13:20:13 "POST http://api/clientes/1/transacoes HTTP/1.0" from 172.26.0.5:56124 - 422 19B in 16.05384ms
app2-1   | 2024/02/16 13:20:13 "POST http://api/clientes/1/transacoes HTTP/1.0" from 172.26.0.5:35892 - 422 19B in 21.13498ms
app2-1   | 2024/02/16 13:20:13 "POST http://api/clientes/1/transacoes HTTP/1.0" from 172.26.0.5:35888 - 422 19B in 22.756951ms
app1-1   | 2024/02/16 13:20:13 "POST http://api/clientes/1/transacoes HTTP/1.0" from 172.26.0.5:56116 - 422 19B in 24.289834ms
app1-1   | 2024/02/16 13:20:14 "GET http://api/clientes/1/extrato HTTP/1.0" from 172.26.0.5:56164 - 200 112B in 816.769µs
app1-1   | 2024/02/16 13:20:15 "POST http://api/clientes/1/transacoes HTTP/1.0" from 172.26.0.5:56192 - 200 28B in 8.912011ms
app1-1   | 2024/02/16 13:20:15 "POST http://api/clientes/1/transacoes HTTP/1.0" from 172.26.0.5:56176 - 200 28B in 10.483014ms
app2-1   | 2024/02/16 13:20:15 "POST http://api/clientes/1/transacoes HTTP/1.0" from 172.26.0.5:35916 - 200 28B in 12.543191ms
app2-1   | 2024/02/16 13:20:15 "POST http://api/clientes/1/transacoes HTTP/1.0" from 172.26.0.5:35920 - 200 28B in 11.816165ms
app2-1   | 2024/02/16 13:20:15 "POST http://api/clientes/1/transacoes HTTP/1.0" from 172.26.0.5:35900 - 200 28B in 15.462658ms
app2-1   | 2024/02/16 13:20:15 "POST http://api/clientes/1/transacoes HTTP/1.0" from 172.26.0.5:35934 - 200 28B in 14.762248ms
app2-1   | 2024/02/16 13:20:15 "POST http://api/clientes/1/transacoes HTTP/1.0" from 172.26.0.5:35946 - 200 28B in 16.312309ms
app1-1   | 2024/02/16 13:20:15 "POST http://api/clientes/1/transacoes HTTP/1.0" from 172.26.0.5:56238 - 200 28B in 16.364245ms
app2-1   | 2024/02/16 13:20:15 "POST http://api/clientes/1/transacoes HTTP/1.0" from 172.26.0.5:35968 - 200 28B in 19.784813ms
app2-1   | 2024/02/16 13:20:15 "POST http://api/clientes/1/transacoes HTTP/1.0" from 172.26.0.5:35960 - 200 28B in 25.225337ms
app1-1   | 2024/02/16 13:20:15 "POST http://api/clientes/1/transacoes HTTP/1.0" from 172.26.0.5:56216 - 200 28B in 26.208398ms
app1-1   | 2024/02/16 13:20:15 "POST http://api/clientes/1/transacoes HTTP/1.0" from 172.26.0.5:56206 - 200 28B in 27.782856ms
app1-1   | 2024/02/16 13:20:15 "POST http://api/clientes/1/transacoes HTTP/1.0" from 172.26.0.5:56252 - 200 28B in 38.572583ms
app1-1   | 2024/02/16 13:20:15 "POST http://api/clientes/1/transacoes HTTP/1.0" from 172.26.0.5:56194 - 200 28B in 40.392655ms
app2-1   | 2024/02/16 13:20:15 "POST http://api/clientes/1/transacoes HTTP/1.0" from 172.26.0.5:35914 - 200 28B in 45.845966ms
app1-1   | 2024/02/16 13:20:15 "POST http://api/clientes/1/transacoes HTTP/1.0" from 172.26.0.5:56268 - 200 28B in 23.912532ms
app1-1   | 2024/02/16 13:20:15 "POST http://api/clientes/1/transacoes HTTP/1.0" from 172.26.0.5:56276 - 200 28B in 25.704506ms
app2-1   | 2024/02/16 13:20:15 "POST http://api/clientes/1/transacoes HTTP/1.0" from 172.26.0.5:35990 - 200 28B in 27.13797ms
app1-1   | 2024/02/16 13:20:15 "POST http://api/clientes/1/transacoes HTTP/1.0" from 172.26.0.5:56280 - 200 28B in 29.072802ms
app2-1   | 2024/02/16 13:20:15 "POST http://api/clientes/1/transacoes HTTP/1.0" from 172.26.0.5:35982 - 200 28B in 30.663498ms
app2-1   | 2024/02/16 13:20:15 "POST http://api/clientes/1/transacoes HTTP/1.0" from 172.26.0.5:35980 - 200 28B in 52.173357ms
app2-1   | 2024/02/16 13:20:15 "POST http://api/clientes/1/transacoes HTTP/1.0" from 172.26.0.5:36004 - 200 28B in 33.486175ms
app1-1   | 2024/02/16 13:20:15 "POST http://api/clientes/1/transacoes HTTP/1.0" from 172.26.0.5:56256 - 200 28B in 55.388858ms
app1-1   | 2024/02/16 13:20:15 "POST http://api/clientes/1/transacoes HTTP/1.0" from 172.26.0.5:56222 - 200 28B in 56.96377ms
app2-1   | 2024/02/16 13:20:15 "POST http://api/clientes/1/transacoes HTTP/1.0" from 172.26.0.5:35930 - 200 28B in 60.291121ms
app1-1   | 2024/02/16 13:20:16 "GET http://api/clientes/1/extrato HTTP/1.0" from 172.26.0.5:56292 - 200 1028B in 1.126685ms
app2-1   | 2024/02/16 13:20:17 "GET http://api/clientes/6/extrato HTTP/1.0" from 172.26.0.5:36018 - 404 27B in 571.776µs
app1-1   | 2024/02/16 13:20:17 "GET http://api/clientes/2/extrato HTTP/1.0" from 172.26.0.5:56312 - 200 111B in 1.079993ms
app2-1   | 2024/02/16 13:20:17 "GET http://api/clientes/3/extrato HTTP/1.0" from 172.26.0.5:36032 - 200 113B in 1.052936ms
app2-1   | 2024/02/16 13:20:17 "GET http://api/clientes/1/extrato HTTP/1.0" from 172.26.0.5:36024 - 200 1027B in 1.338502ms
app1-1   | 2024/02/16 13:20:17 "GET http://api/clientes/5/extrato HTTP/1.0" from 172.26.0.5:56314 - 200 112B in 870.277µs
app1-1   | 2024/02/16 13:20:17 "GET http://api/clientes/4/extrato HTTP/1.0" from 172.26.0.5:56302 - 200 114B in 3.873982ms
app1-1   | 2024/02/16 13:20:17 "POST http://api/clientes/2/transacoes HTTP/1.0" from 172.26.0.5:56322 - 200 27B in 2.976998ms
app2-1   | 2024/02/16 13:20:17 "POST http://api/clientes/4/transacoes HTTP/1.0" from 172.26.0.5:36058 - 200 30B in 4.652741ms
app2-1   | 2024/02/16 13:20:17 "POST http://api/clientes/3/transacoes HTTP/1.0" from 172.26.0.5:36042 - 200 29B in 5.715498ms
app1-1   | 2024/02/16 13:20:17 "POST http://api/clientes/5/transacoes HTTP/1.0" from 172.26.0.5:56320 - 200 28B in 5.263846ms
app2-1   | 2024/02/16 13:20:17 "POST http://api/clientes/1/transacoes HTTP/1.0" from 172.26.0.5:36062 - 200 28B in 7.11487ms
app2-1   | 2024/02/16 13:20:17 "POST http://api/clientes/3/transacoes HTTP/1.0" from 172.26.0.5:36076 - 200 29B in 2.81914ms
app2-1   | 2024/02/16 13:20:17 "GET http://api/clientes/3/extrato HTTP/1.0" from 172.26.0.5:36086 - 200 287B in 634.845µs
app1-1   | 2024/02/16 13:20:17 "POST http://api/clientes/5/transacoes HTTP/1.0" from 172.26.0.5:56338 - 200 28B in 5.403225ms
app1-1   | 2024/02/16 13:20:17 "POST http://api/clientes/4/transacoes HTTP/1.0" from 172.26.0.5:56328 - 200 30B in 6.695706ms
app2-1   | 2024/02/16 13:20:17 "GET http://api/clientes/5/extrato HTTP/1.0" from 172.26.0.5:36096 - 200 286B in 523.655µs
app1-1   | 2024/02/16 13:20:17 "GET http://api/clientes/4/extrato HTTP/1.0" from 172.26.0.5:56362 - 200 288B in 569.108µs
app2-1   | 2024/02/16 13:20:17 "POST http://api/clientes/2/transacoes HTTP/1.0" from 172.26.0.5:36082 - 200 27B in 7.028277ms
app1-1   | 2024/02/16 13:20:17 "POST http://api/clientes/1/transacoes HTTP/1.0" from 172.26.0.5:56350 - 200 28B in 6.83875ms
app2-1   | 2024/02/16 13:20:17 "GET http://api/clientes/2/extrato HTTP/1.0" from 172.26.0.5:36112 - 200 283B in 1.509706ms
app1-1   | 2024/02/16 13:20:17 "GET http://api/clientes/1/extrato HTTP/1.0" from 172.26.0.5:56376 - 200 1018B in 807.021µs
app1-1   | 2024/02/16 13:20:17 "POST http://api/clientes/3/transacoes HTTP/1.0" from 172.26.0.5:56378 - 400 85B in 400.123µs
app2-1   | 2024/02/16 13:20:17 "POST http://api/clientes/4/transacoes HTTP/1.0" from 172.26.0.5:36122 - 400 85B in 1.251038ms
app1-1   | 2024/02/16 13:20:17 "POST http://api/clientes/3/transacoes HTTP/1.0" from 172.26.0.5:56386 - 400 32B in 310.628µs
app2-1   | 2024/02/16 13:20:17 "POST http://api/clientes/2/transacoes HTTP/1.0" from 172.26.0.5:36136 - 400 85B in 375.115µs
app1-1   | 2024/02/16 13:20:17 "POST http://api/clientes/4/transacoes HTTP/1.0" from 172.26.0.5:56394 - 400 32B in 311.102µs
app2-1   | 2024/02/16 13:20:17 "POST http://api/clientes/3/transacoes HTTP/1.0" from 172.26.0.5:36148 - 400 63B in 337.691µs
app1-1   | 2024/02/16 13:20:17 "POST http://api/clientes/5/transacoes HTTP/1.0" from 172.26.0.5:56400 - 400 85B in 380.589µs
app2-1   | 2024/02/16 13:20:17 "POST http://api/clientes/4/transacoes HTTP/1.0" from 172.26.0.5:36158 - 400 63B in 322.464µs
app1-1   | 2024/02/16 13:20:17 "POST http://api/clientes/2/transacoes HTTP/1.0" from 172.26.0.5:56408 - 400 32B in 383.061µs
app2-1   | 2024/02/16 13:20:17 "POST http://api/clientes/3/transacoes HTTP/1.0" from 172.26.0.5:36164 - 400 43B in 299.238µs
app1-1   | 2024/02/16 13:20:17 "POST http://api/clientes/2/transacoes HTTP/1.0" from 172.26.0.5:56410 - 400 63B in 410.964µs
app1-1   | 2024/02/16 13:20:17 "POST http://api/clientes/5/transacoes HTTP/1.0" from 172.26.0.5:56424 - 400 32B in 294.234µs
app2-1   | 2024/02/16 13:20:17 "POST http://api/clientes/4/transacoes HTTP/1.0" from 172.26.0.5:36166 - 400 43B in 731.549µs
app2-1   | 2024/02/16 13:20:17 "POST http://api/clientes/1/transacoes HTTP/1.0" from 172.26.0.5:36174 - 400 85B in 298.046µs
app1-1   | 2024/02/16 13:20:17 "POST http://api/clientes/2/transacoes HTTP/1.0" from 172.26.0.5:56432 - 400 43B in 482.796µs
app2-1   | 2024/02/16 13:20:17 "POST http://api/clientes/1/transacoes HTTP/1.0" from 172.26.0.5:36194 - 400 32B in 332.859µs
app1-1   | 2024/02/16 13:20:17 "POST http://api/clientes/4/transacoes HTTP/1.0" from 172.26.0.5:56436 - 400 43B in 291.504µs
app1-1   | 2024/02/16 13:20:17 "POST http://api/clientes/5/transacoes HTTP/1.0" from 172.26.0.5:56444 - 400 63B in 303.901µs
app2-1   | 2024/02/16 13:20:17 "POST http://api/clientes/3/transacoes HTTP/1.0" from 172.26.0.5:36178 - 400 43B in 2.33373ms
app1-1   | 2024/02/16 13:20:17 "POST http://api/clientes/1/transacoes HTTP/1.0" from 172.26.0.5:56456 - 400 63B in 376.148µs
app2-1   | 2024/02/16 13:20:17 "POST http://api/clientes/2/transacoes HTTP/1.0" from 172.26.0.5:36210 - 400 43B in 239.541µs
app2-1   | 2024/02/16 13:20:17 "POST http://api/clientes/5/transacoes HTTP/1.0" from 172.26.0.5:36222 - 400 43B in 313.566µs
app1-1   | 2024/02/16 13:20:17 "POST http://api/clientes/1/transacoes HTTP/1.0" from 172.26.0.5:56472 - 400 43B in 291.671µs
app2-1   | 2024/02/16 13:20:17 "POST http://api/clientes/5/transacoes HTTP/1.0" from 172.26.0.5:36238 - 400 43B in 267.723µs
app1-1   | 2024/02/16 13:20:17 "POST http://api/clientes/1/transacoes HTTP/1.0" from 172.26.0.5:56474 - 400 43B in 298.415µs
app2-1   | 2024/02/16 13:20:18 "POST http://api/clientes/5/transacoes HTTP/1.0" from 172.26.0.5:50936 - 422 19B in 501.358µs
app2-1   | 2024/02/16 13:20:18 "GET http://api/clientes/1/extrato HTTP/1.0" from 172.26.0.5:50920 - 200 1021B in 2.240492ms
app1-1   | 2024/02/16 13:20:18 "POST http://api/clientes/2/transacoes HTTP/1.0" from 172.26.0.5:51160 - 200 30B in 3.151734ms
app1-1   | 2024/02/16 13:20:19 "GET http://api/clientes/5/extrato HTTP/1.0" from 172.26.0.5:51166 - 200 286B in 920.973µs
app2-1   | 2024/02/16 13:20:19 "POST http://api/clientes/1/transacoes HTTP/1.0" from 172.26.0.5:50940 - 422 19B in 826.928µs
app1-1   | 2024/02/16 13:20:19 "POST http://api/clientes/2/transacoes HTTP/1.0" from 172.26.0.5:51178 - 200 30B in 3.616072ms
app2-1   | 2024/02/16 13:20:20 "POST http://api/clientes/5/transacoes HTTP/1.0" from 172.26.0.5:50954 - 422 19B in 354.835µs
app1-1   | 2024/02/16 13:20:20 "POST http://api/clientes/2/transacoes HTTP/1.0" from 172.26.0.5:51190 - 200 31B in 3.02985ms
app2-1   | 2024/02/16 13:20:20 "POST http://api/clientes/3/transacoes HTTP/1.0" from 172.26.0.5:50962 - 200 32B in 4.507846ms
app1-1   | 2024/02/16 13:20:20 "POST http://api/clientes/2/transacoes HTTP/1.0" from 172.26.0.5:51194 - 422 19B in 461.819µs
app2-1   | 2024/02/16 13:20:20 "POST http://api/clientes/4/transacoes HTTP/1.0" from 172.26.0.5:50984 - 422 19B in 406.253µs
app2-1   | 2024/02/16 13:20:20 "GET http://api/clientes/1/extrato HTTP/1.0" from 172.26.0.5:50976 - 200 1021B in 962.89µs
app1-1   | 2024/02/16 13:20:20 "POST http://api/clientes/4/transacoes HTTP/1.0" from 172.26.0.5:51198 - 200 33B in 3.117469ms
app1-1   | 2024/02/16 13:20:21 "POST http://api/clientes/2/transacoes HTTP/1.0" from 172.26.0.5:51206 - 422 19B in 453.078µs
app2-1   | 2024/02/16 13:20:21 "POST http://api/clientes/2/transacoes HTTP/1.0" from 172.26.0.5:50992 - 200 31B in 3.121322ms
app1-1   | 2024/02/16 13:20:21 "POST http://api/clientes/5/transacoes HTTP/1.0" from 172.26.0.5:51212 - 422 19B in 381.43µs
app1-1   | 2024/02/16 13:20:21 "POST http://api/clientes/4/transacoes HTTP/1.0" from 172.26.0.5:51222 - 200 33B in 2.357336ms
app2-1   | 2024/02/16 13:20:21 "POST http://api/clientes/1/transacoes HTTP/1.0" from 172.26.0.5:50996 - 200 31B in 3.733757ms
app2-1   | 2024/02/16 13:20:21 "POST http://api/clientes/3/transacoes HTTP/1.0" from 172.26.0.5:51010 - 200 32B in 2.900001ms
app1-1   | 2024/02/16 13:20:21 "POST http://api/clientes/4/transacoes HTTP/1.0" from 172.26.0.5:51228 - 200 34B in 2.740377ms
app2-1   | 2024/02/16 13:20:21 "POST http://api/clientes/5/transacoes HTTP/1.0" from 172.26.0.5:51012 - 422 19B in 429.603µs
app1-1   | 2024/02/16 13:20:21 "POST http://api/clientes/2/transacoes HTTP/1.0" from 172.26.0.5:51232 - 422 19B in 602.292µs
app1-1   | 2024/02/16 13:20:21 "GET http://api/clientes/5/extrato HTTP/1.0" from 172.26.0.5:51248 - 200 286B in 731.313µs
app2-1   | 2024/02/16 13:20:21 "POST http://api/clientes/4/transacoes HTTP/1.0" from 172.26.0.5:51026 - 200 34B in 3.118499ms
app2-1   | 2024/02/16 13:20:22 "POST http://api/clientes/4/transacoes HTTP/1.0" from 172.26.0.5:51038 - 200 34B in 2.622539ms
app1-1   | 2024/02/16 13:20:22 "POST http://api/clientes/4/transacoes HTTP/1.0" from 172.26.0.5:51254 - 200 34B in 2.801469ms
app2-1   | 2024/02/16 13:20:22 "POST http://api/clientes/2/transacoes HTTP/1.0" from 172.26.0.5:51042 - 422 19B in 424.778µs
app1-1   | 2024/02/16 13:20:22 "POST http://api/clientes/5/transacoes HTTP/1.0" from 172.26.0.5:51266 - 422 19B in 444.418µs
app2-1   | 2024/02/16 13:20:22 "POST http://api/clientes/5/transacoes HTTP/1.0" from 172.26.0.5:51048 - 200 31B in 2.694631ms
app1-1   | 2024/02/16 13:20:22 "POST http://api/clientes/2/transacoes HTTP/1.0" from 172.26.0.5:51278 - 422 19B in 423.369µs
app2-1   | 2024/02/16 13:20:22 "POST http://api/clientes/2/transacoes HTTP/1.0" from 172.26.0.5:51060 - 422 19B in 419.701µs
app1-1   | 2024/02/16 13:20:22 "POST http://api/clientes/1/transacoes HTTP/1.0" from 172.26.0.5:51280 - 200 31B in 2.716075ms
app2-1   | 2024/02/16 13:20:22 "POST http://api/clientes/3/transacoes HTTP/1.0" from 172.26.0.5:51064 - 422 19B in 388.925µs
app2-1   | 2024/02/16 13:20:22 "GET http://api/clientes/5/extrato HTTP/1.0" from 172.26.0.5:51070 - 200 385B in 878.278µs
app1-1   | 2024/02/16 13:20:22 "POST http://api/clientes/4/transacoes HTTP/1.0" from 172.26.0.5:51282 - 200 34B in 3.60923ms
app1-1   | 2024/02/16 13:20:22 "POST http://api/clientes/5/transacoes HTTP/1.0" from 172.26.0.5:51290 - 200 32B in 3.968031ms
app2-1   | 2024/02/16 13:20:22 "POST http://api/clientes/5/transacoes HTTP/1.0" from 172.26.0.5:51086 - 422 19B in 446.1µs
app1-1   | 2024/02/16 13:20:23 "POST http://api/clientes/5/transacoes HTTP/1.0" from 172.26.0.5:51296 - 200 32B in 3.890218ms
app2-1   | 2024/02/16 13:20:23 "POST http://api/clientes/5/transacoes HTTP/1.0" from 172.26.0.5:51102 - 422 19B in 381.552µs
app1-1   | 2024/02/16 13:20:23 "POST http://api/clientes/4/transacoes HTTP/1.0" from 172.26.0.5:51312 - 200 34B in 2.647449ms
app2-1   | 2024/02/16 13:20:23 "POST http://api/clientes/3/transacoes HTTP/1.0" from 172.26.0.5:51118 - 200 32B in 5.51741ms
app1-1   | 2024/02/16 13:20:23 "POST http://api/clientes/1/transacoes HTTP/1.0" from 172.26.0.5:51320 - 200 31B in 2.674811ms
app2-1   | 2024/02/16 13:20:23 "POST http://api/clientes/3/transacoes HTTP/1.0" from 172.26.0.5:51122 - 200 33B in 2.540059ms
app1-1   | 2024/02/16 13:20:23 "POST http://api/clientes/4/transacoes HTTP/1.0" from 172.26.0.5:51322 - 200 34B in 3.115415ms
app2-1   | 2024/02/16 13:20:23 "POST http://api/clientes/1/transacoes HTTP/1.0" from 172.26.0.5:51124 - 422 19B in 385.926µs
app1-1   | 2024/02/16 13:20:23 "POST http://api/clientes/1/transacoes HTTP/1.0" from 172.26.0.5:51324 - 200 31B in 2.921411ms
app2-1   | 2024/02/16 13:20:23 "POST http://api/clientes/2/transacoes HTTP/1.0" from 172.26.0.5:51126 - 200 29B in 2.600926ms
app1-1   | 2024/02/16 13:20:23 "POST http://api/clientes/2/transacoes HTTP/1.0" from 172.26.0.5:51332 - 422 19B in 423.854µs
app2-1   | 2024/02/16 13:20:23 "GET http://api/clientes/1/extrato HTTP/1.0" from 172.26.0.5:51130 - 200 1039B in 984.087µs
app2-1   | 2024/02/16 13:20:23 "POST http://api/clientes/1/transacoes HTTP/1.0" from 172.26.0.5:51138 - 422 19B in 290.51µs
app1-1   | 2024/02/16 13:20:23 "POST http://api/clientes/1/transacoes HTTP/1.0" from 172.26.0.5:51348 - 200 32B in 3.187405ms
app1-1   | 2024/02/16 13:20:23 "POST http://api/clientes/1/transacoes HTTP/1.0" from 172.26.0.5:51354 - 200 31B in 3.213329ms
app2-1   | 2024/02/16 13:20:24 "POST http://api/clientes/2/transacoes HTTP/1.0" from 172.26.0.5:51146 - 200 30B in 2.714182ms
app1-1   | 2024/02/16 13:20:24 "POST http://api/clientes/3/transacoes HTTP/1.0" from 172.26.0.5:51368 - 422 19B in 442.602µs
app2-1   | 2024/02/16 13:20:24 "POST http://api/clientes/3/transacoes HTTP/1.0" from 172.26.0.5:51162 - 422 19B in 390.338µs
app1-1   | 2024/02/16 13:20:24 "POST http://api/clientes/2/transacoes HTTP/1.0" from 172.26.0.5:51380 - 200 30B in 2.835311ms
app2-1   | 2024/02/16 13:20:24 "POST http://api/clientes/4/transacoes HTTP/1.0" from 172.26.0.5:51174 - 200 34B in 2.529157ms
app1-1   | 2024/02/16 13:20:24 "POST http://api/clientes/3/transacoes HTTP/1.0" from 172.26.0.5:51396 - 422 19B in 385.413µs
app2-1   | 2024/02/16 13:20:24 "GET http://api/clientes/3/extrato HTTP/1.0" from 172.26.0.5:51178 - 200 675B in 756.528µs
app1-1   | 2024/02/16 13:20:24 "POST http://api/clientes/3/transacoes HTTP/1.0" from 172.26.0.5:51402 - 200 33B in 2.766844ms
app2-1   | 2024/02/16 13:20:24 "POST http://api/clientes/2/transacoes HTTP/1.0" from 172.26.0.5:51180 - 200 30B in 2.805335ms
app1-1   | 2024/02/16 13:20:24 "POST http://api/clientes/5/transacoes HTTP/1.0" from 172.26.0.5:51412 - 422 19B in 412.851µs
app2-1   | 2024/02/16 13:20:24 "POST http://api/clientes/1/transacoes HTTP/1.0" from 172.26.0.5:51192 - 200 31B in 2.931565ms
app1-1   | 2024/02/16 13:20:24 "POST http://api/clientes/3/transacoes HTTP/1.0" from 172.26.0.5:51414 - 422 19B in 411.377µs
app2-1   | 2024/02/16 13:20:24 "POST http://api/clientes/3/transacoes HTTP/1.0" from 172.26.0.5:51208 - 422 19B in 430.263µs
app1-1   | 2024/02/16 13:20:24 "POST http://api/clientes/1/transacoes HTTP/1.0" from 172.26.0.5:51418 - 200 31B in 2.928383ms
app2-1   | 2024/02/16 13:20:24 "POST http://api/clientes/4/transacoes HTTP/1.0" from 172.26.0.5:51218 - 200 34B in 3.399504ms
app1-1   | 2024/02/16 13:20:24 "GET http://api/clientes/4/extrato HTTP/1.0" from 172.26.0.5:51434 - 200 1072B in 963.207µs
app1-1   | 2024/02/16 13:20:24 "POST http://api/clientes/3/transacoes HTTP/1.0" from 172.26.0.5:51436 - 422 19B in 270.36µs
app2-1   | 2024/02/16 13:20:24 "POST http://api/clientes/5/transacoes HTTP/1.0" from 172.26.0.5:51222 - 200 31B in 3.510741ms
app2-1   | 2024/02/16 13:20:24 "POST http://api/clientes/3/transacoes HTTP/1.0" from 172.26.0.5:51234 - 422 19B in 391.213µs
app1-1   | 2024/02/16 13:20:25 "POST http://api/clientes/4/transacoes HTTP/1.0" from 172.26.0.5:51438 - 200 34B in 3.344629ms
app2-1   | 2024/02/16 13:20:25 "POST http://api/clientes/1/transacoes HTTP/1.0" from 172.26.0.5:51242 - 200 31B in 2.447142ms
app1-1   | 2024/02/16 13:20:25 "POST http://api/clientes/3/transacoes HTTP/1.0" from 172.26.0.5:51444 - 422 19B in 504.177µs
app2-1   | 2024/02/16 13:20:25 "POST http://api/clientes/5/transacoes HTTP/1.0" from 172.26.0.5:51258 - 200 31B in 2.77152ms
app1-1   | 2024/02/16 13:20:25 "POST http://api/clientes/5/transacoes HTTP/1.0" from 172.26.0.5:51458 - 200 30B in 2.884758ms
app2-1   | 2024/02/16 13:20:25 "POST http://api/clientes/1/transacoes HTTP/1.0" from 172.26.0.5:51268 - 200 31B in 2.409203ms
app1-1   | 2024/02/16 13:20:25 "POST http://api/clientes/5/transacoes HTTP/1.0" from 172.26.0.5:51466 - 200 31B in 3.60095ms
app2-1   | 2024/02/16 13:20:25 "POST http://api/clientes/5/transacoes HTTP/1.0" from 172.26.0.5:51276 - 200 30B in 2.420316ms
app1-1   | 2024/02/16 13:20:25 "POST http://api/clientes/3/transacoes HTTP/1.0" from 172.26.0.5:51482 - 422 19B in 377.29µs
app2-1   | 2024/02/16 13:20:25 "POST http://api/clientes/1/transacoes HTTP/1.0" from 172.26.0.5:51292 - 200 31B in 3.648925ms
app1-1   | 2024/02/16 13:20:25 "POST http://api/clientes/1/transacoes HTTP/1.0" from 172.26.0.5:51494 - 200 31B in 2.415309ms
app2-1   | 2024/02/16 13:20:25 "POST http://api/clientes/1/transacoes HTTP/1.0" from 172.26.0.5:51294 - 422 19B in 378.63µs
app1-1   | 2024/02/16 13:20:25 "POST http://api/clientes/1/transacoes HTTP/1.0" from 172.26.0.5:51498 - 200 32B in 2.578293ms
app2-1   | 2024/02/16 13:20:25 "POST http://api/clientes/3/transacoes HTTP/1.0" from 172.26.0.5:51310 - 422 19B in 376.917µs
app1-1   | 2024/02/16 13:20:25 "POST http://api/clientes/2/transacoes HTTP/1.0" from 172.26.0.5:51510 - 200 30B in 2.673966ms
app2-1   | 2024/02/16 13:20:25 "POST http://api/clientes/5/transacoes HTTP/1.0" from 172.26.0.5:51316 - 200 31B in 2.569546ms
app1-1   | 2024/02/16 13:20:25 "POST http://api/clientes/4/transacoes HTTP/1.0" from 172.26.0.5:51512 - 200 33B in 2.676448ms
app2-1   | 2024/02/16 13:20:25 "GET http://api/clientes/2/extrato HTTP/1.0" from 172.26.0.5:51340 - 200 1063B in 1.243793ms
app2-1   | 2024/02/16 13:20:25 "POST http://api/clientes/3/transacoes HTTP/1.0" from 172.26.0.5:51330 - 200 32B in 4.228843ms
app1-1   | 2024/02/16 13:20:25 "POST http://api/clientes/4/transacoes HTTP/1.0" from 172.26.0.5:51528 - 200 33B in 4.817644ms
app1-1   | 2024/02/16 13:20:25 "POST http://api/clientes/4/transacoes HTTP/1.0" from 172.26.0.5:51542 - 200 33B in 4.021803ms
app2-1   | 2024/02/16 13:20:25 "POST http://api/clientes/4/transacoes HTTP/1.0" from 172.26.0.5:51350 - 200 33B in 2.915167ms
app1-1   | 2024/02/16 13:20:26 "POST http://api/clientes/2/transacoes HTTP/1.0" from 172.26.0.5:51544 - 422 19B in 427.891µs
app2-1   | 2024/02/16 13:20:26 "POST http://api/clientes/4/transacoes HTTP/1.0" from 172.26.0.5:51366 - 200 33B in 3.069833ms
app1-1   | 2024/02/16 13:20:26 "POST http://api/clientes/2/transacoes HTTP/1.0" from 172.26.0.5:51548 - 200 30B in 3.154679ms
app2-1   | 2024/02/16 13:20:26 "POST http://api/clientes/1/transacoes HTTP/1.0" from 172.26.0.5:51368 - 200 31B in 2.760321ms
app1-1   | 2024/02/16 13:20:26 "POST http://api/clientes/1/transacoes HTTP/1.0" from 172.26.0.5:51556 - 422 19B in 407.704µs
app2-1   | 2024/02/16 13:20:26 "POST http://api/clientes/5/transacoes HTTP/1.0" from 172.26.0.5:51374 - 200 32B in 2.70492ms
app1-1   | 2024/02/16 13:20:26 "POST http://api/clientes/5/transacoes HTTP/1.0" from 172.26.0.5:51570 - 200 32B in 3.181624ms
app2-1   | 2024/02/16 13:20:26 "POST http://api/clientes/2/transacoes HTTP/1.0" from 172.26.0.5:51376 - 422 19B in 412.185µs
app2-1   | 2024/02/16 13:20:26 "GET http://api/clientes/1/extrato HTTP/1.0" from 172.26.0.5:51384 - 200 1067B in 776.989µs
app1-1   | 2024/02/16 13:20:26 "POST http://api/clientes/1/transacoes HTTP/1.0" from 172.26.0.5:51586 - 200 32B in 2.880773ms
app1-1   | 2024/02/16 13:20:26 "POST http://api/clientes/2/transacoes HTTP/1.0" from 172.26.0.5:51596 - 422 19B in 345.698µs
app2-1   | 2024/02/16 13:20:26 "POST http://api/clientes/1/transacoes HTTP/1.0" from 172.26.0.5:51390 - 200 32B in 2.621058ms
app1-1   | 2024/02/16 13:20:26 "POST http://api/clientes/2/transacoes HTTP/1.0" from 172.26.0.5:51602 - 200 30B in 4.229861ms
app2-1   | 2024/02/16 13:20:26 "POST http://api/clientes/2/transacoes HTTP/1.0" from 172.26.0.5:51402 - 200 29B in 3.290944ms
app1-1   | 2024/02/16 13:20:26 "POST http://api/clientes/1/transacoes HTTP/1.0" from 172.26.0.5:51614 - 200 31B in 2.606525ms
app2-1   | 2024/02/16 13:20:26 "POST http://api/clientes/1/transacoes HTTP/1.0" from 172.26.0.5:51410 - 200 31B in 2.9162ms
app1-1   | 2024/02/16 13:20:26 "POST http://api/clientes/5/transacoes HTTP/1.0" from 172.26.0.5:51626 - 200 31B in 2.300675ms
app2-1   | 2024/02/16 13:20:26 "POST http://api/clientes/2/transacoes HTTP/1.0" from 172.26.0.5:51416 - 422 19B in 391.038µs
app1-1   | 2024/02/16 13:20:26 "POST http://api/clientes/5/transacoes HTTP/1.0" from 172.26.0.5:51628 - 200 32B in 4.623498ms
app2-1   | 2024/02/16 13:20:26 "POST http://api/clientes/4/transacoes HTTP/1.0" from 172.26.0.5:51430 - 200 32B in 3.385314ms
app2-1   | 2024/02/16 13:20:26 "GET http://api/clientes/2/extrato HTTP/1.0" from 172.26.0.5:51438 - 200 1069B in 973.921µs
app1-1   | 2024/02/16 13:20:26 "POST http://api/clientes/4/transacoes HTTP/1.0" from 172.26.0.5:51630 - 200 33B in 3.507565ms
app1-1   | 2024/02/16 13:20:26 "POST http://api/clientes/4/transacoes HTTP/1.0" from 172.26.0.5:51640 - 200 33B in 4.721626ms
app2-1   | 2024/02/16 13:20:26 "POST http://api/clientes/1/transacoes HTTP/1.0" from 172.26.0.5:51440 - 200 31B in 4.202884ms
app1-1   | 2024/02/16 13:20:26 "POST http://api/clientes/2/transacoes HTTP/1.0" from 172.26.0.5:51650 - 200 29B in 3.274316ms
app2-1   | 2024/02/16 13:20:26 "POST http://api/clientes/3/transacoes HTTP/1.0" from 172.26.0.5:51450 - 200 33B in 4.603387ms
app1-1   | 2024/02/16 13:20:27 "POST http://api/clientes/5/transacoes HTTP/1.0" from 172.26.0.5:51656 - 200 31B in 4.004977ms
app2-1   | 2024/02/16 13:20:27 "POST http://api/clientes/2/transacoes HTTP/1.0" from 172.26.0.5:51464 - 200 29B in 3.060737ms
app1-1   | 2024/02/16 13:20:27 "POST http://api/clientes/5/transacoes HTTP/1.0" from 172.26.0.5:51672 - 200 31B in 3.559787ms
app2-1   | 2024/02/16 13:20:27 "POST http://api/clientes/4/transacoes HTTP/1.0" from 172.26.0.5:51474 - 422 19B in 399.741µs
app1-1   | 2024/02/16 13:20:27 "POST http://api/clientes/2/transacoes HTTP/1.0" from 172.26.0.5:51676 - 200 30B in 2.947309ms
app2-1   | 2024/02/16 13:20:27 "POST http://api/clientes/5/transacoes HTTP/1.0" from 172.26.0.5:51490 - 200 31B in 3.853392ms
app1-1   | 2024/02/16 13:20:27 "POST http://api/clientes/3/transacoes HTTP/1.0" from 172.26.0.5:51688 - 422 19B in 361.502µs
app1-1   | 2024/02/16 13:20:27 "GET http://api/clientes/3/extrato HTTP/1.0" from 172.26.0.5:51700 - 200 963B in 724.794µs
app2-1   | 2024/02/16 13:20:27 "POST http://api/clientes/4/transacoes HTTP/1.0" from 172.26.0.5:51508 - 422 19B in 380.683µs
app2-1   | 2024/02/16 13:20:27 "POST http://api/clientes/5/transacoes HTTP/1.0" from 172.26.0.5:51500 - 200 31B in 3.44951ms
app1-1   | 2024/02/16 13:20:27 "POST http://api/clientes/4/transacoes HTTP/1.0" from 172.26.0.5:51706 - 422 19B in 383.214µs
app1-1   | 2024/02/16 13:20:27 "POST http://api/clientes/3/transacoes HTTP/1.0" from 172.26.0.5:51718 - 422 19B in 392.808µs
app2-1   | 2024/02/16 13:20:27 "POST http://api/clientes/4/transacoes HTTP/1.0" from 172.26.0.5:51516 - 200 33B in 2.857306ms
app2-1   | 2024/02/16 13:20:27 "POST http://api/clientes/2/transacoes HTTP/1.0" from 172.26.0.5:51526 - 200 30B in 2.685745ms
app2-1   | 2024/02/16 13:20:27 "POST http://api/clientes/4/transacoes HTTP/1.0" from 172.26.0.5:51540 - 200 34B in 2.66538ms
app1-1   | 2024/02/16 13:20:27 "POST http://api/clientes/3/transacoes HTTP/1.0" from 172.26.0.5:51726 - 200 32B in 15.161392ms
app1-1   | 2024/02/16 13:20:27 "POST http://api/clientes/1/transacoes HTTP/1.0" from 172.26.0.5:51732 - 200 31B in 2.810874ms
app1-1   | 2024/02/16 13:20:27 "POST http://api/clientes/3/transacoes HTTP/1.0" from 172.26.0.5:51734 - 422 19B in 328.248µs
app2-1   | 2024/02/16 13:20:27 "POST http://api/clientes/5/transacoes HTTP/1.0" from 172.26.0.5:51554 - 200 31B in 3.128685ms
app2-1   | 2024/02/16 13:20:27 "POST http://api/clientes/2/transacoes HTTP/1.0" from 172.26.0.5:51562 - 200 31B in 2.569681ms
app2-1   | 2024/02/16 13:20:27 "POST http://api/clientes/1/transacoes HTTP/1.0" from 172.26.0.5:51564 - 422 19B in 440.196µs
app1-1   | 2024/02/16 13:20:27 "GET http://api/clientes/1/extrato HTTP/1.0" from 172.26.0.5:51744 - 200 1067B in 662.855µs
app1-1   | 2024/02/16 13:20:27 "POST http://api/clientes/1/transacoes HTTP/1.0" from 172.26.0.5:51742 - 200 31B in 3.310017ms
app2-1   | 2024/02/16 13:20:27 "POST http://api/clientes/5/transacoes HTTP/1.0" from 172.26.0.5:51568 - 200 31B in 2.437329ms
app1-1   | 2024/02/16 13:20:27 "POST http://api/clientes/2/transacoes HTTP/1.0" from 172.26.0.5:51752 - 200 31B in 2.395241ms
app2-1   | 2024/02/16 13:20:27 "POST http://api/clientes/2/transacoes HTTP/1.0" from 172.26.0.5:51580 - 422 19B in 333.247µs
app1-1   | 2024/02/16 13:20:28 "POST http://api/clientes/3/transacoes HTTP/1.0" from 172.26.0.5:51760 - 422 19B in 434.3µs
app2-1   | 2024/02/16 13:20:28 "POST http://api/clientes/5/transacoes HTTP/1.0" from 172.26.0.5:51586 - 200 32B in 2.19938ms
app1-1   | 2024/02/16 13:20:28 "POST http://api/clientes/4/transacoes HTTP/1.0" from 172.26.0.5:51766 - 422 19B in 332.776µs
app2-1   | 2024/02/16 13:20:28 "POST http://api/clientes/5/transacoes HTTP/1.0" from 172.26.0.5:51598 - 200 31B in 2.768315ms
app1-1   | 2024/02/16 13:20:28 "POST http://api/clientes/4/transacoes HTTP/1.0" from 172.26.0.5:51780 - 200 33B in 2.713918ms
app2-1   | 2024/02/16 13:20:28 "POST http://api/clientes/1/transacoes HTTP/1.0" from 172.26.0.5:51614 - 422 19B in 387.378µs
app1-1   | 2024/02/16 13:20:28 "POST http://api/clientes/5/transacoes HTTP/1.0" from 172.26.0.5:51782 - 200 31B in 2.548183ms
app2-1   | 2024/02/16 13:20:28 "POST http://api/clientes/5/transacoes HTTP/1.0" from 172.26.0.5:51616 - 200 31B in 2.569887ms
app1-1   | 2024/02/16 13:20:28 "POST http://api/clientes/4/transacoes HTTP/1.0" from 172.26.0.5:51788 - 200 34B in 2.347066ms
app2-1   | 2024/02/16 13:20:28 "POST http://api/clientes/5/transacoes HTTP/1.0" from 172.26.0.5:51622 - 200 32B in 2.56826ms
app1-1   | 2024/02/16 13:20:28 "POST http://api/clientes/2/transacoes HTTP/1.0" from 172.26.0.5:51792 - 200 30B in 2.519924ms
app2-1   | 2024/02/16 13:20:28 "POST http://api/clientes/2/transacoes HTTP/1.0" from 172.26.0.5:51634 - 200 30B in 2.460523ms
app1-1   | 2024/02/16 13:20:28 "POST http://api/clientes/5/transacoes HTTP/1.0" from 172.26.0.5:51804 - 422 19B in 388.081µs
app2-1   | 2024/02/16 13:20:28 "POST http://api/clientes/3/transacoes HTTP/1.0" from 172.26.0.5:51640 - 200 32B in 5.156183ms
app1-1   | 2024/02/16 13:20:28 "POST http://api/clientes/2/transacoes HTTP/1.0" from 172.26.0.5:51810 - 422 19B in 463.084µs
app2-1   | 2024/02/16 13:20:28 "POST http://api/clientes/2/transacoes HTTP/1.0" from 172.26.0.5:51654 - 200 30B in 2.853593ms
app1-1   | 2024/02/16 13:20:28 "POST http://api/clientes/2/transacoes HTTP/1.0" from 172.26.0.5:51820 - 200 30B in 2.483881ms
app2-1   | 2024/02/16 13:20:28 "POST http://api/clientes/4/transacoes HTTP/1.0" from 172.26.0.5:51670 - 422 19B in 333.632µs
app1-1   | 2024/02/16 13:20:28 "POST http://api/clientes/1/transacoes HTTP/1.0" from 172.26.0.5:51828 - 200 30B in 2.499446ms
app2-1   | 2024/02/16 13:20:28 "POST http://api/clientes/1/transacoes HTTP/1.0" from 172.26.0.5:51678 - 200 31B in 2.320757ms
app1-1   | 2024/02/16 13:20:28 "POST http://api/clientes/5/transacoes HTTP/1.0" from 172.26.0.5:51840 - 422 19B in 394.712µs
app2-1   | 2024/02/16 13:20:28 "POST http://api/clientes/4/transacoes HTTP/1.0" from 172.26.0.5:51690 - 422 19B in 401.877µs
app1-1   | 2024/02/16 13:20:28 "POST http://api/clientes/5/transacoes HTTP/1.0" from 172.26.0.5:51852 - 200 31B in 2.471103ms
app2-1   | 2024/02/16 13:20:28 "POST http://api/clientes/1/transacoes HTTP/1.0" from 172.26.0.5:51706 - 200 31B in 2.411136ms
app2-1   | 2024/02/16 13:20:28 "POST http://api/clientes/5/transacoes HTTP/1.0" from 172.26.0.5:41272 - 422 19B in 463.461µs
app1-1   | 2024/02/16 13:20:28 "GET http://api/clientes/1/extrato HTTP/1.0" from 172.26.0.5:59116 - 200 1070B in 876.666µs
app1-1   | 2024/02/16 13:20:28 "POST http://api/clientes/3/transacoes HTTP/1.0" from 172.26.0.5:59108 - 200 33B in 4.359227ms
app2-1   | 2024/02/16 13:20:28 "POST http://api/clientes/1/transacoes HTTP/1.0" from 172.26.0.5:41286 - 200 31B in 2.845165ms
app2-1   | 2024/02/16 13:20:28 "POST http://api/clientes/3/transacoes HTTP/1.0" from 172.26.0.5:41292 - 200 33B in 5.870706ms
app1-1   | 2024/02/16 13:20:28 "POST http://api/clientes/1/transacoes HTTP/1.0" from 172.26.0.5:59132 - 200 32B in 10.601684ms
app1-1   | 2024/02/16 13:20:29 "POST http://api/clientes/5/transacoes HTTP/1.0" from 172.26.0.5:59148 - 422 19B in 349.051µs
app2-1   | 2024/02/16 13:20:29 "POST http://api/clientes/4/transacoes HTTP/1.0" from 172.26.0.5:41308 - 422 19B in 441.86µs
app1-1   | 2024/02/16 13:20:29 "POST http://api/clientes/4/transacoes HTTP/1.0" from 172.26.0.5:59160 - 200 34B in 2.851957ms
app2-1   | 2024/02/16 13:20:29 "POST http://api/clientes/4/transacoes HTTP/1.0" from 172.26.0.5:41322 - 422 19B in 463.016µs
app2-1   | 2024/02/16 13:20:29 "POST http://api/clientes/5/transacoes HTTP/1.0" from 172.26.0.5:41338 - 422 19B in 387.89µs
app1-1   | 2024/02/16 13:20:29 "POST http://api/clientes/2/transacoes HTTP/1.0" from 172.26.0.5:59162 - 200 30B in 3.341591ms
app1-1   | 2024/02/16 13:20:29 "POST http://api/clientes/2/transacoes HTTP/1.0" from 172.26.0.5:59178 - 200 30B in 4.629484ms
app2-1   | 2024/02/16 13:20:29 "POST http://api/clientes/4/transacoes HTTP/1.0" from 172.26.0.5:41340 - 422 19B in 449.648µs
app1-1   | 2024/02/16 13:20:29 "POST http://api/clientes/2/transacoes HTTP/1.0" from 172.26.0.5:59182 - 200 30B in 2.671324ms
app2-1   | 2024/02/16 13:20:29 "POST http://api/clientes/4/transacoes HTTP/1.0" from 172.26.0.5:41346 - 422 19B in 510.878µs
app1-1   | 2024/02/16 13:20:29 "POST http://api/clientes/1/transacoes HTTP/1.0" from 172.26.0.5:59198 - 422 19B in 377.504µs
app1-1   | 2024/02/16 13:20:29 "GET http://api/clientes/2/extrato HTTP/1.0" from 172.26.0.5:59192 - 200 1068B in 877.952µs
app2-1   | 2024/02/16 13:20:29 "POST http://api/clientes/1/transacoes HTTP/1.0" from 172.26.0.5:41352 - 200 31B in 3.986503ms
app2-1   | 2024/02/16 13:20:29 "POST http://api/clientes/1/transacoes HTTP/1.0" from 172.26.0.5:41362 - 422 19B in 419.725µs
app2-1   | 2024/02/16 13:20:29 "POST http://api/clientes/5/transacoes HTTP/1.0" from 172.26.0.5:41376 - 422 19B in 395.411µs
app1-1   | 2024/02/16 13:20:29 "POST http://api/clientes/1/transacoes HTTP/1.0" from 172.26.0.5:59208 - 200 32B in 3.384672ms
app1-1   | 2024/02/16 13:20:29 "POST http://api/clientes/4/transacoes HTTP/1.0" from 172.26.0.5:59216 - 422 19B in 403.793µs
app2-1   | 2024/02/16 13:20:29 "POST http://api/clientes/2/transacoes HTTP/1.0" from 172.26.0.5:41378 - 200 31B in 3.048396ms
app1-1   | 2024/02/16 13:20:29 "POST http://api/clientes/3/transacoes HTTP/1.0" from 172.26.0.5:59224 - 200 32B in 4.536054ms
app2-1   | 2024/02/16 13:20:29 "POST http://api/clientes/2/transacoes HTTP/1.0" from 172.26.0.5:41388 - 200 31B in 2.708239ms
app2-1   | 2024/02/16 13:20:29 "POST http://api/clientes/5/transacoes HTTP/1.0" from 172.26.0.5:41400 - 200 31B in 4.213737ms
app1-1   | 2024/02/16 13:20:29 "POST http://api/clientes/1/transacoes HTTP/1.0" from 172.26.0.5:59236 - 200 32B in 11.139144ms
app1-1   | 2024/02/16 13:20:29 "POST http://api/clientes/5/transacoes HTTP/1.0" from 172.26.0.5:59242 - 422 19B in 423.47µs
app2-1   | 2024/02/16 13:20:29 "POST http://api/clientes/5/transacoes HTTP/1.0" from 172.26.0.5:41416 - 422 19B in 399.155µs
app1-1   | 2024/02/16 13:20:29 "POST http://api/clientes/4/transacoes HTTP/1.0" from 172.26.0.5:59252 - 200 33B in 3.063073ms
app2-1   | 2024/02/16 13:20:29 "POST http://api/clientes/5/transacoes HTTP/1.0" from 172.26.0.5:41424 - 422 19B in 356.478µs
app2-1   | 2024/02/16 13:20:29 "GET http://api/clientes/3/extrato HTTP/1.0" from 172.26.0.5:41426 - 200 1073B in 833.972µs
app1-1   | 2024/02/16 13:20:29 "POST http://api/clientes/2/transacoes HTTP/1.0" from 172.26.0.5:59274 - 200 30B in 2.99086ms
app1-1   | 2024/02/16 13:20:29 "POST http://api/clientes/5/transacoes HTTP/1.0" from 172.26.0.5:59258 - 200 30B in 4.082708ms
app2-1   | 2024/02/16 13:20:29 "POST http://api/clientes/5/transacoes HTTP/1.0" from 172.26.0.5:41436 - 422 19B in 371.535µs
app1-1   | 2024/02/16 13:20:29 "POST http://api/clientes/4/transacoes HTTP/1.0" from 172.26.0.5:59288 - 200 34B in 3.323423ms
app2-1   | 2024/02/16 13:20:29 "POST http://api/clientes/4/transacoes HTTP/1.0" from 172.26.0.5:41442 - 200 33B in 2.62924ms
app1-1   | 2024/02/16 13:20:30 "POST http://api/clientes/1/transacoes HTTP/1.0" from 172.26.0.5:59304 - 200 32B in 2.758384ms
app2-1   | 2024/02/16 13:20:30 "POST http://api/clientes/1/transacoes HTTP/1.0" from 172.26.0.5:41458 - 200 32B in 2.551981ms
app1-1   | 2024/02/16 13:20:30 "POST http://api/clientes/1/transacoes HTTP/1.0" from 172.26.0.5:59306 - 200 32B in 2.569369ms
app2-1   | 2024/02/16 13:20:30 "POST http://api/clientes/3/transacoes HTTP/1.0" from 172.26.0.5:41472 - 200 32B in 3.266596ms
app1-1   | 2024/02/16 13:20:30 "POST http://api/clientes/4/transacoes HTTP/1.0" from 172.26.0.5:59308 - 200 33B in 2.643322ms
app2-1   | 2024/02/16 13:20:30 "POST http://api/clientes/2/transacoes HTTP/1.0" from 172.26.0.5:41474 - 200 30B in 2.624165ms
app1-1   | 2024/02/16 13:20:30 "POST http://api/clientes/5/transacoes HTTP/1.0" from 172.26.0.5:59310 - 422 19B in 435.951µs
app2-1   | 2024/02/16 13:20:30 "POST http://api/clientes/3/transacoes HTTP/1.0" from 172.26.0.5:41482 - 200 32B in 3.264731ms
app1-1   | 2024/02/16 13:20:30 "POST http://api/clientes/3/transacoes HTTP/1.0" from 172.26.0.5:59326 - 200 32B in 2.401814ms
app2-1   | 2024/02/16 13:20:30 "POST http://api/clientes/5/transacoes HTTP/1.0" from 172.26.0.5:41488 - 422 19B in 424.41µs
app1-1   | 2024/02/16 13:20:30 "POST http://api/clientes/3/transacoes HTTP/1.0" from 172.26.0.5:59336 - 200 33B in 2.347137ms
app2-1   | 2024/02/16 13:20:30 "POST http://api/clientes/1/transacoes HTTP/1.0" from 172.26.0.5:41496 - 200 31B in 2.428265ms
app1-1   | 2024/02/16 13:20:30 "GET http://api/clientes/3/extrato HTTP/1.0" from 172.26.0.5:59344 - 200 1071B in 1.006706ms
app2-1   | 2024/02/16 13:20:30 "POST http://api/clientes/4/transacoes HTTP/1.0" from 172.26.0.5:41502 - 200 34B in 2.79992ms
app1-1   | 2024/02/16 13:20:30 "POST http://api/clientes/1/transacoes HTTP/1.0" from 172.26.0.5:59350 - 200 31B in 3.282541ms
app2-1   | 2024/02/16 13:20:30 "POST http://api/clientes/5/transacoes HTTP/1.0" from 172.26.0.5:41510 - 422 19B in 313.187µs
app1-1   | 2024/02/16 13:20:30 "POST http://api/clientes/3/transacoes HTTP/1.0" from 172.26.0.5:59354 - 200 33B in 2.604457ms
app2-1   | 2024/02/16 13:20:30 "POST http://api/clientes/3/transacoes HTTP/1.0" from 172.26.0.5:41520 - 200 33B in 2.326706ms
app1-1   | 2024/02/16 13:20:30 "POST http://api/clientes/1/transacoes HTTP/1.0" from 172.26.0.5:59370 - 200 30B in 2.60776ms
app2-1   | 2024/02/16 13:20:30 "POST http://api/clientes/5/transacoes HTTP/1.0" from 172.26.0.5:41524 - 200 31B in 2.647737ms
app1-1   | 2024/02/16 13:20:30 "POST http://api/clientes/1/transacoes HTTP/1.0" from 172.26.0.5:59372 - 422 19B in 370.836µs
app2-1   | 2024/02/16 13:20:30 "POST http://api/clientes/3/transacoes HTTP/1.0" from 172.26.0.5:41530 - 200 33B in 2.580614ms
app1-1   | 2024/02/16 13:20:30 "POST http://api/clientes/5/transacoes HTTP/1.0" from 172.26.0.5:59388 - 200 32B in 2.231396ms
app2-1   | 2024/02/16 13:20:30 "POST http://api/clientes/5/transacoes HTTP/1.0" from 172.26.0.5:41544 - 200 31B in 2.577594ms
app1-1   | 2024/02/16 13:20:30 "POST http://api/clientes/3/transacoes HTTP/1.0" from 172.26.0.5:59390 - 200 32B in 2.476273ms
app2-1   | 2024/02/16 13:20:30 "POST http://api/clientes/5/transacoes HTTP/1.0" from 172.26.0.5:41560 - 200 32B in 2.225578ms
app1-1   | 2024/02/16 13:20:30 "POST http://api/clientes/5/transacoes HTTP/1.0" from 172.26.0.5:59394 - 200 31B in 2.266171ms
app2-1   | 2024/02/16 13:20:30 "POST http://api/clientes/4/transacoes HTTP/1.0" from 172.26.0.5:41574 - 200 34B in 2.861944ms
app1-1   | 2024/02/16 13:20:30 "POST http://api/clientes/1/transacoes HTTP/1.0" from 172.26.0.5:59408 - 200 31B in 2.065528ms
app2-1   | 2024/02/16 13:20:30 "POST http://api/clientes/5/transacoes HTTP/1.0" from 172.26.0.5:41588 - 200 31B in 2.811599ms
app2-1   | 2024/02/16 13:20:30 "GET http://api/clientes/5/extrato HTTP/1.0" from 172.26.0.5:41594 - 200 1070B in 792.272µs
app1-1   | 2024/02/16 13:20:30 "POST http://api/clientes/3/transacoes HTTP/1.0" from 172.26.0.5:59422 - 200 32B in 2.857855ms
app1-1   | 2024/02/16 13:20:30 "POST http://api/clientes/3/transacoes HTTP/1.0" from 172.26.0.5:59424 - 200 33B in 4.378978ms
app2-1   | 2024/02/16 13:20:30 "POST http://api/clientes/2/transacoes HTTP/1.0" from 172.26.0.5:41606 - 200 30B in 2.528882ms
app1-1   | 2024/02/16 13:20:30 "POST http://api/clientes/2/transacoes HTTP/1.0" from 172.26.0.5:59432 - 200 30B in 2.960061ms
app2-1   | 2024/02/16 13:20:30 "POST http://api/clientes/4/transacoes HTTP/1.0" from 172.26.0.5:41620 - 200 33B in 7.780426ms
app1-1   | 2024/02/16 13:20:30 "POST http://api/clientes/5/transacoes HTTP/1.0" from 172.26.0.5:59442 - 200 31B in 2.492534ms
app1-1   | 2024/02/16 13:20:31 "POST http://api/clientes/3/transacoes HTTP/1.0" from 172.26.0.5:59456 - 200 32B in 2.607764ms
app2-1   | 2024/02/16 13:20:31 "POST http://api/clientes/1/transacoes HTTP/1.0" from 172.26.0.5:41636 - 200 32B in 3.898453ms
app2-1   | 2024/02/16 13:20:31 "POST http://api/clientes/5/transacoes HTTP/1.0" from 172.26.0.5:41644 - 422 19B in 404.028µs
app2-1   | 2024/02/16 13:20:31 "POST http://api/clientes/4/transacoes HTTP/1.0" from 172.26.0.5:41652 - 200 33B in 2.677328ms
app1-1   | 2024/02/16 13:20:31 "POST http://api/clientes/2/transacoes HTTP/1.0" from 172.26.0.5:59460 - 200 30B in 4.10837ms
app1-1   | 2024/02/16 13:20:31 "POST http://api/clientes/3/transacoes HTTP/1.0" from 172.26.0.5:59468 - 200 32B in 2.899518ms
app2-1   | 2024/02/16 13:20:31 "POST http://api/clientes/4/transacoes HTTP/1.0" from 172.26.0.5:41654 - 200 34B in 3.897609ms
app1-1   | 2024/02/16 13:20:31 "POST http://api/clientes/4/transacoes HTTP/1.0" from 172.26.0.5:59480 - 200 34B in 5.295238ms
app2-1   | 2024/02/16 13:20:31 "POST http://api/clientes/2/transacoes HTTP/1.0" from 172.26.0.5:41658 - 422 19B in 376.836µs
app1-1   | 2024/02/16 13:20:31 "POST http://api/clientes/2/transacoes HTTP/1.0" from 172.26.0.5:59488 - 422 19B in 411.728µs
app2-1   | 2024/02/16 13:20:31 "POST http://api/clientes/5/transacoes HTTP/1.0" from 172.26.0.5:41660 - 200 32B in 3.295687ms
app1-1   | 2024/02/16 13:20:31 "POST http://api/clientes/1/transacoes HTTP/1.0" from 172.26.0.5:59490 - 200 32B in 2.657647ms
app2-1   | 2024/02/16 13:20:31 "GET http://api/clientes/2/extrato HTTP/1.0" from 172.26.0.5:41662 - 200 1070B in 936.829µs
app1-1   | 2024/02/16 13:20:31 "POST http://api/clientes/3/transacoes HTTP/1.0" from 172.26.0.5:59500 - 200 33B in 4.00187ms
app2-1   | 2024/02/16 13:20:31 "POST http://api/clientes/3/transacoes HTTP/1.0" from 172.26.0.5:41672 - 200 32B in 4.869333ms
app1-1   | 2024/02/16 13:20:31 "POST http://api/clientes/3/transacoes HTTP/1.0" from 172.26.0.5:59508 - 200 32B in 2.362699ms
app2-1   | 2024/02/16 13:20:31 "POST http://api/clientes/1/transacoes HTTP/1.0" from 172.26.0.5:41680 - 200 32B in 3.440746ms
