 Network rinha-2024-q1  Creating
 Network rinha-2024-q1  Created
 Container newton-db-1  Creating
 Container newton-db-1  Created
 Container newton-api01-1  Creating
 Container newton-api02-1  Creating
 Container newton-api02-1  Created
 Container newton-api01-1  Created
 Container newton-nginx-1  Creating
 Container newton-nginx-1  Created
Attaching to api01-1, api02-1, db-1, nginx-1
db-1     | The files belonging to this database system will be owned by user "postgres".
db-1     | This user must also own the server process.
db-1     | 
db-1     | The database cluster will be initialized with locale "en_US.utf8".
db-1     | The default database encoding has accordingly been set to "UTF8".
db-1     | The default text search configuration will be set to "english".
db-1     | 
db-1     | Data page checksums are disabled.
db-1     | 
db-1     | fixing permissions on existing directory /var/lib/postgresql/data ... ok
db-1     | creating subdirectories ... ok
db-1     | selecting dynamic shared memory implementation ... posix
db-1     | selecting default max_connections ... 100
db-1     | selecting default shared_buffers ... 128MB
db-1     | selecting default time zone ... UTC
db-1     | creating configuration files ... ok
db-1     | running bootstrap script ... ok
db-1     | sh: locale: not found
db-1     | 2024-02-14 20:53:05.301 UTC [30] WARNING:  no usable system locales were found
db-1     | performing post-bootstrap initialization ... ok
db-1     | syncing data to disk ... ok
db-1     | 
db-1     | 
db-1     | Success. You can now start the database server using:
db-1     | 
db-1     |     pg_ctl -D /var/lib/postgresql/data -l logfile start
db-1     | 
db-1     | initdb: warning: enabling "trust" authentication for local connections
db-1     | You can change this by editing pg_hba.conf or using the option -A, or
db-1     | --auth-local and --auth-host, the next time you run initdb.
db-1     | waiting for server to start....2024-02-14 20:53:06.592 GMT [36] LOG:  starting PostgreSQL 14.1 on x86_64-pc-linux-musl, compiled by gcc (Alpine 10.3.1_git20211027) 10.3.1 20211027, 64-bit
db-1     | 2024-02-14 20:53:06.594 GMT [36] LOG:  listening on Unix socket "/var/run/postgresql/.s.PGSQL.5432"
db-1     | 2024-02-14 20:53:06.601 GMT [37] LOG:  database system was shut down at 2024-02-14 20:53:06 GMT
db-1     | 2024-02-14 20:53:06.608 GMT [36] LOG:  database system is ready to accept connections
db-1     |  done
db-1     | server started
db-1     | CREATE DATABASE
db-1     | 
db-1     | 
db-1     | /usr/local/bin/docker-entrypoint.sh: running /docker-entrypoint-initdb.d/init.sql
db-1     | CREATE TABLE
db-1     | CREATE TABLE
db-1     | CREATE INDEX
db-1     | INSERT 0 5
db-1     | 
db-1     | 
db-1     | waiting for server to shut down....2024-02-14 20:53:06.898 GMT [36] LOG:  received fast shutdown request
db-1     | 2024-02-14 20:53:06.900 GMT [36] LOG:  aborting any active transactions
db-1     | 2024-02-14 20:53:06.901 GMT [36] LOG:  background worker "logical replication launcher" (PID 43) exited with exit code 1
db-1     | 2024-02-14 20:53:06.902 GMT [38] LOG:  shutting down
db-1     | 2024-02-14 20:53:06.947 GMT [36] LOG:  database system is shut down
db-1     |  done
db-1     | server stopped
db-1     | 
db-1     | PostgreSQL init process complete; ready for start up.
db-1     | 
db-1     | 2024-02-14 20:53:07.022 GMT [1] LOG:  starting PostgreSQL 14.1 on x86_64-pc-linux-musl, compiled by gcc (Alpine 10.3.1_git20211027) 10.3.1 20211027, 64-bit
db-1     | 2024-02-14 20:53:07.022 GMT [1] LOG:  listening on IPv4 address "0.0.0.0", port 5432
db-1     | 2024-02-14 20:53:07.022 GMT [1] LOG:  listening on IPv6 address "::", port 5432
db-1     | 2024-02-14 20:53:07.027 GMT [1] LOG:  listening on Unix socket "/var/run/postgresql/.s.PGSQL.5432"
db-1     | 2024-02-14 20:53:07.034 GMT [52] LOG:  database system was shut down at 2024-02-14 20:53:06 GMT
db-1     | 2024-02-14 20:53:07.040 GMT [1] LOG:  database system is ready to accept connections
nginx-1  | /docker-entrypoint.sh: /docker-entrypoint.d/ is not empty, will attempt to perform configuration
nginx-1  | /docker-entrypoint.sh: Looking for shell scripts in /docker-entrypoint.d/
nginx-1  | /docker-entrypoint.sh: Launching /docker-entrypoint.d/10-listen-on-ipv6-by-default.sh
nginx-1  | 10-listen-on-ipv6-by-default.sh: info: Getting the checksum of /etc/nginx/conf.d/default.conf
nginx-1  | 10-listen-on-ipv6-by-default.sh: info: Enabled listen on IPv6 in /etc/nginx/conf.d/default.conf
nginx-1  | /docker-entrypoint.sh: Sourcing /docker-entrypoint.d/15-local-resolvers.envsh
nginx-1  | /docker-entrypoint.sh: Launching /docker-entrypoint.d/20-envsubst-on-templates.sh
nginx-1  | /docker-entrypoint.sh: Launching /docker-entrypoint.d/30-tune-worker-processes.sh
nginx-1  | /docker-entrypoint.sh: Configuration complete; ready for start up
nginx-1  | 2024/02/14 20:53:10 [error] 29#29: *1 connect() failed (111: Connection refused) while connecting to upstream, client: 192.168.160.1, server: , request: "GET /clientes/1/extrato HTTP/1.1", upstream: "http://192.168.160.3:4000/clientes/1/extrato", host: "localhost:9999"
nginx-1  | 2024/02/14 20:53:10 [error] 29#29: *1 connect() failed (111: Connection refused) while connecting to upstream, client: 192.168.160.1, server: , request: "GET /clientes/1/extrato HTTP/1.1", upstream: "http://192.168.160.4:4000/clientes/1/extrato", host: "localhost:9999"
nginx-1  | 2024/02/14 20:53:12 [error] 29#29: *4 no live upstreams while connecting to upstream, client: 192.168.160.1, server: , request: "GET /clientes/1/extrato HTTP/1.1", upstream: "http://api/clientes/1/extrato", host: "localhost:9999"
nginx-1  | 2024/02/14 20:53:14 [error] 29#29: *5 no live upstreams while connecting to upstream, client: 192.168.160.1, server: , request: "GET /clientes/1/extrato HTTP/1.1", upstream: "http://api/clientes/1/extrato", host: "localhost:9999"
nginx-1  | 2024/02/14 20:53:16 [error] 29#29: *6 no live upstreams while connecting to upstream, client: 192.168.160.1, server: , request: "GET /clientes/1/extrato HTTP/1.1", upstream: "http://api/clientes/1/extrato", host: "localhost:9999"
api02-1  | 20:53:17.696 [info] Running RinhaBackendWeb.Endpoint with Bandit 1.2.1 at :::4000 (http)
api02-1  | 20:53:17.697 [info] Access RinhaBackendWeb.Endpoint at https://api02
api01-1  | 20:53:17.699 [info] Running RinhaBackendWeb.Endpoint with Bandit 1.2.1 at :::4000 (http)
api01-1  | 20:53:17.700 [info] Access RinhaBackendWeb.Endpoint at https://api01
nginx-1  | 2024/02/14 20:53:18 [error] 29#29: *7 no live upstreams while connecting to upstream, client: 192.168.160.1, server: , request: "GET /clientes/1/extrato HTTP/1.1", upstream: "http://api/clientes/1/extrato", host: "localhost:9999"
nginx-1  | 2024/02/14 20:53:20 [error] 29#29: *8 no live upstreams while connecting to upstream, client: 192.168.160.1, server: , request: "GET /clientes/1/extrato HTTP/1.1", upstream: "http://api/clientes/1/extrato", host: "localhost:9999"
api02-1  | 20:53:22.124 request_id=F7PWBVbiKeew5X4AAALB [info] GET /clientes/1/extrato
api02-1  | 20:53:22.131 request_id=F7PWBVbiKeew5X4AAALB [info] Sent 200 in 6ms
api02-1  | 20:53:22.140 request_id=F7PWBVfV9rL2x_AAAAMh [info] GET /clientes/1/extrato
api02-1  | 20:53:22.147 request_id=F7PWBVfV9rL2x_AAAAMh [info] Sent 200 in 7ms
api02-1  | 20:53:30.345 request_id=F7PWB0Dk2WAhLSIAAANB [info] POST /clientes/1/transacoes
api01-1  | 20:53:30.341 request_id=F7PWB0CkWfIJXwgAAALB [info] POST /clientes/1/transacoes
api01-1  | 20:53:30.349 request_id=F7PWB0CkWfIJXwgAAALB [info] Sent 200 in 8ms
api01-1  | 20:53:30.352 request_id=F7PWB0FWxjxec2QAAAMB [info] POST /clientes/1/transacoes
api02-1  | 20:53:30.346 request_id=F7PWB0D2VUJ7rHcAAAOB [info] POST /clientes/1/transacoes
api02-1  | 20:53:30.347 request_id=F7PWB0ECZh1lH30AAAOh [info] POST /clientes/1/transacoes
api01-1  | 20:53:30.357 request_id=F7PWB0GXbjcbMMIAAAMh [info] POST /clientes/1/transacoes
api02-1  | 20:53:30.355 request_id=F7PWB0F5hpVdNLcAAAPB [info] POST /clientes/1/transacoes
api02-1  | 20:53:30.359 request_id=F7PWB0G-TA44Z08AAAPh [info] POST /clientes/1/transacoes
api02-1  | 20:53:30.359 request_id=F7PWB0HDB77UIZQAAAQB [info] POST /clientes/1/transacoes
api02-1  | 20:53:30.365 request_id=F7PWB0Ic74lwbAQAAAQh [info] POST /clientes/1/transacoes
api01-1  | 20:53:30.365 request_id=F7PWB0Ial5_QdEcAAANB [info] POST /clientes/1/transacoes
api02-1  | 20:53:30.366 request_id=F7PWB0IhJcaMBUAAAARB [info] POST /clientes/1/transacoes
api01-1  | 20:53:30.366 request_id=F7PWB0IgD93EU-sAAANh [info] POST /clientes/1/transacoes
api01-1  | 20:53:30.366 request_id=F7PWB0IhSxrU820AAAOB [info] POST /clientes/1/transacoes
api01-1  | 20:53:30.366 request_id=F7PWB0IiSUUosbUAAAOh [info] POST /clientes/1/transacoes
api01-1  | 20:53:30.371 request_id=F7PWB0J2CsYLR-QAAAPB [info] POST /clientes/1/transacoes
api01-1  | 20:53:30.374 request_id=F7PWB0KiB1HpLiMAAAPh [info] POST /clientes/1/transacoes
api01-1  | 20:53:30.379 request_id=F7PWB0LwQmGEN-cAAAQB [info] POST /clientes/1/transacoes
api01-1  | 20:53:30.380 request_id=F7PWB0L0d5qZb6sAAAQh [info] POST /clientes/1/transacoes
api02-1  | 20:53:30.366 request_id=F7PWB0IiN0SP9wwAAARh [info] POST /clientes/1/transacoes
api02-1  | 20:53:30.366 request_id=F7PWB0IjH3KEffUAAASB [info] POST /clientes/1/transacoes
api02-1  | 20:53:30.381 request_id=F7PWB0MLL-qF8msAAASh [info] POST /clientes/1/transacoes
api02-1  | 20:53:30.382 request_id=F7PWB0MYK0KcGdoAAATB [info] POST /clientes/1/transacoes
api02-1  | 20:53:30.383 request_id=F7PWB0MjNEL_o9UAAATh [info] POST /clientes/1/transacoes
api02-1  | 20:53:30.384 request_id=F7PWB0M8XPUpmgoAAAUB [info] POST /clientes/1/transacoes
api02-1  | 20:53:30.393 request_id=F7PWB0D2VUJ7rHcAAAOB [info] Sent 200 in 46ms
api01-1  | 20:53:30.407 request_id=F7PWB0IiSUUosbUAAAOh [info] Sent 200 in 41ms
api02-1  | 20:53:30.414 request_id=F7PWB0Dk2WAhLSIAAANB [info] Sent 200 in 68ms
api02-1  | 20:53:30.420 request_id=F7PWB0ECZh1lH30AAAOh [info] Sent 200 in 72ms
api01-1  | 20:53:30.425 request_id=F7PWB0FWxjxec2QAAAMB [info] Sent 200 in 72ms
api01-1  | 20:53:30.427 request_id=F7PWB0GXbjcbMMIAAAMh [info] Sent 200 in 70ms
api02-1  | 20:53:30.438 request_id=F7PWB0IiN0SP9wwAAARh [info] Sent 200 in 72ms
api02-1  | 20:53:30.438 request_id=F7PWB0MLL-qF8msAAASh [info] Sent 200 in 57ms
api02-1  | 20:53:30.442 request_id=F7PWB0MYK0KcGdoAAATB [info] Sent 200 in 59ms
api01-1  | 20:53:30.466 request_id=F7PWB0IhSxrU820AAAOB [info] Sent 200 in 100ms
api01-1  | 20:53:30.466 request_id=F7PWB0L0d5qZb6sAAAQh [info] Sent 200 in 86ms
api01-1  | 20:53:30.470 request_id=F7PWB0KiB1HpLiMAAAPh [info] Sent 200 in 95ms
api02-1  | 20:53:30.474 request_id=F7PWB0IjH3KEffUAAASB [info] Sent 200 in 107ms
api02-1  | 20:53:30.477 request_id=F7PWB0M8XPUpmgoAAAUB [info] Sent 200 in 92ms
api02-1  | 20:53:30.480 request_id=F7PWB0MjNEL_o9UAAATh [info] Sent 200 in 97ms
api01-1  | 20:53:30.484 request_id=F7PWB0Ial5_QdEcAAANB [info] Sent 200 in 118ms
api02-1  | 20:53:30.487 request_id=F7PWB0HDB77UIZQAAAQB [info] Sent 200 in 127ms
api01-1  | 20:53:30.491 request_id=F7PWB0J2CsYLR-QAAAPB [info] Sent 200 in 119ms
api02-1  | 20:53:30.494 request_id=F7PWB0F5hpVdNLcAAAPB [info] Sent 200 in 139ms
api02-1  | 20:53:30.498 request_id=F7PWB0G-TA44Z08AAAPh [info] Sent 200 in 138ms
api01-1  | 20:53:30.501 request_id=F7PWB0IgD93EU-sAAANh [info] Sent 200 in 135ms
api02-1  | 20:53:30.504 request_id=F7PWB0Ic74lwbAQAAAQh [info] Sent 200 in 139ms
api02-1  | 20:53:30.508 request_id=F7PWB0IhJcaMBUAAAARB [info] Sent 200 in 142ms
api01-1  | 20:53:30.511 request_id=F7PWB0LwQmGEN-cAAAQB [info] Sent 200 in 132ms
api01-1  | 20:53:31.287 request_id=F7PWB3kOF7Bl-egAAARB [info] GET /clientes/1/extrato
api01-1  | 20:53:31.295 request_id=F7PWB3kOF7Bl-egAAARB [info] Sent 200 in 8ms
api02-1  | 20:53:32.297 request_id=F7PWB7U9zEaCiJ4AAAUh [info] POST /clientes/1/transacoes
api02-1  | 20:53:32.297 request_id=F7PWB7VF2tBagtgAAAVB [info] POST /clientes/1/transacoes
api02-1  | 20:53:32.298 request_id=F7PWB7VHSE0hNGgAAAVh [info] POST /clientes/1/transacoes
api02-1  | 20:53:32.298 request_id=F7PWB7VIS_XjJYYAAAWB [info] POST /clientes/1/transacoes
api02-1  | 20:53:32.305 request_id=F7PWB7W6L_EJUT0AAAWh [info] POST /clientes/1/transacoes
api02-1  | 20:53:32.305 request_id=F7PWB7W-S0I-c7UAAAXB [info] POST /clientes/1/transacoes
api02-1  | 20:53:32.306 request_id=F7PWB7XIz3-piJgAAAXh [info] POST /clientes/1/transacoes
api02-1  | 20:53:32.306 request_id=F7PWB7XKa5AVAasAAAYB [info] POST /clientes/1/transacoes
api02-1  | 20:53:32.307 request_id=F7PWB7Xa0A54BoAAAAYh [info] POST /clientes/1/transacoes
api02-1  | 20:53:32.307 request_id=F7PWB7XcEWGBQ54AAAZB [info] POST /clientes/1/transacoes
api02-1  | 20:53:32.307 request_id=F7PWB7XdP9kGbAMAAAZh [info] POST /clientes/1/transacoes
api02-1  | 20:53:32.308 request_id=F7PWB7XnikWkiSUAAAaB [info] POST /clientes/1/transacoes
api02-1  | 20:53:32.308 request_id=F7PWB7Xovpb1qGEAAAah [info] POST /clientes/1/transacoes
api02-1  | 20:53:32.316 request_id=F7PWB7W6L_EJUT0AAAWh [info] Sent 200 in 10ms
api01-1  | 20:53:32.304 request_id=F7PWB7Wk-E8q-ykAAASh [info] POST /clientes/1/transacoes
api01-1  | 20:53:32.305 request_id=F7PWB7W14fV1_pgAAAYB [info] POST /clientes/1/transacoes
api01-1  | 20:53:32.304 request_id=F7PWB7WpUZqKUkMAAATB [info] POST /clientes/1/transacoes
api02-1  | 20:53:32.320 request_id=F7PWB7XdP9kGbAMAAAZh [info] Sent 200 in 12ms
api01-1  | 20:53:32.304 request_id=F7PWB7WqfafDKbAAAATh [info] POST /clientes/1/transacoes
api01-1  | 20:53:32.304 request_id=F7PWB7WrZtj0t9UAAAUB [info] POST /clientes/1/transacoes
api01-1  | 20:53:32.304 request_id=F7PWB7WsQj4kNLMAAAUh [info] POST /clientes/1/transacoes
api01-1  | 20:53:32.304 request_id=F7PWB7WtSVCwlowAAAVB [info] POST /clientes/1/transacoes
api01-1  | 20:53:32.304 request_id=F7PWB7WuHrZ5HKMAAAVh [info] POST /clientes/1/transacoes
api01-1  | 20:53:32.304 request_id=F7PWB7Wu8WvpIgcAAAWB [info] POST /clientes/1/transacoes
api01-1  | 20:53:32.304 request_id=F7PWB7WvpIaJ5XQAAAWh [info] POST /clientes/1/transacoes
api01-1  | 20:53:32.304 request_id=F7PWB7WwRIGXp6UAAAXB [info] POST /clientes/1/transacoes
api01-1  | 20:53:32.304 request_id=F7PWB7Ww_HHfztwAAAXh [info] POST /clientes/1/transacoes
api02-1  | 20:53:32.330 request_id=F7PWB7VHSE0hNGgAAAVh [info] Sent 200 in 32ms
api02-1  | 20:53:32.334 request_id=F7PWB7XcEWGBQ54AAAZB [info] Sent 200 in 26ms
api01-1  | 20:53:32.338 request_id=F7PWB7WpUZqKUkMAAATB [info] Sent 200 in 34ms
api02-1  | 20:53:32.342 request_id=F7PWB7W-S0I-c7UAAAXB [info] Sent 200 in 36ms
api01-1  | 20:53:32.345 request_id=F7PWB7Wk-E8q-ykAAASh [info] Sent 200 in 41ms
api01-1  | 20:53:32.348 request_id=F7PWB7W14fV1_pgAAAYB [info] Sent 200 in 43ms
api01-1  | 20:53:32.352 request_id=F7PWB7Wu8WvpIgcAAAWB [info] Sent 200 in 48ms
api01-1  | 20:53:32.356 request_id=F7PWB7WqfafDKbAAAATh [info] Sent 200 in 52ms
api01-1  | 20:53:32.360 request_id=F7PWB7WrZtj0t9UAAAUB [info] Sent 200 in 55ms
api01-1  | 20:53:32.364 request_id=F7PWB7WtSVCwlowAAAVB [info] Sent 200 in 59ms
api01-1  | 20:53:32.370 request_id=F7PWB7WsQj4kNLMAAAUh [info] Sent 200 in 65ms
api02-1  | 20:53:32.374 request_id=F7PWB7U9zEaCiJ4AAAUh [info] Sent 200 in 77ms
api01-1  | 20:53:32.378 request_id=F7PWB7WuHrZ5HKMAAAVh [info] Sent 200 in 73ms
api02-1  | 20:53:32.379 request_id=F7PWB7XKa5AVAasAAAYB [info] Sent 200 in 73ms
api01-1  | 20:53:32.385 request_id=F7PWB7WvpIaJ5XQAAAWh [info] Sent 200 in 80ms
api02-1  | 20:53:32.387 request_id=F7PWB7XIz3-piJgAAAXh [info] Sent 200 in 80ms
api02-1  | 20:53:32.392 request_id=F7PWB7VF2tBagtgAAAVB [info] Sent 200 in 94ms
api02-1  | 20:53:32.394 request_id=F7PWB7VIS_XjJYYAAAWB [info] Sent 200 in 96ms
api01-1  | 20:53:32.397 request_id=F7PWB7WwRIGXp6UAAAXB [info] Sent 200 in 92ms
api02-1  | 20:53:32.399 request_id=F7PWB7XnikWkiSUAAAaB [info] Sent 200 in 91ms
api01-1  | 20:53:32.402 request_id=F7PWB7Ww_HHfztwAAAXh [info] Sent 200 in 97ms
api02-1  | 20:53:32.406 request_id=F7PWB7Xa0A54BoAAAAYh [info] Sent 200 in 98ms
api02-1  | 20:53:32.406 request_id=F7PWB7Xovpb1qGEAAAah [info] Sent 200 in 98ms
api01-1  | 20:53:33.287 request_id=F7PWB_A75jpqMj0AAAYh [info] GET /clientes/1/extrato
api01-1  | 20:53:33.291 request_id=F7PWB_A75jpqMj0AAAYh [info] Sent 200 in 4ms
api02-1  | 20:53:34.288 request_id=F7PWCCvpFTWWYdAAAAbB [info] GET /clientes/6/extrato
api02-1  | 20:53:34.288 request_id=F7PWCCvpFTWWYdAAAAbB [info] Sent 404 in 157µs
api02-1  | 20:53:34.296 request_id=F7PWCCxiF_YfcqkAAAbh [info] GET /clientes/4/extrato
api01-1  | 20:53:34.297 request_id=F7PWCCx2goeyVVIAAAZB [info] GET /clientes/1/extrato
api01-1  | 20:53:34.297 request_id=F7PWCCx7qdaNUvUAAAZh [info] GET /clientes/3/extrato
api01-1  | 20:53:34.298 request_id=F7PWCCyJtVHVKYcAAAaB [info] GET /clientes/5/extrato
api01-1  | 20:53:34.304 request_id=F7PWCCx2goeyVVIAAAZB [info] Sent 200 in 7ms
api02-1  | 20:53:34.298 request_id=F7PWCCyC9WOafTsAAAcB [info] GET /clientes/2/extrato
api02-1  | 20:53:34.307 request_id=F7PWCCyC9WOafTsAAAcB [info] Sent 200 in 8ms
api02-1  | 20:53:34.307 request_id=F7PWCCxiF_YfcqkAAAbh [info] Sent 200 in 11ms
api01-1  | 20:53:34.307 request_id=F7PWCCx7qdaNUvUAAAZh [info] Sent 200 in 9ms
api01-1  | 20:53:34.311 request_id=F7PWCCyJtVHVKYcAAAaB [info] Sent 200 in 13ms
api01-1  | 20:53:34.313 request_id=F7PWCC1nytrisxoAAAah [info] POST /clientes/1/transacoes
api01-1  | 20:53:34.314 request_id=F7PWCC1rzNB04VIAAAbB [info] POST /clientes/3/transacoes
api02-1  | 20:53:34.312 request_id=F7PWCC1fi9PJKuMAAAch [info] POST /clientes/2/transacoes
api02-1  | 20:53:34.313 request_id=F7PWCC1lU6t3mBEAAAdB [info] POST /clientes/4/transacoes
api01-1  | 20:53:34.317 request_id=F7PWCC1rzNB04VIAAAbB [info] Sent 200 in 4ms
api02-1  | 20:53:34.317 request_id=F7PWCC2hjI9LnGgAAAdh [info] POST /clientes/5/transacoes
api02-1  | 20:53:34.317 request_id=F7PWCC1lU6t3mBEAAAdB [info] Sent 200 in 4ms
api02-1  | 20:53:34.320 request_id=F7PWCC1fi9PJKuMAAAch [info] Sent 200 in 7ms
api02-1  | 20:53:34.326 request_id=F7PWCC4vVjof_5oAAAeB [info] POST /clientes/2/transacoes
api01-1  | 20:53:34.322 request_id=F7PWCC1nytrisxoAAAah [info] Sent 200 in 9ms
api01-1  | 20:53:34.326 request_id=F7PWCC4sDQJbSnMAAAbh [info] POST /clientes/3/transacoes
api01-1  | 20:53:34.326 request_id=F7PWCC4wNg3sB6sAAAcB [info] POST /clientes/4/transacoes
api01-1  | 20:53:34.331 request_id=F7PWCC4sDQJbSnMAAAbh [info] Sent 200 in 5ms
api02-1  | 20:53:34.328 request_id=F7PWCC2hjI9LnGgAAAdh [info] Sent 200 in 11ms
api02-1  | 20:53:34.329 request_id=F7PWCC5cQTqrsYUAAAeh [info] POST /clientes/1/transacoes
api01-1  | 20:53:34.332 request_id=F7PWCC6OYhIXlCwAAAch [info] POST /clientes/5/transacoes
api02-1  | 20:53:34.333 request_id=F7PWCC4vVjof_5oAAAeB [info] Sent 200 in 6ms
api01-1  | 20:53:34.333 request_id=F7PWCC4wNg3sB6sAAAcB [info] Sent 200 in 7ms
api02-1  | 20:53:34.338 request_id=F7PWCC7ltckpvhMAAAfB [info] GET /clientes/2/extrato
api02-1  | 20:53:34.338 request_id=F7PWCC7p00ucaAwAAAfh [info] GET /clientes/3/extrato
api01-1  | 20:53:34.339 request_id=F7PWCC7yseRlFfMAAAdB [info] GET /clientes/4/extrato
api01-1  | 20:53:34.343 request_id=F7PWCC6OYhIXlCwAAAch [info] Sent 200 in 11ms
api02-1  | 20:53:34.339 request_id=F7PWCC5cQTqrsYUAAAeh [info] Sent 200 in 9ms
api01-1  | 20:53:34.346 request_id=F7PWCC9g7Lqb7EgAAAdh [info] GET /clientes/1/extrato
api01-1  | 20:53:34.352 request_id=F7PWCC7yseRlFfMAAAdB [info] Sent 200 in 13ms
api01-1  | 20:53:34.358 request_id=F7PWCC9g7Lqb7EgAAAdh [info] Sent 200 in 11ms
api01-1  | 20:53:34.364 request_id=F7PWCDB3zfEOkfkAAAeB [info] POST /clientes/2/transacoes
api01-1  | 20:53:34.365 request_id=F7PWCDB3zfEOkfkAAAeB [info] Sent 422 in 190µs
api02-1  | 20:53:34.349 request_id=F7PWCC7ltckpvhMAAAfB [info] Sent 200 in 10ms
api01-1  | 20:53:34.369 request_id=F7PWCDDAq6e-TeUAAAeh [info] POST /clientes/2/transacoes
api01-1  | 20:53:34.369 request_id=F7PWCDDAq6e-TeUAAAeh [info] Sent 422 in 165µs
api02-1  | 20:53:34.367 request_id=F7PWCC7p00ucaAwAAAfh [info] Sent 200 in 28ms
api01-1  | 20:53:34.373 request_id=F7PWCDD0xTph2MoAAAfB [info] POST /clientes/4/transacoes
api01-1  | 20:53:34.373 request_id=F7PWCDD0xTph2MoAAAfB [info] Sent 422 in 178µs
api02-1  | 20:53:34.368 request_id=F7PWCDCxsDn5lxcAAAgB [info] GET /clientes/5/extrato
api02-1  | 20:53:34.369 request_id=F7PWCDC_ASY_E-4AAAgh [info] POST /clientes/4/transacoes
api02-1  | 20:53:34.369 request_id=F7PWCDC_ASY_E-4AAAgh [info] Sent 422 in 176µs
api02-1  | 20:53:34.373 request_id=F7PWCDD13Nlvw4UAAAhB [info] POST /clientes/3/transacoes
api02-1  | 20:53:34.373 request_id=F7PWCDD13Nlvw4UAAAhB [info] Sent 422 in 164µs
api02-1  | 20:53:34.377 request_id=F7PWCDE8G2lFodQAAAhh [info] POST /clientes/2/transacoes
api02-1  | 20:53:34.377 request_id=F7PWCDE8G2lFodQAAAhh [info] Sent 422 in 188µs
api01-1  | 20:53:34.379 request_id=F7PWCDFZ4RxR4hYAAAfh [info] POST /clientes/1/transacoes
api01-1  | 20:53:34.379 request_id=F7PWCDFZ4RxR4hYAAAfh [info] Sent 422 in 178µs
api02-1  | 20:53:34.379 request_id=F7PWCDCxsDn5lxcAAAgB [info] Sent 200 in 10ms
api01-1  | 20:53:34.382 request_id=F7PWCDGI2LjoENoAAAgB [info] POST /clientes/4/transacoes
api01-1  | 20:53:34.382 request_id=F7PWCDGI2LjoENoAAAgB [info] Sent 422 in 204µs
api02-1  | 20:53:34.383 request_id=F7PWCDGPkAwvRVAAAAiB [info] POST /clientes/3/transacoes
api02-1  | 20:53:34.383 request_id=F7PWCDGPkAwvRVAAAAiB [info] Sent 422 in 170µs
api02-1  | 20:53:34.383 request_id=F7PWCDGTuX6_YMIAAAih [info] POST /clientes/2/transacoes
api02-1  | 20:53:34.384 request_id=F7PWCDGTuX6_YMIAAAih [info] Sent 422 in 1ms
api01-1  | 20:53:34.389 request_id=F7PWCDHpTIdkMKgAAAgh [info] POST /clientes/2/transacoes
api01-1  | 20:53:34.389 request_id=F7PWCDHpTIdkMKgAAAgh [info] Sent 422 in 186µs
api02-1  | 20:53:34.391 request_id=F7PWCDIOHwXcgbQAAAjB [info] POST /clientes/3/transacoes
api01-1  | 20:53:34.391 request_id=F7PWCDINEypj85QAAAhB [info] POST /clientes/5/transacoes
api01-1  | 20:53:34.391 request_id=F7PWCDINEypj85QAAAhB [info] Sent 422 in 184µs
api02-1  | 20:53:34.391 request_id=F7PWCDIOHwXcgbQAAAjB [info] Sent 422 in 172µs
api02-1  | 20:53:34.394 request_id=F7PWCDJBvNUYMC0AAAjh [info] POST /clientes/4/transacoes
api01-1  | 20:53:34.393 request_id=F7PWCDIs8StatBsAAAhh [info] POST /clientes/1/transacoes
api01-1  | 20:53:34.393 request_id=F7PWCDIs8StatBsAAAhh [info] Sent 422 in 195µs
api01-1  | 20:53:34.397 request_id=F7PWCDJowCERCOAAAAiB [info] POST /clientes/5/transacoes
api01-1  | 20:53:34.397 request_id=F7PWCDJowCERCOAAAAiB [info] Sent 422 in 180µs
api02-1  | 20:53:34.395 request_id=F7PWCDJBvNUYMC0AAAjh [info] Sent 422 in 176µs
api01-1  | 20:53:34.401 request_id=F7PWCDKnzbf5mlUAAAih [info] POST /clientes/5/transacoes
api01-1  | 20:53:34.401 request_id=F7PWCDKnzbf5mlUAAAih [info] Sent 422 in 166µs
api01-1  | 20:53:34.406 request_id=F7PWCDLzfteOEVgAAAjB [info] POST /clientes/5/transacoes
api01-1  | 20:53:34.406 request_id=F7PWCDLzfteOEVgAAAjB [info] Sent 422 in 184µs
api02-1  | 20:53:34.400 request_id=F7PWCDKTg67TiHwAAAkB [info] POST /clientes/3/transacoes
api02-1  | 20:53:34.400 request_id=F7PWCDKTg67TiHwAAAkB [info] Sent 422 in 178µs
api02-1  | 20:53:34.401 request_id=F7PWCDKmE0skkHkAAAkh [info] POST /clientes/4/transacoes
api02-1  | 20:53:34.401 request_id=F7PWCDKmE0skkHkAAAkh [info] Sent 422 in 173µs
api02-1  | 20:53:34.404 request_id=F7PWCDLT3qPqRa0AAAlB [info] POST /clientes/1/transacoes
api02-1  | 20:53:34.404 request_id=F7PWCDLT3qPqRa0AAAlB [info] Sent 422 in 190µs
api02-1  | 20:53:34.406 request_id=F7PWCDL0RVIq8bQAAAlh [info] POST /clientes/3/transacoes
api02-1  | 20:53:34.406 request_id=F7PWCDL0RVIq8bQAAAlh [info] Sent 422 in 164µs
api02-1  | 20:53:34.412 request_id=F7PWCDNLVo1xfOkAAAmB [info] POST /clientes/5/transacoes
api02-1  | 20:53:34.412 request_id=F7PWCDNLVo1xfOkAAAmB [info] Sent 422 in 164µs
api01-1  | 20:53:34.411 request_id=F7PWCDNHLoomqHMAAAjh [info] POST /clientes/1/transacoes
api01-1  | 20:53:34.412 request_id=F7PWCDNHLoomqHMAAAjh [info] Sent 422 in 180µs
api01-1  | 20:53:34.416 request_id=F7PWCDOGm8gCc_gAAAkB [info] POST /clientes/1/transacoes
api01-1  | 20:53:34.416 request_id=F7PWCDOGm8gCc_gAAAkB [info] Sent 422 in 180µs
api02-1  | 20:53:35.307 request_id=F7PWCGikqSF0LN0AAAmh [info] GET /clientes/1/extrato
api01-1  | 20:53:35.311 request_id=F7PWCGjeBLtBSWEAAAkh [info] POST /clientes/3/transacoes
api01-1  | 20:53:35.314 request_id=F7PWCGjeBLtBSWEAAAkh [info] Sent 200 in 3ms
api02-1  | 20:53:35.310 request_id=F7PWCGikqSF0LN0AAAmh [info] Sent 200 in 3ms
api02-1  | 20:53:35.312 request_id=F7PWCGjwkcW-0dcAAAnB [info] POST /clientes/1/transacoes
api02-1  | 20:53:35.316 request_id=F7PWCGjwkcW-0dcAAAnB [info] Sent 200 in 3ms
api01-1  | 20:53:36.289 request_id=F7PWCKMpLHYGTxQAAAlB [info] POST /clientes/4/transacoes
api02-1  | 20:53:36.292 request_id=F7PWCKNWqYOmRb8AAAnh [info] GET /clientes/3/extrato
api02-1  | 20:53:36.294 request_id=F7PWCKNWqYOmRb8AAAnh [info] Sent 200 in 2ms
api01-1  | 20:53:36.294 request_id=F7PWCKMpLHYGTxQAAAlB [info] Sent 200 in 5ms
api01-1  | 20:53:36.299 request_id=F7PWCKPBwzium30AAAlh [info] POST /clientes/5/transacoes
api01-1  | 20:53:36.301 request_id=F7PWCKPBwzium30AAAlh [info] Sent 200 in 2ms
api02-1  | 20:53:36.538 request_id=F7PWCLIElde5ZrgAAAoB [info] POST /clientes/2/transacoes
api02-1  | 20:53:36.540 request_id=F7PWCLIElde5ZrgAAAoB [info] Sent 200 in 2ms
api02-1  | 20:53:36.788 request_id=F7PWCMDrpCqpjaEAAAoh [info] POST /clientes/4/transacoes
api01-1  | 20:53:36.788 request_id=F7PWCMDp3Dxtj50AAAmB [info] POST /clientes/4/transacoes
api02-1  | 20:53:36.790 request_id=F7PWCMDrpCqpjaEAAAoh [info] Sent 200 in 1ms
api01-1  | 20:53:36.791 request_id=F7PWCMDp3Dxtj50AAAmB [info] Sent 200 in 3ms
api01-1  | 20:53:37.039 request_id=F7PWCM_frhZ2JAIAAAmh [info] POST /clientes/5/transacoes
api01-1  | 20:53:37.041 request_id=F7PWCM_frhZ2JAIAAAmh [info] Sent 200 in 2ms
api01-1  | 20:53:37.289 request_id=F7PWCN7NKsSmDb0AAAnB [info] POST /clientes/2/transacoes
api02-1  | 20:53:37.288 request_id=F7PWCN62Ea7y6rgAAApB [info] POST /clientes/5/transacoes
api02-1  | 20:53:37.289 request_id=F7PWCN7P3lFmq5AAAAph [info] GET /clientes/1/extrato
api01-1  | 20:53:37.294 request_id=F7PWCN7NKsSmDb0AAAnB [info] Sent 200 in 4ms
api02-1  | 20:53:37.295 request_id=F7PWCN62Ea7y6rgAAApB [info] Sent 200 in 7ms
api02-1  | 20:53:37.296 request_id=F7PWCN7P3lFmq5AAAAph [info] Sent 200 in 7ms
api01-1  | 20:53:37.454 request_id=F7PWCOic0OK7SkcAAAnh [info] POST /clientes/4/transacoes
api01-1  | 20:53:37.457 request_id=F7PWCOic0OK7SkcAAAnh [info] Sent 200 in 3ms
api02-1  | 20:53:37.537 request_id=F7PWCO2YFwRCoA0AAAqB [info] POST /clientes/1/transacoes
api02-1  | 20:53:37.541 request_id=F7PWCO2YFwRCoA0AAAqB [info] Sent 200 in 3ms
api01-1  | 20:53:37.620 request_id=F7PWCPKH7bFMPMMAAAoB [info] POST /clientes/3/transacoes
api01-1  | 20:53:37.623 request_id=F7PWCPKH7bFMPMMAAAoB [info] Sent 200 in 2ms
api01-1  | 20:53:37.788 request_id=F7PWCPyKxBFjvI8AAAoh [info] POST /clientes/5/transacoes
api02-1  | 20:53:37.788 request_id=F7PWCPyJhD9HTfkAAAqh [info] POST /clientes/2/transacoes
api01-1  | 20:53:37.792 request_id=F7PWCPyKxBFjvI8AAAoh [info] Sent 200 in 4ms
api02-1  | 20:53:37.793 request_id=F7PWCPyJhD9HTfkAAAqh [info] Sent 200 in 4ms
api02-1  | 20:53:37.954 request_id=F7PWCQZukl59f90AAArB [info] POST /clientes/4/transacoes
api02-1  | 20:53:37.956 request_id=F7PWCQZukl59f90AAArB [info] Sent 200 in 2ms
api01-1  | 20:53:38.038 request_id=F7PWCQtqev5aD4kAAApB [info] POST /clientes/5/transacoes
api01-1  | 20:53:38.039 request_id=F7PWCQtqev5aD4kAAApB [info] Sent 200 in 1ms
api02-1  | 20:53:38.121 request_id=F7PWCRBlyqNupgcAAArh [info] POST /clientes/5/transacoes
api02-1  | 20:53:38.123 request_id=F7PWCRBlyqNupgcAAArh [info] Sent 200 in 1ms
api02-1  | 20:53:38.288 request_id=F7PWCRpd8D8Y1RsAAAsB [info] POST /clientes/1/transacoes
api01-1  | 20:53:38.290 request_id=F7PWCRp7Uesz2HEAAAph [info] GET /clientes/3/extrato
api01-1  | 20:53:38.293 request_id=F7PWCRqiWUKvdz4AAAqB [info] POST /clientes/1/transacoes
api01-1  | 20:53:38.296 request_id=F7PWCRp7Uesz2HEAAAph [info] Sent 200 in 5ms
api01-1  | 20:53:38.297 request_id=F7PWCRqiWUKvdz4AAAqB [info] Sent 200 in 4ms
api02-1  | 20:53:38.301 request_id=F7PWCRpd8D8Y1RsAAAsB [info] Sent 200 in 12ms
api02-1  | 20:53:38.429 request_id=F7PWCSLCeRqaiRUAAAsh [info] POST /clientes/3/transacoes
api02-1  | 20:53:38.431 request_id=F7PWCSLCeRqaiRUAAAsh [info] Sent 200 in 1ms
api01-1  | 20:53:38.537 request_id=F7PWCSkqK0Qu1LAAAAqh [info] POST /clientes/2/transacoes
api01-1  | 20:53:38.540 request_id=F7PWCSkqK0Qu1LAAAAqh [info] Sent 200 in 2ms
api02-1  | 20:53:38.572 request_id=F7PWCStDQFVG9KoAAAtB [info] POST /clientes/3/transacoes
api02-1  | 20:53:38.576 request_id=F7PWCStDQFVG9KoAAAtB [info] Sent 200 in 3ms
api01-1  | 20:53:38.716 request_id=F7PWCTPc1IJ3PmgAAArB [info] POST /clientes/1/transacoes
api01-1  | 20:53:38.719 request_id=F7PWCTPc1IJ3PmgAAArB [info] Sent 200 in 3ms
api02-1  | 20:53:38.787 request_id=F7PWCTgYOvpLjLYAAAth [info] POST /clientes/3/transacoes
api02-1  | 20:53:38.790 request_id=F7PWCTgYOvpLjLYAAAth [info] Sent 200 in 3ms
api01-1  | 20:53:38.859 request_id=F7PWCTxZ4sYgsTUAAArh [info] POST /clientes/2/transacoes
api01-1  | 20:53:38.862 request_id=F7PWCTxZ4sYgsTUAAArh [info] Sent 200 in 3ms
api02-1  | 20:53:39.002 request_id=F7PWCUTp6L_a6_QAAAuB [info] POST /clientes/4/transacoes
api02-1  | 20:53:39.005 request_id=F7PWCUTp6L_a6_QAAAuB [info] Sent 200 in 2ms
api01-1  | 20:53:39.038 request_id=F7PWCUcFpDvzCvUAAAsB [info] POST /clientes/4/transacoes
api01-1  | 20:53:39.041 request_id=F7PWCUcFpDvzCvUAAAsB [info] Sent 200 in 3ms
api02-1  | 20:53:39.145 request_id=F7PWCU1ub9nuS1oAAAuh [info] POST /clientes/3/transacoes
api02-1  | 20:53:39.148 request_id=F7PWCU1ub9nuS1oAAAuh [info] Sent 200 in 3ms
api01-1  | 20:53:39.287 request_id=F7PWCVXiZr0TmdAAAAsh [info] POST /clientes/5/transacoes
api01-1  | 20:53:39.288 request_id=F7PWCVXwEJpthDUAAAtB [info] GET /clientes/1/extrato
api02-1  | 20:53:39.287 request_id=F7PWCVXj_HHuk0oAAAvB [info] POST /clientes/4/transacoes
api01-1  | 20:53:39.292 request_id=F7PWCVXiZr0TmdAAAAsh [info] Sent 200 in 4ms
api02-1  | 20:53:39.291 request_id=F7PWCVXj_HHuk0oAAAvB [info] Sent 200 in 3ms
api01-1  | 20:53:39.295 request_id=F7PWCVXwEJpthDUAAAtB [info] Sent 200 in 7ms
api02-1  | 20:53:39.398 request_id=F7PWCVx_jUEPoIYAAAvh [info] POST /clientes/3/transacoes
api02-1  | 20:53:39.401 request_id=F7PWCVx_jUEPoIYAAAvh [info] Sent 200 in 2ms
api01-1  | 20:53:39.487 request_id=F7PWCWHKoYGL6BoAAAth [info] POST /clientes/2/transacoes
api01-1  | 20:53:39.490 request_id=F7PWCWHKoYGL6BoAAAth [info] Sent 200 in 3ms
api02-1  | 20:53:39.510 request_id=F7PWCWMmX5FkoeYAAAwB [info] POST /clientes/1/transacoes
api02-1  | 20:53:39.513 request_id=F7PWCWMmX5FkoeYAAAwB [info] Sent 200 in 3ms
api01-1  | 20:53:39.621 request_id=F7PWCWnHyGNGyP4AAAuB [info] POST /clientes/3/transacoes
api01-1  | 20:53:39.623 request_id=F7PWCWnHyGNGyP4AAAuB [info] Sent 200 in 1ms
api02-1  | 20:53:39.687 request_id=F7PWCW28CTvpFPgAAAwh [info] POST /clientes/4/transacoes
api02-1  | 20:53:39.689 request_id=F7PWCW28CTvpFPgAAAwh [info] Sent 200 in 1ms
api01-1  | 20:53:39.732 request_id=F7PWCXBlFVMfWGIAAAuh [info] POST /clientes/1/transacoes
api01-1  | 20:53:39.734 request_id=F7PWCXBlFVMfWGIAAAuh [info] Sent 200 in 1ms
api02-1  | 20:53:39.843 request_id=F7PWCXcGO3WDJosAAAxB [info] POST /clientes/5/transacoes
api02-1  | 20:53:39.845 request_id=F7PWCXcGO3WDJosAAAxB [info] Sent 200 in 1ms
api01-1  | 20:53:39.887 request_id=F7PWCXmqEPBsMH4AAAvB [info] POST /clientes/4/transacoes
api01-1  | 20:53:39.889 request_id=F7PWCXmqEPBsMH4AAAvB [info] Sent 200 in 2ms
api02-1  | 20:53:39.954 request_id=F7PWCX2pDXfCwKIAAAxh [info] POST /clientes/4/transacoes
api02-1  | 20:53:39.956 request_id=F7PWCX2pDXfCwKIAAAxh [info] Sent 200 in 1ms
api01-1  | 20:53:40.066 request_id=F7PWCYROHruJUR8AAAvh [info] POST /clientes/4/transacoes
api01-1  | 20:53:40.068 request_id=F7PWCYROHruJUR8AAAvh [info] Sent 200 in 2ms
api02-1  | 20:53:40.087 request_id=F7PWCYWWUPSiHSMAAAyB [info] POST /clientes/4/transacoes
api02-1  | 20:53:40.089 request_id=F7PWCYWWUPSiHSMAAAyB [info] Sent 200 in 1ms
api01-1  | 20:53:40.177 request_id=F7PWCYrne5ylvoEAAAwB [info] POST /clientes/4/transacoes
api01-1  | 20:53:40.178 request_id=F7PWCYrne5ylvoEAAAwB [info] Sent 200 in 1ms
api02-1  | 20:53:40.287 request_id=F7PWCZF5yvOQeEIAAAyh [info] GET /clientes/5/extrato
api01-1  | 20:53:40.288 request_id=F7PWCZGOobm-HPoAAAwh [info] POST /clientes/3/transacoes
api02-1  | 20:53:40.289 request_id=F7PWCZGd5Q36dqYAAAzB [info] POST /clientes/2/transacoes
api01-1  | 20:53:40.291 request_id=F7PWCZGOobm-HPoAAAwh [info] Sent 200 in 3ms
api02-1  | 20:53:40.292 request_id=F7PWCZF5yvOQeEIAAAyh [info] Sent 200 in 5ms
api02-1  | 20:53:40.295 request_id=F7PWCZGd5Q36dqYAAAzB [info] Sent 200 in 5ms
api01-1  | 20:53:40.377 request_id=F7PWCZbcELrFBisAAAxB [info] POST /clientes/2/transacoes
api01-1  | 20:53:40.379 request_id=F7PWCZbcELrFBisAAAxB [info] Sent 200 in 2ms
api02-1  | 20:53:40.453 request_id=F7PWCZtfIVK2kD4AAAzh [info] POST /clientes/2/transacoes
api02-1  | 20:53:40.456 request_id=F7PWCZtfIVK2kD4AAAzh [info] Sent 200 in 2ms
api01-1  | 20:53:40.468 request_id=F7PWCZxIbi-E85gAAAxh [info] POST /clientes/5/transacoes
api01-1  | 20:53:40.471 request_id=F7PWCZxIbi-E85gAAAxh [info] Sent 200 in 3ms
api02-1  | 20:53:40.559 request_id=F7PWCaGxGmADDr4AAA0B [info] POST /clientes/5/transacoes
api02-1  | 20:53:40.562 request_id=F7PWCaGxGmADDr4AAA0B [info] Sent 200 in 3ms
api01-1  | 20:53:40.620 request_id=F7PWCaVOuIocnsAAAAyB [info] POST /clientes/5/transacoes
api01-1  | 20:53:40.623 request_id=F7PWCaVOuIocnsAAAAyB [info] Sent 200 in 3ms
api02-1  | 20:53:40.650 request_id=F7PWCaccqhPlmn8AAA0h [info] POST /clientes/5/transacoes
api02-1  | 20:53:40.653 request_id=F7PWCaccqhPlmn8AAA0h [info] Sent 200 in 2ms
api01-1  | 20:53:40.741 request_id=F7PWCayMevhSIQcAAAyh [info] POST /clientes/5/transacoes
api01-1  | 20:53:40.744 request_id=F7PWCayMevhSIQcAAAyh [info] Sent 200 in 2ms
api02-1  | 20:53:40.786 request_id=F7PWCa8-yDB0URsAAA1B [info] POST /clientes/3/transacoes
api01-1  | 20:53:40.787 request_id=F7PWCa9RLBhsLcsAAAzB [info] GET /clientes/4/extrato
api02-1  | 20:53:40.791 request_id=F7PWCa8-yDB0URsAAA1B [info] Sent 200 in 4ms
api01-1  | 20:53:40.793 request_id=F7PWCa9RLBhsLcsAAAzB [info] Sent 200 in 5ms
api02-1  | 20:53:40.832 request_id=F7PWCbH3qdTEtJEAAA1h [info] POST /clientes/5/transacoes
api02-1  | 20:53:40.835 request_id=F7PWCbH3qdTEtJEAAA1h [info] Sent 200 in 3ms
api01-1  | 20:53:40.923 request_id=F7PWCbdo1Mi_09sAAAzh [info] POST /clientes/4/transacoes
api01-1  | 20:53:40.926 request_id=F7PWCbdo1Mi_09sAAAzh [info] Sent 200 in 2ms
api02-1  | 20:53:40.952 request_id=F7PWCbkdjBPWOBwAAA2B [info] POST /clientes/1/transacoes
api02-1  | 20:53:40.955 request_id=F7PWCbkdjBPWOBwAAA2B [info] Sent 200 in 2ms
api01-1  | 20:53:41.015 request_id=F7PWCbzboJUm_QQAAA0B [info] POST /clientes/5/transacoes
api01-1  | 20:53:41.017 request_id=F7PWCbzboJUm_QQAAA0B [info] Sent 200 in 2ms
api02-1  | 20:53:41.105 request_id=F7PWCcI-pPYMmL4AAA2h [info] POST /clientes/5/transacoes
api02-1  | 20:53:41.108 request_id=F7PWCcI-pPYMmL4AAA2h [info] Sent 200 in 2ms
api01-1  | 20:53:41.119 request_id=F7PWCcMard2d4V0AAA0h [info] POST /clientes/2/transacoes
api01-1  | 20:53:41.121 request_id=F7PWCcMard2d4V0AAA0h [info] Sent 200 in 1ms
api02-1  | 20:53:41.197 request_id=F7PWCce0PZvwJQMAAA3B [info] POST /clientes/5/transacoes
api02-1  | 20:53:41.198 request_id=F7PWCce0PZvwJQMAAA3B [info] Sent 200 in 1ms
api01-1  | 20:53:41.288 request_id=F7PWCc0gwvDUpqkAAA1B [info] POST /clientes/4/transacoes
api01-1  | 20:53:41.289 request_id=F7PWCc0vAx07520AAA1h [info] GET /clientes/4/extrato
api01-1  | 20:53:41.291 request_id=F7PWCc0gwvDUpqkAAA1B [info] Sent 200 in 3ms
api02-1  | 20:53:41.292 request_id=F7PWCc1oknlNk9AAAA3h [info] POST /clientes/5/transacoes
api02-1  | 20:53:41.295 request_id=F7PWCc1oknlNk9AAAA3h [info] Sent 200 in 2ms
api01-1  | 20:53:41.295 request_id=F7PWCc0vAx07520AAA1h [info] Sent 200 in 6ms
api02-1  | 20:53:41.363 request_id=F7PWCdGffmFMTsoAAA4B [info] POST /clientes/3/transacoes
api02-1  | 20:53:41.365 request_id=F7PWCdGffmFMTsoAAA4B [info] Sent 200 in 1ms
api01-1  | 20:53:41.429 request_id=F7PWCdWNAG-d01YAAA2B [info] POST /clientes/5/transacoes
api01-1  | 20:53:41.432 request_id=F7PWCdWNAG-d01YAAA2B [info] Sent 200 in 2ms
api02-1  | 20:53:41.440 request_id=F7PWCdY5noneJ1wAAA4h [info] POST /clientes/5/transacoes
api02-1  | 20:53:41.442 request_id=F7PWCdY5noneJ1wAAA4h [info] Sent 200 in 2ms
api01-1  | 20:53:41.517 request_id=F7PWCdrUaMpNh0gAAA2h [info] POST /clientes/3/transacoes
api01-1  | 20:53:41.519 request_id=F7PWCdrUaMpNh0gAAA2h [info] Sent 200 in 1ms
api02-1  | 20:53:41.572 request_id=F7PWCd4OoVTux5IAAA5B [info] POST /clientes/5/transacoes
api02-1  | 20:53:41.573 request_id=F7PWCd4OoVTux5IAAA5B [info] Sent 200 in 1ms
api01-1  | 20:53:41.594 request_id=F7PWCd9hVy-avygAAA3B [info] POST /clientes/4/transacoes
api01-1  | 20:53:41.596 request_id=F7PWCd9hVy-avygAAA3B [info] Sent 200 in 2ms
api02-1  | 20:53:41.671 request_id=F7PWCeP-SwcTp7AAAA5h [info] POST /clientes/3/transacoes
api02-1  | 20:53:41.673 request_id=F7PWCeP-SwcTp7AAAA5h [info] Sent 200 in 1ms
api01-1  | 20:53:41.717 request_id=F7PWCea76a9J130AAA3h [info] POST /clientes/2/transacoes
api01-1  | 20:53:41.719 request_id=F7PWCea76a9J130AAA3h [info] Sent 200 in 1ms
api02-1  | 20:53:41.748 request_id=F7PWCeiSs6Y44A4AAA6B [info] POST /clientes/2/transacoes
api02-1  | 20:53:41.750 request_id=F7PWCeiSs6Y44A4AAA6B [info] Sent 200 in 1ms
api01-1  | 20:53:41.825 request_id=F7PWCe0qpy7hS8YAAA4B [info] POST /clientes/2/transacoes
api01-1  | 20:53:41.827 request_id=F7PWCe0qpy7hS8YAAA4B [info] Sent 200 in 2ms
api02-1  | 20:53:41.858 request_id=F7PWCe8ecBBgUNoAAA6h [info] POST /clientes/3/transacoes
api02-1  | 20:53:41.860 request_id=F7PWCe8ecBBgUNoAAA6h [info] Sent 200 in 1ms
api01-1  | 20:53:41.902 request_id=F7PWCfG9nLO_dVYAAA4h [info] POST /clientes/5/transacoes
api01-1  | 20:53:41.904 request_id=F7PWCfG9nLO_dVYAAA4h [info] Sent 200 in 2ms
api02-1  | 20:53:41.980 request_id=F7PWCfZiJaxxj3QAAA7B [info] POST /clientes/5/transacoes
api02-1  | 20:53:41.981 request_id=F7PWCfZiJaxxj3QAAA7B [info] Sent 200 in 1ms
api01-1  | 20:53:42.001 request_id=F7PWCfeg8KPhW7MAAA5B [info] POST /clientes/4/transacoes
api01-1  | 20:53:42.003 request_id=F7PWCfeg8KPhW7MAAA5B [info] Sent 200 in 2ms
api02-1  | 20:53:42.056 request_id=F7PWCfrycGD46DUAAA7h [info] POST /clientes/4/transacoes
api02-1  | 20:53:42.058 request_id=F7PWCfrycGD46DUAAA7h [info] Sent 200 in 1ms
api01-1  | 20:53:42.133 request_id=F7PWCf-IByG6OgkAAA5h [info] POST /clientes/1/transacoes
api01-1  | 20:53:42.135 request_id=F7PWCf-IByG6OgkAAA5h [info] Sent 200 in 1ms
api02-1  | 20:53:42.143 request_id=F7PWCgAj6T-aQ7QAAA8B [info] POST /clientes/1/transacoes
api02-1  | 20:53:42.145 request_id=F7PWCgAj6T-aQ7QAAA8B [info] Sent 200 in 1ms
api01-1  | 20:53:42.210 request_id=F7PWCgQgNcmE6kkAAA6B [info] POST /clientes/5/transacoes
api01-1  | 20:53:42.212 request_id=F7PWCgQgNcmE6kkAAA6B [info] Sent 200 in 1ms
api01-1  | 20:53:42.287 request_id=F7PWCgizON38A6QAAA6h [info] POST /clientes/4/transacoes
api02-1  | 20:53:42.289 request_id=F7PWCgjLmHtpxpEAAA8h [info] GET /clientes/3/extrato
api02-1  | 20:53:42.290 request_id=F7PWCgjaA6FnXJYAAA9B [info] POST /clientes/4/transacoes
api02-1  | 20:53:42.292 request_id=F7PWCgjaA6FnXJYAAA9B [info] Sent 200 in 2ms
api01-1  | 20:53:42.291 request_id=F7PWCgizON38A6QAAA6h [info] Sent 200 in 3ms
api02-1  | 20:53:42.294 request_id=F7PWCgjLmHtpxpEAAA8h [info] Sent 200 in 5ms
api01-1  | 20:53:42.352 request_id=F7PWCgyOL0xTJN0AAA7B [info] POST /clientes/2/transacoes
api01-1  | 20:53:42.354 request_id=F7PWCgyOL0xTJN0AAA7B [info] Sent 200 in 2ms
api02-1  | 20:53:42.412 request_id=F7PWChAgPB1CY4AAAA9h [info] POST /clientes/3/transacoes
api02-1  | 20:53:42.414 request_id=F7PWChAgPB1CY4AAAA9h [info] Sent 200 in 2ms
api01-1  | 20:53:42.419 request_id=F7PWChCM_x41SjkAAA7h [info] POST /clientes/1/transacoes
api01-1  | 20:53:42.420 request_id=F7PWChCM_x41SjkAAA7h [info] Sent 200 in 1ms
api02-1  | 20:53:42.487 request_id=F7PWChSXVGcSFDsAAA-B [info] POST /clientes/4/transacoes
api02-1  | 20:53:42.489 request_id=F7PWChSXVGcSFDsAAA-B [info] Sent 200 in 2ms
api01-1  | 20:53:42.537 request_id=F7PWChebdEzM4_sAAA8B [info] POST /clientes/1/transacoes
api01-1  | 20:53:42.539 request_id=F7PWChebdEzM4_sAAA8B [info] Sent 200 in 1ms
api02-1  | 20:53:42.552 request_id=F7PWChiC6hxUDG8AAA-h [info] POST /clientes/3/transacoes
api02-1  | 20:53:42.554 request_id=F7PWChiC6hxUDG8AAA-h [info] Sent 200 in 2ms
api01-1  | 20:53:42.619 request_id=F7PWChyCiHkxKK0AAA8h [info] POST /clientes/4/transacoes
api01-1  | 20:53:42.621 request_id=F7PWChyCiHkxKK0AAA8h [info] Sent 200 in 1ms
api02-1  | 20:53:42.663 request_id=F7PWCh8XRwRs1l8AAA_B [info] POST /clientes/2/transacoes
api02-1  | 20:53:42.665 request_id=F7PWCh8XRwRs1l8AAA_B [info] Sent 200 in 2ms
api01-1  | 20:53:42.687 request_id=F7PWCiCGHck7CLEAAA9B [info] POST /clientes/2/transacoes
api01-1  | 20:53:42.689 request_id=F7PWCiCGHck7CLEAAA9B [info] Sent 200 in 2ms
api02-1  | 20:53:42.752 request_id=F7PWCiRvjhWdbgwAAA_h [info] POST /clientes/3/transacoes
api02-1  | 20:53:42.754 request_id=F7PWCiRvjhWdbgwAAA_h [info] Sent 200 in 1ms
api01-1  | 20:53:42.787 request_id=F7PWCiZ57yymbeEAAA9h [info] GET /clientes/4/extrato
api02-1  | 20:53:42.787 request_id=F7PWCiaDzBnlfpgAABAB [info] POST /clientes/2/transacoes
api02-1  | 20:53:42.789 request_id=F7PWCiaDzBnlfpgAABAB [info] Sent 200 in 1ms
api01-1  | 20:53:42.791 request_id=F7PWCiZ57yymbeEAAA9h [info] Sent 200 in 4ms
api01-1  | 20:53:42.819 request_id=F7PWCihomIGFF3oAAA-B [info] POST /clientes/1/transacoes
