 Network rinha-2024-q1  Creating
 Network rinha-2024-q1  Created
 Container newton-db-1  Creating
 Container newton-db-1  Created
 Container newton-api02-1  Creating
 Container newton-api01-1  Creating
 Container newton-api02-1  Created
 Container newton-api01-1  Created
 Container newton-nginx-1  Creating
 Container newton-nginx-1  Created
Attaching to api01-1, api02-1, db-1, nginx-1
db-1     | The files belonging to this database system will be owned by user "postgres".
db-1     | This user must also own the server process.
db-1     | 
db-1     | The database cluster will be initialized with locale "en_US.utf8".
db-1     | The default database encoding has accordingly been set to "UTF8".
db-1     | The default text search configuration will be set to "english".
db-1     | 
db-1     | Data page checksums are disabled.
db-1     | 
db-1     | fixing permissions on existing directory /var/lib/postgresql/data ... ok
db-1     | creating subdirectories ... ok
db-1     | selecting dynamic shared memory implementation ... posix
db-1     | selecting default max_connections ... 100
db-1     | selecting default shared_buffers ... 128MB
db-1     | selecting default time zone ... UTC
db-1     | creating configuration files ... ok
db-1     | running bootstrap script ... ok
db-1     | sh: locale: not found
db-1     | 2024-02-19 12:38:51.985 UTC [30] WARNING:  no usable system locales were found
db-1     | performing post-bootstrap initialization ... ok
db-1     | initdb: warning: enabling "trust" authentication for local connections
db-1     | You can change this by editing pg_hba.conf or using the option -A, or
db-1     | --auth-local and --auth-host, the next time you run initdb.
db-1     | syncing data to disk ... ok
db-1     | 
db-1     | 
db-1     | Success. You can now start the database server using:
db-1     | 
db-1     |     pg_ctl -D /var/lib/postgresql/data -l logfile start
db-1     | 
db-1     | waiting for server to start.... done
db-1     | server started
db-1     | CREATE DATABASE
db-1     | 
db-1     | 
db-1     | /usr/local/bin/docker-entrypoint.sh: running /docker-entrypoint-initdb.d/init.sql
db-1     | CREATE TABLE
db-1     | CREATE TABLE
db-1     | CREATE INDEX
db-1     | INSERT 0 5
db-1     | CREATE FUNCTION
db-1     | CREATE TRIGGER
db-1     | SET
db-1     | SET
db-1     | SET
db-1     | SET
db-1     | SET
db-1     | SET
db-1     | SET
db-1     | SET
db-1     | SET
db-1     | SET
db-1     | SET
db-1     | 
db-1     | 
db-1     | waiting for server to shut down.... done
db-1     | server stopped
db-1     | 
db-1     | PostgreSQL init process complete; ready for start up.
db-1     | 
nginx-1  | /docker-entrypoint.sh: /docker-entrypoint.d/ is not empty, will attempt to perform configuration
nginx-1  | /docker-entrypoint.sh: Looking for shell scripts in /docker-entrypoint.d/
nginx-1  | /docker-entrypoint.sh: Launching /docker-entrypoint.d/10-listen-on-ipv6-by-default.sh
nginx-1  | 10-listen-on-ipv6-by-default.sh: info: Getting the checksum of /etc/nginx/conf.d/default.conf
nginx-1  | 10-listen-on-ipv6-by-default.sh: info: Enabled listen on IPv6 in /etc/nginx/conf.d/default.conf
nginx-1  | /docker-entrypoint.sh: Sourcing /docker-entrypoint.d/15-local-resolvers.envsh
nginx-1  | /docker-entrypoint.sh: Launching /docker-entrypoint.d/20-envsubst-on-templates.sh
nginx-1  | /docker-entrypoint.sh: Launching /docker-entrypoint.d/30-tune-worker-processes.sh
nginx-1  | /docker-entrypoint.sh: Configuration complete; ready for start up
nginx-1  | 2024/02/19 12:38:57 [error] 29#29: *1 connect() failed (111: Connection refused) while connecting to upstream, client: 192.168.128.1, server: , request: "GET /clientes/1/extrato HTTP/1.1", upstream: "http://192.168.128.4:4000/clientes/1/extrato", host: "localhost:9999"
nginx-1  | 2024/02/19 12:38:57 [error] 29#29: *1 connect() failed (111: Connection refused) while connecting to upstream, client: 192.168.128.1, server: , request: "GET /clientes/1/extrato HTTP/1.1", upstream: "http://192.168.128.3:4000/clientes/1/extrato", host: "localhost:9999"
nginx-1  | 2024/02/19 12:38:59 [error] 29#29: *4 no live upstreams while connecting to upstream, client: 192.168.128.1, server: , request: "GET /clientes/1/extrato HTTP/1.1", upstream: "http://api/clientes/1/extrato", host: "localhost:9999"
api01-1  | 12:38:59.919 [info] Running RinhaBackendWeb.Endpoint with Bandit 1.2.1 at :::4000 (http)
api01-1  | "warmming up!.."
api01-1  | 12:38:59.920 [info] Access RinhaBackendWeb.Endpoint at https://api01
api02-1  | 12:38:59.938 [info] Running RinhaBackendWeb.Endpoint with Bandit 1.2.1 at :::4000 (http)
api02-1  | "warmming up!.."
api02-1  | 12:38:59.938 [info] Access RinhaBackendWeb.Endpoint at https://api01
api02-1  | "done!.."
api01-1  | "done!.."
nginx-1  | 2024/02/19 12:39:01 [error] 29#29: *5 no live upstreams while connecting to upstream, client: 192.168.128.1, server: , request: "GET /clientes/1/extrato HTTP/1.1", upstream: "http://api/clientes/1/extrato", host: "localhost:9999"
nginx-1  | 2024/02/19 12:39:03 [error] 29#29: *6 no live upstreams while connecting to upstream, client: 192.168.128.1, server: , request: "GET /clientes/1/extrato HTTP/1.1", upstream: "http://api/clientes/1/extrato", host: "localhost:9999"
nginx-1  | 2024/02/19 12:39:05 [error] 29#29: *7 no live upstreams while connecting to upstream, client: 192.168.128.1, server: , request: "GET /clientes/1/extrato HTTP/1.1", upstream: "http://api/clientes/1/extrato", host: "localhost:9999"
nginx-1  | 2024/02/19 12:39:07 [error] 29#29: *8 no live upstreams while connecting to upstream, client: 192.168.128.1, server: , request: "GET /clientes/1/extrato HTTP/1.1", upstream: "http://api/clientes/1/extrato", host: "localhost:9999"
api02-1  | 12:39:09.232 request_id=F7VD9BNQQIBdNLcAAAMh [info] GET /clientes/1/extrato
api02-1  | 12:39:09.234 request_id=F7VD9BNQQIBdNLcAAAMh [info] Sent 200 in 2ms
api02-1  | 12:39:09.240 request_id=F7VD9BPLKk84Z08AAANh [info] GET /clientes/1/extrato
api02-1  | 12:39:09.242 request_id=F7VD9BPLKk84Z08AAANh [info] Sent 200 in 2ms
api01-1  | 12:39:14.749 request_id=F7VD9Vwol_TU820AAAMh [info] POST /clientes/1/transacoes
api02-1  | 12:39:14.754 request_id=F7VD9Vx056jUIZQAAAOB [info] POST /clientes/1/transacoes
api02-1  | 12:39:14.758 request_id=F7VD9Vy87bpwbAQAAAOh [info] POST /clientes/1/transacoes
api01-1  | 12:39:14.762 request_id=F7VD9Vwol_TU820AAAMh [info] Sent 200 in 13ms
api01-1  | 12:39:14.767 request_id=F7VD9V09VMAosbUAAANB [info] POST /clientes/1/transacoes
api02-1  | 12:39:14.759 request_id=F7VD9VzC4N-MBUAAAAPB [info] POST /clientes/1/transacoes
api02-1  | 12:39:14.760 request_id=F7VD9VzO4CyP9wwAAAPh [info] POST /clientes/1/transacoes
api02-1  | 12:39:14.760 request_id=F7VD9VzSFFWEffUAAAQB [info] POST /clientes/1/transacoes
api02-1  | 12:39:14.760 request_id=F7VD9VzULBmF8msAAAQh [info] POST /clientes/1/transacoes
api02-1  | 12:39:14.760 request_id=F7VD9VzXmwScGdoAAARB [info] POST /clientes/1/transacoes
api02-1  | 12:39:14.760 request_id=F7VD9VzYKYH_o9UAAARh [info] POST /clientes/1/transacoes
api02-1  | 12:39:14.766 request_id=F7VD9V02th0pmgoAAASB [info] POST /clientes/1/transacoes
api02-1  | 12:39:14.768 request_id=F7VD9V1WEuWCiJ4AAASh [info] POST /clientes/1/transacoes
api02-1  | 12:39:14.769 request_id=F7VD9V1cJqZagtgAAATB [info] POST /clientes/1/transacoes
api01-1  | 12:39:14.772 request_id=F7VD9V2IgLQLR-QAAANh [info] POST /clientes/1/transacoes
api01-1  | 12:39:14.772 request_id=F7VD9V2LwdvpLiMAAAOB [info] POST /clientes/1/transacoes
api01-1  | 12:39:14.775 request_id=F7VD9V2-z2iEN-cAAAOh [info] POST /clientes/1/transacoes
api01-1  | 12:39:14.775 request_id=F7VD9V3BhgWZb6sAAAPB [info] POST /clientes/1/transacoes
api02-1  | 12:39:14.773 request_id=F7VD9V2g6mIhNGgAAATh [info] POST /clientes/1/transacoes
api02-1  | 12:39:14.775 request_id=F7VD9V2zQjzjJYYAAAUB [info] POST /clientes/1/transacoes
api02-1  | 12:39:14.785 request_id=F7VD9VzO4CyP9wwAAAPh [info] Sent 200 in 25ms
api01-1  | 12:39:14.788 request_id=F7VD9V2IgLQLR-QAAANh [info] Sent 200 in 16ms
api01-1  | 12:39:14.789 request_id=F7VD9V3BhgWZb6sAAAPB [info] Sent 200 in 13ms
api02-1  | 12:39:14.792 request_id=F7VD9V61sZoJUT0AAAUh [info] POST /clientes/1/transacoes
api01-1  | 12:39:14.791 request_id=F7VD9V6twrhl-egAAAPh [info] POST /clientes/1/transacoes
api01-1  | 12:39:14.792 request_id=F7VD9V7AMlkq-ykAAAQB [info] POST /clientes/1/transacoes
api01-1  | 12:39:14.792 request_id=F7VD9V7CbYWKUkMAAAQh [info] POST /clientes/1/transacoes
api02-1  | 12:39:14.792 request_id=F7VD9V7AnyM-c7UAAAVB [info] POST /clientes/1/transacoes
api02-1  | 12:39:14.792 request_id=F7VD9V7C5zmpiJgAAAVh [info] POST /clientes/1/transacoes
api02-1  | 12:39:14.793 request_id=F7VD9VzC4N-MBUAAAAPB [info] Sent 200 in 34ms
api02-1  | 12:39:14.796 request_id=F7VD9VzXmwScGdoAAARB [info] Sent 200 in 36ms
api01-1  | 12:39:14.804 request_id=F7VD9V2LwdvpLiMAAAOB [info] Sent 200 in 31ms
api02-1  | 12:39:14.803 request_id=F7VD9V2zQjzjJYYAAAUB [info] Sent 200 in 28ms
api01-1  | 12:39:14.806 request_id=F7VD9V2-z2iEN-cAAAOh [info] Sent 200 in 30ms
api01-1  | 12:39:14.808 request_id=F7VD9V6twrhl-egAAAPh [info] Sent 200 in 16ms
api02-1  | 12:39:14.812 request_id=F7VD9V61sZoJUT0AAAUh [info] Sent 200 in 20ms
api02-1  | 12:39:14.813 request_id=F7VD9V7AnyM-c7UAAAVB [info] Sent 200 in 20ms
api02-1  | 12:39:14.816 request_id=F7VD9V7C5zmpiJgAAAVh [info] Sent 200 in 23ms
api02-1  | 12:39:14.817 request_id=F7VD9V1cJqZagtgAAATB [info] Sent 200 in 48ms
api02-1  | 12:39:14.819 request_id=F7VD9Vx056jUIZQAAAOB [info] Sent 200 in 65ms
api02-1  | 12:39:14.821 request_id=F7VD9V1WEuWCiJ4AAASh [info] Sent 200 in 52ms
api02-1  | 12:39:14.823 request_id=F7VD9V02th0pmgoAAASB [info] Sent 200 in 56ms
api01-1  | 12:39:14.825 request_id=F7VD9V7CbYWKUkMAAAQh [info] Sent 200 in 32ms
api01-1  | 12:39:14.826 request_id=F7VD9V7AMlkq-ykAAAQB [info] Sent 200 in 34ms
api02-1  | 12:39:14.827 request_id=F7VD9VzYKYH_o9UAAARh [info] Sent 200 in 67ms
api02-1  | 12:39:14.828 request_id=F7VD9V2g6mIhNGgAAATh [info] Sent 200 in 55ms
api01-1  | 12:39:14.832 request_id=F7VD9V09VMAosbUAAANB [info] Sent 200 in 65ms
api02-1  | 12:39:14.831 request_id=F7VD9VzSFFWEffUAAAQB [info] Sent 200 in 70ms
api02-1  | 12:39:14.834 request_id=F7VD9VzULBmF8msAAAQh [info] Sent 200 in 74ms
api02-1  | 12:39:14.836 request_id=F7VD9Vy87bpwbAQAAAOh [info] Sent 200 in 77ms
api02-1  | 12:39:15.732 request_id=F7VD9ZbF9e0VAasAAAWB [info] GET /clientes/1/extrato
api02-1  | 12:39:15.735 request_id=F7VD9ZbF9e0VAasAAAWB [info] Sent 200 in 2ms
api02-1  | 12:39:16.737 request_id=F7VD9dKqPZh4BoAAAAWh [info] POST /clientes/1/transacoes
api02-1  | 12:39:16.737 request_id=F7VD9dKuP5qBQ54AAAXB [info] POST /clientes/1/transacoes
api01-1  | 12:39:16.737 request_id=F7VD9dKqN_fDKbAAAARB [info] POST /clientes/1/transacoes
api01-1  | 12:39:16.737 request_id=F7VD9dKuHMb0t9UAAARh [info] POST /clientes/1/transacoes
api01-1  | 12:39:16.737 request_id=F7VD9dKuydAkNLMAAASB [info] POST /clientes/1/transacoes
api01-1  | 12:39:16.739 request_id=F7VD9dLEplOwlowAAASh [info] POST /clientes/1/transacoes
api01-1  | 12:39:16.739 request_id=F7VD9dLHE4h5HKMAAATB [info] POST /clientes/1/transacoes
api01-1  | 12:39:16.739 request_id=F7VD9dLHzAXpIgcAAATh [info] POST /clientes/1/transacoes
api01-1  | 12:39:16.739 request_id=F7VD9dLIWJqJ5XQAAAUB [info] POST /clientes/1/transacoes
api01-1  | 12:39:16.739 request_id=F7VD9dLI3GyXp6UAAAUh [info] POST /clientes/1/transacoes
api01-1  | 12:39:16.739 request_id=F7VD9dLJUvbfztwAAAVB [info] POST /clientes/1/transacoes
api02-1  | 12:39:16.737 request_id=F7VD9dKvFkMGbAMAAAXh [info] POST /clientes/1/transacoes
api01-1  | 12:39:16.743 request_id=F7VD9dMBu7V1_pgAAAVh [info] POST /clientes/1/transacoes
api01-1  | 12:39:16.743 request_id=F7VD9dMEAR9qMj0AAAWB [info] POST /clientes/1/transacoes
api02-1  | 12:39:16.740 request_id=F7VD9dLYpBOkiSUAAAYB [info] POST /clientes/1/transacoes
api02-1  | 12:39:16.740 request_id=F7VD9dLbaYf1qGEAAAYh [info] POST /clientes/1/transacoes
api01-1  | 12:39:16.743 request_id=F7VD9dMElAayVVIAAAWh [info] POST /clientes/1/transacoes
api02-1  | 12:39:16.740 request_id=F7VD9dLcQ_qWYdAAAAZB [info] POST /clientes/1/transacoes
api02-1  | 12:39:16.740 request_id=F7VD9dLc0HUfcqkAAAZh [info] POST /clientes/1/transacoes
api02-1  | 12:39:16.740 request_id=F7VD9dLdUZOafTsAAAaB [info] POST /clientes/1/transacoes
api02-1  | 12:39:16.743 request_id=F7VD9dMCqdh3mBEAAAah [info] POST /clientes/1/transacoes
api02-1  | 12:39:16.743 request_id=F7VD9dMFRF_JKuMAAAbB [info] POST /clientes/1/transacoes
api02-1  | 12:39:16.743 request_id=F7VD9dMF5X1LnGgAAAbh [info] POST /clientes/1/transacoes
api02-1  | 12:39:16.743 request_id=F7VD9dMILaIf_5oAAAcB [info] POST /clientes/1/transacoes
api01-1  | 12:39:16.743 request_id=F7VD9dME_yWNUvUAAAXB [info] POST /clientes/1/transacoes
api02-1  | 12:39:16.757 request_id=F7VD9dKqPZh4BoAAAAWh [info] Sent 200 in 19ms
api02-1  | 12:39:16.760 request_id=F7VD9dLdUZOafTsAAAaB [info] Sent 200 in 19ms
api02-1  | 12:39:16.762 request_id=F7VD9dKvFkMGbAMAAAXh [info] Sent 200 in 24ms
api02-1  | 12:39:16.764 request_id=F7VD9dMILaIf_5oAAAcB [info] Sent 200 in 20ms
api02-1  | 12:39:16.765 request_id=F7VD9dMFRF_JKuMAAAbB [info] Sent 200 in 22ms
api01-1  | 12:39:16.767 request_id=F7VD9dKqN_fDKbAAAARB [info] Sent 200 in 30ms
api01-1  | 12:39:16.769 request_id=F7VD9dMElAayVVIAAAWh [info] Sent 200 in 26ms
api01-1  | 12:39:16.770 request_id=F7VD9dLJUvbfztwAAAVB [info] Sent 200 in 31ms
api01-1  | 12:39:16.772 request_id=F7VD9dLHE4h5HKMAAATB [info] Sent 200 in 32ms
api01-1  | 12:39:16.773 request_id=F7VD9dMEAR9qMj0AAAWB [info] Sent 200 in 30ms
api01-1  | 12:39:16.775 request_id=F7VD9dME_yWNUvUAAAXB [info] Sent 200 in 31ms
api02-1  | 12:39:16.776 request_id=F7VD9dMF5X1LnGgAAAbh [info] Sent 200 in 32ms
api01-1  | 12:39:16.778 request_id=F7VD9dKuHMb0t9UAAARh [info] Sent 200 in 40ms
api01-1  | 12:39:16.779 request_id=F7VD9dLHzAXpIgcAAATh [info] Sent 200 in 40ms
api02-1  | 12:39:16.781 request_id=F7VD9dKuP5qBQ54AAAXB [info] Sent 200 in 43ms
api02-1  | 12:39:16.782 request_id=F7VD9dLYpBOkiSUAAAYB [info] Sent 200 in 42ms
api01-1  | 12:39:16.784 request_id=F7VD9dLI3GyXp6UAAAUh [info] Sent 200 in 44ms
api01-1  | 12:39:16.785 request_id=F7VD9dMBu7V1_pgAAAVh [info] Sent 200 in 42ms
api02-1  | 12:39:16.786 request_id=F7VD9dLcQ_qWYdAAAAZB [info] Sent 200 in 46ms
api02-1  | 12:39:16.788 request_id=F7VD9dLbaYf1qGEAAAYh [info] Sent 200 in 47ms
api01-1  | 12:39:16.789 request_id=F7VD9dLIWJqJ5XQAAAUB [info] Sent 200 in 49ms
api02-1  | 12:39:16.790 request_id=F7VD9dMCqdh3mBEAAAah [info] Sent 200 in 47ms
api01-1  | 12:39:16.815 request_id=F7VD9dLEplOwlowAAASh [info] Sent 200 in 76ms
api01-1  | 12:39:16.817 request_id=F7VD9dKuydAkNLMAAASB [info] Sent 200 in 79ms
api02-1  | 12:39:16.819 request_id=F7VD9dLc0HUfcqkAAAZh [info] Sent 200 in 78ms
api02-1  | 12:39:17.732 request_id=F7VD9g33rFCrsYUAAAch [info] GET /clientes/1/extrato
api02-1  | 12:39:17.734 request_id=F7VD9g33rFCrsYUAAAch [info] Sent 200 in 2ms
api01-1  | 12:39:18.733 request_id=F7VD9kmgZV_VKYcAAAXh [info] GET /clientes/6/extrato
api01-1  | 12:39:18.733 request_id=F7VD9kmgZV_VKYcAAAXh [info] Sent 404 in 143µs
api02-1  | 12:39:18.737 request_id=F7VD9kng-2EpvhMAAAdB [info] GET /clientes/4/extrato
api01-1  | 12:39:18.737 request_id=F7VD9knkiFXisxoAAAYB [info] GET /clientes/3/extrato
api01-1  | 12:39:18.737 request_id=F7VD9knnmaB04VIAAAYh [info] GET /clientes/5/extrato
api02-1  | 12:39:18.738 request_id=F7VD9kn2O2OcaAwAAAdh [info] GET /clientes/1/extrato
api02-1  | 12:39:18.739 request_id=F7VD9kn4tpb5lxcAAAeB [info] GET /clientes/2/extrato
api02-1  | 12:39:18.739 request_id=F7VD9kng-2EpvhMAAAdB [info] Sent 200 in 1ms
api01-1  | 12:39:18.741 request_id=F7VD9knkiFXisxoAAAYB [info] Sent 200 in 3ms
api02-1  | 12:39:18.742 request_id=F7VD9kn2O2OcaAwAAAdh [info] Sent 200 in 3ms
api02-1  | 12:39:18.742 request_id=F7VD9kn4tpb5lxcAAAeB [info] Sent 200 in 3ms
api02-1  | 12:39:18.744 request_id=F7VD9kpPzMc_E-4AAAeh [info] POST /clientes/2/transacoes
api01-1  | 12:39:18.742 request_id=F7VD9knnmaB04VIAAAYh [info] Sent 200 in 4ms
api01-1  | 12:39:18.744 request_id=F7VD9kpM2F5bSnMAAAZh [info] POST /clientes/3/transacoes
api02-1  | 12:39:18.745 request_id=F7VD9kpcF5pvw4UAAAfB [info] POST /clientes/4/transacoes
api01-1  | 12:39:18.745 request_id=F7VD9kpXNubsB6sAAAaB [info] POST /clientes/1/transacoes
api01-1  | 12:39:18.746 request_id=F7VD9kpwhjsXlCwAAAah [info] POST /clientes/5/transacoes
api02-1  | 12:39:18.748 request_id=F7VD9kpcF5pvw4UAAAfB [info] Sent 200 in 2ms
api01-1  | 12:39:18.747 request_id=F7VD9kpXNubsB6sAAAaB [info] Sent 200 in 2ms
api01-1  | 12:39:18.749 request_id=F7VD9kpwhjsXlCwAAAah [info] Sent 200 in 2ms
api01-1  | 12:39:18.749 request_id=F7VD9kpM2F5bSnMAAAZh [info] Sent 200 in 5ms
api02-1  | 12:39:18.751 request_id=F7VD9kpPzMc_E-4AAAeh [info] Sent 200 in 6ms
api02-1  | 12:39:18.753 request_id=F7VD9krREe1FodQAAAfh [info] POST /clientes/4/transacoes
api02-1  | 12:39:18.753 request_id=F7VD9krTyYQvRVAAAAgB [info] POST /clientes/3/transacoes
api01-1  | 12:39:18.752 request_id=F7VD9krIEKhlFfMAAAbB [info] POST /clientes/1/transacoes
api01-1  | 12:39:18.753 request_id=F7VD9krUCJyb7EgAAAbh [info] POST /clientes/5/transacoes
api02-1  | 12:39:18.754 request_id=F7VD9krkgJy_YMIAAAgh [info] POST /clientes/2/transacoes
api01-1  | 12:39:18.755 request_id=F7VD9krUCJyb7EgAAAbh [info] Sent 200 in 1ms
api02-1  | 12:39:18.756 request_id=F7VD9krkgJy_YMIAAAgh [info] Sent 200 in 1ms
api01-1  | 12:39:18.756 request_id=F7VD9krIEKhlFfMAAAbB [info] Sent 200 in 3ms
api02-1  | 12:39:18.756 request_id=F7VD9krREe1FodQAAAfh [info] Sent 200 in 3ms
api02-1  | 12:39:18.758 request_id=F7VD9krTyYQvRVAAAAgB [info] Sent 200 in 4ms
api02-1  | 12:39:18.759 request_id=F7VD9ksqK0bcgbQAAAhB [info] GET /clientes/5/extrato
api01-1  | 12:39:18.758 request_id=F7VD9kspBd4OkfkAAAcB [info] GET /clientes/1/extrato
api02-1  | 12:39:18.759 request_id=F7VD9ksv3yIYMC0AAAhh [info] GET /clientes/2/extrato
api01-1  | 12:39:18.759 request_id=F7VD9kszXuS-TeUAAAch [info] GET /clientes/4/extrato
api02-1  | 12:39:18.761 request_id=F7VD9ksqK0bcgbQAAAhB [info] Sent 200 in 2ms
api01-1  | 12:39:18.762 request_id=F7VD9kspBd4OkfkAAAcB [info] Sent 200 in 3ms
api01-1  | 12:39:18.763 request_id=F7VD9kszXuS-TeUAAAch [info] Sent 200 in 3ms
api01-1  | 12:39:18.764 request_id=F7VD9kt5UPlh2MoAAAdB [info] GET /clientes/3/extrato
api02-1  | 12:39:18.764 request_id=F7VD9ksv3yIYMC0AAAhh [info] Sent 200 in 4ms
api02-1  | 12:39:18.770 request_id=F7VD9kvfYZbTiHwAAAiB [info] POST /clientes/4/transacoes
api01-1  | 12:39:18.771 request_id=F7VD9kvqDyJR4hYAAAdh [info] POST /clientes/5/transacoes
api02-1  | 12:39:18.773 request_id=F7VD9kwBsZ8kkHkAAAih [info] POST /clientes/1/transacoes
api01-1  | 12:39:18.773 request_id=F7VD9kt5UPlh2MoAAAdB [info] Sent 200 in 9ms
api01-1  | 12:39:18.774 request_id=F7VD9kwcVcDoENoAAAeB [info] POST /clientes/2/transacoes
api01-1  | 12:39:18.775 request_id=F7VD9kvqDyJR4hYAAAdh [info] Sent 200 in 3ms
api02-1  | 12:39:18.774 request_id=F7VD9kwBsZ8kkHkAAAih [info] Sent 200 in 1ms
api02-1  | 12:39:18.775 request_id=F7VD9kvfYZbTiHwAAAiB [info] Sent 200 in 4ms
api01-1  | 12:39:18.777 request_id=F7VD9kwcVcDoENoAAAeB [info] Sent 200 in 2ms
api02-1  | 12:39:18.779 request_id=F7VD9kxfgOLqRa0AAAjB [info] POST /clientes/3/transacoes
api02-1  | 12:39:18.781 request_id=F7VD9kxfgOLqRa0AAAjB [info] Sent 200 in 1ms
api02-1  | 12:39:18.790 request_id=F7VD9k0Jprwq8bQAAAjh [info] GET /clientes/5/extrato
api02-1  | 12:39:18.791 request_id=F7VD9k0Jprwq8bQAAAjh [info] Sent 200 in 1ms
api02-1  | 12:39:18.792 request_id=F7VD9k0ohJ9xfOkAAAkB [info] GET /clientes/3/extrato
api01-1  | 12:39:18.791 request_id=F7VD9k0YlzFkMKgAAAeh [info] GET /clientes/2/extrato
api01-1  | 12:39:18.794 request_id=F7VD9k1AuShj85QAAAfB [info] GET /clientes/1/extrato
api02-1  | 12:39:18.795 request_id=F7VD9k0ohJ9xfOkAAAkB [info] Sent 200 in 3ms
api02-1  | 12:39:18.796 request_id=F7VD9k1fkbR0LN0AAAkh [info] GET /clientes/1/extrato
api02-1  | 12:39:18.797 request_id=F7VD9k12_2u-0dcAAAlB [info] GET /clientes/1/extrato
api02-1  | 12:39:18.797 request_id=F7VD9k15naWmRb8AAAlh [info] GET /clientes/5/extrato
api01-1  | 12:39:18.794 request_id=F7VD9k1D-YFatBsAAAfh [info] GET /clientes/4/extrato
api01-1  | 12:39:18.799 request_id=F7VD9k0YlzFkMKgAAAeh [info] Sent 200 in 7ms
api01-1  | 12:39:18.802 request_id=F7VD9k2_hOERCOAAAAgB [info] GET /clientes/5/extrato
api02-1  | 12:39:18.800 request_id=F7VD9k1fkbR0LN0AAAkh [info] Sent 200 in 4ms
api02-1  | 12:39:18.803 request_id=F7VD9k12_2u-0dcAAAlB [info] Sent 200 in 6ms
api01-1  | 12:39:18.803 request_id=F7VD9k3JQwH5mlUAAAgh [info] GET /clientes/1/extrato
api02-1  | 12:39:18.807 request_id=F7VD9k15naWmRb8AAAlh [info] Sent 200 in 9ms
api01-1  | 12:39:18.803 request_id=F7VD9k1AuShj85QAAAfB [info] Sent 200 in 9ms
api01-1  | 12:39:18.803 request_id=F7VD9k3MBj2OEVgAAAhB [info] GET /clientes/5/extrato
api02-1  | 12:39:18.807 request_id=F7VD9k4Tfe-5ZrgAAAmB [info] GET /clientes/2/extrato
api01-1  | 12:39:18.803 request_id=F7VD9k3NCcMmqHMAAAhh [info] GET /clientes/2/extrato
api02-1  | 12:39:18.808 request_id=F7VD9k4Wdz6pjaEAAAmh [info] GET /clientes/2/extrato
api02-1  | 12:39:18.808 request_id=F7VD9k4XR-ry6rgAAAnB [info] GET /clientes/3/extrato
api02-1  | 12:39:18.810 request_id=F7VD9k4-uCJmq5AAAAnh [info] GET /clientes/4/extrato
api02-1  | 12:39:18.810 request_id=F7VD9k5BroVCoA0AAAoB [info] GET /clientes/3/extrato
api01-1  | 12:39:18.805 request_id=F7VD9k30Xj0Cc_gAAAiB [info] GET /clientes/3/extrato
api02-1  | 12:39:18.821 request_id=F7VD9k5BroVCoA0AAAoB [info] Sent 200 in 10ms
api02-1  | 12:39:18.822 request_id=F7VD9k7zd7lHTfkAAAoh [info] POST /clientes/1/transacoes
api02-1  | 12:39:18.822 request_id=F7VD9k7zd7lHTfkAAAoh [info] Sent 422 in 137µs
api02-1  | 12:39:18.825 request_id=F7VD9k4Tfe-5ZrgAAAmB [info] Sent 200 in 17ms
api01-1  | 12:39:18.805 request_id=F7VD9k1D-YFatBsAAAfh [info] Sent 200 in 11ms
api01-1  | 12:39:18.811 request_id=F7VD9k5OXG1BSWEAAAih [info] GET /clientes/4/extrato
api01-1  | 12:39:18.812 request_id=F7VD9k3JQwH5mlUAAAgh [info] Sent 200 in 9ms
api01-1  | 12:39:18.811 request_id=F7VD9k5RGZYGTxQAAAjB [info] GET /clientes/4/extrato
api01-1  | 12:39:18.817 request_id=F7VD9k2_hOERCOAAAAgB [info] Sent 200 in 15ms
api01-1  | 12:39:18.819 request_id=F7VD9k7IPwCum30AAAjh [info] POST /clientes/1/transacoes
api01-1  | 12:39:18.819 request_id=F7VD9k7IPwCum30AAAjh [info] Sent 422 in 143µs
api01-1  | 12:39:18.825 request_id=F7VD9k30Xj0Cc_gAAAiB [info] Sent 200 in 19ms
api01-1  | 12:39:18.825 request_id=F7VD9k5RGZYGTxQAAAjB [info] Sent 200 in 13ms
api01-1  | 12:39:18.825 request_id=F7VD9k5OXG1BSWEAAAih [info] Sent 200 in 14ms
api01-1  | 12:39:18.825 request_id=F7VD9k3MBj2OEVgAAAhB [info] Sent 200 in 22ms
api01-1  | 12:39:18.828 request_id=F7VD9k9LGkptj50AAAkB [info] POST /clientes/1/transacoes
api01-1  | 12:39:18.828 request_id=F7VD9k9LGkptj50AAAkB [info] Sent 422 in 130µs
api01-1  | 12:39:18.829 request_id=F7VD9k3NCcMmqHMAAAhh [info] Sent 200 in 26ms
api01-1  | 12:39:18.831 request_id=F7VD9k9_6BJ2JAIAAAkh [info] POST /clientes/4/transacoes
api01-1  | 12:39:18.831 request_id=F7VD9k9_6BJ2JAIAAAkh [info] Sent 422 in 132µs
api02-1  | 12:39:18.826 request_id=F7VD9k4-uCJmq5AAAAnh [info] Sent 200 in 16ms
api02-1  | 12:39:18.827 request_id=F7VD9k4XR-ry6rgAAAnB [info] Sent 200 in 19ms
api02-1  | 12:39:18.831 request_id=F7VD9k4Wdz6pjaEAAAmh [info] Sent 200 in 23ms
api02-1  | 12:39:18.832 request_id=F7VD9k-PPId9f90AAApB [info] POST /clientes/5/transacoes
api02-1  | 12:39:18.832 request_id=F7VD9k-PPId9f90AAApB [info] Sent 422 in 135µs
api01-1  | 12:39:18.835 request_id=F7VD9k-x3JmmDb0AAAlB [info] POST /clientes/1/transacoes
api01-1  | 12:39:18.835 request_id=F7VD9k-x3JmmDb0AAAlB [info] Sent 422 in 125µs
api02-1  | 12:39:18.836 request_id=F7VD9k_AhslupgcAAAph [info] POST /clientes/3/transacoes
api02-1  | 12:39:18.836 request_id=F7VD9k_AhslupgcAAAph [info] Sent 422 in 132µs
api02-1  | 12:39:18.838 request_id=F7VD9k_i22IY1RsAAAqB [info] POST /clientes/1/transacoes
api02-1  | 12:39:18.838 request_id=F7VD9k_i22IY1RsAAAqB [info] Sent 422 in 118µs
api01-1  | 12:39:18.838 request_id=F7VD9k_rSX-7SkcAAAlh [info] POST /clientes/4/transacoes
api02-1  | 12:39:18.838 request_id=F7VD9k_lwF2aiRUAAAqh [info] POST /clientes/2/transacoes
api02-1  | 12:39:18.838 request_id=F7VD9k_lwF2aiRUAAAqh [info] Sent 422 in 195µs
api02-1  | 12:39:18.840 request_id=F7VD9lAC8BVG9KoAAArB [info] POST /clientes/3/transacoes
api02-1  | 12:39:18.840 request_id=F7VD9lAC8BVG9KoAAArB [info] Sent 422 in 105µs
api02-1  | 12:39:18.842 request_id=F7VD9lAdulpLjLYAAArh [info] POST /clientes/4/transacoes
api02-1  | 12:39:18.842 request_id=F7VD9lAdulpLjLYAAArh [info] Sent 422 in 107µs
api01-1  | 12:39:18.838 request_id=F7VD9k_rSX-7SkcAAAlh [info] Sent 422 in 123µs
api01-1  | 12:39:18.839 request_id=F7VD9k_uWERMPMMAAAmB [info] POST /clientes/5/transacoes
api02-1  | 12:39:18.843 request_id=F7VD9lAvMRfa6_QAAAsB [info] POST /clientes/3/transacoes
api02-1  | 12:39:18.843 request_id=F7VD9lAvMRfa6_QAAAsB [info] Sent 422 in 99µs
api02-1  | 12:39:18.845 request_id=F7VD9lBWFijuS1oAAAsh [info] POST /clientes/2/transacoes
api02-1  | 12:39:18.845 request_id=F7VD9lBWFijuS1oAAAsh [info] Sent 422 in 111µs
api01-1  | 12:39:18.839 request_id=F7VD9k_uWERMPMMAAAmB [info] Sent 422 in 188µs
api02-1  | 12:39:18.847 request_id=F7VD9lBrbRDuk0oAAAtB [info] POST /clientes/4/transacoes
api02-1  | 12:39:18.847 request_id=F7VD9lBrbRDuk0oAAAtB [info] Sent 422 in 96µs
api01-1  | 12:39:18.841 request_id=F7VD9lAMfwVjvI8AAAmh [info] POST /clientes/5/transacoes
api01-1  | 12:39:18.841 request_id=F7VD9lAMfwVjvI8AAAmh [info] Sent 422 in 106µs
api01-1  | 12:39:18.842 request_id=F7VD9lAdmoFaD4kAAAnB [info] POST /clientes/2/transacoes
api01-1  | 12:39:18.842 request_id=F7VD9lAdmoFaD4kAAAnB [info] Sent 422 in 99µs
api02-1  | 12:39:18.849 request_id=F7VD9lCLL2IPoIYAAAth [info] POST /clientes/3/transacoes
api02-1  | 12:39:18.849 request_id=F7VD9lCLL2IPoIYAAAth [info] Sent 422 in 99µs
api01-1  | 12:39:18.843 request_id=F7VD9lAr39cz2HEAAAnh [info] POST /clientes/5/transacoes
api02-1  | 12:39:18.850 request_id=F7VD9lCfYnhkoeYAAAuB [info] POST /clientes/2/transacoes
api01-1  | 12:39:18.843 request_id=F7VD9lAr39cz2HEAAAnh [info] Sent 422 in 98µs
api01-1  | 12:39:18.845 request_id=F7VD9lBR36Wvdz4AAAoB [info] POST /clientes/5/transacoes
api01-1  | 12:39:18.845 request_id=F7VD9lBR36Wvdz4AAAoB [info] Sent 422 in 102µs
api01-1  | 12:39:18.847 request_id=F7VD9lB1wYMu1LAAAAoh [info] POST /clientes/2/transacoes
api01-1  | 12:39:18.848 request_id=F7VD9lB1wYMu1LAAAAoh [info] Sent 422 in 101µs
api01-1  | 12:39:18.848 request_id=F7VD9lCCcuV3PmgAAApB [info] POST /clientes/4/transacoes
api01-1  | 12:39:18.848 request_id=F7VD9lCCcuV3PmgAAApB [info] Sent 422 in 91µs
api02-1  | 12:39:18.850 request_id=F7VD9lCfYnhkoeYAAAuB [info] Sent 422 in 99µs
api01-1  | 12:39:18.852 request_id=F7VD9lDCLoogsTUAAAph [info] POST /clientes/3/transacoes
api01-1  | 12:39:18.853 request_id=F7VD9lDCLoogsTUAAAph [info] Sent 422 in 134µs
api01-1  | 12:39:19.743 request_id=F7VD9oXaannzCvUAAAqB [info] GET /clientes/5/extrato
api02-1  | 12:39:19.743 request_id=F7VD9oXZRZHpFPgAAAuh [info] POST /clientes/3/transacoes
api02-1  | 12:39:19.744 request_id=F7VD9oXtCKyDJosAAAvB [info] POST /clientes/1/transacoes
api01-1  | 12:39:19.746 request_id=F7VD9oXaannzCvUAAAqB [info] Sent 200 in 3ms
api02-1  | 12:39:19.746 request_id=F7VD9oXZRZHpFPgAAAuh [info] Sent 200 in 2ms
api02-1  | 12:39:19.747 request_id=F7VD9oXtCKyDJosAAAvB [info] Sent 200 in 2ms
api01-1  | 12:39:20.733 request_id=F7VD9sDgzk8TmdAAAAqh [info] GET /clientes/5/extrato
api02-1  | 12:39:20.735 request_id=F7VD9sD3lHfCwKIAAAvh [info] POST /clientes/2/transacoes
api01-1  | 12:39:20.735 request_id=F7VD9sDgzk8TmdAAAAqh [info] Sent 200 in 1ms
api01-1  | 12:39:20.736 request_id=F7VD9sEGkB5thDUAAArB [info] POST /clientes/1/transacoes
api02-1  | 12:39:20.737 request_id=F7VD9sD3lHfCwKIAAAvh [info] Sent 200 in 2ms
api01-1  | 12:39:20.738 request_id=F7VD9sEGkB5thDUAAArB [info] Sent 200 in 1ms
api02-1  | 12:39:20.983 request_id=F7VD9s_CP_WiHSMAAAwB [info] POST /clientes/1/transacoes
api02-1  | 12:39:20.985 request_id=F7VD9s_CP_WiHSMAAAwB [info] Sent 200 in 1ms
api01-1  | 12:39:21.233 request_id=F7VD9t6tl4GL6BoAAArh [info] POST /clientes/1/transacoes
api02-1  | 12:39:21.234 request_id=F7VD9t6u6A-QeEIAAAwh [info] POST /clientes/2/transacoes
api01-1  | 12:39:21.235 request_id=F7VD9t6tl4GL6BoAAArh [info] Sent 200 in 1ms
api02-1  | 12:39:21.235 request_id=F7VD9t6u6A-QeEIAAAwh [info] Sent 200 in 1ms
api01-1  | 12:39:21.484 request_id=F7VD9u2cdHlGyP4AAAsB [info] POST /clientes/5/transacoes
api01-1  | 12:39:21.485 request_id=F7VD9u2cdHlGyP4AAAsB [info] Sent 200 in 1ms
api01-1  | 12:39:21.734 request_id=F7VD9vyI4ysfWGIAAAsh [info] POST /clientes/5/transacoes
api02-1  | 12:39:21.734 request_id=F7VD9vyGMSP6dqYAAAxB [info] POST /clientes/1/transacoes
api02-1  | 12:39:21.735 request_id=F7VD9vyaBj22kD4AAAxh [info] GET /clientes/2/extrato
api01-1  | 12:39:21.736 request_id=F7VD9vyI4ysfWGIAAAsh [info] Sent 200 in 1ms
api02-1  | 12:39:21.736 request_id=F7VD9vyGMSP6dqYAAAxB [info] Sent 200 in 2ms
api02-1  | 12:39:21.737 request_id=F7VD9vyaBj22kD4AAAxh [info] Sent 200 in 1ms
api01-1  | 12:39:21.899 request_id=F7VD9wZg8iJsMH4AAAtB [info] POST /clientes/1/transacoes
api01-1  | 12:39:21.901 request_id=F7VD9wZg8iJsMH4AAAtB [info] Sent 200 in 1ms
api02-1  | 12:39:21.983 request_id=F7VD9wtgnQYDDr4AAAyB [info] POST /clientes/2/transacoes
api02-1  | 12:39:21.986 request_id=F7VD9wtgnQYDDr4AAAyB [info] Sent 200 in 2ms
api01-1  | 12:39:22.067 request_id=F7VD9xBZ_vSJUR8AAAth [info] POST /clientes/5/transacoes
api01-1  | 12:39:22.068 request_id=F7VD9xBZ_vSJUR8AAAth [info] Sent 200 in 1ms
api01-1  | 12:39:22.234 request_id=F7VD9xpKgwGlvoEAAAuB [info] POST /clientes/4/transacoes
api02-1  | 12:39:22.234 request_id=F7VD9xpK4Mvlmn8AAAyh [info] POST /clientes/1/transacoes
api01-1  | 12:39:22.235 request_id=F7VD9xpKgwGlvoEAAAuB [info] Sent 200 in 1ms
api02-1  | 12:39:22.235 request_id=F7VD9xpK4Mvlmn8AAAyh [info] Sent 200 in 1ms
api02-1  | 12:39:22.400 request_id=F7VD9yQ5Ur50URsAAAzB [info] POST /clientes/2/transacoes
api02-1  | 12:39:22.402 request_id=F7VD9yQ5Ur50URsAAAzB [info] Sent 200 in 1ms
api01-1  | 12:39:22.484 request_id=F7VD9yk5SS2-HPoAAAuh [info] POST /clientes/1/transacoes
api01-1  | 12:39:22.486 request_id=F7VD9yk5SS2-HPoAAAuh [info] Sent 200 in 1ms
api02-1  | 12:39:22.568 request_id=F7VD9y41vO7EtJEAAAzh [info] POST /clientes/2/transacoes
api02-1  | 12:39:22.569 request_id=F7VD9y41vO7EtJEAAAzh [info] Sent 200 in 1ms
api01-1  | 12:39:22.733 request_id=F7VD9zgKPeLFBisAAAvB [info] POST /clientes/3/transacoes
api02-1  | 12:39:22.733 request_id=F7VD9zgN1OHWOBwAAA0B [info] POST /clientes/4/transacoes
api01-1  | 12:39:22.734 request_id=F7VD9zgapGGE85gAAAvh [info] GET /clientes/3/extrato
api02-1  | 12:39:22.735 request_id=F7VD9zgN1OHWOBwAAA0B [info] Sent 200 in 2ms
api01-1  | 12:39:22.735 request_id=F7VD9zgapGGE85gAAAvh [info] Sent 200 in 1ms
api01-1  | 12:39:22.735 request_id=F7VD9zgKPeLFBisAAAvB [info] Sent 200 in 2ms
api02-1  | 12:39:22.875 request_id=F7VD90B_2G4MmL4AAA0h [info] POST /clientes/4/transacoes
api02-1  | 12:39:22.876 request_id=F7VD90B_2G4MmL4AAA0h [info] Sent 200 in 1ms
api01-1  | 12:39:22.983 request_id=F7VD90b8NVAcnsAAAAwB [info] POST /clientes/3/transacoes
api01-1  | 12:39:22.985 request_id=F7VD90b8NVAcnsAAAAwB [info] Sent 200 in 1ms
api02-1  | 12:39:23.018 request_id=F7VD90kJhsjwJQMAAA1B [info] POST /clientes/1/transacoes
api02-1  | 12:39:23.019 request_id=F7VD90kJhsjwJQMAAA1B [info] Sent 200 in 1ms
api01-1  | 12:39:23.161 request_id=F7VD91GOlLJSIQcAAAwh [info] POST /clientes/5/transacoes
api01-1  | 12:39:23.162 request_id=F7VD91GOlLJSIQcAAAwh [info] Sent 200 in 1ms
api02-1  | 12:39:23.233 request_id=F7VD91XhyuRNk9AAAA1h [info] POST /clientes/4/transacoes
api02-1  | 12:39:23.235 request_id=F7VD91XhyuRNk9AAAA1h [info] Sent 200 in 1ms
api01-1  | 12:39:23.304 request_id=F7VD91oWm4tsLcsAAAxB [info] POST /clientes/3/transacoes
api01-1  | 12:39:23.307 request_id=F7VD91oWm4tsLcsAAAxB [info] Sent 200 in 3ms
api02-1  | 12:39:23.447 request_id=F7VD92Kg4PVMTsoAAA2B [info] POST /clientes/1/transacoes
api02-1  | 12:39:23.449 request_id=F7VD92Kg4PVMTsoAAA2B [info] Sent 200 in 1ms
api01-1  | 12:39:23.484 request_id=F7VD92TQ3DO_09sAAAxh [info] POST /clientes/1/transacoes
api01-1  | 12:39:23.488 request_id=F7VD92TQ3DO_09sAAAxh [info] Sent 200 in 4ms
api02-1  | 12:39:23.591 request_id=F7VD92svfuDeJ1wAAA2h [info] POST /clientes/3/transacoes
api02-1  | 12:39:23.593 request_id=F7VD92svfuDeJ1wAAA2h [info] Sent 200 in 1ms
api02-1  | 12:39:23.733 request_id=F7VD93OrLATux5IAAA3B [info] POST /clientes/5/transacoes
api01-1  | 12:39:23.733 request_id=F7VD93Oo5bom_QQAAAyB [info] POST /clientes/1/transacoes
api01-1  | 12:39:23.734 request_id=F7VD93OzabOd4V0AAAyh [info] GET /clientes/1/extrato
api02-1  | 12:39:23.735 request_id=F7VD93OrLATux5IAAA3B [info] Sent 200 in 1ms
api01-1  | 12:39:23.735 request_id=F7VD93OzabOd4V0AAAyh [info] Sent 200 in 1ms
api01-1  | 12:39:23.735 request_id=F7VD93Oo5bom_QQAAAyB [info] Sent 200 in 2ms
api02-1  | 12:39:23.843 request_id=F7VD93o_BzITp7AAAA3h [info] POST /clientes/4/transacoes
api02-1  | 12:39:23.845 request_id=F7VD93o_BzITp7AAAA3h [info] Sent 200 in 1ms
api01-1  | 12:39:23.933 request_id=F7VD93-WoQLUpqkAAAzB [info] POST /clientes/5/transacoes
api01-1  | 12:39:23.935 request_id=F7VD93-WoQLUpqkAAAzB [info] Sent 200 in 1ms
api02-1  | 12:39:23.954 request_id=F7VD94DY1Kw44A4AAA4B [info] POST /clientes/2/transacoes
api02-1  | 12:39:23.956 request_id=F7VD94DY1Kw44A4AAA4B [info] Sent 200 in 1ms
api01-1  | 12:39:24.066 request_id=F7VD94d_v0E7520AAAzh [info] POST /clientes/4/transacoes
api01-1  | 12:39:24.067 request_id=F7VD94d_v0E7520AAAzh [info] Sent 200 in 1ms
api02-1  | 12:39:24.133 request_id=F7VD94t9eKVgUNoAAA4h [info] POST /clientes/4/transacoes
api02-1  | 12:39:24.134 request_id=F7VD94t9eKVgUNoAAA4h [info] Sent 200 in 1ms
api01-1  | 12:39:24.176 request_id=F7VD944V3ICd01YAAA0B [info] POST /clientes/4/transacoes
api01-1  | 12:39:24.178 request_id=F7VD944V3ICd01YAAA0B [info] Sent 200 in 1ms
api02-1  | 12:39:24.288 request_id=F7VD95S71yJxj3QAAA5B [info] POST /clientes/2/transacoes
api02-1  | 12:39:24.289 request_id=F7VD95S71yJxj3QAAA5B [info] Sent 200 in 1ms
api01-1  | 12:39:24.333 request_id=F7VD95dwcNFNh0gAAA0h [info] POST /clientes/1/transacoes
api01-1  | 12:39:24.335 request_id=F7VD95dwcNFNh0gAAA0h [info] Sent 200 in 1ms
api02-1  | 12:39:24.399 request_id=F7VD95tcpGv46DUAAA5h [info] POST /clientes/2/transacoes
api02-1  | 12:39:24.400 request_id=F7VD95tcpGv46DUAAA5h [info] Sent 200 in 1ms
api01-1  | 12:39:24.511 request_id=F7VD96IDX3mavygAAA1B [info] POST /clientes/4/transacoes
api01-1  | 12:39:24.512 request_id=F7VD96IDX3mavygAAA1B [info] Sent 200 in 1ms
api02-1  | 12:39:24.533 request_id=F7VD96NYyfOaQ7QAAA6B [info] POST /clientes/4/transacoes
api02-1  | 12:39:24.535 request_id=F7VD96NYyfOaQ7QAAA6B [info] Sent 200 in 1ms
api01-1  | 12:39:24.621 request_id=F7VD96ieHx1J130AAA1h [info] POST /clientes/1/transacoes
api01-1  | 12:39:24.625 request_id=F7VD96ieHx1J130AAA1h [info] Sent 200 in 3ms
api02-1  | 12:39:24.732 request_id=F7VD9683ogBpxpEAAA6h [info] POST /clientes/2/transacoes
api01-1  | 12:39:24.732 request_id=F7VD9686EwbhS8YAAA2B [info] GET /clientes/2/extrato
api02-1  | 12:39:24.733 request_id=F7VD969DZetnXJYAAA7B [info] POST /clientes/2/transacoes
api02-1  | 12:39:24.734 request_id=F7VD9683ogBpxpEAAA6h [info] Sent 200 in 2ms
api01-1  | 12:39:24.735 request_id=F7VD9686EwbhS8YAAA2B [info] Sent 200 in 2ms
api02-1  | 12:39:24.735 request_id=F7VD969DZetnXJYAAA7B [info] Sent 200 in 2ms
api01-1  | 12:39:24.822 request_id=F7VD97SXXly_dVYAAA2h [info] POST /clientes/4/transacoes
api01-1  | 12:39:24.824 request_id=F7VD97SXXly_dVYAAA2h [info] Sent 200 in 1ms
api02-1  | 12:39:24.899 request_id=F7VD97kkgFhCY4AAAA7h [info] POST /clientes/3/transacoes
api02-1  | 12:39:24.900 request_id=F7VD97kkgFhCY4AAAA7h [info] Sent 200 in 1ms
api01-1  | 12:39:24.913 request_id=F7VD97oGf-ThW7MAAA3B [info] POST /clientes/4/transacoes
api01-1  | 12:39:24.915 request_id=F7VD97oGf-ThW7MAAA3B [info] Sent 200 in 1ms
api02-1  | 12:39:25.004 request_id=F7VD979zeCcSFDsAAA8B [info] POST /clientes/3/transacoes
api02-1  | 12:39:25.006 request_id=F7VD979zeCcSFDsAAA8B [info] Sent 200 in 1ms
api01-1  | 12:39:25.066 request_id=F7VD98Manb66OgkAAA3h [info] POST /clientes/5/transacoes
api01-1  | 12:39:25.068 request_id=F7VD98Manb66OgkAAA3h [info] Sent 200 in 1ms
api02-1  | 12:39:25.095 request_id=F7VD98Tev71UDG8AAA8h [info] POST /clientes/2/transacoes
api02-1  | 12:39:25.097 request_id=F7VD98Tev71UDG8AAA8h [info] Sent 200 in 1ms
api01-1  | 12:39:25.186 request_id=F7VD98pMhWuE6kkAAA4B [info] POST /clientes/3/transacoes
api01-1  | 12:39:25.188 request_id=F7VD98pMhWuE6kkAAA4B [info] Sent 200 in 1ms
api01-1  | 12:39:25.233 request_id=F7VD980RMUH8A6QAAA4h [info] GET /clientes/4/extrato
api02-1  | 12:39:25.233 request_id=F7VD980R4FNs1l8AAA9B [info] POST /clientes/3/transacoes
api01-1  | 12:39:25.234 request_id=F7VD980RMUH8A6QAAA4h [info] Sent 200 in 1ms
api02-1  | 12:39:25.235 request_id=F7VD980R4FNs1l8AAA9B [info] Sent 200 in 1ms
api02-1  | 12:39:25.277 request_id=F7VD98-12DqdbgwAAA9h [info] POST /clientes/1/transacoes
api02-1  | 12:39:25.279 request_id=F7VD98-12DqdbgwAAA9h [info] Sent 200 in 1ms
api01-1  | 12:39:25.369 request_id=F7VD99Up3_hTJN0AAA5B [info] POST /clientes/4/transacoes
api01-1  | 12:39:25.370 request_id=F7VD99Up3_hTJN0AAA5B [info] Sent 200 in 1ms
api02-1  | 12:39:25.398 request_id=F7VD99btvUjlfpgAAA-B [info] POST /clientes/2/transacoes
api02-1  | 12:39:25.400 request_id=F7VD99btvUjlfpgAAA-B [info] Sent 200 in 1ms
api01-1  | 12:39:25.459 request_id=F7VD99qPSZ81SjkAAA5h [info] POST /clientes/3/transacoes
api01-1  | 12:39:25.461 request_id=F7VD99qPSZ81SjkAAA5h [info] Sent 200 in 1ms
api02-1  | 12:39:25.551 request_id=F7VD9-AFUFEieDMAAA-h [info] POST /clientes/3/transacoes
api02-1  | 12:39:25.552 request_id=F7VD9-AFUFEieDMAAA-h [info] Sent 200 in 1ms
api01-1  | 12:39:25.565 request_id=F7VD9-DgwmLM4_sAAA6B [info] POST /clientes/3/transacoes
api01-1  | 12:39:25.567 request_id=F7VD9-DgwmLM4_sAAA6B [info] Sent 200 in 1ms
api02-1  | 12:39:25.642 request_id=F7VD9-VvbvF2heAAAA_B [info] POST /clientes/2/transacoes
api02-1  | 12:39:25.643 request_id=F7VD9-VvbvF2heAAAA_B [info] Sent 200 in 1ms
api02-1  | 12:39:25.732 request_id=F7VD9-rWqXvpNMkAAA_h [info] GET /clientes/4/extrato
api01-1  | 12:39:25.732 request_id=F7VD9-rV-QYxKK0AAA6h [info] POST /clientes/4/transacoes
api01-1  | 12:39:25.733 request_id=F7VD9-rfa2c7CLEAAA7B [info] POST /clientes/1/transacoes
api02-1  | 12:39:25.734 request_id=F7VD9-rWqXvpNMkAAA_h [info] Sent 200 in 1ms
api01-1  | 12:39:25.734 request_id=F7VD9-rV-QYxKK0AAA6h [info] Sent 200 in 1ms
api01-1  | 12:39:25.735 request_id=F7VD9-rfa2c7CLEAAA7B [info] Sent 200 in 1ms
api02-1  | 12:39:25.808 request_id=F7VD9-9aZ7lkkSgAABAB [info] POST /clientes/1/transacoes
api02-1  | 12:39:25.810 request_id=F7VD9-9aZ7lkkSgAABAB [info] Sent 200 in 1ms
api01-1  | 12:39:25.875 request_id=F7VD9_NRHiymbeEAAA7h [info] POST /clientes/4/transacoes
api01-1  | 12:39:25.876 request_id=F7VD9_NRHiymbeEAAA7h [info] Sent 200 in 1ms
api02-1  | 12:39:25.885 request_id=F7VD9_PtUAWw5LIAABAh [info] POST /clientes/1/transacoes
api02-1  | 12:39:25.887 request_id=F7VD9_PtUAWw5LIAABAh [info] Sent 200 in 1ms
api01-1  | 12:39:25.962 request_id=F7VD9_iIwg6FF3oAAA8B [info] POST /clientes/3/transacoes
api01-1  | 12:39:25.964 request_id=F7VD9_iIwg6FF3oAAA8B [info] Sent 200 in 1ms
api02-1  | 12:39:26.018 request_id=F7VD9_vbC-kIMjEAABBB [info] POST /clientes/3/transacoes
api02-1  | 12:39:26.020 request_id=F7VD9_vbC-kIMjEAABBB [info] Sent 200 in 1ms
api01-1  | 12:39:26.039 request_id=F7VD9_0j72nr6yEAAA8h [info] POST /clientes/2/transacoes
api01-1  | 12:39:26.041 request_id=F7VD9_0j72nr6yEAAA8h [info] Sent 200 in 1ms
api02-1  | 12:39:26.117 request_id=F7VD-AG_amu8ioMAABBh [info] POST /clientes/5/transacoes
api02-1  | 12:39:26.119 request_id=F7VD-AG_amu8ioMAABBh [info] Sent 200 in 1ms
api01-1  | 12:39:26.161 request_id=F7VD-ARhrk0C5eoAAA9B [info] POST /clientes/2/transacoes
