 Network rinha-2024-q1  Creating
 Network rinha-2024-q1  Created
 Container newton-db-1  Creating
 Container newton-db-1  Created
 Container newton-api02-1  Creating
 Container newton-api01-1  Creating
 Container newton-api02-1  Created
 Container newton-api01-1  Created
 Container newton-nginx-1  Creating
 Container newton-nginx-1  Created
Attaching to api01-1, api02-1, db-1, nginx-1
db-1     | The files belonging to this database system will be owned by user "postgres".
db-1     | This user must also own the server process.
db-1     | 
db-1     | The database cluster will be initialized with locale "en_US.utf8".
db-1     | The default database encoding has accordingly been set to "UTF8".
db-1     | The default text search configuration will be set to "english".
db-1     | 
db-1     | Data page checksums are disabled.
db-1     | 
db-1     | fixing permissions on existing directory /var/lib/postgresql/data ... ok
db-1     | creating subdirectories ... ok
db-1     | selecting dynamic shared memory implementation ... posix
db-1     | selecting default max_connections ... 100
db-1     | selecting default shared_buffers ... 128MB
db-1     | selecting default time zone ... UTC
db-1     | creating configuration files ... ok
db-1     | running bootstrap script ... ok
db-1     | sh: locale: not found
db-1     | 2024-02-17 19:08:19.420 UTC [30] WARNING:  no usable system locales were found
db-1     | performing post-bootstrap initialization ... ok
db-1     | syncing data to disk ... ok
db-1     | 
db-1     | 
db-1     | Success. You can now start the database server using:
db-1     | 
db-1     |     pg_ctl -D /var/lib/postgresql/data -l logfile start
db-1     | 
db-1     | initdb: warning: enabling "trust" authentication for local connections
db-1     | You can change this by editing pg_hba.conf or using the option -A, or
db-1     | --auth-local and --auth-host, the next time you run initdb.
db-1     | waiting for server to start.... done
db-1     | server started
db-1     | CREATE DATABASE
db-1     | 
db-1     | 
db-1     | /usr/local/bin/docker-entrypoint.sh: running /docker-entrypoint-initdb.d/init.sql
db-1     | CREATE TABLE
db-1     | CREATE TABLE
db-1     | CREATE INDEX
db-1     | INSERT 0 5
db-1     | CREATE FUNCTION
db-1     | CREATE TRIGGER
db-1     | SET
db-1     | SET
db-1     | SET
db-1     | SET
db-1     | SET
db-1     | SET
db-1     | SET
db-1     | SET
db-1     | SET
db-1     | SET
db-1     | SET
db-1     | 
db-1     | 
db-1     | waiting for server to shut down.... done
db-1     | server stopped
db-1     | 
db-1     | PostgreSQL init process complete; ready for start up.
db-1     | 
nginx-1  | /docker-entrypoint.sh: /docker-entrypoint.d/ is not empty, will attempt to perform configuration
nginx-1  | /docker-entrypoint.sh: Looking for shell scripts in /docker-entrypoint.d/
nginx-1  | /docker-entrypoint.sh: Launching /docker-entrypoint.d/10-listen-on-ipv6-by-default.sh
nginx-1  | 10-listen-on-ipv6-by-default.sh: info: Getting the checksum of /etc/nginx/conf.d/default.conf
nginx-1  | 10-listen-on-ipv6-by-default.sh: info: Enabled listen on IPv6 in /etc/nginx/conf.d/default.conf
nginx-1  | /docker-entrypoint.sh: Sourcing /docker-entrypoint.d/15-local-resolvers.envsh
nginx-1  | /docker-entrypoint.sh: Launching /docker-entrypoint.d/20-envsubst-on-templates.sh
nginx-1  | /docker-entrypoint.sh: Launching /docker-entrypoint.d/30-tune-worker-processes.sh
nginx-1  | /docker-entrypoint.sh: Configuration complete; ready for start up
nginx-1  | 2024/02/17 19:08:23 [error] 28#28: *1 connect() failed (111: Connection refused) while connecting to upstream, client: 172.22.0.1, server: , request: "GET /clientes/1/extrato HTTP/1.1", upstream: "http://172.22.0.4:4000/clientes/1/extrato", host: "localhost:9999"
nginx-1  | 2024/02/17 19:08:23 [error] 28#28: *1 connect() failed (111: Connection refused) while connecting to upstream, client: 172.22.0.1, server: , request: "GET /clientes/1/extrato HTTP/1.1", upstream: "http://172.22.0.3:4000/clientes/1/extrato", host: "localhost:9999"
nginx-1  | 2024/02/17 19:08:25 [error] 28#28: *4 no live upstreams while connecting to upstream, client: 172.22.0.1, server: , request: "GET /clientes/1/extrato HTTP/1.1", upstream: "http://api/clientes/1/extrato", host: "localhost:9999"
api01-1  | 19:08:27.425 [info] Running RinhaBackendWeb.Endpoint with Bandit 1.2.1 at :::4000 (http)
api01-1  | "warmming up!.."
api01-1  | 19:08:27.426 [info] Access RinhaBackendWeb.Endpoint at https://api01
api02-1  | 19:08:27.432 [info] Running RinhaBackendWeb.Endpoint with Bandit 1.2.1 at :::4000 (http)
api02-1  | "warmming up!.."
api02-1  | 19:08:27.432 [info] Access RinhaBackendWeb.Endpoint at https://api01
api02-1  | "done!.."
nginx-1  | 2024/02/17 19:08:27 [error] 28#28: *5 no live upstreams while connecting to upstream, client: 172.22.0.1, server: , request: "GET /clientes/1/extrato HTTP/1.1", upstream: "http://api/clientes/1/extrato", host: "localhost:9999"
api01-1  | "done!.."
nginx-1  | 2024/02/17 19:08:29 [error] 28#28: *6 no live upstreams while connecting to upstream, client: 172.22.0.1, server: , request: "GET /clientes/1/extrato HTTP/1.1", upstream: "http://api/clientes/1/extrato", host: "localhost:9999"
nginx-1  | 2024/02/17 19:08:31 [error] 28#28: *7 no live upstreams while connecting to upstream, client: 172.22.0.1, server: , request: "GET /clientes/1/extrato HTTP/1.1", upstream: "http://api/clientes/1/extrato", host: "localhost:9999"
nginx-1  | 2024/02/17 19:08:33 [error] 28#28: *8 no live upstreams while connecting to upstream, client: 172.22.0.1, server: , request: "GET /clientes/1/extrato HTTP/1.1", upstream: "http://api/clientes/1/extrato", host: "localhost:9999"
api02-1  | 19:08:35.987 request_id=F7S8C2_gazldNLcAAAMh [info] GET /clientes/1/extrato
api02-1  | 19:08:35.990 request_id=F7S8C2_gazldNLcAAAMh [info] Sent 200 in 2ms
api02-1  | 19:08:35.995 request_id=F7S8C3BXXVU4Z08AAANh [info] GET /clientes/1/extrato
api02-1  | 19:08:35.997 request_id=F7S8C3BXXVU4Z08AAANh [info] Sent 200 in 2ms
api01-1  | 19:08:42.496 request_id=F7S8DPPSRnzU820AAAMh [info] POST /clientes/1/transacoes
api02-1  | 19:08:42.495 request_id=F7S8DPPD6ezUIZQAAAOB [info] POST /clientes/1/transacoes
api02-1  | 19:08:42.495 request_id=F7S8DPPIkT1wbAQAAAOh [info] POST /clientes/1/transacoes
api01-1  | 19:08:42.503 request_id=F7S8DPPSRnzU820AAAMh [info] Sent 200 in 7ms
api02-1  | 19:08:42.498 request_id=F7S8DPPquqeMBUAAAAPB [info] POST /clientes/1/transacoes
api02-1  | 19:08:42.499 request_id=F7S8DPP4dKmP9wwAAAPh [info] POST /clientes/1/transacoes
api02-1  | 19:08:42.500 request_id=F7S8DPQLi_mEffUAAAQB [info] POST /clientes/1/transacoes
api02-1  | 19:08:42.534 request_id=F7S8DPYct5-F8msAAAQh [info] POST /clientes/1/transacoes
api02-1  | 19:08:42.535 request_id=F7S8DPYeBwGcGdoAAARB [info] POST /clientes/1/transacoes
api02-1  | 19:08:42.535 request_id=F7S8DPYegTP_o9UAAARh [info] POST /clientes/1/transacoes
api02-1  | 19:08:42.535 request_id=F7S8DPYfdbYpmgoAAASB [info] POST /clientes/1/transacoes
api02-1  | 19:08:42.535 request_id=F7S8DPYgFG6CiJ4AAASh [info] POST /clientes/1/transacoes
api02-1  | 19:08:42.535 request_id=F7S8DPYh1ohagtgAAATB [info] POST /clientes/1/transacoes
api02-1  | 19:08:42.535 request_id=F7S8DPYoiWohNGgAAATh [info] POST /clientes/1/transacoes
api02-1  | 19:08:42.535 request_id=F7S8DPYqSt3jJYYAAAUB [info] POST /clientes/1/transacoes
api02-1  | 19:08:42.536 request_id=F7S8DPYtx8EJUT0AAAUh [info] POST /clientes/1/transacoes
api02-1  | 19:08:42.536 request_id=F7S8DPY23Jk-c7UAAAVB [info] POST /clientes/1/transacoes
api02-1  | 19:08:42.536 request_id=F7S8DPY3XfqpiJgAAAVh [info] POST /clientes/1/transacoes
api02-1  | 19:08:42.538 request_id=F7S8DPZYFUQVAasAAAWB [info] POST /clientes/1/transacoes
api02-1  | 19:08:42.539 request_id=F7S8DPZaZGJ4BoAAAAWh [info] POST /clientes/1/transacoes
api02-1  | 19:08:42.539 request_id=F7S8DPZbGe6BQ54AAAXB [info] POST /clientes/1/transacoes
api02-1  | 19:08:42.539 request_id=F7S8DPZbsxgGbAMAAAXh [info] POST /clientes/1/transacoes
api02-1  | 19:08:42.539 request_id=F7S8DPZcPPmkiSUAAAYB [info] POST /clientes/1/transacoes
api02-1  | 19:08:42.549 request_id=F7S8DPPD6ezUIZQAAAOB [info] Sent 200 in 53ms
api02-1  | 19:08:42.551 request_id=F7S8DPPquqeMBUAAAAPB [info] Sent 200 in 53ms
api02-1  | 19:08:42.552 request_id=F7S8DPYgFG6CiJ4AAASh [info] Sent 200 in 17ms
api02-1  | 19:08:42.554 request_id=F7S8DPYoiWohNGgAAATh [info] Sent 200 in 18ms
api02-1  | 19:08:42.555 request_id=F7S8DPZYFUQVAasAAAWB [info] Sent 200 in 17ms
api02-1  | 19:08:42.557 request_id=F7S8DPYfdbYpmgoAAASB [info] Sent 200 in 22ms
api02-1  | 19:08:42.559 request_id=F7S8DPYeBwGcGdoAAARB [info] Sent 200 in 23ms
api02-1  | 19:08:42.560 request_id=F7S8DPYh1ohagtgAAATB [info] Sent 200 in 25ms
api02-1  | 19:08:42.561 request_id=F7S8DPQLi_mEffUAAAQB [info] Sent 200 in 61ms
api02-1  | 19:08:42.564 request_id=F7S8DPYtx8EJUT0AAAUh [info] Sent 200 in 28ms
api02-1  | 19:08:42.566 request_id=F7S8DPYct5-F8msAAAQh [info] Sent 200 in 31ms
api02-1  | 19:08:42.567 request_id=F7S8DPPIkT1wbAQAAAOh [info] Sent 200 in 71ms
api02-1  | 19:08:42.568 request_id=F7S8DPZbGe6BQ54AAAXB [info] Sent 200 in 29ms
api02-1  | 19:08:42.569 request_id=F7S8DPYqSt3jJYYAAAUB [info] Sent 200 in 34ms
api02-1  | 19:08:42.571 request_id=F7S8DPYegTP_o9UAAARh [info] Sent 200 in 36ms
api02-1  | 19:08:42.572 request_id=F7S8DPZcPPmkiSUAAAYB [info] Sent 200 in 33ms
api02-1  | 19:08:42.573 request_id=F7S8DPZaZGJ4BoAAAAWh [info] Sent 200 in 34ms
api02-1  | 19:08:42.575 request_id=F7S8DPP4dKmP9wwAAAPh [info] Sent 200 in 76ms
api02-1  | 19:08:42.576 request_id=F7S8DPZbsxgGbAMAAAXh [info] Sent 200 in 37ms
api02-1  | 19:08:42.577 request_id=F7S8DPY23Jk-c7UAAAVB [info] Sent 200 in 40ms
api02-1  | 19:08:42.578 request_id=F7S8DPY3XfqpiJgAAAVh [info] Sent 200 in 41ms
api01-1  | 19:08:44.779 request_id=F7S8DXvlCo8osbUAAANB [info] POST /clientes/1/transacoes
api02-1  | 19:08:44.779 request_id=F7S8DXvfOJL1qGEAAAYh [info] POST /clientes/1/transacoes
api02-1  | 19:08:44.780 request_id=F7S8DXvvEH2WYdAAAAZB [info] POST /clientes/1/transacoes
api02-1  | 19:08:44.783 request_id=F7S8DXvvEH2WYdAAAAZB [info] Sent 200 in 3ms
api02-1  | 19:08:44.785 request_id=F7S8DXvfOJL1qGEAAAYh [info] Sent 200 in 5ms
api01-1  | 19:08:44.785 request_id=F7S8DXvlCo8osbUAAANB [info] Sent 200 in 6ms
api01-1  | 19:08:45.415 request_id=F7S8DaHS9HMLR-QAAANh [info] GET /clientes/1/extrato
api01-1  | 19:08:45.417 request_id=F7S8DaHS9HMLR-QAAANh [info] Sent 200 in 2ms
api02-1  | 19:08:46.419 request_id=F7S8Dd2gsQsfcqkAAAZh [info] POST /clientes/1/transacoes
api02-1  | 19:08:46.419 request_id=F7S8Dd2kzcuafTsAAAaB [info] POST /clientes/1/transacoes
api01-1  | 19:08:46.423 request_id=F7S8Dd3i0efpLiMAAAOh [info] POST /clientes/1/transacoes
api01-1  | 19:08:46.423 request_id=F7S8Dd3m0MSEN-cAAAPB [info] POST /clientes/1/transacoes
api02-1  | 19:08:46.419 request_id=F7S8Dd2loMd3mBEAAAah [info] POST /clientes/1/transacoes
api02-1  | 19:08:46.419 request_id=F7S8Dd2mMS3JKuMAAAbB [info] POST /clientes/1/transacoes
api02-1  | 19:08:46.419 request_id=F7S8Dd2mrshLnGgAAAbh [info] POST /clientes/1/transacoes
api02-1  | 19:08:46.419 request_id=F7S8Dd2nKRIf_5oAAAcB [info] POST /clientes/1/transacoes
api02-1  | 19:08:46.421 request_id=F7S8Dd3KPqOrsYUAAAch [info] POST /clientes/1/transacoes
api02-1  | 19:08:46.422 request_id=F7S8Dd3MksUpvhMAAAdB [info] POST /clientes/1/transacoes
api02-1  | 19:08:46.426 request_id=F7S8Dd2mrshLnGgAAAbh [info] Sent 200 in 7ms
api02-1  | 19:08:46.428 request_id=F7S8Dd4qbJ6caAwAAAdh [info] POST /clientes/1/transacoes
api02-1  | 19:08:46.428 request_id=F7S8Dd4s1YX5lxcAAAeB [info] POST /clientes/1/transacoes
api01-1  | 19:08:46.423 request_id=F7S8Dd3ns4SZb6sAAAPh [info] POST /clientes/1/transacoes
api01-1  | 19:08:46.423 request_id=F7S8Dd3oS6Jl-egAAAQB [info] POST /clientes/1/transacoes
api02-1  | 19:08:46.428 request_id=F7S8Dd4thGo_E-4AAAeh [info] POST /clientes/1/transacoes
api02-1  | 19:08:46.429 request_id=F7S8Dd2loMd3mBEAAAah [info] Sent 200 in 10ms
api02-1  | 19:08:46.430 request_id=F7S8Dd5Qlmxvw4UAAAfB [info] POST /clientes/1/transacoes
api02-1  | 19:08:46.434 request_id=F7S8Dd6KUYdFodQAAAfh [info] POST /clientes/1/transacoes
api01-1  | 19:08:46.423 request_id=F7S8Dd3oxLEq-ykAAAQh [info] POST /clientes/1/transacoes
api01-1  | 19:08:46.423 request_id=F7S8Dd3pPL-KUkMAAARB [info] POST /clientes/1/transacoes
api01-1  | 19:08:46.423 request_id=F7S8Dd3puA7DKbAAAARh [info] POST /clientes/1/transacoes
api01-1  | 19:08:46.423 request_id=F7S8Dd3qOAz0t9UAAASB [info] POST /clientes/1/transacoes
api01-1  | 19:08:46.428 request_id=F7S8Dd4oP0skNLMAAASh [info] POST /clientes/1/transacoes
api01-1  | 19:08:46.428 request_id=F7S8Dd4rBjywlowAAATB [info] POST /clientes/1/transacoes
api01-1  | 19:08:46.428 request_id=F7S8Dd4rwjZ5HKMAAATh [info] POST /clientes/1/transacoes
api01-1  | 19:08:46.436 request_id=F7S8Dd6kCdHpIgcAAAUB [info] POST /clientes/1/transacoes
api02-1  | 19:08:46.440 request_id=F7S8Dd2gsQsfcqkAAAZh [info] Sent 200 in 21ms
api02-1  | 19:08:46.441 request_id=F7S8Dd2nKRIf_5oAAAcB [info] Sent 200 in 21ms
api02-1  | 19:08:46.442 request_id=F7S8Dd4thGo_E-4AAAeh [info] Sent 200 in 14ms
api01-1  | 19:08:46.444 request_id=F7S8Dd3oxLEq-ykAAAQh [info] Sent 200 in 20ms
api02-1  | 19:08:46.445 request_id=F7S8Dd6KUYdFodQAAAfh [info] Sent 200 in 11ms
api01-1  | 19:08:46.447 request_id=F7S8Dd4rBjywlowAAATB [info] Sent 200 in 18ms
api02-1  | 19:08:46.447 request_id=F7S8Dd2mMS3JKuMAAAbB [info] Sent 200 in 28ms
api01-1  | 19:08:46.449 request_id=F7S8Dd4oP0skNLMAAASh [info] Sent 200 in 21ms
api02-1  | 19:08:46.450 request_id=F7S8Dd3MksUpvhMAAAdB [info] Sent 200 in 28ms
api01-1  | 19:08:46.452 request_id=F7S8Dd3puA7DKbAAAARh [info] Sent 200 in 28ms
api01-1  | 19:08:46.453 request_id=F7S8Dd3qOAz0t9UAAASB [info] Sent 200 in 29ms
api01-1  | 19:08:46.455 request_id=F7S8Dd4rwjZ5HKMAAATh [info] Sent 200 in 26ms
api02-1  | 19:08:46.456 request_id=F7S8Dd2kzcuafTsAAAaB [info] Sent 200 in 36ms
api01-1  | 19:08:46.457 request_id=F7S8Dd6kCdHpIgcAAAUB [info] Sent 200 in 21ms
api01-1  | 19:08:46.459 request_id=F7S8Dd3oS6Jl-egAAAQB [info] Sent 200 in 35ms
api02-1  | 19:08:46.460 request_id=F7S8Dd4s1YX5lxcAAAeB [info] Sent 200 in 31ms
api02-1  | 19:08:46.461 request_id=F7S8Dd4qbJ6caAwAAAdh [info] Sent 200 in 33ms
api01-1  | 19:08:46.462 request_id=F7S8Dd3ns4SZb6sAAAPh [info] Sent 200 in 38ms
api02-1  | 19:08:46.463 request_id=F7S8Dd5Qlmxvw4UAAAfB [info] Sent 200 in 33ms
api01-1  | 19:08:46.465 request_id=F7S8Dd3pPL-KUkMAAARB [info] Sent 200 in 41ms
api01-1  | 19:08:46.466 request_id=F7S8Dd3i0efpLiMAAAOh [info] Sent 200 in 42ms
api02-1  | 19:08:46.467 request_id=F7S8Dd3KPqOrsYUAAAch [info] Sent 200 in 45ms
api01-1  | 19:08:46.468 request_id=F7S8Dd3m0MSEN-cAAAPB [info] Sent 200 in 44ms
api01-1  | 19:08:47.415 request_id=F7S8DhkH75mJ5XQAAAUh [info] GET /clientes/1/extrato
api01-1  | 19:08:47.418 request_id=F7S8DhkH75mJ5XQAAAUh [info] Sent 200 in 2ms
api02-1  | 19:08:48.417 request_id=F7S8DlS3s9cvRVAAAAgB [info] GET /clientes/6/extrato
api02-1  | 19:08:48.417 request_id=F7S8DlS3s9cvRVAAAAgB [info] Sent 404 in 134µs
api02-1  | 19:08:48.420 request_id=F7S8DlTpWJS_YMIAAAgh [info] GET /clientes/2/extrato
api01-1  | 19:08:48.420 request_id=F7S8DlTrO6qXp6UAAAVB [info] GET /clientes/4/extrato
api01-1  | 19:08:48.421 request_id=F7S8DlT-4CTfztwAAAVh [info] GET /clientes/5/extrato
api01-1  | 19:08:48.422 request_id=F7S8DlUBkMx1_pgAAAWB [info] GET /clientes/3/extrato
api02-1  | 19:08:48.421 request_id=F7S8DlT7ZiHcgbQAAAhB [info] GET /clientes/1/extrato
api02-1  | 19:08:48.423 request_id=F7S8DlTpWJS_YMIAAAgh [info] Sent 200 in 3ms
api01-1  | 19:08:48.424 request_id=F7S8DlTrO6qXp6UAAAVB [info] Sent 200 in 4ms
api01-1  | 19:08:48.425 request_id=F7S8DlT-4CTfztwAAAVh [info] Sent 200 in 3ms
api02-1  | 19:08:48.425 request_id=F7S8DlT7ZiHcgbQAAAhB [info] Sent 200 in 3ms
api02-1  | 19:08:48.428 request_id=F7S8DlVjnjsYMC0AAAhh [info] POST /clientes/2/transacoes
api02-1  | 19:08:48.428 request_id=F7S8DlVmcA3TiHwAAAiB [info] POST /clientes/4/transacoes
api02-1  | 19:08:48.430 request_id=F7S8DlV-FaYkkHkAAAih [info] POST /clientes/1/transacoes
api01-1  | 19:08:48.426 request_id=F7S8DlUBkMx1_pgAAAWB [info] Sent 200 in 4ms
api01-1  | 19:08:48.430 request_id=F7S8DlV-PwhqMj0AAAWh [info] POST /clientes/5/transacoes
api01-1  | 19:08:48.430 request_id=F7S8DlWAz4-yVVIAAAXB [info] POST /clientes/3/transacoes
api02-1  | 19:08:48.431 request_id=F7S8DlVmcA3TiHwAAAiB [info] Sent 200 in 2ms
api02-1  | 19:08:48.432 request_id=F7S8DlVjnjsYMC0AAAhh [info] Sent 200 in 4ms
api02-1  | 19:08:48.436 request_id=F7S8DlXiNwTqRa0AAAjB [info] POST /clientes/2/transacoes
api01-1  | 19:08:48.434 request_id=F7S8DlWAz4-yVVIAAAXB [info] Sent 200 in 4ms
api01-1  | 19:08:48.436 request_id=F7S8DlXlBkCNUvUAAAXh [info] POST /clientes/3/transacoes
api01-1  | 19:08:48.437 request_id=F7S8DlXnk2zVKYcAAAYB [info] POST /clientes/4/transacoes
api01-1  | 19:08:48.437 request_id=F7S8DlV-PwhqMj0AAAWh [info] Sent 200 in 7ms
api02-1  | 19:08:48.437 request_id=F7S8DlV-FaYkkHkAAAih [info] Sent 200 in 7ms
api02-1  | 19:08:48.439 request_id=F7S8DlYS21gq8bQAAAjh [info] POST /clientes/5/transacoes
api02-1  | 19:08:48.440 request_id=F7S8DlXiNwTqRa0AAAjB [info] Sent 200 in 3ms
api01-1  | 19:08:48.441 request_id=F7S8DlYmghLisxoAAAYh [info] POST /clientes/1/transacoes
api02-1  | 19:08:48.441 request_id=F7S8DlYv4nlxfOkAAAkB [info] GET /clientes/2/extrato
api01-1  | 19:08:48.445 request_id=F7S8DlXlBkCNUvUAAAXh [info] Sent 200 in 8ms
api01-1  | 19:08:48.446 request_id=F7S8DlYmghLisxoAAAYh [info] Sent 200 in 4ms
api01-1  | 19:08:48.446 request_id=F7S8DlZ9sDd04VIAAAZB [info] GET /clientes/3/extrato
api01-1  | 19:08:48.448 request_id=F7S8DlXnk2zVKYcAAAYB [info] Sent 200 in 11ms
api02-1  | 19:08:48.447 request_id=F7S8DlaNhWR0LN0AAAkh [info] GET /clientes/1/extrato
api02-1  | 19:08:48.448 request_id=F7S8DlYS21gq8bQAAAjh [info] Sent 200 in 8ms
api02-1  | 19:08:48.449 request_id=F7S8DlYv4nlxfOkAAAkB [info] Sent 200 in 7ms
api01-1  | 19:08:48.451 request_id=F7S8DlZ9sDd04VIAAAZB [info] Sent 200 in 4ms
api01-1  | 19:08:48.451 request_id=F7S8DlbF-m5bSnMAAAZh [info] GET /clientes/5/extrato
api02-1  | 19:08:48.453 request_id=F7S8DlaNhWR0LN0AAAkh [info] Sent 200 in 5ms
api02-1  | 19:08:48.454 request_id=F7S8Dlbqo1O-0dcAAAlB [info] GET /clientes/4/extrato
api01-1  | 19:08:48.458 request_id=F7S8DlbF-m5bSnMAAAZh [info] Sent 200 in 7ms
api02-1  | 19:08:48.460 request_id=F7S8DldHh0WmRb8AAAlh [info] POST /clientes/3/transacoes
api02-1  | 19:08:48.460 request_id=F7S8DldHh0WmRb8AAAlh [info] Sent 422 in 127µs
api01-1  | 19:08:48.460 request_id=F7S8DldHC2jsB6sAAAaB [info] POST /clientes/1/transacoes
api01-1  | 19:08:48.460 request_id=F7S8DldHC2jsB6sAAAaB [info] Sent 422 in 123µs
api01-1  | 19:08:48.462 request_id=F7S8Dldr5aAXlCwAAAah [info] POST /clientes/1/transacoes
api01-1  | 19:08:48.462 request_id=F7S8Dldr5aAXlCwAAAah [info] Sent 422 in 102µs
api02-1  | 19:08:48.463 request_id=F7S8Dlbqo1O-0dcAAAlB [info] Sent 200 in 8ms
api02-1  | 19:08:48.463 request_id=F7S8DleAyqy5ZrgAAAmB [info] POST /clientes/5/transacoes
api01-1  | 19:08:48.465 request_id=F7S8DleRtfdlFfMAAAbB [info] POST /clientes/2/transacoes
api01-1  | 19:08:48.465 request_id=F7S8DleRtfdlFfMAAAbB [info] Sent 422 in 102µs
api02-1  | 19:08:48.464 request_id=F7S8DleAyqy5ZrgAAAmB [info] Sent 422 in 110µs
api02-1  | 19:08:48.465 request_id=F7S8DlegMtepjaEAAAmh [info] POST /clientes/3/transacoes
api01-1  | 19:08:48.465 request_id=F7S8DleUWSSb7EgAAAbh [info] POST /clientes/1/transacoes
api01-1  | 19:08:48.465 request_id=F7S8DleUWSSb7EgAAAbh [info] Sent 422 in 280µs
api01-1  | 19:08:48.469 request_id=F7S8DlfUS-MOkfkAAAcB [info] POST /clientes/5/transacoes
api01-1  | 19:08:48.469 request_id=F7S8DlfUS-MOkfkAAAcB [info] Sent 422 in 97µs
api02-1  | 19:08:48.466 request_id=F7S8DlegMtepjaEAAAmh [info] Sent 422 in 106µs
api02-1  | 19:08:48.467 request_id=F7S8Dle4E1Xy6rgAAAnB [info] POST /clientes/4/transacoes
api02-1  | 19:08:48.467 request_id=F7S8Dle4E1Xy6rgAAAnB [info] Sent 422 in 97µs
api02-1  | 19:08:48.468 request_id=F7S8Dle_hiRmq5AAAAnh [info] POST /clientes/2/transacoes
api01-1  | 19:08:48.469 request_id=F7S8DlfW3J--TeUAAAch [info] POST /clientes/1/transacoes
api01-1  | 19:08:48.469 request_id=F7S8DlfW3J--TeUAAAch [info] Sent 422 in 191µs
api01-1  | 19:08:48.470 request_id=F7S8DlfsYLth2MoAAAdB [info] POST /clientes/3/transacoes
api02-1  | 19:08:48.468 request_id=F7S8Dle_hiRmq5AAAAnh [info] Sent 422 in 94µs
api01-1  | 19:08:48.471 request_id=F7S8DlfsYLth2MoAAAdB [info] Sent 422 in 98µs
api01-1  | 19:08:48.473 request_id=F7S8DlgUvbxR4hYAAAdh [info] POST /clientes/1/transacoes
api01-1  | 19:08:48.473 request_id=F7S8DlgUvbxR4hYAAAdh [info] Sent 422 in 97µs
api02-1  | 19:08:48.471 request_id=F7S8DlfuivBCoA0AAAoB [info] POST /clientes/4/transacoes
api01-1  | 19:08:48.475 request_id=F7S8DlgqWhnoENoAAAeB [info] POST /clientes/4/transacoes
api02-1  | 19:08:48.471 request_id=F7S8DlfuivBCoA0AAAoB [info] Sent 422 in 102µs
api01-1  | 19:08:48.475 request_id=F7S8DlgqWhnoENoAAAeB [info] Sent 422 in 94µs
api01-1  | 19:08:48.477 request_id=F7S8DlhLGN1kMKgAAAeh [info] POST /clientes/2/transacoes
api01-1  | 19:08:48.477 request_id=F7S8DlhLGN1kMKgAAAeh [info] Sent 422 in 97µs
api02-1  | 19:08:48.471 request_id=F7S8Dlf1yI5HTfkAAAoh [info] POST /clientes/5/transacoes
api01-1  | 19:08:48.478 request_id=F7S8DlhZxTVj85QAAAfB [info] POST /clientes/5/transacoes
api02-1  | 19:08:48.471 request_id=F7S8Dlf1yI5HTfkAAAoh [info] Sent 422 in 95µs
api01-1  | 19:08:48.478 request_id=F7S8DlhZxTVj85QAAAfB [info] Sent 422 in 92µs
api02-1  | 19:08:48.472 request_id=F7S8DlgGOBl9f90AAApB [info] POST /clientes/4/transacoes
api02-1  | 19:08:48.472 request_id=F7S8DlgGOBl9f90AAApB [info] Sent 422 in 87µs
api02-1  | 19:08:48.475 request_id=F7S8DlgyE21upgcAAAph [info] POST /clientes/5/transacoes
api01-1  | 19:08:48.479 request_id=F7S8Dlhxze1atBsAAAfh [info] POST /clientes/2/transacoes
api02-1  | 19:08:48.475 request_id=F7S8DlgyE21upgcAAAph [info] Sent 422 in 101µs
api02-1  | 19:08:48.479 request_id=F7S8Dlh0c5EY1RsAAAqB [info] POST /clientes/4/transacoes
api01-1  | 19:08:48.479 request_id=F7S8Dlhxze1atBsAAAfh [info] Sent 422 in 90µs
api02-1  | 19:08:48.479 request_id=F7S8Dlh0c5EY1RsAAAqB [info] Sent 422 in 98µs
api02-1  | 19:08:48.480 request_id=F7S8Dlh3AceaiRUAAAqh [info] POST /clientes/3/transacoes
api02-1  | 19:08:48.480 request_id=F7S8Dlh3AceaiRUAAAqh [info] Sent 422 in 539µs
api02-1  | 19:08:48.482 request_id=F7S8DliWVipG9KoAAArB [info] POST /clientes/2/transacoes
api02-1  | 19:08:48.482 request_id=F7S8DliWVipG9KoAAArB [info] Sent 422 in 96µs
api01-1  | 19:08:48.482 request_id=F7S8Dlij5EERCOAAAAgB [info] POST /clientes/3/transacoes
api01-1  | 19:08:48.483 request_id=F7S8Dlij5EERCOAAAAgB [info] Sent 422 in 96µs
api02-1  | 19:08:49.428 request_id=F7S8DpEBJS5LjLYAAArh [info] GET /clientes/5/extrato
api02-1  | 19:08:49.431 request_id=F7S8DpEwgZ3a6_QAAAsB [info] POST /clientes/2/transacoes
api02-1  | 19:08:49.432 request_id=F7S8DpEBJS5LjLYAAArh [info] Sent 200 in 3ms
api01-1  | 19:08:49.431 request_id=F7S8DpEwkgD5mlUAAAgh [info] POST /clientes/5/transacoes
api01-1  | 19:08:49.433 request_id=F7S8DpEwkgD5mlUAAAgh [info] Sent 200 in 1ms
api02-1  | 19:08:49.436 request_id=F7S8DpEwgZ3a6_QAAAsB [info] Sent 200 in 4ms
api01-1  | 19:08:50.417 request_id=F7S8DsvzomqOEVgAAAhB [info] POST /clientes/2/transacoes
api01-1  | 19:08:50.418 request_id=F7S8DswG8K0mqHMAAAhh [info] POST /clientes/2/transacoes
api02-1  | 19:08:50.420 request_id=F7S8DswcqsbuS1oAAAsh [info] GET /clientes/4/extrato
api01-1  | 19:08:50.421 request_id=F7S8DswG8K0mqHMAAAhh [info] Sent 200 in 2ms
api02-1  | 19:08:50.421 request_id=F7S8DswcqsbuS1oAAAsh [info] Sent 200 in 1ms
api01-1  | 19:08:50.422 request_id=F7S8DsvzomqOEVgAAAhB [info] Sent 200 in 4ms
api02-1  | 19:08:50.665 request_id=F7S8Dtq-dmnuk0oAAAtB [info] POST /clientes/2/transacoes
api02-1  | 19:08:50.667 request_id=F7S8Dtq-dmnuk0oAAAtB [info] Sent 200 in 1ms
api01-1  | 19:08:50.916 request_id=F7S8Dums7n0Cc_gAAAiB [info] POST /clientes/3/transacoes
api02-1  | 19:08:50.916 request_id=F7S8Dum0L5MPoIYAAAth [info] POST /clientes/5/transacoes
api01-1  | 19:08:50.917 request_id=F7S8Dums7n0Cc_gAAAiB [info] Sent 200 in 1ms
api02-1  | 19:08:50.918 request_id=F7S8Dum0L5MPoIYAAAth [info] Sent 200 in 1ms
api01-1  | 19:08:51.166 request_id=F7S8DviSmvNBSWEAAAih [info] POST /clientes/5/transacoes
api01-1  | 19:08:51.167 request_id=F7S8DviSmvNBSWEAAAih [info] Sent 200 in 1ms
api02-1  | 19:08:51.415 request_id=F7S8Dwdz7xBkoeYAAAuB [info] GET /clientes/4/extrato
api01-1  | 19:08:51.416 request_id=F7S8DweCw14GTxQAAAjB [info] POST /clientes/4/transacoes
api02-1  | 19:08:51.418 request_id=F7S8DweW-a_pFPgAAAuh [info] POST /clientes/1/transacoes
api01-1  | 19:08:51.420 request_id=F7S8DweCw14GTxQAAAjB [info] Sent 200 in 3ms
api02-1  | 19:08:51.421 request_id=F7S8DweW-a_pFPgAAAuh [info] Sent 200 in 3ms
api02-1  | 19:08:51.421 request_id=F7S8Dwdz7xBkoeYAAAuB [info] Sent 200 in 5ms
api01-1  | 19:08:51.581 request_id=F7S8DxFVFDyum30AAAjh [info] POST /clientes/2/transacoes
api01-1  | 19:08:51.583 request_id=F7S8DxFVFDyum30AAAjh [info] Sent 200 in 1ms
api02-1  | 19:08:51.666 request_id=F7S8DxZgFNiDJosAAAvB [info] POST /clientes/3/transacoes
api02-1  | 19:08:51.667 request_id=F7S8DxZgFNiDJosAAAvB [info] Sent 200 in 1ms
api01-1  | 19:08:51.748 request_id=F7S8DxtJ291tj50AAAkB [info] POST /clientes/4/transacoes
api01-1  | 19:08:51.750 request_id=F7S8DxtJ291tj50AAAkB [info] Sent 200 in 1ms
api02-1  | 19:08:51.916 request_id=F7S8DyVDxrDCwKIAAAvh [info] POST /clientes/4/transacoes
api01-1  | 19:08:51.916 request_id=F7S8DyVFf7B2JAIAAAkh [info] POST /clientes/2/transacoes
api02-1  | 19:08:51.917 request_id=F7S8DyVDxrDCwKIAAAvh [info] Sent 200 in 1ms
api01-1  | 19:08:51.917 request_id=F7S8DyVFf7B2JAIAAAkh [info] Sent 200 in 1ms
api02-1  | 19:08:52.081 request_id=F7S8Dy8mlEqiHSMAAAwB [info] POST /clientes/5/transacoes
api02-1  | 19:08:52.083 request_id=F7S8Dy8mlEqiHSMAAAwB [info] Sent 200 in 1ms
api01-1  | 19:08:52.166 request_id=F7S8DzQvHC2mDb0AAAlB [info] POST /clientes/2/transacoes
api01-1  | 19:08:52.167 request_id=F7S8DzQvHC2mDb0AAAlB [info] Sent 200 in 1ms
api02-1  | 19:08:52.249 request_id=F7S8DzkiVlqQeEIAAAwh [info] POST /clientes/3/transacoes
api02-1  | 19:08:52.250 request_id=F7S8DzkiVlqQeEIAAAwh [info] Sent 200 in 1ms
api01-1  | 19:08:52.415 request_id=F7S8D0MKq6m7SkcAAAlh [info] GET /clientes/4/extrato
api01-1  | 19:08:52.416 request_id=F7S8D0Md6XVMPMMAAAmB [info] POST /clientes/5/transacoes
api02-1  | 19:08:52.416 request_id=F7S8D0MZTD36dqYAAAxB [info] POST /clientes/4/transacoes
api02-1  | 19:08:52.418 request_id=F7S8D0MZTD36dqYAAAxB [info] Sent 200 in 2ms
api01-1  | 19:08:52.418 request_id=F7S8D0MKq6m7SkcAAAlh [info] Sent 200 in 2ms
api01-1  | 19:08:52.418 request_id=F7S8D0Md6XVMPMMAAAmB [info] Sent 200 in 1ms
api02-1  | 19:08:52.557 request_id=F7S8D0t7ur-2kD4AAAxh [info] POST /clientes/3/transacoes
api02-1  | 19:08:52.558 request_id=F7S8D0t7ur-2kD4AAAxh [info] Sent 200 in 1ms
api01-1  | 19:08:52.666 request_id=F7S8D1H4AjZjvI8AAAmh [info] POST /clientes/2/transacoes
api01-1  | 19:08:52.667 request_id=F7S8D1H4AjZjvI8AAAmh [info] Sent 200 in 1ms
api02-1  | 19:08:52.700 request_id=F7S8D1QFHwsDDr4AAAyB [info] POST /clientes/2/transacoes
api02-1  | 19:08:52.701 request_id=F7S8D1QFHwsDDr4AAAyB [info] Sent 200 in 1ms
api01-1  | 19:08:52.844 request_id=F7S8D1yTyghaD4kAAAnB [info] POST /clientes/4/transacoes
api01-1  | 19:08:52.845 request_id=F7S8D1yTyghaD4kAAAnB [info] Sent 200 in 1ms
api02-1  | 19:08:52.915 request_id=F7S8D2Db_RTlmn8AAAyh [info] POST /clientes/5/transacoes
api02-1  | 19:08:52.917 request_id=F7S8D2Db_RTlmn8AAAyh [info] Sent 200 in 1ms
api01-1  | 19:08:52.986 request_id=F7S8D2UUT3Qz2HEAAAnh [info] POST /clientes/2/transacoes
api01-1  | 19:08:52.988 request_id=F7S8D2UUT3Qz2HEAAAnh [info] Sent 200 in 1ms
api02-1  | 19:08:53.130 request_id=F7S8D22kAO90URsAAAzB [info] POST /clientes/2/transacoes
api02-1  | 19:08:53.131 request_id=F7S8D22kAO90URsAAAzB [info] Sent 200 in 1ms
api01-1  | 19:08:53.166 request_id=F7S8D2_L6eavdz4AAAoB [info] POST /clientes/1/transacoes
api01-1  | 19:08:53.169 request_id=F7S8D2_L6eavdz4AAAoB [info] Sent 200 in 3ms
api02-1  | 19:08:53.273 request_id=F7S8D3YpB7rEtJEAAAzh [info] POST /clientes/4/transacoes
api02-1  | 19:08:53.274 request_id=F7S8D3YpB7rEtJEAAAzh [info] Sent 200 in 1ms
api01-1  | 19:08:53.415 request_id=F7S8D36h4lQu1LAAAAoh [info] GET /clientes/2/extrato
api02-1  | 19:08:53.416 request_id=F7S8D36xqNDWOBwAAA0B [info] POST /clientes/2/transacoes
api01-1  | 19:08:53.416 request_id=F7S8D36zvCp3PmgAAApB [info] POST /clientes/1/transacoes
api02-1  | 19:08:53.418 request_id=F7S8D36xqNDWOBwAAA0B [info] Sent 200 in 1ms
api01-1  | 19:08:53.418 request_id=F7S8D36h4lQu1LAAAAoh [info] Sent 200 in 3ms
api01-1  | 19:08:53.420 request_id=F7S8D36zvCp3PmgAAApB [info] Sent 200 in 3ms
api02-1  | 19:08:53.525 request_id=F7S8D4U5Ty8MmL4AAA0h [info] POST /clientes/1/transacoes
api02-1  | 19:08:53.527 request_id=F7S8D4U5Ty8MmL4AAA0h [info] Sent 200 in 1ms
api01-1  | 19:08:53.615 request_id=F7S8D4qPz8YgsTUAAAph [info] POST /clientes/3/transacoes
api01-1  | 19:08:53.618 request_id=F7S8D4qPz8YgsTUAAAph [info] Sent 200 in 3ms
api02-1  | 19:08:53.637 request_id=F7S8D4vbXObwJQMAAA1B [info] POST /clientes/2/transacoes
api02-1  | 19:08:53.638 request_id=F7S8D4vbXObwJQMAAA1B [info] Sent 200 in 1ms
api01-1  | 19:08:53.748 request_id=F7S8D5J6btPzCvUAAAqB [info] POST /clientes/3/transacoes
api01-1  | 19:08:53.751 request_id=F7S8D5J6btPzCvUAAAqB [info] Sent 200 in 3ms
api02-1  | 19:08:53.815 request_id=F7S8D5Z6vqFNk9AAAA1h [info] POST /clientes/5/transacoes
api02-1  | 19:08:53.816 request_id=F7S8D5Z6vqFNk9AAAA1h [info] Sent 200 in 1ms
api01-1  | 19:08:53.859 request_id=F7S8D5kb82ITmdAAAAqh [info] POST /clientes/3/transacoes
api01-1  | 19:08:53.860 request_id=F7S8D5kb82ITmdAAAAqh [info] Sent 200 in 1ms
api02-1  | 19:08:53.970 request_id=F7S8D5-4f5NMTsoAAA2B [info] POST /clientes/5/transacoes
api02-1  | 19:08:53.972 request_id=F7S8D5-4f5NMTsoAAA2B [info] Sent 200 in 1ms
api01-1  | 19:08:54.015 request_id=F7S8D6Jp6sVthDUAAArB [info] POST /clientes/1/transacoes
api01-1  | 19:08:54.016 request_id=F7S8D6Jp6sVthDUAAArB [info] Sent 200 in 1ms
api02-1  | 19:08:54.081 request_id=F7S8D6ZXDMbeJ1wAAA2h [info] POST /clientes/2/transacoes
api02-1  | 19:08:54.082 request_id=F7S8D6ZXDMbeJ1wAAA2h [info] Sent 200 in 1ms
api01-1  | 19:08:54.192 request_id=F7S8D6z6awaL6BoAAArh [info] POST /clientes/2/transacoes
api01-1  | 19:08:54.194 request_id=F7S8D6z6awaL6BoAAArh [info] Sent 200 in 1ms
api02-1  | 19:08:54.215 request_id=F7S8D65V_Xbux5IAAA3B [info] POST /clientes/3/transacoes
api02-1  | 19:08:54.217 request_id=F7S8D65V_Xbux5IAAA3B [info] Sent 200 in 1ms
api01-1  | 19:08:54.304 request_id=F7S8D7ObMCZGyP4AAAsB [info] POST /clientes/3/transacoes
api01-1  | 19:08:54.305 request_id=F7S8D7ObMCZGyP4AAAsB [info] Sent 200 in 1ms
api02-1  | 19:08:54.415 request_id=F7S8D7o_w-YTp7AAAA3h [info] POST /clientes/2/transacoes
api01-1  | 19:08:54.415 request_id=F7S8D7pBgYAfWGIAAAsh [info] POST /clientes/2/transacoes
api02-1  | 19:08:54.416 request_id=F7S8D7pRU_Q44A4AAA4B [info] GET /clientes/5/extrato
api02-1  | 19:08:54.417 request_id=F7S8D7pRU_Q44A4AAA4B [info] Sent 200 in 1ms
api02-1  | 19:08:54.417 request_id=F7S8D7o_w-YTp7AAAA3h [info] Sent 200 in 2ms
api01-1  | 19:08:54.420 request_id=F7S8D7pBgYAfWGIAAAsh [info] Sent 200 in 5ms
api01-1  | 19:08:54.505 request_id=F7S8D7-atqFsMH4AAAtB [info] POST /clientes/3/transacoes
api01-1  | 19:08:54.508 request_id=F7S8D7-atqFsMH4AAAtB [info] Sent 200 in 3ms
api02-1  | 19:08:54.580 request_id=F7S8D8QZI9FgUNoAAA4h [info] POST /clientes/1/transacoes
api02-1  | 19:08:54.582 request_id=F7S8D8QZI9FgUNoAAA4h [info] Sent 200 in 1ms
api01-1  | 19:08:54.595 request_id=F7S8D8UAYbSJUR8AAAth [info] POST /clientes/2/transacoes
api01-1  | 19:08:54.597 request_id=F7S8D8UAYbSJUR8AAAth [info] Sent 200 in 1ms
api02-1  | 19:08:54.687 request_id=F7S8D8p3gFZxj3QAAA5B [info] POST /clientes/4/transacoes
api02-1  | 19:08:54.689 request_id=F7S8D8p3gFZxj3QAAA5B [info] Sent 200 in 1ms
api01-1  | 19:08:54.747 request_id=F7S8D84QHQqlvoEAAAuB [info] POST /clientes/1/transacoes
api01-1  | 19:08:54.749 request_id=F7S8D84QHQqlvoEAAAuB [info] Sent 200 in 1ms
api02-1  | 19:08:54.778 request_id=F7S8D8_fFHP46DUAAA5h [info] POST /clientes/3/transacoes
api02-1  | 19:08:54.779 request_id=F7S8D8_fFHP46DUAAA5h [info] Sent 200 in 1ms
api01-1  | 19:08:54.869 request_id=F7S8D9VNCry-HPoAAAuh [info] POST /clientes/1/transacoes
api01-1  | 19:08:54.871 request_id=F7S8D9VNCry-HPoAAAuh [info] Sent 200 in 1ms
api02-1  | 19:08:54.915 request_id=F7S8D9gMjAuaQ7QAAA6B [info] GET /clientes/3/extrato
api01-1  | 19:08:54.915 request_id=F7S8D9gM-IHFBisAAAvB [info] POST /clientes/1/transacoes
api01-1  | 19:08:54.917 request_id=F7S8D9gM-IHFBisAAAvB [info] Sent 200 in 1ms
api02-1  | 19:08:54.918 request_id=F7S8D9gMjAuaQ7QAAA6B [info] Sent 200 in 3ms
api02-1  | 19:08:54.960 request_id=F7S8D9q4TptpxpEAAA6h [info] POST /clientes/5/transacoes
api02-1  | 19:08:54.961 request_id=F7S8D9q4TptpxpEAAA6h [info] Sent 200 in 1ms
api01-1  | 19:08:55.052 request_id=F7S8D-AwhyGE85gAAAvh [info] POST /clientes/5/transacoes
api01-1  | 19:08:55.053 request_id=F7S8D-AwhyGE85gAAAvh [info] Sent 200 in 1ms
api02-1  | 19:08:55.080 request_id=F7S8D-Hkg05nXJYAAA7B [info] POST /clientes/3/transacoes
api02-1  | 19:08:55.082 request_id=F7S8D-Hkg05nXJYAAA7B [info] Sent 200 in 1ms
api01-1  | 19:08:55.143 request_id=F7S8D-Wfk_kcnsAAAAwB [info] POST /clientes/1/transacoes
api01-1  | 19:08:55.144 request_id=F7S8D-Wfk_kcnsAAAAwB [info] Sent 200 in 1ms
api02-1  | 19:08:55.234 request_id=F7S8D-sKKwZCY4AAAA7h [info] POST /clientes/3/transacoes
api02-1  | 19:08:55.235 request_id=F7S8D-sKKwZCY4AAAA7h [info] Sent 200 in 1ms
api01-1  | 19:08:55.247 request_id=F7S8D-vXoBpSIQcAAAwh [info] POST /clientes/5/transacoes
api01-1  | 19:08:55.249 request_id=F7S8D-vXoBpSIQcAAAwh [info] Sent 200 in 1ms
api02-1  | 19:08:55.324 request_id=F7S8D_Bsu8ESFDsAAA8B [info] POST /clientes/3/transacoes
api02-1  | 19:08:55.325 request_id=F7S8D_Bsu8ESFDsAAA8B [info] Sent 200 in 1ms
api02-1  | 19:08:55.415 request_id=F7S8D_XgHw5UDG8AAA8h [info] GET /clientes/2/extrato
api01-1  | 19:08:55.415 request_id=F7S8D_XewllsLcsAAAxB [info] POST /clientes/3/transacoes
api01-1  | 19:08:55.416 request_id=F7S8D_XnLs6_09sAAAxh [info] POST /clientes/4/transacoes
api01-1  | 19:08:55.418 request_id=F7S8D_XewllsLcsAAAxB [info] Sent 200 in 2ms
api02-1  | 19:08:55.418 request_id=F7S8D_XgHw5UDG8AAA8h [info] Sent 200 in 2ms
api01-1  | 19:08:55.419 request_id=F7S8D_XnLs6_09sAAAxh [info] Sent 200 in 3ms
api02-1  | 19:08:55.491 request_id=F7S8D_pl2A1s1l8AAA9B [info] POST /clientes/5/transacoes
api02-1  | 19:08:55.493 request_id=F7S8D_pl2A1s1l8AAA9B [info] Sent 200 in 1ms
api01-1  | 19:08:55.557 request_id=F7S8D_5KjE0m_QQAAAyB [info] POST /clientes/4/transacoes
api01-1  | 19:08:55.558 request_id=F7S8D_5KjE0m_QQAAAyB [info] Sent 200 in 1ms
api02-1  | 19:08:55.568 request_id=F7S8D_70O_SdbgwAAA9h [info] POST /clientes/5/transacoes
api02-1  | 19:08:55.569 request_id=F7S8D_70O_SdbgwAAA9h [info] Sent 200 in 1ms
api01-1  | 19:08:55.645 request_id=F7S8EAOVE1Gd4V0AAAyh [info] POST /clientes/4/transacoes
api01-1  | 19:08:55.647 request_id=F7S8EAOVE1Gd4V0AAAyh [info] Sent 200 in 1ms
api02-1  | 19:08:55.700 request_id=F7S8EAbQkarlfpgAAA-B [info] POST /clientes/2/transacoes
api02-1  | 19:08:55.701 request_id=F7S8EAbQkarlfpgAAA-B [info] Sent 200 in 1ms
api01-1  | 19:08:55.722 request_id=F7S8EAgm16vUpqkAAAzB [info] POST /clientes/3/transacoes
api01-1  | 19:08:55.724 request_id=F7S8EAgm16vUpqkAAAzB [info] Sent 200 in 1ms
api02-1  | 19:08:55.799 request_id=F7S8EAzAtCAieDMAAA-h [info] POST /clientes/1/transacoes
api02-1  | 19:08:55.801 request_id=F7S8EAzAtCAieDMAAA-h [info] Sent 200 in 1ms
api01-1  | 19:08:55.843 request_id=F7S8EA9acY47520AAAzh [info] POST /clientes/2/transacoes
api01-1  | 19:08:55.844 request_id=F7S8EA9acY47520AAAzh [info] Sent 200 in 1ms
api02-1  | 19:08:55.876 request_id=F7S8EBFT00Z2heAAAA_B [info] POST /clientes/4/transacoes
api02-1  | 19:08:55.877 request_id=F7S8EBFT00Z2heAAAA_B [info] Sent 200 in 1ms
api01-1  | 19:08:55.953 request_id=F7S8EBXtsISd01YAAA0B [info] POST /clientes/1/transacoes
api01-1  | 19:08:55.955 request_id=F7S8EBXtsISd01YAAA0B [info] Sent 200 in 1ms
api02-1  | 19:08:55.986 request_id=F7S8EBfckmfpNMkAAA_h [info] POST /clientes/2/transacoes
api02-1  | 19:08:55.987 request_id=F7S8EBfckmfpNMkAAA_h [info] Sent 200 in 1ms
api01-1  | 19:08:56.030 request_id=F7S8EBqCvNVNh0gAAA0h [info] POST /clientes/4/transacoes
api01-1  | 19:08:56.031 request_id=F7S8EBqCvNVNh0gAAA0h [info] Sent 200 in 1ms
api02-1  | 19:08:56.108 request_id=F7S8EB8jqhtkkSgAABAB [info] POST /clientes/3/transacoes
api02-1  | 19:08:56.109 request_id=F7S8EB8jqhtkkSgAABAB [info] Sent 200 in 1ms
api01-1  | 19:08:56.128 request_id=F7S8ECBdA6WavygAAA1B [info] POST /clientes/4/transacoes
api01-1  | 19:08:56.130 request_id=F7S8ECBdA6WavygAAA1B [info] Sent 200 in 1ms
api02-1  | 19:08:56.185 request_id=F7S8ECO66t-w5LIAABAh [info] POST /clientes/3/transacoes
api02-1  | 19:08:56.186 request_id=F7S8ECO66t-w5LIAABAh [info] Sent 200 in 1ms
api01-1  | 19:08:56.262 request_id=F7S8EChUzOtJ130AAA1h [info] POST /clientes/2/transacoes
api01-1  | 19:08:56.264 request_id=F7S8EChUzOtJ130AAA1h [info] Sent 200 in 1ms
api02-1  | 19:08:56.271 request_id=F7S8ECjmgLUIMjEAABBB [info] POST /clientes/5/transacoes
api02-1  | 19:08:56.273 request_id=F7S8ECjmgLUIMjEAABBB [info] Sent 200 in 1ms
api01-1  | 19:08:56.339 request_id=F7S8ECzsGyLhS8YAAA2B [info] POST /clientes/2/transacoes
api01-1  | 19:08:56.341 request_id=F7S8ECzsGyLhS8YAAA2B [info] Sent 200 in 1ms
api01-1  | 19:08:56.415 request_id=F7S8EDF1M9u_dVYAAA2h [info] GET /clientes/2/extrato
api02-1  | 19:08:56.415 request_id=F7S8EDF1Oay8ioMAABBh [info] POST /clientes/1/transacoes
api02-1  | 19:08:56.416 request_id=F7S8EDGASU3GlMsAABCB [info] POST /clientes/2/transacoes
api02-1  | 19:08:56.417 request_id=F7S8EDF1Oay8ioMAABBh [info] Sent 200 in 2ms
api01-1  | 19:08:56.418 request_id=F7S8EDF1M9u_dVYAAA2h [info] Sent 200 in 3ms
api02-1  | 19:08:56.418 request_id=F7S8EDGASU3GlMsAABCB [info] Sent 200 in 2ms
api01-1  | 19:08:56.481 request_id=F7S8EDVl8z_hW7MAAA3B [info] POST /clientes/5/transacoes
api01-1  | 19:08:56.483 request_id=F7S8EDVl8z_hW7MAAA3B [info] Sent 200 in 1ms
api02-1  | 19:08:56.540 request_id=F7S8EDjh1xv78qQAABCh [info] POST /clientes/5/transacoes
api02-1  | 19:08:56.541 request_id=F7S8EDjh1xv78qQAABCh [info] Sent 200 in 1ms
api01-1  | 19:08:56.548 request_id=F7S8EDlgEfi6OgkAAA3h [info] POST /clientes/5/transacoes
api01-1  | 19:08:56.549 request_id=F7S8EDlgEfi6OgkAAA3h [info] Sent 200 in 1ms
api02-1  | 19:08:56.616 request_id=F7S8ED1pCepE9NYAABDB [info] POST /clientes/3/transacoes
api02-1  | 19:08:56.617 request_id=F7S8ED1pCepE9NYAABDB [info] Sent 200 in 1ms
api01-1  | 19:08:56.665 request_id=F7S8EEBXsZCE6kkAAA4B [info] POST /clientes/3/transacoes
api01-1  | 19:08:56.666 request_id=F7S8EEBXsZCE6kkAAA4B [info] Sent 200 in 1ms
api02-1  | 19:08:56.681 request_id=F7S8EEFQE_lFWSoAABDh [info] POST /clientes/3/transacoes
api02-1  | 19:08:56.683 request_id=F7S8EEFQE_lFWSoAABDh [info] Sent 200 in 1ms
api01-1  | 19:08:56.748 request_id=F7S8EEVRRYH8A6QAAA4h [info] POST /clientes/3/transacoes
api01-1  | 19:08:56.750 request_id=F7S8EEVRRYH8A6QAAA4h [info] Sent 200 in 1ms
api02-1  | 19:08:56.790 request_id=F7S8EEfMNiCDKLUAABEB [info] POST /clientes/1/transacoes
api02-1  | 19:08:56.791 request_id=F7S8EEfMNiCDKLUAABEB [info] Sent 200 in 1ms
api01-1  | 19:08:56.815 request_id=F7S8EElQqglTJN0AAA5B [info] POST /clientes/5/transacoes
api01-1  | 19:08:56.817 request_id=F7S8EElQqglTJN0AAA5B [info] Sent 200 in 1ms
api02-1  | 19:08:56.881 request_id=F7S8EE1B_W2kO1EAABEh [info] POST /clientes/3/transacoes
api02-1  | 19:08:56.883 request_id=F7S8EE1B_W2kO1EAABEh [info] Sent 200 in 1ms
api02-1  | 19:08:56.915 request_id=F7S8EE88K-WNxXUAABFB [info] GET /clientes/5/extrato
api01-1  | 19:08:56.915 request_id=F7S8EE88M3c1SjkAAA5h [info] POST /clientes/4/transacoes
api01-1  | 19:08:56.916 request_id=F7S8EE88M3c1SjkAAA5h [info] Sent 200 in 1ms
