 Network rinhadebackend2  Creating
 Network rinhadebackend2  Created
 Volume "rinhadebackend2"  Creating
 Volume "rinhadebackend2"  Created
 Container rinha-db  Creating
 Container rinha-db  Created
 Container rinha-db-migration  Creating
 Container rinha-db-migration  Created
 Container rinha-2  Creating
 Container rinha-1  Creating
 Container rinha-2  Created
 Container rinha-1  Created
 Container rinha-lb  Creating
 Container rinha-lb  Created
Attaching to rinha-1, rinha-2, rinha-db, rinha-db-migration, rinha-lb
rinha-db            | The files belonging to this database system will be owned by user "postgres".
rinha-db            | This user must also own the server process.
rinha-db            | 
rinha-db            | The database cluster will be initialized with locale "en_US.utf8".
rinha-db            | The default database encoding has accordingly been set to "UTF8".
rinha-db            | The default text search configuration will be set to "english".
rinha-db            | 
rinha-db            | Data page checksums are disabled.
rinha-db            | 
rinha-db            | fixing permissions on existing directory /var/lib/postgresql/data ... ok
rinha-db            | creating subdirectories ... ok
rinha-db            | selecting dynamic shared memory implementation ... posix
rinha-db            | selecting default max_connections ... 100
rinha-db            | selecting default shared_buffers ... 128MB
rinha-db            | selecting default time zone ... Etc/UTC
rinha-db            | creating configuration files ... ok
rinha-db            | running bootstrap script ... ok
rinha-db            | performing post-bootstrap initialization ... ok
rinha-db            | initdb: warning: enabling "trust" authentication for local connections
rinha-db            | initdb: hint: You can change this by editing pg_hba.conf or using the option -A, or --auth-local and --auth-host, the next time you run initdb.
rinha-db            | syncing data to disk ... ok
rinha-db            | 
rinha-db            | 
rinha-db            | Success. You can now start the database server using:
rinha-db            | 
rinha-db            |     pg_ctl -D /var/lib/postgresql/data -l logfile start
rinha-db            | 
rinha-db            | waiting for server to start....2024-03-01 21:00:25.893 UTC [48] LOG:  starting PostgreSQL 16.2 (Debian 16.2-1.pgdg120+2) on x86_64-pc-linux-gnu, compiled by gcc (Debian 12.2.0-14) 12.2.0, 64-bit
rinha-db            | 2024-03-01 21:00:25.898 UTC [48] LOG:  listening on Unix socket "/var/run/postgresql/.s.PGSQL.5432"
rinha-db            | 2024-03-01 21:00:25.915 UTC [51] LOG:  database system was shut down at 2024-03-01 21:00:25 UTC
rinha-db            | 2024-03-01 21:00:25.923 UTC [48] LOG:  database system is ready to accept connections
rinha-db            |  done
rinha-db            | server started
rinha-lb            | /docker-entrypoint.sh: /docker-entrypoint.d/ is not empty, will attempt to perform configuration
rinha-lb            | /docker-entrypoint.sh: Looking for shell scripts in /docker-entrypoint.d/
rinha-lb            | /docker-entrypoint.sh: Launching /docker-entrypoint.d/10-listen-on-ipv6-by-default.sh
rinha-db            | CREATE DATABASE
rinha-db            | 
rinha-db            | 
rinha-db            | /usr/local/bin/docker-entrypoint.sh: ignoring /docker-entrypoint-initdb.d/*
rinha-db            | 
rinha-db            | waiting for server to shut down....2024-03-01 21:00:26.303 UTC [48] LOG:  received fast shutdown request
rinha-lb            | 10-listen-on-ipv6-by-default.sh: info: Getting the checksum of /etc/nginx/conf.d/default.conf
rinha-db            | 2024-03-01 21:00:26.310 UTC [48] LOG:  aborting any active transactions
rinha-db            | 2024-03-01 21:00:26.312 UTC [48] LOG:  background worker "logical replication launcher" (PID 54) exited with exit code 1
rinha-db            | 2024-03-01 21:00:26.314 UTC [49] LOG:  shutting down
rinha-lb            | 10-listen-on-ipv6-by-default.sh: info: Enabled listen on IPv6 in /etc/nginx/conf.d/default.conf
rinha-lb            | /docker-entrypoint.sh: Sourcing /docker-entrypoint.d/15-local-resolvers.envsh
rinha-lb            | /docker-entrypoint.sh: Launching /docker-entrypoint.d/20-envsubst-on-templates.sh
rinha-lb            | /docker-entrypoint.sh: Launching /docker-entrypoint.d/30-tune-worker-processes.sh
rinha-lb            | /docker-entrypoint.sh: Configuration complete; ready for start up
rinha-db            | 2024-03-01 21:00:26.345 UTC [49] LOG:  checkpoint starting: shutdown immediate
rinha-1             | => Booting Puma
rinha-1             | => Rails 7.1.3.2 application starting in production 
rinha-1             | => Run `bin/rails server --help` for more startup options
rinha-db            | 2024-03-01 21:00:27.050 UTC [49] LOG:  checkpoint complete: wrote 923 buffers (5.6%); 0 WAL file(s) added, 0 removed, 0 recycled; write=0.563 s, sync=0.114 s, total=0.736 s; sync files=301, longest=0.075 s, average=0.001 s; distance=4257 kB, estimate=4257 kB; lsn=0/1913068, redo lsn=0/1913068
rinha-db            | 2024-03-01 21:00:27.058 UTC [48] LOG:  database system is shut down
rinha-db            |  done
rinha-db            | server stopped
rinha-db            | 
rinha-db            | PostgreSQL init process complete; ready for start up.
rinha-db            | 
rinha-db            | 2024-03-01 21:00:27.143 UTC [1] LOG:  starting PostgreSQL 16.2 (Debian 16.2-1.pgdg120+2) on x86_64-pc-linux-gnu, compiled by gcc (Debian 12.2.0-14) 12.2.0, 64-bit
rinha-db            | 2024-03-01 21:00:27.144 UTC [1] LOG:  listening on IPv4 address "0.0.0.0", port 5432
rinha-db            | 2024-03-01 21:00:27.144 UTC [1] LOG:  listening on IPv6 address "::", port 5432
rinha-db            | 2024-03-01 21:00:27.160 UTC [1] LOG:  listening on Unix socket "/var/run/postgresql/.s.PGSQL.5432"
rinha-db            | 2024-03-01 21:00:27.184 UTC [64] LOG:  database system was shut down at 2024-03-01 21:00:27 UTC
rinha-db            | 2024-03-01 21:00:27.192 UTC [1] LOG:  database system is ready to accept connections
rinha-lb            | 2024/03/01 21:00:27 [error] 30#30: *1 connect() failed (111: Connection refused) while connecting to upstream, client: 172.24.0.1, server: , request: "GET /clientes/1/extrato HTTP/1.1", upstream: "http://172.24.0.4:3000/clientes/1/extrato", host: "localhost:9999"
rinha-lb            | 2024/03/01 21:00:27 [error] 30#30: *1 connect() failed (111: Connection refused) while connecting to upstream, client: 172.24.0.1, server: , request: "GET /clientes/1/extrato HTTP/1.1", upstream: "http://172.24.0.5:3000/clientes/1/extrato", host: "localhost:9999"
rinha-db-migration  | I, [2024-03-01T21:00:27.618574 #8]  INFO -- : Migrating to CreateClientes (20240225191055)
rinha-db-migration  | == 20240225191055 CreateClientes: migrating ===================================
rinha-db-migration  | -- create_table(:clientes)
rinha-db-migration  |    -> 0.0135s
rinha-db-migration  | == 20240225191055 CreateClientes: migrated (0.0135s) ==========================
rinha-db-migration  | 
rinha-db-migration  | I, [2024-03-01T21:00:27.644364 #8]  INFO -- : Migrating to CreateTransacoes (20240225191945)
rinha-db-migration  | == 20240225191945 CreateTransacoes: migrating =================================
rinha-db-migration  | -- create_table(:transacoes)
rinha-db-migration  |    -> 0.0125s
rinha-db-migration  | == 20240225191945 CreateTransacoes: migrated (0.0126s) ========================
rinha-db-migration  | 
rinha-db-migration  | I, [2024-03-01T21:00:27.664657 #8]  INFO -- : Migrating to AddCamposToTransacoes (20240225222936)
rinha-db-migration  | == 20240225222936 AddCamposToTransacoes: migrating ============================
rinha-db-migration  | -- add_column(:transacoes, :valor, :integer)
rinha-db-migration  |    -> 0.0029s
rinha-db-migration  | -- add_column(:transacoes, :tipo, :string)
rinha-db-migration  |    -> 0.0078s
rinha-db-migration  | -- add_column(:transacoes, :descricao, :text)
rinha-db-migration  |    -> 0.0004s
rinha-db-migration  | == 20240225222936 AddCamposToTransacoes: migrated (0.0111s) ===================
rinha-db-migration  | 
rinha-db-migration  | I, [2024-03-01T21:00:27.679459 #8]  INFO -- : Migrating to AddColumnToClientes (20240226233356)
rinha-db-migration  | == 20240226233356 AddColumnToClientes: migrating ==============================
rinha-db-migration  | -- add_column(:clientes, :saldo, :integer, {:default=>0})
rinha-db-migration  |    -> 0.0040s
rinha-db-migration  | == 20240226233356 AddColumnToClientes: migrated (0.0040s) =====================
rinha-db-migration  | 
rinha-db-migration  | I, [2024-03-01T21:00:27.689951 #8]  INFO -- : Migrating to UpdateFieldNameToDefaultValue (20240226235528)
rinha-db-migration  | == 20240226235528 UpdateFieldNameToDefaultValue: migrating ====================
rinha-db-migration  | -- execute("UPDATE clientes SET saldo = 0 WHERE saldo IS NULL;")
rinha-db-migration  |    -> 0.0009s
rinha-db-migration  | == 20240226235528 UpdateFieldNameToDefaultValue: migrated (0.0010s) ===========
rinha-db-migration  | 
rinha-db-migration  | I, [2024-03-01T21:00:27.693447 #8]  INFO -- : Migrating to AddIndexToTransacoes (20240228200120)
rinha-db-migration  | == 20240228200120 AddIndexToTransacoes: migrating =============================
rinha-db-migration  | -- add_index(:transacoes, :valor)
rinha-db-migration  |    -> 0.0119s
rinha-db-migration  | == 20240228200120 AddIndexToTransacoes: migrated (0.0120s) ====================
rinha-db-migration  | 
rinha-db-migration  | psql:init.sql:1: NOTICE:  truncate cascades to table "transacoes"
rinha-2             | => Booting Puma
rinha-2             | => Rails 7.1.3.2 application starting in production 
rinha-2             | => Run `bin/rails server --help` for more startup options
rinha-db-migration  | TRUNCATE TABLE
rinha-db-migration  | TRUNCATE TABLE
rinha-db-migration  | ALTER SEQUENCE
rinha-db-migration  | ALTER SEQUENCE
rinha-db-migration  | DO
rinha-1             | [1] Puma starting in cluster mode...
rinha-1             | [1] * Puma version: 6.4.2 (ruby 3.2.3-p157) ("The Eagle of Durango")
rinha-1             | [1] *  Min threads: 2
rinha-1             | [1] *  Max threads: 2
rinha-1             | [1] *  Environment: production
rinha-1             | [1] *   Master PID: 1
rinha-1             | [1] *      Workers: 2
rinha-1             | [1] *     Restarts: (✔) hot (✖) phased
rinha-1             | [1] * Preloading application
rinha-1             | [1] * Listening on http://0.0.0.0:3000
rinha-1             | [1] Use Ctrl-C to stop
rinha-1             | [1] - Worker 0 (PID: 9) booted in 0.0s, phase: 0
rinha-1             | [1] - Worker 1 (PID: 10) booted in 0.0s, phase: 0
rinha-lb            | 2024/03/01 21:00:29 [error] 30#30: *4 no live upstreams while connecting to upstream, client: 172.24.0.1, server: , request: "GET /clientes/1/extrato HTTP/1.1", upstream: "http://rinha/clientes/1/extrato", host: "localhost:9999"
rinha-db-migration exited with code 0
rinha-2             | [1] Puma starting in cluster mode...
rinha-2             | [1] * Puma version: 6.4.2 (ruby 3.2.3-p157) ("The Eagle of Durango")
rinha-2             | [1] *  Min threads: 2
rinha-2             | [1] *  Max threads: 2
rinha-2             | [1] *  Environment: production
rinha-2             | [1] *   Master PID: 1
rinha-2             | [1] *      Workers: 2
rinha-2             | [1] *     Restarts: (✔) hot (✖) phased
rinha-2             | [1] * Preloading application
rinha-2             | [1] * Listening on http://0.0.0.0:3000
rinha-2             | [1] Use Ctrl-C to stop
rinha-2             | [1] - Worker 0 (PID: 9) booted in 0.0s, phase: 0
rinha-2             | [1] - Worker 1 (PID: 10) booted in 0.0s, phase: 0
rinha-lb            | 2024/03/01 21:00:31 [error] 30#30: *5 no live upstreams while connecting to upstream, client: 172.24.0.1, server: , request: "GET /clientes/1/extrato HTTP/1.1", upstream: "http://rinha/clientes/1/extrato", host: "localhost:9999"
rinha-lb            | 2024/03/01 21:00:33 [error] 30#30: *6 no live upstreams while connecting to upstream, client: 172.24.0.1, server: , request: "GET /clientes/1/extrato HTTP/1.1", upstream: "http://rinha/clientes/1/extrato", host: "localhost:9999"
rinha-lb            | 2024/03/01 21:00:35 [error] 30#30: *7 no live upstreams while connecting to upstream, client: 172.24.0.1, server: , request: "GET /clientes/1/extrato HTTP/1.1", upstream: "http://rinha/clientes/1/extrato", host: "localhost:9999"
rinha-lb            | 2024/03/01 21:00:37 [error] 30#30: *8 no live upstreams while connecting to upstream, client: 172.24.0.1, server: , request: "GET /clientes/1/extrato HTTP/1.1", upstream: "http://rinha/clientes/1/extrato", host: "localhost:9999"
rinha-2             | I, [2024-03-01T21:00:39.255557 #9]  INFO -- : [67490b01-3a88-498f-9633-9a57e6464f75] Started GET "/clientes/1/extrato" for 172.24.0.6 at 2024-03-01 21:00:39 +0000
rinha-2             | I, [2024-03-01T21:00:39.263384 #9]  INFO -- : [67490b01-3a88-498f-9633-9a57e6464f75] Processing by ExtratoController#index as */*
rinha-2             | I, [2024-03-01T21:00:39.263436 #9]  INFO -- : [67490b01-3a88-498f-9633-9a57e6464f75]   Parameters: {"cliente_id"=>"1"}
rinha-2             | I, [2024-03-01T21:00:39.348133 #9]  INFO -- : [67490b01-3a88-498f-9633-9a57e6464f75] Completed 200 OK in 83ms (Views: 0.8ms | ActiveRecord: 9.1ms | Allocations: 15874)
rinha-2             | I, [2024-03-01T21:00:39.356007 #9]  INFO -- : [401ea312-05c9-4106-a842-05e9249f036f] Started GET "/clientes/1/extrato" for 172.24.0.6 at 2024-03-01 21:00:39 +0000
rinha-2             | I, [2024-03-01T21:00:39.359149 #9]  INFO -- : [401ea312-05c9-4106-a842-05e9249f036f] Processing by ExtratoController#index as */*
rinha-2             | I, [2024-03-01T21:00:39.359194 #9]  INFO -- : [401ea312-05c9-4106-a842-05e9249f036f]   Parameters: {"cliente_id"=>"1"}
rinha-2             | I, [2024-03-01T21:00:39.367924 #9]  INFO -- : [401ea312-05c9-4106-a842-05e9249f036f] Completed 200 OK in 9ms (Views: 0.3ms | ActiveRecord: 0.3ms | Allocations: 461)
rinha-2             | I, [2024-03-01T21:00:43.829075 #9]  INFO -- : [febe0e0e-617f-4a11-a8e3-f4d76d04f9ba] Started POST "/clientes/1/transacoes" for 172.24.0.6 at 2024-03-01 21:00:43 +0000
rinha-2             | I, [2024-03-01T21:00:43.840199 #10]  INFO -- : [13154996-5eac-4728-93b1-0f7a1a2906b2] Started POST "/clientes/1/transacoes" for 172.24.0.6 at 2024-03-01 21:00:43 +0000
rinha-2             | I, [2024-03-01T21:00:43.840623 #9]  INFO -- : [febe0e0e-617f-4a11-a8e3-f4d76d04f9ba] Processing by TransacoesController#create as */*
rinha-2             | I, [2024-03-01T21:00:43.841785 #9]  INFO -- : [febe0e0e-617f-4a11-a8e3-f4d76d04f9ba]   Parameters: {"valor"=>1, "tipo"=>"d", "descricao"=>"validacao", "cliente_id"=>"1", "transaco"=>{"valor"=>1, "tipo"=>"d", "descricao"=>"validacao"}}
rinha-1             | I, [2024-03-01T21:00:43.837829 #9]  INFO -- : [deb7cc5c-c8fc-4396-85f6-2ebbb25616c0] Started POST "/clientes/1/transacoes" for 172.24.0.6 at 2024-03-01 21:00:43 +0000
rinha-2             | I, [2024-03-01T21:00:43.847851 #9]  INFO -- : [d8c1b4ff-a657-4bf0-ad23-fe68f5fc6dd2] Started POST "/clientes/1/transacoes" for 172.24.0.6 at 2024-03-01 21:00:43 +0000
rinha-2             | I, [2024-03-01T21:00:43.850363 #9]  INFO -- : [d8c1b4ff-a657-4bf0-ad23-fe68f5fc6dd2] Processing by TransacoesController#create as */*
rinha-2             | I, [2024-03-01T21:00:43.850633 #9]  INFO -- : [d8c1b4ff-a657-4bf0-ad23-fe68f5fc6dd2]   Parameters: {"valor"=>1, "tipo"=>"d", "descricao"=>"validacao", "cliente_id"=>"1", "transaco"=>{"valor"=>1, "tipo"=>"d", "descricao"=>"validacao"}}
rinha-1             | I, [2024-03-01T21:00:43.859092 #9]  INFO -- : [deb7cc5c-c8fc-4396-85f6-2ebbb25616c0] Processing by TransacoesController#create as */*
rinha-1             | I, [2024-03-01T21:00:43.859266 #9]  INFO -- : [deb7cc5c-c8fc-4396-85f6-2ebbb25616c0]   Parameters: {"valor"=>1, "tipo"=>"d", "descricao"=>"validacao", "cliente_id"=>"1", "transaco"=>{"valor"=>1, "tipo"=>"d", "descricao"=>"validacao"}}
rinha-2             | I, [2024-03-01T21:00:43.854308 #10]  INFO -- : [13154996-5eac-4728-93b1-0f7a1a2906b2] Processing by TransacoesController#create as */*
rinha-2             | I, [2024-03-01T21:00:43.856977 #10]  INFO -- : [13154996-5eac-4728-93b1-0f7a1a2906b2]   Parameters: {"valor"=>1, "tipo"=>"d", "descricao"=>"validacao", "cliente_id"=>"1", "transaco"=>{"valor"=>1, "tipo"=>"d", "descricao"=>"validacao"}}
rinha-2             | I, [2024-03-01T21:00:43.856750 #10]  INFO -- : [609507c5-9a9b-45ad-9742-76a34a8cd6da] Started POST "/clientes/1/transacoes" for 172.24.0.6 at 2024-03-01 21:00:43 +0000
rinha-2             | I, [2024-03-01T21:00:43.863609 #10]  INFO -- : [609507c5-9a9b-45ad-9742-76a34a8cd6da] Processing by TransacoesController#create as */*
rinha-1             | I, [2024-03-01T21:00:43.877928 #9]  INFO -- : [8f723043-da53-4ade-b58a-a03d5504d7ff] Started POST "/clientes/1/transacoes" for 172.24.0.6 at 2024-03-01 21:00:43 +0000
rinha-1             | I, [2024-03-01T21:00:43.879870 #9]  INFO -- : [8f723043-da53-4ade-b58a-a03d5504d7ff] Processing by TransacoesController#create as */*
rinha-1             | I, [2024-03-01T21:00:43.880056 #9]  INFO -- : [8f723043-da53-4ade-b58a-a03d5504d7ff]   Parameters: {"valor"=>1, "tipo"=>"d", "descricao"=>"validacao", "cliente_id"=>"1", "transaco"=>{"valor"=>1, "tipo"=>"d", "descricao"=>"validacao"}}
rinha-2             | I, [2024-03-01T21:00:43.863783 #10]  INFO -- : [609507c5-9a9b-45ad-9742-76a34a8cd6da]   Parameters: {"valor"=>1, "tipo"=>"d", "descricao"=>"validacao", "cliente_id"=>"1", "transaco"=>{"valor"=>1, "tipo"=>"d", "descricao"=>"validacao"}}
rinha-1             | I, [2024-03-01T21:00:43.882986 #10]  INFO -- : [2ec8e71c-ff56-46f7-bdf0-f075106e737f] Started POST "/clientes/1/transacoes" for 172.24.0.6 at 2024-03-01 21:00:43 +0000
rinha-1             | I, [2024-03-01T21:00:43.923083 #10]  INFO -- : [2ec8e71c-ff56-46f7-bdf0-f075106e737f] Processing by TransacoesController#create as */*
rinha-1             | I, [2024-03-01T21:00:43.923270 #10]  INFO -- : [2ec8e71c-ff56-46f7-bdf0-f075106e737f]   Parameters: {"valor"=>1, "tipo"=>"d", "descricao"=>"validacao", "cliente_id"=>"1", "transaco"=>{"valor"=>1, "tipo"=>"d", "descricao"=>"validacao"}}
rinha-2             | I, [2024-03-01T21:00:43.937622 #9]  INFO -- : [febe0e0e-617f-4a11-a8e3-f4d76d04f9ba] Saldo atualizado com sucesso: -1
rinha-1             | I, [2024-03-01T21:00:43.941876 #10]  INFO -- : [e79b2ab2-29ba-483d-b65a-58df054e4db3] Started POST "/clientes/1/transacoes" for 172.24.0.6 at 2024-03-01 21:00:43 +0000
rinha-1             | I, [2024-03-01T21:00:43.946905 #10]  INFO -- : [e79b2ab2-29ba-483d-b65a-58df054e4db3] Processing by TransacoesController#create as */*
rinha-1             | I, [2024-03-01T21:00:43.946973 #10]  INFO -- : [e79b2ab2-29ba-483d-b65a-58df054e4db3]   Parameters: {"valor"=>1, "tipo"=>"d", "descricao"=>"validacao", "cliente_id"=>"1", "transaco"=>{"valor"=>1, "tipo"=>"d", "descricao"=>"validacao"}}
rinha-2             | I, [2024-03-01T21:00:44.025632 #9]  INFO -- : [febe0e0e-617f-4a11-a8e3-f4d76d04f9ba] Transação criada com sucesso
rinha-2             | I, [2024-03-01T21:00:44.039716 #9]  INFO -- : [febe0e0e-617f-4a11-a8e3-f4d76d04f9ba] Completed 200 OK in 194ms (Views: 0.2ms | ActiveRecord: 179.1ms | Allocations: 9541)
rinha-2             | I, [2024-03-01T21:00:44.117020 #9]  INFO -- : [7de5ddfc-5083-40f9-951b-55dda5ce08a4] Started POST "/clientes/1/transacoes" for 172.24.0.6 at 2024-03-01 21:00:44 +0000
rinha-2             | I, [2024-03-01T21:00:44.131251 #9]  INFO -- : [7de5ddfc-5083-40f9-951b-55dda5ce08a4] Processing by TransacoesController#create as */*
rinha-2             | I, [2024-03-01T21:00:44.150535 #9]  INFO -- : [7de5ddfc-5083-40f9-951b-55dda5ce08a4]   Parameters: {"valor"=>1, "tipo"=>"d", "descricao"=>"validacao", "cliente_id"=>"1", "transaco"=>{"valor"=>1, "tipo"=>"d", "descricao"=>"validacao"}}
rinha-2             | I, [2024-03-01T21:00:44.226602 #9]  INFO -- : [d8c1b4ff-a657-4bf0-ad23-fe68f5fc6dd2] Saldo atualizado com sucesso: -2
rinha-2             | I, [2024-03-01T21:00:44.237068 #9]  INFO -- : [d8c1b4ff-a657-4bf0-ad23-fe68f5fc6dd2] Transação criada com sucesso
rinha-1             | I, [2024-03-01T21:00:44.240442 #9]  INFO -- : [8f723043-da53-4ade-b58a-a03d5504d7ff] Saldo atualizado com sucesso: -2
rinha-2             | I, [2024-03-01T21:00:44.244604 #9]  INFO -- : [d8c1b4ff-a657-4bf0-ad23-fe68f5fc6dd2] Completed 200 OK in 394ms (Views: 0.1ms | ActiveRecord: 170.4ms | Allocations: 12836)
rinha-2             | I, [2024-03-01T21:00:44.252193 #9]  INFO -- : [f179a262-d1b9-48ea-880f-84aab8095357] Started POST "/clientes/1/transacoes" for 172.24.0.6 at 2024-03-01 21:00:44 +0000
rinha-2             | I, [2024-03-01T21:00:44.255022 #9]  INFO -- : [f179a262-d1b9-48ea-880f-84aab8095357] Processing by TransacoesController#create as */*
rinha-2             | I, [2024-03-01T21:00:44.255195 #9]  INFO -- : [f179a262-d1b9-48ea-880f-84aab8095357]   Parameters: {"valor"=>1, "tipo"=>"d", "descricao"=>"validacao", "cliente_id"=>"1", "transaco"=>{"valor"=>1, "tipo"=>"d", "descricao"=>"validacao"}}
rinha-1             | I, [2024-03-01T21:00:44.329175 #9]  INFO -- : [8f723043-da53-4ade-b58a-a03d5504d7ff] Transação criada com sucesso
rinha-2             | I, [2024-03-01T21:00:44.332721 #10]  INFO -- : [609507c5-9a9b-45ad-9742-76a34a8cd6da] Saldo atualizado com sucesso: -2
rinha-1             | I, [2024-03-01T21:00:44.338938 #9]  INFO -- : [8f723043-da53-4ade-b58a-a03d5504d7ff] Completed 200 OK in 457ms (Views: 0.5ms | ActiveRecord: 176.3ms | Allocations: 23314)
rinha-2             | I, [2024-03-01T21:00:44.364536 #10]  INFO -- : [609507c5-9a9b-45ad-9742-76a34a8cd6da] Transação criada com sucesso
rinha-1             | I, [2024-03-01T21:00:44.368725 #10]  INFO -- : [e79b2ab2-29ba-483d-b65a-58df054e4db3] Saldo atualizado com sucesso: -2
rinha-2             | I, [2024-03-01T21:00:44.375463 #10]  INFO -- : [609507c5-9a9b-45ad-9742-76a34a8cd6da] Completed 200 OK in 498ms (Views: 0.5ms | ActiveRecord: 277.9ms | Allocations: 24276)
rinha-2             | I, [2024-03-01T21:00:44.386811 #10]  INFO -- : [7b0a135c-426e-4cae-9b14-5f08813dab6b] Started POST "/clientes/1/transacoes" for 172.24.0.6 at 2024-03-01 21:00:44 +0000
rinha-2             | I, [2024-03-01T21:00:44.398702 #10]  INFO -- : [7b0a135c-426e-4cae-9b14-5f08813dab6b] Processing by TransacoesController#create as */*
rinha-2             | I, [2024-03-01T21:00:44.399007 #10]  INFO -- : [7b0a135c-426e-4cae-9b14-5f08813dab6b]   Parameters: {"valor"=>1, "tipo"=>"d", "descricao"=>"validacao", "cliente_id"=>"1", "transaco"=>{"valor"=>1, "tipo"=>"d", "descricao"=>"validacao"}}
rinha-1             | I, [2024-03-01T21:00:44.408196 #10]  INFO -- : [e79b2ab2-29ba-483d-b65a-58df054e4db3] Transação criada com sucesso
rinha-2             | I, [2024-03-01T21:00:44.411968 #9]  INFO -- : [f179a262-d1b9-48ea-880f-84aab8095357] Saldo atualizado com sucesso: -3
rinha-2             | I, [2024-03-01T21:00:44.416468 #9]  INFO -- : [f179a262-d1b9-48ea-880f-84aab8095357] Transação criada com sucesso
rinha-1             | I, [2024-03-01T21:00:44.417553 #10]  INFO -- : [e79b2ab2-29ba-483d-b65a-58df054e4db3] Completed 200 OK in 469ms (Views: 0.5ms | ActiveRecord: 242.0ms | Allocations: 23622)
rinha-1             | I, [2024-03-01T21:00:44.418895 #9]  INFO -- : [deb7cc5c-c8fc-4396-85f6-2ebbb25616c0] Saldo atualizado com sucesso: -2
rinha-2             | I, [2024-03-01T21:00:44.421856 #9]  INFO -- : [f179a262-d1b9-48ea-880f-84aab8095357] Completed 200 OK in 166ms (Views: 0.2ms | ActiveRecord: 153.8ms | Allocations: 1267)
rinha-2             | I, [2024-03-01T21:00:44.431617 #9]  INFO -- : [79f7413a-4f93-4dff-ae88-b63c7d11bb34] Started POST "/clientes/1/transacoes" for 172.24.0.6 at 2024-03-01 21:00:44 +0000
rinha-2             | I, [2024-03-01T21:00:44.435930 #9]  INFO -- : [79f7413a-4f93-4dff-ae88-b63c7d11bb34] Processing by TransacoesController#create as */*
rinha-2             | I, [2024-03-01T21:00:44.435992 #9]  INFO -- : [79f7413a-4f93-4dff-ae88-b63c7d11bb34]   Parameters: {"valor"=>1, "tipo"=>"d", "descricao"=>"validacao", "cliente_id"=>"1", "transaco"=>{"valor"=>1, "tipo"=>"d", "descricao"=>"validacao"}}
rinha-1             | I, [2024-03-01T21:00:44.436856 #9]  INFO -- : [deb7cc5c-c8fc-4396-85f6-2ebbb25616c0] Transação criada com sucesso
rinha-2             | I, [2024-03-01T21:00:44.440771 #10]  INFO -- : [13154996-5eac-4728-93b1-0f7a1a2906b2] Saldo atualizado com sucesso: -2
rinha-1             | I, [2024-03-01T21:00:44.444293 #9]  INFO -- : [deb7cc5c-c8fc-4396-85f6-2ebbb25616c0] Completed 200 OK in 585ms (Views: 0.2ms | ActiveRecord: 318.7ms | Allocations: 28051)
rinha-2             | I, [2024-03-01T21:00:44.454252 #10]  INFO -- : [13154996-5eac-4728-93b1-0f7a1a2906b2] Transação criada com sucesso
rinha-2             | I, [2024-03-01T21:00:44.457408 #9]  INFO -- : [7de5ddfc-5083-40f9-951b-55dda5ce08a4] Saldo atualizado com sucesso: -2
rinha-2             | I, [2024-03-01T21:00:44.461448 #10]  INFO -- : [13154996-5eac-4728-93b1-0f7a1a2906b2] Completed 200 OK in 604ms (Views: 0.2ms | ActiveRecord: 389.8ms | Allocations: 27001)
rinha-2             | I, [2024-03-01T21:00:44.463641 #9]  INFO -- : [7de5ddfc-5083-40f9-951b-55dda5ce08a4] Transação criada com sucesso
rinha-2             | I, [2024-03-01T21:00:44.467423 #10]  INFO -- : [7b0a135c-426e-4cae-9b14-5f08813dab6b] Saldo atualizado com sucesso: -3
rinha-2             | I, [2024-03-01T21:00:44.469412 #9]  INFO -- : [7de5ddfc-5083-40f9-951b-55dda5ce08a4] Completed 200 OK in 319ms (Views: 0.1ms | ActiveRecord: 234.7ms | Allocations: 5067)
rinha-2             | I, [2024-03-01T21:00:44.469942 #10]  INFO -- : [4322c75e-dc64-4806-9ac3-0c79a4808899] Started POST "/clientes/1/transacoes" for 172.24.0.6 at 2024-03-01 21:00:44 +0000
rinha-2             | I, [2024-03-01T21:00:44.474826 #10]  INFO -- : [4322c75e-dc64-4806-9ac3-0c79a4808899] Processing by TransacoesController#create as */*
rinha-2             | I, [2024-03-01T21:00:44.474921 #10]  INFO -- : [4322c75e-dc64-4806-9ac3-0c79a4808899]   Parameters: {"valor"=>1, "tipo"=>"d", "descricao"=>"validacao", "cliente_id"=>"1", "transaco"=>{"valor"=>1, "tipo"=>"d", "descricao"=>"validacao"}}
rinha-2             | I, [2024-03-01T21:00:44.475090 #10]  INFO -- : [7b0a135c-426e-4cae-9b14-5f08813dab6b] Transação criada com sucesso
rinha-2             | I, [2024-03-01T21:00:44.476520 #9]  INFO -- : [b8d2f8fd-a6ee-48d2-9613-f695fb9437db] Started POST "/clientes/1/transacoes" for 172.24.0.6 at 2024-03-01 21:00:44 +0000
rinha-1             | I, [2024-03-01T21:00:44.478701 #10]  INFO -- : [2ec8e71c-ff56-46f7-bdf0-f075106e737f] Saldo atualizado com sucesso: -2
rinha-2             | I, [2024-03-01T21:00:44.478918 #9]  INFO -- : [b8d2f8fd-a6ee-48d2-9613-f695fb9437db] Processing by TransacoesController#create as */*
rinha-2             | I, [2024-03-01T21:00:44.478974 #9]  INFO -- : [b8d2f8fd-a6ee-48d2-9613-f695fb9437db]   Parameters: {"valor"=>1, "tipo"=>"d", "descricao"=>"validacao", "cliente_id"=>"1", "transaco"=>{"valor"=>1, "tipo"=>"d", "descricao"=>"validacao"}}
rinha-2             | I, [2024-03-01T21:00:44.484396 #10]  INFO -- : [7b0a135c-426e-4cae-9b14-5f08813dab6b] Completed 200 OK in 85ms (Views: 0.2ms | ActiveRecord: 63.2ms | Allocations: 3159)
rinha-1             | I, [2024-03-01T21:00:44.495307 #10]  INFO -- : [2ec8e71c-ff56-46f7-bdf0-f075106e737f] Transação criada com sucesso
rinha-1             | I, [2024-03-01T21:00:44.502134 #10]  INFO -- : [2ec8e71c-ff56-46f7-bdf0-f075106e737f] Completed 200 OK in 579ms (Views: 0.2ms | ActiveRecord: 345.6ms | Allocations: 26492)
rinha-2             | I, [2024-03-01T21:00:44.515292 #9]  INFO -- : [79f7413a-4f93-4dff-ae88-b63c7d11bb34] Saldo atualizado com sucesso: -4
rinha-2             | I, [2024-03-01T21:00:44.516781 #10]  INFO -- : [a2adc66e-97af-4f0e-9af8-c4ec691303f8] Started POST "/clientes/1/transacoes" for 172.24.0.6 at 2024-03-01 21:00:44 +0000
rinha-2             | I, [2024-03-01T21:00:44.522559 #10]  INFO -- : [a2adc66e-97af-4f0e-9af8-c4ec691303f8] Processing by TransacoesController#create as */*
rinha-2             | I, [2024-03-01T21:00:44.522631 #10]  INFO -- : [a2adc66e-97af-4f0e-9af8-c4ec691303f8]   Parameters: {"valor"=>1, "tipo"=>"d", "descricao"=>"validacao", "cliente_id"=>"1", "transaco"=>{"valor"=>1, "tipo"=>"d", "descricao"=>"validacao"}}
rinha-2             | I, [2024-03-01T21:00:44.523278 #9]  INFO -- : [79f7413a-4f93-4dff-ae88-b63c7d11bb34] Transação criada com sucesso
rinha-2             | I, [2024-03-01T21:00:44.527068 #9]  INFO -- : [b8d2f8fd-a6ee-48d2-9613-f695fb9437db] Saldo atualizado com sucesso: -4
rinha-2             | I, [2024-03-01T21:00:44.542234 #9]  INFO -- : [79f7413a-4f93-4dff-ae88-b63c7d11bb34] Completed 200 OK in 106ms (Views: 0.4ms | ActiveRecord: 86.8ms | Allocations: 3623)
rinha-2             | I, [2024-03-01T21:00:44.543895 #9]  INFO -- : [b8d2f8fd-a6ee-48d2-9613-f695fb9437db] Transação criada com sucesso
rinha-2             | I, [2024-03-01T21:00:44.545903 #10]  INFO -- : [4322c75e-dc64-4806-9ac3-0c79a4808899] Saldo atualizado com sucesso: -3
rinha-2             | I, [2024-03-01T21:00:44.549825 #9]  INFO -- : [b8d2f8fd-a6ee-48d2-9613-f695fb9437db] Completed 200 OK in 71ms (Views: 0.8ms | ActiveRecord: 48.8ms | Allocations: 2314)
rinha-2             | I, [2024-03-01T21:00:44.552093 #10]  INFO -- : [4322c75e-dc64-4806-9ac3-0c79a4808899] Transação criada com sucesso
rinha-2             | I, [2024-03-01T21:00:44.552145 #9]  INFO -- : [0398dbf8-9762-4c7c-ba94-cac59a56a629] Started POST "/clientes/1/transacoes" for 172.24.0.6 at 2024-03-01 21:00:44 +0000
rinha-2             | I, [2024-03-01T21:00:44.553852 #9]  INFO -- : [0398dbf8-9762-4c7c-ba94-cac59a56a629] Processing by TransacoesController#create as */*
rinha-2             | I, [2024-03-01T21:00:44.553926 #9]  INFO -- : [0398dbf8-9762-4c7c-ba94-cac59a56a629]   Parameters: {"valor"=>1, "tipo"=>"d", "descricao"=>"validacao", "cliente_id"=>"1", "transaco"=>{"valor"=>1, "tipo"=>"d", "descricao"=>"validacao"}}
rinha-2             | I, [2024-03-01T21:00:44.555631 #10]  INFO -- : [a2adc66e-97af-4f0e-9af8-c4ec691303f8] Saldo atualizado com sucesso: -3
rinha-2             | I, [2024-03-01T21:00:44.560055 #9]  INFO -- : [410fbf40-bcec-4233-aa99-e8abcb178890] Started POST "/clientes/1/transacoes" for 172.24.0.6 at 2024-03-01 21:00:44 +0000
rinha-2             | I, [2024-03-01T21:00:44.563633 #9]  INFO -- : [410fbf40-bcec-4233-aa99-e8abcb178890] Processing by TransacoesController#create as */*
rinha-2             | I, [2024-03-01T21:00:44.563688 #9]  INFO -- : [410fbf40-bcec-4233-aa99-e8abcb178890]   Parameters: {"valor"=>1, "tipo"=>"d", "descricao"=>"validacao", "cliente_id"=>"1", "transaco"=>{"valor"=>1, "tipo"=>"d", "descricao"=>"validacao"}}
rinha-2             | I, [2024-03-01T21:00:44.565751 #10]  INFO -- : [4322c75e-dc64-4806-9ac3-0c79a4808899] Completed 200 OK in 91ms (Views: 0.1ms | ActiveRecord: 77.5ms | Allocations: 3129)
rinha-2             | I, [2024-03-01T21:00:44.566969 #10]  INFO -- : [a2adc66e-97af-4f0e-9af8-c4ec691303f8] Transação criada com sucesso
rinha-2             | I, [2024-03-01T21:00:44.570043 #9]  INFO -- : [0398dbf8-9762-4c7c-ba94-cac59a56a629] Saldo atualizado com sucesso: -5
rinha-2             | I, [2024-03-01T21:00:44.616067 #9]  INFO -- : [0398dbf8-9762-4c7c-ba94-cac59a56a629] Transação criada com sucesso
rinha-2             | I, [2024-03-01T21:00:44.619028 #9]  INFO -- : [410fbf40-bcec-4233-aa99-e8abcb178890] Saldo atualizado com sucesso: -4
rinha-2             | I, [2024-03-01T21:00:44.618894 #10]  INFO -- : [a2adc66e-97af-4f0e-9af8-c4ec691303f8] Completed 200 OK in 96ms (Views: 0.4ms | ActiveRecord: 33.5ms | Allocations: 2314)
rinha-2             | I, [2024-03-01T21:00:44.623771 #9]  INFO -- : [410fbf40-bcec-4233-aa99-e8abcb178890] Transação criada com sucesso
rinha-2             | I, [2024-03-01T21:00:44.623930 #10]  INFO -- : [650a258f-15e7-404e-b62f-587bc56cd533] Started POST "/clientes/1/transacoes" for 172.24.0.6 at 2024-03-01 21:00:44 +0000
rinha-2             | I, [2024-03-01T21:00:44.624740 #9]  INFO -- : [0398dbf8-9762-4c7c-ba94-cac59a56a629] Completed 200 OK in 71ms (Views: 0.7ms | ActiveRecord: 59.4ms | Allocations: 2619)
rinha-2             | I, [2024-03-01T21:00:44.627080 #10]  INFO -- : [650a258f-15e7-404e-b62f-587bc56cd533] Processing by TransacoesController#create as */*
rinha-2             | I, [2024-03-01T21:00:44.627129 #10]  INFO -- : [650a258f-15e7-404e-b62f-587bc56cd533]   Parameters: {"valor"=>1, "tipo"=>"d", "descricao"=>"validacao", "cliente_id"=>"1", "transaco"=>{"valor"=>1, "tipo"=>"d", "descricao"=>"validacao"}}
rinha-2             | I, [2024-03-01T21:00:44.628731 #9]  INFO -- : [410fbf40-bcec-4233-aa99-e8abcb178890] Completed 200 OK in 65ms (Views: 0.4ms | ActiveRecord: 95.2ms | Allocations: 2315)
rinha-2             | I, [2024-03-01T21:00:44.631149 #9]  INFO -- : [e3f84542-4bee-4fd4-8dcd-41e0d5e69e4e] Started POST "/clientes/1/transacoes" for 172.24.0.6 at 2024-03-01 21:00:44 +0000
rinha-2             | I, [2024-03-01T21:00:44.632520 #9]  INFO -- : [e3f84542-4bee-4fd4-8dcd-41e0d5e69e4e] Processing by TransacoesController#create as */*
rinha-2             | I, [2024-03-01T21:00:44.632576 #9]  INFO -- : [e3f84542-4bee-4fd4-8dcd-41e0d5e69e4e]   Parameters: {"valor"=>1, "tipo"=>"d", "descricao"=>"validacao", "cliente_id"=>"1", "transaco"=>{"valor"=>1, "tipo"=>"d", "descricao"=>"validacao"}}
rinha-2             | I, [2024-03-01T21:00:44.633330 #10]  INFO -- : [a86de996-020d-44a3-bd8b-4f20954359c3] Started POST "/clientes/1/transacoes" for 172.24.0.6 at 2024-03-01 21:00:44 +0000
rinha-2             | I, [2024-03-01T21:00:44.633841 #10]  INFO -- : [a86de996-020d-44a3-bd8b-4f20954359c3] Processing by TransacoesController#create as */*
rinha-2             | I, [2024-03-01T21:00:44.634011 #10]  INFO -- : [a86de996-020d-44a3-bd8b-4f20954359c3]   Parameters: {"valor"=>1, "tipo"=>"d", "descricao"=>"validacao", "cliente_id"=>"1", "transaco"=>{"valor"=>1, "tipo"=>"d", "descricao"=>"validacao"}}
rinha-2             | I, [2024-03-01T21:00:44.634892 #10]  INFO -- : [650a258f-15e7-404e-b62f-587bc56cd533] Saldo atualizado com sucesso: -5
rinha-2             | I, [2024-03-01T21:00:44.636214 #9]  INFO -- : [4315fcb5-8712-4487-b9a5-8e5be106a6c3] Started POST "/clientes/1/transacoes" for 172.24.0.6 at 2024-03-01 21:00:44 +0000
rinha-2             | I, [2024-03-01T21:00:44.637065 #9]  INFO -- : [4315fcb5-8712-4487-b9a5-8e5be106a6c3] Processing by TransacoesController#create as */*
rinha-2             | I, [2024-03-01T21:00:44.637109 #9]  INFO -- : [4315fcb5-8712-4487-b9a5-8e5be106a6c3]   Parameters: {"valor"=>1, "tipo"=>"d", "descricao"=>"validacao", "cliente_id"=>"1", "transaco"=>{"valor"=>1, "tipo"=>"d", "descricao"=>"validacao"}}
rinha-2             | I, [2024-03-01T21:00:44.640497 #10]  INFO -- : [650a258f-15e7-404e-b62f-587bc56cd533] Transação criada com sucesso
rinha-2             | I, [2024-03-01T21:00:44.642779 #9]  INFO -- : [e3f84542-4bee-4fd4-8dcd-41e0d5e69e4e] Saldo atualizado com sucesso: -5
rinha-2             | I, [2024-03-01T21:00:44.645202 #9]  INFO -- : [e3f84542-4bee-4fd4-8dcd-41e0d5e69e4e] Transação criada com sucesso
rinha-2             | I, [2024-03-01T21:00:44.648075 #9]  INFO -- : [e3f84542-4bee-4fd4-8dcd-41e0d5e69e4e] Completed 200 OK in 15ms (Views: 0.4ms | ActiveRecord: 9.3ms | Allocations: 2120)
rinha-2             | I, [2024-03-01T21:00:44.651652 #10]  INFO -- : [a86de996-020d-44a3-bd8b-4f20954359c3] Saldo atualizado com sucesso: -5
rinha-2             | I, [2024-03-01T21:00:44.654074 #9]  INFO -- : [33b766b9-a503-4e7a-859f-7f1419bb1da0] Started POST "/clientes/1/transacoes" for 172.24.0.6 at 2024-03-01 21:00:44 +0000
rinha-2             | I, [2024-03-01T21:00:44.654631 #9]  INFO -- : [33b766b9-a503-4e7a-859f-7f1419bb1da0] Processing by TransacoesController#create as */*
rinha-2             | I, [2024-03-01T21:00:44.654699 #10]  INFO -- : [650a258f-15e7-404e-b62f-587bc56cd533] Completed 200 OK in 27ms (Views: 0.1ms | ActiveRecord: 13.3ms | Allocations: 2349)
rinha-2             | I, [2024-03-01T21:00:44.654769 #9]  INFO -- : [33b766b9-a503-4e7a-859f-7f1419bb1da0]   Parameters: {"valor"=>1, "tipo"=>"d", "descricao"=>"validacao", "cliente_id"=>"1", "transaco"=>{"valor"=>1, "tipo"=>"d", "descricao"=>"validacao"}}
rinha-2             | I, [2024-03-01T21:00:44.715998 #10]  INFO -- : [a86de996-020d-44a3-bd8b-4f20954359c3] Transação criada com sucesso
rinha-2             | I, [2024-03-01T21:00:44.718292 #9]  INFO -- : [4315fcb5-8712-4487-b9a5-8e5be106a6c3] Saldo atualizado com sucesso: -5
rinha-2             | I, [2024-03-01T21:00:44.721297 #10]  INFO -- : [a86de996-020d-44a3-bd8b-4f20954359c3] Completed 200 OK in 87ms (Views: 0.5ms | ActiveRecord: 16.9ms | Allocations: 2314)
rinha-2             | I, [2024-03-01T21:00:44.723583 #10]  INFO -- : [4eeb306e-6b76-4b70-afc5-c6e670b08a5c] Started POST "/clientes/1/transacoes" for 172.24.0.6 at 2024-03-01 21:00:44 +0000
rinha-2             | I, [2024-03-01T21:00:44.726349 #10]  INFO -- : [4eeb306e-6b76-4b70-afc5-c6e670b08a5c] Processing by TransacoesController#create as */*
rinha-2             | I, [2024-03-01T21:00:44.726400 #10]  INFO -- : [4eeb306e-6b76-4b70-afc5-c6e670b08a5c]   Parameters: {"valor"=>1, "tipo"=>"d", "descricao"=>"validacao", "cliente_id"=>"1", "transaco"=>{"valor"=>1, "tipo"=>"d", "descricao"=>"validacao"}}
rinha-2             | I, [2024-03-01T21:00:44.728884 #9]  INFO -- : [4315fcb5-8712-4487-b9a5-8e5be106a6c3] Transação criada com sucesso
rinha-2             | I, [2024-03-01T21:00:44.730870 #9]  INFO -- : [33b766b9-a503-4e7a-859f-7f1419bb1da0] Saldo atualizado com sucesso: -6
rinha-2             | I, [2024-03-01T21:00:44.732168 #10]  INFO -- : [7e7438ec-b7e3-4079-be78-34c580d05b8a] Started POST "/clientes/1/transacoes" for 172.24.0.6 at 2024-03-01 21:00:44 +0000
rinha-2             | I, [2024-03-01T21:00:44.734161 #9]  INFO -- : [4315fcb5-8712-4487-b9a5-8e5be106a6c3] Completed 200 OK in 97ms (Views: 0.8ms | ActiveRecord: 80.9ms | Allocations: 3623)
rinha-2             | I, [2024-03-01T21:00:44.734860 #9]  INFO -- : [33b766b9-a503-4e7a-859f-7f1419bb1da0] Transação criada com sucesso
rinha-2             | I, [2024-03-01T21:00:44.734988 #10]  INFO -- : [7e7438ec-b7e3-4079-be78-34c580d05b8a] Processing by TransacoesController#create as */*
rinha-2             | I, [2024-03-01T21:00:44.735031 #10]  INFO -- : [7e7438ec-b7e3-4079-be78-34c580d05b8a]   Parameters: {"valor"=>1, "tipo"=>"d", "descricao"=>"validacao", "cliente_id"=>"1", "transaco"=>{"valor"=>1, "tipo"=>"d", "descricao"=>"validacao"}}
rinha-2             | I, [2024-03-01T21:00:44.739140 #9]  INFO -- : [33b766b9-a503-4e7a-859f-7f1419bb1da0] Completed 200 OK in 84ms (Views: 0.1ms | ActiveRecord: 75.8ms | Allocations: 2314)
rinha-2             | I, [2024-03-01T21:00:44.739776 #10]  INFO -- : [4eeb306e-6b76-4b70-afc5-c6e670b08a5c] Saldo atualizado com sucesso: -6
rinha-2             | I, [2024-03-01T21:00:44.740128 #9]  INFO -- : [3a3947f9-9bc6-4cac-992a-77e8ba903ded] Started POST "/clientes/1/transacoes" for 172.24.0.6 at 2024-03-01 21:00:44 +0000
rinha-2             | I, [2024-03-01T21:00:44.742559 #9]  INFO -- : [3a3947f9-9bc6-4cac-992a-77e8ba903ded] Processing by TransacoesController#create as */*
rinha-2             | I, [2024-03-01T21:00:44.742671 #9]  INFO -- : [3a3947f9-9bc6-4cac-992a-77e8ba903ded]   Parameters: {"valor"=>1, "tipo"=>"d", "descricao"=>"validacao", "cliente_id"=>"1", "transaco"=>{"valor"=>1, "tipo"=>"d", "descricao"=>"validacao"}}
rinha-2             | I, [2024-03-01T21:00:44.745479 #10]  INFO -- : [4eeb306e-6b76-4b70-afc5-c6e670b08a5c] Transação criada com sucesso
rinha-2             | I, [2024-03-01T21:00:44.747510 #9]  INFO -- : [3a3947f9-9bc6-4cac-992a-77e8ba903ded] Saldo atualizado com sucesso: -7
rinha-2             | I, [2024-03-01T21:00:44.748987 #9]  INFO -- : [3a3947f9-9bc6-4cac-992a-77e8ba903ded] Transação criada com sucesso
rinha-2             | I, [2024-03-01T21:00:44.749969 #10]  INFO -- : [4eeb306e-6b76-4b70-afc5-c6e670b08a5c] Completed 200 OK in 23ms (Views: 0.3ms | ActiveRecord: 12.0ms | Allocations: 2123)
rinha-2             | I, [2024-03-01T21:00:44.750869 #10]  INFO -- : [7e7438ec-b7e3-4079-be78-34c580d05b8a] Saldo atualizado com sucesso: -7
rinha-2             | I, [2024-03-01T21:00:44.752033 #9]  INFO -- : [3a3947f9-9bc6-4cac-992a-77e8ba903ded] Completed 200 OK in 9ms (Views: 0.1ms | ActiveRecord: 6.2ms | Allocations: 1268)
rinha-2             | I, [2024-03-01T21:00:44.754189 #10]  INFO -- : [7e7438ec-b7e3-4079-be78-34c580d05b8a] Transação criada com sucesso
rinha-2             | I, [2024-03-01T21:00:44.757721 #10]  INFO -- : [7e7438ec-b7e3-4079-be78-34c580d05b8a] Completed 200 OK in 23ms (Views: 0.1ms | ActiveRecord: 10.9ms | Allocations: 2317)
rinha-2             | I, [2024-03-01T21:00:44.802161 #10]  INFO -- : [fd50f1aa-19e7-487d-8ba7-359625ec821c] Started GET "/clientes/1/extrato" for 172.24.0.6 at 2024-03-01 21:00:44 +0000
rinha-2             | I, [2024-03-01T21:00:44.803727 #10]  INFO -- : [fd50f1aa-19e7-487d-8ba7-359625ec821c] Processing by ExtratoController#index as */*
rinha-2             | I, [2024-03-01T21:00:44.803764 #10]  INFO -- : [fd50f1aa-19e7-487d-8ba7-359625ec821c]   Parameters: {"cliente_id"=>"1"}
rinha-2             | I, [2024-03-01T21:00:44.825438 #10]  INFO -- : [fd50f1aa-19e7-487d-8ba7-359625ec821c] Completed 200 OK in 22ms (Views: 2.8ms | ActiveRecord: 0.9ms | Allocations: 1669)
rinha-1             | I, [2024-03-01T21:00:45.806513 #9]  INFO -- : [e8669d48-7d48-46c7-be6c-fba7d7fa4f8b] Started POST "/clientes/1/transacoes" for 172.24.0.6 at 2024-03-01 21:00:45 +0000
rinha-1             | I, [2024-03-01T21:00:45.807278 #10]  INFO -- : [a2ea2710-bd2b-4ca7-a821-be8d2af9c8b6] Started POST "/clientes/1/transacoes" for 172.24.0.6 at 2024-03-01 21:00:45 +0000
rinha-1             | I, [2024-03-01T21:00:45.814303 #9]  INFO -- : [e8669d48-7d48-46c7-be6c-fba7d7fa4f8b] Processing by TransacoesController#create as */*
rinha-2             | I, [2024-03-01T21:00:45.815658 #10]  INFO -- : [8fd6aad2-a837-46ce-bdea-839231756d22] Started POST "/clientes/1/transacoes" for 172.24.0.6 at 2024-03-01 21:00:45 +0000
rinha-1             | I, [2024-03-01T21:00:45.820331 #9]  INFO -- : [e8669d48-7d48-46c7-be6c-fba7d7fa4f8b]   Parameters: {"valor"=>1, "tipo"=>"c", "descricao"=>"validacao", "cliente_id"=>"1", "transaco"=>{"valor"=>1, "tipo"=>"c", "descricao"=>"validacao"}}
rinha-1             | I, [2024-03-01T21:00:45.821802 #10]  INFO -- : [a2ea2710-bd2b-4ca7-a821-be8d2af9c8b6] Processing by TransacoesController#create as */*
rinha-1             | I, [2024-03-01T21:00:45.823004 #10]  INFO -- : [a2ea2710-bd2b-4ca7-a821-be8d2af9c8b6]   Parameters: {"valor"=>1, "tipo"=>"c", "descricao"=>"validacao", "cliente_id"=>"1", "transaco"=>{"valor"=>1, "tipo"=>"c", "descricao"=>"validacao"}}
rinha-1             | I, [2024-03-01T21:00:45.826148 #9]  INFO -- : [7636f9e0-7554-47d6-97ba-e6634c590101] Started POST "/clientes/1/transacoes" for 172.24.0.6 at 2024-03-01 21:00:45 +0000
rinha-2             | I, [2024-03-01T21:00:45.822050 #10]  INFO -- : [8fd6aad2-a837-46ce-bdea-839231756d22] Processing by TransacoesController#create as */*
rinha-2             | I, [2024-03-01T21:00:45.822875 #10]  INFO -- : [8fd6aad2-a837-46ce-bdea-839231756d22]   Parameters: {"valor"=>1, "tipo"=>"c", "descricao"=>"validacao", "cliente_id"=>"1", "transaco"=>{"valor"=>1, "tipo"=>"c", "descricao"=>"validacao"}}
rinha-2             | I, [2024-03-01T21:00:45.822820 #10]  INFO -- : [3d86debd-eeab-42fd-9776-c50e1d5eddcb] Started POST "/clientes/1/transacoes" for 172.24.0.6 at 2024-03-01 21:00:45 +0000
rinha-2             | I, [2024-03-01T21:00:45.825778 #10]  INFO -- : [3d86debd-eeab-42fd-9776-c50e1d5eddcb] Processing by TransacoesController#create as */*
rinha-2             | I, [2024-03-01T21:00:45.825927 #10]  INFO -- : [3d86debd-eeab-42fd-9776-c50e1d5eddcb]   Parameters: {"valor"=>1, "tipo"=>"c", "descricao"=>"validacao", "cliente_id"=>"1", "transaco"=>{"valor"=>1, "tipo"=>"c", "descricao"=>"validacao"}}
rinha-1             | I, [2024-03-01T21:00:45.823493 #10]  INFO -- : [56b88bcc-3bfe-4517-b04c-994cb8bed895] Started POST "/clientes/1/transacoes" for 172.24.0.6 at 2024-03-01 21:00:45 +0000
rinha-2             | I, [2024-03-01T21:00:45.827193 #9]  INFO -- : [41d72fef-a143-4f6e-8053-14346965717f] Started POST "/clientes/1/transacoes" for 172.24.0.6 at 2024-03-01 21:00:45 +0000
rinha-2             | I, [2024-03-01T21:00:45.829817 #9]  INFO -- : [41d72fef-a143-4f6e-8053-14346965717f] Processing by TransacoesController#create as */*
rinha-1             | I, [2024-03-01T21:00:45.830505 #10]  INFO -- : [56b88bcc-3bfe-4517-b04c-994cb8bed895] Processing by TransacoesController#create as */*
rinha-1             | I, [2024-03-01T21:00:45.830675 #10]  INFO -- : [56b88bcc-3bfe-4517-b04c-994cb8bed895]   Parameters: {"valor"=>1, "tipo"=>"c", "descricao"=>"validacao", "cliente_id"=>"1", "transaco"=>{"valor"=>1, "tipo"=>"c", "descricao"=>"validacao"}}
rinha-2             | I, [2024-03-01T21:00:45.829900 #9]  INFO -- : [41d72fef-a143-4f6e-8053-14346965717f]   Parameters: {"valor"=>1, "tipo"=>"c", "descricao"=>"validacao", "cliente_id"=>"1", "transaco"=>{"valor"=>1, "tipo"=>"c", "descricao"=>"validacao"}}
rinha-2             | I, [2024-03-01T21:00:45.834271 #9]  INFO -- : [41d72fef-a143-4f6e-8053-14346965717f] Saldo atualizado com sucesso: -6
rinha-1             | I, [2024-03-01T21:00:45.836571 #9]  INFO -- : [7636f9e0-7554-47d6-97ba-e6634c590101] Processing by TransacoesController#create as */*
rinha-1             | I, [2024-03-01T21:00:45.836644 #9]  INFO -- : [7636f9e0-7554-47d6-97ba-e6634c590101]   Parameters: {"valor"=>1, "tipo"=>"c", "descricao"=>"validacao", "cliente_id"=>"1", "transaco"=>{"valor"=>1, "tipo"=>"c", "descricao"=>"validacao"}}
rinha-2             | I, [2024-03-01T21:00:45.836407 #9]  INFO -- : [41d72fef-a143-4f6e-8053-14346965717f] Transação criada com sucesso
rinha-2             | I, [2024-03-01T21:00:45.839403 #10]  INFO -- : [8fd6aad2-a837-46ce-bdea-839231756d22] Saldo atualizado com sucesso: -6
rinha-2             | I, [2024-03-01T21:00:45.841602 #9]  INFO -- : [a9e0a70b-4ba2-4a3a-abc2-c810aa3c637b] Started POST "/clientes/1/transacoes" for 172.24.0.6 at 2024-03-01 21:00:45 +0000
rinha-2             | I, [2024-03-01T21:00:45.849160 #9]  INFO -- : [a9e0a70b-4ba2-4a3a-abc2-c810aa3c637b] Processing by TransacoesController#create as */*
rinha-2             | I, [2024-03-01T21:00:45.853004 #10]  INFO -- : [8fd6aad2-a837-46ce-bdea-839231756d22] Transação criada com sucesso
rinha-2             | I, [2024-03-01T21:00:45.855478 #10]  INFO -- : [3d86debd-eeab-42fd-9776-c50e1d5eddcb] Saldo atualizado com sucesso: -6
rinha-2             | I, [2024-03-01T21:00:45.857449 #10]  INFO -- : [8fd6aad2-a837-46ce-bdea-839231756d22] Completed 200 OK in 34ms (Views: 0.4ms | ActiveRecord: 19.3ms | Allocations: 2101)
rinha-2             | I, [2024-03-01T21:00:45.858937 #9]  INFO -- : [a9e0a70b-4ba2-4a3a-abc2-c810aa3c637b]   Parameters: {"valor"=>1, "tipo"=>"c", "descricao"=>"validacao", "cliente_id"=>"1", "transaco"=>{"valor"=>1, "tipo"=>"c", "descricao"=>"validacao"}}
rinha-2             | I, [2024-03-01T21:00:45.859426 #10]  INFO -- : [3d86debd-eeab-42fd-9776-c50e1d5eddcb] Transação criada com sucesso
rinha-2             | I, [2024-03-01T21:00:45.860849 #9]  INFO -- : [41d72fef-a143-4f6e-8053-14346965717f] Completed 200 OK in 30ms (Views: 1.0ms | ActiveRecord: 14.2ms | Allocations: 1730)
rinha-1             | I, [2024-03-01T21:00:45.862773 #9]  INFO -- : [e8669d48-7d48-46c7-be6c-fba7d7fa4f8b] Saldo atualizado com sucesso: -6
rinha-2             | I, [2024-03-01T21:00:45.863630 #10]  INFO -- : [3d86debd-eeab-42fd-9776-c50e1d5eddcb] Completed 200 OK in 38ms (Views: 0.1ms | ActiveRecord: 26.6ms | Allocations: 2612)
rinha-2             | I, [2024-03-01T21:00:45.866978 #10]  INFO -- : [1bc8a8d9-224e-47fd-a069-5366a8e0e506] Started POST "/clientes/1/transacoes" for 172.24.0.6 at 2024-03-01 21:00:45 +0000
rinha-2             | I, [2024-03-01T21:00:45.867398 #10]  INFO -- : [1bc8a8d9-224e-47fd-a069-5366a8e0e506] Processing by TransacoesController#create as */*
rinha-2             | I, [2024-03-01T21:00:45.867442 #10]  INFO -- : [1bc8a8d9-224e-47fd-a069-5366a8e0e506]   Parameters: {"valor"=>1, "tipo"=>"c", "descricao"=>"validacao", "cliente_id"=>"1", "transaco"=>{"valor"=>1, "tipo"=>"c", "descricao"=>"validacao"}}
rinha-1             | I, [2024-03-01T21:00:45.869620 #9]  INFO -- : [e8669d48-7d48-46c7-be6c-fba7d7fa4f8b] Transação criada com sucesso
rinha-1             | I, [2024-03-01T21:00:45.872031 #10]  INFO -- : [56b88bcc-3bfe-4517-b04c-994cb8bed895] Saldo atualizado com sucesso: -6
rinha-1             | I, [2024-03-01T21:00:45.876008 #9]  INFO -- : [e8669d48-7d48-46c7-be6c-fba7d7fa4f8b] Completed 200 OK in 55ms (Views: 0.2ms | ActiveRecord: 12.8ms | Allocations: 2082)
rinha-1             | I, [2024-03-01T21:00:45.914927 #10]  INFO -- : [56b88bcc-3bfe-4517-b04c-994cb8bed895] Transação criada com sucesso
rinha-2             | I, [2024-03-01T21:00:45.915995 #10]  INFO -- : [4888153f-7e03-458b-a5a9-9a6b0096bcc5] Started POST "/clientes/1/transacoes" for 172.24.0.6 at 2024-03-01 21:00:45 +0000
rinha-1             | I, [2024-03-01T21:00:45.917156 #9]  INFO -- : [7636f9e0-7554-47d6-97ba-e6634c590101] Saldo atualizado com sucesso: -5
rinha-2             | I, [2024-03-01T21:00:45.917884 #10]  INFO -- : [4888153f-7e03-458b-a5a9-9a6b0096bcc5] Processing by TransacoesController#create as */*
rinha-2             | I, [2024-03-01T21:00:45.917960 #10]  INFO -- : [4888153f-7e03-458b-a5a9-9a6b0096bcc5]   Parameters: {"valor"=>1, "tipo"=>"c", "descricao"=>"validacao", "cliente_id"=>"1", "transaco"=>{"valor"=>1, "tipo"=>"c", "descricao"=>"validacao"}}
