 Network fparaujo-rinha-backend-2024  Creating
 Network fparaujo-rinha-backend-2024  Created
 Container felipelaraujo-db-1  Creating
 Container felipelaraujo-db-1  Created
 Container felipelaraujo-api02-1  Creating
 Container felipelaraujo-api01-1  Creating
 Container felipelaraujo-api01-1  Created
 Container felipelaraujo-api02-1  Created
 Container felipelaraujo-nginx-1  Creating
 Container felipelaraujo-nginx-1  Created
Attaching to api01-1, api02-1, db-1, nginx-1
db-1     | The files belonging to this database system will be owned by user "postgres".
db-1     | This user must also own the server process.
db-1     | 
db-1     | The database cluster will be initialized with locale "en_US.utf8".
db-1     | The default database encoding has accordingly been set to "UTF8".
db-1     | The default text search configuration will be set to "english".
db-1     | 
db-1     | Data page checksums are disabled.
db-1     | 
db-1     | fixing permissions on existing directory /var/lib/postgresql/data ... ok
db-1     | creating subdirectories ... ok
db-1     | selecting dynamic shared memory implementation ... posix
db-1     | selecting default max_connections ... 100
db-1     | selecting default shared_buffers ... 128MB
db-1     | selecting default time zone ... Etc/UTC
db-1     | creating configuration files ... ok
db-1     | running bootstrap script ... ok
db-1     | performing post-bootstrap initialization ... ok
db-1     | syncing data to disk ... ok
db-1     | 
db-1     | 
db-1     | Success. You can now start the database server using:
db-1     | 
db-1     |     pg_ctl -D /var/lib/postgresql/data -l logfile start
db-1     | 
db-1     | initdb: warning: enabling "trust" authentication for local connections
db-1     | initdb: hint: You can change this by editing pg_hba.conf or using the option -A, or --auth-local and --auth-host, the next time you run initdb.
db-1     | waiting for server to start....2024-03-10 16:29:43.229 UTC [48] LOG:  starting PostgreSQL 16.2 (Debian 16.2-1.pgdg120+2) on x86_64-pc-linux-gnu, compiled by gcc (Debian 12.2.0-14) 12.2.0, 64-bit
db-1     | 2024-03-10 16:29:43.232 UTC [48] LOG:  listening on Unix socket "/var/run/postgresql/.s.PGSQL.5432"
db-1     | 2024-03-10 16:29:43.240 UTC [51] LOG:  database system was shut down at 2024-03-10 16:29:42 UTC
db-1     | 2024-03-10 16:29:43.320 UTC [48] LOG:  database system is ready to accept connections
db-1     |  done
db-1     | server started
db-1     | CREATE DATABASE
db-1     | 
db-1     | 
db-1     | /usr/local/bin/docker-entrypoint.sh: running /docker-entrypoint-initdb.d/init.sql
db-1     | psql:/docker-entrypoint-initdb.d/init.sql:1: NOTICE:  table "clients" does not exist, skipping
db-1     | DROP TABLE
db-1     | DROP TABLE
db-1     | psql:/docker-entrypoint-initdb.d/init.sql:2: NOTICE:  table "transactions" does not exist, skipping
db-1     | CREATE TABLE
db-1     | CREATE TABLE
db-1     | INSERT 0 5
db-1     | 
db-1     | 
db-1     | waiting for server to shut down...2024-03-10 16:29:44.320 UTC [48] LOG:  received fast shutdown request
db-1     | .2024-03-10 16:29:44.414 UTC [48] LOG:  aborting any active transactions
db-1     | 2024-03-10 16:29:44.417 UTC [48] LOG:  background worker "logical replication launcher" (PID 54) exited with exit code 1
db-1     | 2024-03-10 16:29:44.519 UTC [49] LOG:  shutting down
db-1     | 2024-03-10 16:29:44.617 UTC [70] FATAL:  the database system is shutting down
db-1     | 2024-03-10 16:29:44.617 UTC [49] LOG:  checkpoint starting: shutdown immediate
db-1     | 2024-03-10 16:29:45.078 UTC [49] LOG:  checkpoint complete: wrote 938 buffers (5.7%); 0 WAL file(s) added, 0 removed, 0 recycled; write=0.369 s, sync=0.082 s, total=0.560 s; sync files=307, longest=0.054 s, average=0.001 s; distance=4291 kB, estimate=4291 kB; lsn=0/191B7C0, redo lsn=0/191B7C0
db-1     | 2024-03-10 16:29:45.083 UTC [48] LOG:  database system is shut down
db-1     |  done
db-1     | server stopped
db-1     | 
db-1     | PostgreSQL init process complete; ready for start up.
db-1     | 
db-1     | 2024-03-10 16:29:45.142 UTC [1] LOG:  starting PostgreSQL 16.2 (Debian 16.2-1.pgdg120+2) on x86_64-pc-linux-gnu, compiled by gcc (Debian 12.2.0-14) 12.2.0, 64-bit
db-1     | 2024-03-10 16:29:45.142 UTC [1] LOG:  listening on IPv4 address "0.0.0.0", port 5432
db-1     | 2024-03-10 16:29:45.214 UTC [1] LOG:  listening on IPv6 address "::", port 5432
db-1     | 2024-03-10 16:29:45.221 UTC [1] LOG:  listening on Unix socket "/var/run/postgresql/.s.PGSQL.5432"
db-1     | 2024-03-10 16:29:45.235 UTC [74] LOG:  database system was shut down at 2024-03-10 16:29:45 UTC
db-1     | 2024-03-10 16:29:45.243 UTC [1] LOG:  database system is ready to accept connections
api01-1  | 
api01-1  |    ____    __
api01-1  |   / __/___/ /  ___
api01-1  |  / _// __/ _ \/ _ \
api01-1  | /___/\__/_//_/\___/ v4.11.4
api01-1  | High performance, minimalist Go web framework
api01-1  | https://echo.labstack.com
api01-1  | ____________________________________O/_______
api01-1  |                                     O\
api01-1  | ⇨ http server started on [::]:3000
api02-1  | 
api02-1  |    ____    __
api02-1  |   / __/___/ /  ___
api02-1  |  / _// __/ _ \/ _ \
api02-1  | /___/\__/_//_/\___/ v4.11.4
api02-1  | High performance, minimalist Go web framework
api02-1  | https://echo.labstack.com
api02-1  | ____________________________________O/_______
api02-1  |                                     O\
api02-1  | ⇨ http server started on [::]:3000
nginx-1  | /docker-entrypoint.sh: /docker-entrypoint.d/ is not empty, will attempt to perform configuration
nginx-1  | /docker-entrypoint.sh: Looking for shell scripts in /docker-entrypoint.d/
nginx-1  | /docker-entrypoint.sh: Launching /docker-entrypoint.d/10-listen-on-ipv6-by-default.sh
nginx-1  | 10-listen-on-ipv6-by-default.sh: info: Getting the checksum of /etc/nginx/conf.d/default.conf
nginx-1  | 10-listen-on-ipv6-by-default.sh: info: Enabled listen on IPv6 in /etc/nginx/conf.d/default.conf
nginx-1  | /docker-entrypoint.sh: Sourcing /docker-entrypoint.d/15-local-resolvers.envsh
nginx-1  | /docker-entrypoint.sh: Launching /docker-entrypoint.d/20-envsubst-on-templates.sh
nginx-1  | /docker-entrypoint.sh: Launching /docker-entrypoint.d/30-tune-worker-processes.sh
nginx-1  | /docker-entrypoint.sh: Configuration complete; ready for start up
api01-1  | {"time":"2024-03-10T16:29:50.97951458Z","id":"","remote_ip":"192.168.208.5","host":"api","method":"GET","uri":"/clientes/1/extrato","user_agent":"curl/7.81.0","status":200,"error":"","latency":2216995,"latency_human":"2.216995ms","bytes_in":0,"bytes_out":111}
api02-1  | {"time":"2024-03-10T16:29:50.986572371Z","id":"","remote_ip":"192.168.208.5","host":"api","method":"GET","uri":"/clientes/1/extrato","user_agent":"curl/7.81.0","status":200,"error":"","latency":1520203,"latency_human":"1.520203ms","bytes_in":0,"bytes_out":112}
api01-1  | {"time":"2024-03-10T16:29:55.473857207Z","id":"","remote_ip":"192.168.208.5","host":"api","method":"POST","uri":"/clientes/1/transacoes","user_agent":"Agente do Caos - 2024/Q1","status":400,"error":"","latency":314130,"latency_human":"314.13µs","bytes_in":51,"bytes_out":160}
api02-1  | {"time":"2024-03-10T16:29:55.475094793Z","id":"","remote_ip":"192.168.208.5","host":"api","method":"POST","uri":"/clientes/1/transacoes","user_agent":"Agente do Caos - 2024/Q1","status":400,"error":"","latency":657029,"latency_human":"657.029µs","bytes_in":51,"bytes_out":160}
api01-1  | {"time":"2024-03-10T16:29:55.475436465Z","id":"","remote_ip":"192.168.208.5","host":"api","method":"POST","uri":"/clientes/1/transacoes","user_agent":"Agente do Caos - 2024/Q1","status":400,"error":"","latency":159572,"latency_human":"159.572µs","bytes_in":51,"bytes_out":160}
api02-1  | {"time":"2024-03-10T16:29:55.478873593Z","id":"","remote_ip":"192.168.208.5","host":"api","method":"POST","uri":"/clientes/1/transacoes","user_agent":"Agente do Caos - 2024/Q1","status":400,"error":"","latency":168898,"latency_human":"168.898µs","bytes_in":51,"bytes_out":160}
api01-1  | {"time":"2024-03-10T16:29:55.479199726Z","id":"","remote_ip":"192.168.208.5","host":"api","method":"POST","uri":"/clientes/1/transacoes","user_agent":"Agente do Caos - 2024/Q1","status":400,"error":"","latency":158290,"latency_human":"158.29µs","bytes_in":51,"bytes_out":160}
api02-1  | {"time":"2024-03-10T16:29:55.51138166Z","id":"","remote_ip":"192.168.208.5","host":"api","method":"POST","uri":"/clientes/1/transacoes","user_agent":"Agente do Caos - 2024/Q1","status":400,"error":"","latency":215066,"latency_human":"215.066µs","bytes_in":51,"bytes_out":160}
api02-1  | {"time":"2024-03-10T16:29:55.513437525Z","id":"","remote_ip":"192.168.208.5","host":"api","method":"POST","uri":"/clientes/1/transacoes","user_agent":"Agente do Caos - 2024/Q1","status":400,"error":"","latency":129756,"latency_human":"129.756µs","bytes_in":51,"bytes_out":160}
api02-1  | {"time":"2024-03-10T16:29:55.513787267Z","id":"","remote_ip":"192.168.208.5","host":"api","method":"POST","uri":"/clientes/1/transacoes","user_agent":"Agente do Caos - 2024/Q1","status":400,"error":"","latency":97283,"latency_human":"97.283µs","bytes_in":51,"bytes_out":160}
api02-1  | {"time":"2024-03-10T16:29:55.513955038Z","id":"","remote_ip":"192.168.208.5","host":"api","method":"POST","uri":"/clientes/1/transacoes","user_agent":"Agente do Caos - 2024/Q1","status":400,"error":"","latency":88543,"latency_human":"88.543µs","bytes_in":51,"bytes_out":160}
api02-1  | {"time":"2024-03-10T16:29:55.514114916Z","id":"","remote_ip":"192.168.208.5","host":"api","method":"POST","uri":"/clientes/1/transacoes","user_agent":"Agente do Caos - 2024/Q1","status":400,"error":"","latency":90235,"latency_human":"90.235µs","bytes_in":51,"bytes_out":160}
api02-1  | {"time":"2024-03-10T16:29:55.514396293Z","id":"","remote_ip":"192.168.208.5","host":"api","method":"POST","uri":"/clientes/1/transacoes","user_agent":"Agente do Caos - 2024/Q1","status":400,"error":"","latency":78182,"latency_human":"78.182µs","bytes_in":51,"bytes_out":160}
api02-1  | {"time":"2024-03-10T16:29:55.514649555Z","id":"","remote_ip":"192.168.208.5","host":"api","method":"POST","uri":"/clientes/1/transacoes","user_agent":"Agente do Caos - 2024/Q1","status":400,"error":"","latency":106071,"latency_human":"106.071µs","bytes_in":51,"bytes_out":160}
api02-1  | {"time":"2024-03-10T16:29:55.51478132Z","id":"","remote_ip":"192.168.208.5","host":"api","method":"POST","uri":"/clientes/1/transacoes","user_agent":"Agente do Caos - 2024/Q1","status":400,"error":"","latency":1556994,"latency_human":"1.556994ms","bytes_in":51,"bytes_out":160}
api02-1  | {"time":"2024-03-10T16:29:55.514813648Z","id":"","remote_ip":"192.168.208.5","host":"api","method":"POST","uri":"/clientes/1/transacoes","user_agent":"Agente do Caos - 2024/Q1","status":400,"error":"","latency":1272545,"latency_human":"1.272545ms","bytes_in":51,"bytes_out":160}
api02-1  | {"time":"2024-03-10T16:29:55.51509312Z","id":"","remote_ip":"192.168.208.5","host":"api","method":"POST","uri":"/clientes/1/transacoes","user_agent":"Agente do Caos - 2024/Q1","status":400,"error":"","latency":197509,"latency_human":"197.509µs","bytes_in":51,"bytes_out":160}
api01-1  | {"time":"2024-03-10T16:29:55.516706374Z","id":"","remote_ip":"192.168.208.5","host":"api","method":"POST","uri":"/clientes/1/transacoes","user_agent":"Agente do Caos - 2024/Q1","status":400,"error":"","latency":137214,"latency_human":"137.214µs","bytes_in":51,"bytes_out":160}
api01-1  | {"time":"2024-03-10T16:29:55.516931503Z","id":"","remote_ip":"192.168.208.5","host":"api","method":"POST","uri":"/clientes/1/transacoes","user_agent":"Agente do Caos - 2024/Q1","status":400,"error":"","latency":108526,"latency_human":"108.526µs","bytes_in":51,"bytes_out":160}
api01-1  | {"time":"2024-03-10T16:29:55.517111085Z","id":"","remote_ip":"192.168.208.5","host":"api","method":"POST","uri":"/clientes/1/transacoes","user_agent":"Agente do Caos - 2024/Q1","status":400,"error":"","latency":91849,"latency_human":"91.849µs","bytes_in":51,"bytes_out":160}
api01-1  | {"time":"2024-03-10T16:29:55.517289014Z","id":"","remote_ip":"192.168.208.5","host":"api","method":"POST","uri":"/clientes/1/transacoes","user_agent":"Agente do Caos - 2024/Q1","status":400,"error":"","latency":94445,"latency_human":"94.445µs","bytes_in":51,"bytes_out":160}
api01-1  | {"time":"2024-03-10T16:29:55.517465481Z","id":"","remote_ip":"192.168.208.5","host":"api","method":"POST","uri":"/clientes/1/transacoes","user_agent":"Agente do Caos - 2024/Q1","status":400,"error":"","latency":89963,"latency_human":"89.963µs","bytes_in":51,"bytes_out":160}
api01-1  | {"time":"2024-03-10T16:29:55.517662532Z","id":"","remote_ip":"192.168.208.5","host":"api","method":"POST","uri":"/clientes/1/transacoes","user_agent":"Agente do Caos - 2024/Q1","status":400,"error":"","latency":113672,"latency_human":"113.672µs","bytes_in":51,"bytes_out":160}
api01-1  | {"time":"2024-03-10T16:29:55.517838053Z","id":"","remote_ip":"192.168.208.5","host":"api","method":"POST","uri":"/clientes/1/transacoes","user_agent":"Agente do Caos - 2024/Q1","status":400,"error":"","latency":89937,"latency_human":"89.937µs","bytes_in":51,"bytes_out":160}
api01-1  | {"time":"2024-03-10T16:29:55.517974595Z","id":"","remote_ip":"192.168.208.5","host":"api","method":"POST","uri":"/clientes/1/transacoes","user_agent":"Agente do Caos - 2024/Q1","status":400,"error":"","latency":1960310,"latency_human":"1.96031ms","bytes_in":51,"bytes_out":160}
api01-1  | {"time":"2024-03-10T16:29:55.518115793Z","id":"","remote_ip":"192.168.208.5","host":"api","method":"POST","uri":"/clientes/1/transacoes","user_agent":"Agente do Caos - 2024/Q1","status":400,"error":"","latency":2305034,"latency_human":"2.305034ms","bytes_in":51,"bytes_out":160}
api01-1  | {"time":"2024-03-10T16:29:55.518268412Z","id":"","remote_ip":"192.168.208.5","host":"api","method":"POST","uri":"/clientes/1/transacoes","user_agent":"Agente do Caos - 2024/Q1","status":400,"error":"","latency":2322760,"latency_human":"2.32276ms","bytes_in":51,"bytes_out":160}
api02-1  | {"time":"2024-03-10T16:29:56.452810149Z","id":"","remote_ip":"192.168.208.5","host":"api","method":"GET","uri":"/clientes/1/extrato","user_agent":"Agente do Caos - 2024/Q1","status":200,"error":"","latency":581038,"latency_human":"581.038µs","bytes_in":0,"bytes_out":112}
api02-1  | {"time":"2024-03-10T16:29:57.454133739Z","id":"","remote_ip":"192.168.208.5","host":"api","method":"POST","uri":"/clientes/1/transacoes","user_agent":"Agente do Caos - 2024/Q1","status":400,"error":"","latency":120421,"latency_human":"120.421µs","bytes_in":51,"bytes_out":160}
api02-1  | {"time":"2024-03-10T16:29:57.454863628Z","id":"","remote_ip":"192.168.208.5","host":"api","method":"POST","uri":"/clientes/1/transacoes","user_agent":"Agente do Caos - 2024/Q1","status":400,"error":"","latency":126396,"latency_human":"126.396µs","bytes_in":51,"bytes_out":160}
api01-1  | {"time":"2024-03-10T16:29:57.453305647Z","id":"","remote_ip":"192.168.208.5","host":"api","method":"POST","uri":"/clientes/1/transacoes","user_agent":"Agente do Caos - 2024/Q1","status":400,"error":"","latency":178915,"latency_human":"178.915µs","bytes_in":51,"bytes_out":160}
api01-1  | {"time":"2024-03-10T16:29:57.454560812Z","id":"","remote_ip":"192.168.208.5","host":"api","method":"POST","uri":"/clientes/1/transacoes","user_agent":"Agente do Caos - 2024/Q1","status":400,"error":"","latency":106927,"latency_human":"106.927µs","bytes_in":51,"bytes_out":160}
api01-1  | {"time":"2024-03-10T16:29:57.455335207Z","id":"","remote_ip":"192.168.208.5","host":"api","method":"POST","uri":"/clientes/1/transacoes","user_agent":"Agente do Caos - 2024/Q1","status":400,"error":"","latency":113723,"latency_human":"113.723µs","bytes_in":51,"bytes_out":160}
api02-1  | {"time":"2024-03-10T16:29:57.456379181Z","id":"","remote_ip":"192.168.208.5","host":"api","method":"POST","uri":"/clientes/1/transacoes","user_agent":"Agente do Caos - 2024/Q1","status":400,"error":"","latency":158547,"latency_human":"158.547µs","bytes_in":51,"bytes_out":160}
api01-1  | {"time":"2024-03-10T16:29:57.456898918Z","id":"","remote_ip":"192.168.208.5","host":"api","method":"POST","uri":"/clientes/1/transacoes","user_agent":"Agente do Caos - 2024/Q1","status":400,"error":"","latency":112275,"latency_human":"112.275µs","bytes_in":51,"bytes_out":160}
api01-1  | {"time":"2024-03-10T16:29:57.457907912Z","id":"","remote_ip":"192.168.208.5","host":"api","method":"POST","uri":"/clientes/1/transacoes","user_agent":"Agente do Caos - 2024/Q1","status":400,"error":"","latency":127496,"latency_human":"127.496µs","bytes_in":51,"bytes_out":160}
api02-1  | {"time":"2024-03-10T16:29:57.45744603Z","id":"","remote_ip":"192.168.208.5","host":"api","method":"POST","uri":"/clientes/1/transacoes","user_agent":"Agente do Caos - 2024/Q1","status":400,"error":"","latency":114194,"latency_human":"114.194µs","bytes_in":51,"bytes_out":160}
api01-1  | {"time":"2024-03-10T16:29:57.459340053Z","id":"","remote_ip":"192.168.208.5","host":"api","method":"POST","uri":"/clientes/1/transacoes","user_agent":"Agente do Caos - 2024/Q1","status":400,"error":"","latency":115963,"latency_human":"115.963µs","bytes_in":51,"bytes_out":160}
api01-1  | {"time":"2024-03-10T16:29:57.460830128Z","id":"","remote_ip":"192.168.208.5","host":"api","method":"POST","uri":"/clientes/1/transacoes","user_agent":"Agente do Caos - 2024/Q1","status":400,"error":"","latency":146514,"latency_human":"146.514µs","bytes_in":51,"bytes_out":160}
api02-1  | {"time":"2024-03-10T16:29:57.45879309Z","id":"","remote_ip":"192.168.208.5","host":"api","method":"POST","uri":"/clientes/1/transacoes","user_agent":"Agente do Caos - 2024/Q1","status":400,"error":"","latency":121555,"latency_human":"121.555µs","bytes_in":51,"bytes_out":160}
api02-1  | {"time":"2024-03-10T16:29:57.460137444Z","id":"","remote_ip":"192.168.208.5","host":"api","method":"POST","uri":"/clientes/1/transacoes","user_agent":"Agente do Caos - 2024/Q1","status":400,"error":"","latency":109398,"latency_human":"109.398µs","bytes_in":51,"bytes_out":160}
api02-1  | {"time":"2024-03-10T16:29:57.461879435Z","id":"","remote_ip":"192.168.208.5","host":"api","method":"POST","uri":"/clientes/1/transacoes","user_agent":"Agente do Caos - 2024/Q1","status":400,"error":"","latency":111834,"latency_human":"111.834µs","bytes_in":51,"bytes_out":160}
api01-1  | {"time":"2024-03-10T16:29:57.462350223Z","id":"","remote_ip":"192.168.208.5","host":"api","method":"POST","uri":"/clientes/1/transacoes","user_agent":"Agente do Caos - 2024/Q1","status":400,"error":"","latency":139825,"latency_human":"139.825µs","bytes_in":51,"bytes_out":160}
api01-1  | {"time":"2024-03-10T16:29:57.463614592Z","id":"","remote_ip":"192.168.208.5","host":"api","method":"POST","uri":"/clientes/1/transacoes","user_agent":"Agente do Caos - 2024/Q1","status":400,"error":"","latency":227395,"latency_human":"227.395µs","bytes_in":51,"bytes_out":160}
api01-1  | {"time":"2024-03-10T16:29:57.463989533Z","id":"","remote_ip":"192.168.208.5","host":"api","method":"POST","uri":"/clientes/1/transacoes","user_agent":"Agente do Caos - 2024/Q1","status":400,"error":"","latency":282980,"latency_human":"282.98µs","bytes_in":51,"bytes_out":160}
api01-1  | {"time":"2024-03-10T16:29:57.464053137Z","id":"","remote_ip":"192.168.208.5","host":"api","method":"POST","uri":"/clientes/1/transacoes","user_agent":"Agente do Caos - 2024/Q1","status":400,"error":"","latency":250064,"latency_human":"250.064µs","bytes_in":51,"bytes_out":160}
api01-1  | {"time":"2024-03-10T16:29:57.464110139Z","id":"","remote_ip":"192.168.208.5","host":"api","method":"POST","uri":"/clientes/1/transacoes","user_agent":"Agente do Caos - 2024/Q1","status":400,"error":"","latency":556561,"latency_human":"556.561µs","bytes_in":51,"bytes_out":160}
api01-1  | {"time":"2024-03-10T16:29:57.464392239Z","id":"","remote_ip":"192.168.208.5","host":"api","method":"POST","uri":"/clientes/1/transacoes","user_agent":"Agente do Caos - 2024/Q1","status":400,"error":"","latency":101143,"latency_human":"101.143µs","bytes_in":51,"bytes_out":160}
api02-1  | {"time":"2024-03-10T16:29:57.46336845Z","id":"","remote_ip":"192.168.208.5","host":"api","method":"POST","uri":"/clientes/1/transacoes","user_agent":"Agente do Caos - 2024/Q1","status":400,"error":"","latency":128049,"latency_human":"128.049µs","bytes_in":51,"bytes_out":160}
api02-1  | {"time":"2024-03-10T16:29:57.46357928Z","id":"","remote_ip":"192.168.208.5","host":"api","method":"POST","uri":"/clientes/1/transacoes","user_agent":"Agente do Caos - 2024/Q1","status":400,"error":"","latency":107139,"latency_human":"107.139µs","bytes_in":51,"bytes_out":160}
api02-1  | {"time":"2024-03-10T16:29:57.46375595Z","id":"","remote_ip":"192.168.208.5","host":"api","method":"POST","uri":"/clientes/1/transacoes","user_agent":"Agente do Caos - 2024/Q1","status":400,"error":"","latency":95088,"latency_human":"95.088µs","bytes_in":51,"bytes_out":160}
api02-1  | {"time":"2024-03-10T16:29:57.463919279Z","id":"","remote_ip":"192.168.208.5","host":"api","method":"POST","uri":"/clientes/1/transacoes","user_agent":"Agente do Caos - 2024/Q1","status":400,"error":"","latency":88222,"latency_human":"88.222µs","bytes_in":51,"bytes_out":160}
api02-1  | {"time":"2024-03-10T16:29:57.464080381Z","id":"","remote_ip":"192.168.208.5","host":"api","method":"POST","uri":"/clientes/1/transacoes","user_agent":"Agente do Caos - 2024/Q1","status":400,"error":"","latency":92435,"latency_human":"92.435µs","bytes_in":51,"bytes_out":160}
api02-1  | {"time":"2024-03-10T16:29:58.452893283Z","id":"","remote_ip":"192.168.208.5","host":"api","method":"GET","uri":"/clientes/1/extrato","user_agent":"Agente do Caos - 2024/Q1","status":200,"error":"","latency":529102,"latency_human":"529.102µs","bytes_in":0,"bytes_out":112}
api01-1  | {"time":"2024-03-10T16:29:59.453869407Z","id":"","remote_ip":"192.168.208.5","host":"api","method":"GET","uri":"/clientes/6/extrato","user_agent":"Agente do Caos - 2024/Q1","status":404,"error":"","latency":535822,"latency_human":"535.822µs","bytes_in":0,"bytes_out":104}
api02-1  | {"time":"2024-03-10T16:29:59.457674895Z","id":"","remote_ip":"192.168.208.5","host":"api","method":"GET","uri":"/clientes/5/extrato","user_agent":"Agente do Caos - 2024/Q1","status":200,"error":"","latency":633838,"latency_human":"633.838µs","bytes_in":0,"bytes_out":110}
api01-1  | {"time":"2024-03-10T16:29:59.457775439Z","id":"","remote_ip":"192.168.208.5","host":"api","method":"GET","uri":"/clientes/1/extrato","user_agent":"Agente do Caos - 2024/Q1","status":200,"error":"","latency":451072,"latency_human":"451.072µs","bytes_in":0,"bytes_out":112}
api01-1  | {"time":"2024-03-10T16:29:59.458564145Z","id":"","remote_ip":"192.168.208.5","host":"api","method":"GET","uri":"/clientes/4/extrato","user_agent":"Agente do Caos - 2024/Q1","status":200,"error":"","latency":416259,"latency_human":"416.259µs","bytes_in":0,"bytes_out":114}
api02-1  | {"time":"2024-03-10T16:29:59.459799627Z","id":"","remote_ip":"192.168.208.5","host":"api","method":"GET","uri":"/clientes/2/extrato","user_agent":"Agente do Caos - 2024/Q1","status":200,"error":"","latency":1530843,"latency_human":"1.530843ms","bytes_in":0,"bytes_out":111}
api01-1  | {"time":"2024-03-10T16:29:59.460780057Z","id":"","remote_ip":"192.168.208.5","host":"api","method":"POST","uri":"/clientes/5/transacoes","user_agent":"Agente do Caos - 2024/Q1","status":400,"error":"","latency":175843,"latency_human":"175.843µs","bytes_in":46,"bytes_out":160}
api01-1  | {"time":"2024-03-10T16:29:59.462098829Z","id":"","remote_ip":"192.168.208.5","host":"api","method":"POST","uri":"/clientes/1/transacoes","user_agent":"Agente do Caos - 2024/Q1","status":400,"error":"","latency":131187,"latency_human":"131.187µs","bytes_in":46,"bytes_out":160}
api02-1  | {"time":"2024-03-10T16:29:59.462641342Z","id":"","remote_ip":"192.168.208.5","host":"api","method":"POST","uri":"/clientes/2/transacoes","user_agent":"Agente do Caos - 2024/Q1","status":400,"error":"","latency":141153,"latency_human":"141.153µs","bytes_in":46,"bytes_out":160}
api02-1  | {"time":"2024-03-10T16:29:59.463004791Z","id":"","remote_ip":"192.168.208.5","host":"api","method":"POST","uri":"/clientes/4/transacoes","user_agent":"Agente do Caos - 2024/Q1","status":400,"error":"","latency":148870,"latency_human":"148.87µs","bytes_in":46,"bytes_out":160}
api02-1  | {"time":"2024-03-10T16:29:59.46591417Z","id":"","remote_ip":"192.168.208.5","host":"api","method":"GET","uri":"/clientes/3/extrato","user_agent":"Agente do Caos - 2024/Q1","status":200,"error":"","latency":7565414,"latency_human":"7.565414ms","bytes_in":0,"bytes_out":113}
api01-1  | {"time":"2024-03-10T16:29:59.467225811Z","id":"","remote_ip":"192.168.208.5","host":"api","method":"POST","uri":"/clientes/1/transacoes","user_agent":"Agente do Caos - 2024/Q1","status":400,"error":"","latency":134525,"latency_human":"134.525µs","bytes_in":49,"bytes_out":160}
api01-1  | {"time":"2024-03-10T16:29:59.468257409Z","id":"","remote_ip":"192.168.208.5","host":"api","method":"POST","uri":"/clientes/4/transacoes","user_agent":"Agente do Caos - 2024/Q1","status":400,"error":"","latency":134939,"latency_human":"134.939µs","bytes_in":49,"bytes_out":160}
api02-1  | {"time":"2024-03-10T16:29:59.467808316Z","id":"","remote_ip":"192.168.208.5","host":"api","method":"POST","uri":"/clientes/5/transacoes","user_agent":"Agente do Caos - 2024/Q1","status":400,"error":"","latency":105483,"latency_human":"105.483µs","bytes_in":49,"bytes_out":160}
api02-1  | {"time":"2024-03-10T16:29:59.468903277Z","id":"","remote_ip":"192.168.208.5","host":"api","method":"POST","uri":"/clientes/3/transacoes","user_agent":"Agente do Caos - 2024/Q1","status":400,"error":"","latency":101076,"latency_human":"101.076µs","bytes_in":46,"bytes_out":160}
api01-1  | {"time":"2024-03-10T16:29:59.469468132Z","id":"","remote_ip":"192.168.208.5","host":"api","method":"POST","uri":"/clientes/2/transacoes","user_agent":"Agente do Caos - 2024/Q1","status":400,"error":"","latency":182195,"latency_human":"182.195µs","bytes_in":49,"bytes_out":160}
api02-1  | {"time":"2024-03-10T16:29:59.470380574Z","id":"","remote_ip":"192.168.208.5","host":"api","method":"GET","uri":"/clientes/1/extrato","user_agent":"Agente do Caos - 2024/Q1","status":200,"error":"","latency":399460,"latency_human":"399.46µs","bytes_in":0,"bytes_out":112}
api01-1  | {"time":"2024-03-10T16:29:59.472415757Z","id":"","remote_ip":"192.168.208.5","host":"api","method":"POST","uri":"/clientes/3/transacoes","user_agent":"Agente do Caos - 2024/Q1","status":400,"error":"","latency":109198,"latency_human":"109.198µs","bytes_in":49,"bytes_out":160}
api01-1  | {"time":"2024-03-10T16:29:59.472592264Z","id":"","remote_ip":"192.168.208.5","host":"api","method":"GET","uri":"/clientes/4/extrato","user_agent":"Agente do Caos - 2024/Q1","status":200,"error":"","latency":730911,"latency_human":"730.911µs","bytes_in":0,"bytes_out":114}
api02-1  | {"time":"2024-03-10T16:29:59.474326153Z","id":"","remote_ip":"192.168.208.5","host":"api","method":"GET","uri":"/clientes/2/extrato","user_agent":"Agente do Caos - 2024/Q1","status":200,"error":"","latency":2144980,"latency_human":"2.14498ms","bytes_in":0,"bytes_out":111}
api01-1  | {"time":"2024-03-10T16:29:59.475287537Z","id":"","remote_ip":"192.168.208.5","host":"api","method":"GET","uri":"/clientes/5/extrato","user_agent":"Agente do Caos - 2024/Q1","status":200,"error":"","latency":389057,"latency_human":"389.057µs","bytes_in":0,"bytes_out":112}
api02-1  | {"time":"2024-03-10T16:29:59.475700738Z","id":"","remote_ip":"192.168.208.5","host":"api","method":"GET","uri":"/clientes/3/extrato","user_agent":"Agente do Caos - 2024/Q1","status":200,"error":"","latency":1262785,"latency_human":"1.262785ms","bytes_in":0,"bytes_out":113}
api02-1  | {"time":"2024-03-10T16:29:59.478454253Z","id":"","remote_ip":"192.168.208.5","host":"api","method":"POST","uri":"/clientes/1/transacoes","user_agent":"Agente do Caos - 2024/Q1","status":400,"error":"","latency":153675,"latency_human":"153.675µs","bytes_in":48,"bytes_out":160}
api02-1  | {"time":"2024-03-10T16:29:59.480041059Z","id":"","remote_ip":"192.168.208.5","host":"api","method":"POST","uri":"/clientes/4/transacoes","user_agent":"Agente do Caos - 2024/Q1","status":400,"error":"","latency":111939,"latency_human":"111.939µs","bytes_in":48,"bytes_out":160}
api02-1  | {"time":"2024-03-10T16:29:59.481264315Z","id":"","remote_ip":"192.168.208.5","host":"api","method":"POST","uri":"/clientes/1/transacoes","user_agent":"Agente do Caos - 2024/Q1","status":400,"error":"","latency":54156,"latency_human":"54.156µs","bytes_in":51,"bytes_out":277}
api01-1  | {"time":"2024-03-10T16:29:59.479530387Z","id":"","remote_ip":"192.168.208.5","host":"api","method":"POST","uri":"/clientes/2/transacoes","user_agent":"Agente do Caos - 2024/Q1","status":400,"error":"","latency":157052,"latency_human":"157.052µs","bytes_in":48,"bytes_out":160}
api01-1  | {"time":"2024-03-10T16:29:59.480920387Z","id":"","remote_ip":"192.168.208.5","host":"api","method":"POST","uri":"/clientes/5/transacoes","user_agent":"Agente do Caos - 2024/Q1","status":400,"error":"","latency":156362,"latency_human":"156.362µs","bytes_in":48,"bytes_out":160}
api01-1  | {"time":"2024-03-10T16:29:59.482488755Z","id":"","remote_ip":"192.168.208.5","host":"api","method":"POST","uri":"/clientes/3/transacoes","user_agent":"Agente do Caos - 2024/Q1","status":400,"error":"","latency":121419,"latency_human":"121.419µs","bytes_in":48,"bytes_out":160}
api01-1  | {"time":"2024-03-10T16:29:59.483800046Z","id":"","remote_ip":"192.168.208.5","host":"api","method":"POST","uri":"/clientes/4/transacoes","user_agent":"Agente do Caos - 2024/Q1","status":400,"error":"","latency":52306,"latency_human":"52.306µs","bytes_in":51,"bytes_out":277}
api02-1  | {"time":"2024-03-10T16:29:59.483564489Z","id":"","remote_ip":"192.168.208.5","host":"api","method":"POST","uri":"/clientes/1/transacoes","user_agent":"Agente do Caos - 2024/Q1","status":400,"error":"","latency":140206,"latency_human":"140.206µs","bytes_in":49,"bytes_out":160}
api01-1  | {"time":"2024-03-10T16:29:59.485394836Z","id":"","remote_ip":"192.168.208.5","host":"api","method":"POST","uri":"/clientes/5/transacoes","user_agent":"Agente do Caos - 2024/Q1","status":400,"error":"","latency":63241,"latency_human":"63.241µs","bytes_in":51,"bytes_out":277}
api02-1  | {"time":"2024-03-10T16:29:59.484800412Z","id":"","remote_ip":"192.168.208.5","host":"api","method":"POST","uri":"/clientes/2/transacoes","user_agent":"Agente do Caos - 2024/Q1","status":400,"error":"","latency":65911,"latency_human":"65.911µs","bytes_in":51,"bytes_out":277}
api02-1  | {"time":"2024-03-10T16:29:59.485713089Z","id":"","remote_ip":"192.168.208.5","host":"api","method":"POST","uri":"/clientes/3/transacoes","user_agent":"Agente do Caos - 2024/Q1","status":400,"error":"","latency":39106,"latency_human":"39.106µs","bytes_in":51,"bytes_out":277}
api02-1  | {"time":"2024-03-10T16:29:59.487328023Z","id":"","remote_ip":"192.168.208.5","host":"api","method":"POST","uri":"/clientes/1/transacoes","user_agent":"Agente do Caos - 2024/Q1","status":400,"error":"","latency":129601,"latency_human":"129.601µs","bytes_in":67,"bytes_out":160}
api02-1  | {"time":"2024-03-10T16:29:59.487803056Z","id":"","remote_ip":"192.168.208.5","host":"api","method":"POST","uri":"/clientes/3/transacoes","user_agent":"Agente do Caos - 2024/Q1","status":400,"error":"","latency":122823,"latency_human":"122.823µs","bytes_in":49,"bytes_out":160}
api01-1  | {"time":"2024-03-10T16:29:59.486956108Z","id":"","remote_ip":"192.168.208.5","host":"api","method":"POST","uri":"/clientes/2/transacoes","user_agent":"Agente do Caos - 2024/Q1","status":400,"error":"","latency":136167,"latency_human":"136.167µs","bytes_in":49,"bytes_out":160}
api01-1  | {"time":"2024-03-10T16:29:59.48742019Z","id":"","remote_ip":"192.168.208.5","host":"api","method":"POST","uri":"/clientes/4/transacoes","user_agent":"Agente do Caos - 2024/Q1","status":400,"error":"","latency":116745,"latency_human":"116.745µs","bytes_in":49,"bytes_out":160}
api02-1  | {"time":"2024-03-10T16:29:59.489502533Z","id":"","remote_ip":"192.168.208.5","host":"api","method":"POST","uri":"/clientes/2/transacoes","user_agent":"Agente do Caos - 2024/Q1","status":400,"error":"","latency":128481,"latency_human":"128.481µs","bytes_in":67,"bytes_out":160}
api02-1  | {"time":"2024-03-10T16:29:59.489926368Z","id":"","remote_ip":"192.168.208.5","host":"api","method":"POST","uri":"/clientes/1/transacoes","user_agent":"Agente do Caos - 2024/Q1","status":400,"error":"","latency":109395,"latency_human":"109.395µs","bytes_in":42,"bytes_out":173}
api01-1  | {"time":"2024-03-10T16:29:59.48901875Z","id":"","remote_ip":"192.168.208.5","host":"api","method":"POST","uri":"/clientes/5/transacoes","user_agent":"Agente do Caos - 2024/Q1","status":400,"error":"","latency":132092,"latency_human":"132.092µs","bytes_in":49,"bytes_out":160}
api01-1  | {"time":"2024-03-10T16:29:59.489825295Z","id":"","remote_ip":"192.168.208.5","host":"api","method":"POST","uri":"/clientes/3/transacoes","user_agent":"Agente do Caos - 2024/Q1","status":400,"error":"","latency":112192,"latency_human":"112.192µs","bytes_in":67,"bytes_out":160}
api01-1  | {"time":"2024-03-10T16:29:59.491008695Z","id":"","remote_ip":"192.168.208.5","host":"api","method":"POST","uri":"/clientes/4/transacoes","user_agent":"Agente do Caos - 2024/Q1","status":400,"error":"","latency":137691,"latency_human":"137.691µs","bytes_in":67,"bytes_out":160}
api02-1  | {"time":"2024-03-10T16:29:59.492399595Z","id":"","remote_ip":"192.168.208.5","host":"api","method":"POST","uri":"/clientes/5/transacoes","user_agent":"Agente do Caos - 2024/Q1","status":400,"error":"","latency":130422,"latency_human":"130.422µs","bytes_in":67,"bytes_out":160}
api01-1  | {"time":"2024-03-10T16:29:59.492720099Z","id":"","remote_ip":"192.168.208.5","host":"api","method":"POST","uri":"/clientes/1/transacoes","user_agent":"Agente do Caos - 2024/Q1","status":400,"error":"","latency":110073,"latency_human":"110.073µs","bytes_in":44,"bytes_out":173}
api02-1  | {"time":"2024-03-10T16:29:59.493059273Z","id":"","remote_ip":"192.168.208.5","host":"api","method":"POST","uri":"/clientes/4/transacoes","user_agent":"Agente do Caos - 2024/Q1","status":400,"error":"","latency":115417,"latency_human":"115.417µs","bytes_in":42,"bytes_out":173}
api01-1  | {"time":"2024-03-10T16:29:59.49341352Z","id":"","remote_ip":"192.168.208.5","host":"api","method":"POST","uri":"/clientes/2/transacoes","user_agent":"Agente do Caos - 2024/Q1","status":400,"error":"","latency":152685,"latency_human":"152.685µs","bytes_in":42,"bytes_out":173}
api02-1  | {"time":"2024-03-10T16:29:59.495160441Z","id":"","remote_ip":"192.168.208.5","host":"api","method":"POST","uri":"/clientes/3/transacoes","user_agent":"Agente do Caos - 2024/Q1","status":400,"error":"","latency":505500,"latency_human":"505.5µs","bytes_in":42,"bytes_out":173}
api02-1  | {"time":"2024-03-10T16:29:59.49567933Z","id":"","remote_ip":"192.168.208.5","host":"api","method":"POST","uri":"/clientes/4/transacoes","user_agent":"Agente do Caos - 2024/Q1","status":400,"error":"","latency":201572,"latency_human":"201.572µs","bytes_in":44,"bytes_out":173}
api01-1  | {"time":"2024-03-10T16:29:59.494926779Z","id":"","remote_ip":"192.168.208.5","host":"api","method":"POST","uri":"/clientes/5/transacoes","user_agent":"Agente do Caos - 2024/Q1","status":400,"error":"","latency":123058,"latency_human":"123.058µs","bytes_in":42,"bytes_out":173}
api01-1  | {"time":"2024-03-10T16:29:59.495860184Z","id":"","remote_ip":"192.168.208.5","host":"api","method":"POST","uri":"/clientes/2/transacoes","user_agent":"Agente do Caos - 2024/Q1","status":400,"error":"","latency":113495,"latency_human":"113.495µs","bytes_in":44,"bytes_out":173}
api02-1  | {"time":"2024-03-10T16:29:59.496703891Z","id":"","remote_ip":"192.168.208.5","host":"api","method":"POST","uri":"/clientes/5/transacoes","user_agent":"Agente do Caos - 2024/Q1","status":400,"error":"","latency":118373,"latency_human":"118.373µs","bytes_in":44,"bytes_out":173}
api01-1  | {"time":"2024-03-10T16:29:59.498808429Z","id":"","remote_ip":"192.168.208.5","host":"api","method":"POST","uri":"/clientes/3/transacoes","user_agent":"Agente do Caos - 2024/Q1","status":400,"error":"","latency":681014,"latency_human":"681.014µs","bytes_in":44,"bytes_out":173}
api02-1  | {"time":"2024-03-10T16:30:00.465441158Z","id":"","remote_ip":"192.168.208.5","host":"api","method":"POST","uri":"/clientes/2/transacoes","user_agent":"Agente do Caos - 2024/Q1","status":400,"error":"","latency":190055,"latency_human":"190.055µs","bytes_in":55,"bytes_out":160}
api01-1  | {"time":"2024-03-10T16:30:00.466176684Z","id":"","remote_ip":"192.168.208.5","host":"api","method":"POST","uri":"/clientes/4/transacoes","user_agent":"Agente do Caos - 2024/Q1","status":400,"error":"","latency":199098,"latency_human":"199.098µs","bytes_in":54,"bytes_out":160}
api02-1  | {"time":"2024-03-10T16:30:00.515290314Z","id":"","remote_ip":"192.168.208.5","host":"api","method":"GET","uri":"/clientes/5/extrato","user_agent":"Agente do Caos - 2024/Q1","status":200,"error":"","latency":48858646,"latency_human":"48.858646ms","bytes_in":0,"bytes_out":112}
api02-1  | {"time":"2024-03-10T16:30:01.454002646Z","id":"","remote_ip":"192.168.208.5","host":"api","method":"GET","uri":"/clientes/2/extrato","user_agent":"Agente do Caos - 2024/Q1","status":200,"error":"","latency":685871,"latency_human":"685.871µs","bytes_in":0,"bytes_out":111}
api01-1  | {"time":"2024-03-10T16:30:01.453383934Z","id":"","remote_ip":"192.168.208.5","host":"api","method":"POST","uri":"/clientes/1/transacoes","user_agent":"Agente do Caos - 2024/Q1","status":400,"error":"","latency":212432,"latency_human":"212.432µs","bytes_in":55,"bytes_out":160}
api01-1  | {"time":"2024-03-10T16:30:01.455415192Z","id":"","remote_ip":"192.168.208.5","host":"api","method":"POST","uri":"/clientes/5/transacoes","user_agent":"Agente do Caos - 2024/Q1","status":400,"error":"","latency":182513,"latency_human":"182.513µs","bytes_in":55,"bytes_out":160}
api02-1  | {"time":"2024-03-10T16:30:01.701790807Z","id":"","remote_ip":"192.168.208.5","host":"api","method":"POST","uri":"/clientes/3/transacoes","user_agent":"Agente do Caos - 2024/Q1","status":400,"error":"","latency":157846,"latency_human":"157.846µs","bytes_in":55,"bytes_out":160}
api01-1  | {"time":"2024-03-10T16:30:01.952354878Z","id":"","remote_ip":"192.168.208.5","host":"api","method":"POST","uri":"/clientes/5/transacoes","user_agent":"Agente do Caos - 2024/Q1","status":400,"error":"","latency":230192,"latency_human":"230.192µs","bytes_in":55,"bytes_out":160}
api02-1  | {"time":"2024-03-10T16:30:01.952741584Z","id":"","remote_ip":"192.168.208.5","host":"api","method":"POST","uri":"/clientes/3/transacoes","user_agent":"Agente do Caos - 2024/Q1","status":400,"error":"","latency":146971,"latency_human":"146.971µs","bytes_in":55,"bytes_out":160}
api01-1  | {"time":"2024-03-10T16:30:02.202450146Z","id":"","remote_ip":"192.168.208.5","host":"api","method":"POST","uri":"/clientes/1/transacoes","user_agent":"Agente do Caos - 2024/Q1","status":400,"error":"","latency":141339,"latency_human":"141.339µs","bytes_in":55,"bytes_out":160}
api01-1  | {"time":"2024-03-10T16:30:02.453203158Z","id":"","remote_ip":"192.168.208.5","host":"api","method":"POST","uri":"/clientes/2/transacoes","user_agent":"Agente do Caos - 2024/Q1","status":400,"error":"","latency":209832,"latency_human":"209.832µs","bytes_in":55,"bytes_out":160}
api02-1  | {"time":"2024-03-10T16:30:02.453445014Z","id":"","remote_ip":"192.168.208.5","host":"api","method":"GET","uri":"/clientes/3/extrato","user_agent":"Agente do Caos - 2024/Q1","status":200,"error":"","latency":450779,"latency_human":"450.779µs","bytes_in":0,"bytes_out":113}
api02-1  | {"time":"2024-03-10T16:30:02.454349208Z","id":"","remote_ip":"192.168.208.5","host":"api","method":"POST","uri":"/clientes/4/transacoes","user_agent":"Agente do Caos - 2024/Q1","status":400,"error":"","latency":179981,"latency_human":"179.981µs","bytes_in":55,"bytes_out":160}
api01-1  | {"time":"2024-03-10T16:30:02.61747245Z","id":"","remote_ip":"192.168.208.5","host":"api","method":"POST","uri":"/clientes/1/transacoes","user_agent":"Agente do Caos - 2024/Q1","status":400,"error":"","latency":220944,"latency_human":"220.944µs","bytes_in":55,"bytes_out":160}
api02-1  | {"time":"2024-03-10T16:30:02.701898634Z","id":"","remote_ip":"192.168.208.5","host":"api","method":"POST","uri":"/clientes/2/transacoes","user_agent":"Agente do Caos - 2024/Q1","status":400,"error":"","latency":154950,"latency_human":"154.95µs","bytes_in":55,"bytes_out":160}
api01-1  | {"time":"2024-03-10T16:30:02.785020747Z","id":"","remote_ip":"192.168.208.5","host":"api","method":"POST","uri":"/clientes/1/transacoes","user_agent":"Agente do Caos - 2024/Q1","status":400,"error":"","latency":156269,"latency_human":"156.269µs","bytes_in":55,"bytes_out":160}
api01-1  | {"time":"2024-03-10T16:30:02.951834744Z","id":"","remote_ip":"192.168.208.5","host":"api","method":"POST","uri":"/clientes/5/transacoes","user_agent":"Agente do Caos - 2024/Q1","status":400,"error":"","latency":172473,"latency_human":"172.473µs","bytes_in":55,"bytes_out":159}
api02-1  | {"time":"2024-03-10T16:30:02.951763895Z","id":"","remote_ip":"192.168.208.5","host":"api","method":"POST","uri":"/clientes/1/transacoes","user_agent":"Agente do Caos - 2024/Q1","status":400,"error":"","latency":176423,"latency_human":"176.423µs","bytes_in":54,"bytes_out":160}
api02-1  | {"time":"2024-03-10T16:30:03.118090034Z","id":"","remote_ip":"192.168.208.5","host":"api","method":"POST","uri":"/clientes/4/transacoes","user_agent":"Agente do Caos - 2024/Q1","status":400,"error":"","latency":172279,"latency_human":"172.279µs","bytes_in":55,"bytes_out":160}
api01-1  | {"time":"2024-03-10T16:30:03.20248614Z","id":"","remote_ip":"192.168.208.5","host":"api","method":"POST","uri":"/clientes/2/transacoes","user_agent":"Agente do Caos - 2024/Q1","status":400,"error":"","latency":160547,"latency_human":"160.547µs","bytes_in":55,"bytes_out":160}
api02-1  | {"time":"2024-03-10T16:30:03.285429903Z","id":"","remote_ip":"192.168.208.5","host":"api","method":"POST","uri":"/clientes/3/transacoes","user_agent":"Agente do Caos - 2024/Q1","status":400,"error":"","latency":206756,"latency_human":"206.756µs","bytes_in":55,"bytes_out":160}
api01-1  | {"time":"2024-03-10T16:30:03.452225416Z","id":"","remote_ip":"192.168.208.5","host":"api","method":"GET","uri":"/clientes/1/extrato","user_agent":"Agente do Caos - 2024/Q1","status":200,"error":"","latency":701651,"latency_human":"701.651µs","bytes_in":0,"bytes_out":112}
api02-1  | {"time":"2024-03-10T16:30:03.452414315Z","id":"","remote_ip":"192.168.208.5","host":"api","method":"POST","uri":"/clientes/2/transacoes","user_agent":"Agente do Caos - 2024/Q1","status":400,"error":"","latency":230639,"latency_human":"230.639µs","bytes_in":55,"bytes_out":160}
api01-1  | {"time":"2024-03-10T16:30:03.453136637Z","id":"","remote_ip":"192.168.208.5","host":"api","method":"POST","uri":"/clientes/3/transacoes","user_agent":"Agente do Caos - 2024/Q1","status":400,"error":"","latency":150029,"latency_human":"150.029µs","bytes_in":55,"bytes_out":160}
api02-1  | {"time":"2024-03-10T16:30:03.593584753Z","id":"","remote_ip":"192.168.208.5","host":"api","method":"POST","uri":"/clientes/4/transacoes","user_agent":"Agente do Caos - 2024/Q1","status":400,"error":"","latency":202279,"latency_human":"202.279µs","bytes_in":55,"bytes_out":160}
api01-1  | {"time":"2024-03-10T16:30:03.70180345Z","id":"","remote_ip":"192.168.208.5","host":"api","method":"POST","uri":"/clientes/4/transacoes","user_agent":"Agente do Caos - 2024/Q1","status":400,"error":"","latency":152942,"latency_human":"152.942µs","bytes_in":55,"bytes_out":160}
api02-1  | {"time":"2024-03-10T16:30:03.736659493Z","id":"","remote_ip":"192.168.208.5","host":"api","method":"POST","uri":"/clientes/4/transacoes","user_agent":"Agente do Caos - 2024/Q1","status":400,"error":"","latency":174938,"latency_human":"174.938µs","bytes_in":55,"bytes_out":160}
api01-1  | {"time":"2024-03-10T16:30:03.8796736Z","id":"","remote_ip":"192.168.208.5","host":"api","method":"POST","uri":"/clientes/5/transacoes","user_agent":"Agente do Caos - 2024/Q1","status":400,"error":"","latency":147424,"latency_human":"147.424µs","bytes_in":55,"bytes_out":160}
api02-1  | {"time":"2024-03-10T16:30:03.952174216Z","id":"","remote_ip":"192.168.208.5","host":"api","method":"POST","uri":"/clientes/4/transacoes","user_agent":"Agente do Caos - 2024/Q1","status":400,"error":"","latency":140310,"latency_human":"140.31µs","bytes_in":55,"bytes_out":160}
api01-1  | {"time":"2024-03-10T16:30:04.022836844Z","id":"","remote_ip":"192.168.208.5","host":"api","method":"POST","uri":"/clientes/5/transacoes","user_agent":"Agente do Caos - 2024/Q1","status":400,"error":"","latency":207244,"latency_human":"207.244µs","bytes_in":55,"bytes_out":160}
api02-1  | {"time":"2024-03-10T16:30:04.166692997Z","id":"","remote_ip":"192.168.208.5","host":"api","method":"POST","uri":"/clientes/1/transacoes","user_agent":"Agente do Caos - 2024/Q1","status":400,"error":"","latency":174281,"latency_human":"174.281µs","bytes_in":55,"bytes_out":160}
api01-1  | {"time":"2024-03-10T16:30:04.201951725Z","id":"","remote_ip":"192.168.208.5","host":"api","method":"POST","uri":"/clientes/2/transacoes","user_agent":"Agente do Caos - 2024/Q1","status":400,"error":"","latency":213964,"latency_human":"213.964µs","bytes_in":55,"bytes_out":160}
api02-1  | {"time":"2024-03-10T16:30:04.308741604Z","id":"","remote_ip":"192.168.208.5","host":"api","method":"POST","uri":"/clientes/5/transacoes","user_agent":"Agente do Caos - 2024/Q1","status":400,"error":"","latency":179158,"latency_human":"179.158µs","bytes_in":54,"bytes_out":160}
api01-1  | {"time":"2024-03-10T16:30:04.452432578Z","id":"","remote_ip":"192.168.208.5","host":"api","method":"GET","uri":"/clientes/3/extrato","user_agent":"Agente do Caos - 2024/Q1","status":200,"error":"","latency":627179,"latency_human":"627.179µs","bytes_in":0,"bytes_out":113}
api01-1  | {"time":"2024-03-10T16:30:04.452868296Z","id":"","remote_ip":"192.168.208.5","host":"api","method":"POST","uri":"/clientes/4/transacoes","user_agent":"Agente do Caos - 2024/Q1","status":400,"error":"","latency":195527,"latency_human":"195.527µs","bytes_in":55,"bytes_out":160}
api02-1  | {"time":"2024-03-10T16:30:04.452771851Z","id":"","remote_ip":"192.168.208.5","host":"api","method":"POST","uri":"/clientes/3/transacoes","user_agent":"Agente do Caos - 2024/Q1","status":400,"error":"","latency":157942,"latency_human":"157.942µs","bytes_in":55,"bytes_out":160}
api02-1  | {"time":"2024-03-10T16:30:04.562402919Z","id":"","remote_ip":"192.168.208.5","host":"api","method":"POST","uri":"/clientes/4/transacoes","user_agent":"Agente do Caos - 2024/Q1","status":400,"error":"","latency":164308,"latency_human":"164.308µs","bytes_in":55,"bytes_out":160}
api01-1  | {"time":"2024-03-10T16:30:04.651932654Z","id":"","remote_ip":"192.168.208.5","host":"api","method":"POST","uri":"/clientes/5/transacoes","user_agent":"Agente do Caos - 2024/Q1","status":400,"error":"","latency":190152,"latency_human":"190.152µs","bytes_in":55,"bytes_out":160}
api02-1  | {"time":"2024-03-10T16:30:04.672887133Z","id":"","remote_ip":"192.168.208.5","host":"api","method":"POST","uri":"/clientes/1/transacoes","user_agent":"Agente do Caos - 2024/Q1","status":400,"error":"","latency":145888,"latency_human":"145.888µs","bytes_in":55,"bytes_out":160}
api01-1  | {"time":"2024-03-10T16:30:04.784581732Z","id":"","remote_ip":"192.168.208.5","host":"api","method":"POST","uri":"/clientes/3/transacoes","user_agent":"Agente do Caos - 2024/Q1","status":400,"error":"","latency":164964,"latency_human":"164.964µs","bytes_in":54,"bytes_out":160}
api02-1  | {"time":"2024-03-10T16:30:04.851759185Z","id":"","remote_ip":"192.168.208.5","host":"api","method":"POST","uri":"/clientes/1/transacoes","user_agent":"Agente do Caos - 2024/Q1","status":400,"error":"","latency":140471,"latency_human":"140.471µs","bytes_in":54,"bytes_out":160}
api01-1  | {"time":"2024-03-10T16:30:04.895710798Z","id":"","remote_ip":"192.168.208.5","host":"api","method":"POST","uri":"/clientes/3/transacoes","user_agent":"Agente do Caos - 2024/Q1","status":400,"error":"","latency":141654,"latency_human":"141.654µs","bytes_in":55,"bytes_out":160}
api02-1  | {"time":"2024-03-10T16:30:05.006854603Z","id":"","remote_ip":"192.168.208.5","host":"api","method":"POST","uri":"/clientes/3/transacoes","user_agent":"Agente do Caos - 2024/Q1","status":400,"error":"","latency":182218,"latency_human":"182.218µs","bytes_in":55,"bytes_out":160}
api01-1  | {"time":"2024-03-10T16:30:05.051809539Z","id":"","remote_ip":"192.168.208.5","host":"api","method":"POST","uri":"/clientes/4/transacoes","user_agent":"Agente do Caos - 2024/Q1","status":400,"error":"","latency":169543,"latency_human":"169.543µs","bytes_in":55,"bytes_out":160}
api02-1  | {"time":"2024-03-10T16:30:05.117981838Z","id":"","remote_ip":"192.168.208.5","host":"api","method":"POST","uri":"/clientes/3/transacoes","user_agent":"Agente do Caos - 2024/Q1","status":400,"error":"","latency":143419,"latency_human":"143.419µs","bytes_in":55,"bytes_out":160}
api01-1  | {"time":"2024-03-10T16:30:05.228955435Z","id":"","remote_ip":"192.168.208.5","host":"api","method":"POST","uri":"/clientes/1/transacoes","user_agent":"Agente do Caos - 2024/Q1","status":400,"error":"","latency":145451,"latency_human":"145.451µs","bytes_in":55,"bytes_out":160}
api02-1  | {"time":"2024-03-10T16:30:05.251652366Z","id":"","remote_ip":"192.168.208.5","host":"api","method":"POST","uri":"/clientes/3/transacoes","user_agent":"Agente do Caos - 2024/Q1","status":400,"error":"","latency":156250,"latency_human":"156.25µs","bytes_in":55,"bytes_out":160}
