 Network rinha-nginx-2024q1  Creating
 Network rinha-nginx-2024q1  Created
 Container dscorzoni-fastapi-db-1  Creating
 Container dscorzoni-fastapi-db-1  Created
 Container dscorzoni-fastapi-api02-1  Creating
 Container dscorzoni-fastapi-api01-1  Creating
 Container dscorzoni-fastapi-api01-1  Created
 Container dscorzoni-fastapi-api02-1  Created
 Container dscorzoni-fastapi-nginx-1  Creating
 Container dscorzoni-fastapi-nginx-1  Created
Attaching to api01-1, api02-1, db-1, nginx-1
db-1     | ********************************************************************************
db-1     | WARNING: POSTGRES_HOST_AUTH_METHOD has been set to "trust". This will allow
db-1     |          anyone with access to the Postgres port to access your database without
db-1     |          a password, even if POSTGRES_PASSWORD is set. See PostgreSQL
db-1     |          documentation about "trust":
db-1     |          https://www.postgresql.org/docs/current/auth-trust.html
db-1     |          In Docker's default configuration, this is effectively any other
db-1     |          container on the same system.
db-1     | 
db-1     |          It is not recommended to use POSTGRES_HOST_AUTH_METHOD=trust. Replace
db-1     |          it with "-e POSTGRES_PASSWORD=password" instead to set a password in
db-1     |          "docker run".
db-1     | ********************************************************************************
db-1     | The files belonging to this database system will be owned by user "postgres".
db-1     | This user must also own the server process.
db-1     | 
db-1     | The database cluster will be initialized with locale "en_US.utf8".
db-1     | The default database encoding has accordingly been set to "UTF8".
db-1     | The default text search configuration will be set to "english".
db-1     | 
db-1     | Data page checksums are disabled.
db-1     | 
db-1     | fixing permissions on existing directory /var/lib/postgresql/data ... ok
db-1     | creating subdirectories ... ok
db-1     | selecting dynamic shared memory implementation ... posix
db-1     | selecting default max_connections ... 100
db-1     | selecting default shared_buffers ... 128MB
db-1     | selecting default time zone ... Etc/UTC
db-1     | creating configuration files ... ok
db-1     | running bootstrap script ... ok
db-1     | performing post-bootstrap initialization ... ok
db-1     | syncing data to disk ... ok
db-1     | 
db-1     | 
db-1     | Success. You can now start the database server using:
db-1     | 
db-1     |     pg_ctl -D /var/lib/postgresql/data -l logfile start
db-1     | 
db-1     | initdb: warning: enabling "trust" authentication for local connections
db-1     | initdb: hint: You can change this by editing pg_hba.conf or using the option -A, or --auth-local and --auth-host, the next time you run initdb.
db-1     | waiting for server to start....2024-02-19 19:07:34.833 UTC [55] LOG:  starting PostgreSQL 16.2 (Debian 16.2-1.pgdg120+2) on x86_64-pc-linux-gnu, compiled by gcc (Debian 12.2.0-14) 12.2.0, 64-bit
db-1     | 2024-02-19 19:07:34.836 UTC [55] LOG:  listening on Unix socket "/var/run/postgresql/.s.PGSQL.5432"
db-1     | 2024-02-19 19:07:34.846 UTC [58] LOG:  database system was shut down at 2024-02-19 19:07:33 UTC
db-1     | 2024-02-19 19:07:34.859 UTC [55] LOG:  database system is ready to accept connections
db-1     |  done
db-1     | server started
db-1     | 
db-1     | /usr/local/bin/docker-entrypoint.sh: running /docker-entrypoint-initdb.d/init.sql
db-1     | CREATE TABLE
db-1     | CREATE TABLE
db-1     | CREATE INDEX
db-1     | DO
db-1     | 
db-1     | 
db-1     | waiting for server to shut down...2024-02-19 19:07:35.058 UTC [55] LOG:  received fast shutdown request
db-1     | .2024-02-19 19:07:35.062 UTC [55] LOG:  aborting any active transactions
db-1     | 2024-02-19 19:07:35.116 UTC [55] LOG:  background worker "logical replication launcher" (PID 61) exited with exit code 1
db-1     | 2024-02-19 19:07:35.117 UTC [56] LOG:  shutting down
db-1     | 2024-02-19 19:07:35.121 UTC [56] LOG:  checkpoint starting: shutdown immediate
db-1     | 2024-02-19 19:07:35.280 UTC [56] LOG:  checkpoint complete: wrote 71 buffers (0.4%); 0 WAL file(s) added, 0 removed, 0 recycled; write=0.009 s, sync=0.138 s, total=0.163 s; sync files=56, longest=0.076 s, average=0.003 s; distance=204 kB, estimate=204 kB; lsn=0/151DCB0, redo lsn=0/151DCB0
db-1     | 2024-02-19 19:07:35.284 UTC [55] LOG:  database system is shut down
db-1     |  done
db-1     | server stopped
db-1     | 
db-1     | PostgreSQL init process complete; ready for start up.
db-1     | 
db-1     | 2024-02-19 19:07:35.387 UTC [1] LOG:  starting PostgreSQL 16.2 (Debian 16.2-1.pgdg120+2) on x86_64-pc-linux-gnu, compiled by gcc (Debian 12.2.0-14) 12.2.0, 64-bit
db-1     | 2024-02-19 19:07:35.387 UTC [1] LOG:  listening on IPv4 address "0.0.0.0", port 5432
db-1     | 2024-02-19 19:07:35.387 UTC [1] LOG:  listening on IPv6 address "::", port 5432
db-1     | 2024-02-19 19:07:35.394 UTC [1] LOG:  listening on Unix socket "/var/run/postgresql/.s.PGSQL.5432"
db-1     | 2024-02-19 19:07:35.401 UTC [71] LOG:  database system was shut down at 2024-02-19 19:07:35 UTC
db-1     | 2024-02-19 19:07:35.409 UTC [1] LOG:  database system is ready to accept connections
nginx-1  | /docker-entrypoint.sh: /docker-entrypoint.d/ is not empty, will attempt to perform configuration
nginx-1  | /docker-entrypoint.sh: Looking for shell scripts in /docker-entrypoint.d/
nginx-1  | /docker-entrypoint.sh: Launching /docker-entrypoint.d/10-listen-on-ipv6-by-default.sh
nginx-1  | 10-listen-on-ipv6-by-default.sh: info: Getting the checksum of /etc/nginx/conf.d/default.conf
nginx-1  | 10-listen-on-ipv6-by-default.sh: info: Enabled listen on IPv6 in /etc/nginx/conf.d/default.conf
nginx-1  | /docker-entrypoint.sh: Sourcing /docker-entrypoint.d/15-local-resolvers.envsh
nginx-1  | /docker-entrypoint.sh: Launching /docker-entrypoint.d/20-envsubst-on-templates.sh
nginx-1  | /docker-entrypoint.sh: Launching /docker-entrypoint.d/30-tune-worker-processes.sh
nginx-1  | /docker-entrypoint.sh: Configuration complete; ready for start up
nginx-1  | 2024/02/19 19:07:38 [error] 29#29: *1 connect() failed (111: Connection refused) while connecting to upstream, client: 192.168.64.1, server: , request: "GET /clientes/1/extrato HTTP/1.1", upstream: "http://192.168.64.4:8000/clientes/1/extrato", host: "localhost:9999"
nginx-1  | 2024/02/19 19:07:38 [error] 29#29: *1 connect() failed (111: Connection refused) while connecting to upstream, client: 192.168.64.1, server: , request: "GET /clientes/1/extrato HTTP/1.1", upstream: "http://192.168.64.3:8000/clientes/1/extrato", host: "localhost:9999"
api02-1  | INFO:     Started server process [1]
api02-1  | INFO:     Waiting for application startup.
api02-1  | INFO:     Application startup complete.
api02-1  | INFO:     Uvicorn running on http://0.0.0.0:8000 (Press CTRL+C to quit)
api01-1  | INFO:     Started server process [1]
api01-1  | INFO:     Waiting for application startup.
api01-1  | INFO:     Application startup complete.
api01-1  | INFO:     Uvicorn running on http://0.0.0.0:8000 (Press CTRL+C to quit)
nginx-1  | 2024/02/19 19:07:40 [error] 29#29: *4 no live upstreams while connecting to upstream, client: 192.168.64.1, server: , request: "GET /clientes/1/extrato HTTP/1.1", upstream: "http://api/clientes/1/extrato", host: "localhost:9999"
nginx-1  | 2024/02/19 19:07:42 [error] 29#29: *5 no live upstreams while connecting to upstream, client: 192.168.64.1, server: , request: "GET /clientes/1/extrato HTTP/1.1", upstream: "http://api/clientes/1/extrato", host: "localhost:9999"
nginx-1  | 2024/02/19 19:07:44 [error] 29#29: *6 no live upstreams while connecting to upstream, client: 192.168.64.1, server: , request: "GET /clientes/1/extrato HTTP/1.1", upstream: "http://api/clientes/1/extrato", host: "localhost:9999"
nginx-1  | 2024/02/19 19:07:46 [error] 29#29: *7 no live upstreams while connecting to upstream, client: 192.168.64.1, server: , request: "GET /clientes/1/extrato HTTP/1.1", upstream: "http://api/clientes/1/extrato", host: "localhost:9999"
nginx-1  | 2024/02/19 19:07:48 [error] 29#29: *8 no live upstreams while connecting to upstream, client: 192.168.64.1, server: , request: "GET /clientes/1/extrato HTTP/1.1", upstream: "http://api/clientes/1/extrato", host: "localhost:9999"
api02-1  | INFO:     192.168.64.5:44890 - "GET /clientes/1/extrato HTTP/1.0" 200 OK
api02-1  | INFO:     192.168.64.5:44904 - "GET /clientes/1/extrato HTTP/1.0" 200 OK
api01-1  | INFO:     192.168.64.5:59274 - "POST /clientes/1/transacoes HTTP/1.0" 200 OK
api02-1  | INFO:     192.168.64.5:44918 - "POST /clientes/1/transacoes HTTP/1.0" 200 OK
api02-1  | INFO:     192.168.64.5:44996 - "POST /clientes/1/transacoes HTTP/1.0" 200 OK
api02-1  | INFO:     192.168.64.5:44986 - "POST /clientes/1/transacoes HTTP/1.0" 200 OK
api02-1  | INFO:     192.168.64.5:45028 - "POST /clientes/1/transacoes HTTP/1.0" 200 OK
api02-1  | INFO:     192.168.64.5:44930 - "POST /clientes/1/transacoes HTTP/1.0" 200 OK
api02-1  | INFO:     192.168.64.5:45138 - "POST /clientes/1/transacoes HTTP/1.0" 200 OK
api02-1  | INFO:     192.168.64.5:45040 - "POST /clientes/1/transacoes HTTP/1.0" 200 OK
api02-1  | INFO:     192.168.64.5:45056 - "POST /clientes/1/transacoes HTTP/1.0" 200 OK
api02-1  | INFO:     192.168.64.5:45116 - "POST /clientes/1/transacoes HTTP/1.0" 200 OK
api02-1  | INFO:     192.168.64.5:45066 - "POST /clientes/1/transacoes HTTP/1.0" 200 OK
api02-1  | INFO:     192.168.64.5:44970 - "POST /clientes/1/transacoes HTTP/1.0" 200 OK
api02-1  | INFO:     192.168.64.5:45120 - "POST /clientes/1/transacoes HTTP/1.0" 200 OK
api02-1  | INFO:     192.168.64.5:44940 - "POST /clientes/1/transacoes HTTP/1.0" 200 OK
api02-1  | INFO:     192.168.64.5:45124 - "POST /clientes/1/transacoes HTTP/1.0" 200 OK
api02-1  | INFO:     192.168.64.5:45044 - "POST /clientes/1/transacoes HTTP/1.0" 200 OK
api02-1  | INFO:     192.168.64.5:45046 - "POST /clientes/1/transacoes HTTP/1.0" 200 OK
api02-1  | INFO:     192.168.64.5:44968 - "POST /clientes/1/transacoes HTTP/1.0" 200 OK
api02-1  | INFO:     192.168.64.5:44956 - "POST /clientes/1/transacoes HTTP/1.0" 200 OK
api02-1  | INFO:     192.168.64.5:45086 - "POST /clientes/1/transacoes HTTP/1.0" 200 OK
api02-1  | INFO:     192.168.64.5:45102 - "POST /clientes/1/transacoes HTTP/1.0" 200 OK
api02-1  | INFO:     192.168.64.5:45012 - "POST /clientes/1/transacoes HTTP/1.0" 200 OK
api02-1  | INFO:     192.168.64.5:45096 - "POST /clientes/1/transacoes HTTP/1.0" 200 OK
api02-1  | INFO:     192.168.64.5:45130 - "POST /clientes/1/transacoes HTTP/1.0" 200 OK
api02-1  | INFO:     192.168.64.5:45080 - "POST /clientes/1/transacoes HTTP/1.0" 200 OK
api02-1  | INFO:     192.168.64.5:45148 - "GET /clientes/1/extrato HTTP/1.0" 200 OK
api02-1  | INFO:     192.168.64.5:45158 - "POST /clientes/1/transacoes HTTP/1.0" 200 OK
api02-1  | INFO:     192.168.64.5:45178 - "POST /clientes/1/transacoes HTTP/1.0" 200 OK
api02-1  | INFO:     192.168.64.5:45162 - "POST /clientes/1/transacoes HTTP/1.0" 200 OK
api02-1  | INFO:     192.168.64.5:45220 - "POST /clientes/1/transacoes HTTP/1.0" 200 OK
api01-1  | INFO:     192.168.64.5:59286 - "POST /clientes/1/transacoes HTTP/1.0" 200 OK
api02-1  | INFO:     192.168.64.5:45204 - "POST /clientes/1/transacoes HTTP/1.0" 200 OK
api02-1  | INFO:     192.168.64.5:45280 - "POST /clientes/1/transacoes HTTP/1.0" 200 OK
api02-1  | INFO:     192.168.64.5:45192 - "POST /clientes/1/transacoes HTTP/1.0" 200 OK
api02-1  | INFO:     192.168.64.5:45228 - "POST /clientes/1/transacoes HTTP/1.0" 200 OK
api01-1  | INFO:     192.168.64.5:59320 - "POST /clientes/1/transacoes HTTP/1.0" 200 OK
api01-1  | INFO:     192.168.64.5:59352 - "POST /clientes/1/transacoes HTTP/1.0" 200 OK
api01-1  | INFO:     192.168.64.5:59390 - "POST /clientes/1/transacoes HTTP/1.0" 200 OK
api02-1  | INFO:     192.168.64.5:45236 - "POST /clientes/1/transacoes HTTP/1.0" 200 OK
api02-1  | INFO:     192.168.64.5:45256 - "POST /clientes/1/transacoes HTTP/1.0" 200 OK
api02-1  | INFO:     192.168.64.5:45270 - "POST /clientes/1/transacoes HTTP/1.0" 200 OK
api02-1  | INFO:     192.168.64.5:45242 - "POST /clientes/1/transacoes HTTP/1.0" 200 OK
api01-1  | INFO:     192.168.64.5:59298 - "POST /clientes/1/transacoes HTTP/1.0" 200 OK
api01-1  | INFO:     192.168.64.5:59310 - "POST /clientes/1/transacoes HTTP/1.0" 200 OK
api01-1  | INFO:     192.168.64.5:59302 - "POST /clientes/1/transacoes HTTP/1.0" 200 OK
api01-1  | INFO:     192.168.64.5:59300 - "POST /clientes/1/transacoes HTTP/1.0" 200 OK
api01-1  | INFO:     192.168.64.5:59332 - "POST /clientes/1/transacoes HTTP/1.0" 200 OK
api01-1  | INFO:     192.168.64.5:59368 - "POST /clientes/1/transacoes HTTP/1.0" 200 OK
api01-1  | INFO:     192.168.64.5:59346 - "POST /clientes/1/transacoes HTTP/1.0" 200 OK
api01-1  | INFO:     192.168.64.5:59336 - "POST /clientes/1/transacoes HTTP/1.0" 200 OK
api01-1  | INFO:     192.168.64.5:59382 - "POST /clientes/1/transacoes HTTP/1.0" 200 OK
api02-1  | INFO:     192.168.64.5:45288 - "GET /clientes/1/extrato HTTP/1.0" 200 OK
api01-1  | INFO:     192.168.64.5:54130 - "GET /clientes/6/extrato HTTP/1.0" 404 Not Found
api02-1  | INFO:     192.168.64.5:43718 - "GET /clientes/4/extrato HTTP/1.0" 200 OK
api01-1  | INFO:     192.168.64.5:54142 - "GET /clientes/1/extrato HTTP/1.0" 200 OK
api02-1  | INFO:     192.168.64.5:43722 - "GET /clientes/5/extrato HTTP/1.0" 200 OK
api02-1  | INFO:     192.168.64.5:43708 - "GET /clientes/3/extrato HTTP/1.0" 200 OK
api01-1  | INFO:     192.168.64.5:54152 - "GET /clientes/2/extrato HTTP/1.0" 200 OK
api02-1  | INFO:     192.168.64.5:43726 - "POST /clientes/1/transacoes HTTP/1.0" 200 OK
api02-1  | INFO:     192.168.64.5:43738 - "POST /clientes/3/transacoes HTTP/1.0" 200 OK
api01-1  | INFO:     192.168.64.5:54156 - "POST /clientes/4/transacoes HTTP/1.0" 200 OK
api01-1  | INFO:     192.168.64.5:54158 - "POST /clientes/2/transacoes HTTP/1.0" 200 OK
api01-1  | INFO:     192.168.64.5:54168 - "POST /clientes/5/transacoes HTTP/1.0" 200 OK
api01-1  | INFO:     192.168.64.5:54184 - "POST /clientes/2/transacoes HTTP/1.0" 200 OK
api01-1  | INFO:     192.168.64.5:54186 - "POST /clientes/3/transacoes HTTP/1.0" 200 OK
api02-1  | INFO:     192.168.64.5:43754 - "POST /clientes/4/transacoes HTTP/1.0" 200 OK
api02-1  | INFO:     192.168.64.5:43762 - "POST /clientes/5/transacoes HTTP/1.0" 200 OK
api02-1  | INFO:     192.168.64.5:43774 - "POST /clientes/1/transacoes HTTP/1.0" 200 OK
api01-1  | INFO:     192.168.64.5:54190 - "GET /clientes/3/extrato HTTP/1.0" 200 OK
api01-1  | INFO:     192.168.64.5:54202 - "GET /clientes/5/extrato HTTP/1.0" 200 OK
api02-1  | INFO:     192.168.64.5:43784 - "GET /clientes/2/extrato HTTP/1.0" 200 OK
api01-1  | INFO:     192.168.64.5:54206 - "GET /clientes/4/extrato HTTP/1.0" 200 OK
api02-1  | INFO:     192.168.64.5:43798 - "GET /clientes/1/extrato HTTP/1.0" 200 OK
api02-1  | INFO:     192.168.64.5:43802 - "POST /clientes/3/transacoes HTTP/1.0" 200 OK
api02-1  | INFO:     192.168.64.5:43804 - "POST /clientes/5/transacoes HTTP/1.0" 200 OK
api01-1  | INFO:     192.168.64.5:54222 - "POST /clientes/2/transacoes HTTP/1.0" 200 OK
api01-1  | INFO:     192.168.64.5:54228 - "POST /clientes/4/transacoes HTTP/1.0" 200 OK
api02-1  | INFO:     192.168.64.5:43816 - "POST /clientes/1/transacoes HTTP/1.0" 200 OK
api01-1  | INFO:     192.168.64.5:54246 - "GET /clientes/3/extrato HTTP/1.0" 200 OK
api02-1  | INFO:     192.168.64.5:43828 - "GET /clientes/4/extrato HTTP/1.0" 200 OK
api02-1  | INFO:     192.168.64.5:43842 - "GET /clientes/5/extrato HTTP/1.0" 200 OK
api01-1  | INFO:     192.168.64.5:54240 - "GET /clientes/2/extrato HTTP/1.0" 200 OK
api02-1  | INFO:     192.168.64.5:43844 - "GET /clientes/2/extrato HTTP/1.0" 200 OK
api01-1  | INFO:     192.168.64.5:54260 - "GET /clientes/2/extrato HTTP/1.0" 200 OK
api02-1  | INFO:     192.168.64.5:43856 - "GET /clientes/5/extrato HTTP/1.0" 200 OK
api02-1  | INFO:     192.168.64.5:43864 - "GET /clientes/1/extrato HTTP/1.0" 200 OK
api01-1  | INFO:     192.168.64.5:54266 - "GET /clientes/2/extrato HTTP/1.0" 200 OK
api02-1  | INFO:     192.168.64.5:43880 - "GET /clientes/3/extrato HTTP/1.0" 200 OK
api01-1  | INFO:     192.168.64.5:54306 - "GET /clientes/1/extrato HTTP/1.0" 200 OK
api01-1  | INFO:     192.168.64.5:54292 - "GET /clientes/3/extrato HTTP/1.0" 200 OK
api02-1  | INFO:     192.168.64.5:43890 - "GET /clientes/3/extrato HTTP/1.0" 200 OK
api01-1  | INFO:     192.168.64.5:54298 - "GET /clientes/1/extrato HTTP/1.0" 200 OK
api02-1  | INFO:     192.168.64.5:43902 - "GET /clientes/1/extrato HTTP/1.0" 200 OK
api01-1  | INFO:     192.168.64.5:54282 - "GET /clientes/5/extrato HTTP/1.0" 200 OK
api01-1  | INFO:     192.168.64.5:54274 - "GET /clientes/5/extrato HTTP/1.0" 200 OK
api02-1  | INFO:     192.168.64.5:43914 - "GET /clientes/4/extrato HTTP/1.0" 200 OK
api01-1  | INFO:     192.168.64.5:54308 - "GET /clientes/4/extrato HTTP/1.0" 200 OK
api02-1  | INFO:     192.168.64.5:43916 - "GET /clientes/4/extrato HTTP/1.0" 200 OK
api01-1  | INFO:     192.168.64.5:54312 - "POST /clientes/2/transacoes HTTP/1.0" 422 Unprocessable Entity
api01-1  | INFO:     192.168.64.5:54318 - "POST /clientes/2/transacoes HTTP/1.0" 422 Unprocessable Entity
api02-1  | INFO:     192.168.64.5:43926 - "POST /clientes/5/transacoes HTTP/1.0" 422 Unprocessable Entity
api02-1  | INFO:     192.168.64.5:43930 - "POST /clientes/1/transacoes HTTP/1.0" 422 Unprocessable Entity
api02-1  | INFO:     192.168.64.5:43938 - "POST /clientes/5/transacoes HTTP/1.0" 422 Unprocessable Entity
api02-1  | INFO:     192.168.64.5:43952 - "POST /clientes/3/transacoes HTTP/1.0" 422 Unprocessable Entity
api01-1  | INFO:     192.168.64.5:54324 - "POST /clientes/4/transacoes HTTP/1.0" 422 Unprocessable Entity
api02-1  | INFO:     192.168.64.5:43966 - "POST /clientes/5/transacoes HTTP/1.0" 422 Unprocessable Entity
api01-1  | INFO:     192.168.64.5:54336 - "POST /clientes/2/transacoes HTTP/1.0" 422 Unprocessable Entity
api01-1  | INFO:     192.168.64.5:54348 - "POST /clientes/1/transacoes HTTP/1.0" 422 Unprocessable Entity
api02-1  | INFO:     192.168.64.5:43972 - "POST /clientes/5/transacoes HTTP/1.0" 422 Unprocessable Entity
api02-1  | INFO:     192.168.64.5:43978 - "POST /clientes/1/transacoes HTTP/1.0" 422 Unprocessable Entity
api01-1  | INFO:     192.168.64.5:54350 - "POST /clientes/2/transacoes HTTP/1.0" 422 Unprocessable Entity
api01-1  | INFO:     192.168.64.5:54352 - "POST /clientes/3/transacoes HTTP/1.0" 422 Unprocessable Entity
api01-1  | INFO:     192.168.64.5:54356 - "POST /clientes/4/transacoes HTTP/1.0" 422 Unprocessable Entity
api02-1  | INFO:     192.168.64.5:43980 - "POST /clientes/3/transacoes HTTP/1.0" 422 Unprocessable Entity
api02-1  | INFO:     192.168.64.5:43982 - "POST /clientes/1/transacoes HTTP/1.0" 422 Unprocessable Entity
api02-1  | INFO:     192.168.64.5:43984 - "POST /clientes/4/transacoes HTTP/1.0" 422 Unprocessable Entity
api01-1  | INFO:     192.168.64.5:54364 - "POST /clientes/5/transacoes HTTP/1.0" 422 Unprocessable Entity
api01-1  | INFO:     192.168.64.5:54376 - "POST /clientes/2/transacoes HTTP/1.0" 422 Unprocessable Entity
api01-1  | INFO:     192.168.64.5:54384 - "POST /clientes/3/transacoes HTTP/1.0" 422 Unprocessable Entity
api02-1  | INFO:     192.168.64.5:43996 - "POST /clientes/4/transacoes HTTP/1.0" 422 Unprocessable Entity
api02-1  | INFO:     192.168.64.5:44004 - "POST /clientes/3/transacoes HTTP/1.0" 422 Unprocessable Entity
api01-1  | INFO:     192.168.64.5:54390 - "POST /clientes/1/transacoes HTTP/1.0" 422 Unprocessable Entity
api01-1  | INFO:     192.168.64.5:54400 - "POST /clientes/4/transacoes HTTP/1.0" 422 Unprocessable Entity
api01-1  | INFO:     192.168.64.5:54402 - "GET /clientes/5/extrato HTTP/1.0" 200 OK
api02-1  | INFO:     192.168.64.5:44014 - "POST /clientes/2/transacoes HTTP/1.0" 200 OK
api02-1  | INFO:     192.168.64.5:44018 - "POST /clientes/1/transacoes HTTP/1.0" 200 OK
api02-1  | INFO:     192.168.64.5:44034 - "GET /clientes/4/extrato HTTP/1.0" 200 OK
api01-1  | INFO:     192.168.64.5:54408 - "POST /clientes/3/transacoes HTTP/1.0" 200 OK
api01-1  | INFO:     192.168.64.5:54422 - "POST /clientes/3/transacoes HTTP/1.0" 200 OK
api02-1  | INFO:     192.168.64.5:44048 - "POST /clientes/3/transacoes HTTP/1.0" 200 OK
api02-1  | INFO:     192.168.64.5:44052 - "POST /clientes/3/transacoes HTTP/1.0" 200 OK
api01-1  | INFO:     192.168.64.5:54428 - "POST /clientes/5/transacoes HTTP/1.0" 200 OK
api01-1  | INFO:     192.168.64.5:54430 - "POST /clientes/4/transacoes HTTP/1.0" 200 OK
api01-1  | INFO:     192.168.64.5:54446 - "GET /clientes/1/extrato HTTP/1.0" 200 OK
api02-1  | INFO:     192.168.64.5:44076 - "POST /clientes/2/transacoes HTTP/1.0" 200 OK
api02-1  | INFO:     192.168.64.5:44066 - "POST /clientes/3/transacoes HTTP/1.0" 200 OK
api01-1  | INFO:     192.168.64.5:54456 - "POST /clientes/4/transacoes HTTP/1.0" 200 OK
api02-1  | INFO:     192.168.64.5:44086 - "POST /clientes/2/transacoes HTTP/1.0" 200 OK
api01-1  | INFO:     192.168.64.5:54458 - "POST /clientes/3/transacoes HTTP/1.0" 200 OK
api01-1  | INFO:     192.168.64.5:54464 - "POST /clientes/4/transacoes HTTP/1.0" 200 OK
api02-1  | INFO:     192.168.64.5:44102 - "POST /clientes/3/transacoes HTTP/1.0" 200 OK
api02-1  | INFO:     192.168.64.5:44110 - "POST /clientes/5/transacoes HTTP/1.0" 200 OK
api01-1  | INFO:     192.168.64.5:54468 - "POST /clientes/2/transacoes HTTP/1.0" 200 OK
api02-1  | INFO:     192.168.64.5:44112 - "POST /clientes/3/transacoes HTTP/1.0" 200 OK
api02-1  | INFO:     192.168.64.5:44122 - "GET /clientes/4/extrato HTTP/1.0" 200 OK
api01-1  | INFO:     192.168.64.5:54470 - "POST /clientes/1/transacoes HTTP/1.0" 200 OK
api01-1  | INFO:     192.168.64.5:54484 - "POST /clientes/3/transacoes HTTP/1.0" 200 OK
api02-1  | INFO:     192.168.64.5:44128 - "POST /clientes/5/transacoes HTTP/1.0" 200 OK
api01-1  | INFO:     192.168.64.5:54500 - "POST /clientes/2/transacoes HTTP/1.0" 200 OK
api02-1  | INFO:     192.168.64.5:44138 - "POST /clientes/1/transacoes HTTP/1.0" 200 OK
api01-1  | INFO:     192.168.64.5:54502 - "POST /clientes/2/transacoes HTTP/1.0" 200 OK
api02-1  | INFO:     192.168.64.5:44154 - "POST /clientes/2/transacoes HTTP/1.0" 200 OK
api01-1  | INFO:     192.168.64.5:54510 - "POST /clientes/3/transacoes HTTP/1.0" 200 OK
api02-1  | INFO:     192.168.64.5:44166 - "POST /clientes/4/transacoes HTTP/1.0" 200 OK
api01-1  | INFO:     192.168.64.5:54518 - "POST /clientes/5/transacoes HTTP/1.0" 200 OK
api02-1  | INFO:     192.168.64.5:44168 - "POST /clientes/3/transacoes HTTP/1.0" 200 OK
api02-1  | INFO:     192.168.64.5:44170 - "GET /clientes/3/extrato HTTP/1.0" 200 OK
api01-1  | INFO:     192.168.64.5:54526 - "POST /clientes/2/transacoes HTTP/1.0" 200 OK
api01-1  | INFO:     192.168.64.5:54532 - "POST /clientes/5/transacoes HTTP/1.0" 200 OK
api02-1  | INFO:     192.168.64.5:44184 - "POST /clientes/4/transacoes HTTP/1.0" 200 OK
api01-1  | INFO:     192.168.64.5:54536 - "POST /clientes/2/transacoes HTTP/1.0" 200 OK
api02-1  | INFO:     192.168.64.5:44200 - "POST /clientes/2/transacoes HTTP/1.0" 200 OK
api01-1  | INFO:     192.168.64.5:54542 - "POST /clientes/2/transacoes HTTP/1.0" 200 OK
api02-1  | INFO:     192.168.64.5:44216 - "POST /clientes/1/transacoes HTTP/1.0" 200 OK
api01-1  | INFO:     192.168.64.5:54546 - "POST /clientes/1/transacoes HTTP/1.0" 200 OK
api02-1  | INFO:     192.168.64.5:44230 - "POST /clientes/3/transacoes HTTP/1.0" 200 OK
api01-1  | INFO:     192.168.64.5:54552 - "POST /clientes/5/transacoes HTTP/1.0" 200 OK
api02-1  | INFO:     192.168.64.5:44244 - "POST /clientes/5/transacoes HTTP/1.0" 200 OK
api01-1  | INFO:     192.168.64.5:54556 - "POST /clientes/2/transacoes HTTP/1.0" 200 OK
api02-1  | INFO:     192.168.64.5:44254 - "POST /clientes/3/transacoes HTTP/1.0" 200 OK
api01-1  | INFO:     192.168.64.5:54558 - "POST /clientes/5/transacoes HTTP/1.0" 200 OK
api01-1  | INFO:     192.168.64.5:54572 - "GET /clientes/2/extrato HTTP/1.0" 200 OK
api02-1  | INFO:     192.168.64.5:44268 - "POST /clientes/3/transacoes HTTP/1.0" 200 OK
api02-1  | INFO:     192.168.64.5:44272 - "POST /clientes/4/transacoes HTTP/1.0" 200 OK
api01-1  | INFO:     192.168.64.5:54582 - "POST /clientes/1/transacoes HTTP/1.0" 200 OK
api02-1  | INFO:     192.168.64.5:44286 - "POST /clientes/3/transacoes HTTP/1.0" 200 OK
api01-1  | INFO:     192.168.64.5:54592 - "POST /clientes/4/transacoes HTTP/1.0" 200 OK
api02-1  | INFO:     192.168.64.5:44288 - "POST /clientes/1/transacoes HTTP/1.0" 200 OK
api01-1  | INFO:     192.168.64.5:54594 - "POST /clientes/1/transacoes HTTP/1.0" 200 OK
api02-1  | INFO:     192.168.64.5:44300 - "POST /clientes/3/transacoes HTTP/1.0" 200 OK
api01-1  | INFO:     192.168.64.5:54600 - "POST /clientes/3/transacoes HTTP/1.0" 200 OK
api01-1  | INFO:     192.168.64.5:54608 - "GET /clientes/1/extrato HTTP/1.0" 200 OK
api02-1  | INFO:     192.168.64.5:44306 - "POST /clientes/3/transacoes HTTP/1.0" 200 OK
api02-1  | INFO:     192.168.64.5:44322 - "POST /clientes/1/transacoes HTTP/1.0" 200 OK
api01-1  | INFO:     192.168.64.5:54618 - "POST /clientes/5/transacoes HTTP/1.0" 200 OK
api02-1  | INFO:     192.168.64.5:44332 - "POST /clientes/2/transacoes HTTP/1.0" 200 OK
api01-1  | INFO:     192.168.64.5:54622 - "POST /clientes/4/transacoes HTTP/1.0" 200 OK
api02-1  | INFO:     192.168.64.5:44334 - "POST /clientes/5/transacoes HTTP/1.0" 200 OK
api01-1  | INFO:     192.168.64.5:54624 - "POST /clientes/2/transacoes HTTP/1.0" 200 OK
api02-1  | INFO:     192.168.64.5:44340 - "POST /clientes/3/transacoes HTTP/1.0" 200 OK
api01-1  | INFO:     192.168.64.5:54626 - "GET /clientes/3/extrato HTTP/1.0" 200 OK
api02-1  | INFO:     192.168.64.5:44356 - "POST /clientes/5/transacoes HTTP/1.0" 200 OK
api01-1  | INFO:     192.168.64.5:54638 - "POST /clientes/5/transacoes HTTP/1.0" 200 OK
api02-1  | INFO:     192.168.64.5:44362 - "POST /clientes/4/transacoes HTTP/1.0" 200 OK
api01-1  | INFO:     192.168.64.5:54650 - "POST /clientes/1/transacoes HTTP/1.0" 200 OK
api02-1  | INFO:     192.168.64.5:44368 - "POST /clientes/5/transacoes HTTP/1.0" 200 OK
api01-1  | INFO:     192.168.64.5:54660 - "POST /clientes/5/transacoes HTTP/1.0" 200 OK
api02-1  | INFO:     192.168.64.5:44384 - "POST /clientes/2/transacoes HTTP/1.0" 200 OK
api01-1  | INFO:     192.168.64.5:54668 - "POST /clientes/2/transacoes HTTP/1.0" 200 OK
api02-1  | INFO:     192.168.64.5:44398 - "POST /clientes/2/transacoes HTTP/1.0" 200 OK
api01-1  | INFO:     192.168.64.5:54674 - "POST /clientes/4/transacoes HTTP/1.0" 200 OK
api02-1  | INFO:     192.168.64.5:44402 - "POST /clientes/2/transacoes HTTP/1.0" 200 OK
api01-1  | INFO:     192.168.64.5:54680 - "POST /clientes/5/transacoes HTTP/1.0" 200 OK
api02-1  | INFO:     192.168.64.5:44418 - "POST /clientes/5/transacoes HTTP/1.0" 200 OK
api01-1  | INFO:     192.168.64.5:54694 - "POST /clientes/1/transacoes HTTP/1.0" 200 OK
api02-1  | INFO:     192.168.64.5:44420 - "POST /clientes/1/transacoes HTTP/1.0" 200 OK
api01-1  | INFO:     192.168.64.5:54696 - "POST /clientes/2/transacoes HTTP/1.0" 200 OK
api02-1  | INFO:     192.168.64.5:44434 - "POST /clientes/5/transacoes HTTP/1.0" 200 OK
api01-1  | INFO:     192.168.64.5:54700 - "POST /clientes/2/transacoes HTTP/1.0" 200 OK
api02-1  | INFO:     192.168.64.5:44448 - "POST /clientes/1/transacoes HTTP/1.0" 200 OK
api01-1  | INFO:     192.168.64.5:54710 - "POST /clientes/5/transacoes HTTP/1.0" 200 OK
api01-1  | INFO:     192.168.64.5:54714 - "POST /clientes/5/transacoes HTTP/1.0" 200 OK
api02-1  | INFO:     192.168.64.5:44456 - "GET /clientes/1/extrato HTTP/1.0" 200 OK
api02-1  | INFO:     192.168.64.5:44468 - "POST /clientes/1/transacoes HTTP/1.0" 200 OK
api01-1  | INFO:     192.168.64.5:54720 - "POST /clientes/1/transacoes HTTP/1.0" 200 OK
api02-1  | INFO:     192.168.64.5:44476 - "POST /clientes/4/transacoes HTTP/1.0" 200 OK
api01-1  | INFO:     192.168.64.5:54722 - "POST /clientes/2/transacoes HTTP/1.0" 200 OK
api02-1  | INFO:     192.168.64.5:44478 - "POST /clientes/5/transacoes HTTP/1.0" 200 OK
api01-1  | INFO:     192.168.64.5:54730 - "POST /clientes/2/transacoes HTTP/1.0" 200 OK
api02-1  | INFO:     192.168.64.5:44484 - "POST /clientes/3/transacoes HTTP/1.0" 200 OK
api01-1  | INFO:     192.168.64.5:54732 - "POST /clientes/2/transacoes HTTP/1.0" 200 OK
api02-1  | INFO:     192.168.64.5:44496 - "POST /clientes/2/transacoes HTTP/1.0" 200 OK
api01-1  | INFO:     192.168.64.5:54742 - "POST /clientes/2/transacoes HTTP/1.0" 200 OK
api02-1  | INFO:     192.168.64.5:44510 - "POST /clientes/3/transacoes HTTP/1.0" 200 OK
api01-1  | INFO:     192.168.64.5:54756 - "GET /clientes/3/extrato HTTP/1.0" 200 OK
api02-1  | INFO:     192.168.64.5:44516 - "POST /clientes/3/transacoes HTTP/1.0" 200 OK
api01-1  | INFO:     192.168.64.5:54768 - "POST /clientes/2/transacoes HTTP/1.0" 200 OK
api02-1  | INFO:     192.168.64.5:44524 - "POST /clientes/1/transacoes HTTP/1.0" 200 OK
api01-1  | INFO:     192.168.64.5:54784 - "POST /clientes/1/transacoes HTTP/1.0" 200 OK
api02-1  | INFO:     192.168.64.5:44532 - "POST /clientes/2/transacoes HTTP/1.0" 200 OK
api01-1  | INFO:     192.168.64.5:54788 - "POST /clientes/1/transacoes HTTP/1.0" 200 OK
api02-1  | INFO:     192.168.64.5:44536 - "POST /clientes/1/transacoes HTTP/1.0" 200 OK
api01-1  | INFO:     192.168.64.5:54800 - "POST /clientes/1/transacoes HTTP/1.0" 200 OK
api02-1  | INFO:     192.168.64.5:44548 - "POST /clientes/3/transacoes HTTP/1.0" 200 OK
api01-1  | INFO:     192.168.64.5:54802 - "POST /clientes/2/transacoes HTTP/1.0" 200 OK
api02-1  | INFO:     192.168.64.5:44552 - "POST /clientes/5/transacoes HTTP/1.0" 200 OK
api02-1  | INFO:     192.168.64.5:44566 - "GET /clientes/3/extrato HTTP/1.0" 200 OK
api01-1  | INFO:     192.168.64.5:54818 - "POST /clientes/4/transacoes HTTP/1.0" 200 OK
api01-1  | INFO:     192.168.64.5:54826 - "POST /clientes/5/transacoes HTTP/1.0" 200 OK
api02-1  | INFO:     192.168.64.5:44572 - "POST /clientes/3/transacoes HTTP/1.0" 200 OK
api01-1  | INFO:     192.168.64.5:54832 - "POST /clientes/1/transacoes HTTP/1.0" 200 OK
api02-1  | INFO:     192.168.64.5:44580 - "POST /clientes/4/transacoes HTTP/1.0" 200 OK
api01-1  | INFO:     192.168.64.5:54834 - "POST /clientes/4/transacoes HTTP/1.0" 200 OK
api01-1  | INFO:     192.168.64.5:54844 - "POST /clientes/5/transacoes HTTP/1.0" 200 OK
api02-1  | INFO:     192.168.64.5:44590 - "POST /clientes/2/transacoes HTTP/1.0" 200 OK
api02-1  | INFO:     192.168.64.5:44604 - "POST /clientes/5/transacoes HTTP/1.0" 200 OK
api02-1  | INFO:     192.168.64.5:44606 - "POST /clientes/2/transacoes HTTP/1.0" 200 OK
api01-1  | INFO:     192.168.64.5:54850 - "POST /clientes/1/transacoes HTTP/1.0" 200 OK
api01-1  | INFO:     192.168.64.5:54858 - "POST /clientes/5/transacoes HTTP/1.0" 200 OK
api01-1  | INFO:     192.168.64.5:57740 - "POST /clientes/4/transacoes HTTP/1.0" 200 OK
api02-1  | INFO:     192.168.64.5:53840 - "GET /clientes/2/extrato HTTP/1.0" 200 OK
api02-1  | INFO:     192.168.64.5:53856 - "POST /clientes/3/transacoes HTTP/1.0" 200 OK
api01-1  | INFO:     192.168.64.5:57756 - "POST /clientes/5/transacoes HTTP/1.0" 200 OK
api01-1  | INFO:     192.168.64.5:57760 - "POST /clientes/1/transacoes HTTP/1.0" 200 OK
api02-1  | INFO:     192.168.64.5:53872 - "POST /clientes/2/transacoes HTTP/1.0" 200 OK
api02-1  | INFO:     192.168.64.5:53886 - "POST /clientes/4/transacoes HTTP/1.0" 200 OK
api02-1  | INFO:     192.168.64.5:53892 - "POST /clientes/4/transacoes HTTP/1.0" 200 OK
api01-1  | INFO:     192.168.64.5:57776 - "POST /clientes/1/transacoes HTTP/1.0" 200 OK
api01-1  | INFO:     192.168.64.5:57784 - "POST /clientes/1/transacoes HTTP/1.0" 200 OK
api02-1  | INFO:     192.168.64.5:53900 - "POST /clientes/5/transacoes HTTP/1.0" 200 OK
api01-1  | INFO:     192.168.64.5:57798 - "POST /clientes/5/transacoes HTTP/1.0" 200 OK
api02-1  | INFO:     192.168.64.5:53908 - "POST /clientes/3/transacoes HTTP/1.0" 200 OK
api02-1  | INFO:     192.168.64.5:53924 - "POST /clientes/4/transacoes HTTP/1.0" 200 OK
api01-1  | INFO:     192.168.64.5:57806 - "GET /clientes/4/extrato HTTP/1.0" 200 OK
api01-1  | INFO:     192.168.64.5:57810 - "POST /clientes/2/transacoes HTTP/1.0" 200 OK
api02-1  | INFO:     192.168.64.5:53928 - "POST /clientes/2/transacoes HTTP/1.0" 200 OK
api01-1  | INFO:     192.168.64.5:57820 - "POST /clientes/2/transacoes HTTP/1.0" 200 OK
api02-1  | INFO:     192.168.64.5:53938 - "POST /clientes/4/transacoes HTTP/1.0" 200 OK
api01-1  | INFO:     192.168.64.5:57830 - "POST /clientes/4/transacoes HTTP/1.0" 200 OK
api02-1  | INFO:     192.168.64.5:53950 - "POST /clientes/2/transacoes HTTP/1.0" 200 OK
api01-1  | INFO:     192.168.64.5:57846 - "POST /clientes/1/transacoes HTTP/1.0" 200 OK
api02-1  | INFO:     192.168.64.5:53958 - "POST /clientes/4/transacoes HTTP/1.0" 200 OK
api01-1  | INFO:     192.168.64.5:57848 - "POST /clientes/1/transacoes HTTP/1.0" 200 OK
api02-1  | INFO:     192.168.64.5:53968 - "POST /clientes/4/transacoes HTTP/1.0" 200 OK
api01-1  | INFO:     192.168.64.5:57862 - "POST /clientes/5/transacoes HTTP/1.0" 200 OK
api02-1  | INFO:     192.168.64.5:53970 - "POST /clientes/4/transacoes HTTP/1.0" 200 OK
api01-1  | INFO:     192.168.64.5:57874 - "POST /clientes/3/transacoes HTTP/1.0" 200 OK
api02-1  | INFO:     192.168.64.5:53986 - "POST /clientes/2/transacoes HTTP/1.0" 200 OK
api01-1  | INFO:     192.168.64.5:57890 - "POST /clientes/4/transacoes HTTP/1.0" 200 OK
api02-1  | INFO:     192.168.64.5:53988 - "POST /clientes/1/transacoes HTTP/1.0" 200 OK
api01-1  | INFO:     192.168.64.5:57902 - "POST /clientes/1/transacoes HTTP/1.0" 200 OK
api02-1  | INFO:     192.168.64.5:53994 - "POST /clientes/5/transacoes HTTP/1.0" 200 OK
api01-1  | INFO:     192.168.64.5:57908 - "POST /clientes/5/transacoes HTTP/1.0" 200 OK
api02-1  | INFO:     192.168.64.5:54006 - "POST /clientes/3/transacoes HTTP/1.0" 200 OK
api01-1  | INFO:     192.168.64.5:57922 - "POST /clientes/2/transacoes HTTP/1.0" 200 OK
api02-1  | INFO:     192.168.64.5:54022 - "POST /clientes/3/transacoes HTTP/1.0" 200 OK
api01-1  | INFO:     192.168.64.5:57924 - "POST /clientes/4/transacoes HTTP/1.0" 200 OK
api02-1  | INFO:     192.168.64.5:54030 - "POST /clientes/5/transacoes HTTP/1.0" 200 OK
api01-1  | INFO:     192.168.64.5:57938 - "POST /clientes/4/transacoes HTTP/1.0" 200 OK
api02-1  | INFO:     192.168.64.5:54040 - "POST /clientes/5/transacoes HTTP/1.0" 200 OK
api01-1  | INFO:     192.168.64.5:57950 - "POST /clientes/1/transacoes HTTP/1.0" 200 OK
api02-1  | INFO:     192.168.64.5:54054 - "POST /clientes/1/transacoes HTTP/1.0" 200 OK
api02-1  | INFO:     192.168.64.5:54060 - "POST /clientes/5/transacoes HTTP/1.0" 200 OK
api01-1  | INFO:     192.168.64.5:57958 - "GET /clientes/2/extrato HTTP/1.0" 200 OK
api01-1  | INFO:     192.168.64.5:57972 - "POST /clientes/1/transacoes HTTP/1.0" 200 OK
api02-1  | INFO:     192.168.64.5:54074 - "POST /clientes/3/transacoes HTTP/1.0" 200 OK
api02-1  | INFO:     192.168.64.5:54082 - "POST /clientes/3/transacoes HTTP/1.0" 200 OK
api01-1  | INFO:     192.168.64.5:57988 - "POST /clientes/4/transacoes HTTP/1.0" 200 OK
api01-1  | INFO:     192.168.64.5:57990 - "POST /clientes/4/transacoes HTTP/1.0" 200 OK
api02-1  | INFO:     192.168.64.5:54094 - "POST /clientes/2/transacoes HTTP/1.0" 200 OK
api01-1  | INFO:     192.168.64.5:58004 - "POST /clientes/5/transacoes HTTP/1.0" 200 OK
api02-1  | INFO:     192.168.64.5:54098 - "POST /clientes/5/transacoes HTTP/1.0" 200 OK
api02-1  | INFO:     192.168.64.5:54112 - "POST /clientes/5/transacoes HTTP/1.0" 200 OK
api01-1  | INFO:     192.168.64.5:58016 - "POST /clientes/2/transacoes HTTP/1.0" 200 OK
api01-1  | INFO:     192.168.64.5:58030 - "POST /clientes/2/transacoes HTTP/1.0" 200 OK
api01-1  | INFO:     192.168.64.5:58046 - "POST /clientes/1/transacoes HTTP/1.0" 200 OK
api02-1  | INFO:     192.168.64.5:54118 - "POST /clientes/3/transacoes HTTP/1.0" 200 OK
api02-1  | INFO:     192.168.64.5:54128 - "POST /clientes/2/transacoes HTTP/1.0" 200 OK
api02-1  | INFO:     192.168.64.5:54138 - "POST /clientes/4/transacoes HTTP/1.0" 200 OK
api01-1  | INFO:     192.168.64.5:58050 - "POST /clientes/2/transacoes HTTP/1.0" 200 OK
api01-1  | INFO:     192.168.64.5:58064 - "GET /clientes/3/extrato HTTP/1.0" 200 OK
api02-1  | INFO:     192.168.64.5:54154 - "POST /clientes/4/transacoes HTTP/1.0" 200 OK
api01-1  | INFO:     192.168.64.5:58072 - "POST /clientes/2/transacoes HTTP/1.0" 200 OK
api02-1  | INFO:     192.168.64.5:54160 - "POST /clientes/5/transacoes HTTP/1.0" 200 OK
api01-1  | INFO:     192.168.64.5:58086 - "POST /clientes/1/transacoes HTTP/1.0" 200 OK
api01-1  | INFO:     192.168.64.5:58092 - "POST /clientes/1/transacoes HTTP/1.0" 200 OK
api02-1  | INFO:     192.168.64.5:54170 - "POST /clientes/1/transacoes HTTP/1.0" 200 OK
api02-1  | INFO:     192.168.64.5:54180 - "POST /clientes/4/transacoes HTTP/1.0" 200 OK
api01-1  | INFO:     192.168.64.5:58106 - "POST /clientes/4/transacoes HTTP/1.0" 200 OK
api02-1  | INFO:     192.168.64.5:54184 - "POST /clientes/3/transacoes HTTP/1.0" 200 OK
api01-1  | INFO:     192.168.64.5:58122 - "POST /clientes/4/transacoes HTTP/1.0" 200 OK
api02-1  | INFO:     192.168.64.5:54192 - "POST /clientes/2/transacoes HTTP/1.0" 200 OK
api01-1  | INFO:     192.168.64.5:58124 - "POST /clientes/2/transacoes HTTP/1.0" 200 OK
api02-1  | INFO:     192.168.64.5:54198 - "POST /clientes/2/transacoes HTTP/1.0" 200 OK
api02-1  | INFO:     192.168.64.5:54202 - "GET /clientes/5/extrato HTTP/1.0" 200 OK
api01-1  | INFO:     192.168.64.5:58136 - "POST /clientes/1/transacoes HTTP/1.0" 200 OK
api01-1  | INFO:     192.168.64.5:58144 - "POST /clientes/1/transacoes HTTP/1.0" 200 OK
api02-1  | INFO:     192.168.64.5:54212 - "POST /clientes/3/transacoes HTTP/1.0" 200 OK
api01-1  | INFO:     192.168.64.5:58146 - "POST /clientes/2/transacoes HTTP/1.0" 200 OK
api02-1  | INFO:     192.168.64.5:54224 - "POST /clientes/2/transacoes HTTP/1.0" 200 OK
api01-1  | INFO:     192.168.64.5:58148 - "POST /clientes/2/transacoes HTTP/1.0" 200 OK
api02-1  | INFO:     192.168.64.5:54226 - "POST /clientes/3/transacoes HTTP/1.0" 200 OK
api01-1  | INFO:     192.168.64.5:58162 - "POST /clientes/4/transacoes HTTP/1.0" 200 OK
api02-1  | INFO:     192.168.64.5:54236 - "POST /clientes/2/transacoes HTTP/1.0" 200 OK
api01-1  | INFO:     192.168.64.5:58168 - "POST /clientes/3/transacoes HTTP/1.0" 200 OK
api02-1  | INFO:     192.168.64.5:54252 - "POST /clientes/4/transacoes HTTP/1.0" 200 OK
api01-1  | INFO:     192.168.64.5:58184 - "POST /clientes/2/transacoes HTTP/1.0" 200 OK
api02-1  | INFO:     192.168.64.5:54268 - "POST /clientes/5/transacoes HTTP/1.0" 200 OK
api01-1  | INFO:     192.168.64.5:58186 - "POST /clientes/5/transacoes HTTP/1.0" 200 OK
api02-1  | INFO:     192.168.64.5:54274 - "POST /clientes/2/transacoes HTTP/1.0" 200 OK
api01-1  | INFO:     192.168.64.5:58194 - "POST /clientes/4/transacoes HTTP/1.0" 200 OK
api02-1  | INFO:     192.168.64.5:54288 - "POST /clientes/5/transacoes HTTP/1.0" 200 OK
api02-1  | INFO:     192.168.64.5:54300 - "POST /clientes/3/transacoes HTTP/1.0" 200 OK
api01-1  | INFO:     192.168.64.5:58214 - "POST /clientes/2/transacoes HTTP/1.0" 422 Unprocessable Entity
api01-1  | INFO:     192.168.64.5:58198 - "GET /clientes/1/extrato HTTP/1.0" 200 OK
api02-1  | INFO:     192.168.64.5:54304 - "POST /clientes/2/transacoes HTTP/1.0" 422 Unprocessable Entity
api01-1  | INFO:     192.168.64.5:58222 - "POST /clientes/2/transacoes HTTP/1.0" 200 OK
api02-1  | INFO:     192.168.64.5:54318 - "POST /clientes/1/transacoes HTTP/1.0" 200 OK
api01-1  | INFO:     192.168.64.5:58236 - "POST /clientes/1/transacoes HTTP/1.0" 200 OK
api02-1  | INFO:     192.168.64.5:54326 - "POST /clientes/2/transacoes HTTP/1.0" 200 OK
api01-1  | INFO:     192.168.64.5:58252 - "POST /clientes/4/transacoes HTTP/1.0" 200 OK
api02-1  | INFO:     192.168.64.5:54336 - "POST /clientes/4/transacoes HTTP/1.0" 200 OK
api01-1  | INFO:     192.168.64.5:58264 - "POST /clientes/5/transacoes HTTP/1.0" 200 OK
api02-1  | INFO:     192.168.64.5:54344 - "POST /clientes/3/transacoes HTTP/1.0" 200 OK
api01-1  | INFO:     192.168.64.5:58268 - "POST /clientes/3/transacoes HTTP/1.0" 200 OK
api02-1  | INFO:     192.168.64.5:54352 - "POST /clientes/3/transacoes HTTP/1.0" 200 OK
api01-1  | INFO:     192.168.64.5:58274 - "POST /clientes/4/transacoes HTTP/1.0" 200 OK
api02-1  | INFO:     192.168.64.5:54362 - "POST /clientes/1/transacoes HTTP/1.0" 200 OK
api01-1  | INFO:     192.168.64.5:58276 - "POST /clientes/3/transacoes HTTP/1.0" 200 OK
api02-1  | INFO:     192.168.64.5:54378 - "POST /clientes/5/transacoes HTTP/1.0" 200 OK
api02-1  | INFO:     192.168.64.5:54382 - "POST /clientes/1/transacoes HTTP/1.0" 200 OK
api01-1  | INFO:     192.168.64.5:58286 - "POST /clientes/2/transacoes HTTP/1.0" 200 OK
api01-1  | INFO:     192.168.64.5:58280 - "GET /clientes/2/extrato HTTP/1.0" 200 OK
api02-1  | INFO:     192.168.64.5:54396 - "POST /clientes/4/transacoes HTTP/1.0" 200 OK
api01-1  | INFO:     192.168.64.5:58294 - "POST /clientes/4/transacoes HTTP/1.0" 200 OK
api02-1  | INFO:     192.168.64.5:54408 - "POST /clientes/3/transacoes HTTP/1.0" 200 OK
api01-1  | INFO:     192.168.64.5:58298 - "POST /clientes/1/transacoes HTTP/1.0" 200 OK
api01-1  | INFO:     192.168.64.5:58310 - "POST /clientes/2/transacoes HTTP/1.0" 200 OK
api02-1  | INFO:     192.168.64.5:54416 - "POST /clientes/4/transacoes HTTP/1.0" 200 OK
api02-1  | INFO:     192.168.64.5:54418 - "POST /clientes/3/transacoes HTTP/1.0" 200 OK
api01-1  | INFO:     192.168.64.5:58318 - "POST /clientes/5/transacoes HTTP/1.0" 200 OK
api02-1  | INFO:     192.168.64.5:54422 - "POST /clientes/5/transacoes HTTP/1.0" 200 OK
api01-1  | INFO:     192.168.64.5:58324 - "POST /clientes/4/transacoes HTTP/1.0" 200 OK
api02-1  | INFO:     192.168.64.5:54436 - "POST /clientes/2/transacoes HTTP/1.0" 200 OK
api01-1  | INFO:     192.168.64.5:58332 - "POST /clientes/4/transacoes HTTP/1.0" 200 OK
api02-1  | INFO:     192.168.64.5:54452 - "POST /clientes/4/transacoes HTTP/1.0" 200 OK
api01-1  | INFO:     192.168.64.5:58338 - "POST /clientes/5/transacoes HTTP/1.0" 200 OK
api02-1  | INFO:     192.168.64.5:54468 - "POST /clientes/4/transacoes HTTP/1.0" 200 OK
api01-1  | INFO:     192.168.64.5:58344 - "POST /clientes/1/transacoes HTTP/1.0" 200 OK
api01-1  | INFO:     192.168.64.5:58356 - "GET /clientes/2/extrato HTTP/1.0" 200 OK
api02-1  | INFO:     192.168.64.5:54476 - "POST /clientes/2/transacoes HTTP/1.0" 200 OK
api02-1  | INFO:     192.168.64.5:54488 - "POST /clientes/2/transacoes HTTP/1.0" 200 OK
api01-1  | INFO:     192.168.64.5:58358 - "POST /clientes/4/transacoes HTTP/1.0" 200 OK
api02-1  | INFO:     192.168.64.5:54490 - "POST /clientes/2/transacoes HTTP/1.0" 200 OK
api01-1  | INFO:     192.168.64.5:58364 - "POST /clientes/5/transacoes HTTP/1.0" 200 OK
api02-1  | INFO:     192.168.64.5:54496 - "POST /clientes/3/transacoes HTTP/1.0" 200 OK
api01-1  | INFO:     192.168.64.5:58376 - "POST /clientes/3/transacoes HTTP/1.0" 200 OK
api02-1  | INFO:     192.168.64.5:54498 - "POST /clientes/4/transacoes HTTP/1.0" 200 OK
api01-1  | INFO:     192.168.64.5:58382 - "POST /clientes/4/transacoes HTTP/1.0" 200 OK
api02-1  | INFO:     192.168.64.5:54500 - "POST /clientes/4/transacoes HTTP/1.0" 200 OK
api01-1  | INFO:     192.168.64.5:58396 - "POST /clientes/4/transacoes HTTP/1.0" 200 OK
