 api1 Pulling 
 api2 Pulling 
 c57ee5000d61 Already exists 
 62907001545e Pulling fs layer 
 9aedfdb7ec8c Pulling fs layer 
 81915ffe33a8 Pulling fs layer 
 fcd96bd15e51 Pulling fs layer 
 33f30d96e214 Pulling fs layer 
 a7cb8b31065d Pulling fs layer 
 4f4fb700ef54 Pulling fs layer 
 8190c74542bb Pulling fs layer 
 c90056a64177 Pulling fs layer 
 fcd96bd15e51 Waiting 
 33f30d96e214 Waiting 
 a7cb8b31065d Waiting 
 4f4fb700ef54 Waiting 
 c90056a64177 Waiting 
 8190c74542bb Waiting 
 c57ee5000d61 Already exists 
 62907001545e Pulling fs layer 
 9aedfdb7ec8c Pulling fs layer 
 81915ffe33a8 Pulling fs layer 
 fcd96bd15e51 Pulling fs layer 
 33f30d96e214 Pulling fs layer 
 a7cb8b31065d Pulling fs layer 
 4f4fb700ef54 Pulling fs layer 
 8190c74542bb Pulling fs layer 
 c90056a64177 Pulling fs layer 
 c90056a64177 Waiting 
 a7cb8b31065d Waiting 
 fcd96bd15e51 Waiting 
 33f30d96e214 Waiting 
 4f4fb700ef54 Waiting 
 8190c74542bb Waiting 
 81915ffe33a8 Downloading [>                                                  ]  27.38kB/2.673MB
 81915ffe33a8 Downloading [>                                                  ]  27.38kB/2.673MB
 81915ffe33a8 Verifying Checksum 
 81915ffe33a8 Download complete 
 81915ffe33a8 Verifying Checksum 
 81915ffe33a8 Download complete 
 9aedfdb7ec8c Downloading [>                                                  ]  407.9kB/40.54MB
 9aedfdb7ec8c Downloading [>                                                  ]  407.9kB/40.54MB
 9aedfdb7ec8c Downloading [===========>                                       ]  9.448MB/40.54MB
 9aedfdb7ec8c Downloading [===========>                                       ]  9.448MB/40.54MB
 62907001545e Downloading [==========>                                        ]     720B/3.36kB
 62907001545e Downloading [==================================================>]   3.36kB/3.36kB
 62907001545e Downloading [==========>                                        ]     720B/3.36kB
 62907001545e Downloading [==================================================>]   3.36kB/3.36kB
 62907001545e Verifying Checksum 
 62907001545e Download complete 
 62907001545e Verifying Checksum 
 62907001545e Extracting [==================================================>]   3.36kB/3.36kB
 62907001545e Download complete 
 62907001545e Extracting [==================================================>]   3.36kB/3.36kB
 62907001545e Extracting [==================================================>]   3.36kB/3.36kB
 62907001545e Extracting [==================================================>]   3.36kB/3.36kB
 62907001545e Pull complete 
 62907001545e Pull complete 
 9aedfdb7ec8c Downloading [======================>                            ]  18.08MB/40.54MB
 9aedfdb7ec8c Downloading [======================>                            ]  18.08MB/40.54MB
 9aedfdb7ec8c Downloading [================================>                  ]  26.68MB/40.54MB
 9aedfdb7ec8c Downloading [================================>                  ]  26.68MB/40.54MB
 9aedfdb7ec8c Downloading [===========================================>       ]  35.29MB/40.54MB
 9aedfdb7ec8c Downloading [===========================================>       ]  35.29MB/40.54MB
 9aedfdb7ec8c Verifying Checksum 
 9aedfdb7ec8c Download complete 
 9aedfdb7ec8c Download complete 
 9aedfdb7ec8c Extracting [>                                                  ]    426kB/40.54MB
 9aedfdb7ec8c Extracting [>                                                  ]    426kB/40.54MB
 fcd96bd15e51 Downloading [==================================================>]     452B/452B
 fcd96bd15e51 Downloading [==================================================>]     452B/452B
 fcd96bd15e51 Download complete 
 fcd96bd15e51 Verifying Checksum 
 fcd96bd15e51 Download complete 
 9aedfdb7ec8c Extracting [======>                                            ]  5.538MB/40.54MB
 9aedfdb7ec8c Extracting [======>                                            ]  5.538MB/40.54MB
 9aedfdb7ec8c Extracting [============>                                      ]  10.22MB/40.54MB
 9aedfdb7ec8c Extracting [============>                                      ]  10.22MB/40.54MB
 9aedfdb7ec8c Extracting [=================>                                 ]  14.06MB/40.54MB
 9aedfdb7ec8c Extracting [=================>                                 ]  14.06MB/40.54MB
 33f30d96e214 Downloading [==================================================>]     309B/309B
 33f30d96e214 Verifying Checksum 
 33f30d96e214 Download complete 
 33f30d96e214 Verifying Checksum 
 33f30d96e214 Download complete 
 9aedfdb7ec8c Extracting [=====================>                             ]  17.04MB/40.54MB
 9aedfdb7ec8c Extracting [=====================>                             ]  17.04MB/40.54MB
 4f4fb700ef54 Downloading [==================================================>]      32B/32B
 4f4fb700ef54 Verifying Checksum 
 4f4fb700ef54 Download complete 
 4f4fb700ef54 Verifying Checksum 
 4f4fb700ef54 Download complete 
 9aedfdb7ec8c Extracting [============================>                      ]     23MB/40.54MB
 9aedfdb7ec8c Extracting [============================>                      ]     23MB/40.54MB
 9aedfdb7ec8c Extracting [====================================>              ]  29.82MB/40.54MB
 9aedfdb7ec8c Extracting [====================================>              ]  29.82MB/40.54MB
 9aedfdb7ec8c Extracting [===========================================>       ]  34.93MB/40.54MB
 9aedfdb7ec8c Extracting [===========================================>       ]  34.93MB/40.54MB
 9aedfdb7ec8c Extracting [=============================================>     ]  37.06MB/40.54MB
 9aedfdb7ec8c Extracting [=============================================>     ]  37.06MB/40.54MB
 c90056a64177 Downloading [==============>                                    ]     733B/2.527kB
 c90056a64177 Download complete 
 c90056a64177 Downloading [==============>                                    ]     733B/2.527kB
 c90056a64177 Download complete 
 a7cb8b31065d Downloading [=>                                                 ]     732B/25.07kB
 a7cb8b31065d Downloading [==================================================>]  25.07kB/25.07kB
 a7cb8b31065d Verifying Checksum 
 a7cb8b31065d Download complete 
 a7cb8b31065d Downloading [=>                                                 ]     732B/25.07kB
 a7cb8b31065d Downloading [==================================================>]  25.07kB/25.07kB
 a7cb8b31065d Verifying Checksum 
 a7cb8b31065d Download complete 
 9aedfdb7ec8c Extracting [===============================================>   ]  38.34MB/40.54MB
 9aedfdb7ec8c Extracting [===============================================>   ]  38.34MB/40.54MB
 9aedfdb7ec8c Extracting [===============================================>   ]  38.76MB/40.54MB
 9aedfdb7ec8c Extracting [===============================================>   ]  38.76MB/40.54MB
 9aedfdb7ec8c Extracting [================================================>  ]  39.19MB/40.54MB
 8190c74542bb Downloading [>                                                  ]    488kB/47.82MB
 9aedfdb7ec8c Extracting [================================================>  ]  39.19MB/40.54MB
 8190c74542bb Downloading [>                                                  ]    488kB/47.82MB
 8190c74542bb Downloading [=>                                                 ]  979.5kB/47.82MB
 8190c74542bb Downloading [=>                                                 ]  979.5kB/47.82MB
 9aedfdb7ec8c Extracting [================================================>  ]  39.62MB/40.54MB
 9aedfdb7ec8c Extracting [================================================>  ]  39.62MB/40.54MB
 8190c74542bb Downloading [==>                                                ]  1.946MB/47.82MB
 8190c74542bb Downloading [==>                                                ]  1.946MB/47.82MB
 9aedfdb7ec8c Extracting [=================================================> ]  40.04MB/40.54MB
 9aedfdb7ec8c Extracting [=================================================> ]  40.04MB/40.54MB
 8190c74542bb Downloading [====>                                              ]  3.884MB/47.82MB
 8190c74542bb Downloading [====>                                              ]  3.884MB/47.82MB
 9aedfdb7ec8c Extracting [=================================================> ]  40.47MB/40.54MB
 9aedfdb7ec8c Extracting [=================================================> ]  40.47MB/40.54MB
 9aedfdb7ec8c Extracting [==================================================>]  40.54MB/40.54MB
 9aedfdb7ec8c Extracting [==================================================>]  40.54MB/40.54MB
 8190c74542bb Downloading [========>                                          ]  8.254MB/47.82MB
 8190c74542bb Downloading [========>                                          ]  8.254MB/47.82MB
 9aedfdb7ec8c Pull complete 
 9aedfdb7ec8c Pull complete 
 81915ffe33a8 Extracting [>                                                  ]  32.77kB/2.673MB
 81915ffe33a8 Extracting [>                                                  ]  32.77kB/2.673MB
 8190c74542bb Downloading [===============>                                   ]  14.59MB/47.82MB
 8190c74542bb Downloading [===============>                                   ]  14.59MB/47.82MB
 81915ffe33a8 Extracting [======================================>            ]  2.032MB/2.673MB
 81915ffe33a8 Extracting [======================================>            ]  2.032MB/2.673MB
 81915ffe33a8 Extracting [==================================================>]  2.673MB/2.673MB
 81915ffe33a8 Extracting [==================================================>]  2.673MB/2.673MB
 81915ffe33a8 Pull complete 
 81915ffe33a8 Pull complete 
 fcd96bd15e51 Extracting [==================================================>]     452B/452B
 fcd96bd15e51 Extracting [==================================================>]     452B/452B
 fcd96bd15e51 Extracting [==================================================>]     452B/452B
 fcd96bd15e51 Extracting [==================================================>]     452B/452B
 8190c74542bb Downloading [=====================>                             ]   20.9MB/47.82MB
 8190c74542bb Downloading [=====================>                             ]   20.9MB/47.82MB
 fcd96bd15e51 Pull complete 
 fcd96bd15e51 Pull complete 
 33f30d96e214 Extracting [==================================================>]     309B/309B
 33f30d96e214 Extracting [==================================================>]     309B/309B
 33f30d96e214 Extracting [==================================================>]     309B/309B
 33f30d96e214 Extracting [==================================================>]     309B/309B
 33f30d96e214 Pull complete 
 33f30d96e214 Pull complete 
 a7cb8b31065d Extracting [==================================================>]  25.07kB/25.07kB
 a7cb8b31065d Extracting [==================================================>]  25.07kB/25.07kB
 a7cb8b31065d Extracting [==================================================>]  25.07kB/25.07kB
 a7cb8b31065d Extracting [==================================================>]  25.07kB/25.07kB
 8190c74542bb Downloading [============================>                      ]  27.26MB/47.82MB
 8190c74542bb Downloading [============================>                      ]  27.26MB/47.82MB
 a7cb8b31065d Pull complete 
 a7cb8b31065d Pull complete 
 4f4fb700ef54 Extracting [==================================================>]      32B/32B
 4f4fb700ef54 Extracting [==================================================>]      32B/32B
 4f4fb700ef54 Extracting [==================================================>]      32B/32B
 4f4fb700ef54 Extracting [==================================================>]      32B/32B
 4f4fb700ef54 Pull complete 
 4f4fb700ef54 Pull complete 
 8190c74542bb Downloading [======================================>            ]  37.01MB/47.82MB
 8190c74542bb Downloading [======================================>            ]  37.01MB/47.82MB
 8190c74542bb Downloading [=================================================> ]  47.77MB/47.82MB
 8190c74542bb Downloading [=================================================> ]  47.77MB/47.82MB
 8190c74542bb Download complete 
 8190c74542bb Verifying Checksum 
 8190c74542bb Download complete 
 8190c74542bb Extracting [>                                                  ]  491.5kB/47.82MB
 8190c74542bb Extracting [>                                                  ]  491.5kB/47.82MB
 8190c74542bb Extracting [=======>                                           ]  6.881MB/47.82MB
 8190c74542bb Extracting [=======>                                           ]  6.881MB/47.82MB
 8190c74542bb Extracting [=============>                                     ]  12.78MB/47.82MB
 8190c74542bb Extracting [=============>                                     ]  12.78MB/47.82MB
 8190c74542bb Extracting [=================>                                 ]   17.2MB/47.82MB
 8190c74542bb Extracting [=================>                                 ]   17.2MB/47.82MB
 8190c74542bb Extracting [======================>                            ]  21.63MB/47.82MB
 8190c74542bb Extracting [======================>                            ]  21.63MB/47.82MB
 8190c74542bb Extracting [=========================>                         ]  24.58MB/47.82MB
 8190c74542bb Extracting [=========================>                         ]  24.58MB/47.82MB
 8190c74542bb Extracting [=============================>                     ]  28.02MB/47.82MB
 8190c74542bb Extracting [=============================>                     ]  28.02MB/47.82MB
 8190c74542bb Extracting [=================================>                 ]  32.44MB/47.82MB
 8190c74542bb Extracting [=================================>                 ]  32.44MB/47.82MB
 8190c74542bb Extracting [=======================================>           ]  37.85MB/47.82MB
 8190c74542bb Extracting [=======================================>           ]  37.85MB/47.82MB
 8190c74542bb Extracting [============================================>      ]  42.76MB/47.82MB
 8190c74542bb Extracting [============================================>      ]  42.76MB/47.82MB
 8190c74542bb Extracting [=================================================> ]  47.19MB/47.82MB
 8190c74542bb Extracting [=================================================> ]  47.19MB/47.82MB
 8190c74542bb Extracting [=================================================> ]  47.68MB/47.82MB
 8190c74542bb Extracting [=================================================> ]  47.68MB/47.82MB
 8190c74542bb Extracting [==================================================>]  47.82MB/47.82MB
 8190c74542bb Extracting [==================================================>]  47.82MB/47.82MB
 8190c74542bb Pull complete 
 8190c74542bb Pull complete 
 c90056a64177 Extracting [==================================================>]  2.527kB/2.527kB
 c90056a64177 Extracting [==================================================>]  2.527kB/2.527kB
 c90056a64177 Extracting [==================================================>]  2.527kB/2.527kB
 c90056a64177 Extracting [==================================================>]  2.527kB/2.527kB
 c90056a64177 Pull complete 
 c90056a64177 Pull complete 
 api2 Pulled 
 api1 Pulled 
 Network met4tron-nodejs_rinha-network  Creating
 Network met4tron-nodejs_rinha-network  Created
 Container met4tron-nodejs-db-1  Creating
 Container met4tron-nodejs-db-1  Created
 Container met4tron-nodejs-api1-1  Creating
 Container met4tron-nodejs-api2-1  Creating
 Container met4tron-nodejs-api2-1  Created
 Container met4tron-nodejs-api1-1  Created
 Container met4tron-nodejs-nginx-1  Creating
 Container met4tron-nodejs-nginx-1  Created
Attaching to api1-1, api2-1, db-1, nginx-1
db-1     | The files belonging to this database system will be owned by user "postgres".
db-1     | This user must also own the server process.
db-1     | 
db-1     | The database cluster will be initialized with locale "en_US.utf8".
db-1     | The default database encoding has accordingly been set to "UTF8".
db-1     | The default text search configuration will be set to "english".
db-1     | 
db-1     | Data page checksums are disabled.
db-1     | 
db-1     | fixing permissions on existing directory /var/lib/postgresql/data ... ok
db-1     | creating subdirectories ... ok
db-1     | selecting dynamic shared memory implementation ... posix
db-1     | selecting default max_connections ... 100
db-1     | selecting default shared_buffers ... 128MB
db-1     | selecting default time zone ... Etc/UTC
db-1     | creating configuration files ... ok
db-1     | running bootstrap script ... ok
db-1     | performing post-bootstrap initialization ... ok
nginx-1  | /docker-entrypoint.sh: /docker-entrypoint.d/ is not empty, will attempt to perform configuration
nginx-1  | /docker-entrypoint.sh: Looking for shell scripts in /docker-entrypoint.d/
nginx-1  | /docker-entrypoint.sh: Launching /docker-entrypoint.d/10-listen-on-ipv6-by-default.sh
nginx-1  | 10-listen-on-ipv6-by-default.sh: info: Getting the checksum of /etc/nginx/conf.d/default.conf
nginx-1  | 10-listen-on-ipv6-by-default.sh: info: Enabled listen on IPv6 in /etc/nginx/conf.d/default.conf
nginx-1  | /docker-entrypoint.sh: Sourcing /docker-entrypoint.d/15-local-resolvers.envsh
nginx-1  | /docker-entrypoint.sh: Launching /docker-entrypoint.d/20-envsubst-on-templates.sh
nginx-1  | /docker-entrypoint.sh: Launching /docker-entrypoint.d/30-tune-worker-processes.sh
nginx-1  | /docker-entrypoint.sh: Configuration complete; ready for start up
db-1     | syncing data to disk ... ok
db-1     | 
db-1     | 
db-1     | Success. You can now start the database server using:
db-1     | 
db-1     |     pg_ctl -D /var/lib/postgresql/data -l logfile start
db-1     | 
db-1     | initdb: warning: enabling "trust" authentication for local connections
db-1     | initdb: hint: You can change this by editing pg_hba.conf or using the option -A, or --auth-local and --auth-host, the next time you run initdb.
db-1     | waiting for server to start.... done
db-1     | server started
db-1     | CREATE DATABASE
db-1     | 
db-1     | 
db-1     | /usr/local/bin/docker-entrypoint.sh: running /docker-entrypoint-initdb.d/init.sql
db-1     | CREATE TABLE
db-1     | CREATE TABLE
db-1     | CREATE INDEX
db-1     | CREATE INDEX
db-1     | INSERT 0 5
db-1     | 
db-1     | 
db-1     | /usr/local/bin/docker-entrypoint.sh: ignoring /docker-entrypoint-initdb.d/postgresql.conf
db-1     | 
db-1     | waiting for server to shut down.... done
db-1     | server stopped
db-1     | 
db-1     | PostgreSQL init process complete; ready for start up.
db-1     | 
api1-1   | 
api1-1   | > rinha-backend-2024-q1-node@1.0.0 start /app
api1-1   | > node dist/index.js
api1-1   | 
api2-1   | 
api2-1   | > rinha-backend-2024-q1-node@1.0.0 start /app
api2-1   | > node dist/index.js
api2-1   | 
api1-1   | Webserver started on port 3000
api1-1   | Worker 19 started
api2-1   | Webserver started on port 3001
api2-1   | Worker 19 started
api1-1   | { valor: 1, descricao: 'toma', tipo: 'c', id_cliente: 1 }
api1-1   | { valor: 1, descricao: 'toma', tipo: 'c', id_cliente: 1 }
api2-1   | { valor: 1, descricao: 'devolve', tipo: 'd', id_cliente: 1 }
api2-1   | { valor: 1, descricao: 'devolve', tipo: 'd', id_cliente: 1 }
api2-1   | { valor: 8000, descricao: 'vVGPDyTyJT', tipo: 'd', id_cliente: 4 }
api2-1   | { valor: 8000, descricao: 'vVGPDyTyJT', tipo: 'd', id_cliente: 4 }
api1-1   | { valor: 239, descricao: 'v6r1rtdOnx', tipo: 'c', id_cliente: 5 }
api1-1   | { valor: 239, descricao: 'v6r1rtdOnx', tipo: 'c', id_cliente: 5 }
api2-1   | { valor: 7237, descricao: 'Um5MCqo9EF', tipo: 'd', id_cliente: 4 }
api2-1   | { valor: 7237, descricao: 'Um5MCqo9EF', tipo: 'd', id_cliente: 4 }
api1-1   | { valor: 313, descricao: 'QJa9DdRuF7', tipo: 'c', id_cliente: 3 }
api1-1   | { valor: 313, descricao: 'QJa9DdRuF7', tipo: 'c', id_cliente: 3 }
api2-1   | { valor: 4831, descricao: 'LUsB4WcbhM', tipo: 'd', id_cliente: 4 }
api2-1   | { valor: 4831, descricao: 'LUsB4WcbhM', tipo: 'd', id_cliente: 4 }
api2-1   | { valor: 6400, descricao: 'acsZO73bNh', tipo: 'd', id_cliente: 5 }
api1-1   | { valor: 9517, descricao: 'MPTU1eFEXW', tipo: 'c', id_cliente: 2 }
api1-1   | { valor: 9517, descricao: 'MPTU1eFEXW', tipo: 'c', id_cliente: 2 }
api2-1   | { valor: 6400, descricao: 'acsZO73bNh', tipo: 'd', id_cliente: 5 }
api2-1   | { valor: 3408, descricao: 'UcSBfPYnrh', tipo: 'd', id_cliente: 1 }
api2-1   | { valor: 3408, descricao: 'UcSBfPYnrh', tipo: 'd', id_cliente: 1 }
api2-1   | { valor: 7620, descricao: 'Sy38KS0l7J', tipo: 'c', id_cliente: 5 }
api2-1   | { valor: 7620, descricao: 'Sy38KS0l7J', tipo: 'c', id_cliente: 5 }
api1-1   | { valor: 5874, descricao: 'XHfPfQnAUK', tipo: 'd', id_cliente: 3 }
api1-1   | { valor: 5874, descricao: 'XHfPfQnAUK', tipo: 'd', id_cliente: 3 }
api1-1   | { valor: 9791, descricao: 'K2Lrktn2dj', tipo: 'd', id_cliente: 3 }
api1-1   | { valor: 9791, descricao: 'K2Lrktn2dj', tipo: 'd', id_cliente: 3 }
api2-1   | { valor: 7456, descricao: 'oPQjDgdG2u', tipo: 'c', id_cliente: 5 }
api2-1   | { valor: 7456, descricao: 'oPQjDgdG2u', tipo: 'c', id_cliente: 5 }
api1-1   | { valor: 2683, descricao: '4xCuFJ2i2g', tipo: 'd', id_cliente: 4 }
api1-1   | { valor: 2683, descricao: '4xCuFJ2i2g', tipo: 'd', id_cliente: 4 }
api2-1   | { valor: 3297, descricao: 'rd7ujX5Gy2', tipo: 'c', id_cliente: 3 }
api2-1   | { valor: 3297, descricao: 'rd7ujX5Gy2', tipo: 'c', id_cliente: 3 }
api1-1   | { valor: 2726, descricao: 'rndR97jfqJ', tipo: 'd', id_cliente: 2 }
api1-1   | { valor: 2726, descricao: 'rndR97jfqJ', tipo: 'd', id_cliente: 2 }
api1-1   | { valor: 4844, descricao: 'mOr05Mu7U6', tipo: 'd', id_cliente: 3 }
api1-1   | { valor: 4844, descricao: 'mOr05Mu7U6', tipo: 'd', id_cliente: 3 }
api2-1   | { valor: 6579, descricao: 'haxhbCPNEG', tipo: 'c', id_cliente: 5 }
api2-1   | { valor: 6579, descricao: 'haxhbCPNEG', tipo: 'c', id_cliente: 5 }
api1-1   | { valor: 4583, descricao: 'AiXluxwZYN', tipo: 'd', id_cliente: 2 }
api1-1   | { valor: 4583, descricao: 'AiXluxwZYN', tipo: 'd', id_cliente: 2 }
api2-1   | { valor: 8501, descricao: '2djJf7C8m7', tipo: 'c', id_cliente: 1 }
api2-1   | { valor: 8501, descricao: '2djJf7C8m7', tipo: 'c', id_cliente: 1 }
api1-1   | { valor: 3463, descricao: '8I7ylWeIFz', tipo: 'd', id_cliente: 4 }
api1-1   | { valor: 3463, descricao: '8I7ylWeIFz', tipo: 'd', id_cliente: 4 }
api1-1   | { valor: 9444, descricao: 'Mc3n9YaVHr', tipo: 'd', id_cliente: 4 }
api1-1   | { valor: 9444, descricao: 'Mc3n9YaVHr', tipo: 'd', id_cliente: 4 }
api2-1   | { valor: 6716, descricao: 'ovA3XhJFwv', tipo: 'c', id_cliente: 4 }
api2-1   | { valor: 6716, descricao: 'ovA3XhJFwv', tipo: 'c', id_cliente: 4 }
api1-1   | { valor: 4394, descricao: '0PM4CKpev4', tipo: 'd', id_cliente: 1 }
api1-1   | { valor: 4394, descricao: '0PM4CKpev4', tipo: 'd', id_cliente: 1 }
api2-1   | { valor: 1135, descricao: 'IVnWjvzJkO', tipo: 'd', id_cliente: 1 }
api2-1   | { valor: 1135, descricao: 'IVnWjvzJkO', tipo: 'd', id_cliente: 1 }
api2-1   | { valor: 443, descricao: 'ngp0IZDu2R', tipo: 'c', id_cliente: 4 }
api2-1   | { valor: 443, descricao: 'ngp0IZDu2R', tipo: 'c', id_cliente: 4 }
api1-1   | { valor: 7665, descricao: 'Gfb9kQxNNa', tipo: 'd', id_cliente: 4 }
api1-1   | { valor: 7665, descricao: 'Gfb9kQxNNa', tipo: 'd', id_cliente: 4 }
api2-1   | { valor: 3611, descricao: 'ErTTajT1CY', tipo: 'd', id_cliente: 2 }
api2-1   | { valor: 3611, descricao: 'ErTTajT1CY', tipo: 'd', id_cliente: 2 }
api1-1   | { valor: 7957, descricao: '2EwoCrWGfN', tipo: 'c', id_cliente: 4 }
api1-1   | { valor: 7957, descricao: '2EwoCrWGfN', tipo: 'c', id_cliente: 4 }
api2-1   | { valor: 2303, descricao: '7vRMR6zUEW', tipo: 'd', id_cliente: 4 }
api2-1   | { valor: 2303, descricao: '7vRMR6zUEW', tipo: 'd', id_cliente: 4 }
api2-1   | { valor: 5871, descricao: 'Hns7hHaOpI', tipo: 'd', id_cliente: 2 }
api2-1   | { valor: 5871, descricao: 'Hns7hHaOpI', tipo: 'd', id_cliente: 2 }
api1-1   | { valor: 8902, descricao: 'IEhRcakiLx', tipo: 'c', id_cliente: 4 }
api1-1   | { valor: 8902, descricao: 'IEhRcakiLx', tipo: 'c', id_cliente: 4 }
api2-1   | { valor: 8576, descricao: '6oOE2obBES', tipo: 'd', id_cliente: 2 }
api2-1   | { valor: 8576, descricao: '6oOE2obBES', tipo: 'd', id_cliente: 2 }
api1-1   | { valor: 8804, descricao: 'eXrsh7CqsN', tipo: 'c', id_cliente: 5 }
api1-1   | { valor: 8804, descricao: 'eXrsh7CqsN', tipo: 'c', id_cliente: 5 }
api2-1   | { valor: 2707, descricao: 'WcwyUzboYG', tipo: 'd', id_cliente: 4 }
api2-1   | { valor: 2707, descricao: 'WcwyUzboYG', tipo: 'd', id_cliente: 4 }
api1-1   | { valor: 567, descricao: 'ip0gfUMrjl', tipo: 'd', id_cliente: 1 }
api1-1   | { valor: 567, descricao: 'ip0gfUMrjl', tipo: 'd', id_cliente: 1 }
api2-1   | { valor: 9909, descricao: 'bk4w4uaNj6', tipo: 'c', id_cliente: 3 }
api2-1   | { valor: 9909, descricao: 'bk4w4uaNj6', tipo: 'c', id_cliente: 3 }
api1-1   | { valor: 8435, descricao: 'cfB81j3IOo', tipo: 'd', id_cliente: 1 }
api1-1   | { valor: 8435, descricao: 'cfB81j3IOo', tipo: 'd', id_cliente: 1 }
api2-1   | { valor: 5221, descricao: 'Y40W99uoQN', tipo: 'd', id_cliente: 2 }
api2-1   | { valor: 5221, descricao: 'Y40W99uoQN', tipo: 'd', id_cliente: 2 }
api1-1   | { valor: 1544, descricao: 'mUH5fJXLbI', tipo: 'c', id_cliente: 5 }
api1-1   | { valor: 1544, descricao: 'mUH5fJXLbI', tipo: 'c', id_cliente: 5 }
api2-1   | { valor: 5664, descricao: 'aZT7lqZ3Y4', tipo: 'd', id_cliente: 3 }
api2-1   | { valor: 5664, descricao: 'aZT7lqZ3Y4', tipo: 'd', id_cliente: 3 }
api2-1   | { valor: 3947, descricao: 'SGBTRgLBZx', tipo: 'd', id_cliente: 3 }
api2-1   | { valor: 3947, descricao: 'SGBTRgLBZx', tipo: 'd', id_cliente: 3 }
api1-1   | { valor: 9162, descricao: '1vRBhoc0gK', tipo: 'c', id_cliente: 2 }
api1-1   | { valor: 9162, descricao: '1vRBhoc0gK', tipo: 'c', id_cliente: 2 }
api1-1   | { valor: 4400, descricao: 'RknqQXRxOh', tipo: 'd', id_cliente: 4 }
api1-1   | { valor: 4400, descricao: 'RknqQXRxOh', tipo: 'd', id_cliente: 4 }
api1-1   | { valor: 3269, descricao: 'jad5GtBaQv', tipo: 'd', id_cliente: 1 }
api1-1   | { valor: 3269, descricao: 'jad5GtBaQv', tipo: 'd', id_cliente: 1 }
api1-1   | { valor: 5083, descricao: 'G8dRcxWX7S', tipo: 'c', id_cliente: 3 }
api1-1   | { valor: 5083, descricao: 'G8dRcxWX7S', tipo: 'c', id_cliente: 3 }
api2-1   | { valor: 9197, descricao: 'vca3je8Msr', tipo: 'd', id_cliente: 3 }
api2-1   | { valor: 9197, descricao: 'vca3je8Msr', tipo: 'd', id_cliente: 3 }
api1-1   | { valor: 6946, descricao: 'IEumNCCEg4', tipo: 'c', id_cliente: 5 }
api1-1   | { valor: 6946, descricao: 'IEumNCCEg4', tipo: 'c', id_cliente: 5 }
api2-1   | { valor: 6080, descricao: '35dLkeDErR', tipo: 'd', id_cliente: 3 }
api2-1   | { valor: 6080, descricao: '35dLkeDErR', tipo: 'd', id_cliente: 3 }
api1-1   | { valor: 7617, descricao: 'DsFlOXhC28', tipo: 'd', id_cliente: 3 }
api1-1   | { valor: 7617, descricao: 'DsFlOXhC28', tipo: 'd', id_cliente: 3 }
api2-1   | { valor: 3474, descricao: 'YQWj3hpFqY', tipo: 'c', id_cliente: 5 }
api2-1   | { valor: 3474, descricao: 'YQWj3hpFqY', tipo: 'c', id_cliente: 5 }
api1-1   | { valor: 9347, descricao: '71aHQoMo3B', tipo: 'd', id_cliente: 5 }
api1-1   | { valor: 9347, descricao: '71aHQoMo3B', tipo: 'd', id_cliente: 5 }
api2-1   | { valor: 1334, descricao: 'bm3XR2Nqd9', tipo: 'd', id_cliente: 2 }
api2-1   | { valor: 1334, descricao: 'bm3XR2Nqd9', tipo: 'd', id_cliente: 2 }
api2-1   | { valor: 2999, descricao: 'IM7Abi1xJ8', tipo: 'c', id_cliente: 5 }
api2-1   | { valor: 2999, descricao: 'IM7Abi1xJ8', tipo: 'c', id_cliente: 5 }
api1-1   | { valor: 6637, descricao: 'zGFcrCnunq', tipo: 'd', id_cliente: 3 }
api1-1   | { valor: 6637, descricao: 'zGFcrCnunq', tipo: 'd', id_cliente: 3 }
api1-1   | { valor: 1307, descricao: '0172CFQHb5', tipo: 'd', id_cliente: 2 }
api1-1   | { valor: 1307, descricao: '0172CFQHb5', tipo: 'd', id_cliente: 2 }
api2-1   | { valor: 2264, descricao: 'bFzRcDLv9y', tipo: 'c', id_cliente: 5 }
api2-1   | { valor: 2264, descricao: 'bFzRcDLv9y', tipo: 'c', id_cliente: 5 }
api1-1   | { valor: 8482, descricao: 'UJrtg8MOCa', tipo: 'd', id_cliente: 1 }
api1-1   | { valor: 8482, descricao: 'UJrtg8MOCa', tipo: 'd', id_cliente: 1 }
api2-1   | { valor: 269, descricao: '3oMztONzoA', tipo: 'd', id_cliente: 5 }
api2-1   | { valor: 269, descricao: '3oMztONzoA', tipo: 'd', id_cliente: 5 }
api1-1   | { valor: 9699, descricao: 'pToMJfYT9V', tipo: 'c', id_cliente: 2 }
api1-1   | { valor: 9699, descricao: 'pToMJfYT9V', tipo: 'c', id_cliente: 2 }
api2-1   | { valor: 1069, descricao: 'TzE7KirBZp', tipo: 'd', id_cliente: 2 }
api2-1   | { valor: 1069, descricao: 'TzE7KirBZp', tipo: 'd', id_cliente: 2 }
api1-1   | { valor: 4532, descricao: 'qKQKGE1zNK', tipo: 'c', id_cliente: 3 }
api1-1   | { valor: 4532, descricao: 'qKQKGE1zNK', tipo: 'c', id_cliente: 3 }
api2-1   | { valor: 6885, descricao: 'krRZNLkbTr', tipo: 'd', id_cliente: 1 }
api2-1   | { valor: 6885, descricao: 'krRZNLkbTr', tipo: 'd', id_cliente: 1 }
api1-1   | { valor: 2190, descricao: 'oxmP0Sm8mU', tipo: 'd', id_cliente: 2 }
api1-1   | { valor: 2190, descricao: 'oxmP0Sm8mU', tipo: 'd', id_cliente: 2 }
api2-1   | { valor: 3763, descricao: 'qfv9nAUnoN', tipo: 'c', id_cliente: 1 }
api2-1   | { valor: 3763, descricao: 'qfv9nAUnoN', tipo: 'c', id_cliente: 1 }
api1-1   | { valor: 9578, descricao: 'BIReuDkm7D', tipo: 'd', id_cliente: 2 }
api1-1   | { valor: 9578, descricao: 'BIReuDkm7D', tipo: 'd', id_cliente: 2 }
api2-1   | { valor: 1693, descricao: 'qFidLofb8v', tipo: 'd', id_cliente: 4 }
api2-1   | { valor: 1693, descricao: 'qFidLofb8v', tipo: 'd', id_cliente: 4 }
api1-1   | { valor: 8864, descricao: '2bxWpDsmmS', tipo: 'c', id_cliente: 4 }
api1-1   | { valor: 8864, descricao: '2bxWpDsmmS', tipo: 'c', id_cliente: 4 }
api2-1   | { valor: 5994, descricao: 'lsGzZob1TZ', tipo: 'd', id_cliente: 3 }
api2-1   | { valor: 5994, descricao: 'lsGzZob1TZ', tipo: 'd', id_cliente: 3 }
api1-1   | { valor: 1576, descricao: '3f9ZSi9ydR', tipo: 'd', id_cliente: 5 }
api1-1   | { valor: 1576, descricao: '3f9ZSi9ydR', tipo: 'd', id_cliente: 5 }
api2-1   | { valor: 1829, descricao: 'clxzrEAuX5', tipo: 'c', id_cliente: 2 }
api2-1   | { valor: 1829, descricao: 'clxzrEAuX5', tipo: 'c', id_cliente: 2 }
api1-1   | { valor: 1853, descricao: 'DArtjZ38BO', tipo: 'd', id_cliente: 2 }
api1-1   | { valor: 1853, descricao: 'DArtjZ38BO', tipo: 'd', id_cliente: 2 }
api2-1   | { valor: 4808, descricao: 'ZYFqjdRuam', tipo: 'd', id_cliente: 4 }
api2-1   | { valor: 4808, descricao: 'ZYFqjdRuam', tipo: 'd', id_cliente: 4 }
api1-1   | { valor: 9915, descricao: 'unM3QVBCaz', tipo: 'c', id_cliente: 5 }
api1-1   | { valor: 9915, descricao: 'unM3QVBCaz', tipo: 'c', id_cliente: 5 }
api2-1   | { valor: 1410, descricao: 'zpDtan6AHY', tipo: 'd', id_cliente: 1 }
api2-1   | { valor: 1410, descricao: 'zpDtan6AHY', tipo: 'd', id_cliente: 1 }
api1-1   | { valor: 3778, descricao: 'EhQFjj7cU0', tipo: 'd', id_cliente: 5 }
api1-1   | { valor: 3778, descricao: 'EhQFjj7cU0', tipo: 'd', id_cliente: 5 }
api2-1   | { valor: 7090, descricao: 'EknPXXmm5i', tipo: 'c', id_cliente: 1 }
api2-1   | { valor: 7090, descricao: 'EknPXXmm5i', tipo: 'c', id_cliente: 1 }
api1-1   | { valor: 5729, descricao: '6ZHZ0SmTyE', tipo: 'd', id_cliente: 5 }
api1-1   | { valor: 5729, descricao: '6ZHZ0SmTyE', tipo: 'd', id_cliente: 5 }
api2-1   | { valor: 6106, descricao: 'sMN1aKXJbb', tipo: 'd', id_cliente: 5 }
api2-1   | { valor: 6106, descricao: 'sMN1aKXJbb', tipo: 'd', id_cliente: 5 }
api1-1   | { valor: 6379, descricao: '6K2NRXpbk3', tipo: 'c', id_cliente: 1 }
api1-1   | { valor: 6379, descricao: '6K2NRXpbk3', tipo: 'c', id_cliente: 1 }
api2-1   | { valor: 2637, descricao: 'ipi8dWp2OD', tipo: 'd', id_cliente: 3 }
api2-1   | { valor: 2637, descricao: 'ipi8dWp2OD', tipo: 'd', id_cliente: 3 }
api1-1   | { valor: 5718, descricao: 'wkfNhihgTJ', tipo: 'c', id_cliente: 2 }
api1-1   | { valor: 5718, descricao: 'wkfNhihgTJ', tipo: 'c', id_cliente: 2 }
api2-1   | { valor: 5333, descricao: 'wZ3d0NBlhm', tipo: 'd', id_cliente: 2 }
api2-1   | { valor: 5333, descricao: 'wZ3d0NBlhm', tipo: 'd', id_cliente: 2 }
api2-1   | { valor: 3428, descricao: 'aXcmk8sXQJ', tipo: 'd', id_cliente: 2 }
api2-1   | { valor: 3428, descricao: 'aXcmk8sXQJ', tipo: 'd', id_cliente: 2 }
api1-1   | { valor: 7806, descricao: 'BrhRafSqPh', tipo: 'c', id_cliente: 2 }
api1-1   | { valor: 7806, descricao: 'BrhRafSqPh', tipo: 'c', id_cliente: 2 }
api2-1   | { valor: 5943, descricao: 'kI88NJ1EmZ', tipo: 'd', id_cliente: 5 }
api2-1   | { valor: 5943, descricao: 'kI88NJ1EmZ', tipo: 'd', id_cliente: 5 }
api1-1   | { valor: 4459, descricao: 'TBE8Qlesi2', tipo: 'd', id_cliente: 5 }
api1-1   | { valor: 4459, descricao: 'TBE8Qlesi2', tipo: 'd', id_cliente: 5 }
api2-1   | { valor: 1227, descricao: 'rXaC0h4pPp', tipo: 'c', id_cliente: 3 }
api2-1   | { valor: 1227, descricao: 'rXaC0h4pPp', tipo: 'c', id_cliente: 3 }
api1-1   | { valor: 8312, descricao: 'WEeEEzGY8n', tipo: 'd', id_cliente: 4 }
api1-1   | { valor: 8312, descricao: 'WEeEEzGY8n', tipo: 'd', id_cliente: 4 }
api2-1   | { valor: 5814, descricao: 'ZaazaPDoFh', tipo: 'd', id_cliente: 1 }
api2-1   | { valor: 5814, descricao: 'ZaazaPDoFh', tipo: 'd', id_cliente: 1 }
api1-1   | { valor: 1623, descricao: 'xGKUKgfdMO', tipo: 'c', id_cliente: 2 }
api1-1   | { valor: 1623, descricao: 'xGKUKgfdMO', tipo: 'c', id_cliente: 2 }
api2-1   | { valor: 3625, descricao: 'xu4TNwtDnT', tipo: 'd', id_cliente: 1 }
api2-1   | { valor: 3625, descricao: 'xu4TNwtDnT', tipo: 'd', id_cliente: 1 }
api1-1   | { valor: 4630, descricao: 'jN2Rv6Y0mr', tipo: 'd', id_cliente: 2 }
api1-1   | { valor: 4630, descricao: 'jN2Rv6Y0mr', tipo: 'd', id_cliente: 2 }
api2-1   | { valor: 8713, descricao: 'n6UDTbblIQ', tipo: 'c', id_cliente: 3 }
api2-1   | { valor: 8713, descricao: 'n6UDTbblIQ', tipo: 'c', id_cliente: 3 }
api1-1   | { valor: 6085, descricao: 'loFukKYazA', tipo: 'd', id_cliente: 4 }
api1-1   | { valor: 6085, descricao: 'loFukKYazA', tipo: 'd', id_cliente: 4 }
api2-1   | { valor: 2168, descricao: 'K8f5t5goLm', tipo: 'd', id_cliente: 4 }
api2-1   | { valor: 2168, descricao: 'K8f5t5goLm', tipo: 'd', id_cliente: 4 }
api1-1   | { valor: 9746, descricao: 'YuSMGOABGL', tipo: 'c', id_cliente: 1 }
api1-1   | { valor: 9746, descricao: 'YuSMGOABGL', tipo: 'c', id_cliente: 1 }
api2-1   | { valor: 9322, descricao: 'aCgJw9y6lp', tipo: 'd', id_cliente: 5 }
api2-1   | { valor: 9322, descricao: 'aCgJw9y6lp', tipo: 'd', id_cliente: 5 }
api1-1   | { valor: 5821, descricao: '9t53l5kk6a', tipo: 'd', id_cliente: 5 }
api1-1   | { valor: 5821, descricao: '9t53l5kk6a', tipo: 'd', id_cliente: 5 }
api1-1   | { valor: 3803, descricao: 'hNugiiaYft', tipo: 'c', id_cliente: 2 }
api1-1   | { valor: 3803, descricao: 'hNugiiaYft', tipo: 'c', id_cliente: 2 }
