 Network met4tron-nodejs_rinha-network  Creating
 Network met4tron-nodejs_rinha-network  Created
 Container met4tron-nodejs-db-1  Creating
 Container met4tron-nodejs-db-1  Created
 Container met4tron-nodejs-api1-1  Creating
 Container met4tron-nodejs-api2-1  Creating
 Container met4tron-nodejs-api1-1  Created
 Container met4tron-nodejs-api2-1  Created
 Container met4tron-nodejs-nginx-1  Creating
 Container met4tron-nodejs-nginx-1  Created
Attaching to api1-1, api2-1, db-1, nginx-1
db-1     | The files belonging to this database system will be owned by user "postgres".
db-1     | This user must also own the server process.
db-1     | 
db-1     | The database cluster will be initialized with locale "en_US.utf8".
db-1     | The default database encoding has accordingly been set to "UTF8".
db-1     | The default text search configuration will be set to "english".
db-1     | 
db-1     | Data page checksums are disabled.
db-1     | 
db-1     | fixing permissions on existing directory /var/lib/postgresql/data ... ok
db-1     | creating subdirectories ... ok
db-1     | selecting dynamic shared memory implementation ... posix
db-1     | selecting default max_connections ... 100
db-1     | selecting default shared_buffers ... 128MB
db-1     | selecting default time zone ... Etc/UTC
db-1     | creating configuration files ... ok
db-1     | running bootstrap script ... ok
nginx-1  | /docker-entrypoint.sh: /docker-entrypoint.d/ is not empty, will attempt to perform configuration
nginx-1  | /docker-entrypoint.sh: Looking for shell scripts in /docker-entrypoint.d/
nginx-1  | /docker-entrypoint.sh: Launching /docker-entrypoint.d/10-listen-on-ipv6-by-default.sh
db-1     | performing post-bootstrap initialization ... ok
nginx-1  | 10-listen-on-ipv6-by-default.sh: info: Getting the checksum of /etc/nginx/conf.d/default.conf
nginx-1  | 10-listen-on-ipv6-by-default.sh: info: Enabled listen on IPv6 in /etc/nginx/conf.d/default.conf
nginx-1  | /docker-entrypoint.sh: Sourcing /docker-entrypoint.d/15-local-resolvers.envsh
nginx-1  | /docker-entrypoint.sh: Launching /docker-entrypoint.d/20-envsubst-on-templates.sh
nginx-1  | /docker-entrypoint.sh: Launching /docker-entrypoint.d/30-tune-worker-processes.sh
nginx-1  | /docker-entrypoint.sh: Configuration complete; ready for start up
db-1     | syncing data to disk ... ok
db-1     | 
db-1     | 
db-1     | Success. You can now start the database server using:
db-1     | 
db-1     |     pg_ctl -D /var/lib/postgresql/data -l logfile start
db-1     | 
db-1     | initdb: warning: enabling "trust" authentication for local connections
db-1     | initdb: hint: You can change this by editing pg_hba.conf or using the option -A, or --auth-local and --auth-host, the next time you run initdb.
db-1     | waiting for server to start.... done
db-1     | server started
db-1     | CREATE DATABASE
db-1     | 
db-1     | 
db-1     | /usr/local/bin/docker-entrypoint.sh: running /docker-entrypoint-initdb.d/init.sql
db-1     | CREATE TABLE
db-1     | CREATE TABLE
db-1     | CREATE INDEX
db-1     | CREATE INDEX
db-1     | INSERT 0 5
db-1     | 
db-1     | 
db-1     | /usr/local/bin/docker-entrypoint.sh: ignoring /docker-entrypoint-initdb.d/postgresql.conf
db-1     | 
db-1     | waiting for server to shut down.... done
db-1     | server stopped
db-1     | 
db-1     | PostgreSQL init process complete; ready for start up.
db-1     | 
api2-1   | 
api2-1   | > rinha-backend-2024-q1-node@1.0.0 start /app
api2-1   | > node dist/index.js
api2-1   | 
api2-1   | Webserver started on port 3001
api2-1   | Worker 18 started
api1-1   | 
api1-1   | > rinha-backend-2024-q1-node@1.0.0 start /app
api1-1   | > node dist/index.js
api1-1   | 
api1-1   | Webserver started on port 3000
api1-1   | Worker 19 started
api1-1   | { valor: 1, descricao: 'validacao', tipo: 'd', id_cliente: 1 }
api2-1   | { valor: 1, descricao: 'validacao', tipo: 'd', id_cliente: 1 }
api2-1   | { valor: 1, descricao: 'validacao', tipo: 'd', id_cliente: 1 }
api2-1   | { valor: 1, descricao: 'validacao', tipo: 'd', id_cliente: 1 }
api2-1   | { valor: 1, descricao: 'validacao', tipo: 'd', id_cliente: 1 }
api1-1   | { valor: 1, descricao: 'validacao', tipo: 'd', id_cliente: 1 }
api1-1   | { valor: 1, descricao: 'validacao', tipo: 'd', id_cliente: 1 }
api1-1   | { valor: 1, descricao: 'validacao', tipo: 'd', id_cliente: 1 }
api2-1   | { valor: 1, descricao: 'validacao', tipo: 'd', id_cliente: 1 }
api2-1   | { valor: 1, descricao: 'validacao', tipo: 'd', id_cliente: 1 }
api2-1   | { valor: 1, descricao: 'validacao', tipo: 'd', id_cliente: 1 }
api2-1   | { valor: 1, descricao: 'validacao', tipo: 'd', id_cliente: 1 }
api2-1   | { valor: 1, descricao: 'validacao', tipo: 'd', id_cliente: 1 }
api2-1   | { valor: 1, descricao: 'validacao', tipo: 'd', id_cliente: 1 }
api2-1   | { valor: 1, descricao: 'validacao', tipo: 'd', id_cliente: 1 }
api2-1   | { valor: 1, descricao: 'validacao', tipo: 'd', id_cliente: 1 }
api2-1   | { valor: 1, descricao: 'validacao', tipo: 'd', id_cliente: 1 }
api2-1   | { valor: 1, descricao: 'validacao', tipo: 'd', id_cliente: 1 }
api2-1   | { valor: 1, descricao: 'validacao', tipo: 'd', id_cliente: 1 }
api2-1   | { valor: 1, descricao: 'validacao', tipo: 'd', id_cliente: 1 }
api2-1   | { valor: 1, descricao: 'validacao', tipo: 'd', id_cliente: 1 }
api2-1   | { valor: 1, descricao: 'validacao', tipo: 'd', id_cliente: 1 }
api2-1   | { valor: 1, descricao: 'validacao', tipo: 'd', id_cliente: 1 }
api2-1   | { valor: 1, descricao: 'validacao', tipo: 'd', id_cliente: 1 }
api2-1   | { valor: 1, descricao: 'validacao', tipo: 'd', id_cliente: 1 }
api2-1   | { valor: 1, descricao: 'validacao', tipo: 'd', id_cliente: 1 }
api2-1   | { valor: 1, descricao: 'validacao', tipo: 'd', id_cliente: 1 }
api2-1   | { valor: 1, descricao: 'validacao', tipo: 'd', id_cliente: 1 }
api2-1   | { valor: 1, descricao: 'validacao', tipo: 'c', id_cliente: 1 }
api2-1   | { valor: 1, descricao: 'validacao', tipo: 'c', id_cliente: 1 }
api2-1   | { valor: 1, descricao: 'validacao', tipo: 'c', id_cliente: 1 }
api2-1   | { valor: 1, descricao: 'validacao', tipo: 'c', id_cliente: 1 }
api1-1   | { valor: 1, descricao: 'validacao', tipo: 'c', id_cliente: 1 }
api1-1   | { valor: 1, descricao: 'validacao', tipo: 'c', id_cliente: 1 }
api2-1   | { valor: 1, descricao: 'validacao', tipo: 'c', id_cliente: 1 }
api2-1   | { valor: 1, descricao: 'validacao', tipo: 'c', id_cliente: 1 }
api2-1   | { valor: 1, descricao: 'validacao', tipo: 'c', id_cliente: 1 }
api2-1   | { valor: 1, descricao: 'validacao', tipo: 'c', id_cliente: 1 }
api2-1   | { valor: 1, descricao: 'validacao', tipo: 'c', id_cliente: 1 }
api2-1   | { valor: 1, descricao: 'validacao', tipo: 'c', id_cliente: 1 }
api2-1   | { valor: 1, descricao: 'validacao', tipo: 'c', id_cliente: 1 }
api2-1   | { valor: 1, descricao: 'validacao', tipo: 'c', id_cliente: 1 }
api2-1   | { valor: 1, descricao: 'validacao', tipo: 'c', id_cliente: 1 }
api2-1   | { valor: 1, descricao: 'validacao', tipo: 'c', id_cliente: 1 }
api2-1   | { valor: 1, descricao: 'validacao', tipo: 'c', id_cliente: 1 }
api2-1   | { valor: 1, descricao: 'validacao', tipo: 'c', id_cliente: 1 }
api1-1   | { valor: 1, descricao: 'validacao', tipo: 'c', id_cliente: 1 }
api1-1   | { valor: 1, descricao: 'validacao', tipo: 'c', id_cliente: 1 }
api1-1   | { valor: 1, descricao: 'validacao', tipo: 'c', id_cliente: 1 }
api1-1   | { valor: 1, descricao: 'validacao', tipo: 'c', id_cliente: 1 }
api1-1   | { valor: 1, descricao: 'validacao', tipo: 'c', id_cliente: 1 }
api1-1   | { valor: 1, descricao: 'validacao', tipo: 'c', id_cliente: 1 }
api2-1   | { valor: 1, descricao: 'validacao', tipo: 'c', id_cliente: 1 }
api2-1   | { valor: 1, descricao: 'validacao', tipo: 'c', id_cliente: 1 }
api2-1   | { valor: 1, descricao: 'validacao', tipo: 'c', id_cliente: 1 }
api2-1   | { valor: 1, descricao: 'validacao', tipo: 'c', id_cliente: 1 }
api2-1   | { valor: 1, descricao: 'validacao', tipo: 'c', id_cliente: 1 }
api2-1   | { valor: 1, descricao: 'validacao', tipo: 'c', id_cliente: 1 }
api2-1   | { valor: 1, descricao: 'validacao', tipo: 'c', id_cliente: 1 }
api2-1   | { valor: 1, descricao: 'validacao', tipo: 'c', id_cliente: 1 }
api2-1   | { valor: 1, descricao: 'validacao', tipo: 'c', id_cliente: 1 }
api2-1   | { valor: 1, descricao: 'validacao', tipo: 'c', id_cliente: 1 }
api2-1   | { valor: 1, descricao: 'validacao', tipo: 'c', id_cliente: 1 }
api2-1   | { valor: 1, descricao: 'validacao', tipo: 'c', id_cliente: 1 }
api2-1   | { valor: 1, descricao: 'validacao', tipo: 'c', id_cliente: 1 }
api2-1   | { valor: 1, descricao: 'validacao', tipo: 'c', id_cliente: 1 }
api2-1   | { valor: 1, descricao: 'validacao', tipo: 'c', id_cliente: 1 }
api2-1   | { valor: 1, descricao: 'validacao', tipo: 'c', id_cliente: 1 }
api1-1   | { valor: 1, descricao: 'validacao', tipo: 'c', id_cliente: 1 }
api1-1   | { valor: 1, descricao: 'validacao', tipo: 'c', id_cliente: 1 }
api1-1   | { valor: 1, descricao: 'validacao', tipo: 'c', id_cliente: 1 }
api1-1   | { valor: 1, descricao: 'validacao', tipo: 'c', id_cliente: 1 }
api1-1   | { valor: 1, descricao: 'validacao', tipo: 'c', id_cliente: 1 }
api1-1   | { valor: 1, descricao: 'validacao', tipo: 'c', id_cliente: 1 }
api2-1   | { valor: 1, descricao: 'toma', tipo: 'c', id_cliente: 4 }
api2-1   | { valor: 1, descricao: 'toma', tipo: 'c', id_cliente: 4 }
api2-1   | { valor: 1, descricao: 'toma', tipo: 'c', id_cliente: 5 }
api2-1   | { valor: 1, descricao: 'toma', tipo: 'c', id_cliente: 5 }
api1-1   | { valor: 1, descricao: 'toma', tipo: 'c', id_cliente: 3 }
api1-1   | { valor: 1, descricao: 'toma', tipo: 'c', id_cliente: 3 }
api1-1   | { valor: 1, descricao: 'toma', tipo: 'c', id_cliente: 2 }
api1-1   | { valor: 1, descricao: 'toma', tipo: 'c', id_cliente: 2 }
api1-1   | { valor: 1, descricao: 'toma', tipo: 'c', id_cliente: 1 }
api1-1   | { valor: 1, descricao: 'toma', tipo: 'c', id_cliente: 1 }
api2-1   | { valor: 1, descricao: 'devolve', tipo: 'd', id_cliente: 4 }
api1-1   | { valor: 1, descricao: 'devolve', tipo: 'd', id_cliente: 2 }
api1-1   | { valor: 1, descricao: 'devolve', tipo: 'd', id_cliente: 2 }
api2-1   | { valor: 1, descricao: 'devolve', tipo: 'd', id_cliente: 4 }
api2-1   | { valor: 1, descricao: 'devolve', tipo: 'd', id_cliente: 3 }
api2-1   | { valor: 1, descricao: 'devolve', tipo: 'd', id_cliente: 3 }
api1-1   | { valor: 1, descricao: 'devolve', tipo: 'd', id_cliente: 5 }
api1-1   | { valor: 1, descricao: 'devolve', tipo: 'd', id_cliente: 5 }
api2-1   | { valor: 1, descricao: 'devolve', tipo: 'd', id_cliente: 1 }
api2-1   | { valor: 1, descricao: 'devolve', tipo: 'd', id_cliente: 1 }
api2-1   | { valor: 9376, descricao: 'QkToLijE3d', tipo: 'c', id_cliente: 1 }
api2-1   | { valor: 9376, descricao: 'QkToLijE3d', tipo: 'c', id_cliente: 1 }
api2-1   | { valor: 1307, descricao: 'fKxXp3L26o', tipo: 'd', id_cliente: 3 }
api2-1   | { valor: 1307, descricao: 'fKxXp3L26o', tipo: 'd', id_cliente: 3 }
api1-1   | { valor: 7479, descricao: '8Xylh3eW1o', tipo: 'd', id_cliente: 2 }
api1-1   | { valor: 7479, descricao: '8Xylh3eW1o', tipo: 'd', id_cliente: 2 }
api2-1   | { valor: 5570, descricao: 'TgrjdBOhaD', tipo: 'c', id_cliente: 5 }
api2-1   | { valor: 5570, descricao: 'TgrjdBOhaD', tipo: 'c', id_cliente: 5 }
api1-1   | { valor: 2246, descricao: '7pXFKOpEtC', tipo: 'd', id_cliente: 5 }
api1-1   | { valor: 2246, descricao: '7pXFKOpEtC', tipo: 'd', id_cliente: 5 }
api2-1   | { valor: 683, descricao: 'cT8bbTflQh', tipo: 'd', id_cliente: 1 }
api2-1   | { valor: 683, descricao: 'cT8bbTflQh', tipo: 'd', id_cliente: 1 }
api1-1   | { valor: 2095, descricao: 'QnaAOhgryN', tipo: 'c', id_cliente: 5 }
api1-1   | { valor: 2095, descricao: 'QnaAOhgryN', tipo: 'c', id_cliente: 5 }
api1-1   | { valor: 1546, descricao: 'B2pJhr0hDv', tipo: 'd', id_cliente: 1 }
api1-1   | { valor: 1546, descricao: 'B2pJhr0hDv', tipo: 'd', id_cliente: 1 }
api1-1   | { valor: 2577, descricao: 'elYlcMRMup', tipo: 'c', id_cliente: 2 }
api1-1   | { valor: 2577, descricao: 'elYlcMRMup', tipo: 'c', id_cliente: 2 }
api2-1   | { valor: 2715, descricao: 'VdBJXITHog', tipo: 'd', id_cliente: 4 }
api2-1   | { valor: 2715, descricao: 'VdBJXITHog', tipo: 'd', id_cliente: 4 }
api2-1   | { valor: 8891, descricao: '5GvVcv0P1s', tipo: 'd', id_cliente: 5 }
api2-1   | { valor: 8891, descricao: '5GvVcv0P1s', tipo: 'd', id_cliente: 5 }
api1-1   | { valor: 4460, descricao: 'WDlCtd4hPL', tipo: 'c', id_cliente: 3 }
api1-1   | { valor: 4460, descricao: 'WDlCtd4hPL', tipo: 'c', id_cliente: 3 }
api2-1   | { valor: 7055, descricao: 'R5bYqAGX7A', tipo: 'd', id_cliente: 1 }
api2-1   | { valor: 7055, descricao: 'R5bYqAGX7A', tipo: 'd', id_cliente: 1 }
api1-1   | { valor: 3674, descricao: '7wCKmDF3mc', tipo: 'c', id_cliente: 3 }
api1-1   | { valor: 3674, descricao: '7wCKmDF3mc', tipo: 'c', id_cliente: 3 }
api2-1   | { valor: 6405, descricao: 'ElMfXnShJC', tipo: 'd', id_cliente: 2 }
api2-1   | { valor: 6405, descricao: 'ElMfXnShJC', tipo: 'd', id_cliente: 2 }
api1-1   | { valor: 4807, descricao: 'guPfOvMSIJ', tipo: 'd', id_cliente: 3 }
api1-1   | { valor: 4807, descricao: 'guPfOvMSIJ', tipo: 'd', id_cliente: 3 }
api2-1   | { valor: 7878, descricao: 'jWqWY7LBuV', tipo: 'c', id_cliente: 1 }
api2-1   | { valor: 7878, descricao: 'jWqWY7LBuV', tipo: 'c', id_cliente: 1 }
api1-1   | { valor: 6116, descricao: 'WgJFmZfzpB', tipo: 'd', id_cliente: 1 }
api1-1   | { valor: 6116, descricao: 'WgJFmZfzpB', tipo: 'd', id_cliente: 1 }
api1-1   | { valor: 8305, descricao: 'objOWX0dQn', tipo: 'd', id_cliente: 4 }
api1-1   | { valor: 8305, descricao: 'objOWX0dQn', tipo: 'd', id_cliente: 4 }
api2-1   | { valor: 7277, descricao: 'iULxM1PEMT', tipo: 'c', id_cliente: 1 }
api2-1   | { valor: 7277, descricao: 'iULxM1PEMT', tipo: 'c', id_cliente: 1 }
api2-1   | { valor: 9698, descricao: 'cmwbJsaSFh', tipo: 'd', id_cliente: 5 }
api2-1   | { valor: 9698, descricao: 'cmwbJsaSFh', tipo: 'd', id_cliente: 5 }
api1-1   | { valor: 2197, descricao: 'PadxJS0O2X', tipo: 'c', id_cliente: 4 }
api1-1   | { valor: 2197, descricao: 'PadxJS0O2X', tipo: 'c', id_cliente: 4 }
api2-1   | { valor: 7838, descricao: 'CtecMFF8t4', tipo: 'd', id_cliente: 1 }
api2-1   | { valor: 7838, descricao: 'CtecMFF8t4', tipo: 'd', id_cliente: 1 }
api1-1   | { valor: 2684, descricao: 'wDahgMVAZf', tipo: 'd', id_cliente: 1 }
api1-1   | { valor: 2684, descricao: 'wDahgMVAZf', tipo: 'd', id_cliente: 1 }
api2-1   | { valor: 6397, descricao: 'Kzyofj3ltZ', tipo: 'c', id_cliente: 5 }
api2-1   | { valor: 6397, descricao: 'Kzyofj3ltZ', tipo: 'c', id_cliente: 5 }
api1-1   | { valor: 1236, descricao: 'qVoI8kbSW1', tipo: 'd', id_cliente: 3 }
api1-1   | { valor: 1236, descricao: 'qVoI8kbSW1', tipo: 'd', id_cliente: 3 }
api2-1   | { valor: 478, descricao: '2yqueWFh2H', tipo: 'd', id_cliente: 2 }
api2-1   | { valor: 478, descricao: '2yqueWFh2H', tipo: 'd', id_cliente: 2 }
api1-1   | { valor: 1932, descricao: 'lX7Rt19dWt', tipo: 'c', id_cliente: 2 }
api1-1   | { valor: 1932, descricao: 'lX7Rt19dWt', tipo: 'c', id_cliente: 2 }
api2-1   | { valor: 1747, descricao: 'mxyO3SBsHk', tipo: 'd', id_cliente: 1 }
api2-1   | { valor: 1747, descricao: 'mxyO3SBsHk', tipo: 'd', id_cliente: 1 }
api2-1   | { valor: 1859, descricao: 'unTzF1s12a', tipo: 'd', id_cliente: 5 }
api2-1   | { valor: 1859, descricao: 'unTzF1s12a', tipo: 'd', id_cliente: 5 }
api1-1   | { valor: 7671, descricao: '03BwFydHpN', tipo: 'c', id_cliente: 3 }
api1-1   | { valor: 7671, descricao: '03BwFydHpN', tipo: 'c', id_cliente: 3 }
api2-1   | { valor: 2785, descricao: 'YadNz9xSnr', tipo: 'd', id_cliente: 2 }
api2-1   | { valor: 2785, descricao: 'YadNz9xSnr', tipo: 'd', id_cliente: 2 }
api1-1   | { valor: 3296, descricao: 'TTudDT8Isl', tipo: 'c', id_cliente: 5 }
api1-1   | { valor: 3296, descricao: 'TTudDT8Isl', tipo: 'c', id_cliente: 5 }
api2-1   | { valor: 4493, descricao: 'Ou32jYJUCO', tipo: 'd', id_cliente: 3 }
api2-1   | { valor: 4493, descricao: 'Ou32jYJUCO', tipo: 'd', id_cliente: 3 }
api1-1   | { valor: 576, descricao: 'ROrmJch02f', tipo: 'd', id_cliente: 1 }
api1-1   | { valor: 576, descricao: 'ROrmJch02f', tipo: 'd', id_cliente: 1 }
api2-1   | { valor: 4607, descricao: 'vWObSg5uKt', tipo: 'c', id_cliente: 5 }
api2-1   | { valor: 4607, descricao: 'vWObSg5uKt', tipo: 'c', id_cliente: 5 }
api1-1   | { valor: 3222, descricao: 'a4HCJD8U4r', tipo: 'd', id_cliente: 5 }
api1-1   | { valor: 3222, descricao: 'a4HCJD8U4r', tipo: 'd', id_cliente: 5 }
api2-1   | { valor: 4808, descricao: 'DE0fqGuUf1', tipo: 'd', id_cliente: 3 }
api2-1   | { valor: 4808, descricao: 'DE0fqGuUf1', tipo: 'd', id_cliente: 3 }
api1-1   | { valor: 3389, descricao: 'Buch2fz8oN', tipo: 'c', id_cliente: 2 }
api1-1   | { valor: 3389, descricao: 'Buch2fz8oN', tipo: 'c', id_cliente: 2 }
api2-1   | { valor: 3233, descricao: 'PwDtFrjryy', tipo: 'd', id_cliente: 2 }
api2-1   | { valor: 3233, descricao: 'PwDtFrjryy', tipo: 'd', id_cliente: 2 }
api1-1   | { valor: 2303, descricao: 'Evl6VM2Gcn', tipo: 'd', id_cliente: 1 }
api1-1   | { valor: 2303, descricao: 'Evl6VM2Gcn', tipo: 'd', id_cliente: 1 }
api2-1   | { valor: 3680, descricao: '0qhbzsCeAy', tipo: 'c', id_cliente: 1 }
api2-1   | { valor: 3680, descricao: '0qhbzsCeAy', tipo: 'c', id_cliente: 1 }
api1-1   | { valor: 7434, descricao: '87ggsJCsdC', tipo: 'd', id_cliente: 3 }
api1-1   | { valor: 7434, descricao: '87ggsJCsdC', tipo: 'd', id_cliente: 3 }
api2-1   | { valor: 6416, descricao: 'TfUsV5z174', tipo: 'd', id_cliente: 1 }
api2-1   | { valor: 6416, descricao: 'TfUsV5z174', tipo: 'd', id_cliente: 1 }
api1-1   | { valor: 7178, descricao: 'phGiCqMLkO', tipo: 'c', id_cliente: 1 }
api1-1   | { valor: 7178, descricao: 'phGiCqMLkO', tipo: 'c', id_cliente: 1 }
api2-1   | { valor: 8159, descricao: 'g0NWBTGKxT', tipo: 'd', id_cliente: 3 }
api2-1   | { valor: 8159, descricao: 'g0NWBTGKxT', tipo: 'd', id_cliente: 3 }
api1-1   | { valor: 8297, descricao: 'VOINwOuv2E', tipo: 'c', id_cliente: 1 }
api1-1   | { valor: 8297, descricao: 'VOINwOuv2E', tipo: 'c', id_cliente: 1 }
api2-1   | { valor: 2353, descricao: 'P8N9GgLgkw', tipo: 'd', id_cliente: 4 }
api2-1   | { valor: 2353, descricao: 'P8N9GgLgkw', tipo: 'd', id_cliente: 4 }
api1-1   | { valor: 3397, descricao: '27dkuxfnhw', tipo: 'd', id_cliente: 1 }
api1-1   | { valor: 3397, descricao: '27dkuxfnhw', tipo: 'd', id_cliente: 1 }
api2-1   | { valor: 395, descricao: 'OhvDQlQkYm', tipo: 'c', id_cliente: 4 }
api2-1   | { valor: 395, descricao: 'OhvDQlQkYm', tipo: 'c', id_cliente: 4 }
api1-1   | { valor: 3131, descricao: 'w60PoXE8z7', tipo: 'd', id_cliente: 2 }
api1-1   | { valor: 3131, descricao: 'w60PoXE8z7', tipo: 'd', id_cliente: 2 }
api2-1   | { valor: 99, descricao: '7ThcOrP2bw', tipo: 'd', id_cliente: 4 }
api2-1   | { valor: 99, descricao: '7ThcOrP2bw', tipo: 'd', id_cliente: 4 }
api1-1   | { valor: 2377, descricao: '2QqkFNbcCr', tipo: 'c', id_cliente: 4 }
api1-1   | { valor: 2377, descricao: '2QqkFNbcCr', tipo: 'c', id_cliente: 4 }
api2-1   | { valor: 9573, descricao: 'L1lzQQkRyz', tipo: 'd', id_cliente: 3 }
api2-1   | { valor: 9573, descricao: 'L1lzQQkRyz', tipo: 'd', id_cliente: 3 }
api1-1   | { valor: 8814, descricao: 'htLcUbDNQN', tipo: 'd', id_cliente: 2 }
api1-1   | { valor: 8814, descricao: 'htLcUbDNQN', tipo: 'd', id_cliente: 2 }
api2-1   | { valor: 5069, descricao: 'hbTsszsZnu', tipo: 'c', id_cliente: 3 }
api2-1   | { valor: 5069, descricao: 'hbTsszsZnu', tipo: 'c', id_cliente: 3 }
api1-1   | { valor: 7514, descricao: 'GDh63hsBTP', tipo: 'd', id_cliente: 5 }
api1-1   | { valor: 7514, descricao: 'GDh63hsBTP', tipo: 'd', id_cliente: 5 }
api2-1   | { valor: 1502, descricao: 'l2lEIFxAg7', tipo: 'd', id_cliente: 4 }
api2-1   | { valor: 1502, descricao: 'l2lEIFxAg7', tipo: 'd', id_cliente: 4 }
api1-1   | { valor: 1648, descricao: 'viIik2fgMn', tipo: 'c', id_cliente: 2 }
api1-1   | { valor: 1648, descricao: 'viIik2fgMn', tipo: 'c', id_cliente: 2 }
api1-1   | { valor: 7649, descricao: 'gcheDBQBNW', tipo: 'd', id_cliente: 1 }
api1-1   | { valor: 7649, descricao: 'gcheDBQBNW', tipo: 'd', id_cliente: 1 }
api2-1   | { valor: 5798, descricao: 'yHREByA0Hd', tipo: 'c', id_cliente: 3 }
api2-1   | { valor: 5798, descricao: 'yHREByA0Hd', tipo: 'c', id_cliente: 3 }
api1-1   | { valor: 4765, descricao: '4M7cbRfPhe', tipo: 'd', id_cliente: 2 }
api1-1   | { valor: 4765, descricao: '4M7cbRfPhe', tipo: 'd', id_cliente: 2 }
api2-1   | { valor: 4064, descricao: '54ba1UPgfZ', tipo: 'd', id_cliente: 1 }
api2-1   | { valor: 4064, descricao: '54ba1UPgfZ', tipo: 'd', id_cliente: 1 }
api1-1   | { valor: 4014, descricao: 'yNnKubGA8C', tipo: 'c', id_cliente: 1 }
api1-1   | { valor: 4014, descricao: 'yNnKubGA8C', tipo: 'c', id_cliente: 1 }
api2-1   | { valor: 5903, descricao: 'Rs7GOSw68f', tipo: 'd', id_cliente: 4 }
api2-1   | { valor: 5903, descricao: 'Rs7GOSw68f', tipo: 'd', id_cliente: 4 }
api1-1   | { valor: 6067, descricao: 'UafvYBEHZo', tipo: 'd', id_cliente: 3 }
api1-1   | { valor: 6067, descricao: 'UafvYBEHZo', tipo: 'd', id_cliente: 3 }
api2-1   | { valor: 6856, descricao: 'oO6wmB9OHo', tipo: 'c', id_cliente: 3 }
api2-1   | { valor: 6856, descricao: 'oO6wmB9OHo', tipo: 'c', id_cliente: 3 }
api1-1   | { valor: 6222, descricao: '01fnWfHLfn', tipo: 'd', id_cliente: 2 }
api1-1   | { valor: 6222, descricao: '01fnWfHLfn', tipo: 'd', id_cliente: 2 }
api2-1   | { valor: 7150, descricao: 'r7bHvb4LgP', tipo: 'd', id_cliente: 4 }
api2-1   | { valor: 7150, descricao: 'r7bHvb4LgP', tipo: 'd', id_cliente: 4 }
api1-1   | { valor: 8001, descricao: '4cGiZVN8Eu', tipo: 'c', id_cliente: 5 }
api1-1   | { valor: 8001, descricao: '4cGiZVN8Eu', tipo: 'c', id_cliente: 5 }
api2-1   | { valor: 7478, descricao: 'BMVZyG7Hhl', tipo: 'd', id_cliente: 5 }
api2-1   | { valor: 7478, descricao: 'BMVZyG7Hhl', tipo: 'd', id_cliente: 5 }
api1-1   | { valor: 3061, descricao: '5X5LwaUkg6', tipo: 'd', id_cliente: 4 }
api1-1   | { valor: 3061, descricao: '5X5LwaUkg6', tipo: 'd', id_cliente: 4 }
api2-1   | { valor: 7497, descricao: 'hYhcXynBmW', tipo: 'c', id_cliente: 2 }
api2-1   | { valor: 7497, descricao: 'hYhcXynBmW', tipo: 'c', id_cliente: 2 }
api1-1   | { valor: 5539, descricao: 'fyXoc7bSx5', tipo: 'd', id_cliente: 3 }
api1-1   | { valor: 5539, descricao: 'fyXoc7bSx5', tipo: 'd', id_cliente: 3 }
api2-1   | { valor: 5232, descricao: 'fwEFQtCCiq', tipo: 'd', id_cliente: 5 }
api2-1   | { valor: 5232, descricao: 'fwEFQtCCiq', tipo: 'd', id_cliente: 5 }
api1-1   | { valor: 1171, descricao: 'm00LTHVQOf', tipo: 'c', id_cliente: 4 }
api1-1   | { valor: 1171, descricao: 'm00LTHVQOf', tipo: 'c', id_cliente: 4 }
api2-1   | { valor: 2375, descricao: '6FmnVXLPzf', tipo: 'd', id_cliente: 3 }
api2-1   | { valor: 2375, descricao: '6FmnVXLPzf', tipo: 'd', id_cliente: 3 }
api1-1   | { valor: 4565, descricao: 'OI6CPR1ihy', tipo: 'd', id_cliente: 5 }
api1-1   | { valor: 4565, descricao: 'OI6CPR1ihy', tipo: 'd', id_cliente: 5 }
api2-1   | { valor: 7868, descricao: 'q6YgLd3zn1', tipo: 'c', id_cliente: 1 }
api2-1   | { valor: 7868, descricao: 'q6YgLd3zn1', tipo: 'c', id_cliente: 1 }
api1-1   | { valor: 6357, descricao: '87SJEDqqZb', tipo: 'd', id_cliente: 1 }
api1-1   | { valor: 6357, descricao: '87SJEDqqZb', tipo: 'd', id_cliente: 1 }
api1-1   | { valor: 781, descricao: 'ZvYoljyhrl', tipo: 'd', id_cliente: 3 }
api1-1   | { valor: 781, descricao: 'ZvYoljyhrl', tipo: 'd', id_cliente: 3 }
api1-1   | { valor: 3488, descricao: 'NwdADVY7AF', tipo: 'c', id_cliente: 1 }
api1-1   | { valor: 3488, descricao: 'NwdADVY7AF', tipo: 'c', id_cliente: 1 }
api2-1   | { valor: 1375, descricao: 'Nby5TlunW5', tipo: 'd', id_cliente: 5 }
api2-1   | { valor: 1375, descricao: 'Nby5TlunW5', tipo: 'd', id_cliente: 5 }
api1-1   | { valor: 9584, descricao: 'h7o1B6p0WQ', tipo: 'c', id_cliente: 1 }
api1-1   | { valor: 9584, descricao: 'h7o1B6p0WQ', tipo: 'c', id_cliente: 1 }
api2-1   | { valor: 255, descricao: 'ugGZRmsw9e', tipo: 'd', id_cliente: 1 }
api2-1   | { valor: 255, descricao: 'ugGZRmsw9e', tipo: 'd', id_cliente: 1 }
api1-1   | { valor: 4052, descricao: 'vOOOrqjOLX', tipo: 'd', id_cliente: 1 }
api1-1   | { valor: 4052, descricao: 'vOOOrqjOLX', tipo: 'd', id_cliente: 1 }
api2-1   | { valor: 3192, descricao: 'kEMizhpegE', tipo: 'c', id_cliente: 4 }
api2-1   | { valor: 3192, descricao: 'kEMizhpegE', tipo: 'c', id_cliente: 4 }
api1-1   | { valor: 4322, descricao: '3bdrQu7jIK', tipo: 'd', id_cliente: 3 }
api1-1   | { valor: 4322, descricao: '3bdrQu7jIK', tipo: 'd', id_cliente: 3 }
api2-1   | { valor: 2114, descricao: '1upb6idIpx', tipo: 'd', id_cliente: 5 }
api2-1   | { valor: 2114, descricao: '1upb6idIpx', tipo: 'd', id_cliente: 5 }
api1-1   | { valor: 8128, descricao: '8sHCssOlae', tipo: 'c', id_cliente: 3 }
api1-1   | { valor: 8128, descricao: '8sHCssOlae', tipo: 'c', id_cliente: 3 }
api2-1   | { valor: 2075, descricao: 'dEXtFdDFmk', tipo: 'd', id_cliente: 5 }
api2-1   | { valor: 2075, descricao: 'dEXtFdDFmk', tipo: 'd', id_cliente: 5 }
api1-1   | { valor: 536, descricao: 'PwMMmXMcQ5', tipo: 'd', id_cliente: 3 }
api1-1   | { valor: 536, descricao: 'PwMMmXMcQ5', tipo: 'd', id_cliente: 3 }
api1-1   | { valor: 5232, descricao: 'v2NNCYwIba', tipo: 'c', id_cliente: 3 }
api1-1   | { valor: 5232, descricao: 'v2NNCYwIba', tipo: 'c', id_cliente: 3 }
api1-1   | { valor: 9150, descricao: 'X6FhfQX3Qz', tipo: 'd', id_cliente: 2 }
api1-1   | { valor: 9150, descricao: 'X6FhfQX3Qz', tipo: 'd', id_cliente: 2 }
api2-1   | { valor: 1540, descricao: 'NON0pPGXH4', tipo: 'd', id_cliente: 2 }
api2-1   | { valor: 1540, descricao: 'NON0pPGXH4', tipo: 'd', id_cliente: 2 }
api1-1   | { valor: 5261, descricao: 'lBKIm2YbXd', tipo: 'c', id_cliente: 2 }
api1-1   | { valor: 5261, descricao: 'lBKIm2YbXd', tipo: 'c', id_cliente: 2 }
api1-1   | { valor: 9258, descricao: '2G9s4kToQK', tipo: 'd', id_cliente: 5 }
api1-1   | { valor: 9258, descricao: '2G9s4kToQK', tipo: 'd', id_cliente: 5 }
api2-1   | { valor: 1143, descricao: 'xTBpdvsXn9', tipo: 'd', id_cliente: 3 }
api2-1   | { valor: 1143, descricao: 'xTBpdvsXn9', tipo: 'd', id_cliente: 3 }
api1-1   | { valor: 9700, descricao: '5BonnrrZCZ', tipo: 'c', id_cliente: 5 }
api1-1   | { valor: 9700, descricao: '5BonnrrZCZ', tipo: 'c', id_cliente: 5 }
api2-1   | { valor: 7798, descricao: 'CYP9uWVhj6', tipo: 'd', id_cliente: 1 }
api2-1   | { valor: 7798, descricao: 'CYP9uWVhj6', tipo: 'd', id_cliente: 1 }
api1-1   | { valor: 8484, descricao: 'arlJnnqwq5', tipo: 'd', id_cliente: 1 }
api1-1   | { valor: 8484, descricao: 'arlJnnqwq5', tipo: 'd', id_cliente: 1 }
api2-1   | { valor: 1687, descricao: 'bWtEbf1o1N', tipo: 'c', id_cliente: 2 }
api2-1   | { valor: 1687, descricao: 'bWtEbf1o1N', tipo: 'c', id_cliente: 2 }
api1-1   | { valor: 8722, descricao: 'kxIXV2LQNk', tipo: 'd', id_cliente: 4 }
api1-1   | { valor: 8722, descricao: 'kxIXV2LQNk', tipo: 'd', id_cliente: 4 }
api2-1   | { valor: 3943, descricao: 'ymGQbG0ol2', tipo: 'd', id_cliente: 3 }
api2-1   | { valor: 3943, descricao: 'ymGQbG0ol2', tipo: 'd', id_cliente: 3 }
api2-1   | { valor: 8489, descricao: 'M8ChVp5fK1', tipo: 'c', id_cliente: 5 }
api2-1   | { valor: 8489, descricao: 'M8ChVp5fK1', tipo: 'c', id_cliente: 5 }
api1-1   | { valor: 4858, descricao: 'BYmN0Xg6m4', tipo: 'd', id_cliente: 3 }
api1-1   | { valor: 4858, descricao: 'BYmN0Xg6m4', tipo: 'd', id_cliente: 3 }
api2-1   | { valor: 591, descricao: 'jVySlGKCWu', tipo: 'd', id_cliente: 1 }
api2-1   | { valor: 591, descricao: 'jVySlGKCWu', tipo: 'd', id_cliente: 1 }
api1-1   | { valor: 322, descricao: 'cRmTpEvsJO', tipo: 'c', id_cliente: 4 }
api1-1   | { valor: 322, descricao: 'cRmTpEvsJO', tipo: 'c', id_cliente: 4 }
api1-1   | { valor: 5847, descricao: 'agtUFh2ur4', tipo: 'd', id_cliente: 2 }
api1-1   | { valor: 5847, descricao: 'agtUFh2ur4', tipo: 'd', id_cliente: 2 }
api2-1   | { valor: 7165, descricao: 'kwGIzUhaYH', tipo: 'c', id_cliente: 3 }
api2-1   | { valor: 7165, descricao: 'kwGIzUhaYH', tipo: 'c', id_cliente: 3 }
api2-1   | { valor: 4759, descricao: 'y0VyPIPvJT', tipo: 'd', id_cliente: 4 }
api2-1   | { valor: 4759, descricao: 'y0VyPIPvJT', tipo: 'd', id_cliente: 4 }
api1-1   | { valor: 9286, descricao: 'OvhtsjUCIR', tipo: 'd', id_cliente: 2 }
api1-1   | { valor: 9286, descricao: 'OvhtsjUCIR', tipo: 'd', id_cliente: 2 }
api2-1   | { valor: 1816, descricao: 'CXJtWsWs4X', tipo: 'c', id_cliente: 1 }
api1-1   | { valor: 4390, descricao: 'Sg2lCKZsRO', tipo: 'd', id_cliente: 1 }
api1-1   | { valor: 4390, descricao: 'Sg2lCKZsRO', tipo: 'd', id_cliente: 1 }
api2-1   | { valor: 1816, descricao: 'CXJtWsWs4X', tipo: 'c', id_cliente: 1 }
api1-1   | { valor: 5710, descricao: 'bQBTfKQPlT', tipo: 'd', id_cliente: 3 }
api1-1   | { valor: 5710, descricao: 'bQBTfKQPlT', tipo: 'd', id_cliente: 3 }
api2-1   | { valor: 9108, descricao: '9ZvNoNXiAg', tipo: 'c', id_cliente: 2 }
api2-1   | { valor: 9108, descricao: '9ZvNoNXiAg', tipo: 'c', id_cliente: 2 }
api2-1   | { valor: 9808, descricao: 'Oal69NHFH9', tipo: 'd', id_cliente: 2 }
api2-1   | { valor: 9808, descricao: 'Oal69NHFH9', tipo: 'd', id_cliente: 2 }
api1-1   | { valor: 8095, descricao: '4L7jySSCDb', tipo: 'd', id_cliente: 4 }
api1-1   | { valor: 8095, descricao: '4L7jySSCDb', tipo: 'd', id_cliente: 4 }
api2-1   | { valor: 6153, descricao: 'ltWyCf6HuH', tipo: 'c', id_cliente: 1 }
api1-1   | { valor: 8103, descricao: 'oLQVkHpLWR', tipo: 'd', id_cliente: 2 }
api2-1   | { valor: 6153, descricao: 'ltWyCf6HuH', tipo: 'c', id_cliente: 1 }
api1-1   | { valor: 8103, descricao: 'oLQVkHpLWR', tipo: 'd', id_cliente: 2 }
api1-1   | { valor: 6420, descricao: 'IrrpUWN1Mm', tipo: 'd', id_cliente: 5 }
api1-1   | { valor: 6420, descricao: 'IrrpUWN1Mm', tipo: 'd', id_cliente: 5 }
api2-1   | { valor: 8527, descricao: '8h0aezcTSx', tipo: 'c', id_cliente: 2 }
api2-1   | { valor: 8527, descricao: '8h0aezcTSx', tipo: 'c', id_cliente: 2 }
api2-1   | { valor: 806, descricao: '7NUgMNcpqS', tipo: 'd', id_cliente: 1 }
api2-1   | { valor: 806, descricao: '7NUgMNcpqS', tipo: 'd', id_cliente: 1 }
api1-1   | { valor: 1033, descricao: '8JwIJ6ymJu', tipo: 'd', id_cliente: 3 }
api1-1   | { valor: 1033, descricao: '8JwIJ6ymJu', tipo: 'd', id_cliente: 3 }
api2-1   | { valor: 2230, descricao: '9fIYBvm6ah', tipo: 'c', id_cliente: 1 }
api2-1   | { valor: 2230, descricao: '9fIYBvm6ah', tipo: 'c', id_cliente: 1 }
api1-1   | { valor: 722, descricao: 'hlJ61rX84q', tipo: 'd', id_cliente: 1 }
api1-1   | { valor: 722, descricao: 'hlJ61rX84q', tipo: 'd', id_cliente: 1 }
api1-1   | { valor: 2635, descricao: 'egxDRbIXqf', tipo: 'd', id_cliente: 4 }
api1-1   | { valor: 2635, descricao: 'egxDRbIXqf', tipo: 'd', id_cliente: 4 }
api1-1   | { valor: 1978, descricao: 'T46eQjcyHq', tipo: 'd', id_cliente: 1 }
api1-1   | { valor: 1978, descricao: 'T46eQjcyHq', tipo: 'd', id_cliente: 1 }
api1-1   | { valor: 556, descricao: '0A4MLbrSMu', tipo: 'c', id_cliente: 4 }
api1-1   | { valor: 556, descricao: '0A4MLbrSMu', tipo: 'c', id_cliente: 4 }
api1-1   | { valor: 1386, descricao: 'dot5Mdukim', tipo: 'd', id_cliente: 4 }
api1-1   | { valor: 1386, descricao: 'dot5Mdukim', tipo: 'd', id_cliente: 4 }
api2-1   | { valor: 2646, descricao: 'AZbrD8HlB6', tipo: 'c', id_cliente: 3 }
api2-1   | { valor: 2646, descricao: 'AZbrD8HlB6', tipo: 'c', id_cliente: 3 }
api1-1   | { valor: 6710, descricao: 'TcEU4XxfOO', tipo: 'd', id_cliente: 2 }
api1-1   | { valor: 6710, descricao: 'TcEU4XxfOO', tipo: 'd', id_cliente: 2 }
api2-1   | { valor: 6655, descricao: 'tQdO9SJpwH', tipo: 'd', id_cliente: 4 }
api2-1   | { valor: 6655, descricao: 'tQdO9SJpwH', tipo: 'd', id_cliente: 4 }
api1-1   | { valor: 8703, descricao: '9mB3mB07Br', tipo: 'c', id_cliente: 3 }
api1-1   | { valor: 8703, descricao: '9mB3mB07Br', tipo: 'c', id_cliente: 3 }
api2-1   | { valor: 4623, descricao: 'B4MV5AfFEJ', tipo: 'd', id_cliente: 3 }
api2-1   | { valor: 4623, descricao: 'B4MV5AfFEJ', tipo: 'd', id_cliente: 3 }
api2-1   | { valor: 7693, descricao: 'tJ6A5B7jQA', tipo: 'd', id_cliente: 5 }
api2-1   | { valor: 7693, descricao: 'tJ6A5B7jQA', tipo: 'd', id_cliente: 5 }
api1-1   | { valor: 5149, descricao: '5ClQO5s9Rg', tipo: 'c', id_cliente: 5 }
api1-1   | { valor: 5149, descricao: '5ClQO5s9Rg', tipo: 'c', id_cliente: 5 }
api2-1   | { valor: 9986, descricao: 'I1fayERWOd', tipo: 'd', id_cliente: 2 }
api2-1   | { valor: 9986, descricao: 'I1fayERWOd', tipo: 'd', id_cliente: 2 }
api1-1   | { valor: 4214, descricao: 'LgR2ZrvXII', tipo: 'd', id_cliente: 4 }
api1-1   | { valor: 4214, descricao: 'LgR2ZrvXII', tipo: 'd', id_cliente: 4 }
api2-1   | { valor: 683, descricao: 'QFtCDbFvPr', tipo: 'c', id_cliente: 1 }
api2-1   | { valor: 683, descricao: 'QFtCDbFvPr', tipo: 'c', id_cliente: 1 }
api1-1   | { valor: 1107, descricao: 'RdIlYPIotE', tipo: 'd', id_cliente: 4 }
api1-1   | { valor: 1107, descricao: 'RdIlYPIotE', tipo: 'd', id_cliente: 4 }
api2-1   | { valor: 4731, descricao: 'M57MfGFxL3', tipo: 'd', id_cliente: 4 }
api2-1   | { valor: 4731, descricao: 'M57MfGFxL3', tipo: 'd', id_cliente: 4 }
api1-1   | { valor: 8392, descricao: 'kptJnZbk2t', tipo: 'c', id_cliente: 2 }
api1-1   | { valor: 8392, descricao: 'kptJnZbk2t', tipo: 'c', id_cliente: 2 }
api2-1   | { valor: 4869, descricao: 'vXVp4pLVab', tipo: 'd', id_cliente: 2 }
api2-1   | { valor: 4869, descricao: 'vXVp4pLVab', tipo: 'd', id_cliente: 2 }
api1-1   | { valor: 3602, descricao: '9p27tQDXGm', tipo: 'd', id_cliente: 3 }
api1-1   | { valor: 3602, descricao: '9p27tQDXGm', tipo: 'd', id_cliente: 3 }
api2-1   | { valor: 3553, descricao: 'cOxLAEmcvr', tipo: 'c', id_cliente: 1 }
api2-1   | { valor: 3553, descricao: 'cOxLAEmcvr', tipo: 'c', id_cliente: 1 }
api2-1   | { valor: 7719, descricao: 'H9rcL8F05T', tipo: 'd', id_cliente: 4 }
api2-1   | { valor: 7719, descricao: 'H9rcL8F05T', tipo: 'd', id_cliente: 4 }
api1-1   | { valor: 7892, descricao: 'AvahfqAyPJ', tipo: 'd', id_cliente: 3 }
api1-1   | { valor: 7892, descricao: 'AvahfqAyPJ', tipo: 'd', id_cliente: 3 }
api2-1   | { valor: 6088, descricao: 'EDwvS0LdKB', tipo: 'c', id_cliente: 4 }
api2-1   | { valor: 6088, descricao: 'EDwvS0LdKB', tipo: 'c', id_cliente: 4 }
api1-1   | { valor: 1148, descricao: 'tBFF6R15iV', tipo: 'd', id_cliente: 3 }
api1-1   | { valor: 1148, descricao: 'tBFF6R15iV', tipo: 'd', id_cliente: 3 }
api2-1   | { valor: 2273, descricao: '4UkraqMnxP', tipo: 'd', id_cliente: 2 }
api2-1   | { valor: 2273, descricao: '4UkraqMnxP', tipo: 'd', id_cliente: 2 }
api1-1   | { valor: 9040, descricao: 'AAMTQpak4X', tipo: 'c', id_cliente: 5 }
api1-1   | { valor: 9040, descricao: 'AAMTQpak4X', tipo: 'c', id_cliente: 5 }
api2-1   | { valor: 3014, descricao: 'qndpTxcpsm', tipo: 'd', id_cliente: 5 }
api2-1   | { valor: 3014, descricao: 'qndpTxcpsm', tipo: 'd', id_cliente: 5 }
api1-1   | { valor: 8274, descricao: 'XomvG0OZnG', tipo: 'd', id_cliente: 5 }
api1-1   | { valor: 8274, descricao: 'XomvG0OZnG', tipo: 'd', id_cliente: 5 }
api2-1   | { valor: 9525, descricao: 'PRPostnywz', tipo: 'c', id_cliente: 4 }
api2-1   | { valor: 9525, descricao: 'PRPostnywz', tipo: 'c', id_cliente: 4 }
api1-1   | { valor: 2943, descricao: 'DcqTZ80PQL', tipo: 'd', id_cliente: 1 }
api1-1   | { valor: 2943, descricao: 'DcqTZ80PQL', tipo: 'd', id_cliente: 1 }
api1-1   | { valor: 2656, descricao: 'UBu7YpDUlG', tipo: 'd', id_cliente: 4 }
api1-1   | { valor: 2656, descricao: 'UBu7YpDUlG', tipo: 'd', id_cliente: 4 }
api2-1   | { valor: 8166, descricao: 'w00AOF2eBG', tipo: 'c', id_cliente: 4 }
api2-1   | { valor: 8166, descricao: 'w00AOF2eBG', tipo: 'c', id_cliente: 4 }
api1-1   | { valor: 8271, descricao: 'YJ33zHv2CC', tipo: 'd', id_cliente: 4 }
api1-1   | { valor: 8271, descricao: 'YJ33zHv2CC', tipo: 'd', id_cliente: 4 }
api2-1   | { valor: 7776, descricao: 'QdAVpcTz22', tipo: 'd', id_cliente: 1 }
api2-1   | { valor: 7776, descricao: 'QdAVpcTz22', tipo: 'd', id_cliente: 1 }
api1-1   | { valor: 6021, descricao: 'Mju6KTYX6A', tipo: 'c', id_cliente: 1 }
api1-1   | { valor: 6021, descricao: 'Mju6KTYX6A', tipo: 'c', id_cliente: 1 }
api1-1   | { valor: 8264, descricao: 'GQLXuRjXTE', tipo: 'd', id_cliente: 5 }
api1-1   | { valor: 8264, descricao: 'GQLXuRjXTE', tipo: 'd', id_cliente: 5 }
api2-1   | { valor: 2009, descricao: 'kO9otwf91f', tipo: 'c', id_cliente: 2 }
api2-1   | { valor: 2009, descricao: 'kO9otwf91f', tipo: 'c', id_cliente: 2 }
api2-1   | { valor: 4871, descricao: '2jQaI6K3Gw', tipo: 'd', id_cliente: 3 }
