 Network francoggm_default  Creating
 Network francoggm_default  Created
 Container francoggm-neo-1  Creating
 Container francoggm-neo-1  Created
 Container francoggm-api02-1  Creating
 Container francoggm-api01-1  Creating
 Container francoggm-api01-1  Created
 Container francoggm-api02-1  Created
 Container francoggm-nginx-1  Creating
 Container francoggm-nginx-1  Created
Attaching to api01-1, api02-1, neo-1, nginx-1
api02-1  | 2024/03/11 01:47:30 Error in conectivity=ConnectivityError: dial tcp 192.168.32.2:7687: connect: connection refused
api01-1  | 2024/03/11 01:47:30 Error in conectivity=ConnectivityError: dial tcp 192.168.32.2:7687: connect: connection refused
nginx-1  | /docker-entrypoint.sh: /docker-entrypoint.d/ is not empty, will attempt to perform configuration
nginx-1  | /docker-entrypoint.sh: Looking for shell scripts in /docker-entrypoint.d/
nginx-1  | /docker-entrypoint.sh: Launching /docker-entrypoint.d/10-listen-on-ipv6-by-default.sh
nginx-1  | 10-listen-on-ipv6-by-default.sh: info: Getting the checksum of /etc/nginx/conf.d/default.conf
nginx-1  | 10-listen-on-ipv6-by-default.sh: info: Enabled listen on IPv6 in /etc/nginx/conf.d/default.conf
nginx-1  | /docker-entrypoint.sh: Sourcing /docker-entrypoint.d/15-local-resolvers.envsh
nginx-1  | /docker-entrypoint.sh: Launching /docker-entrypoint.d/20-envsubst-on-templates.sh
nginx-1  | /docker-entrypoint.sh: Launching /docker-entrypoint.d/30-tune-worker-processes.sh
nginx-1  | /docker-entrypoint.sh: Configuration complete; ready for start up
nginx-1  | 2024/03/11 01:47:33 [error] 29#29: *1 connect() failed (111: Connection refused) while connecting to upstream, client: 192.168.32.1, server: , request: "GET /clientes/1/extrato HTTP/1.1", upstream: "http://192.168.32.4:8080/clientes/1/extrato", host: "localhost:9999"
nginx-1  | 2024/03/11 01:47:33 [error] 29#29: *1 connect() failed (111: Connection refused) while connecting to upstream, client: 192.168.32.1, server: , request: "GET /clientes/1/extrato HTTP/1.1", upstream: "http://192.168.32.3:8080/clientes/1/extrato", host: "localhost:9999"
nginx-1  | 2024/03/11 01:47:35 [error] 29#29: *4 no live upstreams while connecting to upstream, client: 192.168.32.1, server: , request: "GET /clientes/1/extrato HTTP/1.1", upstream: "http://api/clientes/1/extrato", host: "localhost:9999"
nginx-1  | 2024/03/11 01:47:37 [error] 29#29: *5 no live upstreams while connecting to upstream, client: 192.168.32.1, server: , request: "GET /clientes/1/extrato HTTP/1.1", upstream: "http://api/clientes/1/extrato", host: "localhost:9999"
neo-1    | Changed password for user 'neo4j'. IMPORTANT: this change will only take effect if performed before the database is started for the first time.
nginx-1  | 2024/03/11 01:47:39 [error] 29#29: *6 no live upstreams while connecting to upstream, client: 192.168.32.1, server: , request: "GET /clientes/1/extrato HTTP/1.1", upstream: "http://api/clientes/1/extrato", host: "localhost:9999"
api02-1  | 2024/03/11 01:47:40 Error in conectivity=ConnectivityError: dial tcp 192.168.32.2:7687: connect: connection refused
api01-1  | 2024/03/11 01:47:40 Error in conectivity=ConnectivityError: dial tcp 192.168.32.2:7687: connect: connection refused
nginx-1  | 2024/03/11 01:47:41 [error] 29#29: *7 no live upstreams while connecting to upstream, client: 192.168.32.1, server: , request: "GET /clientes/1/extrato HTTP/1.1", upstream: "http://api/clientes/1/extrato", host: "localhost:9999"
nginx-1  | 2024/03/11 01:47:43 [error] 29#29: *8 no live upstreams while connecting to upstream, client: 192.168.32.1, server: , request: "GET /clientes/1/extrato HTTP/1.1", upstream: "http://api/clientes/1/extrato", host: "localhost:9999"
nginx-1  | 2024/03/11 01:47:45 [error] 29#29: *9 connect() failed (111: Connection refused) while connecting to upstream, client: 192.168.32.1, server: , request: "GET /clientes/1/extrato HTTP/1.1", upstream: "http://192.168.32.3:8080/clientes/1/extrato", host: "localhost:9999"
nginx-1  | 2024/03/11 01:47:45 [error] 29#29: *9 connect() failed (111: Connection refused) while connecting to upstream, client: 192.168.32.1, server: , request: "GET /clientes/1/extrato HTTP/1.1", upstream: "http://192.168.32.4:8080/clientes/1/extrato", host: "localhost:9999"
nginx-1  | 2024/03/11 01:47:47 [error] 29#29: *12 no live upstreams while connecting to upstream, client: 192.168.32.1, server: , request: "GET /clientes/1/extrato HTTP/1.1", upstream: "http://api/clientes/1/extrato", host: "localhost:9999"
neo-1    | 2024-03-11 01:47:47.830+0000 INFO  Logging config in use: File '/var/lib/neo4j/conf/user-logs.xml'
neo-1    | 2024-03-11 01:47:47.927+0000 INFO  Starting...
api02-1  | 2024/03/11 01:47:49 Error in conectivity=ConnectivityError: dial tcp 192.168.32.2:7687: connect: connection refused
api01-1  | 2024/03/11 01:47:49 Error in conectivity=ConnectivityError: dial tcp 192.168.32.2:7687: connect: connection refused
nginx-1  | 2024/03/11 01:47:49 [error] 29#29: *13 no live upstreams while connecting to upstream, client: 192.168.32.1, server: , request: "GET /clientes/1/extrato HTTP/1.1", upstream: "http://api/clientes/1/extrato", host: "localhost:9999"
nginx-1  | 2024/03/11 01:47:51 [error] 29#29: *14 no live upstreams while connecting to upstream, client: 192.168.32.1, server: , request: "GET /clientes/1/extrato HTTP/1.1", upstream: "http://api/clientes/1/extrato", host: "localhost:9999"
neo-1    | 2024-03-11 01:47:51.917+0000 INFO  This instance is ServerId{734feb2a} (734feb2a-55a9-409a-a66f-bc5b2bfb5418)
nginx-1  | 2024/03/11 01:47:53 [error] 29#29: *15 no live upstreams while connecting to upstream, client: 192.168.32.1, server: , request: "GET /clientes/1/extrato HTTP/1.1", upstream: "http://api/clientes/1/extrato", host: "localhost:9999"
neo-1    | 2024-03-11 01:47:54.337+0000 INFO  ======== Neo4j 5.17.0 ========
nginx-1  | 2024/03/11 01:47:55 [error] 29#29: *16 no live upstreams while connecting to upstream, client: 192.168.32.1, server: , request: "GET /clientes/1/extrato HTTP/1.1", upstream: "http://api/clientes/1/extrato", host: "localhost:9999"
api02-1  | 2024/03/11 01:47:57 Error in conectivity=ConnectivityError: dial tcp 192.168.32.2:7687: connect: connection refused
api01-1  | 2024/03/11 01:47:57 Error in conectivity=ConnectivityError: dial tcp 192.168.32.2:7687: connect: connection refused
nginx-1  | 2024/03/11 01:47:57 [error] 29#29: *17 connect() failed (111: Connection refused) while connecting to upstream, client: 192.168.32.1, server: , request: "GET /clientes/1/extrato HTTP/1.1", upstream: "http://192.168.32.3:8080/clientes/1/extrato", host: "localhost:9999"
nginx-1  | 2024/03/11 01:47:57 [error] 29#29: *17 connect() failed (111: Connection refused) while connecting to upstream, client: 192.168.32.1, server: , request: "GET /clientes/1/extrato HTTP/1.1", upstream: "http://192.168.32.4:8080/clientes/1/extrato", host: "localhost:9999"
nginx-1  | 2024/03/11 01:47:59 [error] 29#29: *20 no live upstreams while connecting to upstream, client: 192.168.32.1, server: , request: "GET /clientes/1/extrato HTTP/1.1", upstream: "http://api/clientes/1/extrato", host: "localhost:9999"
neo-1    | 2024-03-11 01:48:01.226+0000 INFO  Bolt enabled on 0.0.0.0:7687.
nginx-1  | 2024/03/11 01:48:01 [error] 29#29: *21 no live upstreams while connecting to upstream, client: 192.168.32.1, server: , request: "GET /clientes/1/extrato HTTP/1.1", upstream: "http://api/clientes/1/extrato", host: "localhost:9999"
neo-1    | 2024-03-11 01:48:03.430+0000 INFO  HTTP enabled on 0.0.0.0:7474.
neo-1    | 2024-03-11 01:48:03.515+0000 INFO  Remote interface available at http://localhost:7474/
neo-1    | 2024-03-11 01:48:03.518+0000 INFO  id: 50330596FC1442A774B5BC02CD9FC8E510B6D19820D7A93520B16A54BD6DFAA5
neo-1    | 2024-03-11 01:48:03.519+0000 INFO  name: system
neo-1    | 2024-03-11 01:48:03.519+0000 INFO  creationDate: 2024-03-11T01:47:56.523Z
neo-1    | 2024-03-11 01:48:03.519+0000 INFO  Started.
nginx-1  | 2024/03/11 01:48:03 [error] 29#29: *22 no live upstreams while connecting to upstream, client: 192.168.32.1, server: , request: "GET /clientes/1/extrato HTTP/1.1", upstream: "http://api/clientes/1/extrato", host: "localhost:9999"
nginx-1  | 2024/03/11 01:48:05 [error] 29#29: *23 no live upstreams while connecting to upstream, client: 192.168.32.1, server: , request: "GET /clientes/1/extrato HTTP/1.1", upstream: "http://api/clientes/1/extrato", host: "localhost:9999"
nginx-1  | 2024/03/11 01:48:07 [error] 29#29: *24 no live upstreams while connecting to upstream, client: 192.168.32.1, server: , request: "GET /clientes/1/extrato HTTP/1.1", upstream: "http://api/clientes/1/extrato", host: "localhost:9999"
nginx-1  | 2024/03/11 01:48:09 [error] 29#29: *25 connect() failed (111: Connection refused) while connecting to upstream, client: 192.168.32.1, server: , request: "GET /clientes/1/extrato HTTP/1.1", upstream: "http://192.168.32.3:8080/clientes/1/extrato", host: "localhost:9999"
nginx-1  | 2024/03/11 01:48:09 [error] 29#29: *25 connect() failed (111: Connection refused) while connecting to upstream, client: 192.168.32.1, server: , request: "GET /clientes/1/extrato HTTP/1.1", upstream: "http://192.168.32.4:8080/clientes/1/extrato", host: "localhost:9999"
nginx-1  | 2024/03/11 01:48:11 [error] 29#29: *28 no live upstreams while connecting to upstream, client: 192.168.32.1, server: , request: "GET /clientes/1/extrato HTTP/1.1", upstream: "http://api/clientes/1/extrato", host: "localhost:9999"
nginx-1 exited with code 0
nginx-1 exited with code 0
api02-1 exited with code 0
api02-1 exited with code 2
api01-1 exited with code 0
api01-1 exited with code 2
neo-1    | 2024-03-11 01:48:15.544+0000 INFO  Neo4j Server shutdown initiated by request
neo-1    | 2024-03-11 01:48:15.544+0000 INFO  Stopping...
neo-1    | 2024-03-11 01:48:20.606+0000 INFO  Stopped.
neo-1 exited with code 0
